11-28 15:23:39.547 D/mdns    ( 4397): mDNS_Reconfirm_internal: 33205 ticks to go for   21 _services._dns-sd._udp.local. PTR _airplay._tcp.local. 00000000
11-28 15:23:39.547 D/mdns    ( 4397): mDNS_Reconfirm_internal: 33205 ticks to go for   12 “fengxiang”的\032iPod._device-info._tcp.local. TXT model=N78AP 00000000
11-28 15:23:39.547 D/mdns    ( 4397): mDNS_Reconfirm_internal: 33205 ticks to go for   30 客厅的小米盒子\032(6)._airkan._tcp.local. SRV 0 0 6088 milink-199422877.local. 00000000
11-28 15:23:39.547 D/mdns    ( 4397): mDNS_Reconfirm_internal: 33205 ticks to go for  126 客厅的小米盒子\032(6)._airkan._tcp.local. TXT photoport=6089¦scrnw=1920¦scrnh=1080¦protver=16777984¦prottext=Airkan Protocol Version 1.03¦pla 00000000
11-28 15:23:39.547 D/mdns    ( 4397): mDNS_Reconfirm_internal: 33205 ticks to go for   46 _airkan._tcp.local. PTR 客厅的小米盒子\032(4)._airkan._tcp.local. 00000000
11-28 15:23:39.547 D/mdns    ( 4397): mDNS_Reconfirm_internal: 33205 ticks to go for   32 _airkan._tcp.local. PTR hello\032mibox._airkan._tcp.local. 00000000
11-28 15:23:39.547 D/mdns    ( 4397): mDNS_Reconfirm_internal: 33205 ticks to go for   46 _airkan._tcp.local. PTR 客厅的小米盒子\032(7)._airkan._tcp.local. 00000000
11-28 15:23:39.547 D/mdns    ( 4397): mDNS_Reconfirm_internal: 33205 ticks to go for   46 _airkan._tcp.local. PTR 客厅的小米盒子\032(6)._airkan._tcp.local. 00000000
11-28 15:23:39.547 D/mdns    ( 4397): mDNS_Reconfirm_internal: 33205 ticks to go for   30 客厅的小米盒子\032(3)._airplay._tcp.local. SRV 0 0 7000 milink-254969319.local. 00000000
11-28 15:23:39.547 D/mdns    ( 4397): mDNS_Reconfirm_internal: 33205 ticks to go for   94 客厅的小米盒子\032(3)._airplay._tcp.local. TXT deviceid=10:48:b1:52:aa:81¦features=0x100029ff¦flags=0x4¦model=AppleTV3,1¦srcvers=150.33¦vv=1 00000000
11-28 15:23:39.547 D/mdns    ( 4397): mDNS_Reconfirm_internal: 33205 ticks to go for   30 1048b15135aa@客厅的小米盒子._raop._tcp.local. SRV 0 0 5000 milink-199855756.local. 00000000
11-28 15:23:39.547 D/mdns    ( 4397): mDNS_Reconfirm_internal: 33205 ticks to go for  176 1048b15135aa@客厅的小米盒子._raop._tcp.local. TXT tp=UDP¦sm=false¦sv=false¦ek=1¦et=0,3,5¦cn=0,1¦ch=2¦ss=16¦sr=44100¦pw=false¦vn=3¦txtve 00000000
11-28 15:23:39.547 D/mdns    ( 4397): mDNS_Reconfirm_internal: 33205 ticks to go for   17 5.4.5.A.3.0.E.F.F.F.E.0.D.6.2.0.0.0.0.0.0.0.0.0.0.0.0.0.0.8.E.F.ip6.arpa. PTR Android-2.local. 00000000
11-28 15:23:39.547 D/mdns    ( 4397): mDNS_Reconfirm_internal: 33205 ticks to go for   78 5.4.5.A.3.0.E.F.F.F.E.0.D.6.2.0.0.0.0.0.0.0.0.0.0.0.0.0.0.8.E.F.ip6.arpa. NSEC PTR  00000000
11-28 15:23:39.547 D/mdns    ( 4397): mDNS_Reconfirm_internal: 33205 ticks to go for   30 客厅的小米盒子\032(6)._airplay._tcp.local. SRV 0 0 7000 milink-184250014.local. 00000000
11-28 15:23:39.547 D/mdns    ( 4397): mDNS_Reconfirm_internal: 33205 ticks to go for   94 客厅的小米盒子\032(6)._airplay._tcp.local. TXT deviceid=10:48:b1:4f:69:32¦features=0x100029ff¦flags=0x4¦model=AppleTV3,1¦srcvers=150.33¦vv=1 00000000
11-28 15:23:39.547 D/mdns    ( 4397): mDNS_Reconfirm_internal: 33205 ticks to go for   30 hello\032mibox._airkan._tcp.local. SRV 0 0 6088 milink-185090187.local. 00000000
11-28 15:23:39.547 D/mdns    ( 4397): mDNS_Reconfirm_internal: 33205 ticks to go for  125 hello\032mibox._airkan._tcp.local. TXT photoport=6089¦scrnw=1280¦scrnh=720¦protver=16777984¦prottext=Airkan Protocol Version 1.03¦platform_id=205¦m 00000000
11-28 15:23:39.547 D/mdns    ( 4397): mDNS_Reconfirm_internal: 33205 ticks to go for   30 客厅的小米盒子\032(7)._airkan._tcp.local. SRV 0 0 6088 milink-184250014.local. 00000000
11-28 15:23:39.547 D/mdns    ( 4397): mDNS_Reconfirm_internal: 33205 ticks to go for  125 客厅的小米盒子\032(7)._airkan._tcp.local. TXT photoport=6089¦scrnw=1280¦scrnh=720¦protver=16777984¦prottext=Airkan Protocol Version 1.03¦plat 00000000
11-28 15:23:39.547 D/mdns    ( 4397): mDNS_Reconfirm_internal: 33205 ticks to go for   30 1048b118a129@hello\032mibox._raop._tcp.local. SRV 0 0 5000 milink-185090187.local. 00000000
11-28 15:23:39.547 D/mdns    ( 4397): mDNS_Reconfirm_internal: 33205 ticks to go for  176 1048b118a129@hello\032mibox._raop._tcp.local. TXT tp=UDP¦sm=false¦sv=false¦ek=1¦et=0,3,5¦cn=0,1¦ch=2¦ss=16¦sr=44100¦pw=false¦vn=3¦txtvers=1¦d 00000000
11-28 15:23:39.547 D/mdns    ( 4397): mDNS_Reconfirm_internal: 33205 ticks to go for    4 milink-200077498.local. Addr 172.16.13.187 00000000
11-28 15:23:39.547 D/mdns    ( 4397): mDNS_Reconfirm_internal: 33205 ticks to go for   30 1048b14f6932@客厅的小米盒子._raop._tcp.local. SRV 0 0 5000 milink-184250014.local. 00000000
11-28 15:23:39.547 D/mdns    ( 4397): mDNS_Reconfirm_internal: 33205 ticks to go for  176 1048b14f6932@客厅的小米盒子._raop._tcp.local. TXT tp=UDP¦sm=false¦sv=false¦ek=1¦et=0,3,5¦cn=0,1¦ch=2¦ss=16¦sr=44100¦pw=false¦vn=3¦txtve 00000000
11-28 15:23:39.547 D/mdns    ( 4397): mDNS_Reconfirm_internal: 33205 ticks to go for   30 qqwwee._rc._tcp.local. SRV 0 0 6091 milink-203107814.local. 00000000
11-28 15:23:39.547 D/mdns    ( 4397): mDNS_Reconfirm_internal: 33205 ticks to go for  230 qqwwee._rc._tcp.local. TXT protver=16777472¦prottext=Remote Controller Protocol Version 1.0.1.0¦platform_id=205¦scrnw=1280¦scrnh=720¦server_address= 00000000
11-28 15:23:39.547 I/mdns    ( 4397): mDNS_DeregisterInterface: Last representative of InterfaceID 412BA7A0 wlan0 (FE80:0000:0000:0000:026D:0EFF:FE03:A545) deregistered; marking questions etc. dormant
11-28 15:23:39.547 D/mdns    ( 4397): mDNS_Deregister_internal: Deleting record for   16 Android-2.local. AAAA FE80:0000:0000:0000:026D:0EFF:FE03:A545
11-28 15:23:39.547 I/mdns    ( 4397): mDNS_Deregister_internal: mStatus_MemFree for   16 Android-2.local. AAAA FE80:0000:0000:0000:026D:0EFF:FE03:A545
11-28 15:23:39.547 D/mdns    ( 4397): mDNS_HostNameCallback: Android-2.local. (AAAA) Unknown result (-65792)
11-28 15:23:39.547 D/mdns    ( 4397): mDNS_HostNameCallback: MemFree (ignored)
11-28 15:23:39.547 D/mdns    ( 4397): mDNS_Deregister_internal: Deleting record for   17 5.4.5.A.3.0.E.F.F.F.E.0.D.6.2.0.0.0.0.0.0.0.0.0.0.0.0.0.0.8.E.F.ip6.arpa. PTR Android-2.local.
11-28 15:23:39.547 I/mdns    ( 4397): mDNS_Deregister_internal: mStatus_MemFree for   17 5.4.5.A.3.0.E.F.F.F.E.0.D.6.2.0.0.0.0.0.0.0.0.0.0.0.0.0.0.8.E.F.ip6.arpa. PTR Android-2.local.
11-28 15:23:39.547 D/mdns    ( 4397): SetupInterfaceList
11-28 15:23:39.547 D/mdns    ( 4397): mDNS_Register_internal: Adding to active record list    4 Android-2.local. Addr 172.16.13.147
11-28 15:23:39.547 D/mdns    ( 4397): mDNS_Register_internal: Adding to active record list   17 147.13.16.172.in-addr.arpa. PTR Android-2.local.
11-28 15:23:39.547 D/mdns    ( 4397): Not creating HINFO record: platform support layer provided no information
11-28 15:23:39.547 I/mdns    ( 4397): mDNS_RegisterInterface: InterfaceID 412BABA8 wlan0 (172.16.13.147) not represented in list; marking active and retriggering queries
11-28 15:23:39.547 I/mdns    ( 4397): mDNS_RegisterInterface: wlan0 (172.16.13.147) probedelay 512
11-28 15:23:39.547 I/mdns    ( 4397): mDNS_RegisterInterface: Setting AnnounceOwner
11-28 15:23:39.547 I/mdns    ( 4397): RestartRecordGetZoneData: ResourceRecords
11-28 15:23:39.547 D/mdns    ( 4397): SetupOneInterface: wlan0 172.16.13.147 Registered
11-28 15:23:39.547 D/mdns    ( 4397): SetupOneInterface: wlan0 FE80:0000:0000:0000:026D:0EFF:FE03:A545 is an alias of 172.16.13.147
11-28 15:23:39.547 D/mdns    ( 4397): mDNS_Register_internal: Adding to active record list   16 Android-2.local. AAAA FE80:0000:0000:0000:026D:0EFF:FE03:A545
11-28 15:23:39.547 D/mdns    ( 4397): mDNS_Register_internal: Adding to active record list   17 5.4.5.A.3.0.E.F.F.F.E.0.D.6.2.0.0.0.0.0.0.0.0.0.0.0.0.0.0.8.E.F.ip6.arpa. PTR Android-2.local.
11-28 15:23:39.547 D/mdns    ( 4397): Not creating HINFO record: platform support layer provided no information
11-28 15:23:39.547 I/mdns    ( 4397): mDNS_RegisterInterface: InterfaceID 412BABA8 wlan0 (FE80:0000:0000:0000:026D:0EFF:FE03:A545) already represented in list; marking inactive for now
11-28 15:23:39.547 I/mdns    ( 4397): mDNS_RegisterInterface: wlan0 (FE80:0000:0000:0000:026D:0EFF:FE03:A545) probedelay 512
11-28 15:23:39.547 I/mdns    ( 4397): mDNS_RegisterInterface: Setting AnnounceOwner
11-28 15:23:39.547 I/mdns    ( 4397): RestartRecordGetZoneData: ResourceRecords
11-28 15:23:39.547 D/mdns    ( 4397): SetupOneInterface: wlan0 FE80:0000:0000:0000:026D:0EFF:FE03:A545 Registered
11-28 15:23:39.547 D/mdns    ( 4397): mDNS_Execute
11-28 15:23:39.547 D/mdns    ( 4397): m->NextCacheCheck    0 Slot   6 qqwwee._airplay._tcp.local.
11-28 15:23:39.547 D/mdns    ( 4397): CheckCacheExpiration: Deleting  61442       0 00000000   30 qqwwee._airplay._tcp.local. SRV 0 0 7000 milink-203107814.local.
11-28 15:23:39.547 D/mdns    ( 4397): CheckCacheExpiration: Deleting  61442       0 00000000   94 qqwwee._airplay._tcp.local. TXT deviceid=10:48:b1:28:22:20¦features=0x100029ff¦flags=0x4¦model=AppleTV3,1¦srcvers=150.33¦vv=1
11-28 15:23:39.547 D/mdns    ( 4397): CheckCacheExpiration: Updating CacheGroup tail from 400D7ED0 to 400D81D0
11-28 15:23:39.547 D/mdns    ( 4397): m->NextCacheCheck    1 Slot  35 006d0e03a545@MiniMax._raop._tcp.local.
11-28 15:23:39.547 D/mdns    ( 4397): CheckCacheExpiration: Deleting  61442       0 00000000  115 006d0e03a545@MiniMax._raop._tcp.local. TXT ch=2¦cn=0,1¦da=true¦ek=1¦et=0,1¦md=0,1,2¦pw=false¦sm=false¦sr=44100¦ss=16¦sv=false¦tp=UDP¦txtvers=
11-28 15:23:39.547 D/mdns    ( 4397): CheckCacheExpiration: Deleting  61442       0 00000000   23 006d0e03a545@MiniMax._raop._tcp.local. SRV 0 0 38431 Android-2.local.
11-28 15:23:39.547 D/mdns    ( 4397): CheckCacheExpiration: Deleting  61442       0 00000000   46 006d0e03a545@MiniMax._raop._tcp.local. NSEC TXT SRV 
11-28 15:23:39.547 D/mdns    ( 4397): CheckCacheExpiration: Updating CacheGroup tail from 400D9A20 to 400D4378
11-28 15:23:39.547 D/mdns    ( 4397): m->NextCacheCheck    2 Slot  58 _rc._tcp.local.
11-28 15:23:39.547 D/mdns    ( 4397): CheckCacheExpiration: Deleting  61442       0 00000000   23 _rc._tcp.local. PTR qqwwee._rc._tcp.local.
11-28 15:23:39.547 D/mdns    ( 4397): CheckCacheExpiration: Deleting  61442       0 00000000   42 _rc._tcp.local. PTR 客厅的小米盒子\032(7)._rc._tcp.local.
11-28 15:23:39.547 D/mdns    ( 4397): CheckCacheExpiration: Deleting  61442       0 00000000   42 _rc._tcp.local. PTR 客厅的小米盒子\032(4)._rc._tcp.local.
11-28 15:23:39.547 D/mdns    ( 4397): CheckCacheExpiration: Deleting  61442       0 00000000   28 _rc._tcp.local. PTR hello\032mibox._rc._tcp.local.
11-28 15:23:39.547 D/mdns    ( 4397): CheckCacheExpiration: Updating CacheGroup tail from 400D68D8 to 400D48D0
11-28 15:23:39.547 D/mdns    ( 4397): m->NextCacheCheck    3 Slot  69 客厅的小米盒子._airplay._tcp.local.
11-28 15:23:39.547 D/mdns    ( 4397): CheckCacheExpiration: Deleting  61442       0 00000000   30 客厅的小米盒子._airplay._tcp.local. SRV 0 0 7000 milink-199855756.local.
11-28 15:23:39.547 D/mdns    ( 4397): CheckCacheExpiration: Deleting  61442       0 00000000   94 客厅的小米盒子._airplay._tcp.local. TXT deviceid=10:48:b1:51:35:aa¦features=0x100029ff¦flags=0x4¦model=AppleTV3,1¦srcvers=150.33¦vv=1
11-28 15:23:39.547 D/mdns    ( 4397): CheckCacheExpiration: Updating CacheGroup tail from 400D55D8 to 400D74C0
11-28 15:23:39.547 D/mdns    ( 4397): m->NextCacheCheck    4 Slot  72 milink-199422877.local.
11-28 15:23:39.547 D/mdns    ( 4397): CheckCacheExpiration: Deleting  61442       0 00000000    4 milink-199422877.local. Addr 172.16.13.164
11-28 15:23:39.547 D/mdns    ( 4397): CheckCacheExpiration: Updating CacheGroup tail from 400D6678 to 400D2498
11-28 15:23:39.547 D/mdns    ( 4397): m->NextCacheCheck    5 Slot  76 147.13.16.172.in-addr.arpa.
11-28 15:23:39.547 D/mdns    ( 4397): CheckCacheExpiration: Deleting  61442       0 00000000   17 147.13.16.172.in-addr.arpa. PTR Android-2.local.
11-28 15:23:39.547 D/mdns    ( 4397): CheckCacheExpiration: Deleting  61442       0 00000000   32 147.13.16.172.in-addr.arpa. NSEC PTR 
11-28 15:23:39.547 D/mdns    ( 4397): CheckCacheExpiration: Updating CacheGroup tail from 400DABF0 to 400DA310
11-28 15:23:39.547 D/mdns    ( 4397): m->NextCacheCheck    6 Slot  79 hello\032mibox._rc._tcp.local.
11-28 15:23:39.547 D/mdns    ( 4397): CheckCacheExpiration: Deleting  61442       0 00000000   30 hello\032mibox._rc._tcp.local. SRV 0 0 6091 milink-185090187.local.
11-28 15:23:39.547 D/mdns    ( 4397): CheckCacheExpiration: Deleting  61442       0 00000000  158 hello\032mibox._rc._tcp.local. TXT protver=16777216¦prottext=Remote Controller Protocol Version 1.0¦platform_id=205¦scrnw=1280¦scrnh=720¦server_addr
11-28 15:23:39.547 D/mdns    ( 4397): CheckCacheExpiration: Updating CacheGroup tail from 400D6D00 to 400D58D8
11-28 15:23:39.547 D/mdns    ( 4397): m->NextCacheCheck    7 Slot  79 MiniMax._airplay._tcp.local.
11-28 15:23:39.547 D/mdns    ( 4397): CheckCacheExpiration: Deleting  61442       0 00000000   75 MiniMax._airplay._tcp.local. TXT deviceid=00:6d:0e:03:a5:45¦features=0x2077¦model=AppleTV2,1¦srcvers=101.28
11-28 15:23:39.547 D/mdns    ( 4397): CheckCacheExpiration: Deleting  61442       0 00000000   23 MiniMax._airplay._tcp.local. SRV 0 0 38421 Android-2.local.
11-28 15:23:39.547 D/mdns    ( 4397): CheckCacheExpiration: Deleting  61442       0 00000000   36 MiniMax._airplay._tcp.local. NSEC TXT SRV 
11-28 15:23:39.547 D/mdns    ( 4397): CheckCacheExpiration: Updating CacheGroup tail from 400D6970 to 400D2530
11-28 15:23:39.547 D/mdns    ( 4397): m->NextCacheCheck    8 Slot 126 客厅的小米盒子\032(4)._rc._tcp.local.
11-28 15:23:39.547 D/mdns    ( 4397): CheckCacheExpiration: Deleting  61442       0 00000000   30 客厅的小米盒子\032(4)._rc._tcp.local. SRV 0 0 6091 milink-199855756.local.
11-28 15:23:39.547 D/mdns    ( 4397): CheckCacheExpiration: Deleting  61442       0 00000000  230 客厅的小米盒子\032(4)._rc._tcp.local. TXT protver=16777472¦prottext=Remote Controller Protocol Version 1.0.1.0¦platform_id=205¦scrnw=1280¦scrn
11-28 15:23:39.547 D/mdns    ( 4397): CheckCacheExpiration: Updating CacheGroup tail from 400D1488 to 400D64B8
11-28 15:23:39.547 D/mdns    ( 4397): m->NextCacheCheck    9 Slot 129 客厅的小米盒子\032(7)._rc._tcp.local.
11-28 15:23:39.547 D/mdns    ( 4397): CheckCacheExpiration: Deleting  61442       0 00000000   30 客厅的小米盒子\032(7)._rc._tcp.local. SRV 0 0 6091 milink-184250014.local.
11-28 15:23:39.547 D/mdns    ( 4397): CheckCacheExpiration: Deleting  61442       0 00000000  230 客厅的小米盒子\032(7)._rc._tcp.local. TXT protver=16777472¦prottext=Remote Controller Protocol Version 1.0.1.0¦platform_id=205¦scrnw=1280¦scrn
11-28 15:23:39.547 D/mdns    ( 4397): CheckCacheExpiration: Updating CacheGroup tail from 400D9300 to 400D5A08
11-28 15:23:39.547 D/mdns    ( 4397): m->NextCacheCheck   10 Slot 166 milink-184250014.local.
11-28 15:23:39.547 D/mdns    ( 4397): CheckCacheExpiration: Deleting  61442       0 00000000    4 milink-184250014.local. Addr 172.16.13.193
11-28 15:23:39.547 D/mdns    ( 4397): CheckCacheExpiration: Updating CacheGroup tail from 400D2068 to 400DAA30
11-28 15:23:39.547 D/mdns    ( 4397): m->NextCacheCheck   11 Slot 179 Android-2.local.
11-28 15:23:39.547 D/mdns    ( 4397): CheckCacheExpiration: Deleting  61442       0 00000000    4 Android-2.local. Addr 172.16.13.147
11-28 15:23:39.547 D/mdns    ( 4397): CheckCacheExpiration: Deleting  61442       0 00000000   16 Android-2.local. AAAA FE80:0000:0000:0000:026D:0EFF:FE03:A545
11-28 15:23:39.547 D/mdns    ( 4397): CheckCacheExpiration: Deleting  61442       0 00000000   23 Android-2.local. NSEC Addr AAAA 
11-28 15:23:39.547 D/mdns    ( 4397): CheckCacheExpiration: Updating CacheGroup tail from 400DA698 to 400D1950
11-28 15:23:39.547 D/mdns    ( 4397): m->NextCacheCheck   12 Slot 205 客厅的小米盒子\032(4)._airkan._tcp.local.
11-28 15:23:39.547 D/mdns    ( 4397): CheckCacheExpiration: Deleting  61442       0 00000000   30 客厅的小米盒子\032(4)._airkan._tcp.local. SRV 0 0 6088 milink-199855756.local.
11-28 15:23:39.547 D/mdns    ( 4397): CheckCacheExpiration: Deleting  61442       0 00000000  125 客厅的小米盒子\032(4)._airkan._tcp.local. TXT photoport=6089¦scrnw=1280¦scrnh=720¦protver=16777984¦prottext=Airkan Protocol Version 1.03¦plat
11-28 15:23:39.547 D/mdns    ( 4397): CheckCacheExpiration: Updating CacheGroup tail from 400D88E8 to 400D4118
11-28 15:23:39.547 D/mdns    ( 4397): m->NextCacheCheck   13 Slot 206 hello\032mibox._airplay._tcp.local.
11-28 15:23:39.547 D/mdns    ( 4397): CheckCacheExpiration: Deleting  61442       0 00000000   30 hello\032mibox._airplay._tcp.local. SRV 0 0 7000 milink-185090187.local.
11-28 15:23:39.547 D/mdns    ( 4397): CheckCacheExpiration: Deleting  61442       0 00000000   94 hello\032mibox._airplay._tcp.local. TXT deviceid=10:48:b1:18:a1:29¦features=0x100029ff¦flags=0x4¦model=AppleTV3,1¦srcvers=150.33¦vv=1
11-28 15:23:39.547 D/mdns    ( 4397): CheckCacheExpiration: Updating CacheGroup tail from 400D5118 to 400D2238
11-28 15:23:39.547 D/mdns    ( 4397): m->NextCacheCheck   14 Slot 209 _raop._tcp.local.
11-28 15:23:39.547 D/mdns    ( 4397): CheckCacheExpiration: Deleting  61442       0 00000000   39 _raop._tcp.local. PTR 006d0e03a545@MiniMax._raop._tcp.local.
11-28 15:23:39.547 D/mdns    ( 4397): CheckCacheExpiration: Deleting  61442       0 00000000   38 _raop._tcp.local. PTR 1048b1282220@qqwwee._raop._tcp.local.
11-28 15:23:39.547 D/mdns    ( 4397): CheckCacheExpiration: Deleting  61442       0 00000000   53 _raop._tcp.local. PTR 1048b15135aa@客厅的小米盒子._raop._tcp.local.
11-28 15:23:39.547 D/mdns    ( 4397): CheckCacheExpiration: Deleting  61442       0 00000000   43 _raop._tcp.local. PTR 1048b118a129@hello\032mibox._raop._tcp.local.
11-28 15:23:39.547 D/mdns    ( 4397): CheckCacheExpiration: Deleting  61442       0 00000000   53 _raop._tcp.local. PTR 1048b14f6932@客厅的小米盒子._raop._tcp.local.
11-28 15:23:39.547 D/mdns    ( 4397): CheckCacheExpiration: Updating CacheGroup tail from 400D1190 to 400D9730
11-28 15:23:39.547 D/mdns    ( 4397): m->NextCacheCheck   15 Slot 217 _airplay._tcp.local.
11-28 15:23:39.547 D/mdns    ( 4397): CheckCacheExpiration: Deleting  61442       0 00000000   43 _airplay._tcp.local. PTR 客厅的小米盒子._airplay._tcp.local.
11-28 15:23:39.547 D/mdns    ( 4397): CheckCacheExpiration: Deleting  61442       0 00000000   28 _airplay._tcp.local. PTR qqwwee._airplay._tcp.local.
11-28 15:23:39.547 D/mdns    ( 4397): CheckCacheExpiration: Deleting  61442       0 00000000   29 _airplay._tcp.local. PTR MiniMax._airplay._tcp.local.
11-28 15:23:39.547 D/mdns    ( 4397): CheckCacheExpiration: Deleting  61442       0 00000000   33 _airplay._tcp.local. PTR hello\032mibox._airplay._tcp.local.
11-28 15:23:39.547 D/mdns    ( 4397): CheckCacheExpiration: Deleting  61442       0 00000000   47 _airplay._tcp.local. PTR 客厅的小米盒子\032(3)._airplay._tcp.local.
11-28 15:23:39.547 D/mdns    ( 4397): CheckCacheExpiration: Deleting  61442       0 00000000   47 _airplay._tcp.local. PTR 客厅的小米盒子\032(6)._airplay._tcp.local.
11-28 15:23:39.547 D/mdns    ( 4397): CheckCacheExpiration: Updating CacheGroup tail from 400D0E00 to 400D2EB0
11-28 15:23:39.547 D/mdns    ( 4397): m->NextCacheCheck   16 Slot 264 milink-185090187.local.
11-28 15:23:39.547 D/mdns    ( 4397): CheckCacheExpiration: Deleting  61442       0 00000000    4 milink-185090187.local. Addr 172.16.13.167
11-28 15:23:39.547 D/mdns    ( 4397): CheckCacheExpiration: Updating CacheGroup tail from 400DA4D0 to 400D1B18
11-28 15:23:39.547 D/mdns    ( 4397): m->NextCacheCheck   17 Slot 286 milink-199855756.local.
11-28 15:23:39.547 D/mdns    ( 4397): CheckCacheExpiration: Deleting  61442       0 00000000    4 milink-199855756.local. Addr 172.16.13.131
11-28 15:23:39.547 D/mdns    ( 4397): CheckCacheExpiration: Updating CacheGroup tail from 400D0810 to 400D6420
11-28 15:23:39.547 D/mdns    ( 4397): m->NextCacheCheck   18 Slot 287 1048b1282220@qqwwee._raop._tcp.local.
11-28 15:23:39.547 D/mdns    ( 4397): CheckCacheExpiration: Deleting  61442       0 00000000   30 1048b1282220@qqwwee._raop._tcp.local. SRV 0 0 5000 milink-203107814.local.
11-28 15:23:39.547 D/mdns    ( 4397): CheckCacheExpiration: Deleting  61442       0 00000000  176 1048b1282220@qqwwee._raop._tcp.local. TXT tp=UDP¦sm=false¦sv=false¦ek=1¦et=0,3,5¦cn=0,1¦ch=2¦ss=16¦sr=44100¦pw=false¦vn=3¦txtvers=1¦da=true¦
11-28 15:23:39.547 D/mdns    ( 4397): CheckCacheExpiration: Updating CacheGroup tail from 400D6E30 to 400D0FD0
11-28 15:23:39.547 D/mdns    ( 4397): m->NextCacheCheck   19 Slot 297 _services._dns-sd._udp.local.
11-28 15:23:39.547 D/mdns    ( 4397): CheckCacheExpiration: Deleting  61442       0 00000000   18 _services._dns-sd._udp.local. PTR _raop._tcp.local.
11-28 15:23:39.547 D/mdns    ( 4397): CheckCacheExpiration: Deleting  61442       0 00000000   21 _services._dns-sd._udp.local. PTR _airplay._tcp.local.
11-28 15:23:39.547 D/mdns    ( 4397): CheckCacheExpiration: Updating CacheGroup tail from 400DA990 to 400D0228
11-28 15:23:39.547 D/mdns    ( 4397): m->NextCacheCheck   20 Slot 324 “fengxiang”的\032iPod._device-info._tcp.local.
11-28 15:23:39.547 D/mdns    ( 4397): CheckCacheExpiration: Deleting  61442       0 00000000   12 “fengxiang”的\032iPod._device-info._tcp.local. TXT model=N78AP
11-28 15:23:39.547 D/mdns    ( 4397): CheckCacheExpiration: Updating CacheGroup tail from 400D57A0 to 400D3408
11-28 15:23:39.547 D/mdns    ( 4397): m->NextCacheCheck   21 Slot 333 客厅的小米盒子\032(6)._airkan._tcp.local.
11-28 15:23:39.547 D/mdns    ( 4397): CheckCacheExpiration: Deleting  61442       0 00000000   30 客厅的小米盒子\032(6)._airkan._tcp.local. SRV 0 0 6088 milink-199422877.local.
11-28 15:23:39.547 D/mdns    ( 4397): CheckCacheExpiration: Deleting  61442       0 00000000  126 客厅的小米盒子\032(6)._airkan._tcp.local. TXT photoport=6089¦scrnw=1920¦scrnh=1080¦protver=16777984¦prottext=Airkan Protocol Version 1.03¦pla
11-28 15:23:39.547 D/mdns    ( 4397): CheckCacheExpiration: Updating CacheGroup tail from 400D0A70 to 400D3798
11-28 15:23:39.547 D/mdns    ( 4397): m->NextCacheCheck   22 Slot 334 _airkan._tcp.local.
11-28 15:23:39.547 D/mdns    ( 4397): CheckCacheExpiration: Deleting  61442       0 00000000   46 _airkan._tcp.local. PTR 客厅的小米盒子\032(4)._airkan._tcp.local.
11-28 15:23:39.547 D/mdns    ( 4397): CheckCacheExpiration: Deleting  61442       0 00000000   32 _airkan._tcp.local. PTR hello\032mibox._airkan._tcp.local.
11-28 15:23:39.547 D/mdns    ( 4397): CheckCacheExpiration: Deleting  61442       0 00000000   46 _airkan._tcp.local. PTR 客厅的小米盒子\032(7)._airkan._tcp.local.
11-28 15:23:39.547 D/mdns    ( 4397): CheckCacheExpiration: Deleting  61442       0 00000000   46 _airkan._tcp.local. PTR 客厅的小米盒子\032(6)._airkan._tcp.local.
11-28 15:23:39.547 D/mdns    ( 4397): CheckCacheExpiration: Updating CacheGroup tail from 400D9008 to 400D5EC8
11-28 15:23:39.547 D/mdns    ( 4397): m->NextCacheCheck   23 Slot 338 客厅的小米盒子\032(3)._airplay._tcp.local.
11-28 15:23:39.547 D/mdns    ( 4397): CheckCacheExpiration: Deleting  61442       0 00000000   30 客厅的小米盒子\032(3)._airplay._tcp.local. SRV 0 0 7000 milink-254969319.local.
11-28 15:23:39.547 D/mdns    ( 4397): CheckCacheExpiration: Deleting  61442       0 00000000   94 客厅的小米盒子\032(3)._airplay._tcp.local. TXT deviceid=10:48:b1:52:aa:81¦features=0x100029ff¦flags=0x4¦model=AppleTV3,1¦srcvers=150.33¦vv=1
11-28 15:23:39.547 D/mdns    ( 4397): CheckCacheExpiration: Updating CacheGroup tail from 400D9560 to 400D4B30
11-28 15:23:39.547 D/mdns    ( 4397): m->NextCacheCheck   24 Slot 366 1048b15135aa@客厅的小米盒子._raop._tcp.local.
11-28 15:23:39.547 D/mdns    ( 4397): CheckCacheExpiration: Deleting  61442       0 00000000   30 1048b15135aa@客厅的小米盒子._raop._tcp.local. SRV 0 0 5000 milink-199855756.local.
11-28 15:23:39.547 D/mdns    ( 4397): CheckCacheExpiration: Deleting  61442       0 00000000  176 1048b15135aa@客厅的小米盒子._raop._tcp.local. TXT tp=UDP¦sm=false¦sv=false¦ek=1¦et=0,3,5¦cn=0,1¦ch=2¦ss=16¦sr=44100¦pw=false¦vn=3¦txtve
11-28 15:23:39.547 D/mdns    ( 4397): CheckCacheExpiration: Updating CacheGroup tail from 400DAC88 to 400D6718
11-28 15:23:39.547 D/mdns    ( 4397): m->NextCacheCheck   25 Slot 372 5.4.5.A.3.0.E.F.F.F.E.0.D.6.2.0.0.0.0.0.0.0.0.0.0.0.0.0.0.8.E.F.ip6.arpa.
11-28 15:23:39.547 D/mdns    ( 4397): CheckCacheExpiration: Deleting  61442       0 00000000   17 5.4.5.A.3.0.E.F.F.F.E.0.D.6.2.0.0.0.0.0.0.0.0.0.0.0.0.0.0.8.E.F.ip6.arpa. PTR Android-2.local.
11-28 15:23:39.547 D/mdns    ( 4397): CheckCacheExpiration: Deleting  61442       0 00000000   78 5.4.5.A.3.0.E.F.F.F.E.0.D.6.2.0.0.0.0.0.0.0.0.0.0.0.0.0.0.8.E.F.ip6.arpa. NSEC PTR 
11-28 15:23:39.547 D/mdns    ( 4397): CheckCacheExpiration: Updating CacheGroup tail from 400D25C0 to 400D9600
11-28 15:23:39.547 D/mdns    ( 4397): m->NextCacheCheck   26 Slot 377 客厅的小米盒子\032(6)._airplay._tcp.local.
11-28 15:23:39.547 D/mdns    ( 4397): CheckCacheExpiration: Deleting  61442       0 00000000   30 客厅的小米盒子\032(6)._airplay._tcp.local. SRV 0 0 7000 milink-184250014.local.
11-28 15:23:39.547 D/mdns    ( 4397): CheckCacheExpiration: Deleting  61442       0 00000000   94 客厅的小米盒子\032(6)._airplay._tcp.local. TXT deviceid=10:48:b1:4f:69:32¦features=0x100029ff¦flags=0x4¦model=AppleTV3,1¦srcvers=150.33¦vv=1
11-28 15:23:39.547 D/mdns    ( 4397): CheckCacheExpiration: Updating CacheGroup tail from 400D78E0 to 400D4BC8
11-28 15:23:39.547 D/mdns    ( 4397): m->NextCacheCheck   27 Slot 395 hello\032mibox._airkan._tcp.local.
11-28 15:23:39.547 D/mdns    ( 4397): CheckCacheExpiration: Deleting  61442       0 00000000   30 hello\032mibox._airkan._tcp.local. SRV 0 0 6088 milink-185090187.local.
11-28 15:23:39.547 D/mdns    ( 4397): CheckCacheExpiration: Deleting  61442       0 00000000  125 hello\032mibox._airkan._tcp.local. TXT photoport=6089¦scrnw=1280¦scrnh=720¦protver=16777984¦prottext=Airkan Protocol Version 1.03¦platform_id=205¦m
11-28 15:23:39.547 D/mdns    ( 4397): CheckCacheExpiration: Updating CacheGroup tail from 400D5968 to 400D7DA8
11-28 15:23:39.547 D/mdns    ( 4397): m->NextCacheCheck   28 Slot 397 客厅的小米盒子\032(7)._airkan._tcp.local.
11-28 15:23:39.547 D/mdns    ( 4397): CheckCacheExpiration: Deleting  61442       0 00000000   30 客厅的小米盒子\032(7)._airkan._tcp.local. SRV 0 0 6088 milink-184250014.local.
11-28 15:23:39.547 D/mdns    ( 4397): CheckCacheExpiration: Deleting  61442       0 00000000  125 客厅的小米盒子\032(7)._airkan._tcp.local. TXT photoport=6089¦scrnw=1280¦scrnh=720¦protver=16777984¦prottext=Airkan Protocol Version 1.03¦plat
11-28 15:23:39.547 D/mdns    ( 4397): CheckCacheExpiration: Updating CacheGroup tail from 400DAEE8 to 400D6C70
11-28 15:23:39.547 D/mdns    ( 4397): m->NextCacheCheck   29 Slot 415 1048b118a129@hello\032mibox._raop._tcp.local.
11-28 15:23:39.547 D/mdns    ( 4397): CheckCacheExpiration: Deleting  61442       0 00000000   30 1048b118a129@hello\032mibox._raop._tcp.local. SRV 0 0 5000 milink-185090187.local.
11-28 15:23:39.547 D/mdns    ( 4397): CheckCacheExpiration: Deleting  61442       0 00000000  176 1048b118a129@hello\032mibox._raop._tcp.local. TXT tp=UDP¦sm=false¦sv=false¦ek=1¦et=0,3,5¦cn=0,1¦ch=2¦ss=16¦sr=44100¦pw=false¦vn=3¦txtvers=1¦d
11-28 15:23:39.547 D/mdns    ( 4397): CheckCacheExpiration: Updating CacheGroup tail from 400D03E8 to 400D7AB0
11-28 15:23:39.547 D/mdns    ( 4397): m->NextCacheCheck   30 Slot 447 milink-200077498.local.
11-28 15:23:39.547 D/mdns    ( 4397): CheckCacheExpiration: Deleting  61442       0 00000000    4 milink-200077498.local. Addr 172.16.13.187
11-28 15:23:39.547 D/mdns    ( 4397): CheckCacheExpiration: Updating CacheGroup tail from 400D41A8 to 400D51B8
11-28 15:23:39.547 D/mdns    ( 4397): m->NextCacheCheck   31 Slot 463 1048b14f6932@客厅的小米盒子._raop._tcp.local.
11-28 15:23:39.547 D/mdns    ( 4397): CheckCacheExpiration: Deleting  61442       0 00000000   30 1048b14f6932@客厅的小米盒子._raop._tcp.local. SRV 0 0 5000 milink-184250014.local.
11-28 15:23:39.547 D/mdns    ( 4397): CheckCacheExpiration: Deleting  61442       0 00000000  176 1048b14f6932@客厅的小米盒子._raop._tcp.local. TXT tp=UDP¦sm=false¦sv=false¦ek=1¦et=0,3,5¦cn=0,1¦ch=2¦ss=16¦sr=44100¦pw=false¦vn=3¦txtve
11-28 15:23:39.547 D/mdns    ( 4397): CheckCacheExpiration: Updating CacheGroup tail from 400D0B08 to 400D9B58
11-28 15:23:39.547 D/mdns    ( 4397): m->NextCacheCheck   32 Slot 485 qqwwee._rc._tcp.local.
11-28 15:23:39.547 D/mdns    ( 4397): CheckCacheExpiration: Deleting  61442       0 00000000   30 qqwwee._rc._tcp.local. SRV 0 0 6091 milink-203107814.local.
11-28 15:23:39.547 D/mdns    ( 4397): CheckCacheExpiration: Deleting  61442       0 00000000  230 qqwwee._rc._tcp.local. TXT protver=16777472¦prottext=Remote Controller Protocol Version 1.0.1.0¦platform_id=205¦scrnw=1280¦scrnh=720¦server_address=
11-28 15:23:39.547 D/mdns    ( 4397): CheckCacheExpiration: Updating CacheGroup tail from 400DA010 to 400D2B20
11-28 15:23:39.547 D/mdns    ( 4397): m->NextCacheCheck   33 checked, next in 1071212394
11-28 15:23:39.547 D/mdns    ( 4397): mDNS_Execute: Skipping LocalAuthRecord    4 Android-2.local. Addr 172.16.13.147
11-28 15:23:39.547 D/mdns    ( 4397): mDNS_Execute: Delivering Add event with LocalAuthRecord   17 147.13.16.172.in-addr.arpa. PTR Android-2.local.
11-28 15:23:39.547 D/mdns    ( 4397): mDNS_Execute: Skipping LocalAuthRecord   16 Android-2.local. AAAA FE80:0000:0000:0000:026D:0EFF:FE03:A545
11-28 15:23:39.547 D/mdns    ( 4397): mDNS_Execute: Delivering Add event with LocalAuthRecord   17 5.4.5.A.3.0.E.F.F.F.E.0.D.6.2.0.0.0.0.0.0.0.0.0.0.0.0.0.0.8.E.F.ip6.arpa. PTR Android-2.local.
11-28 15:23:39.547 D/mdns    ( 4397): mDNS_Execute: Setting NewLocalRecords to    4 Android-2.local. Addr 172.16.13.147
11-28 15:23:39.577 D/mdns    ( 4397): mDNS_Execute
11-28 15:23:39.577 D/mdns    ( 4397): mDNS_Execute: Skipping LocalAuthRecord    4 Android-2.local. Addr 172.16.13.147
11-28 15:23:39.577 D/mdns    ( 4397): mDNS_Execute: Skipping LocalAuthRecord   16 Android-2.local. AAAA FE80:0000:0000:0000:026D:0EFF:FE03:A545
11-28 15:23:39.577 D/mdns    ( 4397): mDNS_Execute: Setting NewLocalRecords to    4 Android-2.local. Addr 172.16.13.147
11-28 15:23:39.627 D/WifiSetting(14128): handleEvent action:android.net.wifi.SCAN_RESULTS
11-28 15:23:39.627 D/cocos2d-x debug info(14128): JS: launcherAppAdapter fillData cell0
11-28 15:23:39.637 D/cocos2d-x debug info(14128): JS: this.mData.length90
11-28 15:23:39.637 D/JniHelper(14128): JniHelper::getJavaVM(), pthread_self() = 1529184920
11-28 15:23:39.637 D/FileUtil(14128): getImageFilePathByUrl, url is http://172.16.12.58:8080/meedo-img/83fd98/c4ca42/poster_193PET5MP9JIR_9208c65365a271fde2ef7dfc502240981b97b6e2.png
11-28 15:23:39.637 D/FileUtil(14128): getImageFilePathByUrl, fileName is poster_193PET5MP9JIR_9208c65365a271fde2ef7dfc502240981b97b6e2.png
11-28 15:23:39.637 D/JniHelper(14128): JniHelper::getJavaVM(), pthread_self() = 1529184920
11-28 15:23:39.647 D/cocos2d-x debug info(14128): JS: updateAppInfoStateAndProgress downloadState : 1
11-28 15:23:39.647 D/cocos2d-x debug info(14128): JS: setAppServerInfo appServerInfo : [object Object]
11-28 15:23:39.647 D/cocos2d-x debug info(14128): JS: launcherAppAdapter updateData cell1
11-28 15:23:39.647 D/cocos2d-x debug info(14128): JS: launcherAppAdapter fillData cell1
11-28 15:23:39.647 D/cocos2d-x debug info(14128): JS: this.mData.length91
11-28 15:23:39.647 D/JniHelper(14128): JniHelper::getJavaVM(), pthread_self() = 1529184920
11-28 15:23:39.647 D/FileUtil(14128): getImageFilePathByUrl, url is http://172.16.12.58:8080/meedo-img/a0434e/b6d767/poster_1944JRDNTLUDG_贝瓦儿歌.png
11-28 15:23:39.647 D/FileUtil(14128): getImageFilePathByUrl, fileName is poster_1944JRDNTLUDG_贝瓦儿歌.png
11-28 15:23:39.647 D/JniHelper(14128): JniHelper::getJavaVM(), pthread_self() = 1529184920
11-28 15:23:39.657 D/cocos2d-x debug info(14128): JS: updateAppInfoStateAndProgress downloadState : 1
11-28 15:23:39.657 D/cocos2d-x debug info(14128): JS: setAppServerInfo appServerInfo : [object Object]
11-28 15:23:39.657 D/cocos2d-x debug info(14128): JS: launcherAppAdapter updateData cell2
11-28 15:23:39.657 D/cocos2d-x debug info(14128): JS: launcherAppAdapter fillData cell2
11-28 15:23:39.657 D/cocos2d-x debug info(14128): JS: this.mData.length92
11-28 15:23:39.657 D/JniHelper(14128): JniHelper::getJavaVM(), pthread_self() = 1529184920
11-28 15:23:39.657 D/FileUtil(14128): getImageFilePathByUrl, url is http://172.16.12.58:8080/meedo-img/b22c66/c81e72/poster_197QFGFL1SLNC.png
11-28 15:23:39.657 D/FileUtil(14128): getImageFilePathByUrl, fileName is poster_197QFGFL1SLNC.png
11-28 15:23:39.657 D/JniHelper(14128): JniHelper::getJavaVM(), pthread_self() = 1529184920
11-28 15:23:39.657 D/cocos2d-x debug info(14128): JS: updateAppInfoStateAndProgress downloadState : 1
11-28 15:23:39.667 D/cocos2d-x debug info(14128): JS: setAppServerInfo appServerInfo : [object Object]
11-28 15:23:39.667 D/cocos2d-x debug info(14128): JS: launcherAppAdapter updateData cell3
11-28 15:23:39.667 D/cocos2d-x debug info(14128): JS: launcherAppAdapter fillData cell3
11-28 15:23:39.667 D/cocos2d-x debug info(14128): JS: this.mData.length93
11-28 15:23:39.667 D/JniHelper(14128): JniHelper::getJavaVM(), pthread_self() = 1529184920
11-28 15:23:39.667 D/FileUtil(14128): getImageFilePathByUrl, url is http://172.16.12.58:8080/meedo-img/69d678/c4ca42/poster_193PF0ADD66AI_youku_2.5.0.png
11-28 15:23:39.667 D/FileUtil(14128): getImageFilePathByUrl, fileName is poster_193PF0ADD66AI_youku_2.5.0.png
11-28 15:23:39.677 D/JniHelper(14128): JniHelper::getJavaVM(), pthread_self() = 1529184920
11-28 15:23:39.677 D/cocos2d-x debug info(14128): JS: updateAppInfoStateAndProgress downloadState : 1
11-28 15:23:39.677 D/cocos2d-x debug info(14128): JS: setAppServerInfo appServerInfo : [object Object]
11-28 15:23:39.677 D/cocos2d-x debug info(14128): JS: launcherAppAdapter updateData cell4
11-28 15:23:39.677 D/cocos2d-x debug info(14128): JS: launcherAppAdapter fillData cell4
11-28 15:23:39.677 D/cocos2d-x debug info(14128): JS: this.mData.length94
11-28 15:23:39.687 D/JniHelper(14128): JniHelper::getJavaVM(), pthread_self() = 1529184920
11-28 15:23:39.687 D/FileUtil(14128): getImageFilePathByUrl, url is http://172.16.12.58:8080/meedo-img/cc5b6e/a9b7ba/poster_193PFDJGPF2V1_fengxin_dianying_logo.png
11-28 15:23:39.687 D/FileUtil(14128): getImageFilePathByUrl, fileName is poster_193PFDJGPF2V1_fengxin_dianying_logo.png
11-28 15:23:39.687 D/JniHelper(14128): JniHelper::getJavaVM(), pthread_self() = 1529184920
11-28 15:23:39.687 D/cocos2d-x debug info(14128): JS: updateAppInfoStateAndProgress downloadState : 1
11-28 15:23:39.687 D/cocos2d-x debug info(14128): JS: setAppServerInfo appServerInfo : [object Object]
11-28 15:23:39.697 D/cocos2d-x debug info(14128): JS: launcherAppAdapter updateData cell5
11-28 15:23:39.697 D/cocos2d-x debug info(14128): JS: launcherAppAdapter fillData cell5
11-28 15:23:39.697 D/cocos2d-x debug info(14128): JS: this.mData.length95
11-28 15:23:39.697 D/JniHelper(14128): JniHelper::getJavaVM(), pthread_self() = 1529184920
11-28 15:23:39.697 D/FileUtil(14128): getImageFilePathByUrl, url is http://172.16.12.58:8080/meedo-img/834661/c4ca42/poster_193PEUU07MVI3_71bea120c2e672b01660a8a844c8055b.png
11-28 15:23:39.697 D/FileUtil(14128): getImageFilePathByUrl, fileName is poster_193PEUU07MVI3_71bea120c2e672b01660a8a844c8055b.png
11-28 15:23:39.697 D/JniHelper(14128): JniHelper::getJavaVM(), pthread_self() = 1529184920
11-28 15:23:39.707 D/cocos2d-x debug info(14128): JS: updateAppInfoStateAndProgress downloadState : 1
11-28 15:23:39.707 D/mdns    ( 4397): mDNS_Execute
11-28 15:23:39.707 D/mdns    ( 4397): mDNS_Execute: Skipping LocalAuthRecord    4 Android-2.local. Addr 172.16.13.147
11-28 15:23:39.707 D/mdns    ( 4397): mDNS_Execute: Skipping LocalAuthRecord   16 Android-2.local. AAAA FE80:0000:0000:0000:026D:0EFF:FE03:A545
11-28 15:23:39.707 D/mdns    ( 4397): mDNS_Execute: Setting NewLocalRecords to    4 Android-2.local. Addr 172.16.13.147
11-28 15:23:39.727 D/cocos2d-x debug info(14128): JS: launcher.eventCenter.onWifiStateChanged
11-28 15:23:39.727 D/cocos2d-x debug info(14128): JS: switchMenuState, setNotFadingIn
11-28 15:23:39.727 D/cocos2d-x debug info(14128): JS: LRUCache, contains key /data/data/tv.fun.launcher/cache/poster_193PET5MP9JIR_9208c65365a271fde2ef7dfc502240981b97b6e2.png
11-28 15:23:39.737 D/cocos2d-x debug info(14128): trace_frame: 22.061663
11-28 15:23:39.747 D/cocos2d-x debug info(14128): JS: LRUCache, contains key /data/data/tv.fun.launcher/cache/poster_1944JRDNTLUDG_贝瓦儿歌.png
11-28 15:23:39.757 D/cocos2d-x debug info(14128): JS: LRUCache, contains key /data/data/tv.fun.launcher/cache/poster_197QFGFL1SLNC.png
11-28 15:23:39.777 D/cocos2d-x debug info(14128): JS: LRUCache, contains key /data/data/tv.fun.launcher/cache/poster_193PF0ADD66AI_youku_2.5.0.png
11-28 15:23:39.797 D/cocos2d-x debug info(14128): JS: LRUCache, contains key /data/data/tv.fun.launcher/cache/poster_193PFDJGPF2V1_fengxin_dianying_logo.png
11-28 15:23:39.807 D/cocos2d-x debug info(14128): JS: LRUCache, contains key /data/data/tv.fun.launcher/cache/poster_193PEUU07MVI3_71bea120c2e672b01660a8a844c8055b.png
11-28 15:23:39.807 D/launcher_auto(14128): launcher_auto: sendkey and wait.
11-28 15:23:39.837 D/cocos2d-x debug info(14128): trace_frame: 62.916260
11-28 15:23:39.887 D/mdns    ( 4397): SocketDataReady got a packet from 172.16.13.164 to 224.0.0.251 on interface 172.16.13.147/wlan0/7/312
11-28 15:23:39.887 D/mdns    ( 4397): Received Response from 172.16.13.164   addressed to 224.0.0.251     on 412BABA8 with  0 Questions,  3 Answers,  0 Authorities,  0 Additionals 333 bytes LLQType 0
11-28 15:23:39.937 D/cocos2d-x debug info(14128): trace_frame: 59.989204
11-28 15:23:40.047 D/mdns    ( 4397): mDNS_Execute
11-28 15:23:40.047 D/mdns    ( 4397): mDNS_Execute: Skipping LocalAuthRecord    4 Android-2.local. Addr 172.16.13.147
11-28 15:23:40.047 D/mdns    ( 4397): mDNS_Execute: Skipping LocalAuthRecord   16 Android-2.local. AAAA FE80:0000:0000:0000:026D:0EFF:FE03:A545
11-28 15:23:40.047 D/mdns    ( 4397): mDNS_Execute: Setting NewLocalRecords to    4 Android-2.local. Addr 172.16.13.147
11-28 15:23:40.047 D/mdns    ( 4397): SendQueries:   Put Question 006d0e03a545@MiniMax._raop._tcp.local. (SRV) probecount 2
11-28 15:23:40.047 D/mdns    ( 4397): SendQueries:   Put Question MiniMax._airplay._tcp.local. (SRV) probecount 2
11-28 15:23:40.047 D/mdns    ( 4397): SendQueries:   Put Question Android-2.local. (Addr) probecount 2
11-28 15:23:40.047 D/mdns    ( 4397): SendQueries:   Put Question Android-2.local. (AAAA) probecount 2
11-28 15:23:40.047 D/mdns    ( 4397): SendQueries:   Sending 4 Questions 0 Answers 4 Updates on 412BABA8
11-28 15:23:40.047 D/mdns    ( 4397): SocketDataReady got a packet from 172.16.13.147 to 224.0.0.251 on interface 172.16.13.147/wlan0/7/312
11-28 15:23:40.047 D/mdns    ( 4397): Received Query from 172.16.13.147  :5353  to 224.0.0.251    :5353  on 0x412BABA8 with  4 Questions,  0 Answers,  4 Authorities,  0 Additionals 172 bytes
11-28 15:23:40.047 D/mdns    ( 4397): SocketDataReady got a packet from FE80:0000:0000:0000:026D:0EFF:FE03:A545 to FF02:0000:0000:0000:0000:0000:0000:00FB on interface 172.16.13.147/wlan0/7/313
11-28 15:23:40.047 D/mdns    ( 4397): Received Query from FE80:0000:0000:0000:026D:0EFF:FE03:A545:5353  to FF02:0000:0000:0000:0000:0000:0000:00FB:5353  on 0x412BABA8 with  4 Questions,  0 Answers,  4 Authorities,  0 Additionals 172 bytes
11-28 15:23:40.057 D/cocos2d-x debug info(14128): trace_frame: 59.565350
11-28 15:23:40.147 D/mdns    ( 4397): mDNS_Execute
11-28 15:23:40.147 D/mdns    ( 4397): mDNS_Execute: Skipping LocalAuthRecord    4 Android-2.local. Addr 172.16.13.147
11-28 15:23:40.147 D/mdns    ( 4397): mDNS_Execute: Skipping LocalAuthRecord   16 Android-2.local. AAAA FE80:0000:0000:0000:026D:0EFF:FE03:A545
11-28 15:23:40.147 D/mdns    ( 4397): mDNS_Execute: Setting NewLocalRecords to    4 Android-2.local. Addr 172.16.13.147
11-28 15:23:40.167 D/dalvikvm(22184): GC_CONCURRENT freed 866K, 22% free 6723K/8544K, paused 2ms+4ms, total 56ms
11-28 15:23:40.177 D/dalvikvm(22184): WAIT_FOR_CONCURRENT_GC blocked 39ms
11-28 15:23:40.177 D/cocos2d-x debug info(14128): trace_frame: 60.113186
11-28 15:23:40.287 D/cocos2d-x debug info(14128): trace_frame: 60.297005
11-28 15:23:40.297 D/mdns    ( 4397): mDNS_Execute
11-28 15:23:40.297 D/mdns    ( 4397): mDNS_Execute: Skipping LocalAuthRecord    4 Android-2.local. Addr 172.16.13.147
11-28 15:23:40.297 D/mdns    ( 4397): mDNS_Execute: Skipping LocalAuthRecord   16 Android-2.local. AAAA FE80:0000:0000:0000:026D:0EFF:FE03:A545
11-28 15:23:40.297 D/mdns    ( 4397): mDNS_Execute: Setting NewLocalRecords to    4 Android-2.local. Addr 172.16.13.147
11-28 15:23:40.297 D/mdns    ( 4397): SendQueries:   Put Question 006d0e03a545@MiniMax._raop._tcp.local. (SRV) probecount 1
11-28 15:23:40.297 D/mdns    ( 4397): SendQueries:   Put Question MiniMax._airplay._tcp.local. (SRV) probecount 1
11-28 15:23:40.297 D/mdns    ( 4397): SendQueries:   Put Question Android-2.local. (Addr) probecount 1
11-28 15:23:40.297 D/mdns    ( 4397): SendQueries:   Put Question Android-2.local. (AAAA) probecount 1
11-28 15:23:40.297 D/mdns    ( 4397): SendQueries:   Sending 4 Questions 0 Answers 4 Updates on 412BABA8
11-28 15:23:40.297 D/mdns    ( 4397): SocketDataReady got a packet from 172.16.13.147 to 224.0.0.251 on interface 172.16.13.147/wlan0/7/312
11-28 15:23:40.297 D/mdns    ( 4397): Received Query from 172.16.13.147  :5353  to 224.0.0.251    :5353  on 0x412BABA8 with  4 Questions,  0 Answers,  4 Authorities,  0 Additionals 172 bytes
11-28 15:23:40.297 D/mdns    ( 4397): SocketDataReady got a packet from FE80:0000:0000:0000:026D:0EFF:FE03:A545 to FF02:0000:0000:0000:0000:0000:0000:00FB on interface 172.16.13.147/wlan0/7/313
11-28 15:23:40.297 D/mdns    ( 4397): Received Query from FE80:0000:0000:0000:026D:0EFF:FE03:A545:5353  to FF02:0000:0000:0000:0000:0000:0000:00FB:5353  on 0x412BABA8 with  4 Questions,  0 Answers,  4 Authorities,  0 Additionals 172 bytes
11-28 15:23:40.317 D/cocos2d-x debug info(14128): JS: keyCode : 157
11-28 15:23:40.317 D/cocos2d-x debug info(14128): JS: =======================switchMenu turnLeft : false
11-28 15:23:40.327 D/cocos2d-x debug info(14128): JS: switchMenuState32 currentIndex:3moveDis:1014
11-28 15:23:40.327 D/cocos2d-x debug info(14128): JS: =======================switchMenu turnRight time is : 3
11-28 15:23:40.397 D/mdns    ( 4397): mDNS_Execute
11-28 15:23:40.397 D/mdns    ( 4397): mDNS_Execute: Skipping LocalAuthRecord    4 Android-2.local. Addr 172.16.13.147
11-28 15:23:40.397 D/mdns    ( 4397): mDNS_Execute: Skipping LocalAuthRecord   16 Android-2.local. AAAA FE80:0000:0000:0000:026D:0EFF:FE03:A545
11-28 15:23:40.397 D/mdns    ( 4397): mDNS_Execute: Setting NewLocalRecords to    4 Android-2.local. Addr 172.16.13.147
11-28 15:23:40.407 D/cocos2d-x debug info(14128): trace_frame: 59.318512
11-28 15:23:40.437 D/cocos2d-x debug info(14128): JS: =======================switchMenuState after getLocalAppsInfo time is : 114
11-28 15:23:40.437 D/cocos2d-x debug info(14128): JS: switchMenuState, lastIndex = 2, currentIndex = 3
11-28 15:23:40.517 D/cocos2d-x debug info(14128): trace_frame: 60.622852
11-28 15:23:40.537 D/cocos2d-x debug info(14128): JS: =======================switchMenuState reloadTabData2
11-28 15:23:40.537 D/cocos2d-x debug info(14128): JS: setData[object Object],[object Object],[object Object],[object Object],[object Object],[object Object],[object Object],[object Object],[object Object],[object Object],[object Object]
11-28 15:23:40.537 D/cocos2d-x debug info(14128): JS: this.mFocusImage.x327.5 y:212
11-28 15:23:40.537 D/cocos2d-x debug info(14128): JS: setAppServerInfo appServerInfo : [object Object]
11-28 15:23:40.547 D/cocos2d-x debug info(14128): JS: launcherAppAdapter updateData cell0
11-28 15:23:40.547 D/cocos2d-x debug info(14128): JS: launcherAppAdapter fillData cell0
11-28 15:23:40.547 D/cocos2d-x debug info(14128): JS: this.mData.length110
11-28 15:23:40.547 D/JniHelper(14128): JniHelper::getJavaVM(), pthread_self() = 1529184920
11-28 15:23:40.547 D/mdns    ( 4397): mDNS_Execute
11-28 15:23:40.547 D/mdns    ( 4397): mDNS_Execute: Skipping LocalAuthRecord    4 Android-2.local. Addr 172.16.13.147
11-28 15:23:40.547 D/mdns    ( 4397): mDNS_Execute: Skipping LocalAuthRecord   16 Android-2.local. AAAA FE80:0000:0000:0000:026D:0EFF:FE03:A545
11-28 15:23:40.547 D/mdns    ( 4397): mDNS_Execute: Setting NewLocalRecords to    4 Android-2.local. Addr 172.16.13.147
11-28 15:23:40.547 D/mdns    ( 4397): mDNS_HostNameCallback: Android-2.local. (Addr) Name registered (0)
11-28 15:23:40.547 D/mdns    ( 4397): mDNS_HostNameCallback: Android-2.local. (AAAA) Name registered (0)
11-28 15:23:40.547 D/mdns    ( 4397): SendQueries:   Put Question 006d0e03a545@MiniMax._raop._tcp.local. (SRV) probecount 0
11-28 15:23:40.547 D/mdns    ( 4397): SendQueries:   Put Question MiniMax._airplay._tcp.local. (SRV) probecount 0
11-28 15:23:40.547 D/mdns    ( 4397): SendQueries:   Put Question Android-2.local. (Addr) probecount 0
11-28 15:23:40.547 D/mdns    ( 4397): SendQueries:   Put Question Android-2.local. (AAAA) probecount 0
11-28 15:23:40.547 D/mdns    ( 4397): SendQueries:   Sending 4 Questions 0 Answers 4 Updates on 412BABA8
11-28 15:23:40.547 D/mdns    ( 4397): SocketDataReady got a packet from 172.16.13.147 to 224.0.0.251 on interface 172.16.13.147/wlan0/7/312
11-28 15:23:40.547 D/mdns    ( 4397): Received Query from 172.16.13.147  :5353  to 224.0.0.251    :5353  on 0x412BABA8 with  4 Questions,  0 Answers,  4 Authorities,  0 Additionals 172 bytes
11-28 15:23:40.547 D/mdns    ( 4397): SocketDataReady got a packet from FE80:0000:0000:0000:026D:0EFF:FE03:A545 to FF02:0000:0000:0000:0000:0000:0000:00FB on interface 172.16.13.147/wlan0/7/313
11-28 15:23:40.547 D/mdns    ( 4397): Received Query from FE80:0000:0000:0000:026D:0EFF:FE03:A545:5353  to FF02:0000:0000:0000:0000:0000:0000:00FB:5353  on 0x412BABA8 with  4 Questions,  0 Answers,  4 Authorities,  0 Additionals 172 bytes
11-28 15:23:40.557 D/FileUtil(14128): getImageFilePathByUrl, url is http://172.16.12.58:8080/meedo-img/2cc738/c81e72/poster_1944K8JIGMK9M_美食杰TV版.png
11-28 15:23:40.557 D/FileUtil(14128): getImageFilePathByUrl, fileName is poster_1944K8JIGMK9M_美食杰TV版.png
11-28 15:23:40.557 D/cocos2d-x debug info(14128): JS: LRUCache, contains key /data/data/tv.fun.launcher/cache/poster_1944K8JIGMK9M_美食杰TV版.png
11-28 15:23:40.557 D/JniHelper(14128): JniHelper::getJavaVM(), pthread_self() = 1529184920
11-28 15:23:40.557 D/cocos2d-x debug info(14128): JS: updateAppInfoStateAndProgress downloadState : 1
11-28 15:23:40.567 D/cocos2d-x debug info(14128): JS: setAppServerInfo appServerInfo : [object Object]
11-28 15:23:40.567 D/cocos2d-x debug info(14128): JS: launcherAppAdapter updateData cell1
11-28 15:23:40.567 D/cocos2d-x debug info(14128): JS: launcherAppAdapter fillData cell1
11-28 15:23:40.567 D/cocos2d-x debug info(14128): JS: this.mData.length111
11-28 15:23:40.567 D/JniHelper(14128): JniHelper::getJavaVM(), pthread_self() = 1529184920
11-28 15:23:40.567 D/FileUtil(14128): getImageFilePathByUrl, url is http://172.16.12.58:8080/meedo-img/c97437/167909/poster_1944KI1R9ORE8_万年历.png
11-28 15:23:40.567 D/FileUtil(14128): getImageFilePathByUrl, fileName is poster_1944KI1R9ORE8_万年历.png
11-28 15:23:40.567 D/cocos2d-x debug info(14128): JS: LRUCache, contains key /data/data/tv.fun.launcher/cache/poster_1944KI1R9ORE8_万年历.png
11-28 15:23:40.567 D/JniHelper(14128): JniHelper::getJavaVM(), pthread_self() = 1529184920
11-28 15:23:40.567 D/cocos2d-x debug info(14128): JS: updateAppInfoStateAndProgress downloadState : 1
11-28 15:23:40.577 D/cocos2d-x debug info(14128): JS: setAppServerInfo appServerInfo : [object Object]
11-28 15:23:40.577 D/cocos2d-x debug info(14128): JS: launcherAppAdapter updateData cell2
11-28 15:23:40.577 D/cocos2d-x debug info(14128): JS: launcherAppAdapter fillData cell2
11-28 15:23:40.577 D/cocos2d-x debug info(14128): JS: this.mData.length112
11-28 15:23:40.577 D/JniHelper(14128): JniHelper::getJavaVM(), pthread_self() = 1529184920
11-28 15:23:40.577 D/FileUtil(14128): getImageFilePathByUrl, url is http://172.16.12.58:8080/meedo-img/029d27/7dcd34/poster_1944K4NN518LM_春雨医生TV.png
11-28 15:23:40.577 D/FileUtil(14128): getImageFilePathByUrl, fileName is poster_1944K4NN518LM_春雨医生TV.png
11-28 15:23:40.577 D/cocos2d-x debug info(14128): JS: LRUCache, contains key /data/data/tv.fun.launcher/cache/poster_1944K4NN518LM_春雨医生TV.png
11-28 15:23:40.577 D/JniHelper(14128): JniHelper::getJavaVM(), pthread_self() = 1529184920
11-28 15:23:40.577 D/cocos2d-x debug info(14128): JS: updateAppInfoStateAndProgress downloadState : 1
11-28 15:23:40.577 D/cocos2d-x debug info(14128): JS: setAppServerInfo appServerInfo : [object Object]
11-28 15:23:40.587 D/cocos2d-x debug info(14128): JS: launcherAppAdapter updateData cell3
11-28 15:23:40.587 D/cocos2d-x debug info(14128): JS: launcherAppAdapter fillData cell3
11-28 15:23:40.587 D/cocos2d-x debug info(14128): JS: this.mData.length113
11-28 15:23:40.587 D/JniHelper(14128): JniHelper::getJavaVM(), pthread_self() = 1529184920
11-28 15:23:40.587 D/FileUtil(14128): getImageFilePathByUrl, url is http://172.16.12.58:8080/meedo-img/d7a146/c4ca42/poster_193PGO82FFCFM_3ceef2628207244725568320083459ef.png
11-28 15:23:40.587 D/FileUtil(14128): getImageFilePathByUrl, fileName is poster_193PGO82FFCFM_3ceef2628207244725568320083459ef.png
11-28 15:23:40.587 D/JniHelper(14128): JniHelper::getJavaVM(), pthread_self() = 1529184920
11-28 15:23:40.587 D/cocos2d-x debug info(14128): JS: updateAppInfoStateAndProgress downloadState : 1
11-28 15:23:40.587 D/cocos2d-x debug info(14128): JS: setAppServerInfo appServerInfo : [object Object]
11-28 15:23:40.597 D/cocos2d-x debug info(14128): JS: launcherAppAdapter updateData cell4
11-28 15:23:40.597 D/cocos2d-x debug info(14128): JS: launcherAppAdapter fillData cell4
11-28 15:23:40.597 D/cocos2d-x debug info(14128): JS: this.mData.length114
11-28 15:23:40.597 D/JniHelper(14128): JniHelper::getJavaVM(), pthread_self() = 1529184920
11-28 15:23:40.597 D/FileUtil(14128): getImageFilePathByUrl, url is http://172.16.12.58:8080/meedo-img/ba9681/c4ca42/poster_193PGSN6HO3L_b45c3c7e2b6fe877bf8e694029de38d1.png
