11-28 15:18:09.537 D/mdns    ( 4397): CheckCacheExpiration: Deleting  61441       0 00000000   30 客厅的小米盒子\032(3)._airkan._tcp.local. SRV 0 0 6088 milink-200077498.local.
11-28 15:18:09.537 D/mdns    ( 4397): CheckCacheExpiration: Deleting  61441       0 00000000  125 客厅的小米盒子\032(3)._airkan._tcp.local. TXT photoport=6089¦scrnw=1280¦scrnh=720¦protver=16777984¦prottext=Airkan Protocol Version 1.03¦plat
11-28 15:18:09.537 D/mdns    ( 4397): CheckCacheExpiration: Updating CacheGroup tail from 400D84C0 to 400D9AC0
11-28 15:18:09.537 D/mdns    ( 4397): m->NextCacheCheck   14 Slot 148 funshionDamaoMac-2.local.
11-28 15:18:09.537 D/mdns    ( 4397): CheckCacheExpiration: Deleting  61441       0 00000000    4 funshionDamaoMac-2.local. Addr 172.16.13.2
11-28 15:18:09.537 D/mdns    ( 4397): CheckCacheExpiration: Deleting  61441       0 00000000   16 funshionDamaoMac-2.local. AAAA FE80:0000:0000:0000:6A5B:35FF:FE81:A908
11-28 15:18:09.537 D/mdns    ( 4397): CheckCacheExpiration: Updating CacheGroup tail from 400D1488 to 400D32D8
11-28 15:18:09.537 D/mdns    ( 4397): m->NextCacheCheck   15 Slot 152 1048b152aa81@客厅的小米盒子._raop._tcp.local.
11-28 15:18:09.537 D/mdns    ( 4397): CheckCacheExpiration: Deleting  61441       0 00000000   30 1048b152aa81@客厅的小米盒子._raop._tcp.local. SRV 0 0 5000 milink-254969319.local.
11-28 15:18:09.537 D/mdns    ( 4397): CheckCacheExpiration: Deleting  61441       0 00000000  176 1048b152aa81@客厅的小米盒子._raop._tcp.local. TXT tp=UDP¦sm=false¦sv=false¦ek=1¦et=0,3,5¦cn=0,1¦ch=2¦ss=16¦sr=44100¦pw=false¦vn=3¦txtve
11-28 15:18:09.537 D/mdns    ( 4397): CheckCacheExpiration: Updating CacheGroup tail from 400D0B08 to 400D3F50
11-28 15:18:09.537 D/mdns    ( 4397): m->NextCacheCheck   16 Slot 166 milink-184250014.local.
11-28 15:18:09.537 D/mdns    ( 4397): CheckCacheExpiration: Deleting  61441       0 00000000    4 milink-184250014.local. Addr 172.16.13.193
11-28 15:18:09.537 D/mdns    ( 4397): CheckCacheExpiration: Updating CacheGroup tail from 400D1BA8 to 400D48D0
11-28 15:18:09.537 D/mdns    ( 4397): m->NextCacheCheck   17 Slot 178 c80e7740c781@优酷电视._raop._tcp.local.
11-28 15:18:09.537 D/mdns    ( 4397): CheckCacheExpiration: Deleting  61441       0 00000000   27 c80e7740c781@优酷电视._raop._tcp.local. SRV 0 0 5000 172-16-13-146.local.
11-28 15:18:09.537 D/mdns    ( 4397): CheckCacheExpiration: Deleting  61441       0 00000000  146 c80e7740c781@优酷电视._raop._tcp.local. TXT tp=UDP¦sm=false¦sv=false¦ek=1¦et=0,1¦cn=0,1¦ch=2¦ss=16¦sr=44100¦pw=false¦vn=3¦txtvers=1¦da=tr
11-28 15:18:09.537 D/mdns    ( 4397): CheckCacheExpiration: Updating CacheGroup tail from 400D3108 to 400D13F8
11-28 15:18:09.537 D/mdns    ( 4397): m->NextCacheCheck   18 Slot 179 Android-2.local.
11-28 15:18:09.537 D/mdns    ( 4397): CheckCacheExpiration: Deleting  61441       0 00000000    4 Android-2.local. Addr 172.16.13.147
11-28 15:18:09.537 D/mdns    ( 4397): CheckCacheExpiration: Deleting  61441       0 00000000   16 Android-2.local. AAAA FE80:0000:0000:0000:026D:0EFF:FE03:A545
11-28 15:18:09.537 D/mdns    ( 4397): CheckCacheExpiration: Deleting  61441       0 00000000   23 Android-2.local. NSEC Addr AAAA 
11-28 15:18:09.537 D/mdns    ( 4397): CheckCacheExpiration: Updating CacheGroup tail from 400D4078 to 400D61C0
11-28 15:18:09.537 D/mdns    ( 4397): m->NextCacheCheck   19 Slot 207 c80e7740c781@土豆大屏幕._raop._tcp.local.
11-28 15:18:09.537 D/mdns    ( 4397): CheckCacheExpiration: Deleting  61441       0 00000000   27 c80e7740c781@土豆大屏幕._raop._tcp.local. SRV 0 0 47349 172-16-13-146.local.
11-28 15:18:09.537 D/mdns    ( 4397): CheckCacheExpiration: Deleting  61441       0 00000000  146 c80e7740c781@土豆大屏幕._raop._tcp.local. TXT tp=UDP¦sm=false¦sv=false¦ek=1¦et=0,1¦cn=0,1¦ch=2¦ss=16¦sr=44100¦pw=false¦vn=3¦txtvers=1¦da
11-28 15:18:09.537 D/mdns    ( 4397): CheckCacheExpiration: Updating CacheGroup tail from 400D44A0 to 400D4540
11-28 15:18:09.537 D/mdns    ( 4397): m->NextCacheCheck   20 Slot 209 _raop._tcp.local.
11-28 15:18:09.537 D/mdns    ( 4397): CheckCacheExpiration: Deleting  61441       0 00000000   39 _raop._tcp.local. PTR 006d0e03a545@MiniMax._raop._tcp.local.
11-28 15:18:09.537 D/mdns    ( 4397): CheckCacheExpiration: Deleting  61441       0 00000000   53 _raop._tcp.local. PTR 1048b11ad489@客厅的小米盒子._raop._tcp.local.
11-28 15:18:09.537 D/mdns    ( 4397): CheckCacheExpiration: Deleting  61441       0 00000000   53 _raop._tcp.local. PTR 1048b111c283@客厅的小米盒子._raop._tcp.local.
11-28 15:18:09.537 D/mdns    ( 4397): CheckCacheExpiration: Deleting  61441       0 00000000   53 _raop._tcp.local. PTR 1048b15135aa@客厅的小米盒子._raop._tcp.local.
11-28 15:18:09.537 D/mdns    ( 4397): CheckCacheExpiration: Deleting  61441       0 00000000   38 _raop._tcp.local. PTR 1048b1282220@qqwwee._raop._tcp.local.
11-28 15:18:09.537 D/mdns    ( 4397): CheckCacheExpiration: Deleting  61441       0 00000000   53 _raop._tcp.local. PTR 1048b11cf011@客厅的小米盒子._raop._tcp.local.
11-28 15:18:09.537 D/mdns    ( 4397): CheckCacheExpiration: Updating CacheGroup tail from 400D6088 to 400D1F40
11-28 15:18:09.537 D/mdns    ( 4397): m->NextCacheCheck   21 Slot 217 _airplay._tcp.local.
11-28 15:18:09.537 D/mdns    ( 4397): CheckCacheExpiration: Deleting  61441       0 00000000   29 _airplay._tcp.local. PTR MiniMax._airplay._tcp.local.
11-28 15:18:09.537 D/mdns    ( 4397): CheckCacheExpiration: Deleting  61441       0 00000000   47 _airplay._tcp.local. PTR 客厅的小米盒子\032(5)._airplay._tcp.local.
11-28 15:18:09.537 D/mdns    ( 4397): CheckCacheExpiration: Deleting  61441       0 00000000   47 _airplay._tcp.local. PTR 客厅的小米盒子\032(2)._airplay._tcp.local.
11-28 15:18:09.537 D/mdns    ( 4397): CheckCacheExpiration: Deleting  61441       0 00000000   47 _airplay._tcp.local. PTR 客厅的小米盒子\032(4)._airplay._tcp.local.
11-28 15:18:09.537 D/mdns    ( 4397): CheckCacheExpiration: Updating CacheGroup tail from 400D5EC0 to 400D5678
11-28 15:18:09.537 D/mdns    ( 4397): m->NextCacheCheck   22 Slot 220 milink-254969319.local.
11-28 15:18:09.537 D/mdns    ( 4397): CheckCacheExpiration: Deleting  61441       0 00000000    4 milink-254969319.local. Addr 172.16.13.203
11-28 15:18:09.537 D/mdns    ( 4397): CheckCacheExpiration: Updating CacheGroup tail from 400D36F8 to 400D5120
11-28 15:18:09.537 D/mdns    ( 4397): m->NextCacheCheck   23 Slot 249 milink-199704365.local.
11-28 15:18:09.537 D/mdns    ( 4397): CheckCacheExpiration: Deleting  61441       0 00000000    4 milink-199704365.local. Addr 172.16.13.14
11-28 15:18:09.537 D/mdns    ( 4397): CheckCacheExpiration: Updating CacheGroup tail from 400DA010 to 400D1820
11-28 15:18:09.537 D/mdns    ( 4397): m->NextCacheCheck   24 Slot 264 milink-185090187.local.
11-28 15:18:09.537 D/mdns    ( 4397): CheckCacheExpiration: Deleting  61441       0 00000000    4 milink-185090187.local. Addr 172.16.13.167
11-28 15:18:09.537 D/mdns    ( 4397): CheckCacheExpiration: Updating CacheGroup tail from 400DB0B0 to 400D4118
11-28 15:18:09.537 D/mdns    ( 4397): m->NextCacheCheck   25 Slot 269 客厅的小米盒子\032(5)._airkan._tcp.local.
11-28 15:18:09.537 D/mdns    ( 4397): CheckCacheExpiration: Deleting  61441       0 00000000   30 客厅的小米盒子\032(5)._airkan._tcp.local. SRV 0 0 6088 milink-199704365.local.
11-28 15:18:09.537 D/mdns    ( 4397): CheckCacheExpiration: Deleting  61441       0 00000000  125 客厅的小米盒子\032(5)._airkan._tcp.local. TXT photoport=6089¦scrnw=1280¦scrnh=720¦protver=16777984¦prottext=Airkan Protocol Version 1.03¦plat
11-28 15:18:09.537 D/mdns    ( 4397): CheckCacheExpiration: Updating CacheGroup tail from 400D25C0 to 400D8690
11-28 15:18:09.537 D/mdns    ( 4397): m->NextCacheCheck   26 Slot 274 milink-203107814.local.
11-28 15:18:09.537 D/mdns    ( 4397): CheckCacheExpiration: Deleting  61441       0 00000000    4 milink-203107814.local. Addr 172.16.13.34
11-28 15:18:09.537 D/mdns    ( 4397): CheckCacheExpiration: Updating CacheGroup tail from 400D4E20 to 400D90A8
11-28 15:18:09.537 D/mdns    ( 4397): m->NextCacheCheck   27 Slot 286 milink-199855756.local.
11-28 15:18:09.537 D/mdns    ( 4397): CheckCacheExpiration: Deleting  61441       0 00000000    4 milink-199855756.local. Addr 172.16.13.131
11-28 15:18:09.537 D/mdns    ( 4397): CheckCacheExpiration: Updating CacheGroup tail from 400D3B20 to 400D68E0
11-28 15:18:09.537 D/mdns    ( 4397): m->NextCacheCheck   28 Slot 287 1048b1282220@qqwwee._raop._tcp.local.
11-28 15:18:09.537 D/mdns    ( 4397): CheckCacheExpiration: Deleting  61441       0 00000000   30 1048b1282220@qqwwee._raop._tcp.local. SRV 0 0 5000 milink-203107814.local.
11-28 15:18:09.537 D/mdns    ( 4397): CheckCacheExpiration: Deleting  61441       0 00000000  176 1048b1282220@qqwwee._raop._tcp.local. TXT tp=UDP¦sm=false¦sv=false¦ek=1¦et=0,3,5¦cn=0,1¦ch=2¦ss=16¦sr=44100¦pw=false¦vn=3¦txtvers=1¦da=true¦
11-28 15:18:09.537 D/mdns    ( 4397): CheckCacheExpiration: Updating CacheGroup tail from 400D2068 to 400D98F8
11-28 15:18:09.537 D/mdns    ( 4397): m->NextCacheCheck   29 Slot 297 _services._dns-sd._udp.local.
11-28 15:18:09.537 D/mdns    ( 4397): CheckCacheExpiration: Deleting  61441       0 00000000   18 _services._dns-sd._udp.local. PTR _raop._tcp.local.
11-28 15:18:09.537 D/mdns    ( 4397): CheckCacheExpiration: Deleting  61441       0 00000000   21 _services._dns-sd._udp.local. PTR _airplay._tcp.local.
11-28 15:18:09.537 D/mdns    ( 4397): CheckCacheExpiration: Updating CacheGroup tail from 400D88E8 to 400D8D18
11-28 15:18:09.537 D/mdns    ( 4397): m->NextCacheCheck   30 Slot 310 1048b11cf011@客厅的小米盒子._raop._tcp.local.
11-28 15:18:09.537 D/mdns    ( 4397): CheckCacheExpiration: Deleting  61441       0 00000000  176 1048b11cf011@客厅的小米盒子._raop._tcp.local. TXT tp=UDP¦sm=false¦sv=false¦ek=1¦et=0,3,5¦cn=0,1¦ch=2¦ss=16¦sr=44100¦pw=false¦vn=3¦txtve
11-28 15:18:09.537 D/mdns    ( 4397): CheckCacheExpiration: Deleting  61441       0 00000000   30 1048b11cf011@客厅的小米盒子._raop._tcp.local. SRV 0 0 5000 milink-199704365.local.
11-28 15:18:09.537 D/mdns    ( 4397): CheckCacheExpiration: Updating CacheGroup tail from 400D9690 to 400D4BC8
11-28 15:18:09.537 D/mdns    ( 4397): m->NextCacheCheck   31 Slot 325 客厅的小米盒子\032(2)._airplay._tcp.local.
11-28 15:18:09.537 D/mdns    ( 4397): CheckCacheExpiration: Deleting  61441       0 00000000   30 客厅的小米盒子\032(2)._airplay._tcp.local. SRV 0 0 7000 milink-200077498.local.
11-28 15:18:09.537 D/mdns    ( 4397): CheckCacheExpiration: Deleting  61441       0 00000000   94 客厅的小米盒子\032(2)._airplay._tcp.local. TXT deviceid=10:48:b1:11:c2:83¦features=0x100029ff¦flags=0x4¦model=AppleTV3,1¦srcvers=150.33¦vv=1
11-28 15:18:09.537 D/mdns    ( 4397): CheckCacheExpiration: Updating CacheGroup tail from 400D1948 to 400D7428
11-28 15:18:09.537 D/mdns    ( 4397): m->NextCacheCheck   32 Slot 334 _airkan._tcp.local.
11-28 15:18:09.537 D/mdns    ( 4397): CheckCacheExpiration: Deleting  61441       0 00000000   46 _airkan._tcp.local. PTR 客厅的小米盒子\032(3)._airkan._tcp.local.
11-28 15:18:09.537 D/mdns    ( 4397): CheckCacheExpiration: Deleting  61441       0 00000000   42 _airkan._tcp.local. PTR 客厅的小米盒子._airkan._tcp.local.
11-28 15:18:09.537 D/mdns    ( 4397): CheckCacheExpiration: Deleting  61441       0 00000000   46 _airkan._tcp.local. PTR 客厅的小米盒子\032(5)._airkan._tcp.local.
11-28 15:18:09.537 D/mdns    ( 4397): CheckCacheExpiration: Deleting  61441       0 00000000   27 _airkan._tcp.local. PTR qqwwee._airkan._tcp.local.
11-28 15:18:09.537 D/mdns    ( 4397): CheckCacheExpiration: Updating CacheGroup tail from 400D6710 to 400D7A18
11-28 15:18:09.537 D/mdns    ( 4397): m->NextCacheCheck   33 Slot 337 客厅的小米盒子._rc._tcp.local.
11-28 15:18:09.537 D/mdns    ( 4397): CheckCacheExpiration: Deleting  61441       0 00000000   30 客厅的小米盒子._rc._tcp.local. SRV 0 0 6091 milink-254969319.local.
11-28 15:18:09.537 D/mdns    ( 4397): CheckCacheExpiration: Deleting  61441       0 00000000  230 客厅的小米盒子._rc._tcp.local. TXT protver=16777472¦prottext=Remote Controller Protocol Version 1.0.1.0¦platform_id=205¦scrnw=1280¦scrnh=720¦
11-28 15:18:09.537 D/mdns    ( 4397): CheckCacheExpiration: Updating CacheGroup tail from 400D2528 to 400D3240
11-28 15:18:09.537 D/mdns    ( 4397): m->NextCacheCheck   34 Slot 351 客厅的小米盒子\032(4)._airplay._tcp.local.
11-28 15:18:09.537 D/mdns    ( 4397): CheckCacheExpiration: Deleting  61441       0 00000000   30 客厅的小米盒子\032(4)._airplay._tcp.local. SRV 0 0 7000 milink-199704365.local.
11-28 15:18:09.537 D/mdns    ( 4397): CheckCacheExpiration: Deleting  61441       0 00000000   94 客厅的小米盒子\032(4)._airplay._tcp.local. TXT deviceid=10:48:b1:1c:f0:11¦features=0x100029ff¦flags=0x4¦model=AppleTV3,1¦srcvers=150.33¦vv=1
11-28 15:18:09.537 D/mdns    ( 4397): CheckCacheExpiration: Updating CacheGroup tail from 400D3070 to 400D1658
11-28 15:18:09.537 D/mdns    ( 4397): m->NextCacheCheck   35 Slot 352 zhangsqtekiiMac-2.local.
11-28 15:18:09.537 D/mdns    ( 4397): CheckCacheExpiration: Deleting  61441       0 00000000    4 zhangsqtekiiMac-2.local. Addr 172.16.13.45
11-28 15:18:09.537 D/mdns    ( 4397): CheckCacheExpiration: Deleting  61441       0 00000000   16 zhangsqtekiiMac-2.local. AAAA FE80:0000:0000:0000:6A5B:35FF:FE81:4544
11-28 15:18:09.537 D/mdns    ( 4397): CheckCacheExpiration: Deleting  61441       0 00000000   31 zhangsqtekiiMac-2.local. NSEC Addr AAAA 
11-28 15:18:09.537 D/mdns    ( 4397): CheckCacheExpiration: Updating CacheGroup tail from 400D26F0 to 400D4EC0
11-28 15:18:09.537 D/mdns    ( 4397): m->NextCacheCheck   36 Slot 364 客厅的小米盒子\032(5)._airplay._tcp.local.
11-28 15:18:09.537 D/mdns    ( 4397): CheckCacheExpiration: Deleting  61441       0 00000000   30 客厅的小米盒子\032(5)._airplay._tcp.local. SRV 0 0 7000 milink-199422877.local.
11-28 15:18:09.537 D/mdns    ( 4397): CheckCacheExpiration: Deleting  61441       0 00000000   94 客厅的小米盒子\032(5)._airplay._tcp.local. TXT deviceid=10:48:b1:1a:d4:89¦features=0x100029ff¦flags=0x4¦model=AppleTV3,1¦srcvers=150.33¦vv=1
11-28 15:18:09.537 D/mdns    ( 4397): CheckCacheExpiration: Updating CacheGroup tail from 400D1190 to 400D54B0
11-28 15:18:09.537 D/mdns    ( 4397): m->NextCacheCheck   37 Slot 366 1048b15135aa@客厅的小米盒子._raop._tcp.local.
11-28 15:18:09.537 D/mdns    ( 4397): CheckCacheExpiration: Deleting  61441       0 00000000  176 1048b15135aa@客厅的小米盒子._raop._tcp.local. TXT tp=UDP¦sm=false¦sv=false¦ek=1¦et=0,3,5¦cn=0,1¦ch=2¦ss=16¦sr=44100¦pw=false¦vn=3¦txtve
11-28 15:18:09.537 D/mdns    ( 4397): CheckCacheExpiration: Deleting  61441       0 00000000   30 1048b15135aa@客厅的小米盒子._raop._tcp.local. SRV 0 0 5000 milink-199855756.local.
11-28 15:18:09.537 D/mdns    ( 4397): CheckCacheExpiration: Updating CacheGroup tail from 400D5410 to 400D4A00
11-28 15:18:09.537 D/mdns    ( 4397): m->NextCacheCheck   38 Slot 372 5.4.5.A.3.0.E.F.F.F.E.0.D.6.2.0.0.0.0.0.0.0.0.0.0.0.0.0.0.8.E.F.ip6.arpa.
11-28 15:18:09.537 D/mdns    ( 4397): CheckCacheExpiration: Deleting  61441       0 00000000   17 5.4.5.A.3.0.E.F.F.F.E.0.D.6.2.0.0.0.0.0.0.0.0.0.0.0.0.0.0.8.E.F.ip6.arpa. PTR Android-2.local.
11-28 15:18:09.537 D/mdns    ( 4397): CheckCacheExpiration: Deleting  61441       0 00000000   78 5.4.5.A.3.0.E.F.F.F.E.0.D.6.2.0.0.0.0.0.0.0.0.0.0.0.0.0.0.8.E.F.ip6.arpa. NSEC PTR 
11-28 15:18:09.537 D/mdns    ( 4397): CheckCacheExpiration: Updating CacheGroup tail from 400DAA28 to 400D42E0
11-28 15:18:09.537 D/mdns    ( 4397): m->NextCacheCheck   39 Slot 386 006d0e03a545@优酷电视._raop._tcp.local.
11-28 15:18:09.537 D/mdns    ( 4397): CheckCacheExpiration: Deleting  61441       0 00000000   27 006d0e03a545@优酷电视._raop._tcp.local. SRV 0 0 5000 172-16-13-147.local.
11-28 15:18:09.537 D/mdns    ( 4397): CheckCacheExpiration: Deleting  61441       0 00000000  146 006d0e03a545@优酷电视._raop._tcp.local. TXT tp=UDP¦sm=false¦sv=false¦ek=1¦et=0,1¦cn=0,1¦ch=2¦ss=16¦sr=44100¦pw=false¦vn=3¦txtvers=1¦da=tr
11-28 15:18:09.537 D/mdns    ( 4397): CheckCacheExpiration: Updating CacheGroup tail from 400D7AA8 to 400D2C50
11-28 15:18:09.537 D/mdns    ( 4397): m->NextCacheCheck   40 Slot 409 qqwwee._airkan._tcp.local.
11-28 15:18:09.537 D/mdns    ( 4397): CheckCacheExpiration: Deleting  61441       0 00000000   30 qqwwee._airkan._tcp.local. SRV 0 0 6088 milink-203107814.local.
11-28 15:18:09.537 D/mdns    ( 4397): CheckCacheExpiration: Deleting  61441       0 00000000  125 qqwwee._airkan._tcp.local. TXT photoport=6089¦scrnw=1280¦scrnh=720¦protver=16777984¦prottext=Airkan Protocol Version 1.03¦platform_id=205¦music_ver
11-28 15:18:09.537 D/mdns    ( 4397): CheckCacheExpiration: Updating CacheGroup tail from 400D6548 to 400D4A98
11-28 15:18:09.537 D/mdns    ( 4397): m->NextCacheCheck   41 Slot 415 1048b118a129@hello\032mibox._raop._tcp.local.
11-28 15:18:09.537 D/mdns    ( 4397): CheckCacheExpiration: Deleting  61441       0 00000000  176 1048b118a129@hello\032mibox._raop._tcp.local. TXT tp=UDP¦sm=false¦sv=false¦ek=1¦et=0,3,5¦cn=0,1¦ch=2¦ss=16¦sr=44100¦pw=false¦vn=3¦txtvers=1¦d
11-28 15:18:09.537 D/mdns    ( 4397): CheckCacheExpiration: Deleting  61441       0 00000000   30 1048b118a129@hello\032mibox._raop._tcp.local. SRV 0 0 5000 milink-185090187.local.
11-28 15:18:09.537 D/mdns    ( 4397): CheckCacheExpiration: Updating CacheGroup tail from 400DB018 to 400D9DB8
11-28 15:18:09.537 D/mdns    ( 4397): m->NextCacheCheck   42 Slot 447 milink-200077498.local.
11-28 15:18:09.537 D/mdns    ( 4397): CheckCacheExpiration: Deleting  61441       0 00000000    4 milink-200077498.local. Addr 172.16.13.187
11-28 15:18:09.537 D/mdns    ( 4397): CheckCacheExpiration: Updating CacheGroup tail from 400D4240 to 400D87C0
11-28 15:18:09.537 D/mdns    ( 4397): m->NextCacheCheck   43 Slot 463 1048b14f6932@客厅的小米盒子._raop._tcp.local.
11-28 15:18:09.537 D/mdns    ( 4397): CheckCacheExpiration: Deleting  61441       0 00000000   30 1048b14f6932@客厅的小米盒子._raop._tcp.local. SRV 0 0 5000 milink-184250014.local.
11-28 15:18:09.537 D/mdns    ( 4397): CheckCacheExpiration: Deleting  61441       0 00000000  176 1048b14f6932@客厅的小米盒子._raop._tcp.local. TXT tp=UDP¦sm=false¦sv=false¦ek=1¦et=0,3,5¦cn=0,1¦ch=2¦ss=16¦sr=44100¦pw=false¦vn=3¦txtve
11-28 15:18:09.537 D/mdns    ( 4397): CheckCacheExpiration: Updating CacheGroup tail from 400D65E0 to 400D5380
11-28 15:18:09.537 D/mdns    ( 4397): m->NextCacheCheck   44 checked, next in 1071550327
11-28 15:18:09.537 D/mdns    ( 4397): mDNS_Execute: Skipping LocalAuthRecord    4 Android-2.local. Addr 172.16.13.147
11-28 15:18:09.537 D/mdns    ( 4397): mDNS_Execute: Delivering Add event with LocalAuthRecord   17 147.13.16.172.in-addr.arpa. PTR Android-2.local.
11-28 15:18:09.537 D/mdns    ( 4397): mDNS_Execute: Skipping LocalAuthRecord   16 Android-2.local. AAAA FE80:0000:0000:0000:026D:0EFF:FE03:A545
11-28 15:18:09.537 D/mdns    ( 4397): mDNS_Execute: Delivering Add event with LocalAuthRecord   17 5.4.5.A.3.0.E.F.F.F.E.0.D.6.2.0.0.0.0.0.0.0.0.0.0.0.0.0.0.8.E.F.ip6.arpa. PTR Android-2.local.
11-28 15:18:09.537 D/mdns    ( 4397): mDNS_Execute: Setting NewLocalRecords to    4 Android-2.local. Addr 172.16.13.147
11-28 15:18:09.567 D/WifiSetting(14128): handleEvent action:android.net.wifi.SCAN_RESULTS
11-28 15:18:09.597 D/mdns    ( 4397): mDNS_Execute
11-28 15:18:09.597 D/mdns    ( 4397): mDNS_Execute: Skipping LocalAuthRecord    4 Android-2.local. Addr 172.16.13.147
11-28 15:18:09.597 D/mdns    ( 4397): mDNS_Execute: Skipping LocalAuthRecord   16 Android-2.local. AAAA FE80:0000:0000:0000:026D:0EFF:FE03:A545
11-28 15:18:09.597 D/mdns    ( 4397): mDNS_Execute: Setting NewLocalRecords to    4 Android-2.local. Addr 172.16.13.147
11-28 15:18:09.607 D/cocos2d-x debug info(14128): trace_frame: 59.374783
11-28 15:18:09.627 D/cocos2d-x debug info(14128): JS: launcher.eventCenter.onWifiStateChanged
11-28 15:18:09.627 D/cocos2d-x debug info(14128): JS: ImageLoader:cancelImageLoad url=http://img.funshion.com/pictures/media/list/116/794/116794_360_504_ott_poster.jpg?1415848942
11-28 15:18:09.627 D/cocos2d-x debug info(14128): JS: ImageLoader:cancelImageLoad url=http://img.funshion.com/pictures/media/list/732/82/73282_360_504_ott_poster.jpg?1415587330
11-28 15:18:09.627 D/cocos2d-x debug info(14128): JS: HomeListAdapter: isItemTypeOf(1)=true
11-28 15:18:09.627 D/cocos2d-x debug info(14128): JS: updateStatus--
11-28 15:18:09.627 D/cocos2d-x debug info(14128): JS: begin home url=http://img.funshion.com/pictures/media/list/113/562/113562_360_504_ott_poster.jpg?1416798988
11-28 15:18:09.627 D/cocos2d-x debug info(14128): JS: mImageNode equal imageInfo.mUrl=http://img.funshion.com/pictures/media/list/113/562/113562_360_504_ott_poster.jpg?1416798988
11-28 15:18:09.627 D/cocos2d-x debug info(14128): JS: funtv.ImageLoader.sImagePath=/data/data/tv.fun.launcher/files/fun_download/d9/74ba69abd71b0cb388ac8c877f5f96.png
11-28 15:18:09.647 D/cocos2d-x debug info(14128): cocos2d: fullPathForFilename: No file found at Arial. Possible missing file.
11-28 15:18:09.647 D/cocos2d-x debug info(14128): cocos2d: fullPathForFilename: No file found at Arial. Possible missing file.
11-28 15:18:09.647 D/cocos2d-x debug info(14128): trace_frame: 7.376916
11-28 15:18:09.657 D/cocos2d-x debug info(14128): JS: HomeListAdapter: isItemTypeOf(0)=false
11-28 15:18:09.657 D/cocos2d-x debug info(14128): JS: HomeItemUI-- all--home_more_h
11-28 15:18:09.667 D/cocos2d-x debug info(14128): JS: HomeMoreH--hot_movie
11-28 15:18:09.677 D/mdns    ( 4397): mDNS_Execute
11-28 15:18:09.677 D/mdns    ( 4397): mDNS_Execute: Skipping LocalAuthRecord    4 Android-2.local. Addr 172.16.13.147
11-28 15:18:09.677 D/mdns    ( 4397): mDNS_Execute: Skipping LocalAuthRecord   16 Android-2.local. AAAA FE80:0000:0000:0000:026D:0EFF:FE03:A545
11-28 15:18:09.677 D/mdns    ( 4397): mDNS_Execute: Setting NewLocalRecords to    4 Android-2.local. Addr 172.16.13.147
11-28 15:18:09.687 D/cocos2d-x debug info(14128): JS: ImageLoader:cancelImageLoad url=http://img.funshion.com/pictures/media/list/106/940/106940_360_504_ott_poster.jpg?1413946029
11-28 15:18:09.737 D/cocos2d-x debug info(14128): trace_frame: 52.912857
11-28 15:18:09.787 D/cocos2d-x debug info(14128): JS: ImageLoader:cancelImageLoad url=http://img.funshion.com/pictures/media/list/115/328/115328_360_504_ott_poster.jpg?1416365769
11-28 15:18:09.837 D/cocos2d-x debug info(14128): trace_frame: 59.985008
11-28 15:18:09.907 D/launcher_auto(14128): launcher_auto: sendkey and wait.
11-28 15:18:09.937 D/cocos2d-x debug info(14128): JS: HomeMovTVCarVarH--setSelectedItem--true
11-28 15:18:09.937 D/cocos2d-x debug info(14128): JS: HomeListAdapter: onTurnPage
11-28 15:18:09.937 D/JniHelper(14128): JniHelper::getJavaVM(), pthread_self() = 1529184920
11-28 15:18:09.937 D/cocos2d-x debug info(14128): cocos2d: TextureCache: removing unused texture: /data/data/tv.fun.launcher/files/fun_download/ba/a1a3116d0f28509cedbeb432aec338.png
11-28 15:18:09.947 D/cocos2d-x debug info(14128): cocos2d: TextureCache: removing unused texture: /data/data/tv.fun.launcher/files/fun_download/3e/7802ac9c842a5beacef0c817121417.png
11-28 15:18:09.947 D/cocos2d-x debug info(14128): cocos2d: TextureCache: removing unused texture: /data/data/tv.fun.launcher/files/fun_download/98/396960f0cf607d06ecc99414c4527e.png
11-28 15:18:09.947 D/cocos2d-x debug info(14128): cocos2d: TextureCache: removing unused texture: /data/data/tv.fun.launcher/files/fun_download/2f/502286b3bf394d88f8fecb8c98e69d.png
11-28 15:18:09.947 D/cocos2d-x debug info(14128): trace_frame: 59.888008
11-28 15:18:09.967 D/mdns    ( 4397): SocketDataReady got a packet from 172.16.13.131 to 224.0.0.251 on interface 172.16.13.147/wlan0/7/268
11-28 15:18:09.967 D/mdns    ( 4397): Received Response from 172.16.13.131   addressed to 224.0.0.251     on 412B7B50 with  0 Questions,  3 Answers,  0 Authorities,  0 Additionals 198 bytes LLQType 0
11-28 15:18:10.037 D/mdns    ( 4397): mDNS_Execute
11-28 15:18:10.037 D/mdns    ( 4397): mDNS_Execute: Skipping LocalAuthRecord    4 Android-2.local. Addr 172.16.13.147
11-28 15:18:10.037 D/mdns    ( 4397): mDNS_Execute: Skipping LocalAuthRecord   16 Android-2.local. AAAA FE80:0000:0000:0000:026D:0EFF:FE03:A545
11-28 15:18:10.037 D/mdns    ( 4397): mDNS_Execute: Setting NewLocalRecords to    4 Android-2.local. Addr 172.16.13.147
11-28 15:18:10.037 D/mdns    ( 4397): SendQueries:   Put Question 006d0e03a545@MiniMax._raop._tcp.local. (SRV) probecount 2
11-28 15:18:10.037 D/mdns    ( 4397): SendQueries:   Put Question MiniMax._airplay._tcp.local. (SRV) probecount 2
11-28 15:18:10.037 D/mdns    ( 4397): SendQueries:   Put Question Android-2.local. (Addr) probecount 2
11-28 15:18:10.037 D/mdns    ( 4397): SendQueries:   Put Question Android-2.local. (AAAA) probecount 2
11-28 15:18:10.037 D/mdns    ( 4397): SendQueries putting   24 . OPT Max 1440 Vers 0 Seq   0 MAC 00:00:00:00:00:00 I-MAC 2D:32:05:6C:6F:63
11-28 15:18:10.037 D/mdns    ( 4397): SendQueries:   Sending 4 Questions 0 Answers 4 Updates on 412B7B50
11-28 15:18:10.037 D/mdns    ( 4397): SocketDataReady got a packet from 172.16.13.147 to 224.0.0.251 on interface 172.16.13.147/wlan0/7/268
11-28 15:18:10.037 D/mdns    ( 4397): Received Query from 172.16.13.147  :5353  to 224.0.0.251    :5353  on 0x412B7B50 with  4 Questions,  0 Answers,  4 Authorities,  1 Additional  201 bytes
11-28 15:18:10.037 D/mdns    ( 4397): SocketDataReady got a packet from FE80:0000:0000:0000:026D:0EFF:FE03:A545 to FF02:0000:0000:0000:0000:0000:0000:00FB on interface 172.16.13.147/wlan0/7/269
11-28 15:18:10.037 D/mdns    ( 4397): Received Query from FE80:0000:0000:0000:026D:0EFF:FE03:A545:5353  to FF02:0000:0000:0000:0000:0000:0000:00FB:5353  on 0x412B7B50 with  4 Questions,  0 Answers,  4 Authorities,  1 Additional  201 bytes
11-28 15:18:10.047 D/cocos2d-x debug info(14128): trace_frame: 57.839695
11-28 15:18:10.137 D/mdns    ( 4397): mDNS_Execute
11-28 15:18:10.137 D/mdns    ( 4397): mDNS_Execute: Skipping LocalAuthRecord    4 Android-2.local. Addr 172.16.13.147
11-28 15:18:10.137 D/mdns    ( 4397): mDNS_Execute: Skipping LocalAuthRecord   16 Android-2.local. AAAA FE80:0000:0000:0000:026D:0EFF:FE03:A545
11-28 15:18:10.137 D/mdns    ( 4397): mDNS_Execute: Setting NewLocalRecords to    4 Android-2.local. Addr 172.16.13.147
11-28 15:18:10.157 D/cocos2d-x debug info(14128): trace_frame: 62.065540
11-28 15:18:10.267 D/cocos2d-x debug info(14128): trace_frame: 60.053875
11-28 15:18:10.287 D/mdns    ( 4397): mDNS_Execute
11-28 15:18:10.287 D/mdns    ( 4397): mDNS_Execute: Skipping LocalAuthRecord    4 Android-2.local. Addr 172.16.13.147
11-28 15:18:10.287 D/mdns    ( 4397): mDNS_Execute: Skipping LocalAuthRecord   16 Android-2.local. AAAA FE80:0000:0000:0000:026D:0EFF:FE03:A545
11-28 15:18:10.287 D/mdns    ( 4397): mDNS_Execute: Setting NewLocalRecords to    4 Android-2.local. Addr 172.16.13.147
11-28 15:18:10.287 D/mdns    ( 4397): SendQueries:   Put Question 006d0e03a545@MiniMax._raop._tcp.local. (SRV) probecount 1
11-28 15:18:10.287 D/mdns    ( 4397): SendQueries:   Put Question MiniMax._airplay._tcp.local. (SRV) probecount 1
11-28 15:18:10.287 D/mdns    ( 4397): SendQueries:   Put Question Android-2.local. (Addr) probecount 1
11-28 15:18:10.287 D/mdns    ( 4397): SendQueries:   Put Question Android-2.local. (AAAA) probecount 1
11-28 15:18:10.287 D/mdns    ( 4397): SendQueries putting   24 . OPT Max 1440 Vers 0 Seq   0 MAC 00:00:00:00:00:00 I-MAC 2D:32:05:6C:6F:63
11-28 15:18:10.287 D/mdns    ( 4397): SendQueries:   Sending 4 Questions 0 Answers 4 Updates on 412B7B50
11-28 15:18:10.287 D/mdns    ( 4397): SocketDataReady got a packet from 172.16.13.147 to 224.0.0.251 on interface 172.16.13.147/wlan0/7/268
11-28 15:18:10.287 D/mdns    ( 4397): Received Query from 172.16.13.147  :5353  to 224.0.0.251    :5353  on 0x412B7B50 with  4 Questions,  0 Answers,  4 Authorities,  1 Additional  201 bytes
11-28 15:18:10.287 D/mdns    ( 4397): SocketDataReady got a packet from FE80:0000:0000:0000:026D:0EFF:FE03:A545 to FF02:0000:0000:0000:0000:0000:0000:00FB on interface 172.16.13.147/wlan0/7/269
11-28 15:18:10.287 D/mdns    ( 4397): Received Query from FE80:0000:0000:0000:026D:0EFF:FE03:A545:5353  to FF02:0000:0000:0000:0000:0000:0000:00FB:5353  on 0x412B7B50 with  4 Questions,  0 Answers,  4 Authorities,  1 Additional  201 bytes
11-28 15:18:10.367 D/cocos2d-x debug info(14128): trace_frame: 59.979607
11-28 15:18:10.387 D/mdns    ( 4397): mDNS_Execute
11-28 15:18:10.387 D/mdns    ( 4397): mDNS_Execute: Skipping LocalAuthRecord    4 Android-2.local. Addr 172.16.13.147
11-28 15:18:10.387 D/mdns    ( 4397): mDNS_Execute: Skipping LocalAuthRecord   16 Android-2.local. AAAA FE80:0000:0000:0000:026D:0EFF:FE03:A545
11-28 15:18:10.387 D/mdns    ( 4397): mDNS_Execute: Setting NewLocalRecords to    4 Android-2.local. Addr 172.16.13.147
11-28 15:18:10.417 D/cocos2d-x debug info(14128): JS: HomeMainScene Key down:156
11-28 15:18:10.417 D/cocos2d-x debug info(14128): JS: FunTableView:onClick key=156, isPress=true
11-28 15:18:10.427 D/cocos2d-x debug info(14128): JS: OnClick: Direction_Left press...
11-28 15:18:10.427 D/cocos2d-x debug info(14128): JS: onKeyPressLeft
11-28 15:18:10.427 D/cocos2d-x debug info(14128): JS: moveFocus
11-28 15:18:10.427 D/cocos2d-x debug info(14128): JS: HomeMovTVCarVarH--setSelectedItem--false
11-28 15:18:10.427 D/cocos2d-x debug info(14128): JS: zhangmd:FunTableView:moveFocus, fromsize is:(340,562),tosize is:(340,562)
11-28 15:18:10.427 D/cocos2d-x debug info(14128): JS:  HomeMainScene Key up:156
11-28 15:18:10.427 D/cocos2d-x debug info(14128): JS: FunTableView:onClick key=156, isPress=false
11-28 15:18:10.477 D/cocos2d-x debug info(14128): trace_frame: 59.771671
11-28 15:18:10.537 D/mdns    ( 4397): mDNS_Execute
11-28 15:18:10.537 D/mdns    ( 4397): mDNS_Execute: Skipping LocalAuthRecord    4 Android-2.local. Addr 172.16.13.147
11-28 15:18:10.537 D/mdns    ( 4397): mDNS_Execute: Skipping LocalAuthRecord   16 Android-2.local. AAAA FE80:0000:0000:0000:026D:0EFF:FE03:A545
11-28 15:18:10.537 D/mdns    ( 4397): mDNS_Execute: Setting NewLocalRecords to    4 Android-2.local. Addr 172.16.13.147
11-28 15:18:10.537 D/mdns    ( 4397): mDNS_HostNameCallback: Android-2.local. (Addr) Name registered (0)
11-28 15:18:10.537 D/mdns    ( 4397): mDNS_HostNameCallback: Android-2.local. (AAAA) Name registered (0)
11-28 15:18:10.537 D/mdns    ( 4397): SendQueries:   Put Question 006d0e03a545@MiniMax._raop._tcp.local. (SRV) probecount 0
11-28 15:18:10.537 D/mdns    ( 4397): SendQueries:   Put Question MiniMax._airplay._tcp.local. (SRV) probecount 0
11-28 15:18:10.537 D/mdns    ( 4397): SendQueries:   Put Question Android-2.local. (Addr) probecount 0
11-28 15:18:10.537 D/mdns    ( 4397): SendQueries:   Put Question Android-2.local. (AAAA) probecount 0
11-28 15:18:10.537 D/mdns    ( 4397): SendQueries putting   24 . OPT Max 1440 Vers 0 Seq   0 MAC 00:00:00:00:00:00 I-MAC 2D:32:05:6C:6F:63
11-28 15:18:10.537 D/mdns    ( 4397): SendQueries:   Sending 4 Questions 0 Answers 4 Updates on 412B7B50
11-28 15:18:10.537 D/mdns    ( 4397): SocketDataReady got a packet from 172.16.13.147 to 224.0.0.251 on interface 172.16.13.147/wlan0/7/268
11-28 15:18:10.537 D/mdns    ( 4397): Received Query from 172.16.13.147  :5353  to 224.0.0.251    :5353  on 0x412B7B50 with  4 Questions,  0 Answers,  4 Authorities,  1 Additional  201 bytes
11-28 15:18:10.537 D/mdns    ( 4397): SocketDataReady got a packet from FE80:0000:0000:0000:026D:0EFF:FE03:A545 to FF02:0000:0000:0000:0000:0000:0000:00FB on interface 172.16.13.147/wlan0/7/269
11-28 15:18:10.537 D/mdns    ( 4397): Received Query from FE80:0000:0000:0000:026D:0EFF:FE03:A545:5353  to FF02:0000:0000:0000:0000:0000:0000:00FB:5353  on 0x412B7B50 with  4 Questions,  0 Answers,  4 Authorities,  1 Additional  201 bytes
11-28 15:18:10.587 D/mdns    ( 4397): SocketDataReady got a packet from 172.16.13.34 to 224.0.0.251 on interface 172.16.13.147/wlan0/7/268
11-28 15:18:10.587 D/mdns    ( 4397): Received Response from 172.16.13.34    addressed to 224.0.0.251     on 412B7B50 with  0 Questions,  3 Answers,  0 Authorities,  0 Additionals 183 bytes LLQType 0
11-28 15:18:10.587 D/cocos2d-x debug info(14128): trace_frame: 60.083260
11-28 15:18:10.637 D/mdns    ( 4397): mDNS_Execute
11-28 15:18:10.637 D/mdns    ( 4397): mDNS_Execute: Skipping LocalAuthRecord    4 Android-2.local. Addr 172.16.13.147
11-28 15:18:10.637 D/mdns    ( 4397): mDNS_Execute: Skipping LocalAuthRecord   16 Android-2.local. AAAA FE80:0000:0000:0000:026D:0EFF:FE03:A545
11-28 15:18:10.637 D/mdns    ( 4397): mDNS_Execute: Setting NewLocalRecords to    4 Android-2.local. Addr 172.16.13.147
11-28 15:18:10.657 D/cocos2d-x debug info(14128): JS: HomeMovTVCarVarH--setSelectedItem--true
11-28 15:18:10.677 D/mdns    ( 4397): mDNS_Execute
11-28 15:18:10.677 D/mdns    ( 4397): mDNS_Execute: Skipping LocalAuthRecord    4 Android-2.local. Addr 172.16.13.147
11-28 15:18:10.677 D/mdns    ( 4397): mDNS_Execute: Skipping LocalAuthRecord   16 Android-2.local. AAAA FE80:0000:0000:0000:026D:0EFF:FE03:A545
11-28 15:18:10.677 D/mdns    ( 4397): mDNS_Execute: Setting NewLocalRecords to    4 Android-2.local. Addr 172.16.13.147
11-28 15:18:10.677 D/mdns    ( 4397): SendResponses: Next in 363 ticks
11-28 15:18:10.687 D/cocos2d-x debug info(14128): trace_frame: 59.430065
11-28 15:18:10.787 D/mdns    ( 4397): mDNS_Execute
11-28 15:18:10.787 D/mdns    ( 4397): mDNS_Execute: Skipping LocalAuthRecord    4 Android-2.local. Addr 172.16.13.147
11-28 15:18:10.787 D/mdns    ( 4397): mDNS_Execute: Skipping LocalAuthRecord   16 Android-2.local. AAAA FE80:0000:0000:0000:026D:0EFF:FE03:A545
11-28 15:18:10.787 D/mdns    ( 4397): mDNS_Execute: Setting NewLocalRecords to    4 Android-2.local. Addr 172.16.13.147
11-28 15:18:10.787 D/mdns    ( 4397): Announcing 006d0e03a545@MiniMax._raop._tcp.local. (TXT) 7
11-28 15:18:10.787 D/mdns    ( 4397): Announcing _services._dns-sd._udp.local. (PTR) 7
11-28 15:18:10.787 D/mdns    ( 4397): Announcing _raop._tcp.local. (PTR) 7
11-28 15:18:10.787 D/mdns    ( 4397): Announcing MiniMax._airplay._tcp.local. (TXT) 7
11-28 15:18:10.787 D/mdns    ( 4397): Announcing _services._dns-sd._udp.local. (PTR) 7
11-28 15:18:10.787 D/mdns    ( 4397): Announcing _airplay._tcp.local. (PTR) 7
11-28 15:18:10.787 D/mdns    ( 4397): Announcing 006d0e03a545@MiniMax._raop._tcp.local. (SRV) 7
11-28 15:18:10.787 D/mdns    ( 4397): Announcing MiniMax._airplay._tcp.local. (SRV) 7
11-28 15:18:10.787 D/mdns    ( 4397): Announcing 147.13.16.172.in-addr.arpa. (PTR) 7
11-28 15:18:10.787 D/mdns    ( 4397): Announcing 5.4.5.A.3.0.E.F.F.F.E.0.D.6.2.0.0.0.0.0.0.0.0.0.0.0.0.0.0.8.E.F.ip6.arpa. (PTR) 7
11-28 15:18:10.787 D/mdns    ( 4397): Announcing Android-2.local. (Addr) 7
11-28 15:18:10.787 D/mdns    ( 4397): Announcing Android-2.local. (AAAA) 7
11-28 15:18:10.787 D/mdns    ( 4397): SendResponses put     24 . OPT Max 1440 Vers 0 Seq   0 MAC 00:00:00:00:00:00 I-MAC 2D:32:05:6C:6F:63
11-28 15:18:10.787 D/mdns    ( 4397): SendResponses: Sending 0 Deregistrations, 12 Announcements, 0 Answers, 6 Additionals on 412B7B50
11-28 15:18:10.787 D/mdns    ( 4397): SendResponses: Next in 1024 ticks
11-28 15:18:10.787 D/mdns    ( 4397): mDNS_Execute
11-28 15:18:10.787 D/mdns    ( 4397): mDNS_Execute: Delivering Add event with LocalAuthRecord    4 Android-2.local. Addr 172.16.13.147
11-28 15:18:10.787 D/mdns    ( 4397): mDNS_Execute: Delivering Add event with LocalAuthRecord   16 Android-2.local. AAAA FE80:0000:0000:0000:026D:0EFF:FE03:A545
11-28 15:18:10.787 D/mdns    ( 4397): mDNS_Execute: Setting NewLocalRecords to NULL
11-28 15:18:10.787 D/mdns    ( 4397): SocketDataReady got a packet from 172.16.13.147 to 224.0.0.251 on interface 172.16.13.147/wlan0/7/268
11-28 15:18:10.787 D/mdns    ( 4397): Received Response from 172.16.13.147   addressed to 224.0.0.251     on 412B7B50 with  0 Questions, 12 Answers,  0 Authorities,  6 Additionals 690 bytes LLQType 0
11-28 15:18:10.787 D/mdns    ( 4397): SocketDataReady got a packet from FE80:0000:0000:0000:026D:0EFF:FE03:A545 to FF02:0000:0000:0000:0000:0000:0000:00FB on interface 172.16.13.147/wlan0/7/269
11-28 15:18:10.787 D/mdns    ( 4397): Received Response from FE80:0000:0000:0000:026D:0EFF:FE03:A545 addressed to FF02:0000:0000:0000:0000:0000:0000:00FB on 412B7B50 with  0 Questions, 12 Answers,  0 Authorities,  6 Additionals 690 bytes LLQType 0
11-28 15:18:10.787 D/mdns    ( 4397): Found record size   115 interface 412B7B50 already in cache:  115 006d0e03a545@MiniMax._raop._tcp.local. TXT ch=2¦cn=0,1¦da=true¦ek=1¦et=0,1¦md=0,1,2¦pw=false¦sm=false¦sr=44100¦ss=16¦sv=false¦tp=UDP¦txtvers=
11-28 15:18:10.787 D/mdns    ( 4397): Found record size    75 interface 412B7B50 already in cache:   75 MiniMax._airplay._tcp.local. TXT deviceid=00:6d:0e:03:a5:45¦features=0x2077¦model=AppleTV2,1¦srcvers=101.28
11-28 15:18:10.787 D/mdns    ( 4397): Found record size    78 interface 412B7B50 already in cache:   78 5.4.5.A.3.0.E.F.F.F.E.0.D.6.2.0.0.0.0.0.0.0.0.0.0.0.0.0.0.8.E.F.ip6.arpa. NSEC PTR 
11-28 15:18:10.797 D/cocos2d-x debug info(14128): trace_frame: 55.443642
11-28 15:18:10.867 D/dalvikvm(22184): GC_CONCURRENT freed 774K, 19% free 6651K/8116K, paused 3ms+5ms, total 50ms
11-28 15:18:10.887 D/mdns    ( 4397): mDNS_Execute
11-28 15:18:10.887 D/mdns    ( 4397): mDNS_Execute: Setting NewLocalRecords to NULL
11-28 15:18:10.907 D/cocos2d-x debug info(14128): trace_frame: 65.242516
11-28 15:18:10.917 D/launcher_auto(14128): launcher_auto: sendkey and wait.
11-28 15:18:11.007 D/mdns    ( 4397): SocketDataReady got a packet from 172.16.13.104 to 224.0.0.251 on interface 172.16.13.147/wlan0/7/268
11-28 15:18:11.007 D/mdns    ( 4397): Received Query from 172.16.13.104  :5353  to 224.0.0.251    :5353  on 0x412B7B50 with  1 Question,   0 Answers,  0 Authorities,  0 Additionals 29 bytes
11-28 15:18:11.007 D/mdns    ( 4397): SocketDataReady got a packet from FE80:0000:0000:0000:6A5B:35FF:FE81:AA9B to FF02:0000:0000:0000:0000:0000:0000:00FB on interface 172.16.13.147/wlan0/7/269
11-28 15:18:11.007 D/mdns    ( 4397): Received Query from FE80:0000:0000:0000:6A5B:35FF:FE81:AA9B:5353  to FF02:0000:0000:0000:0000:0000:0000:00FB:5353  on 0x412B7B50 with  1 Question,   0 Answers,  0 Authorities,  0 Additionals 29 bytes
11-28 15:18:11.007 D/cocos2d-x debug info(14128): trace_frame: 58.592590
11-28 15:18:11.027 D/mdns    ( 4397): mDNS_Execute
11-28 15:18:11.027 D/mdns    ( 4397): mDNS_Execute: Setting NewLocalRecords to NULL
11-28 15:18:11.117 D/cocos2d-x debug info(14128): trace_frame: 61.218777
11-28 15:18:11.237 D/cocos2d-x debug info(14128): trace_frame: 59.997261
11-28 15:18:11.337 D/cocos2d-x debug info(14128): trace_frame: 59.986805
11-28 15:18:11.417 D/cocos2d-x debug info(14128): JS: HomeMainScene Key down:156
11-28 15:18:11.417 D/cocos2d-x debug info(14128): JS: FunTableView:onClick key=156, isPress=true
11-28 15:18:11.427 D/cocos2d-x debug info(14128): JS: OnClick: Direction_Left press...
11-28 15:18:11.427 D/cocos2d-x debug info(14128): JS: onKeyPressLeft
11-28 15:18:11.427 D/cocos2d-x debug info(14128): JS: moveFocus
11-28 15:18:11.427 D/cocos2d-x debug info(14128): JS: HomeMovTVCarVarH--setSelectedItem--false
11-28 15:18:11.427 D/cocos2d-x debug info(14128): JS: zhangmd:FunTableView:moveFocus, fromsize is:(340,562),tosize is:(340,562)
11-28 15:18:11.427 D/cocos2d-x debug info(14128): JS:  HomeMainScene Key up:156
11-28 15:18:11.437 D/cocos2d-x debug info(14128): JS: FunTableView:onClick key=156, isPress=false
11-28 15:18:11.447 D/cocos2d-x debug info(14128): trace_frame: 58.558300
11-28 15:18:11.557 D/cocos2d-x debug info(14128): trace_frame: 60.030701
11-28 15:18:11.657 D/cocos2d-x debug info(14128): JS: HomeMovTVCarVarH--setSelectedItem--true
11-28 15:18:11.667 D/cocos2d-x debug info(14128): trace_frame: 61.268612
11-28 15:18:11.787 D/mdns    ( 4397): mDNS_Execute
11-28 15:18:11.787 D/mdns    ( 4397): mDNS_Execute: Setting NewLocalRecords to NULL
11-28 15:18:11.787 D/mdns    ( 4397): Announcing 006d0e03a545@MiniMax._raop._tcp.local. (TXT) 6
11-28 15:18:11.787 D/mdns    ( 4397): Announcing _services._dns-sd._udp.local. (PTR) 6
11-28 15:18:11.787 D/mdns    ( 4397): Announcing _raop._tcp.local. (PTR) 6
11-28 15:18:11.787 D/mdns    ( 4397): Announcing MiniMax._airplay._tcp.local. (TXT) 6
11-28 15:18:11.787 D/mdns    ( 4397): Announcing _services._dns-sd._udp.local. (PTR) 6
11-28 15:18:11.787 D/mdns    ( 4397): Announcing _airplay._tcp.local. (PTR) 6
11-28 15:18:11.787 D/mdns    ( 4397): Announcing 006d0e03a545@MiniMax._raop._tcp.local. (SRV) 6
11-28 15:18:11.787 D/mdns    ( 4397): Announcing MiniMax._airplay._tcp.local. (SRV) 6
11-28 15:18:11.787 D/mdns    ( 4397): Announcing 147.13.16.172.in-addr.arpa. (PTR) 6
11-28 15:18:11.787 D/mdns    ( 4397): Announcing 5.4.5.A.3.0.E.F.F.F.E.0.D.6.2.0.0.0.0.0.0.0.0.0.0.0.0.0.0.8.E.F.ip6.arpa. (PTR) 6
11-28 15:18:11.787 D/mdns    ( 4397): Announcing Android-2.local. (Addr) 6
11-28 15:18:11.787 D/mdns    ( 4397): Announcing Android-2.local. (AAAA) 6
11-28 15:18:11.787 D/mdns    ( 4397): SendResponses put     24 . OPT Max 1440 Vers 0 Seq   0 MAC 00:00:00:00:00:00 I-MAC 2D:32:05:6C:6F:63
11-28 15:18:11.787 D/mdns    ( 4397): SendResponses: Sending 0 Deregistrations, 12 Announcements, 0 Answers, 6 Additionals on 412B7B50
11-28 15:18:11.787 D/mdns    ( 4397): SendResponses: Next in 2048 ticks
11-28 15:18:11.787 D/mdns    ( 4397): SocketDataReady got a packet from 172.16.13.147 to 224.0.0.251 on interface 172.16.13.147/wlan0/7/268
11-28 15:18:11.787 D/mdns    ( 4397): Received Response from 172.16.13.147   addressed to 224.0.0.251     on 412B7B50 with  0 Questions, 12 Answers,  0 Authorities,  6 Additionals 690 bytes LLQType 0
11-28 15:18:11.787 D/mdns    ( 4397): Found record size   115 interface 412B7B50 already in cache:  115 006d0e03a545@MiniMax._raop._tcp.local. TXT ch=2¦cn=0,1¦da=true¦ek=1¦et=0,1¦md=0,1,2¦pw=false¦sm=false¦sr=44100¦ss=16¦sv=false¦tp=UDP¦txtvers=
11-28 15:18:11.787 D/mdns    ( 4397): Found record size    75 interface 412B7B50 already in cache:   75 MiniMax._airplay._tcp.local. TXT deviceid=00:6d:0e:03:a5:45¦features=0x2077¦model=AppleTV2,1¦srcvers=101.28
11-28 15:18:11.787 D/mdns    ( 4397): Found record size    78 interface 412B7B50 already in cache:   78 5.4.5.A.3.0.E.F.F.F.E.0.D.6.2.0.0.0.0.0.0.0.0.0.0.0.0.0.0.8.E.F.ip6.arpa. NSEC PTR 
11-28 15:18:11.787 D/mdns    ( 4397): SocketDataReady got a packet from FE80:0000:0000:0000:026D:0EFF:FE03:A545 to FF02:0000:0000:0000:0000:0000:0000:00FB on interface 172.16.13.147/wlan0/7/269
11-28 15:18:11.787 D/mdns    ( 4397): Received Response from FE80:0000:0000:0000:026D:0EFF:FE03:A545 addressed to FF02:0000:0000:0000:0000:0000:0000:00FB on 412B7B50 with  0 Questions, 12 Answers,  0 Authorities,  6 Additionals 690 bytes LLQType 0
11-28 15:18:11.787 D/mdns    ( 4397): Found record size   115 interface 412B7B50 already in cache:  115 006d0e03a545@MiniMax._raop._tcp.local. TXT ch=2¦cn=0,1¦da=true¦ek=1¦et=0,1¦md=0,1,2¦pw=false¦sm=false¦sr=44100¦ss=16¦sv=false¦tp=UDP¦txtvers=
11-28 15:18:11.787 D/mdns    ( 4397): Found record size    75 interface 412B7B50 already in cache:   75 MiniMax._airplay._tcp.local. TXT deviceid=00:6d:0e:03:a5:45¦features=0x2077¦model=AppleTV2,1¦srcvers=101.28
11-28 15:18:11.787 D/mdns    ( 4397): Found record size    78 interface 412B7B50 already in cache:   78 5.4.5.A.3.0.E.F.F.F.E.0.D.6.2.0.0.0.0.0.0.0.0.0.0.0.0.0.0.8.E.F.ip6.arpa. NSEC PTR 
11-28 15:18:11.797 D/cocos2d-x debug info(14128): trace_frame: 57.445328
11-28 15:18:11.847 D/dalvikvm(22184): GC_FOR_ALLOC freed 294K, 19% free 6595K/8116K, paused 41ms, total 41ms
11-28 15:18:11.887 D/dalvikvm(22184): GC_FOR_ALLOC freed 51K, 19% free 6592K/8116K, paused 38ms, total 38ms
11-28 15:18:11.887 D/mdns    ( 4397): mDNS_Execute
11-28 15:18:11.887 D/mdns    ( 4397): mDNS_Execute: Setting NewLocalRecords to NULL
11-28 15:18:11.907 D/cocos2d-x debug info(14128): trace_frame: 61.821068
11-28 15:18:11.917 D/launcher_auto(14128): launcher_auto: sendkey back and wait.
11-28 15:18:11.927 D/dalvikvm(22184): GC_FOR_ALLOC freed 56K, 19% free 6582K/8116K, paused 42ms, total 42ms
11-28 15:18:11.967 D/dalvikvm(22184): GC_FOR_ALLOC freed 82K, 19% free 6582K/8116K, paused 37ms, total 37ms
11-28 15:18:12.007 D/dalvikvm(22184): GC_FOR_ALLOC freed 100K, 20% free 6562K/8116K, paused 38ms, total 38ms
11-28 15:18:12.027 D/cocos2d-x debug info(14128): trace_frame: 60.683826
11-28 15:18:12.047 D/dalvikvm(22184): GC_FOR_ALLOC freed 159K, 20% free 6559K/8116K, paused 38ms, total 38ms
11-28 15:18:12.127 D/dalvikvm(21595): GC_CONCURRENT freed 390K, 17% free 5273K/6284K, paused 2ms+3ms, total 21ms
11-28 15:18:12.127 D/cocos2d-x debug info(14128): trace_frame: 59.178017
11-28 15:18:12.237 D/cocos2d-x debug info(14128): trace_frame: 60.954903
11-28 15:18:12.357 D/cocos2d-x debug info(14128): trace_frame: 60.075008
11-28 15:18:12.457 D/cocos2d-x debug info(14128): trace_frame: 59.947243
11-28 15:18:12.567 D/cocos2d-x debug info(14128): trace_frame: 60.019894
11-28 15:18:12.687 D/cocos2d-x debug info(14128): trace_frame: 60.016808
11-28 15:18:12.807 D/cocos2d-x debug info(14128): trace_frame: 60.024014
11-28 15:18:12.907 D/cocos2d-x debug info(14128): trace_frame: 59.606598
11-28 15:18:12.937 D/cocos2d-x debug info(14128): JS: HomeMainScene Key down:6
11-28 15:18:12.937 D/cocos2d-x debug info(14128): JS:  HomeMainScene Key up:6
11-28 15:18:12.947 D/dalvikvm(22184): GC_CONCURRENT freed 671K, 19% free 6647K/8116K, paused 3ms+6ms, total 54ms
11-28 15:18:12.967 W/AudioCache( 1334): Battery track warning: refCount is already 0
11-28 15:18:13.027 D/cocos2d-x debug info(14128): trace_frame: 51.670242
11-28 15:18:13.067 D/cocos2d-x debug info(14128): JS: HomeMovTVCarVarH--setSelectedItem--false
11-28 15:18:13.077 D/cocos2d-x debug info(14128): JS: ImageLoader:cancelImageLoad url=http://img.funshion.com/pictures/media/list/116/173/116173_360_504_ott_poster.jpg?1416730820
11-28 15:18:13.077 D/cocos2d-x debug info(14128): JS: ImageLoader:cancelImageLoad url=http://img.funshion.com/pictures/media/list/116/694/116694_360_504_ott_poster.jpg?1415849476
11-28 15:18:13.077 D/cocos2d-x debug info(14128): JS: ImageLoader:cancelImageLoad url=http://img.funshion.com/pictures/media/list/114/977/114977_360_504_ott_poster.jpg?1416555966
11-28 15:18:13.077 D/cocos2d-x debug info(14128): JS: ImageLoader:cancelImageLoad url=http://img.funshion.com/pictures/media/list/107/885/107885_360_504_ott_poster.jpg?1416678784
11-28 15:18:13.077 D/cocos2d-x debug info(14128): JS: ImageLoader:cancelImageLoad url=http://img.funshion.com/pictures/media/list/114/040/114040_360_504_ott_poster.jpg?1415806782
11-28 15:18:13.077 D/cocos2d-x debug info(14128): JS: zhangmd:FunTableView:setFocusImageSize, size is:(340,562)
11-28 15:18:13.077 D/cocos2d-x debug info(14128): JS: zhangmd:FunTableView:setFocusImageSize, focussize is:(370,592)
11-28 15:18:13.077 D/cocos2d-x debug info(14128): JS: HomeMoreH--45true
11-28 15:18:13.077 D/cocos2d-x debug info(14128): JS: HomeListAdapter: onTurnPage
11-28 15:18:13.077 D/JniHelper(14128): JniHelper::getJavaVM(), pthread_self() = 1529184920
11-28 15:18:13.117 D/cocos2d-x debug info(14128): trace_frame: 59.929882
11-28 15:18:13.237 D/cocos2d-x debug info(14128): trace_frame: 59.830593
11-28 15:18:13.357 D/cocos2d-x debug info(14128): trace_frame: 60.286617
11-28 15:18:13.447 D/mdns    ( 4397): SocketDataReady got a packet from 172.16.13.34 to 224.0.0.251 on interface 172.16.13.147/wlan0/7/268
11-28 15:18:13.447 D/mdns    ( 4397): Received Response from 172.16.13.34    addressed to 224.0.0.251     on 412B7B50 with  0 Questions,  3 Answers,  0 Authorities,  0 Additionals 275 bytes LLQType 0
11-28 15:18:13.457 D/cocos2d-x debug info(14128): trace_frame: 59.843208
11-28 15:18:13.567 D/cocos2d-x debug info(14128): trace_frame: 60.141590
11-28 15:18:13.667 D/cocos2d-x debug info(14128): trace_frame: 59.890999
11-28 15:18:13.787 D/mdns    ( 4397): mDNS_Execute
11-28 15:18:13.787 D/mdns    ( 4397): mDNS_Execute: Setting NewLocalRecords to NULL
11-28 15:18:13.787 D/mdns    ( 4397): Announcing 006d0e03a545@MiniMax._raop._tcp.local. (TXT) 5
11-28 15:18:13.787 D/mdns    ( 4397): Announcing _services._dns-sd._udp.local. (PTR) 5
11-28 15:18:13.787 D/mdns    ( 4397): Announcing _raop._tcp.local. (PTR) 5
11-28 15:18:13.787 D/mdns    ( 4397): Announcing MiniMax._airplay._tcp.local. (TXT) 5
11-28 15:18:13.787 D/mdns    ( 4397): Announcing _services._dns-sd._udp.local. (PTR) 5
11-28 15:18:13.787 D/mdns    ( 4397): Announcing _airplay._tcp.local. (PTR) 5
11-28 15:18:13.787 D/mdns    ( 4397): Announcing 006d0e03a545@MiniMax._raop._tcp.local. (SRV) 5
11-28 15:18:13.787 D/mdns    ( 4397): Announcing MiniMax._airplay._tcp.local. (SRV) 5
11-28 15:18:13.787 D/mdns    ( 4397): Announcing 147.13.16.172.in-addr.arpa. (PTR) 5
11-28 15:18:13.787 D/mdns    ( 4397): Announcing 5.4.5.A.3.0.E.F.F.F.E.0.D.6.2.0.0.0.0.0.0.0.0.0.0.0.0.0.0.8.E.F.ip6.arpa. (PTR) 5
11-28 15:18:13.787 D/mdns    ( 4397): Announcing Android-2.local. (Addr) 5
11-28 15:18:13.787 D/mdns    ( 4397): Announcing Android-2.local. (AAAA) 5
11-28 15:18:13.787 D/mdns    ( 4397): SendResponses put     24 . OPT Max 1440 Vers 0 Seq   0 MAC 00:00:00:00:00:00 I-MAC 2D:32:05:6C:6F:63
11-28 15:18:13.787 D/mdns    ( 4397): SendResponses: Sending 0 Deregistrations, 12 Announcements, 0 Answers, 6 Additionals on 412B7B50
11-28 15:18:13.787 D/mdns    ( 4397): SendResponses: Next in 4096 ticks
11-28 15:18:13.787 D/mdns    ( 4397): SocketDataReady got a packet from 172.16.13.147 to 224.0.0.251 on interface 172.16.13.147/wlan0/7/268
11-28 15:18:13.787 D/mdns    ( 4397): Received Response from 172.16.13.147   addressed to 224.0.0.251     on 412B7B50 with  0 Questions, 12 Answers,  0 Authorities,  6 Additionals 690 bytes LLQType 0
11-28 15:18:13.787 D/mdns    ( 4397): Found record size   115 interface 412B7B50 already in cache:  115 006d0e03a545@MiniMax._raop._tcp.local. TXT ch=2¦cn=0,1¦da=true¦ek=1¦et=0,1¦md=0,1,2¦pw=false¦sm=false¦sr=44100¦ss=16¦sv=false¦tp=UDP¦txtvers=
11-28 15:18:13.787 D/mdns    ( 4397): Found record size    75 interface 412B7B50 already in cache:   75 MiniMax._airplay._tcp.local. TXT deviceid=00:6d:0e:03:a5:45¦features=0x2077¦model=AppleTV2,1¦srcvers=101.28
11-28 15:18:13.787 D/mdns    ( 4397): Found record size    78 interface 412B7B50 already in cache:   78 5.4.5.A.3.0.E.F.F.F.E.0.D.6.2.0.0.0.0.0.0.0.0.0.0.0.0.0.0.8.E.F.ip6.arpa. NSEC PTR 
