11-28 15:17:17.757 D/mdns    ( 4397): SendResponses: Sending 0 Deregistrations, 12 Announcements, 0 Answers, 5 Additionals on 412B7340
11-28 15:17:17.757 D/mdns    ( 4397): SendResponses: Next in 8192 ticks
11-28 15:17:17.757 D/mdns    ( 4397): SocketDataReady got a packet from 172.16.13.147 to 224.0.0.251 on interface 172.16.13.147/wlan0/7/260
11-28 15:17:17.757 D/mdns    ( 4397): Received Response from 172.16.13.147   addressed to 224.0.0.251     on 412B7340 with  0 Questions, 12 Answers,  0 Authorities,  5 Additionals 661 bytes LLQType 0
11-28 15:17:17.757 D/mdns    ( 4397): Found record size   115 interface 412B7340 already in cache:  115 006d0e03a545@MiniMax._raop._tcp.local. TXT ch=2¦cn=0,1¦da=true¦ek=1¦et=0,1¦md=0,1,2¦pw=false¦sm=false¦sr=44100¦ss=16¦sv=false¦tp=UDP¦txtvers=
11-28 15:17:17.757 D/mdns    ( 4397): Found record size    75 interface 412B7340 already in cache:   75 MiniMax._airplay._tcp.local. TXT deviceid=00:6d:0e:03:a5:45¦features=0x2077¦model=AppleTV2,1¦srcvers=101.28
11-28 15:17:17.757 D/mdns    ( 4397): Found record size    78 interface 412B7340 already in cache:   78 5.4.5.A.3.0.E.F.F.F.E.0.D.6.2.0.0.0.0.0.0.0.0.0.0.0.0.0.0.8.E.F.ip6.arpa. NSEC PTR 
11-28 15:17:17.757 D/mdns    ( 4397): SocketDataReady got a packet from FE80:0000:0000:0000:026D:0EFF:FE03:A545 to FF02:0000:0000:0000:0000:0000:0000:00FB on interface 172.16.13.147/wlan0/7/261
11-28 15:17:17.757 D/mdns    ( 4397): Received Response from FE80:0000:0000:0000:026D:0EFF:FE03:A545 addressed to FF02:0000:0000:0000:0000:0000:0000:00FB on 412B7340 with  0 Questions, 12 Answers,  0 Authorities,  5 Additionals 661 bytes LLQType 0
11-28 15:17:17.757 D/mdns    ( 4397): Found record size   115 interface 412B7340 already in cache:  115 006d0e03a545@MiniMax._raop._tcp.local. TXT ch=2¦cn=0,1¦da=true¦ek=1¦et=0,1¦md=0,1,2¦pw=false¦sm=false¦sr=44100¦ss=16¦sv=false¦tp=UDP¦txtvers=
11-28 15:17:17.757 D/mdns    ( 4397): Found record size    75 interface 412B7340 already in cache:   75 MiniMax._airplay._tcp.local. TXT deviceid=00:6d:0e:03:a5:45¦features=0x2077¦model=AppleTV2,1¦srcvers=101.28
11-28 15:17:17.757 D/mdns    ( 4397): Found record size    78 interface 412B7340 already in cache:   78 5.4.5.A.3.0.E.F.F.F.E.0.D.6.2.0.0.0.0.0.0.0.0.0.0.0.0.0.0.8.E.F.ip6.arpa. NSEC PTR 
11-28 15:17:17.787 D/cocos2d-x debug info(14128): trace_frame: 59.807423
11-28 15:17:17.857 D/mdns    ( 4397): mDNS_Execute
11-28 15:17:17.857 D/mdns    ( 4397): mDNS_Execute: Setting NewLocalRecords to NULL
11-28 15:17:17.887 D/cocos2d-x debug info(14128): trace_frame: 59.845001
11-28 15:17:17.957 D/mdns    ( 4397): SocketDataReady got a packet from 172.16.13.131 to 224.0.0.251 on interface 172.16.13.147/wlan0/7/260
11-28 15:17:17.957 D/mdns    ( 4397): Received Response from 172.16.13.131   addressed to 224.0.0.251     on 412B7340 with  0 Questions,  1 Answer,   0 Authorities,  0 Additionals 38 bytes LLQType 0
11-28 15:17:17.997 D/dalvikvm(22184): GC_CONCURRENT freed 795K, 19% free 6634K/8116K, paused 2ms+4ms, total 49ms
11-28 15:17:18.007 D/cocos2d-x debug info(14128): trace_frame: 59.997776
11-28 15:17:18.117 D/cocos2d-x debug info(14128): trace_frame: 60.333904
11-28 15:17:18.137 D/cocos2d-x debug info(14128): JS: HomeMainScene Key down:157
11-28 15:17:18.137 D/cocos2d-x debug info(14128): JS: FunTableView:onClick key=157, isPress=true
11-28 15:17:18.137 D/cocos2d-x debug info(14128): JS: OnClick: Direction_Right press...
11-28 15:17:18.137 D/cocos2d-x debug info(14128): JS: onKeyPressRight
11-28 15:17:18.147 D/cocos2d-x debug info(14128): JS: turnPage: toRight true
11-28 15:17:18.147 D/cocos2d-x debug info(14128): JS: jumpFocus
11-28 15:17:18.147 D/cocos2d-x debug info(14128): JS: HomeMovTVCarVarH--setSelectedItem--false
11-28 15:17:18.147 D/cocos2d-x debug info(14128): JS: zhangmd:FunTableView:calculateFullVisibleIndex begain,startidx=5,endidx=9,startidx2=10,endidx2=14
11-28 15:17:18.147 D/cocos2d-x debug info(14128): JS: calculateLastPageIndex 1
11-28 15:17:18.157 D/cocos2d-x debug info(14128): JS:  HomeMainScene Key up:157
11-28 15:17:18.157 D/cocos2d-x debug info(14128): JS: FunTableView:onClick key=157, isPress=false
11-28 15:17:18.187 D/cocos2d-x debug info(14128): JS: HomeListAdapter: isItemTypeOf(16)=true
11-28 15:17:18.187 D/cocos2d-x debug info(14128): JS: updateStatus--
11-28 15:17:18.187 D/cocos2d-x debug info(14128): JS: 添加角标
11-28 15:17:18.187 D/cocos2d-x debug info(14128): JS: begin home url=http://img.funshion.com/pictures/media/list/115/328/115328_360_504_ott_poster.jpg?1416365769
11-28 15:17:18.187 D/JniHelper(14128): JniHelper::getJavaVM(), pthread_self() = 1529184920
11-28 15:17:18.197 D/cocos2d-x debug info(14128): JS: end home url=http://img.funshion.com/pictures/media/list/115/328/115328_360_504_ott_poster.jpg?1416365769
11-28 15:17:18.197 D/cocos2d-x debug info(14128): cocos2d: fullPathForFilename: No file found at Arial. Possible missing file.
11-28 15:17:18.207 D/cocos2d-x debug info(14128): cocos2d: fullPathForFilename: No file found at Arial. Possible missing file.
11-28 15:17:18.227 D/dalvikvm(14128): GC_CONCURRENT freed 1146K, 57% free 8070K/18508K, paused 2ms+3ms, total 28ms
11-28 15:17:18.227 D/dalvikvm(14128): WAIT_FOR_CONCURRENT_GC blocked 22ms
11-28 15:17:18.237 D/cocos2d-x debug info(14128): JS: funtv.ImageLoader.sImagePath=/data/data/tv.fun.launcher/files/fun_download/bd/76bffbfd3ae06dce8d18aa85030e72.png
11-28 15:17:18.237 D/cocos2d-x debug info(14128): nativeTes2Callback  [002]funtv.ImageLoader.imageCallback('/data/data/tv.fun.launcher/files/fun_download/bd/76bffbfd3ae06dce8d18aa85030e72.png', 0, 84)
11-28 15:17:18.247 D/cocos2d-x debug info(14128): trace_frame: 42.025635
11-28 15:17:18.267 D/cocos2d-x debug info(14128): JS: HomeItemUI-- all--home_movie
11-28 15:17:18.267 D/cocos2d-x debug info(14128): cocos2d: fullPathForFilename: No file found at Arial. Possible missing file.
11-28 15:17:18.267 D/cocos2d-x debug info(14128): JS: updateStatus--
11-28 15:17:18.267 D/cocos2d-x debug info(14128): JS: begin home url=http://img.funshion.com/pictures/media/list/106/940/106940_360_504_ott_poster.jpg?1413946029
11-28 15:17:18.267 D/JniHelper(14128): JniHelper::getJavaVM(), pthread_self() = 1529184920
11-28 15:17:18.267 D/cocos2d-x debug info(14128): JS: end home url=http://img.funshion.com/pictures/media/list/106/940/106940_360_504_ott_poster.jpg?1413946029
11-28 15:17:18.277 D/cocos2d-x debug info(14128): cocos2d: fullPathForFilename: No file found at Arial. Possible missing file.
11-28 15:17:18.277 D/cocos2d-x debug info(14128): cocos2d: fullPathForFilename: No file found at Arial. Possible missing file.
11-28 15:17:18.287 D/cocos2d-x debug info(14128): JS: funtv.ImageLoader.sImagePath=/data/data/tv.fun.launcher/files/fun_download/ac/6f860752669c68bc0b7a15143f961d.png
11-28 15:17:18.287 D/cocos2d-x debug info(14128): nativeTes2Callback  [002]funtv.ImageLoader.imageCallback('/data/data/tv.fun.launcher/files/fun_download/ac/6f860752669c68bc0b7a15143f961d.png', 0, 85)
11-28 15:17:18.317 D/cocos2d-x debug info(14128): JS: HomeListAdapter: isItemTypeOf(18)=false
11-28 15:17:18.327 D/cocos2d-x debug info(14128): JS: HomeItemUI-- all--home_movie
11-28 15:17:18.327 D/cocos2d-x debug info(14128): cocos2d: fullPathForFilename: No file found at Arial. Possible missing file.
11-28 15:17:18.327 D/cocos2d-x debug info(14128): JS: updateStatus--
11-28 15:17:18.327 D/cocos2d-x debug info(14128): JS: begin home url=http://img.funshion.com/pictures/media/list/732/82/73282_360_504_ott_poster.jpg?1415587330
11-28 15:17:18.327 D/JniHelper(14128): JniHelper::getJavaVM(), pthread_self() = 1529184920
11-28 15:17:18.327 D/cocos2d-x debug info(14128): JS: end home url=http://img.funshion.com/pictures/media/list/732/82/73282_360_504_ott_poster.jpg?1415587330
11-28 15:17:18.337 D/cocos2d-x debug info(14128): cocos2d: fullPathForFilename: No file found at Arial. Possible missing file.
11-28 15:17:18.337 D/cocos2d-x debug info(14128): cocos2d: fullPathForFilename: No file found at Arial. Possible missing file.
11-28 15:17:18.347 D/cocos2d-x debug info(14128): JS: funtv.ImageLoader.sImagePath=/data/data/tv.fun.launcher/files/fun_download/98/396960f0cf607d06ecc99414c4527e.png
11-28 15:17:18.347 D/cocos2d-x debug info(14128): nativeTes2Callback  [001]funtv.ImageLoader.imageCallback('/data/data/tv.fun.launcher/files/fun_download/98/396960f0cf607d06ecc99414c4527e.png', 0, 86)
11-28 15:17:18.367 D/cocos2d-x debug info(14128): trace_frame: 44.095600
11-28 15:17:18.377 D/cocos2d-x debug info(14128): JS: ImageLoader:cancelImageLoad url=http://img.funshion.com/pictures/media/list/113/562/113562_360_504_ott_poster.jpg?1416798988
11-28 15:17:18.407 D/cocos2d-x debug info(14128): JS: HomeListAdapter: isItemTypeOf(19)=true
11-28 15:17:18.407 D/cocos2d-x debug info(14128): JS: updateStatus--
11-28 15:17:18.407 D/cocos2d-x debug info(14128): JS: begin home url=http://img.funshion.com/pictures/media/list/116/794/116794_360_504_ott_poster.jpg?1415848942
11-28 15:17:18.407 D/JniHelper(14128): JniHelper::getJavaVM(), pthread_self() = 1529184920
11-28 15:17:18.407 D/cocos2d-x debug info(14128): JS: end home url=http://img.funshion.com/pictures/media/list/116/794/116794_360_504_ott_poster.jpg?1415848942
11-28 15:17:18.417 D/cocos2d-x debug info(14128): cocos2d: fullPathForFilename: No file found at Arial. Possible missing file.
11-28 15:17:18.417 D/cocos2d-x debug info(14128): cocos2d: fullPathForFilename: No file found at Arial. Possible missing file.
11-28 15:17:18.437 D/cocos2d-x debug info(14128): JS: funtv.ImageLoader.sImagePath=/data/data/tv.fun.launcher/files/fun_download/ba/a1a3116d0f28509cedbeb432aec338.png
11-28 15:17:18.437 D/cocos2d-x debug info(14128): nativeTes2Callback  [002]funtv.ImageLoader.imageCallback('/data/data/tv.fun.launcher/files/fun_download/ba/a1a3116d0f28509cedbeb432aec338.png', 0, 87)
11-28 15:17:18.447 D/cocos2d-x debug info(14128): JS: ImageLoader:cancelImageLoad url=http://img.funshion.com/pictures/media/list/111/054/111054_360_504_ott_poster.jpg?1415953979
11-28 15:17:18.467 D/cocos2d-x debug info(14128): trace_frame: 54.522652
11-28 15:17:18.507 D/cocos2d-x debug info(14128): JS: HomeListAdapter: isItemTypeOf(20)=true
11-28 15:17:18.507 D/cocos2d-x debug info(14128): JS: updateStatus--
11-28 15:17:18.507 D/cocos2d-x debug info(14128): JS: begin home url=http://img.funshion.com/pictures/media/list/115/508/115508_360_504_ott_poster.jpg?1409915492
11-28 15:17:18.507 D/JniHelper(14128): JniHelper::getJavaVM(), pthread_self() = 1529184920
11-28 15:17:18.507 D/cocos2d-x debug info(14128): JS: end home url=http://img.funshion.com/pictures/media/list/115/508/115508_360_504_ott_poster.jpg?1409915492
11-28 15:17:18.517 D/cocos2d-x debug info(14128): cocos2d: fullPathForFilename: No file found at Arial. Possible missing file.
11-28 15:17:18.527 D/cocos2d-x debug info(14128): cocos2d: fullPathForFilename: No file found at Arial. Possible missing file.
11-28 15:17:18.547 D/dalvikvm(14128): GC_CONCURRENT freed 1128K, 56% free 8228K/18508K, paused 3ms+3ms, total 28ms
11-28 15:17:18.547 D/dalvikvm(14128): WAIT_FOR_CONCURRENT_GC blocked 19ms
11-28 15:17:18.557 D/cocos2d-x debug info(14128): JS: funtv.ImageLoader.sImagePath=/data/data/tv.fun.launcher/files/fun_download/2f/502286b3bf394d88f8fecb8c98e69d.png
11-28 15:17:18.557 D/cocos2d-x debug info(14128): nativeTes2Callback  [002]funtv.ImageLoader.imageCallback('/data/data/tv.fun.launcher/files/fun_download/2f/502286b3bf394d88f8fecb8c98e69d.png', 0, 88)
11-28 15:17:18.577 D/cocos2d-x debug info(14128): trace_frame: 45.074688
11-28 15:17:18.617 D/cocos2d-x debug info(14128): JS: ImageLoader:cancelImageLoad url=http://img.funshion.com/pictures/media/list/109/978/109978_360_504_ott_poster.jpg?1415990605
11-28 15:17:18.637 D/launcher_auto(14128): launcher_auto: sendkey and wait.
11-28 15:17:18.667 D/cocos2d-x debug info(14128): JS: HomeMovTVCarVarH--setSelectedItem--true
11-28 15:17:18.677 D/cocos2d-x debug info(14128): JS: HomeListAdapter: onTurnPage
11-28 15:17:18.677 D/JniHelper(14128): JniHelper::getJavaVM(), pthread_self() = 1529184920
11-28 15:17:18.687 D/cocos2d-x debug info(14128): trace_frame: 61.488190
11-28 15:17:18.807 D/cocos2d-x debug info(14128): trace_frame: 60.044090
11-28 15:17:18.927 D/cocos2d-x debug info(14128): trace_frame: 60.162270
11-28 15:17:19.037 D/cocos2d-x debug info(14128): trace_frame: 59.570423
11-28 15:17:19.137 D/cocos2d-x debug info(14128): JS: HomeMainScene Key down:157
11-28 15:17:19.137 D/cocos2d-x debug info(14128): JS: FunTableView:onClick key=157, isPress=true
11-28 15:17:19.137 D/cocos2d-x debug info(14128): JS: OnClick: Direction_Right press...
11-28 15:17:19.147 D/cocos2d-x debug info(14128): JS: onKeyPressRight
11-28 15:17:19.147 D/cocos2d-x debug info(14128): JS: moveFocus
11-28 15:17:19.147 D/cocos2d-x debug info(14128): JS: HomeMovTVCarVarH--setSelectedItem--false
11-28 15:17:19.147 D/cocos2d-x debug info(14128): JS: zhangmd:FunTableView:moveFocus, fromsize is:(340,562),tosize is:(340,562)
11-28 15:17:19.147 D/cocos2d-x debug info(14128): JS:  HomeMainScene Key up:157
11-28 15:17:19.147 D/cocos2d-x debug info(14128): JS: FunTableView:onClick key=157, isPress=false
11-28 15:17:19.157 D/cocos2d-x debug info(14128): trace_frame: 53.181591
11-28 15:17:19.257 D/cocos2d-x debug info(14128): trace_frame: 67.834061
11-28 15:17:19.367 D/cocos2d-x debug info(14128): JS: HomeMovTVCarVarH--setSelectedItem--true
11-28 15:17:19.377 D/cocos2d-x debug info(14128): trace_frame: 60.121445
11-28 15:17:19.487 D/cocos2d-x debug info(14128): trace_frame: 59.964874
11-28 15:17:19.587 D/cocos2d-x debug info(14128): trace_frame: 59.976612
11-28 15:17:19.637 D/launcher_auto(14128): launcher_auto: sendkey and wait.
11-28 15:17:19.707 D/cocos2d-x debug info(14128): trace_frame: 60.058514
11-28 15:17:19.807 D/cocos2d-x debug info(14128): trace_frame: 59.926888
11-28 15:17:19.917 D/cocos2d-x debug info(14128): trace_frame: 60.095119
11-28 15:17:20.027 D/cocos2d-x debug info(14128): trace_frame: 59.981998
11-28 15:17:20.137 D/cocos2d-x debug info(14128): trace_frame: 60.012173
11-28 15:17:20.157 D/cocos2d-x debug info(14128): JS: HomeMainScene Key down:157
11-28 15:17:20.157 D/cocos2d-x debug info(14128): JS: FunTableView:onClick key=157, isPress=true
11-28 15:17:20.157 D/cocos2d-x debug info(14128): JS: OnClick: Direction_Right press...
11-28 15:17:20.157 D/cocos2d-x debug info(14128): JS: onKeyPressRight
11-28 15:17:20.157 D/cocos2d-x debug info(14128): JS: moveFocus
11-28 15:17:20.157 D/cocos2d-x debug info(14128): JS: HomeMovTVCarVarH--setSelectedItem--false
11-28 15:17:20.157 D/cocos2d-x debug info(14128): JS: zhangmd:FunTableView:moveFocus, fromsize is:(340,562),tosize is:(340,562)
11-28 15:17:20.167 D/cocos2d-x debug info(14128): JS:  HomeMainScene Key up:157
11-28 15:17:20.167 D/cocos2d-x debug info(14128): JS: FunTableView:onClick key=157, isPress=false
11-28 15:17:20.237 D/cocos2d-x debug info(14128): trace_frame: 59.784775
11-28 15:17:20.297 D/dalvikvm(22184): GC_CONCURRENT freed 808K, 18% free 6662K/8116K, paused 2ms+5ms, total 50ms
11-28 15:17:20.297 D/dalvikvm(22184): WAIT_FOR_CONCURRENT_GC blocked 15ms
11-28 15:17:20.297 D/dalvikvm(22184): WAIT_FOR_CONCURRENT_GC blocked 16ms
11-28 15:17:20.307 D/dalvikvm(22184): WAIT_FOR_CONCURRENT_GC blocked 17ms
11-28 15:17:20.357 D/cocos2d-x debug info(14128): trace_frame: 60.167435
11-28 15:17:20.387 D/cocos2d-x debug info(14128): JS: HomeMovTVCarVarH--setSelectedItem--true
11-28 15:17:20.467 D/cocos2d-x debug info(14128): trace_frame: 60.004459
11-28 15:17:20.567 D/cocos2d-x debug info(14128): trace_frame: 59.990402
11-28 15:17:20.647 D/launcher_auto(14128): launcher_auto: sendkey and wait.
11-28 15:17:20.677 D/cocos2d-x debug info(14128): trace_frame: 59.979607
11-28 15:17:20.787 D/cocos2d-x debug info(14128): trace_frame: 60.023499
11-28 15:17:20.887 D/cocos2d-x debug info(14128): trace_frame: 59.992802
11-28 15:17:20.987 D/cocos2d-x debug info(14128): trace_frame: 59.968204
11-28 15:17:21.087 D/cocos2d-x debug info(14128): trace_frame: 59.996399
11-28 15:17:21.157 D/cocos2d-x debug info(14128): JS: HomeMainScene Key down:157
11-28 15:17:21.157 D/cocos2d-x debug info(14128): JS: FunTableView:onClick key=157, isPress=true
11-28 15:17:21.157 D/cocos2d-x debug info(14128): JS: OnClick: Direction_Right press...
11-28 15:17:21.157 D/cocos2d-x debug info(14128): JS: onKeyPressRight
11-28 15:17:21.157 D/cocos2d-x debug info(14128): JS: moveFocus
11-28 15:17:21.167 D/cocos2d-x debug info(14128): JS: HomeMovTVCarVarH--setSelectedItem--false
11-28 15:17:21.167 D/cocos2d-x debug info(14128): JS: zhangmd:FunTableView:moveFocus, fromsize is:(340,562),tosize is:(340,562)
11-28 15:17:21.167 D/cocos2d-x debug info(14128): JS:  HomeMainScene Key up:157
11-28 15:17:21.167 D/cocos2d-x debug info(14128): JS: FunTableView:onClick key=157, isPress=false
11-28 15:17:21.187 D/cocos2d-x debug info(14128): trace_frame: 59.979008
11-28 15:17:21.287 D/cocos2d-x debug info(14128): trace_frame: 59.908340
11-28 15:17:21.387 D/cocos2d-x debug info(14128): JS: HomeMovTVCarVarH--setSelectedItem--true
11-28 15:17:21.407 D/cocos2d-x debug info(14128): trace_frame: 60.069851
11-28 15:17:21.517 D/cocos2d-x debug info(14128): trace_frame: 60.054386
11-28 15:17:21.627 D/mdns    ( 4397): SocketDataReady got a packet from 172.16.13.131 to 224.0.0.251 on interface 172.16.13.147/wlan0/7/260
11-28 15:17:21.627 D/mdns    ( 4397): Received Response from 172.16.13.131   addressed to 224.0.0.251     on 412B7340 with  0 Questions,  3 Answers,  0 Authorities,  0 Additionals 232 bytes LLQType 0
11-28 15:17:21.637 D/cocos2d-x debug info(14128): trace_frame: 59.557747
11-28 15:17:21.647 D/launcher_auto(14128): launcher_auto: sendkey and wait.
11-28 15:17:21.757 D/cocos2d-x debug info(14128): trace_frame: 60.428699
11-28 15:17:21.847 D/dalvikvm(22184): GC_FOR_ALLOC freed 516K, 19% free 6614K/8128K, paused 46ms, total 46ms
11-28 15:17:21.857 D/cocos2d-x debug info(14128): trace_frame: 59.237022
11-28 15:17:21.897 D/dalvikvm(22184): GC_FOR_ALLOC freed 117K, 19% free 6596K/8128K, paused 43ms, total 43ms
11-28 15:17:21.947 D/dalvikvm(22184): GC_FOR_ALLOC freed 216K, 20% free 6568K/8128K, paused 40ms, total 40ms
11-28 15:17:21.977 D/cocos2d-x debug info(14128): trace_frame: 60.685917
11-28 15:17:22.087 D/cocos2d-x debug info(14128): trace_frame: 59.445457
11-28 15:17:22.157 D/cocos2d-x debug info(14128): JS: HomeMainScene Key down:157
11-28 15:17:22.157 D/cocos2d-x debug info(14128): JS: FunTableView:onClick key=157, isPress=true
11-28 15:17:22.157 D/cocos2d-x debug info(14128): JS: OnClick: Direction_Right press...
11-28 15:17:22.157 D/cocos2d-x debug info(14128): JS: onKeyPressRight
11-28 15:17:22.157 D/cocos2d-x debug info(14128): JS: moveFocus
11-28 15:17:22.157 D/cocos2d-x debug info(14128): JS: HomeMovTVCarVarH--setSelectedItem--false
11-28 15:17:22.167 D/cocos2d-x debug info(14128): JS: zhangmd:FunTableView:moveFocus, fromsize is:(340,562),tosize is:(340,562)
11-28 15:17:22.167 D/cocos2d-x debug info(14128): JS:  HomeMainScene Key up:157
11-28 15:17:22.167 D/cocos2d-x debug info(14128): JS: FunTableView:onClick key=157, isPress=false
11-28 15:17:22.207 D/cocos2d-x debug info(14128): trace_frame: 60.553108
11-28 15:17:22.307 D/cocos2d-x debug info(14128): trace_frame: 59.430065
11-28 15:17:22.387 D/cocos2d-x debug info(14128): JS: HomeMovTVCarVarH--setSelectedItem--true
11-28 15:17:22.417 D/cocos2d-x debug info(14128): trace_frame: 60.506008
11-28 15:17:22.517 D/cocos2d-x debug info(14128): trace_frame: 59.980804
11-28 15:17:22.637 D/cocos2d-x debug info(14128): trace_frame: 60.045635
11-28 15:17:22.657 D/launcher_auto(14128): launcher_auto: sendkey and wait.
11-28 15:17:22.737 D/cocos2d-x debug info(14128): trace_frame: 59.982605
11-28 15:17:22.837 D/cocos2d-x debug info(14128): trace_frame: 59.961021
11-28 15:17:22.937 D/cocos2d-x debug info(14128): trace_frame: 59.952034
11-28 15:17:23.057 D/cocos2d-x debug info(14128): trace_frame: 60.087906
11-28 15:17:23.157 D/cocos2d-x debug info(14128): trace_frame: 59.991600
11-28 15:17:23.167 D/cocos2d-x debug info(14128): JS: HomeMainScene Key down:157
11-28 15:17:23.167 D/cocos2d-x debug info(14128): JS: FunTableView:onClick key=157, isPress=true
11-28 15:17:23.177 D/cocos2d-x debug info(14128): JS: OnClick: Direction_Right press...
11-28 15:17:23.177 D/cocos2d-x debug info(14128): JS: onKeyPressRight
11-28 15:17:23.177 D/cocos2d-x debug info(14128): JS: turnPage: toRight true
11-28 15:17:23.177 D/cocos2d-x debug info(14128): JS: jumpFocus
11-28 15:17:23.177 D/cocos2d-x debug info(14128): JS: HomeMovTVCarVarH--setSelectedItem--false
11-28 15:17:23.177 D/cocos2d-x debug info(14128): JS: zhangmd:FunTableView:calculateFullVisibleIndex begain,startidx=10,endidx=14,startidx2=15,endidx2=19
11-28 15:17:23.177 D/cocos2d-x debug info(14128): JS: calculateLastPageIndex 1
11-28 15:17:23.187 D/cocos2d-x debug info(14128): JS:  HomeMainScene Key up:157
11-28 15:17:23.187 D/cocos2d-x debug info(14128): JS: FunTableView:onClick key=157, isPress=false
11-28 15:17:23.217 D/cocos2d-x debug info(14128): JS: HomeListAdapter: isItemTypeOf(21)=true
11-28 15:17:23.217 D/cocos2d-x debug info(14128): JS: updateStatus--
11-28 15:17:23.227 D/cocos2d-x debug info(14128): JS: 添加角标
11-28 15:17:23.227 D/cocos2d-x debug info(14128): JS: begin home url=http://img.funshion.com/pictures/media/list/115/058/115058_360_504_ott_poster.jpg?1414249689
11-28 15:17:23.227 D/JniHelper(14128): JniHelper::getJavaVM(), pthread_self() = 1529184920
11-28 15:17:23.227 D/cocos2d-x debug info(14128): JS: end home url=http://img.funshion.com/pictures/media/list/115/058/115058_360_504_ott_poster.jpg?1414249689
11-28 15:17:23.227 D/cocos2d-x debug info(14128): cocos2d: fullPathForFilename: No file found at Arial. Possible missing file.
11-28 15:17:23.237 D/cocos2d-x debug info(14128): cocos2d: fullPathForFilename: No file found at Arial. Possible missing file.
11-28 15:17:23.247 D/cocos2d-x debug info(14128): JS: funtv.ImageLoader.sImagePath=/data/data/tv.fun.launcher/files/fun_download/3e/7802ac9c842a5beacef0c817121417.png
11-28 15:17:23.247 D/cocos2d-x debug info(14128): nativeTes2Callback  [001]funtv.ImageLoader.imageCallback('/data/data/tv.fun.launcher/files/fun_download/3e/7802ac9c842a5beacef0c817121417.png', 0, 89)
11-28 15:17:23.247 D/cocos2d-x debug info(14128): JS: ImageLoader:cancelImageLoad url=http://img.funshion.com/pictures/media/list/111/592/111592_360_504_ott_poster.jpg?1415934848
11-28 15:17:23.267 D/cocos2d-x debug info(14128): trace_frame: 55.572021
11-28 15:17:23.277 D/cocos2d-x debug info(14128): JS: HomeListAdapter: isItemTypeOf(22)=true
11-28 15:17:23.277 D/cocos2d-x debug info(14128): JS: updateStatus--
11-28 15:17:23.277 D/cocos2d-x debug info(14128): JS: begin home url=http://img.funshion.com/pictures/media/list/108/976/108976_360_504_ott_poster.jpg?1404958037
11-28 15:17:23.277 D/JniHelper(14128): JniHelper::getJavaVM(), pthread_self() = 1529184920
11-28 15:17:23.277 D/cocos2d-x debug info(14128): JS: end home url=http://img.funshion.com/pictures/media/list/108/976/108976_360_504_ott_poster.jpg?1404958037
11-28 15:17:23.277 D/cocos2d-x debug info(14128): cocos2d: fullPathForFilename: No file found at Arial. Possible missing file.
11-28 15:17:23.287 D/cocos2d-x debug info(14128): cocos2d: fullPathForFilename: No file found at Arial. Possible missing file.
11-28 15:17:23.307 D/cocos2d-x debug info(14128): JS: funtv.ImageLoader.sImagePath=/data/data/tv.fun.launcher/files/fun_download/4d/5f3ac8e6c4183da71456b639eb68bb.png
11-28 15:17:23.307 D/cocos2d-x debug info(14128): nativeTes2Callback  [002]funtv.ImageLoader.imageCallback('/data/data/tv.fun.launcher/files/fun_download/4d/5f3ac8e6c4183da71456b639eb68bb.png', 0, 90)
11-28 15:17:23.327 D/cocos2d-x debug info(14128): JS: ImageLoader:cancelImageLoad url=http://img.funshion.com/pictures/media/list/115/712/115712_360_504_ott_poster.jpg?1416374592
11-28 15:17:23.357 D/cocos2d-x debug info(14128): JS: HomeListAdapter: isItemTypeOf(23)=true
11-28 15:17:23.357 D/cocos2d-x debug info(14128): JS: updateStatus--
11-28 15:17:23.357 D/cocos2d-x debug info(14128): JS: begin home url=http://img.funshion.com/pictures/media/list/112/240/112240_360_504_ott_poster.jpg?1411701487
11-28 15:17:23.357 D/JniHelper(14128): JniHelper::getJavaVM(), pthread_self() = 1529184920
11-28 15:17:23.357 D/cocos2d-x debug info(14128): JS: end home url=http://img.funshion.com/pictures/media/list/112/240/112240_360_504_ott_poster.jpg?1411701487
11-28 15:17:23.367 D/cocos2d-x debug info(14128): cocos2d: fullPathForFilename: No file found at Arial. Possible missing file.
11-28 15:17:23.377 D/cocos2d-x debug info(14128): cocos2d: fullPathForFilename: No file found at Arial. Possible missing file.
11-28 15:17:23.397 D/dalvikvm(14128): GC_CONCURRENT freed 1201K, 55% free 8395K/18508K, paused 3ms+2ms, total 26ms
11-28 15:17:23.397 D/dalvikvm(14128): WAIT_FOR_CONCURRENT_GC blocked 19ms
11-28 15:17:23.407 D/cocos2d-x debug info(14128): JS: funtv.ImageLoader.sImagePath=/data/data/tv.fun.launcher/files/fun_download/12/4329753ec6106c0036bc62b46b163f.png
11-28 15:17:23.407 D/cocos2d-x debug info(14128): nativeTes2Callback  [002]funtv.ImageLoader.imageCallback('/data/data/tv.fun.launcher/files/fun_download/12/4329753ec6106c0036bc62b46b163f.png', 0, 91)
11-28 15:17:23.407 D/cocos2d-x debug info(14128): JS: ImageLoader:cancelImageLoad url=http://img.funshion.com/pictures/media/list/106/935/106935_360_504_ott_poster.jpg?1415934630
11-28 15:17:23.417 D/cocos2d-x debug info(14128): trace_frame: 47.230923
11-28 15:17:23.437 D/cocos2d-x debug info(14128): JS: HomeListAdapter: isItemTypeOf(24)=true
11-28 15:17:23.437 D/cocos2d-x debug info(14128): JS: updateStatus--
11-28 15:17:23.437 D/cocos2d-x debug info(14128): JS: begin home url=http://img.funshion.com/pictures/media/list/918/69/91869_360_504_ott_poster.jpg?1411872360
11-28 15:17:23.447 D/JniHelper(14128): JniHelper::getJavaVM(), pthread_self() = 1529184920
11-28 15:17:23.447 D/cocos2d-x debug info(14128): JS: end home url=http://img.funshion.com/pictures/media/list/918/69/91869_360_504_ott_poster.jpg?1411872360
11-28 15:17:23.457 D/cocos2d-x debug info(14128): cocos2d: fullPathForFilename: No file found at Arial. Possible missing file.
11-28 15:17:23.457 D/cocos2d-x debug info(14128): cocos2d: fullPathForFilename: No file found at Arial. Possible missing file.
11-28 15:17:23.467 D/cocos2d-x debug info(14128): JS: funtv.ImageLoader.sImagePath=/data/data/tv.fun.launcher/files/fun_download/76/66df7eec128fe5ac05e5288d29f9dc.png
11-28 15:17:23.467 D/cocos2d-x debug info(14128): nativeTes2Callback  [001]funtv.ImageLoader.imageCallback('/data/data/tv.fun.launcher/files/fun_download/76/66df7eec128fe5ac05e5288d29f9dc.png', 0, 92)
11-28 15:17:23.477 D/cocos2d-x debug info(14128): JS: ImageLoader:cancelImageLoad url=http://img.funshion.com/pictures/media/list/115/582/115582_360_504_ott_poster.jpg?1415954943
11-28 15:17:23.527 D/cocos2d-x debug info(14128): trace_frame: 62.784775
11-28 15:17:23.537 D/cocos2d-x debug info(14128): JS: HomeListAdapter: isItemTypeOf(25)=true
11-28 15:17:23.537 D/cocos2d-x debug info(14128): JS: updateStatus--
11-28 15:17:23.547 D/cocos2d-x debug info(14128): JS: begin home url=http://img.funshion.com/pictures/media/list/108/908/108908_360_504_ott_poster.jpg?1407898581
11-28 15:17:23.547 D/JniHelper(14128): JniHelper::getJavaVM(), pthread_self() = 1529184920
11-28 15:17:23.547 D/cocos2d-x debug info(14128): JS: end home url=http://img.funshion.com/pictures/media/list/108/908/108908_360_504_ott_poster.jpg?1407898581
11-28 15:17:23.557 D/cocos2d-x debug info(14128): cocos2d: fullPathForFilename: No file found at Arial. Possible missing file.
11-28 15:17:23.557 D/cocos2d-x debug info(14128): cocos2d: fullPathForFilename: No file found at Arial. Possible missing file.
11-28 15:17:23.567 D/cocos2d-x debug info(14128): JS: funtv.ImageLoader.sImagePath=/data/data/tv.fun.launcher/files/fun_download/1f/6437ed79ffd5222fe73961017fe1c1.png
11-28 15:17:23.567 D/cocos2d-x debug info(14128): nativeTes2Callback  [001]funtv.ImageLoader.imageCallback('/data/data/tv.fun.launcher/files/fun_download/1f/6437ed79ffd5222fe73961017fe1c1.png', 0, 93)
11-28 15:17:23.627 D/cocos2d-x debug info(14128): trace_frame: 59.953236
11-28 15:17:23.657 D/cocos2d-x debug info(14128): JS: ImageLoader:cancelImageLoad url=http://img.funshion.com/pictures/media/list/115/456/115456_360_504_ott_poster.jpg?1411480058
11-28 15:17:23.667 D/launcher_auto(14128): launcher_auto: sendkey and wait.
11-28 15:17:23.707 D/cocos2d-x debug info(14128): JS: HomeMovTVCarVarH--setSelectedItem--true
11-28 15:17:23.707 D/cocos2d-x debug info(14128): JS: HomeListAdapter: onTurnPage
11-28 15:17:23.707 D/JniHelper(14128): JniHelper::getJavaVM(), pthread_self() = 1529184920
11-28 15:17:23.707 D/cocos2d-x debug info(14128): cocos2d: TextureCache: removing unused texture: /data/data/tv.fun.launcher/files/fun_download/68/68f0364c1cfcf280eefe57ad00192f.png
11-28 15:17:23.707 D/cocos2d-x debug info(14128): cocos2d: TextureCache: removing unused texture: /data/data/tv.fun.launcher/files/fun_download/d0/556da1dd8f77b2a81556b495a9f932.png
11-28 15:17:23.707 D/cocos2d-x debug info(14128): cocos2d: TextureCache: removing unused texture: /data/data/tv.fun.launcher/files/fun_download/a9/1895df03762f60a149ef998a2b5dd1.png
11-28 15:17:23.717 D/cocos2d-x debug info(14128): cocos2d: TextureCache: removing unused texture: /data/data/tv.fun.launcher/files/fun_download/89/b81234e7e43dc287bca28642f04cee.png
11-28 15:17:23.737 D/cocos2d-x debug info(14128): trace_frame: 57.038559
11-28 15:17:23.837 D/cocos2d-x debug info(14128): trace_frame: 63.216263
11-28 15:17:23.957 D/cocos2d-x debug info(14128): trace_frame: 60.152443
11-28 15:17:24.057 D/cocos2d-x debug info(14128): trace_frame: 59.795486
11-28 15:17:24.167 D/cocos2d-x debug info(14128): JS: HomeMainScene Key down:157
11-28 15:17:24.167 D/cocos2d-x debug info(14128): JS: FunTableView:onClick key=157, isPress=true
11-28 15:17:24.177 D/cocos2d-x debug info(14128): JS: OnClick: Direction_Right press...
11-28 15:17:24.177 D/cocos2d-x debug info(14128): JS: onKeyPressRight
11-28 15:17:24.177 D/cocos2d-x debug info(14128): JS: moveFocus
11-28 15:17:24.177 D/cocos2d-x debug info(14128): JS: HomeMovTVCarVarH--setSelectedItem--false
11-28 15:17:24.177 D/cocos2d-x debug info(14128): JS: zhangmd:FunTableView:moveFocus, fromsize is:(340,562),tosize is:(340,562)
11-28 15:17:24.177 D/cocos2d-x debug info(14128): JS:  HomeMainScene Key up:157
11-28 15:17:24.177 D/cocos2d-x debug info(14128): JS: FunTableView:onClick key=157, isPress=false
11-28 15:17:24.177 D/cocos2d-x debug info(14128): trace_frame: 55.681942
11-28 15:17:24.287 D/cocos2d-x debug info(14128): trace_frame: 65.131424
11-28 15:17:24.407 D/cocos2d-x debug info(14128): JS: HomeMovTVCarVarH--setSelectedItem--true
11-28 15:17:24.407 D/cocos2d-x debug info(14128): trace_frame: 60.086353
11-28 15:17:24.517 D/cocos2d-x debug info(14128): trace_frame: 60.044090
11-28 15:17:24.617 D/cocos2d-x debug info(14128): trace_frame: 59.995800
11-28 15:17:24.667 D/launcher_auto(14128): launcher_auto: sendkey and wait.
11-28 15:17:24.717 D/cocos2d-x debug info(14128): trace_frame: 59.983803
11-28 15:17:24.837 D/cocos2d-x debug info(14128): trace_frame: 59.918682
11-28 15:17:24.937 D/cocos2d-x debug info(14128): trace_frame: 59.926292
11-28 15:17:25.057 D/cocos2d-x debug info(14128): trace_frame: 60.114223
11-28 15:17:25.117 D/mdns    ( 4397): SocketDataReady got a packet from 172.16.13.167 to 224.0.0.251 on interface 172.16.13.147/wlan0/7/260
11-28 15:17:25.117 D/mdns    ( 4397): Received Response from 172.16.13.167   addressed to 224.0.0.251     on 412B7340 with  0 Questions,  1 Answer,   0 Authorities,  0 Additionals 38 bytes LLQType 0
11-28 15:17:25.167 D/cocos2d-x debug info(14128): JS: HomeMainScene Key down:157
11-28 15:17:25.167 D/cocos2d-x debug info(14128): JS: FunTableView:onClick key=157, isPress=true
11-28 15:17:25.177 D/cocos2d-x debug info(14128): JS: OnClick: Direction_Right press...
11-28 15:17:25.177 D/cocos2d-x debug info(14128): JS: onKeyPressRight
11-28 15:17:25.177 D/cocos2d-x debug info(14128): JS: moveFocus
11-28 15:17:25.177 D/cocos2d-x debug info(14128): JS: HomeMovTVCarVarH--setSelectedItem--false
11-28 15:17:25.177 D/cocos2d-x debug info(14128): JS: zhangmd:FunTableView:moveFocus, fromsize is:(340,562),tosize is:(340,562)
11-28 15:17:25.177 D/cocos2d-x debug info(14128): JS:  HomeMainScene Key up:157
11-28 15:17:25.177 D/cocos2d-x debug info(14128): JS: FunTableView:onClick key=157, isPress=false
11-28 15:17:25.187 D/cocos2d-x debug info(14128): trace_frame: 54.475979
11-28 15:17:25.287 D/cocos2d-x debug info(14128): trace_frame: 66.837257
11-28 15:17:25.387 D/cocos2d-x debug info(14128): trace_frame: 59.970615
11-28 15:17:25.407 D/cocos2d-x debug info(14128): JS: HomeMovTVCarVarH--setSelectedItem--true
11-28 15:17:25.507 D/cocos2d-x debug info(14128): trace_frame: 58.731236
11-28 15:17:25.617 D/cocos2d-x debug info(14128): trace_frame: 61.333027
11-28 15:17:25.677 D/launcher_auto(14128): launcher_auto: sendkey and wait.
11-28 15:17:25.717 D/cocos2d-x debug info(14128): trace_frame: 59.990402
11-28 15:17:25.757 D/mdns    ( 4397): mDNS_Execute
11-28 15:17:25.757 D/mdns    ( 4397): mDNS_Execute: Setting NewLocalRecords to NULL
11-28 15:17:25.757 D/mdns    ( 4397): Announcing 006d0e03a545@MiniMax._raop._tcp.local. (TXT) 3
11-28 15:17:25.757 D/mdns    ( 4397): Announcing _services._dns-sd._udp.local. (PTR) 3
11-28 15:17:25.757 D/mdns    ( 4397): Announcing _raop._tcp.local. (PTR) 3
11-28 15:17:25.757 D/mdns    ( 4397): Announcing MiniMax._airplay._tcp.local. (TXT) 3
11-28 15:17:25.757 D/mdns    ( 4397): Announcing _services._dns-sd._udp.local. (PTR) 3
11-28 15:17:25.757 D/mdns    ( 4397): Announcing _airplay._tcp.local. (PTR) 3
11-28 15:17:25.757 D/mdns    ( 4397): Announcing 006d0e03a545@MiniMax._raop._tcp.local. (SRV) 3
11-28 15:17:25.757 D/mdns    ( 4397): Announcing MiniMax._airplay._tcp.local. (SRV) 3
11-28 15:17:25.757 D/mdns    ( 4397): Announcing 147.13.16.172.in-addr.arpa. (PTR) 3
11-28 15:17:25.757 D/mdns    ( 4397): Announcing 5.4.5.A.3.0.E.F.F.F.E.0.D.6.2.0.0.0.0.0.0.0.0.0.0.0.0.0.0.8.E.F.ip6.arpa. (PTR) 3
11-28 15:17:25.757 D/mdns    ( 4397): Announcing Android-2.local. (Addr) 3
11-28 15:17:25.757 D/mdns    ( 4397): Announcing Android-2.local. (AAAA) 3
11-28 15:17:25.757 D/mdns    ( 4397): SendResponses: Sending 0 Deregistrations, 12 Announcements, 0 Answers, 5 Additionals on 412B7340
11-28 15:17:25.757 D/mdns    ( 4397): SendResponses: Next in 16384 ticks
11-28 15:17:25.757 D/mdns    ( 4397): SocketDataReady got a packet from 172.16.13.147 to 224.0.0.251 on interface 172.16.13.147/wlan0/7/260
11-28 15:17:25.757 D/mdns    ( 4397): Received Response from 172.16.13.147   addressed to 224.0.0.251     on 412B7340 with  0 Questions, 12 Answers,  0 Authorities,  5 Additionals 661 bytes LLQType 0
11-28 15:17:25.757 D/mdns    ( 4397): Found record size   115 interface 412B7340 already in cache:  115 006d0e03a545@MiniMax._raop._tcp.local. TXT ch=2¦cn=0,1¦da=true¦ek=1¦et=0,1¦md=0,1,2¦pw=false¦sm=false¦sr=44100¦ss=16¦sv=false¦tp=UDP¦txtvers=
11-28 15:17:25.757 D/mdns    ( 4397): Found record size    75 interface 412B7340 already in cache:   75 MiniMax._airplay._tcp.local. TXT deviceid=00:6d:0e:03:a5:45¦features=0x2077¦model=AppleTV2,1¦srcvers=101.28
11-28 15:17:25.757 D/mdns    ( 4397): Found record size    78 interface 412B7340 already in cache:   78 5.4.5.A.3.0.E.F.F.F.E.0.D.6.2.0.0.0.0.0.0.0.0.0.0.0.0.0.0.8.E.F.ip6.arpa. NSEC PTR 
11-28 15:17:25.757 D/mdns    ( 4397): SocketDataReady got a packet from FE80:0000:0000:0000:026D:0EFF:FE03:A545 to FF02:0000:0000:0000:0000:0000:0000:00FB on interface 172.16.13.147/wlan0/7/261
11-28 15:17:25.757 D/mdns    ( 4397): Received Response from FE80:0000:0000:0000:026D:0EFF:FE03:A545 addressed to FF02:0000:0000:0000:0000:0000:0000:00FB on 412B7340 with  0 Questions, 12 Answers,  0 Authorities,  5 Additionals 661 bytes LLQType 0
11-28 15:17:25.757 D/mdns    ( 4397): Found record size   115 interface 412B7340 already in cache:  115 006d0e03a545@MiniMax._raop._tcp.local. TXT ch=2¦cn=0,1¦da=true¦ek=1¦et=0,1¦md=0,1,2¦pw=false¦sm=false¦sr=44100¦ss=16¦sv=false¦tp=UDP¦txtvers=
11-28 15:17:25.757 D/mdns    ( 4397): Found record size    75 interface 412B7340 already in cache:   75 MiniMax._airplay._tcp.local. TXT deviceid=00:6d:0e:03:a5:45¦features=0x2077¦model=AppleTV2,1¦srcvers=101.28
11-28 15:17:25.757 D/mdns    ( 4397): Found record size    78 interface 412B7340 already in cache:   78 5.4.5.A.3.0.E.F.F.F.E.0.D.6.2.0.0.0.0.0.0.0.0.0.0.0.0.0.0.8.E.F.ip6.arpa. NSEC PTR 
11-28 15:17:25.817 D/cocos2d-x debug info(14128): trace_frame: 59.997604
11-28 15:17:25.857 D/mdns    ( 4397): mDNS_Execute
11-28 15:17:25.857 D/mdns    ( 4397): mDNS_Execute: Setting NewLocalRecords to NULL
11-28 15:17:25.937 D/cocos2d-x debug info(14128): trace_frame: 60.027615
11-28 15:17:26.037 D/cocos2d-x debug info(14128): trace_frame: 59.982601
11-28 15:17:26.137 D/cocos2d-x debug info(14128): trace_frame: 59.989799
11-28 15:17:26.137 D/mdns    ( 4397): SocketDataReady got a packet from 172.16.13.193 to 224.0.0.251 on interface 172.16.13.147/wlan0/7/260
11-28 15:17:26.137 D/mdns    ( 4397): Received Response from 172.16.13.193   addressed to 224.0.0.251     on 412B7340 with  0 Questions,  1 Answer,   0 Authorities,  0 Additionals 38 bytes LLQType 0
11-28 15:17:26.187 D/cocos2d-x debug info(14128): JS: HomeMainScene Key down:157
11-28 15:17:26.187 D/cocos2d-x debug info(14128): JS: FunTableView:onClick key=157, isPress=true
11-28 15:17:26.187 D/cocos2d-x debug info(14128): JS: OnClick: Direction_Right press...
11-28 15:17:26.187 D/cocos2d-x debug info(14128): JS: onKeyPressRight
11-28 15:17:26.197 D/cocos2d-x debug info(14128): JS: moveFocus
11-28 15:17:26.197 D/cocos2d-x debug info(14128): JS: HomeMovTVCarVarH--setSelectedItem--false
11-28 15:17:26.197 D/cocos2d-x debug info(14128): JS: zhangmd:FunTableView:moveFocus, fromsize is:(340,562),tosize is:(340,562)
11-28 15:17:26.197 D/cocos2d-x debug info(14128): JS:  HomeMainScene Key up:157
11-28 15:17:26.197 D/cocos2d-x debug info(14128): JS: FunTableView:onClick key=157, isPress=false
11-28 15:17:26.237 D/cocos2d-x debug info(14128): trace_frame: 59.936466
11-28 15:17:26.337 D/cocos2d-x debug info(14128): trace_frame: 59.732399
11-28 15:17:26.417 D/cocos2d-x debug info(14128): JS: HomeMovTVCarVarH--setSelectedItem--true
11-28 15:17:26.457 D/cocos2d-x debug info(14128): trace_frame: 60.297009
11-28 15:17:26.547 D/mdns    ( 4397): SocketDataReady got a packet from 172.16.13.104 to 224.0.0.251 on interface 172.16.13.147/wlan0/7/260
11-28 15:17:26.547 D/mdns    ( 4397): Received Query from 172.16.13.104  :5353  to 224.0.0.251    :5353  on 0x412B7340 with  1 Question,   0 Answers,  0 Authorities,  0 Additionals 57 bytes
11-28 15:17:26.547 D/mdns    ( 4397): SocketDataReady got a packet from FE80:0000:0000:0000:6A5B:35FF:FE81:AA9B to FF02:0000:0000:0000:0000:0000:0000:00FB on interface 172.16.13.147/wlan0/7/261
11-28 15:17:26.547 D/mdns    ( 4397): Received Query from FE80:0000:0000:0000:6A5B:35FF:FE81:AA9B:5353  to FF02:0000:0000:0000:0000:0000:0000:00FB:5353  on 0x412B7340 with  1 Question,   0 Answers,  0 Authorities,  0 Additionals 57 bytes
11-28 15:17:26.557 D/cocos2d-x debug info(14128): trace_frame: 59.354816
11-28 15:17:26.657 D/mdns    ( 4397): mDNS_Execute
11-28 15:17:26.657 D/mdns    ( 4397): mDNS_Execute: Setting NewLocalRecords to NULL
11-28 15:17:26.677 D/cocos2d-x debug info(14128): trace_frame: 60.492405
11-28 15:17:26.677 D/launcher_auto(14128): launcher_auto: sendkey and wait.
11-28 15:17:26.787 D/cocos2d-x debug info(14128): trace_frame: 59.946903
11-28 15:17:26.907 D/cocos2d-x debug info(14128): trace_frame: 60.108540
11-28 15:17:27.007 D/cocos2d-x debug info(14128): trace_frame: 59.958019
11-28 15:17:27.107 D/cocos2d-x debug info(14128): trace_frame: 59.993404
11-28 15:17:27.187 D/cocos2d-x debug info(14128): JS: HomeMainScene Key down:157
11-28 15:17:27.187 D/cocos2d-x debug info(14128): JS: FunTableView:onClick key=157, isPress=true
11-28 15:17:27.187 D/cocos2d-x debug info(14128): JS: OnClick: Direction_Right press...
11-28 15:17:27.187 D/cocos2d-x debug info(14128): JS: onKeyPressRight
11-28 15:17:27.197 D/cocos2d-x debug info(14128): JS: moveFocus
11-28 15:17:27.197 D/cocos2d-x debug info(14128): JS: HomeMovTVCarVarH--setSelectedItem--false
11-28 15:17:27.197 D/cocos2d-x debug info(14128): JS: zhangmd:FunTableView:moveFocus, fromsize is:(340,562),tosize is:(340,562)
11-28 15:17:27.197 D/cocos2d-x debug info(14128): JS:  HomeMainScene Key up:157
11-28 15:17:27.197 D/cocos2d-x debug info(14128): JS: FunTableView:onClick key=157, isPress=false
11-28 15:17:27.207 D/cocos2d-x debug info(14128): trace_frame: 59.865303
11-28 15:17:27.317 D/cocos2d-x debug info(14128): trace_frame: 60.072433
11-28 15:17:27.417 D/cocos2d-x debug info(14128): JS: HomeMovTVCarVarH--setSelectedItem--true
11-28 15:17:27.437 D/cocos2d-x debug info(14128): trace_frame: 59.572948
11-28 15:17:27.557 D/cocos2d-x debug info(14128): trace_frame: 60.394817
11-28 15:17:27.627 D/dalvikvm(22184): GC_CONCURRENT freed 661K, 19% free 6606K/8116K, paused 2ms+3ms, total 50ms
11-28 15:17:27.667 D/cocos2d-x debug info(14128): trace_frame: 60.098732
11-28 15:17:27.687 D/launcher_auto(14128): launcher_auto: sendkey and wait.
11-28 15:17:27.787 D/cocos2d-x debug info(14128): trace_frame: 59.901245
11-28 15:17:27.887 D/cocos2d-x debug info(14128): trace_frame: 59.257507
11-28 15:17:27.977 D/mdns    ( 4397): SocketDataReady got a packet from 172.16.13.167 to 224.0.0.251 on interface 172.16.13.147/wlan0/7/260
11-28 15:17:27.977 D/mdns    ( 4397): Received Response from 172.16.13.167   addressed to 224.0.0.251     on 412B7340 with  0 Questions,  3 Answers,  0 Authorities,  0 Additionals 218 bytes LLQType 0
11-28 15:17:28.007 D/cocos2d-x debug info(14128): trace_frame: 60.672249
11-28 15:17:28.127 D/cocos2d-x debug info(14128): trace_frame: 60.066761
11-28 15:17:28.187 D/cocos2d-x debug info(14128): JS: HomeMainScene Key down:157
11-28 15:17:28.187 D/cocos2d-x debug info(14128): JS: FunTableView:onClick key=157, isPress=true
11-28 15:17:28.187 D/cocos2d-x debug info(14128): JS: OnClick: Direction_Right press...
11-28 15:17:28.187 D/cocos2d-x debug info(14128): JS: onKeyPressRight
11-28 15:17:28.197 D/cocos2d-x debug info(14128): JS: turnPage: toRight true
11-28 15:17:28.197 D/cocos2d-x debug info(14128): JS: jumpFocus
11-28 15:17:28.197 D/cocos2d-x debug info(14128): JS: HomeMovTVCarVarH--setSelectedItem--false
11-28 15:17:28.197 D/cocos2d-x debug info(14128): JS: zhangmd:FunTableView:calculateFullVisibleIndex begain,startidx=15,endidx=19,startidx2=20,endidx2=24
11-28 15:17:28.197 D/cocos2d-x debug info(14128): JS: calculateLastPageIndex 1
11-28 15:17:28.207 D/cocos2d-x debug info(14128): JS:  HomeMainScene Key up:157
11-28 15:17:28.207 D/cocos2d-x debug info(14128): JS: FunTableView:onClick key=157, isPress=false
11-28 15:17:28.227 D/cocos2d-x debug info(14128): trace_frame: 58.408939
11-28 15:17:28.237 D/cocos2d-x debug info(14128): JS: HomeListAdapter: isItemTypeOf(26)=true
11-28 15:17:28.237 D/cocos2d-x debug info(14128): JS: updateStatus--
11-28 15:17:28.247 D/cocos2d-x debug info(14128): JS: begin home url=http://img.funshion.com/pictures/media/list/104/848/104848_360_504_ott_poster.jpg?1416845927
11-28 15:17:28.247 D/JniHelper(14128): JniHelper::getJavaVM(), pthread_self() = 1529184920
11-28 15:17:28.247 D/cocos2d-x debug info(14128): JS: end home url=http://img.funshion.com/pictures/media/list/104/848/104848_360_504_ott_poster.jpg?1416845927
11-28 15:17:28.247 D/cocos2d-x debug info(14128): cocos2d: fullPathForFilename: No file found at Arial. Possible missing file.
11-28 15:17:28.247 D/cocos2d-x debug info(14128): cocos2d: fullPathForFilename: No file found at Arial. Possible missing file.
11-28 15:17:28.257 D/cocos2d-x debug info(14128): JS: funtv.ImageLoader.sImagePath=/data/data/tv.fun.launcher/files/fun_download/df/e981fbe81f99927f142bfdf3173c65.png
11-28 15:17:28.257 D/cocos2d-x debug info(14128): nativeTes2Callback  [002]funtv.ImageLoader.imageCallback('/data/data/tv.fun.launcher/files/fun_download/df/e981fbe81f99927f142bfdf3173c65.png', 0, 94)
11-28 15:17:28.267 D/cocos2d-x debug info(14128): JS: ImageLoader:cancelImageLoad url=http://img.funshion.com/pictures/media/list/112/833/112833_360_504_ott_poster.jpg?1415986515
11-28 15:17:28.307 D/cocos2d-x debug info(14128): JS: HomeListAdapter: isItemTypeOf(27)=true
11-28 15:17:28.307 D/cocos2d-x debug info(14128): JS: updateStatus--
11-28 15:17:28.307 D/cocos2d-x debug info(14128): JS: begin home url=http://img.funshion.com/pictures/media/list/106/356/106356_360_504_ott_poster.jpg?1416968683
11-28 15:17:28.307 D/JniHelper(14128): JniHelper::getJavaVM(), pthread_self() = 1529184920
11-28 15:17:28.307 D/cocos2d-x debug info(14128): JS: end home url=http://img.funshion.com/pictures/media/list/106/356/106356_360_504_ott_poster.jpg?1416968683
11-28 15:17:28.317 D/cocos2d-x debug info(14128): cocos2d: fullPathForFilename: No file found at Arial. Possible missing file.
11-28 15:17:28.317 D/cocos2d-x debug info(14128): cocos2d: fullPathForFilename: No file found at Arial. Possible missing file.
11-28 15:17:28.347 D/dalvikvm(14128): GC_CONCURRENT freed 1634K, 57% free 8107K/18508K, paused 3ms+8ms, total 35ms
11-28 15:17:28.357 D/dalvikvm(14128): WAIT_FOR_CONCURRENT_GC blocked 30ms
11-28 15:17:28.357 D/cocos2d-x debug info(14128): JS: funtv.ImageLoader.sImagePath=/data/data/tv.fun.launcher/files/fun_download/5e/78551918eb48d45da15c518d28c39a.png
11-28 15:17:28.367 D/cocos2d-x debug info(14128): nativeTes2Callback  [002]funtv.ImageLoader.imageCallback('/data/data/tv.fun.launcher/files/fun_download/5e/78551918eb48d45da15c518d28c39a.png', 0, 95)
11-28 15:17:28.367 D/cocos2d-x debug info(14128): JS: ImageLoader:cancelImageLoad url=http://img.funshion.com/pictures/media/list/108/657/108657_360_504_ott_poster.jpg?1415929287
11-28 15:17:28.377 D/cocos2d-x debug info(14128): trace_frame: 42.773125
11-28 15:17:28.387 D/cocos2d-x debug info(14128): JS: HomeListAdapter: isItemTypeOf(28)=true
11-28 15:17:28.387 D/cocos2d-x debug info(14128): JS: updateStatus--
11-28 15:17:28.387 D/cocos2d-x debug info(14128): JS: begin home url=http://img.funshion.com/pictures/media/list/111/823/111823_360_504_ott_poster.jpg?1408092766
11-28 15:17:28.387 D/JniHelper(14128): JniHelper::getJavaVM(), pthread_self() = 1529184920
11-28 15:17:28.387 D/cocos2d-x debug info(14128): JS: end home url=http://img.funshion.com/pictures/media/list/111/823/111823_360_504_ott_poster.jpg?1408092766
11-28 15:17:28.397 D/cocos2d-x debug info(14128): cocos2d: fullPathForFilename: No file found at Arial. Possible missing file.
11-28 15:17:28.397 D/cocos2d-x debug info(14128): cocos2d: fullPathForFilename: No file found at Arial. Possible missing file.
11-28 15:17:28.407 D/cocos2d-x debug info(14128): JS: funtv.ImageLoader.sImagePath=/data/data/tv.fun.launcher/files/fun_download/d0/da8562a862e3adfb5ae1a8c82d8f8b.png
11-28 15:17:28.417 D/cocos2d-x debug info(14128): nativeTes2Callback  [001]funtv.ImageLoader.imageCallback('/data/data/tv.fun.launcher/files/fun_download/d0/da8562a862e3adfb5ae1a8c82d8f8b.png', 0, 96)
11-28 15:17:28.417 D/cocos2d-x debug info(14128): JS: ImageLoader:cancelImageLoad url=http://img.funshion.com/pictures/media/list/114/040/114040_360_504_ott_poster.jpg?1415806782
11-28 15:17:28.457 D/cocos2d-x debug info(14128): JS: HomeListAdapter: isItemTypeOf(29)=true
11-28 15:17:28.457 D/cocos2d-x debug info(14128): JS: updateStatus--
11-28 15:17:28.457 D/cocos2d-x debug info(14128): JS: begin home url=http://img.funshion.com/pictures/media/list/109/015/109015_360_504_ott_poster.jpg?1407995770
11-28 15:17:28.457 D/JniHelper(14128): JniHelper::getJavaVM(), pthread_self() = 1529184920
11-28 15:17:28.457 D/cocos2d-x debug info(14128): JS: end home url=http://img.funshion.com/pictures/media/list/109/015/109015_360_504_ott_poster.jpg?1407995770
11-28 15:17:28.467 D/cocos2d-x debug info(14128): cocos2d: fullPathForFilename: No file found at Arial. Possible missing file.
11-28 15:17:28.467 D/cocos2d-x debug info(14128): cocos2d: fullPathForFilename: No file found at Arial. Possible missing file.
11-28 15:17:28.477 D/cocos2d-x debug info(14128): JS: funtv.ImageLoader.sImagePath=/data/data/tv.fun.launcher/files/fun_download/a5/6b1800ea2391fa9df5cdb2195ad87a.png
11-28 15:17:28.477 D/cocos2d-x debug info(14128): nativeTes2Callback  [001]funtv.ImageLoader.imageCallback('/data/data/tv.fun.launcher/files/fun_download/a5/6b1800ea2391fa9df5cdb2195ad87a.png', 0, 97)
11-28 15:17:28.487 D/cocos2d-x debug info(14128): trace_frame: 51.403751
11-28 15:17:28.507 D/cocos2d-x debug info(14128): JS: ImageLoader:cancelImageLoad url=http://img.funshion.com/pictures/media/list/107/885/107885_360_504_ott_poster.jpg?1416678784
11-28 15:17:28.557 D/cocos2d-x debug info(14128): JS: HomeListAdapter: isItemTypeOf(30)=true
11-28 15:17:28.557 D/cocos2d-x debug info(14128): JS: updateStatus--
11-28 15:17:28.557 D/cocos2d-x debug info(14128): JS: begin home url=http://img.funshion.com/pictures/media/list/109/043/109043_360_504_ott_poster.jpg?1407382954
11-28 15:17:28.557 D/JniHelper(14128): JniHelper::getJavaVM(), pthread_self() = 1529184920
11-28 15:17:28.557 D/cocos2d-x debug info(14128): JS: end home url=http://img.funshion.com/pictures/media/list/109/043/109043_360_504_ott_poster.jpg?1407382954
11-28 15:17:28.577 D/cocos2d-x debug info(14128): cocos2d: fullPathForFilename: No file found at Arial. Possible missing file.
11-28 15:17:28.577 D/cocos2d-x debug info(14128): cocos2d: fullPathForFilename: No file found at Arial. Possible missing file.
11-28 15:17:28.587 D/cocos2d-x debug info(14128): JS: funtv.ImageLoader.sImagePath=/data/data/tv.fun.launcher/files/fun_download/09/354869f06018ee57bc531cc6c741d1.png
