11-28 15:23:18.547 D/JniHelper(14128): JniHelper::getJavaVM(), pthread_self() = 1529184920
11-28 15:23:18.547 D/FileUtil(14128): getImageFilePathByUrl, url is http://172.16.12.58:8080/meedo-img/6120ea/6f4922/poster_193POISPM49C3_2048.png
11-28 15:23:18.547 D/FileUtil(14128): getImageFilePathByUrl, fileName is poster_193POISPM49C3_2048.png
11-28 15:23:18.547 D/JniHelper(14128): JniHelper::getJavaVM(), pthread_self() = 1529184920
11-28 15:23:18.557 D/cocos2d-x debug info(14128): JS: updateAppInfoStateAndProgress downloadState : 1
11-28 15:23:18.587 D/dalvikvm(14128): GC_CONCURRENT freed 1065K, 60% free 7475K/18508K, paused 2ms+3ms, total 27ms
11-28 15:23:18.587 D/dalvikvm(14128): WAIT_FOR_CONCURRENT_GC blocked 19ms
11-28 15:23:18.607 D/cocos2d-x debug info(14128): JS: switchMenuState, setNotFadingIn
11-28 15:23:18.607 D/cocos2d-x debug info(14128): JS: LRUCache, set item key is /data/data/tv.fun.launcher/cache/poster_193POHKFHIIIH_f4bd5da387c8c4f84ed110ce8f0a52fa.png, value is undefined
11-28 15:23:18.607 D/cocos2d-x debug info(14128): JS: LRUCache, set item current size is 15
11-28 15:23:18.617 D/cocos2d-x debug info(14128): JS: LRUCache, deleted item key is /data/data/tv.fun.launcher/cache/poster_193POHKFHIIIH_f4bd5da387c8c4f84ed110ce8f0a52fa.png, value is undefined
11-28 15:23:18.617 D/cocos2d-x debug info(14128): trace_frame: 17.006224
11-28 15:23:18.627 D/cocos2d-x debug info(14128): JS: LRUCache, set item key is /data/data/tv.fun.launcher/cache/poster_1944KD2RME1PN_腾讯电视游戏.png, value is undefined
11-28 15:23:18.627 D/cocos2d-x debug info(14128): JS: LRUCache, set item current size is 15
11-28 15:23:18.627 D/cocos2d-x debug info(14128): JS: LRUCache, deleted item key is /data/data/tv.fun.launcher/cache/poster_1944KD2RME1PN_腾讯电视游戏.png, value is undefined
11-28 15:23:18.647 D/cocos2d-x debug info(14128): JS: LRUCache, set item key is /data/data/tv.fun.launcher/cache/poster_193POKI429Q1J_doudizhu.png, value is undefined
11-28 15:23:18.647 D/cocos2d-x debug info(14128): JS: LRUCache, set item current size is 15
11-28 15:23:18.647 D/cocos2d-x debug info(14128): JS: LRUCache, deleted item key is /data/data/tv.fun.launcher/cache/poster_193POKI429Q1J_doudizhu.png, value is undefined
11-28 15:23:18.657 D/cocos2d-x debug info(14128): JS: LRUCache, set item key is /data/data/tv.fun.launcher/cache/poster_193POED01SJN4_69d9f2f46bfc45050f5789df3da7f808.png, value is undefined
11-28 15:23:18.657 D/cocos2d-x debug info(14128): JS: LRUCache, set item current size is 15
11-28 15:23:18.657 D/cocos2d-x debug info(14128): JS: LRUCache, deleted item key is /data/data/tv.fun.launcher/cache/poster_193POED01SJN4_69d9f2f46bfc45050f5789df3da7f808.png, value is undefined
11-28 15:23:18.677 D/cocos2d-x debug info(14128): JS: LRUCache, set item key is /data/data/tv.fun.launcher/cache/poster_193POISPM49C3_2048.png, value is undefined
11-28 15:23:18.677 D/cocos2d-x debug info(14128): JS: LRUCache, set item current size is 15
11-28 15:23:18.677 D/cocos2d-x debug info(14128): JS: LRUCache, deleted item key is /data/data/tv.fun.launcher/cache/poster_193POISPM49C3_2048.png, value is undefined
11-28 15:23:18.697 D/launcher_auto(14128): launcher_auto: sendkey and wait.
11-28 15:23:18.717 D/cocos2d-x debug info(14128): trace_frame: 60.900280
--------- beginning of /dev/log/system
11-28 15:23:18.787 D/ConnectivityService( 2370): handleInetConditionHoldEnd: net=1, condition=0, published condition=100
11-28 15:23:18.827 D/cocos2d-x debug info(14128): trace_frame: 59.192612
11-28 15:23:18.877 D/dalvikvm(22184): GC_CONCURRENT freed 869K, 22% free 6741K/8544K, paused 2ms+6ms, total 49ms
11-28 15:23:18.877 D/dalvikvm(22184): WAIT_FOR_CONCURRENT_GC blocked 21ms
11-28 15:23:18.887 D/dalvikvm(22184): WAIT_FOR_CONCURRENT_GC blocked 23ms
11-28 15:23:18.937 D/cocos2d-x debug info(14128): trace_frame: 60.746490
11-28 15:23:18.977 D/dalvikvm(21595): GC_CONCURRENT freed 391K, 17% free 5273K/6284K, paused 1ms+4ms, total 21ms
11-28 15:23:19.057 D/cocos2d-x debug info(14128): trace_frame: 60.030174
11-28 15:23:19.167 D/cocos2d-x debug info(14128): trace_frame: 59.990578
11-28 15:23:19.207 D/cocos2d-x debug info(14128): JS: keyCode : 157
11-28 15:23:19.207 D/cocos2d-x debug info(14128): JS: =======================switchMenu turnLeft : false
11-28 15:23:19.207 D/cocos2d-x debug info(14128): JS: =======================switchMenu turnOther time is : 3
11-28 15:23:19.287 D/cocos2d-x debug info(14128): trace_frame: 59.927914
11-28 15:23:19.407 D/cocos2d-x debug info(14128): trace_frame: 60.042034
11-28 15:23:19.507 D/cocos2d-x debug info(14128): trace_frame: 59.406528
11-28 15:23:19.617 D/cocos2d-x debug info(14128): trace_frame: 60.514893
11-28 15:23:19.707 D/launcher_auto(14128): launcher_auto: sendkey and wait.
11-28 15:23:19.717 D/cocos2d-x debug info(14128): trace_frame: 59.956829
11-28 15:23:19.817 D/cocos2d-x debug info(14128): trace_frame: 59.961624
11-28 15:23:19.937 D/cocos2d-x debug info(14128): trace_frame: 60.105446
11-28 15:23:20.037 D/cocos2d-x debug info(14128): trace_frame: 59.884407
11-28 15:23:20.157 D/cocos2d-x debug info(14128): trace_frame: 60.092545
11-28 15:23:20.217 D/cocos2d-x debug info(14128): JS: keyCode : 156
11-28 15:23:20.217 D/cocos2d-x debug info(14128): JS: =======================switchMenu turnLeft : true
11-28 15:23:20.227 D/cocos2d-x debug info(14128): JS: switchMenuState36 currentIndex:5moveDis:1506
11-28 15:23:20.227 D/cocos2d-x debug info(14128): JS: =======================switchMenu turnLeft time is : 4
11-28 15:23:20.257 D/cocos2d-x debug info(14128): trace_frame: 58.802204
11-28 15:23:20.337 D/cocos2d-x debug info(14128): JS: =======================switchMenuState after getLocalAppsInfo time is : 114
11-28 15:23:20.337 D/cocos2d-x debug info(14128): JS: switchMenuState, lastIndex = 6, currentIndex = 5
11-28 15:23:20.367 D/cocos2d-x debug info(14128): trace_frame: 61.075626
11-28 15:23:20.437 D/cocos2d-x debug info(14128): JS: =======================switchMenuState reloadTabData2
11-28 15:23:20.437 D/cocos2d-x debug info(14128): JS: setData[object Object],[object Object],[object Object],[object Object],[object Object],[object Object],[object Object]
11-28 15:23:20.437 D/cocos2d-x debug info(14128): JS: this.mFocusImage.x327.5 y:212
11-28 15:23:20.447 D/cocos2d-x debug info(14128): JS: setAppServerInfo appServerInfo : [object Object]
11-28 15:23:20.447 D/cocos2d-x debug info(14128): JS: launcherAppAdapter updateData cell0
11-28 15:23:20.447 D/cocos2d-x debug info(14128): JS: launcherAppAdapter fillData cell0
11-28 15:23:20.447 D/cocos2d-x debug info(14128): JS: this.mData.length70
11-28 15:23:20.447 D/JniHelper(14128): JniHelper::getJavaVM(), pthread_self() = 1529184920
11-28 15:23:20.447 D/FileUtil(14128): getImageFilePathByUrl, url is http://172.16.12.58:8080/meedo-img/bc77fe/8e98d8/poster_193PFJAJMMVHD_7c60453a66568b1b27e79ccbb2c3b50ee62f5b14.png
11-28 15:23:20.447 D/FileUtil(14128): getImageFilePathByUrl, fileName is poster_193PFJAJMMVHD_7c60453a66568b1b27e79ccbb2c3b50ee62f5b14.png
11-28 15:23:20.447 D/JniHelper(14128): JniHelper::getJavaVM(), pthread_self() = 1529184920
11-28 15:23:20.447 D/cocos2d-x debug info(14128): JS: updateAppInfoStateAndProgress downloadState : 1
11-28 15:23:20.457 D/cocos2d-x debug info(14128): JS: setAppServerInfo appServerInfo : [object Object]
11-28 15:23:20.457 D/cocos2d-x debug info(14128): JS: launcherAppAdapter updateData cell1
11-28 15:23:20.457 D/cocos2d-x debug info(14128): JS: launcherAppAdapter fillData cell1
11-28 15:23:20.457 D/cocos2d-x debug info(14128): JS: this.mData.length71
11-28 15:23:20.457 D/JniHelper(14128): JniHelper::getJavaVM(), pthread_self() = 1529184920
11-28 15:23:20.457 D/FileUtil(14128): getImageFilePathByUrl, url is http://172.16.12.58:8080/meedo-img/a0434e/b6d767/poster_1944JRDNTLUDG_贝瓦儿歌.png
11-28 15:23:20.457 D/FileUtil(14128): getImageFilePathByUrl, fileName is poster_1944JRDNTLUDG_贝瓦儿歌.png
11-28 15:23:20.467 D/cocos2d-x debug info(14128): JS: LRUCache, set item key is /data/data/tv.fun.launcher/cache/poster_1944JRDNTLUDG_贝瓦儿歌.png, value is undefined
11-28 15:23:20.467 D/cocos2d-x debug info(14128): JS: LRUCache, set item current size is 15
11-28 15:23:20.467 D/cocos2d-x debug info(14128): JS: LRUCache, deleted item key is /data/data/tv.fun.launcher/cache/poster_1944JRDNTLUDG_贝瓦儿歌.png, value is undefined
11-28 15:23:20.467 D/JniHelper(14128): JniHelper::getJavaVM(), pthread_self() = 1529184920
11-28 15:23:20.467 D/cocos2d-x debug info(14128): JS: updateAppInfoStateAndProgress downloadState : 1
11-28 15:23:20.467 D/cocos2d-x debug info(14128): JS: setAppServerInfo appServerInfo : [object Object]
11-28 15:23:20.467 D/cocos2d-x debug info(14128): JS: launcherAppAdapter updateData cell2
11-28 15:23:20.467 D/cocos2d-x debug info(14128): JS: launcherAppAdapter fillData cell2
11-28 15:23:20.477 D/cocos2d-x debug info(14128): JS: this.mData.length72
11-28 15:23:20.477 D/JniHelper(14128): JniHelper::getJavaVM(), pthread_self() = 1529184920
11-28 15:23:20.477 D/FileUtil(14128): getImageFilePathByUrl, url is http://172.16.12.58:8080/meedo-img/119b94/c51ce4/poster_193PFF3EMCBEK_be6aa7f734744ecd782d3e8ec5bc7800102d720c.png
11-28 15:23:20.477 D/FileUtil(14128): getImageFilePathByUrl, fileName is poster_193PFF3EMCBEK_be6aa7f734744ecd782d3e8ec5bc7800102d720c.png
11-28 15:23:20.477 D/JniHelper(14128): JniHelper::getJavaVM(), pthread_self() = 1529184920
11-28 15:23:20.477 D/cocos2d-x debug info(14128): JS: updateAppInfoStateAndProgress downloadState : 1
11-28 15:23:20.487 D/cocos2d-x debug info(14128): JS: setAppServerInfo appServerInfo : [object Object]
11-28 15:23:20.487 D/cocos2d-x debug info(14128): JS: launcherAppAdapter updateData cell3
11-28 15:23:20.487 D/cocos2d-x debug info(14128): JS: launcherAppAdapter fillData cell3
11-28 15:23:20.487 D/cocos2d-x debug info(14128): JS: this.mData.length73
11-28 15:23:20.487 D/JniHelper(14128): JniHelper::getJavaVM(), pthread_self() = 1529184920
11-28 15:23:20.487 D/FileUtil(14128): getImageFilePathByUrl, url is http://172.16.12.58:8080/meedo-img/010063/6ea9ab/poster_193PFH61C9178_a9d4eb222859f423773274335986cad2de055cb8.png
11-28 15:23:20.487 D/FileUtil(14128): getImageFilePathByUrl, fileName is poster_193PFH61C9178_a9d4eb222859f423773274335986cad2de055cb8.png
11-28 15:23:20.487 D/JniHelper(14128): JniHelper::getJavaVM(), pthread_self() = 1529184920
11-28 15:23:20.497 D/cocos2d-x debug info(14128): JS: updateAppInfoStateAndProgress downloadState : 1
11-28 15:23:20.497 D/cocos2d-x debug info(14128): JS: setAppServerInfo appServerInfo : [object Object]
11-28 15:23:20.497 D/cocos2d-x debug info(14128): JS: launcherAppAdapter updateData cell4
11-28 15:23:20.497 D/cocos2d-x debug info(14128): JS: launcherAppAdapter fillData cell4
11-28 15:23:20.497 D/cocos2d-x debug info(14128): JS: this.mData.length74
11-28 15:23:20.507 D/JniHelper(14128): JniHelper::getJavaVM(), pthread_self() = 1529184920
11-28 15:23:20.507 D/FileUtil(14128): getImageFilePathByUrl, url is http://172.16.12.58:8080/meedo-img/be7c86/c4ca42/poster_193PFO34PISFA_mingshiketang_2.2.4.png
11-28 15:23:20.507 D/FileUtil(14128): getImageFilePathByUrl, fileName is poster_193PFO34PISFA_mingshiketang_2.2.4.png
11-28 15:23:20.507 D/JniHelper(14128): JniHelper::getJavaVM(), pthread_self() = 1529184920
11-28 15:23:20.507 D/cocos2d-x debug info(14128): JS: updateAppInfoStateAndProgress downloadState : 1
11-28 15:23:20.517 D/cocos2d-x debug info(14128): JS: setAppServerInfo appServerInfo : [object Object]
11-28 15:23:20.517 D/cocos2d-x debug info(14128): JS: launcherAppAdapter updateData cell5
11-28 15:23:20.517 D/cocos2d-x debug info(14128): JS: launcherAppAdapter fillData cell5
11-28 15:23:20.517 D/cocos2d-x debug info(14128): JS: this.mData.length75
11-28 15:23:20.517 D/JniHelper(14128): JniHelper::getJavaVM(), pthread_self() = 1529184920
11-28 15:23:20.517 D/FileUtil(14128): getImageFilePathByUrl, url is http://172.16.12.58:8080/meedo-img/b24888/c4ca42/poster_193PFKD8DP785_cn.cheerz.ia_2.0.png
11-28 15:23:20.517 D/FileUtil(14128): getImageFilePathByUrl, fileName is poster_193PFKD8DP785_cn.cheerz.ia_2.0.png
11-28 15:23:20.517 D/JniHelper(14128): JniHelper::getJavaVM(), pthread_self() = 1529184920
11-28 15:23:20.527 D/cocos2d-x debug info(14128): JS: updateAppInfoStateAndProgress downloadState : 1
11-28 15:23:20.547 D/cocos2d-x debug info(14128): JS: switchMenuState, setNotFadingIn
11-28 15:23:20.557 D/cocos2d-x debug info(14128): JS: LRUCache, contains key /data/data/tv.fun.launcher/cache/poster_193PFJAJMMVHD_7c60453a66568b1b27e79ccbb2c3b50ee62f5b14.png
11-28 15:23:20.557 D/cocos2d-x debug info(14128): trace_frame: 28.196655
11-28 15:23:20.567 D/cocos2d-x debug info(14128): JS: LRUCache, contains key /data/data/tv.fun.launcher/cache/poster_193PFF3EMCBEK_be6aa7f734744ecd782d3e8ec5bc7800102d720c.png
11-28 15:23:20.577 D/cocos2d-x debug info(14128): JS: LRUCache, contains key /data/data/tv.fun.launcher/cache/poster_193PFH61C9178_a9d4eb222859f423773274335986cad2de055cb8.png
11-28 15:23:20.597 D/cocos2d-x debug info(14128): JS: LRUCache, contains key /data/data/tv.fun.launcher/cache/poster_193PFO34PISFA_mingshiketang_2.2.4.png
11-28 15:23:20.607 D/cocos2d-x debug info(14128): JS: LRUCache, contains key /data/data/tv.fun.launcher/cache/poster_193PFKD8DP785_cn.cheerz.ia_2.0.png
11-28 15:23:20.657 D/cocos2d-x debug info(14128): trace_frame: 65.600815
11-28 15:23:20.677 D/dalvikvm(22184): GC_CONCURRENT freed 823K, 22% free 6735K/8544K, paused 2ms+6ms, total 49ms
11-28 15:23:20.707 D/launcher_auto(14128): launcher_auto: sendkey and wait.
11-28 15:23:20.767 D/cocos2d-x debug info(14128): trace_frame: 60.317268
11-28 15:23:20.887 D/cocos2d-x debug info(14128): trace_frame: 60.050270
11-28 15:23:20.987 D/cocos2d-x debug info(14128): trace_frame: 59.988598
11-28 15:23:21.087 D/cocos2d-x debug info(14128): trace_frame: 59.917324
11-28 15:23:21.207 D/cocos2d-x debug info(14128): trace_frame: 60.018860
11-28 15:23:21.227 D/cocos2d-x debug info(14128): JS: keyCode : 156
11-28 15:23:21.227 D/cocos2d-x debug info(14128): JS: =======================switchMenu turnLeft : true
11-28 15:23:21.227 D/cocos2d-x debug info(14128): JS: switchMenuState35 currentIndex:4moveDis:1260
11-28 15:23:21.227 D/cocos2d-x debug info(14128): JS: =======================switchMenu turnLeft time is : 3
11-28 15:23:21.307 D/cocos2d-x debug info(14128): trace_frame: 59.862915
11-28 15:23:21.337 D/cocos2d-x debug info(14128): JS: =======================switchMenuState after getLocalAppsInfo time is : 114
11-28 15:23:21.337 D/cocos2d-x debug info(14128): JS: switchMenuState, lastIndex = 5, currentIndex = 4
11-28 15:23:21.417 D/cocos2d-x debug info(14128): trace_frame: 60.131260
11-28 15:23:21.457 D/cocos2d-x debug info(14128): JS: =======================switchMenuState reloadTabData2
11-28 15:23:21.457 D/cocos2d-x debug info(14128): JS: setData[object Object],[object Object],[object Object],[object Object],[object Object],[object Object]
11-28 15:23:21.457 D/cocos2d-x debug info(14128): JS: this.mFocusImage.x327.5 y:212
11-28 15:23:21.457 D/cocos2d-x debug info(14128): JS: setAppServerInfo appServerInfo : [object Object]
11-28 15:23:21.457 D/cocos2d-x debug info(14128): JS: launcherAppAdapter updateData cell0
11-28 15:23:21.457 D/cocos2d-x debug info(14128): JS: launcherAppAdapter fillData cell0
11-28 15:23:21.467 D/cocos2d-x debug info(14128): JS: this.mData.length60
11-28 15:23:21.467 D/JniHelper(14128): JniHelper::getJavaVM(), pthread_self() = 1529184920
11-28 15:23:21.467 D/FileUtil(14128): getImageFilePathByUrl, url is http://172.16.12.58:8080/meedo-img/dd798d/eae27d/poster_1944KB87QRJ6O_logo.png
11-28 15:23:21.467 D/FileUtil(14128): getImageFilePathByUrl, fileName is poster_1944KB87QRJ6O_logo.png
11-28 15:23:21.467 D/cocos2d-x debug info(14128): JS: LRUCache, set item key is /data/data/tv.fun.launcher/cache/poster_1944KB87QRJ6O_logo.png, value is undefined
11-28 15:23:21.467 D/cocos2d-x debug info(14128): JS: LRUCache, set item current size is 15
11-28 15:23:21.467 D/cocos2d-x debug info(14128): JS: LRUCache, deleted item key is /data/data/tv.fun.launcher/cache/poster_1944KB87QRJ6O_logo.png, value is undefined
11-28 15:23:21.467 D/JniHelper(14128): JniHelper::getJavaVM(), pthread_self() = 1529184920
11-28 15:23:21.477 D/cocos2d-x debug info(14128): JS: updateAppInfoStateAndProgress downloadState : 1
11-28 15:23:21.477 D/cocos2d-x debug info(14128): JS: setAppServerInfo appServerInfo : [object Object]
11-28 15:23:21.477 D/cocos2d-x debug info(14128): JS: launcherAppAdapter updateData cell1
11-28 15:23:21.477 D/cocos2d-x debug info(14128): JS: launcherAppAdapter fillData cell1
11-28 15:23:21.477 D/cocos2d-x debug info(14128): JS: this.mData.length61
11-28 15:23:21.477 D/JniHelper(14128): JniHelper::getJavaVM(), pthread_self() = 1529184920
11-28 15:23:21.477 D/FileUtil(14128): getImageFilePathByUrl, url is http://172.16.12.58:8080/meedo-img/1eca69/42a0e1/poster_1944KF3BH8P0U_同花顺.png
11-28 15:23:21.477 D/FileUtil(14128): getImageFilePathByUrl, fileName is poster_1944KF3BH8P0U_同花顺.png
11-28 15:23:21.487 D/cocos2d-x debug info(14128): JS: LRUCache, set item key is /data/data/tv.fun.launcher/cache/poster_1944KF3BH8P0U_同花顺.png, value is undefined
11-28 15:23:21.487 D/cocos2d-x debug info(14128): JS: LRUCache, set item current size is 15
11-28 15:23:21.487 D/cocos2d-x debug info(14128): JS: LRUCache, deleted item key is /data/data/tv.fun.launcher/cache/poster_1944KF3BH8P0U_同花顺.png, value is undefined
11-28 15:23:21.487 D/JniHelper(14128): JniHelper::getJavaVM(), pthread_self() = 1529184920
11-28 15:23:21.487 D/cocos2d-x debug info(14128): JS: updateAppInfoStateAndProgress downloadState : 1
11-28 15:23:21.487 D/cocos2d-x debug info(14128): JS: setAppServerInfo appServerInfo : [object Object]
11-28 15:23:21.487 D/cocos2d-x debug info(14128): JS: launcherAppAdapter updateData cell2
11-28 15:23:21.497 D/cocos2d-x debug info(14128): JS: launcherAppAdapter fillData cell2
11-28 15:23:21.497 D/cocos2d-x debug info(14128): JS: this.mData.length62
11-28 15:23:21.497 D/JniHelper(14128): JniHelper::getJavaVM(), pthread_self() = 1529184920
11-28 15:23:21.497 D/FileUtil(14128): getImageFilePathByUrl, url is http://172.16.12.58:8080/meedo-img/173bc2/c4ca42/poster_197G8MSRJTHAV_pic1.jpg
11-28 15:23:21.497 D/FileUtil(14128): getImageFilePathByUrl, fileName is poster_197G8MSRJTHAV_pic1.jpg
11-28 15:23:21.497 D/JniHelper(14128): JniHelper::getJavaVM(), pthread_self() = 1529184920
11-28 15:23:21.497 D/cocos2d-x debug info(14128): JS: updateAppInfoStateAndProgress downloadState : 1
11-28 15:23:21.497 D/cocos2d-x debug info(14128): JS: setAppServerInfo appServerInfo : [object Object]
11-28 15:23:21.507 D/cocos2d-x debug info(14128): JS: launcherAppAdapter updateData cell3
11-28 15:23:21.507 D/cocos2d-x debug info(14128): JS: launcherAppAdapter fillData cell3
11-28 15:23:21.507 D/cocos2d-x debug info(14128): JS: this.mData.length63
11-28 15:23:21.507 D/JniHelper(14128): JniHelper::getJavaVM(), pthread_self() = 1529184920
11-28 15:23:21.507 D/FileUtil(14128): getImageFilePathByUrl, url is http://172.16.12.58:8080/meedo-img/341921/c4ca42/poster_193PH0FUVHC6T_d0961116183ae56f74100deae687d38b94893a43.png
11-28 15:23:21.507 D/FileUtil(14128): getImageFilePathByUrl, fileName is poster_193PH0FUVHC6T_d0961116183ae56f74100deae687d38b94893a43.png
11-28 15:23:21.507 D/JniHelper(14128): JniHelper::getJavaVM(), pthread_self() = 1529184920
11-28 15:23:21.517 D/cocos2d-x debug info(14128): JS: updateAppInfoStateAndProgress downloadState : 1
11-28 15:23:21.517 D/cocos2d-x debug info(14128): JS: setAppServerInfo appServerInfo : [object Object]
11-28 15:23:21.517 D/cocos2d-x debug info(14128): JS: launcherAppAdapter updateData cell4
11-28 15:23:21.517 D/cocos2d-x debug info(14128): JS: launcherAppAdapter fillData cell4
11-28 15:23:21.517 D/cocos2d-x debug info(14128): JS: this.mData.length64
11-28 15:23:21.517 D/JniHelper(14128): JniHelper::getJavaVM(), pthread_self() = 1529184920
11-28 15:23:21.517 D/FileUtil(14128): getImageFilePathByUrl, url is http://172.16.12.58:8080/meedo-img/4fda5f/c81e72/poster_197QE7M2R1N3M.jpg
11-28 15:23:21.517 D/FileUtil(14128): getImageFilePathByUrl, fileName is poster_197QE7M2R1N3M.jpg
11-28 15:23:21.527 D/JniHelper(14128): JniHelper::getJavaVM(), pthread_self() = 1529184920
11-28 15:23:21.527 D/cocos2d-x debug info(14128): JS: updateAppInfoStateAndProgress downloadState : 1
11-28 15:23:21.527 D/cocos2d-x debug info(14128): JS: setAppServerInfo appServerInfo : [object Object]
11-28 15:23:21.527 D/cocos2d-x debug info(14128): JS: launcherAppAdapter updateData cell5
11-28 15:23:21.527 D/cocos2d-x debug info(14128): JS: launcherAppAdapter fillData cell5
11-28 15:23:21.527 D/cocos2d-x debug info(14128): JS: this.mData.length65
11-28 15:23:21.537 D/JniHelper(14128): JniHelper::getJavaVM(), pthread_self() = 1529184920
11-28 15:23:21.537 D/FileUtil(14128): getImageFilePathByUrl, url is http://172.16.12.58:8080/meedo-img/c97437/167909/poster_1944KI1R9ORE8_万年历.png
11-28 15:23:21.537 D/FileUtil(14128): getImageFilePathByUrl, fileName is poster_1944KI1R9ORE8_万年历.png
11-28 15:23:21.537 D/cocos2d-x debug info(14128): JS: LRUCache, set item key is /data/data/tv.fun.launcher/cache/poster_1944KI1R9ORE8_万年历.png, value is undefined
11-28 15:23:21.537 D/cocos2d-x debug info(14128): JS: LRUCache, set item current size is 15
11-28 15:23:21.537 D/cocos2d-x debug info(14128): JS: LRUCache, deleted item key is /data/data/tv.fun.launcher/cache/poster_1944KI1R9ORE8_万年历.png, value is undefined
11-28 15:23:21.547 D/JniHelper(14128): JniHelper::getJavaVM(), pthread_self() = 1529184920
11-28 15:23:21.547 D/cocos2d-x debug info(14128): JS: updateAppInfoStateAndProgress downloadState : 1
11-28 15:23:21.577 D/dalvikvm(14128): GC_CONCURRENT freed 1031K, 60% free 7540K/18508K, paused 4ms+3ms, total 27ms
11-28 15:23:21.577 D/dalvikvm(14128): WAIT_FOR_CONCURRENT_GC blocked 22ms
11-28 15:23:21.597 D/cocos2d-x debug info(14128): JS: switchMenuState, setNotFadingIn
11-28 15:23:21.597 D/cocos2d-x debug info(14128): trace_frame: 17.331123
11-28 15:23:21.617 D/cocos2d-x debug info(14128): JS: LRUCache, set item key is /data/data/tv.fun.launcher/cache/poster_197G8MSRJTHAV_pic1.jpg, value is undefined
11-28 15:23:21.617 D/cocos2d-x debug info(14128): JS: LRUCache, set item current size is 15
11-28 15:23:21.617 D/cocos2d-x debug info(14128): JS: LRUCache, deleted item key is /data/data/tv.fun.launcher/cache/poster_197G8MSRJTHAV_pic1.jpg, value is undefined
11-28 15:23:21.627 D/cocos2d-x debug info(14128): JS: LRUCache, set item key is /data/data/tv.fun.launcher/cache/poster_193PH0FUVHC6T_d0961116183ae56f74100deae687d38b94893a43.png, value is undefined
11-28 15:23:21.627 D/cocos2d-x debug info(14128): JS: LRUCache, set item current size is 15
11-28 15:23:21.627 D/cocos2d-x debug info(14128): JS: LRUCache, deleted item key is /data/data/tv.fun.launcher/cache/poster_193PH0FUVHC6T_d0961116183ae56f74100deae687d38b94893a43.png, value is undefined
11-28 15:23:21.657 D/mdns    ( 4397): SocketDataReady got a packet from 172.16.13.131 to 224.0.0.251 on interface 172.16.13.147/wlan0/7/308
11-28 15:23:21.657 D/mdns    ( 4397): Received Response from 172.16.13.131   addressed to 224.0.0.251     on 412BA7A0 with  0 Questions,  3 Answers,  0 Authorities,  0 Additionals 232 bytes LLQType 0
11-28 15:23:21.717 D/cocos2d-x debug info(14128): JS: LRUCache, set item key is /data/data/tv.fun.launcher/cache/poster_197QE7M2R1N3M.jpg, value is undefined
11-28 15:23:21.717 D/cocos2d-x debug info(14128): JS: LRUCache, set item current size is 15
11-28 15:23:21.717 D/cocos2d-x debug info(14128): JS: LRUCache, deleted item key is /data/data/tv.fun.launcher/cache/poster_197QE7M2R1N3M.jpg, value is undefined
11-28 15:23:21.717 D/launcher_auto(14128): launcher_auto: sendkey and wait.
11-28 15:23:21.717 D/cocos2d-x debug info(14128): trace_frame: 63.485153
11-28 15:23:21.827 D/cocos2d-x debug info(14128): trace_frame: 59.139599
11-28 15:23:21.867 D/dalvikvm(22184): GC_FOR_ALLOC freed 714K, 22% free 6707K/8544K, paused 47ms, total 47ms
11-28 15:23:21.937 D/cocos2d-x debug info(14128): trace_frame: 60.939514
11-28 15:23:22.037 D/cocos2d-x debug info(14128): trace_frame: 59.990391
11-28 15:23:22.157 D/cocos2d-x debug info(14128): trace_frame: 59.981323
11-28 15:23:22.217 D/cocos2d-x debug info(14128): JS: keyCode : 156
11-28 15:23:22.217 D/cocos2d-x debug info(14128): JS: =======================switchMenu turnLeft : true
11-28 15:23:22.227 D/cocos2d-x debug info(14128): JS: switchMenuState34 currentIndex:3moveDis:1014
11-28 15:23:22.227 D/cocos2d-x debug info(14128): JS: =======================switchMenu turnLeft time is : 4
11-28 15:23:22.257 D/cocos2d-x debug info(14128): trace_frame: 59.950245
11-28 15:23:22.337 D/cocos2d-x debug info(14128): JS: =======================switchMenuState after getLocalAppsInfo time is : 115
11-28 15:23:22.337 D/cocos2d-x debug info(14128): JS: switchMenuState, lastIndex = 4, currentIndex = 3
11-28 15:23:22.357 D/cocos2d-x debug info(14128): trace_frame: 59.991001
11-28 15:23:22.437 D/cocos2d-x debug info(14128): JS: =======================switchMenuState reloadTabData2
11-28 15:23:22.437 D/cocos2d-x debug info(14128): JS: setData[object Object],[object Object],[object Object],[object Object],[object Object],[object Object],[object Object],[object Object],[object Object],[object Object],[object Object]
11-28 15:23:22.437 D/cocos2d-x debug info(14128): JS: this.mFocusImage.x327.5 y:212
11-28 15:23:22.447 D/cocos2d-x debug info(14128): JS: setAppServerInfo appServerInfo : [object Object]
11-28 15:23:22.447 D/cocos2d-x debug info(14128): JS: launcherAppAdapter updateData cell0
11-28 15:23:22.447 D/cocos2d-x debug info(14128): JS: launcherAppAdapter fillData cell0
11-28 15:23:22.447 D/cocos2d-x debug info(14128): JS: this.mData.length110
11-28 15:23:22.447 D/JniHelper(14128): JniHelper::getJavaVM(), pthread_self() = 1529184920
11-28 15:23:22.447 D/FileUtil(14128): getImageFilePathByUrl, url is http://172.16.12.58:8080/meedo-img/2cc738/c81e72/poster_1944K8JIGMK9M_美食杰TV版.png
11-28 15:23:22.447 D/FileUtil(14128): getImageFilePathByUrl, fileName is poster_1944K8JIGMK9M_美食杰TV版.png
11-28 15:23:22.447 D/cocos2d-x debug info(14128): JS: LRUCache, set item key is /data/data/tv.fun.launcher/cache/poster_1944K8JIGMK9M_美食杰TV版.png, value is undefined
11-28 15:23:22.447 D/cocos2d-x debug info(14128): JS: LRUCache, set item current size is 15
11-28 15:23:22.447 D/cocos2d-x debug info(14128): JS: LRUCache, deleted item key is /data/data/tv.fun.launcher/cache/poster_1944K8JIGMK9M_美食杰TV版.png, value is undefined
11-28 15:23:22.457 D/JniHelper(14128): JniHelper::getJavaVM(), pthread_self() = 1529184920
11-28 15:23:22.457 D/cocos2d-x debug info(14128): JS: updateAppInfoStateAndProgress downloadState : 1
11-28 15:23:22.457 D/cocos2d-x debug info(14128): JS: setAppServerInfo appServerInfo : [object Object]
11-28 15:23:22.457 D/cocos2d-x debug info(14128): JS: launcherAppAdapter updateData cell1
11-28 15:23:22.457 D/cocos2d-x debug info(14128): JS: launcherAppAdapter fillData cell1
11-28 15:23:22.457 D/cocos2d-x debug info(14128): JS: this.mData.length111
11-28 15:23:22.457 D/JniHelper(14128): JniHelper::getJavaVM(), pthread_self() = 1529184920
11-28 15:23:22.467 D/FileUtil(14128): getImageFilePathByUrl, url is http://172.16.12.58:8080/meedo-img/c97437/167909/poster_1944KI1R9ORE8_万年历.png
11-28 15:23:22.467 D/FileUtil(14128): getImageFilePathByUrl, fileName is poster_1944KI1R9ORE8_万年历.png
11-28 15:23:22.467 D/JniHelper(14128): JniHelper::getJavaVM(), pthread_self() = 1529184920
11-28 15:23:22.467 D/cocos2d-x debug info(14128): JS: updateAppInfoStateAndProgress downloadState : 1
11-28 15:23:22.467 D/cocos2d-x debug info(14128): JS: setAppServerInfo appServerInfo : [object Object]
11-28 15:23:22.467 D/cocos2d-x debug info(14128): JS: launcherAppAdapter updateData cell2
11-28 15:23:22.467 D/cocos2d-x debug info(14128): JS: launcherAppAdapter fillData cell2
11-28 15:23:22.467 D/cocos2d-x debug info(14128): JS: this.mData.length112
11-28 15:23:22.477 D/JniHelper(14128): JniHelper::getJavaVM(), pthread_self() = 1529184920
11-28 15:23:22.477 D/FileUtil(14128): getImageFilePathByUrl, url is http://172.16.12.58:8080/meedo-img/029d27/7dcd34/poster_1944K4NN518LM_春雨医生TV.png
11-28 15:23:22.477 D/FileUtil(14128): getImageFilePathByUrl, fileName is poster_1944K4NN518LM_春雨医生TV.png
11-28 15:23:22.477 D/cocos2d-x debug info(14128): JS: LRUCache, set item key is /data/data/tv.fun.launcher/cache/poster_1944K4NN518LM_春雨医生TV.png, value is undefined
11-28 15:23:22.477 D/cocos2d-x debug info(14128): JS: LRUCache, set item current size is 15
11-28 15:23:22.477 D/cocos2d-x debug info(14128): JS: LRUCache, deleted item key is /data/data/tv.fun.launcher/cache/poster_1944K4NN518LM_春雨医生TV.png, value is undefined
11-28 15:23:22.477 D/JniHelper(14128): JniHelper::getJavaVM(), pthread_self() = 1529184920
11-28 15:23:22.487 D/cocos2d-x debug info(14128): JS: updateAppInfoStateAndProgress downloadState : 1
11-28 15:23:22.487 D/cocos2d-x debug info(14128): JS: setAppServerInfo appServerInfo : [object Object]
11-28 15:23:22.487 D/cocos2d-x debug info(14128): JS: launcherAppAdapter updateData cell3
11-28 15:23:22.487 D/cocos2d-x debug info(14128): JS: launcherAppAdapter fillData cell3
11-28 15:23:22.487 D/cocos2d-x debug info(14128): JS: this.mData.length113
11-28 15:23:22.487 D/JniHelper(14128): JniHelper::getJavaVM(), pthread_self() = 1529184920
11-28 15:23:22.487 D/FileUtil(14128): getImageFilePathByUrl, url is http://172.16.12.58:8080/meedo-img/d7a146/c4ca42/poster_193PGO82FFCFM_3ceef2628207244725568320083459ef.png
11-28 15:23:22.497 D/FileUtil(14128): getImageFilePathByUrl, fileName is poster_193PGO82FFCFM_3ceef2628207244725568320083459ef.png
11-28 15:23:22.497 D/cocos2d-x debug info(14128): JS: LRUCache, set item key is /data/data/tv.fun.launcher/cache/poster_193PGO82FFCFM_3ceef2628207244725568320083459ef.png, value is undefined
11-28 15:23:22.497 D/cocos2d-x debug info(14128): JS: LRUCache, set item current size is 15
11-28 15:23:22.497 D/cocos2d-x debug info(14128): JS: LRUCache, deleted item key is /data/data/tv.fun.launcher/cache/poster_193PGO82FFCFM_3ceef2628207244725568320083459ef.png, value is undefined
11-28 15:23:22.497 D/JniHelper(14128): JniHelper::getJavaVM(), pthread_self() = 1529184920
11-28 15:23:22.497 D/cocos2d-x debug info(14128): JS: updateAppInfoStateAndProgress downloadState : 1
11-28 15:23:22.497 D/cocos2d-x debug info(14128): JS: setAppServerInfo appServerInfo : [object Object]
11-28 15:23:22.497 D/cocos2d-x debug info(14128): JS: launcherAppAdapter updateData cell4
11-28 15:23:22.507 D/cocos2d-x debug info(14128): JS: launcherAppAdapter fillData cell4
11-28 15:23:22.507 D/cocos2d-x debug info(14128): JS: this.mData.length114
11-28 15:23:22.507 D/JniHelper(14128): JniHelper::getJavaVM(), pthread_self() = 1529184920
11-28 15:23:22.507 D/FileUtil(14128): getImageFilePathByUrl, url is http://172.16.12.58:8080/meedo-img/ba9681/c4ca42/poster_193PGSN6HO3L_b45c3c7e2b6fe877bf8e694029de38d1.png
11-28 15:23:22.507 D/FileUtil(14128): getImageFilePathByUrl, fileName is poster_193PGSN6HO3L_b45c3c7e2b6fe877bf8e694029de38d1.png
11-28 15:23:22.507 D/cocos2d-x debug info(14128): JS: LRUCache, set item key is /data/data/tv.fun.launcher/cache/poster_193PGSN6HO3L_b45c3c7e2b6fe877bf8e694029de38d1.png, value is undefined
11-28 15:23:22.507 D/cocos2d-x debug info(14128): JS: LRUCache, set item current size is 15
11-28 15:23:22.507 D/cocos2d-x debug info(14128): JS: LRUCache, deleted item key is /data/data/tv.fun.launcher/cache/poster_193PGSN6HO3L_b45c3c7e2b6fe877bf8e694029de38d1.png, value is undefined
11-28 15:23:22.507 D/JniHelper(14128): JniHelper::getJavaVM(), pthread_self() = 1529184920
11-28 15:23:22.517 D/cocos2d-x debug info(14128): JS: updateAppInfoStateAndProgress downloadState : 1
11-28 15:23:22.517 D/cocos2d-x debug info(14128): JS: setAppServerInfo appServerInfo : [object Object]
11-28 15:23:22.517 D/cocos2d-x debug info(14128): JS: launcherAppAdapter updateData cell5
11-28 15:23:22.517 D/cocos2d-x debug info(14128): JS: launcherAppAdapter fillData cell5
11-28 15:23:22.517 D/cocos2d-x debug info(14128): JS: this.mData.length115
11-28 15:23:22.517 D/JniHelper(14128): JniHelper::getJavaVM(), pthread_self() = 1529184920
11-28 15:23:22.517 D/FileUtil(14128): getImageFilePathByUrl, url is http://172.16.12.58:8080/meedo-img/0ebc81/c4ca42/poster_193PHBRTOD0CO_tvassistant_1.3.1.png
11-28 15:23:22.517 D/FileUtil(14128): getImageFilePathByUrl, fileName is poster_193PHBRTOD0CO_tvassistant_1.3.1.png
11-28 15:23:22.517 D/cocos2d-x debug info(14128): JS: LRUCache, set item key is /data/data/tv.fun.launcher/cache/poster_193PHBRTOD0CO_tvassistant_1.3.1.png, value is undefined
11-28 15:23:22.527 D/cocos2d-x debug info(14128): JS: LRUCache, set item current size is 15
11-28 15:23:22.527 D/cocos2d-x debug info(14128): JS: LRUCache, deleted item key is /data/data/tv.fun.launcher/cache/poster_193PHBRTOD0CO_tvassistant_1.3.1.png, value is undefined
11-28 15:23:22.527 D/JniHelper(14128): JniHelper::getJavaVM(), pthread_self() = 1529184920
11-28 15:23:22.527 D/cocos2d-x debug info(14128): JS: updateAppInfoStateAndProgress downloadState : 1
11-28 15:23:22.547 D/cocos2d-x debug info(14128): JS: switchMenuState, setNotFadingIn
11-28 15:23:22.547 D/cocos2d-x debug info(14128): JS: LRUCache, contains key /data/data/tv.fun.launcher/cache/poster_1944KI1R9ORE8_万年历.png
11-28 15:23:22.547 D/cocos2d-x debug info(14128): trace_frame: 31.568645
11-28 15:23:22.657 D/cocos2d-x debug info(14128): trace_frame: 63.769699
11-28 15:23:22.717 D/launcher_auto(14128): launcher_auto: sendkey and wait.
11-28 15:23:22.757 D/cocos2d-x debug info(14128): trace_frame: 59.954437
11-28 15:23:22.857 D/cocos2d-x debug info(14128): trace_frame: 59.962818
11-28 15:23:22.957 D/cocos2d-x debug info(14128): trace_frame: 59.871872
11-28 15:23:23.067 D/cocos2d-x debug info(14128): trace_frame: 60.175209
11-28 15:23:23.167 D/cocos2d-x debug info(14128): trace_frame: 59.940655
11-28 15:23:23.237 D/cocos2d-x debug info(14128): JS: keyCode : 156
11-28 15:23:23.237 D/cocos2d-x debug info(14128): JS: =======================switchMenu turnLeft : true
11-28 15:23:23.237 D/cocos2d-x debug info(14128): JS: switchMenuState33 currentIndex:2moveDis:768
11-28 15:23:23.237 D/cocos2d-x debug info(14128): JS: =======================switchMenu turnLeft time is : 4
11-28 15:23:23.287 D/cocos2d-x debug info(14128): trace_frame: 60.031731
11-28 15:23:23.357 D/cocos2d-x debug info(14128): JS: =======================switchMenuState after getLocalAppsInfo time is : 115
11-28 15:23:23.357 D/cocos2d-x debug info(14128): JS: switchMenuState, lastIndex = 3, currentIndex = 2
11-28 15:23:23.387 D/cocos2d-x debug info(14128): trace_frame: 59.985004
11-28 15:23:23.457 D/cocos2d-x debug info(14128): JS: =======================switchMenuState reloadTabData2
11-28 15:23:23.457 D/cocos2d-x debug info(14128): JS: setData[object Object],[object Object],[object Object],[object Object],[object Object],[object Object],[object Object],[object Object],[object Object]
11-28 15:23:23.457 D/cocos2d-x debug info(14128): JS: this.mFocusImage.x327.5 y:212
11-28 15:23:23.457 D/cocos2d-x debug info(14128): JS: setAppServerInfo appServerInfo : [object Object]
11-28 15:23:23.457 D/cocos2d-x debug info(14128): JS: launcherAppAdapter updateData cell0
11-28 15:23:23.467 D/cocos2d-x debug info(14128): JS: launcherAppAdapter fillData cell0
11-28 15:23:23.467 D/cocos2d-x debug info(14128): JS: this.mData.length90
11-28 15:23:23.467 D/JniHelper(14128): JniHelper::getJavaVM(), pthread_self() = 1529184920
11-28 15:23:23.467 D/FileUtil(14128): getImageFilePathByUrl, url is http://172.16.12.58:8080/meedo-img/83fd98/c4ca42/poster_193PET5MP9JIR_9208c65365a271fde2ef7dfc502240981b97b6e2.png
11-28 15:23:23.467 D/FileUtil(14128): getImageFilePathByUrl, fileName is poster_193PET5MP9JIR_9208c65365a271fde2ef7dfc502240981b97b6e2.png
11-28 15:23:23.467 D/cocos2d-x debug info(14128): JS: LRUCache, set item key is /data/data/tv.fun.launcher/cache/poster_193PET5MP9JIR_9208c65365a271fde2ef7dfc502240981b97b6e2.png, value is undefined
11-28 15:23:23.467 D/cocos2d-x debug info(14128): JS: LRUCache, set item current size is 15
11-28 15:23:23.467 D/cocos2d-x debug info(14128): JS: LRUCache, deleted item key is /data/data/tv.fun.launcher/cache/poster_193PET5MP9JIR_9208c65365a271fde2ef7dfc502240981b97b6e2.png, value is undefined
11-28 15:23:23.467 D/JniHelper(14128): JniHelper::getJavaVM(), pthread_self() = 1529184920
11-28 15:23:23.477 D/cocos2d-x debug info(14128): JS: updateAppInfoStateAndProgress downloadState : 1
11-28 15:23:23.477 D/cocos2d-x debug info(14128): JS: setAppServerInfo appServerInfo : [object Object]
11-28 15:23:23.477 D/cocos2d-x debug info(14128): JS: launcherAppAdapter updateData cell1
11-28 15:23:23.477 D/cocos2d-x debug info(14128): JS: launcherAppAdapter fillData cell1
11-28 15:23:23.477 D/cocos2d-x debug info(14128): JS: this.mData.length91
11-28 15:23:23.477 D/JniHelper(14128): JniHelper::getJavaVM(), pthread_self() = 1529184920
11-28 15:23:23.477 D/FileUtil(14128): getImageFilePathByUrl, url is http://172.16.12.58:8080/meedo-img/a0434e/b6d767/poster_1944JRDNTLUDG_贝瓦儿歌.png
11-28 15:23:23.477 D/FileUtil(14128): getImageFilePathByUrl, fileName is poster_1944JRDNTLUDG_贝瓦儿歌.png
11-28 15:23:23.477 D/JniHelper(14128): JniHelper::getJavaVM(), pthread_self() = 1529184920
11-28 15:23:23.487 D/cocos2d-x debug info(14128): JS: updateAppInfoStateAndProgress downloadState : 1
11-28 15:23:23.487 D/cocos2d-x debug info(14128): JS: setAppServerInfo appServerInfo : [object Object]
11-28 15:23:23.487 D/cocos2d-x debug info(14128): JS: launcherAppAdapter updateData cell2
11-28 15:23:23.487 D/cocos2d-x debug info(14128): JS: launcherAppAdapter fillData cell2
11-28 15:23:23.487 D/cocos2d-x debug info(14128): JS: this.mData.length92
11-28 15:23:23.487 D/JniHelper(14128): JniHelper::getJavaVM(), pthread_self() = 1529184920
11-28 15:23:23.487 D/FileUtil(14128): getImageFilePathByUrl, url is http://172.16.12.58:8080/meedo-img/b22c66/c81e72/poster_197QFGFL1SLNC.png
11-28 15:23:23.487 D/FileUtil(14128): getImageFilePathByUrl, fileName is poster_197QFGFL1SLNC.png
11-28 15:23:23.497 D/cocos2d-x debug info(14128): JS: LRUCache, set item key is /data/data/tv.fun.launcher/cache/poster_197QFGFL1SLNC.png, value is undefined
11-28 15:23:23.497 D/cocos2d-x debug info(14128): JS: LRUCache, set item current size is 15
11-28 15:23:23.497 D/cocos2d-x debug info(14128): JS: LRUCache, deleted item key is /data/data/tv.fun.launcher/cache/poster_197QFGFL1SLNC.png, value is undefined
11-28 15:23:23.497 D/JniHelper(14128): JniHelper::getJavaVM(), pthread_self() = 1529184920
11-28 15:23:23.497 D/cocos2d-x debug info(14128): JS: updateAppInfoStateAndProgress downloadState : 1
11-28 15:23:23.497 D/cocos2d-x debug info(14128): JS: setAppServerInfo appServerInfo : [object Object]
11-28 15:23:23.497 D/cocos2d-x debug info(14128): JS: launcherAppAdapter updateData cell3
11-28 15:23:23.507 D/cocos2d-x debug info(14128): JS: launcherAppAdapter fillData cell3
11-28 15:23:23.507 D/cocos2d-x debug info(14128): JS: this.mData.length93
11-28 15:23:23.507 D/JniHelper(14128): JniHelper::getJavaVM(), pthread_self() = 1529184920
11-28 15:23:23.507 D/FileUtil(14128): getImageFilePathByUrl, url is http://172.16.12.58:8080/meedo-img/69d678/c4ca42/poster_193PF0ADD66AI_youku_2.5.0.png
11-28 15:23:23.507 D/FileUtil(14128): getImageFilePathByUrl, fileName is poster_193PF0ADD66AI_youku_2.5.0.png
11-28 15:23:23.507 D/cocos2d-x debug info(14128): JS: LRUCache, set item key is /data/data/tv.fun.launcher/cache/poster_193PF0ADD66AI_youku_2.5.0.png, value is undefined
11-28 15:23:23.507 D/cocos2d-x debug info(14128): JS: LRUCache, set item current size is 15
11-28 15:23:23.517 D/cocos2d-x debug info(14128): JS: LRUCache, deleted item key is /data/data/tv.fun.launcher/cache/poster_193PF0ADD66AI_youku_2.5.0.png, value is undefined
11-28 15:23:23.517 D/JniHelper(14128): JniHelper::getJavaVM(), pthread_self() = 1529184920
11-28 15:23:23.517 D/cocos2d-x debug info(14128): JS: updateAppInfoStateAndProgress downloadState : 1
11-28 15:23:23.517 D/cocos2d-x debug info(14128): JS: setAppServerInfo appServerInfo : [object Object]
11-28 15:23:23.517 D/cocos2d-x debug info(14128): JS: launcherAppAdapter updateData cell4
11-28 15:23:23.517 D/cocos2d-x debug info(14128): JS: launcherAppAdapter fillData cell4
11-28 15:23:23.527 D/cocos2d-x debug info(14128): JS: this.mData.length94
11-28 15:23:23.527 D/JniHelper(14128): JniHelper::getJavaVM(), pthread_self() = 1529184920
11-28 15:23:23.527 D/FileUtil(14128): getImageFilePathByUrl, url is http://172.16.12.58:8080/meedo-img/cc5b6e/a9b7ba/poster_193PFDJGPF2V1_fengxin_dianying_logo.png
11-28 15:23:23.527 D/FileUtil(14128): getImageFilePathByUrl, fileName is poster_193PFDJGPF2V1_fengxin_dianying_logo.png
11-28 15:23:23.527 D/cocos2d-x debug info(14128): JS: LRUCache, set item key is /data/data/tv.fun.launcher/cache/poster_193PFDJGPF2V1_fengxin_dianying_logo.png, value is undefined
11-28 15:23:23.537 D/cocos2d-x debug info(14128): JS: LRUCache, set item current size is 15
11-28 15:23:23.537 D/cocos2d-x debug info(14128): JS: LRUCache, deleted item key is /data/data/tv.fun.launcher/cache/poster_193PFDJGPF2V1_fengxin_dianying_logo.png, value is undefined
11-28 15:23:23.537 D/JniHelper(14128): JniHelper::getJavaVM(), pthread_self() = 1529184920
11-28 15:23:23.537 D/cocos2d-x debug info(14128): JS: updateAppInfoStateAndProgress downloadState : 1
11-28 15:23:23.537 D/cocos2d-x debug info(14128): JS: setAppServerInfo appServerInfo : [object Object]
11-28 15:23:23.537 D/cocos2d-x debug info(14128): JS: launcherAppAdapter updateData cell5
11-28 15:23:23.537 D/cocos2d-x debug info(14128): JS: launcherAppAdapter fillData cell5
11-28 15:23:23.537 D/cocos2d-x debug info(14128): JS: this.mData.length95
11-28 15:23:23.547 D/JniHelper(14128): JniHelper::getJavaVM(), pthread_self() = 1529184920
11-28 15:23:23.547 D/FileUtil(14128): getImageFilePathByUrl, url is http://172.16.12.58:8080/meedo-img/834661/c4ca42/poster_193PEUU07MVI3_71bea120c2e672b01660a8a844c8055b.png
11-28 15:23:23.547 D/FileUtil(14128): getImageFilePathByUrl, fileName is poster_193PEUU07MVI3_71bea120c2e672b01660a8a844c8055b.png
11-28 15:23:23.547 D/cocos2d-x debug info(14128): JS: LRUCache, set item key is /data/data/tv.fun.launcher/cache/poster_193PEUU07MVI3_71bea120c2e672b01660a8a844c8055b.png, value is undefined
11-28 15:23:23.547 D/cocos2d-x debug info(14128): JS: LRUCache, set item current size is 15
11-28 15:23:23.547 D/cocos2d-x debug info(14128): JS: LRUCache, deleted item key is /data/data/tv.fun.launcher/cache/poster_193PEUU07MVI3_71bea120c2e672b01660a8a844c8055b.png, value is undefined
11-28 15:23:23.547 D/JniHelper(14128): JniHelper::getJavaVM(), pthread_self() = 1529184920
11-28 15:23:23.547 D/cocos2d-x debug info(14128): JS: updateAppInfoStateAndProgress downloadState : 1
11-28 15:23:23.577 D/dalvikvm(14128): GC_CONCURRENT freed 1197K, 60% free 7456K/18508K, paused 3ms+3ms, total 27ms
11-28 15:23:23.577 D/dalvikvm(14128): WAIT_FOR_CONCURRENT_GC blocked 21ms
11-28 15:23:23.597 D/cocos2d-x debug info(14128): JS: switchMenuState, setNotFadingIn
11-28 15:23:23.607 D/cocos2d-x debug info(14128): JS: LRUCache, set item key is /data/data/tv.fun.launcher/cache/poster_1944JRDNTLUDG_贝瓦儿歌.png, value is undefined
11-28 15:23:23.607 D/cocos2d-x debug info(14128): JS: LRUCache, set item current size is 15
11-28 15:23:23.607 D/cocos2d-x debug info(14128): JS: LRUCache, deleted item key is /data/data/tv.fun.launcher/cache/poster_1944JRDNTLUDG_贝瓦儿歌.png, value is undefined
11-28 15:23:23.607 D/cocos2d-x debug info(14128): trace_frame: 23.967939
11-28 15:23:23.707 D/cocos2d-x debug info(14128): trace_frame: 64.700989
11-28 15:23:23.727 D/launcher_auto(14128): launcher_auto: sendkey and wait.
11-28 15:23:23.817 D/cocos2d-x debug info(14128): trace_frame: 60.102863
11-28 15:23:23.917 D/cocos2d-x debug info(14128): trace_frame: 59.969414
11-28 15:23:23.927 W/System.err( 4158): org.apache.http.conn.ConnectTimeoutException: Connect to /27.152.28.200:80 timed out
11-28 15:23:23.927 W/System.err( 4158): 	at org.apache.http.conn.scheme.PlainSocketFactory.connectSocket(PlainSocketFactory.java:121)
11-28 15:23:23.927 W/System.err( 4158): 	at org.apache.http.impl.conn.DefaultClientConnectionOperator.openConnection(DefaultClientConnectionOperator.java:144)
11-28 15:23:23.927 W/System.err( 4158): 	at org.apache.http.impl.conn.AbstractPoolEntry.open(AbstractPoolEntry.java:164)
11-28 15:23:23.927 W/System.err( 4158): 	at org.apache.http.impl.conn.AbstractPooledConnAdapter.open(AbstractPooledConnAdapter.java:119)
11-28 15:23:23.927 W/System.err( 4158): 	at org.apache.http.impl.client.DefaultRequestDirector.execute(DefaultRequestDirector.java:360)
11-28 15:23:23.927 W/System.err( 4158): 	at org.apache.http.impl.client.AbstractHttpClient.execute(AbstractHttpClient.java:555)
11-28 15:23:23.927 W/System.err( 4158): 	at org.apache.http.impl.client.AbstractHttpClient.execute(AbstractHttpClient.java:487)
11-28 15:23:23.937 W/System.err( 4158): 	at org.apache.http.impl.client.AbstractHttpClient.execute(AbstractHttpClient.java:465)
11-28 15:23:23.937 W/System.err( 4158): 	at com.mele.launcher.service.WebAccessTools.getWebEntity(WebAccessTools.java:61)
11-28 15:23:23.937 W/System.err( 4158): 	at com.mele.launcher.service.GetAddressByIp.getCurrentCity(GetAddressByIp.java:33)
11-28 15:23:23.937 W/System.err( 4158): 	at com.mele.launcher.service.WeatherService$3.run(WeatherService.java:216)
11-28 15:23:24.017 D/cocos2d-x debug info(14128): trace_frame: 59.901173
11-28 15:23:24.127 D/cocos2d-x debug info(14128): trace_frame: 59.059769
11-28 15:23:24.237 D/cocos2d-x debug info(14128): JS: keyCode : 156
11-28 15:23:24.237 D/cocos2d-x debug info(14128): JS: =======================switchMenu turnLeft : true
11-28 15:23:24.247 D/cocos2d-x debug info(14128): JS: switchMenuState32 currentIndex:1moveDis:522
11-28 15:23:24.247 D/cocos2d-x debug info(14128): JS: =======================switchMenu turnLeft time is : 2
11-28 15:23:24.247 D/cocos2d-x debug info(14128): trace_frame: 57.392101
11-28 15:23:24.357 D/cocos2d-x debug info(14128): JS: =======================switchMenuState after getLocalAppsInfo time is : 112
11-28 15:23:24.357 D/cocos2d-x debug info(14128): JS: switchMenuState, lastIndex = 2, currentIndex = 1
11-28 15:23:24.357 D/cocos2d-x debug info(14128): trace_frame: 63.819698
11-28 15:23:24.457 D/cocos2d-x debug info(14128): JS: =======================switchMenuState reloadTabData2
11-28 15:23:24.457 D/cocos2d-x debug info(14128): JS: setData[object Object],[object Object],[object Object],[object Object],[object Object],[object Object],[object Object],[object Object],[object Object],[object Object],[object Object],[object Object],[object Object]
11-28 15:23:24.457 D/cocos2d-x debug info(14128): JS: this.mFocusImage.x327.5 y:212
11-28 15:23:24.457 D/cocos2d-x debug info(14128): JS: setAppServerInfo appServerInfo : [object Object]
11-28 15:23:24.457 D/cocos2d-x debug info(14128): JS: launcherAppAdapter updateData cell0
11-28 15:23:24.467 D/cocos2d-x debug info(14128): JS: launcherAppAdapter fillData cell0
11-28 15:23:24.467 D/cocos2d-x debug info(14128): JS: this.mData.length130
11-28 15:23:24.467 D/JniHelper(14128): JniHelper::getJavaVM(), pthread_self() = 1529184920
11-28 15:23:24.467 D/FileUtil(14128): getImageFilePathByUrl, url is http://172.16.12.58:8080/meedo-img/2cc738/c81e72/poster_1944K8JIGMK9M_美食杰TV版.png
11-28 15:23:24.467 D/FileUtil(14128): getImageFilePathByUrl, fileName is poster_1944K8JIGMK9M_美食杰TV版.png
11-28 15:23:24.467 D/JniHelper(14128): JniHelper::getJavaVM(), pthread_self() = 1529184920
11-28 15:23:24.477 D/cocos2d-x debug info(14128): JS: updateAppInfoStateAndProgress downloadState : 1
11-28 15:23:24.477 D/cocos2d-x debug info(14128): JS: setAppServerInfo appServerInfo : [object Object]
11-28 15:23:24.477 D/cocos2d-x debug info(14128): JS: launcherAppAdapter updateData cell1
11-28 15:23:24.477 D/cocos2d-x debug info(14128): JS: launcherAppAdapter fillData cell1
11-28 15:23:24.477 D/cocos2d-x debug info(14128): JS: this.mData.length131
11-28 15:23:24.477 D/JniHelper(14128): JniHelper::getJavaVM(), pthread_self() = 1529184920
11-28 15:23:24.477 D/FileUtil(14128): getImageFilePathByUrl, url is http://172.16.12.58:8080/meedo-img/351587/d78382/poster_1944K3CHVTDV2_波克斗地主.png
11-28 15:23:24.477 D/FileUtil(14128): getImageFilePathByUrl, fileName is poster_1944K3CHVTDV2_波克斗地主.png
11-28 15:23:24.477 D/JniHelper(14128): JniHelper::getJavaVM(), pthread_self() = 1529184920
11-28 15:23:24.477 D/cocos2d-x debug info(14128): JS: updateAppInfoStateAndProgress downloadState : 1
11-28 15:23:24.487 D/cocos2d-x debug info(14128): JS: setAppServerInfo appServerInfo : [object Object]
11-28 15:23:24.487 D/cocos2d-x debug info(14128): JS: launcherAppAdapter updateData cell2
11-28 15:23:24.487 D/cocos2d-x debug info(14128): JS: launcherAppAdapter fillData cell2
11-28 15:23:24.487 D/cocos2d-x debug info(14128): JS: this.mData.length132
11-28 15:23:24.487 D/JniHelper(14128): JniHelper::getJavaVM(), pthread_self() = 1529184920
11-28 15:23:24.487 D/FileUtil(14128): getImageFilePathByUrl, url is http://172.16.12.58:8080/meedo-img/029d27/7dcd34/poster_1944K4NN518LM_春雨医生TV.png
11-28 15:23:24.487 D/FileUtil(14128): getImageFilePathByUrl, fileName is poster_1944K4NN518LM_春雨医生TV.png
11-28 15:23:24.487 D/dalvikvm(27391): GC_CONCURRENT freed 392K, 21% free 4332K/5436K, paused 4ms+1ms, total 24ms
11-28 15:23:24.487 D/JniHelper(14128): JniHelper::getJavaVM(), pthread_self() = 1529184920
11-28 15:23:24.487 D/cocos2d-x debug info(14128): JS: updateAppInfoStateAndProgress downloadState : 1
11-28 15:23:24.487 D/cocos2d-x debug info(14128): JS: setAppServerInfo appServerInfo : [object Object]
11-28 15:23:24.487 D/cocos2d-x debug info(14128): JS: launcherAppAdapter updateData cell3
11-28 15:23:24.487 D/cocos2d-x debug info(14128): JS: launcherAppAdapter fillData cell3
