11-28 15:26:25.317 D/JniHelper(14128): JniHelper::getJavaVM(), pthread_self() = 1529184920
11-28 15:26:25.317 D/cocos2d-x debug info(14128): JS: local app: appIcon begin4
11-28 15:26:25.317 D/LoadIconAsyncTask(14128): start load pkgName is com.trans.gamehall
11-28 15:26:25.317 D/JniHelper(14128): JniHelper::getJavaVM(), pthread_self() = 1529184920
11-28 15:26:25.317 D/LoadIconAsyncTask(14128): com.trans.gamehall load result is true
11-28 15:26:25.327 D/cocos2d-x debug info(14128): JS: launcherAppAdapter updateData cell3
11-28 15:26:25.327 D/cocos2d-x debug info(14128): JS: launcherAppAdapter fillData cell3
11-28 15:26:25.327 D/cocos2d-x debug info(14128): JS: this.mData.length433
11-28 15:26:25.327 D/cocos2d-x debug info(14128): JS: local app:st.com.xiami
11-28 15:26:25.327 D/JniHelper(14128): JniHelper::getJavaVM(), pthread_self() = 1529184920
11-28 15:26:25.327 D/FileUtil(14128): getImageFilePathByUrl, url is /data/data/tv.fun.launcher/files/st.com.xiami
11-28 15:26:25.327 D/FileUtil(14128): getImageFilePathByUrl, fileName is st.com.xiami
11-28 15:26:25.327 D/cocos2d-x debug info(14128): JS: no Icon cache for st.com.xiami
11-28 15:26:25.337 D/JniHelper(14128): JniHelper::getJavaVM(), pthread_self() = 1529184920
11-28 15:26:25.337 D/cocos2d-x debug info(14128): JS: local app: appIcon begin4
11-28 15:26:25.337 D/LoadIconAsyncTask(14128): start load pkgName is st.com.xiami
11-28 15:26:25.337 D/JniHelper(14128): JniHelper::getJavaVM(), pthread_self() = 1529184920
11-28 15:26:25.337 D/LoadIconAsyncTask(14128): st.com.xiami load result is true
11-28 15:26:25.337 D/cocos2d-x debug info(14128): JS: launcherAppAdapter updateData cell4
11-28 15:26:25.337 D/cocos2d-x debug info(14128): JS: launcherAppAdapter fillData cell4
11-28 15:26:25.347 D/cocos2d-x debug info(14128): JS: this.mData.length434
11-28 15:26:25.347 D/cocos2d-x debug info(14128): JS: local app:com.tencent.qqlivehd
11-28 15:26:25.347 D/JniHelper(14128): JniHelper::getJavaVM(), pthread_self() = 1529184920
11-28 15:26:25.347 D/FileUtil(14128): getImageFilePathByUrl, url is /data/data/tv.fun.launcher/files/com.tencent.qqlivehd
11-28 15:26:25.347 D/FileUtil(14128): getImageFilePathByUrl, fileName is com.tencent.qqlivehd
11-28 15:26:25.347 D/cocos2d-x debug info(14128): JS: no Icon cache for com.tencent.qqlivehd
11-28 15:26:25.357 D/JniHelper(14128): JniHelper::getJavaVM(), pthread_self() = 1529184920
11-28 15:26:25.357 D/cocos2d-x debug info(14128): JS: local app: appIcon begin4
11-28 15:26:25.357 D/LoadIconAsyncTask(14128): start load pkgName is com.tencent.qqlivehd
11-28 15:26:25.357 D/LoadIconAsyncTask(14128): com.tencent.qqlivehd load result is true
11-28 15:26:25.357 D/JniHelper(14128): JniHelper::getJavaVM(), pthread_self() = 1529184920
11-28 15:26:25.367 D/mdns    ( 4397): SocketDataReady got a packet from 172.16.13.104 to 224.0.0.251 on interface 172.16.13.147/wlan0/7/332
11-28 15:26:25.367 D/mdns    ( 4397): Received Query from 172.16.13.104  :5353  to 224.0.0.251    :5353  on 0x412BC868 with  1 Question,   0 Answers,  0 Authorities,  0 Additionals 57 bytes
11-28 15:26:25.367 D/mdns    ( 4397): SocketDataReady got a packet from FE80:0000:0000:0000:6A5B:35FF:FE81:AA9B to FF02:0000:0000:0000:0000:0000:0000:00FB on interface 172.16.13.147/wlan0/7/333
11-28 15:26:25.367 D/mdns    ( 4397): Received Query from FE80:0000:0000:0000:6A5B:35FF:FE81:AA9B:5353  to FF02:0000:0000:0000:0000:0000:0000:00FB:5353  on 0x412BC868 with  1 Question,   0 Answers,  0 Authorities,  0 Additionals 57 bytes
11-28 15:26:25.367 D/AppStoreManager(14128): javaCallJs.run()------------------------------------------------
11-28 15:26:25.367 D/AppStoreManager(14128): callbackStr : launcher.eventCenter.onImageLoaded({"url":"\/data\/data\/tv.fun.launcher\/files\/com.fun.tv"})
11-28 15:26:25.377 D/cocos2d-x debug info(14128): JS: launcher.eventCenter.onImageLoaded
11-28 15:26:25.377 D/cocos2d-x debug info(14128): JS: onImageLoaded url:/data/data/tv.fun.launcher/files/com.fun.tv
11-28 15:26:25.377 D/JniHelper(14128): JniHelper::getJavaVM(), pthread_self() = 1529184920
11-28 15:26:25.377 D/FileUtil(14128): getImageFilePathByUrl, url is /data/data/tv.fun.launcher/files/com.fun.tv
11-28 15:26:25.377 D/FileUtil(14128): getImageFilePathByUrl, fileName is com.fun.tv
11-28 15:26:25.387 D/cocos2d-x debug info(14128): JS: onLoadImage end
11-28 15:26:25.387 D/AppStoreManager(14128): javaCallJs.run()------------------------------------------------
11-28 15:26:25.387 D/AppStoreManager(14128): callbackStr : launcher.eventCenter.onImageLoaded({"url":"\/data\/data\/tv.fun.launcher\/files\/com.trans.gamehall"})
11-28 15:26:25.387 D/cocos2d-x debug info(14128): JS: launcher.eventCenter.onImageLoaded
11-28 15:26:25.387 D/cocos2d-x debug info(14128): JS: onImageLoaded url:/data/data/tv.fun.launcher/files/com.trans.gamehall
11-28 15:26:25.387 D/JniHelper(14128): JniHelper::getJavaVM(), pthread_self() = 1529184920
11-28 15:26:25.387 D/FileUtil(14128): getImageFilePathByUrl, url is /data/data/tv.fun.launcher/files/com.trans.gamehall
11-28 15:26:25.397 D/FileUtil(14128): getImageFilePathByUrl, fileName is com.trans.gamehall
11-28 15:26:25.397 D/cocos2d-x debug info(14128): JS: onLoadImage end
11-28 15:26:25.397 D/AppStoreManager(14128): javaCallJs.run()------------------------------------------------
11-28 15:26:25.397 D/AppStoreManager(14128): callbackStr : launcher.eventCenter.onImageLoaded({"url":"\/data\/data\/tv.fun.launcher\/files\/st.com.xiami"})
11-28 15:26:25.397 D/cocos2d-x debug info(14128): JS: launcher.eventCenter.onImageLoaded
11-28 15:26:25.397 D/cocos2d-x debug info(14128): JS: onImageLoaded url:/data/data/tv.fun.launcher/files/st.com.xiami
11-28 15:26:25.397 D/JniHelper(14128): JniHelper::getJavaVM(), pthread_self() = 1529184920
11-28 15:26:25.407 D/FileUtil(14128): getImageFilePathByUrl, url is /data/data/tv.fun.launcher/files/st.com.xiami
11-28 15:26:25.407 D/FileUtil(14128): getImageFilePathByUrl, fileName is st.com.xiami
11-28 15:26:25.407 D/cocos2d-x debug info(14128): JS: onLoadImage end
11-28 15:26:25.407 D/AppStoreManager(14128): javaCallJs.run()------------------------------------------------
11-28 15:26:25.407 D/AppStoreManager(14128): callbackStr : launcher.eventCenter.onImageLoaded({"url":"\/data\/data\/tv.fun.launcher\/files\/com.tencent.qqlivehd"})
11-28 15:26:25.407 D/cocos2d-x debug info(14128): JS: launcher.eventCenter.onImageLoaded
11-28 15:26:25.407 D/cocos2d-x debug info(14128): JS: onImageLoaded url:/data/data/tv.fun.launcher/files/com.tencent.qqlivehd
11-28 15:26:25.417 D/JniHelper(14128): JniHelper::getJavaVM(), pthread_self() = 1529184920
11-28 15:26:25.417 D/FileUtil(14128): getImageFilePathByUrl, url is /data/data/tv.fun.launcher/files/com.tencent.qqlivehd
11-28 15:26:25.417 D/FileUtil(14128): getImageFilePathByUrl, fileName is com.tencent.qqlivehd
11-28 15:26:25.417 D/cocos2d-x debug info(14128): JS: onLoadImage end
11-28 15:26:25.427 D/mdns    ( 4397): mDNS_Execute
11-28 15:26:25.427 D/mdns    ( 4397): mDNS_Execute: Setting NewLocalRecords to NULL
11-28 15:26:25.467 D/cocos2d-x debug info(14128): trace_frame: 45.247364
11-28 15:26:25.567 D/cocos2d-x debug info(14128): trace_frame: 61.042610
11-28 15:26:25.677 D/cocos2d-x debug info(14128): trace_frame: 59.477779
11-28 15:26:25.787 D/cocos2d-x debug info(14128): trace_frame: 60.101315
11-28 15:26:25.887 D/mdns    ( 4397): mDNS_Execute
11-28 15:26:25.887 D/mdns    ( 4397): mDNS_Execute: Setting NewLocalRecords to NULL
11-28 15:26:25.887 D/mdns    ( 4397): Announcing 006d0e03a545@MiniMax._raop._tcp.local. (TXT) 3
11-28 15:26:25.887 D/mdns    ( 4397): Announcing _services._dns-sd._udp.local. (PTR) 3
11-28 15:26:25.887 D/mdns    ( 4397): Announcing _raop._tcp.local. (PTR) 3
11-28 15:26:25.887 D/mdns    ( 4397): Announcing MiniMax._airplay._tcp.local. (TXT) 3
11-28 15:26:25.887 D/mdns    ( 4397): Announcing _services._dns-sd._udp.local. (PTR) 3
11-28 15:26:25.887 D/mdns    ( 4397): Announcing _airplay._tcp.local. (PTR) 3
11-28 15:26:25.887 D/mdns    ( 4397): Announcing 006d0e03a545@MiniMax._raop._tcp.local. (SRV) 3
11-28 15:26:25.887 D/mdns    ( 4397): Announcing MiniMax._airplay._tcp.local. (SRV) 3
11-28 15:26:25.887 D/mdns    ( 4397): Announcing 147.13.16.172.in-addr.arpa. (PTR) 3
11-28 15:26:25.887 D/mdns    ( 4397): Announcing 5.4.5.A.3.0.E.F.F.F.E.0.D.6.2.0.0.0.0.0.0.0.0.0.0.0.0.0.0.8.E.F.ip6.arpa. (PTR) 3
11-28 15:26:25.887 D/mdns    ( 4397): Announcing Android-2.local. (Addr) 3
11-28 15:26:25.887 D/mdns    ( 4397): Announcing Android-2.local. (AAAA) 3
11-28 15:26:25.887 D/mdns    ( 4397): SendResponses put     24 . OPT Max 1440 Vers 0 Seq   0 MAC 00:00:00:00:00:00 I-MAC 61:38:63:64:32:65
11-28 15:26:25.887 D/mdns    ( 4397): SendResponses: Sending 0 Deregistrations, 12 Announcements, 0 Answers, 6 Additionals on 412BC868
11-28 15:26:25.887 D/mdns    ( 4397): SendResponses: Next in 16384 ticks
11-28 15:26:25.887 D/mdns    ( 4397): SocketDataReady got a packet from 172.16.13.147 to 224.0.0.251 on interface 172.16.13.147/wlan0/7/332
11-28 15:26:25.887 D/mdns    ( 4397): Received Response from 172.16.13.147   addressed to 224.0.0.251     on 412BC868 with  0 Questions, 12 Answers,  0 Authorities,  6 Additionals 690 bytes LLQType 0
11-28 15:26:25.887 D/mdns    ( 4397): Found record size   115 interface 412BC868 already in cache:  115 006d0e03a545@MiniMax._raop._tcp.local. TXT ch=2¦cn=0,1¦da=true¦ek=1¦et=0,1¦md=0,1,2¦pw=false¦sm=false¦sr=44100¦ss=16¦sv=false¦tp=UDP¦txtvers=
11-28 15:26:25.887 D/mdns    ( 4397): Found record size    75 interface 412BC868 already in cache:   75 MiniMax._airplay._tcp.local. TXT deviceid=00:6d:0e:03:a5:45¦features=0x2077¦model=AppleTV2,1¦srcvers=101.28
11-28 15:26:25.897 D/mdns    ( 4397): Found record size    78 interface 412BC868 already in cache:   78 5.4.5.A.3.0.E.F.F.F.E.0.D.6.2.0.0.0.0.0.0.0.0.0.0.0.0.0.0.8.E.F.ip6.arpa. NSEC PTR 
11-28 15:26:25.897 D/mdns    ( 4397): SocketDataReady got a packet from FE80:0000:0000:0000:026D:0EFF:FE03:A545 to FF02:0000:0000:0000:0000:0000:0000:00FB on interface 172.16.13.147/wlan0/7/333
11-28 15:26:25.897 D/mdns    ( 4397): Received Response from FE80:0000:0000:0000:026D:0EFF:FE03:A545 addressed to FF02:0000:0000:0000:0000:0000:0000:00FB on 412BC868 with  0 Questions, 12 Answers,  0 Authorities,  6 Additionals 690 bytes LLQType 0
11-28 15:26:25.897 D/mdns    ( 4397): Found record size   115 interface 412BC868 already in cache:  115 006d0e03a545@MiniMax._raop._tcp.local. TXT ch=2¦cn=0,1¦da=true¦ek=1¦et=0,1¦md=0,1,2¦pw=false¦sm=false¦sr=44100¦ss=16¦sv=false¦tp=UDP¦txtvers=
11-28 15:26:25.897 D/mdns    ( 4397): Found record size    75 interface 412BC868 already in cache:   75 MiniMax._airplay._tcp.local. TXT deviceid=00:6d:0e:03:a5:45¦features=0x2077¦model=AppleTV2,1¦srcvers=101.28
11-28 15:26:25.897 D/mdns    ( 4397): Found record size    78 interface 412BC868 already in cache:   78 5.4.5.A.3.0.E.F.F.F.E.0.D.6.2.0.0.0.0.0.0.0.0.0.0.0.0.0.0.8.E.F.ip6.arpa. NSEC PTR 
11-28 15:26:25.897 D/cocos2d-x debug info(14128): trace_frame: 59.932274
11-28 15:26:25.957 D/dalvikvm(22184): GC_CONCURRENT freed 719K, 21% free 6769K/8544K, paused 3ms+4ms, total 48ms
11-28 15:26:25.987 D/mdns    ( 4397): mDNS_Execute
11-28 15:26:25.987 D/mdns    ( 4397): mDNS_Execute: Setting NewLocalRecords to NULL
11-28 15:26:26.007 D/cocos2d-x debug info(14128): trace_frame: 60.393780
11-28 15:26:26.127 D/cocos2d-x debug info(14128): trace_frame: 60.081200
11-28 15:26:26.177 D/mdns    ( 4397): SocketDataReady got a packet from 172.16.13.193 to 224.0.0.251 on interface 172.16.13.147/wlan0/7/332
11-28 15:26:26.177 D/mdns    ( 4397): Received Response from 172.16.13.193   addressed to 224.0.0.251     on 412BC868 with  0 Questions,  1 Answer,   0 Authorities,  0 Additionals 38 bytes LLQType 0
11-28 15:26:26.207 D/mdns    ( 4397): SocketDataReady got a packet from 172.16.13.4 to 224.0.0.251 on interface 172.16.13.147/wlan0/7/332
11-28 15:26:26.207 D/mdns    ( 4397): Received Query from 172.16.13.4    :5353  to 224.0.0.251    :5353  on 0x412BC868 with  1 Question,  14 Answers,  0 Authorities,  0 Additionals 603 bytes
11-28 15:26:26.217 D/cocos2d-x debug info(14128): trace_frame: 59.870083
11-28 15:26:26.317 D/mdns    ( 4397): SocketDataReady got a packet from 172.16.13.147 to 224.0.0.251 on interface 172.16.13.147/wlan0/7/332
11-28 15:26:26.317 D/mdns    ( 4397): Received Response from 172.16.13.147   addressed to 224.0.0.251     on 412BC868 with  0 Questions,  4 Answers,  0 Authorities,  0 Additionals 303 bytes LLQType 0
11-28 15:26:26.327 D/cocos2d-x debug info(14128): trace_frame: 59.916115
11-28 15:26:26.377 D/mdns    ( 4397): SocketDataReady got a packet from 172.16.13.131 to 224.0.0.251 on interface 172.16.13.147/wlan0/7/332
11-28 15:26:26.377 D/mdns    ( 4397): Received Response from 172.16.13.131   addressed to 224.0.0.251     on 412BC868 with  0 Questions,  3 Answers,  0 Authorities,  0 Additionals 292 bytes LLQType 0
11-28 15:26:26.377 D/mdns    ( 4397): Found record size   176 interface 412BC868 already in cache:  176 1048b15135aa@客厅的小米盒子._raop._tcp.local. TXT tp=UDP¦sm=false¦sv=false¦ek=1¦et=0,3,5¦cn=0,1¦ch=2¦ss=16¦sr=44100¦pw=false¦vn=3¦txtve
11-28 15:26:26.387 D/mdns    ( 4397): SocketDataReady got a packet from 172.16.13.164 to 224.0.0.251 on interface 172.16.13.147/wlan0/7/332
11-28 15:26:26.387 D/mdns    ( 4397): Received Response from 172.16.13.164   addressed to 224.0.0.251     on 412BC868 with  0 Questions,  3 Answers,  0 Authorities,  0 Additionals 292 bytes LLQType 0
11-28 15:26:26.387 D/mdns    ( 4397): SocketDataReady got a packet from 172.16.13.146 to 224.0.0.251 on interface 172.16.13.147/wlan0/7/332
11-28 15:26:26.387 D/mdns    ( 4397): Received Response from 172.16.13.146   addressed to 224.0.0.251     on 412BC868 with  0 Questions,  4 Answers,  0 Authorities,  0 Additionals 303 bytes LLQType 0
11-28 15:26:26.387 D/mdns    ( 4397): SocketDataReady got a packet from 172.16.13.187 to 224.0.0.251 on interface 172.16.13.147/wlan0/7/332
11-28 15:26:26.387 D/mdns    ( 4397): Received Response from 172.16.13.187   addressed to 224.0.0.251     on 412BC868 with  0 Questions,  4 Answers,  0 Authorities,  0 Additionals 306 bytes LLQType 0
11-28 15:26:26.397 D/mdns    ( 4397): SocketDataReady got a packet from 172.16.13.203 to 224.0.0.251 on interface 172.16.13.147/wlan0/7/332
11-28 15:26:26.397 D/mdns    ( 4397): Received Response from 172.16.13.203   addressed to 224.0.0.251     on 412BC868 with  0 Questions,  3 Answers,  0 Authorities,  0 Additionals 292 bytes LLQType 0
11-28 15:26:26.397 D/mdns    ( 4397): SocketDataReady got a packet from 172.16.13.193 to 224.0.0.251 on interface 172.16.13.147/wlan0/7/332
11-28 15:26:26.397 D/mdns    ( 4397): Received Response from 172.16.13.193   addressed to 224.0.0.251     on 412BC868 with  0 Questions,  3 Answers,  0 Authorities,  0 Additionals 292 bytes LLQType 0
11-28 15:26:26.397 D/mdns    ( 4397): SocketDataReady got a packet from 172.16.13.14 to 224.0.0.251 on interface 172.16.13.147/wlan0/7/332
11-28 15:26:26.397 D/mdns    ( 4397): Received Response from 172.16.13.14    addressed to 224.0.0.251     on 412BC868 with  0 Questions,  3 Answers,  0 Authorities,  0 Additionals 292 bytes LLQType 0
11-28 15:26:26.407 D/mdns    ( 4397): SocketDataReady got a packet from 172.16.13.146 to 224.0.0.251 on interface 172.16.13.147/wlan0/7/332
11-28 15:26:26.407 D/mdns    ( 4397): Received Response from 172.16.13.146   addressed to 224.0.0.251     on 412BC868 with  0 Questions,  4 Answers,  0 Authorities,  0 Additionals 306 bytes LLQType 0
11-28 15:26:26.407 D/mdns    ( 4397): SocketDataReady got a packet from 172.16.13.167 to 224.0.0.251 on interface 172.16.13.147/wlan0/7/332
11-28 15:26:26.407 D/mdns    ( 4397): Received Response from 172.16.13.167   addressed to 224.0.0.251     on 412BC868 with  0 Questions,  3 Answers,  0 Authorities,  0 Additionals 282 bytes LLQType 0
11-28 15:26:26.427 D/cocos2d-x debug info(14128): trace_frame: 59.279751
11-28 15:26:26.547 D/cocos2d-x debug info(14128): trace_frame: 60.582462
11-28 15:26:26.557 D/launcher_auto(14128): launcher_auto: stop logcat 
11-28 15:26:26.567 D/launcher_auto(14128): launcher_auto: exec admin command -> cp /data/data/tv.fun.launcher/files/robotium/FramesLog_10_AppSubMenuAppDetails /data/data/tv.fun.launcher/files/robotium/FramesLog_10_AppSubMenuAppDetails.log
11-28 15:26:26.607 W/System.err(14128): java.io.SyncFailedException: fsync failed: EINVAL (Invalid argument)
11-28 15:26:26.607 W/System.err(14128): 	at java.io.FileDescriptor.sync(FileDescriptor.java:77)
11-28 15:26:26.607 W/System.err(14128): 	at java.io.FileOutputStream.flush(FileOutputStream.java:194)
11-28 15:26:26.617 W/System.err(14128): 	at java.io.OutputStreamWriter.flushBytes(OutputStreamWriter.java:171)
11-28 15:26:26.617 W/System.err(14128): 	at java.io.OutputStreamWriter.flush(OutputStreamWriter.java:158)
11-28 15:26:26.617 W/System.err(14128): 	at java.io.PrintWriter.flush(PrintWriter.java:253)
11-28 15:26:26.617 W/System.err(14128): 	at tv.fun.launcher.testutils.TestUtils.execAdminCmd(TestUtils.java:37)
11-28 15:26:26.617 W/System.err(14128): 	at tv.fun.launcher.testutils.TestUtils.stopLogcat(TestUtils.java:55)
11-28 15:26:26.617 W/System.err(14128): 	at tv.fun.launcher.test.TestLauncherFrames.TestFramesOnAppSubMenuAppDetails(TestLauncherFrames.java:321)
11-28 15:26:26.617 W/System.err(14128): 	at java.lang.reflect.Method.invokeNative(Native Method)
11-28 15:26:26.627 W/System.err(14128): 	at java.lang.reflect.Method.invoke(Method.java:511)
11-28 15:26:26.627 W/System.err(14128): 	at android.test.InstrumentationTestCase.runMethod(InstrumentationTestCase.java:214)
11-28 15:26:26.627 W/System.err(14128): 	at android.test.InstrumentationTestCase.runTest(InstrumentationTestCase.java:199)
11-28 15:26:26.627 W/System.err(14128): 	at android.test.ActivityInstrumentationTestCase2.runTest(ActivityInstrumentationTestCase2.java:192)
11-28 15:26:26.627 W/System.err(14128): 	at junit.framework.TestCase.runBare(TestCase.java:134)
11-28 15:26:26.627 W/System.err(14128): 	at junit.framework.TestResult$1.protect(TestResult.java:115)
11-28 15:26:26.637 W/System.err(14128): 	at junit.framework.TestResult.runProtected(TestResult.java:133)
11-28 15:26:26.637 W/System.err(14128): 	at junit.framework.TestResult.run(TestResult.java:118)
11-28 15:26:26.637 W/System.err(14128): 	at junit.framework.TestCase.run(TestCase.java:124)
11-28 15:26:26.637 W/System.err(14128): 	at android.test.AndroidTestRunner.runTest(AndroidTestRunner.java:190)
11-28 15:26:26.637 W/System.err(14128): 	at android.test.AndroidTestRunner.runTest(AndroidTestRunner.java:175)
11-28 15:26:26.637 W/System.err(14128): 	at android.test.InstrumentationTestRunner.onStart(InstrumentationTestRunner.java:555)
11-28 15:26:26.637 W/System.err(14128): 	at tv.fun.launcher.testrunner.LauncherTestSuiteBasic.onStart(LauncherTestSuiteBasic.java:54)
11-28 15:26:26.637 W/System.err(14128): 	at android.app.Instrumentation$InstrumentationThread.run(Instrumentation.java:1661)
11-28 15:26:26.637 W/System.err(14128): Caused by: libcore.io.ErrnoException: fsync failed: EINVAL (Invalid argument)
11-28 15:26:26.647 D/cocos2d-x debug info(14128): trace_frame: 58.543438
11-28 15:26:26.647 W/System.err(14128): 	at libcore.io.Posix.fsync(Native Method)
11-28 15:26:26.647 W/System.err(14128): 	at libcore.io.BlockGuardOs.fsync(BlockGuardOs.java:97)
11-28 15:26:26.647 W/System.err(14128): 	at java.io.FileDescriptor.sync(FileDescriptor.java:74)
11-28 15:26:26.647 W/System.err(14128): 	... 22 more
11-28 15:26:26.647 E/su-binary(20386): ----su-----
