11-28 15:17:28.587 D/cocos2d-x debug info(14128): nativeTes2Callback  [001]funtv.ImageLoader.imageCallback('/data/data/tv.fun.launcher/files/fun_download/09/354869f06018ee57bc531cc6c741d1.png', 0, 98)
11-28 15:17:28.587 D/cocos2d-x debug info(14128): trace_frame: 55.381203
11-28 15:17:28.607 D/mdns    ( 4397): SocketDataReady got a packet from 172.16.13.193 to 224.0.0.251 on interface 172.16.13.147/wlan0/7/260
11-28 15:17:28.607 D/mdns    ( 4397): Received Response from 172.16.13.193   addressed to 224.0.0.251     on 412B7340 with  0 Questions,  3 Answers,  0 Authorities,  0 Additionals 232 bytes LLQType 0
11-28 15:17:28.687 D/cocos2d-x debug info(14128): JS: ImageLoader:cancelImageLoad url=http://img.funshion.com/pictures/media/list/114/977/114977_360_504_ott_poster.jpg?1416555966
11-28 15:17:28.687 D/launcher_auto(14128): launcher_auto: sendkey and wait.
11-28 15:17:28.707 D/cocos2d-x debug info(14128): trace_frame: 69.337311
11-28 15:17:28.727 D/cocos2d-x debug info(14128): JS: HomeMovTVCarVarH--setSelectedItem--true
11-28 15:17:28.727 D/cocos2d-x debug info(14128): JS: HomeListAdapter: onTurnPage
11-28 15:17:28.727 D/JniHelper(14128): JniHelper::getJavaVM(), pthread_self() = 1529184920
11-28 15:17:28.727 D/cocos2d-x debug info(14128): cocos2d: TextureCache: removing unused texture: /data/data/tv.fun.launcher/files/fun_download/e6/5da6d05f5cbe19bca0e35fe0a5f184.png
11-28 15:17:28.727 D/cocos2d-x debug info(14128): cocos2d: TextureCache: removing unused texture: /data/data/tv.fun.launcher/files/fun_download/a6/eae6dd14cc43ca4e9164b79c316a65.png
11-28 15:17:28.727 D/cocos2d-x debug info(14128): cocos2d: TextureCache: removing unused texture: /data/data/tv.fun.launcher/files/fun_download/f3/ecf40f25dfc0421e52a9eff4e354f1.png
11-28 15:17:28.727 D/cocos2d-x debug info(14128): cocos2d: TextureCache: removing unused texture: /data/data/tv.fun.launcher/files/fun_download/65/ddb4f7f5aedc24be9cfff281747e0b.png
11-28 15:17:28.737 D/cocos2d-x debug info(14128): cocos2d: TextureCache: removing unused texture: /data/data/tv.fun.launcher/files/fun_download/b0/359a27fd3f9d17d9eef4556d7667fa.png
11-28 15:17:28.817 D/cocos2d-x debug info(14128): trace_frame: 60.081707
11-28 15:17:28.927 D/cocos2d-x debug info(14128): trace_frame: 59.963421
11-28 15:17:29.037 D/cocos2d-x debug info(14128): trace_frame: 60.035862
11-28 15:17:29.097 D/dalvikvm(14128): GC_CONCURRENT freed 1214K, 56% free 8160K/18508K, paused 3ms+3ms, total 31ms
11-28 15:17:29.137 D/cocos2d-x debug info(14128): trace_frame: 59.986801
11-28 15:17:29.207 D/cocos2d-x debug info(14128): JS: HomeMainScene Key down:157
11-28 15:17:29.207 D/cocos2d-x debug info(14128): JS: FunTableView:onClick key=157, isPress=true
11-28 15:17:29.207 D/cocos2d-x debug info(14128): JS: OnClick: Direction_Right press...
11-28 15:17:29.207 D/cocos2d-x debug info(14128): JS: onKeyPressRight
11-28 15:17:29.207 D/cocos2d-x debug info(14128): JS: moveFocus
11-28 15:17:29.207 D/cocos2d-x debug info(14128): JS: HomeMovTVCarVarH--setSelectedItem--false
11-28 15:17:29.207 D/cocos2d-x debug info(14128): JS: zhangmd:FunTableView:moveFocus, fromsize is:(340,562),tosize is:(340,562)
11-28 15:17:29.217 D/cocos2d-x debug info(14128): JS:  HomeMainScene Key up:157
11-28 15:17:29.217 D/cocos2d-x debug info(14128): JS: FunTableView:onClick key=157, isPress=false
11-28 15:17:29.237 D/cocos2d-x debug info(14128): trace_frame: 59.937664
11-28 15:17:29.357 D/cocos2d-x debug info(14128): trace_frame: 59.901760
11-28 15:17:29.437 D/cocos2d-x debug info(14128): JS: HomeMovTVCarVarH--setSelectedItem--true
11-28 15:17:29.467 D/cocos2d-x debug info(14128): trace_frame: 60.171059
11-28 15:17:29.567 D/cocos2d-x debug info(14128): trace_frame: 59.985001
11-28 15:17:29.667 D/cocos2d-x debug info(14128): trace_frame: 59.996399
11-28 15:17:29.697 D/launcher_auto(14128): launcher_auto: sendkey and wait.
11-28 15:17:29.787 D/cocos2d-x debug info(14128): trace_frame: 60.029156
11-28 15:17:29.907 D/cocos2d-x debug info(14128): trace_frame: 60.007030
11-28 15:17:30.027 D/cocos2d-x debug info(14128): trace_frame: 59.866940
11-28 15:17:30.137 D/cocos2d-x debug info(14128): trace_frame: 60.119377
11-28 15:17:30.207 D/cocos2d-x debug info(14128): JS: HomeMainScene Key down:157
11-28 15:17:30.207 D/cocos2d-x debug info(14128): JS: FunTableView:onClick key=157, isPress=true
11-28 15:17:30.207 D/cocos2d-x debug info(14128): JS: OnClick: Direction_Right press...
11-28 15:17:30.207 D/cocos2d-x debug info(14128): JS: onKeyPressRight
11-28 15:17:30.207 D/cocos2d-x debug info(14128): JS: moveFocus
11-28 15:17:30.207 D/cocos2d-x debug info(14128): JS: HomeMovTVCarVarH--setSelectedItem--false
11-28 15:17:30.207 D/cocos2d-x debug info(14128): JS: zhangmd:FunTableView:moveFocus, fromsize is:(340,562),tosize is:(340,562)
11-28 15:17:30.217 D/cocos2d-x debug info(14128): JS:  HomeMainScene Key up:157
11-28 15:17:30.217 D/cocos2d-x debug info(14128): JS: FunTableView:onClick key=157, isPress=false
11-28 15:17:30.237 D/cocos2d-x debug info(14128): trace_frame: 59.424179
11-28 15:17:30.357 D/cocos2d-x debug info(14128): trace_frame: 60.492413
11-28 15:17:30.437 D/cocos2d-x debug info(14128): JS: HomeMovTVCarVarH--setSelectedItem--true
11-28 15:17:30.457 D/cocos2d-x debug info(14128): trace_frame: 59.953838
11-28 15:17:30.567 D/cocos2d-x debug info(14128): trace_frame: 60.052849
11-28 15:17:30.667 D/mdns    ( 4397): SocketDataReady got a packet from 172.16.13.167 to 224.0.0.251 on interface 172.16.13.147/wlan0/7/260
11-28 15:17:30.667 D/mdns    ( 4397): Received Response from 172.16.13.167   addressed to 224.0.0.251     on 412B7340 with  0 Questions,  3 Answers,  0 Authorities,  0 Additionals 188 bytes LLQType 0
11-28 15:17:30.677 D/cocos2d-x debug info(14128): trace_frame: 58.903221
11-28 15:17:30.697 D/launcher_auto(14128): launcher_auto: sendkey and wait.
11-28 15:17:30.787 D/cocos2d-x debug info(14128): trace_frame: 60.994736
11-28 15:17:30.857 D/mdns    ( 4397): SocketDataReady got a packet from 172.16.13.164 to 224.0.0.251 on interface 172.16.13.147/wlan0/7/260
11-28 15:17:30.857 D/mdns    ( 4397): Received Response from 172.16.13.164   addressed to 224.0.0.251     on 412B7340 with  0 Questions,  1 Answer,   0 Authorities,  0 Additionals 38 bytes LLQType 0
11-28 15:17:30.887 D/cocos2d-x debug info(14128): trace_frame: 59.958027
11-28 15:17:31.007 D/cocos2d-x debug info(14128): trace_frame: 59.990578
11-28 15:17:31.117 D/cocos2d-x debug info(14128): trace_frame: 60.032249
11-28 15:17:31.207 D/cocos2d-x debug info(14128): JS: HomeMainScene Key down:157
11-28 15:17:31.207 D/cocos2d-x debug info(14128): JS: FunTableView:onClick key=157, isPress=true
11-28 15:17:31.207 D/cocos2d-x debug info(14128): JS: OnClick: Direction_Right press...
11-28 15:17:31.207 D/cocos2d-x debug info(14128): JS: onKeyPressRight
11-28 15:17:31.207 D/cocos2d-x debug info(14128): JS: moveFocus
11-28 15:17:31.207 D/cocos2d-x debug info(14128): JS: HomeMovTVCarVarH--setSelectedItem--false
11-28 15:17:31.207 D/cocos2d-x debug info(14128): JS: zhangmd:FunTableView:moveFocus, fromsize is:(340,562),tosize is:(340,562)
11-28 15:17:31.217 D/cocos2d-x debug info(14128): JS:  HomeMainScene Key up:157
11-28 15:17:31.217 D/cocos2d-x debug info(14128): JS: FunTableView:onClick key=157, isPress=false
11-28 15:17:31.227 D/cocos2d-x debug info(14128): trace_frame: 59.836647
11-28 15:17:31.337 D/cocos2d-x debug info(14128): trace_frame: 60.104412
11-28 15:17:31.437 D/cocos2d-x debug info(14128): JS: HomeMovTVCarVarH--setSelectedItem--true
11-28 15:17:31.457 D/cocos2d-x debug info(14128): trace_frame: 59.979778
11-28 15:17:31.457 D/mdns    ( 4397): SocketDataReady got a packet from 172.16.13.193 to 224.0.0.251 on interface 172.16.13.147/wlan0/7/260
11-28 15:17:31.457 D/mdns    ( 4397): Received Response from 172.16.13.193   addressed to 224.0.0.251     on 412B7340 with  0 Questions,  3 Answers,  0 Authorities,  0 Additionals 333 bytes LLQType 0
11-28 15:17:31.567 D/cocos2d-x debug info(14128): trace_frame: 60.054386
11-28 15:17:31.667 D/mdns    ( 4397): SocketDataReady got a packet from 172.16.13.203 to 224.0.0.251 on interface 172.16.13.147/wlan0/7/260
11-28 15:17:31.667 D/mdns    ( 4397): Received Response from 172.16.13.203   addressed to 224.0.0.251     on 412B7340 with  0 Questions,  3 Answers,  0 Authorities,  0 Additionals 202 bytes LLQType 0
11-28 15:17:31.667 D/mdns    ( 4397): SocketDataReady got a packet from 172.16.13.185 to 224.0.0.251 on interface 172.16.13.147/wlan0/7/260
11-28 15:17:31.667 D/mdns    ( 4397): Received Query from 172.16.13.185  :5353  to 224.0.0.251    :5353  on 0x412B7340 with  1 Question,   0 Answers,  0 Authorities,  0 Additionals 17 bytes
11-28 15:17:31.667 D/mdns    ( 4397): SocketDataReady got a packet from FE80:0000:0000:0000:CA2A:14FF:FE2C:4A00 to FF02:0000:0000:0000:0000:0000:0000:00FB on interface 172.16.13.147/wlan0/7/261
11-28 15:17:31.667 D/mdns    ( 4397): Received Query from FE80:0000:0000:0000:CA2A:14FF:FE2C:4A00:5353  to FF02:0000:0000:0000:0000:0000:0000:00FB:5353  on 0x412B7340 with  1 Question,   0 Answers,  0 Authorities,  0 Additionals 17 bytes
11-28 15:17:31.677 D/cocos2d-x debug info(14128): trace_frame: 58.886459
11-28 15:17:31.707 D/launcher_auto(14128): launcher_auto: sendkey and wait.
11-28 15:17:31.717 D/mdns    ( 4397): mDNS_Execute
11-28 15:17:31.717 D/mdns    ( 4397): mDNS_Execute: Setting NewLocalRecords to NULL
11-28 15:17:31.787 D/cocos2d-x debug info(14128): trace_frame: 60.936333
11-28 15:17:31.847 D/dalvikvm(22184): GC_CONCURRENT freed 768K, 19% free 6618K/8116K, paused 3ms+3ms, total 45ms
11-28 15:17:31.847 D/dalvikvm(22184): WAIT_FOR_CONCURRENT_GC blocked 39ms
11-28 15:17:31.907 D/cocos2d-x debug info(14128): trace_frame: 60.018353
11-28 15:17:32.027 D/cocos2d-x debug info(14128): trace_frame: 59.994156
11-28 15:17:32.077 D/mdns    ( 4397): SocketDataReady got a packet from 172.16.13.185 to 224.0.0.251 on interface 172.16.13.147/wlan0/7/260
11-28 15:17:32.077 D/mdns    ( 4397): Received Response from 172.16.13.185   addressed to 224.0.0.251     on 412B7340 with  0 Questions,  1 Answer,   0 Authorities,  2 Additionals 83 bytes LLQType 0
11-28 15:17:32.077 D/mdns    ( 4397): SocketDataReady got a packet from FE80:0000:0000:0000:CA2A:14FF:FE2C:4A00 to FF02:0000:0000:0000:0000:0000:0000:00FB on interface 172.16.13.147/wlan0/7/261
11-28 15:17:32.077 D/mdns    ( 4397): Received Response from FE80:0000:0000:0000:CA2A:14FF:FE2C:4A00 addressed to FF02:0000:0000:0000:0000:0000:0000:00FB on 412B7340 with  0 Questions,  1 Answer,   0 Authorities,  2 Additionals 83 bytes LLQType 0
11-28 15:17:32.127 D/cocos2d-x debug info(14128): trace_frame: 59.673584
11-28 15:17:32.217 D/cocos2d-x debug info(14128): JS: HomeMainScene Key down:157
11-28 15:17:32.217 D/cocos2d-x debug info(14128): JS: FunTableView:onClick key=157, isPress=true
11-28 15:17:32.227 D/cocos2d-x debug info(14128): JS: OnClick: Direction_Right press...
11-28 15:17:32.227 D/cocos2d-x debug info(14128): JS: onKeyPressRight
11-28 15:17:32.227 D/cocos2d-x debug info(14128): JS: moveFocus
11-28 15:17:32.227 D/cocos2d-x debug info(14128): JS: HomeMovTVCarVarH--setSelectedItem--false
11-28 15:17:32.227 D/cocos2d-x debug info(14128): JS: zhangmd:FunTableView:moveFocus, fromsize is:(340,562),tosize is:(340,562)
11-28 15:17:32.227 D/cocos2d-x debug info(14128): JS:  HomeMainScene Key up:157
11-28 15:17:32.227 D/cocos2d-x debug info(14128): JS: FunTableView:onClick key=157, isPress=false
11-28 15:17:32.227 D/cocos2d-x debug info(14128): trace_frame: 54.920914
11-28 15:17:32.337 D/cocos2d-x debug info(14128): trace_frame: 65.503204
11-28 15:17:32.437 D/cocos2d-x debug info(14128): trace_frame: 59.880836
11-28 15:17:32.457 D/cocos2d-x debug info(14128): JS: HomeMovTVCarVarH--setSelectedItem--true
11-28 15:17:32.557 D/cocos2d-x debug info(14128): trace_frame: 60.061604
11-28 15:17:32.667 D/cocos2d-x debug info(14128): trace_frame: 60.048210
11-28 15:17:32.707 D/launcher_auto(14128): launcher_auto: sendkey and wait.
11-28 15:17:32.777 D/cocos2d-x debug info(14128): trace_frame: 59.677143
11-28 15:17:32.777 D/dalvikvm(22184): GC_CONCURRENT freed 753K, 19% free 6649K/8116K, paused 2ms+4ms, total 51ms
11-28 15:17:32.877 D/cocos2d-x debug info(14128): trace_frame: 59.661121
11-28 15:17:32.987 D/cocos2d-x debug info(14128): trace_frame: 60.606583
11-28 15:17:33.087 D/cocos2d-x debug info(14128): trace_frame: 59.973610
11-28 15:17:33.187 D/cocos2d-x debug info(14128): trace_frame: 59.992798
11-28 15:17:33.217 D/cocos2d-x debug info(14128): JS: HomeMainScene Key down:157
11-28 15:17:33.217 D/cocos2d-x debug info(14128): JS: FunTableView:onClick key=157, isPress=true
11-28 15:17:33.227 D/cocos2d-x debug info(14128): JS: OnClick: Direction_Right press...
11-28 15:17:33.227 D/cocos2d-x debug info(14128): JS: onKeyPressRight
11-28 15:17:33.227 D/cocos2d-x debug info(14128): JS: turnPage: toRight true
11-28 15:17:33.227 D/cocos2d-x debug info(14128): JS: jumpFocus
11-28 15:17:33.227 D/cocos2d-x debug info(14128): JS: HomeMovTVCarVarH--setSelectedItem--false
11-28 15:17:33.227 D/cocos2d-x debug info(14128): JS: zhangmd:FunTableView:calculateFullVisibleIndex begain,startidx=20,endidx=24,startidx2=25,endidx2=29
11-28 15:17:33.227 D/cocos2d-x debug info(14128): JS: calculateLastPageIndex 1
11-28 15:17:33.237 D/cocos2d-x debug info(14128): JS:  HomeMainScene Key up:157
11-28 15:17:33.237 D/cocos2d-x debug info(14128): JS: FunTableView:onClick key=157, isPress=false
11-28 15:17:33.267 D/cocos2d-x debug info(14128): JS: HomeListAdapter: isItemTypeOf(31)=true
11-28 15:17:33.277 D/cocos2d-x debug info(14128): JS: updateStatus--
11-28 15:17:33.277 D/cocos2d-x debug info(14128): JS: begin home url=http://img.funshion.com/pictures/media/list/103/904/103904_360_504_ott_poster.jpg?1407924711
11-28 15:17:33.277 D/JniHelper(14128): JniHelper::getJavaVM(), pthread_self() = 1529184920
11-28 15:17:33.277 D/cocos2d-x debug info(14128): JS: end home url=http://img.funshion.com/pictures/media/list/103/904/103904_360_504_ott_poster.jpg?1407924711
11-28 15:17:33.277 D/cocos2d-x debug info(14128): cocos2d: fullPathForFilename: No file found at Arial. Possible missing file.
11-28 15:17:33.277 D/cocos2d-x debug info(14128): cocos2d: fullPathForFilename: No file found at Arial. Possible missing file.
11-28 15:17:33.287 D/cocos2d-x debug info(14128): JS: funtv.ImageLoader.sImagePath=/data/data/tv.fun.launcher/files/fun_download/67/e0f2a46b32a3facd1179c30c6998e6.png
11-28 15:17:33.297 D/cocos2d-x debug info(14128): nativeTes2Callback  [003]funtv.ImageLoader.imageCallback('/data/data/tv.fun.launcher/files/fun_download/67/e0f2a46b32a3facd1179c30c6998e6.png', 0, 99)
11-28 15:17:33.297 D/cocos2d-x debug info(14128): trace_frame: 55.564819
11-28 15:17:33.307 D/cocos2d-x debug info(14128): JS: ImageLoader:cancelImageLoad url=http://img.funshion.com/pictures/media/list/116/694/116694_360_504_ott_poster.jpg?1415849476
11-28 15:17:33.317 D/mdns    ( 4397): SocketDataReady got a packet from 172.16.13.167 to 224.0.0.251 on interface 172.16.13.147/wlan0/7/260
11-28 15:17:33.317 D/mdns    ( 4397): Received Response from 172.16.13.167   addressed to 224.0.0.251     on 412B7340 with  0 Questions,  3 Answers,  0 Authorities,  0 Additionals 280 bytes LLQType 0
11-28 15:17:33.337 D/cocos2d-x debug info(14128): JS: HomeListAdapter: isItemTypeOf(32)=true
11-28 15:17:33.337 D/cocos2d-x debug info(14128): JS: updateStatus--
11-28 15:17:33.337 D/cocos2d-x debug info(14128): JS: begin home url=http://img.funshion.com/pictures/media/list/994/97/99497_360_504_ott_poster.jpg?1415260433
11-28 15:17:33.347 D/JniHelper(14128): JniHelper::getJavaVM(), pthread_self() = 1529184920
11-28 15:17:33.347 D/cocos2d-x debug info(14128): JS: end home url=http://img.funshion.com/pictures/media/list/994/97/99497_360_504_ott_poster.jpg?1415260433
11-28 15:17:33.347 D/cocos2d-x debug info(14128): cocos2d: fullPathForFilename: No file found at Arial. Possible missing file.
11-28 15:17:33.347 D/cocos2d-x debug info(14128): cocos2d: fullPathForFilename: No file found at Arial. Possible missing file.
11-28 15:17:33.367 D/cocos2d-x debug info(14128): JS: funtv.ImageLoader.sImagePath=/data/data/tv.fun.launcher/files/fun_download/db/529b9d53e4bfc45e73466dfacb4a79.png
11-28 15:17:33.367 D/cocos2d-x debug info(14128): nativeTes2Callback  [001]funtv.ImageLoader.imageCallback('/data/data/tv.fun.launcher/files/fun_download/db/529b9d53e4bfc45e73466dfacb4a79.png', 0, 100)
11-28 15:17:33.367 D/cocos2d-x debug info(14128): JS: ImageLoader:cancelImageLoad url=http://img.funshion.com/pictures/media/list/116/173/116173_360_504_ott_poster.jpg?1416730820
11-28 15:17:33.407 D/cocos2d-x debug info(14128): JS: HomeListAdapter: isItemTypeOf(33)=true
11-28 15:17:33.407 D/cocos2d-x debug info(14128): JS: updateStatus--
11-28 15:17:33.407 D/cocos2d-x debug info(14128): JS: begin home url=http://img.funshion.com/pictures/media/list/113/007/113007_360_504_ott_poster.jpg?1409217657
11-28 15:17:33.407 D/JniHelper(14128): JniHelper::getJavaVM(), pthread_self() = 1529184920
11-28 15:17:33.407 D/cocos2d-x debug info(14128): JS: end home url=http://img.funshion.com/pictures/media/list/113/007/113007_360_504_ott_poster.jpg?1409217657
11-28 15:17:33.427 D/cocos2d-x debug info(14128): cocos2d: fullPathForFilename: No file found at Arial. Possible missing file.
11-28 15:17:33.427 D/cocos2d-x debug info(14128): cocos2d: fullPathForFilename: No file found at Arial. Possible missing file.
11-28 15:17:33.427 D/cocos2d-x debug info(14128): trace_frame: 63.627106
11-28 15:17:33.437 D/cocos2d-x debug info(14128): JS: funtv.ImageLoader.sImagePath=/data/data/tv.fun.launcher/files/fun_download/22/275f6a6b881f4c1b9f1583ddf3b8e3.png
11-28 15:17:33.437 D/cocos2d-x debug info(14128): nativeTes2Callback  [002]funtv.ImageLoader.imageCallback('/data/data/tv.fun.launcher/files/fun_download/22/275f6a6b881f4c1b9f1583ddf3b8e3.png', 0, 101)
11-28 15:17:33.447 D/cocos2d-x debug info(14128): JS: ImageLoader:cancelImageLoad url=http://img.funshion.com/pictures/media/list/115/328/115328_360_504_ott_poster.jpg?1416365769
11-28 15:17:33.487 D/cocos2d-x debug info(14128): JS: HomeListAdapter: isItemTypeOf(34)=true
11-28 15:17:33.487 D/cocos2d-x debug info(14128): JS: updateStatus--
11-28 15:17:33.487 D/cocos2d-x debug info(14128): JS: begin home url=http://img.funshion.com/pictures/media/list/108/792/108792_360_504_ott_poster.jpg?1406605060
11-28 15:17:33.487 D/JniHelper(14128): JniHelper::getJavaVM(), pthread_self() = 1529184920
11-28 15:17:33.497 D/cocos2d-x debug info(14128): JS: end home url=http://img.funshion.com/pictures/media/list/108/792/108792_360_504_ott_poster.jpg?1406605060
11-28 15:17:33.507 D/cocos2d-x debug info(14128): cocos2d: fullPathForFilename: No file found at Arial. Possible missing file.
11-28 15:17:33.507 D/cocos2d-x debug info(14128): cocos2d: fullPathForFilename: No file found at Arial. Possible missing file.
11-28 15:17:33.517 D/cocos2d-x debug info(14128): JS: funtv.ImageLoader.sImagePath=/data/data/tv.fun.launcher/files/fun_download/61/e2e094c9164234181e35f88649a31d.png
11-28 15:17:33.527 D/cocos2d-x debug info(14128): nativeTes2Callback  [002]funtv.ImageLoader.imageCallback('/data/data/tv.fun.launcher/files/fun_download/61/e2e094c9164234181e35f88649a31d.png', 0, 102)
11-28 15:17:33.527 D/cocos2d-x debug info(14128): trace_frame: 42.067356
11-28 15:17:33.537 D/cocos2d-x debug info(14128): JS: ImageLoader:cancelImageLoad url=http://img.funshion.com/pictures/media/list/106/940/106940_360_504_ott_poster.jpg?1413946029
11-28 15:17:33.587 D/cocos2d-x debug info(14128): JS: HomeListAdapter: isItemTypeOf(35)=true
11-28 15:17:33.587 D/cocos2d-x debug info(14128): JS: updateStatus--
11-28 15:17:33.587 D/cocos2d-x debug info(14128): JS: begin home url=http://img.funshion.com/pictures/media/list/110/324/110324_360_504_ott_poster.jpg?1414741959
11-28 15:17:33.587 D/JniHelper(14128): JniHelper::getJavaVM(), pthread_self() = 1529184920
11-28 15:17:33.597 D/cocos2d-x debug info(14128): JS: end home url=http://img.funshion.com/pictures/media/list/110/324/110324_360_504_ott_poster.jpg?1414741959
11-28 15:17:33.607 D/cocos2d-x debug info(14128): cocos2d: fullPathForFilename: No file found at Arial. Possible missing file.
11-28 15:17:33.607 D/cocos2d-x debug info(14128): cocos2d: fullPathForFilename: No file found at Arial. Possible missing file.
11-28 15:17:33.637 D/dalvikvm(14128): GC_CONCURRENT freed 1233K, 56% free 8206K/18508K, paused 2ms+2ms, total 24ms
11-28 15:17:33.637 D/dalvikvm(14128): WAIT_FOR_CONCURRENT_GC blocked 22ms
11-28 15:17:33.647 D/cocos2d-x debug info(14128): JS: funtv.ImageLoader.sImagePath=/data/data/tv.fun.launcher/files/fun_download/bc/a312c2b54c3aaeb473762aa25bc3e3.png
11-28 15:17:33.647 D/cocos2d-x debug info(14128): nativeTes2Callback  [001]funtv.ImageLoader.imageCallback('/data/data/tv.fun.launcher/files/fun_download/bc/a312c2b54c3aaeb473762aa25bc3e3.png', 0, 103)
11-28 15:17:33.647 D/cocos2d-x debug info(14128): trace_frame: 49.219868
11-28 15:17:33.707 D/cocos2d-x debug info(14128): JS: ImageLoader:cancelImageLoad url=http://img.funshion.com/pictures/media/list/732/82/73282_360_504_ott_poster.jpg?1415587330
11-28 15:17:33.717 D/launcher_auto(14128): launcher_auto: sendkey and wait.
11-28 15:17:33.757 D/cocos2d-x debug info(14128): JS: HomeMovTVCarVarH--setSelectedItem--true
11-28 15:17:33.757 D/cocos2d-x debug info(14128): JS: HomeListAdapter: onTurnPage
11-28 15:17:33.757 D/JniHelper(14128): JniHelper::getJavaVM(), pthread_self() = 1529184920
11-28 15:17:33.757 D/cocos2d-x debug info(14128): cocos2d: TextureCache: removing unused texture: /data/data/tv.fun.launcher/files/fun_download/81/1e608519e72ad43f08e5bc955768ae.png
11-28 15:17:33.757 D/cocos2d-x debug info(14128): cocos2d: TextureCache: removing unused texture: /data/data/tv.fun.launcher/files/fun_download/74/1769913d67c31335f0454bf7b3ee7c.png
11-28 15:17:33.757 D/cocos2d-x debug info(14128): cocos2d: TextureCache: removing unused texture: /data/data/tv.fun.launcher/files/fun_download/e0/4e3c9761e9227f6a5e1723c7c26e90.png
11-28 15:17:33.767 D/cocos2d-x debug info(14128): cocos2d: TextureCache: removing unused texture: /data/data/tv.fun.launcher/files/fun_download/be/e5b32df19a369e82bd7f58fac89d97.png
11-28 15:17:33.767 D/cocos2d-x debug info(14128): cocos2d: TextureCache: removing unused texture: /data/data/tv.fun.launcher/files/fun_download/bd/76bffbfd3ae06dce8d18aa85030e72.png
11-28 15:17:33.767 D/cocos2d-x debug info(14128): trace_frame: 64.251427
11-28 15:17:33.867 D/cocos2d-x debug info(14128): trace_frame: 60.523266
11-28 15:17:33.897 D/dalvikvm(21595): GC_CONCURRENT freed 391K, 17% free 5273K/6284K, paused 3ms+4ms, total 22ms
11-28 15:17:33.927 D/mdns    ( 4397): SocketDataReady got a packet from 172.16.13.193 to 224.0.0.251 on interface 172.16.13.147/wlan0/7/260
11-28 15:17:33.927 D/mdns    ( 4397): Received Response from 172.16.13.193   addressed to 224.0.0.251     on 412B7340 with  0 Questions,  3 Answers,  0 Authorities,  0 Additionals 202 bytes LLQType 0
11-28 15:17:33.987 D/cocos2d-x debug info(14128): trace_frame: 60.054905
11-28 15:17:34.087 D/cocos2d-x debug info(14128): trace_frame: 59.941875
11-28 15:17:34.127 D/mdns    ( 4397): SocketDataReady got a packet from 172.16.13.164 to 224.0.0.251 on interface 172.16.13.147/wlan0/7/260
11-28 15:17:34.127 D/mdns    ( 4397): Received Response from 172.16.13.164   addressed to 224.0.0.251     on 412B7340 with  0 Questions,  3 Answers,  0 Authorities,  0 Additionals 233 bytes LLQType 0
11-28 15:17:34.187 D/cocos2d-x debug info(14128): trace_frame: 59.876057
11-28 15:17:34.217 D/cocos2d-x debug info(14128): JS: HomeMainScene Key down:157
11-28 15:17:34.217 D/cocos2d-x debug info(14128): JS: FunTableView:onClick key=157, isPress=true
11-28 15:17:34.227 D/cocos2d-x debug info(14128): JS: OnClick: Direction_Right press...
11-28 15:17:34.227 D/cocos2d-x debug info(14128): JS: onKeyPressRight
11-28 15:17:34.227 D/cocos2d-x debug info(14128): JS: moveFocus
11-28 15:17:34.227 D/cocos2d-x debug info(14128): JS: HomeMovTVCarVarH--setSelectedItem--false
11-28 15:17:34.227 D/cocos2d-x debug info(14128): JS: zhangmd:FunTableView:moveFocus, fromsize is:(340,562),tosize is:(340,562)
11-28 15:17:34.227 D/cocos2d-x debug info(14128): JS:  HomeMainScene Key up:157
11-28 15:17:34.227 D/cocos2d-x debug info(14128): JS: FunTableView:onClick key=157, isPress=false
11-28 15:17:34.307 D/cocos2d-x debug info(14128): trace_frame: 60.083260
11-28 15:17:34.397 D/mdns    ( 4397): SocketDataReady got a packet from 172.16.13.131 to 224.0.0.251 on interface 172.16.13.147/wlan0/7/260
11-28 15:17:34.397 D/mdns    ( 4397): Received Response from 172.16.13.131   addressed to 224.0.0.251     on 412B7340 with  0 Questions,  3 Answers,  0 Authorities,  0 Additionals 333 bytes LLQType 0
11-28 15:17:34.407 D/cocos2d-x debug info(14128): trace_frame: 59.470715
11-28 15:17:34.457 D/cocos2d-x debug info(14128): JS: HomeMovTVCarVarH--setSelectedItem--true
11-28 15:17:34.527 D/cocos2d-x debug info(14128): trace_frame: 59.915604
11-28 15:17:34.637 D/cocos2d-x debug info(14128): trace_frame: 60.621284
11-28 15:17:34.717 D/launcher_auto(14128): launcher_auto: sendkey and wait.
11-28 15:17:34.737 D/cocos2d-x debug info(14128): trace_frame: 59.935867
11-28 15:17:34.857 D/cocos2d-x debug info(14128): trace_frame: 59.988518
11-28 15:17:34.977 D/cocos2d-x debug info(14128): trace_frame: 60.041512
11-28 15:17:35.087 D/cocos2d-x debug info(14128): trace_frame: 59.999844
11-28 15:17:35.187 D/cocos2d-x debug info(14128): trace_frame: 59.956833
11-28 15:17:35.237 D/cocos2d-x debug info(14128): JS: HomeMainScene Key down:157
11-28 15:17:35.237 D/cocos2d-x debug info(14128): JS: FunTableView:onClick key=157, isPress=true
11-28 15:17:35.237 D/cocos2d-x debug info(14128): JS: OnClick: Direction_Right press...
11-28 15:17:35.237 D/cocos2d-x debug info(14128): JS: onKeyPressRight
11-28 15:17:35.247 D/cocos2d-x debug info(14128): JS: moveFocus
11-28 15:17:35.247 D/cocos2d-x debug info(14128): JS: HomeMovTVCarVarH--setSelectedItem--false
11-28 15:17:35.247 D/cocos2d-x debug info(14128): JS: zhangmd:FunTableView:moveFocus, fromsize is:(340,562),tosize is:(340,562)
11-28 15:17:35.247 D/cocos2d-x debug info(14128): JS:  HomeMainScene Key up:157
11-28 15:17:35.247 D/cocos2d-x debug info(14128): JS: FunTableView:onClick key=157, isPress=false
11-28 15:17:35.287 D/cocos2d-x debug info(14128): trace_frame: 59.977814
11-28 15:17:35.407 D/cocos2d-x debug info(14128): trace_frame: 60.002914
11-28 15:17:35.467 D/cocos2d-x debug info(14128): JS: HomeMovTVCarVarH--setSelectedItem--true
11-28 15:17:35.517 D/cocos2d-x debug info(14128): trace_frame: 60.042034
11-28 15:17:35.617 D/cocos2d-x debug info(14128): trace_frame: 59.926888
11-28 15:17:35.727 D/launcher_auto(14128): launcher_auto: sendkey and wait.
11-28 15:17:35.737 D/cocos2d-x debug info(14128): trace_frame: 60.002914
11-28 15:17:35.857 D/cocos2d-x debug info(14128): trace_frame: 60.063667
11-28 15:17:35.957 D/cocos2d-x debug info(14128): trace_frame: 59.962223
11-28 15:17:35.967 D/mdns    ( 4397): SocketDataReady got a packet from 172.16.13.167 to 224.0.0.251 on interface 172.16.13.147/wlan0/7/260
11-28 15:17:35.967 D/mdns    ( 4397): Received Response from 172.16.13.167   addressed to 224.0.0.251     on 412B7340 with  0 Questions,  3 Answers,  0 Authorities,  0 Additionals 247 bytes LLQType 0
11-28 15:17:36.067 D/cocos2d-x debug info(14128): trace_frame: 60.048725
11-28 15:17:36.177 D/cocos2d-x debug info(14128): trace_frame: 59.967018
11-28 15:17:36.237 D/cocos2d-x debug info(14128): JS: HomeMainScene Key down:157
11-28 15:17:36.237 D/cocos2d-x debug info(14128): JS: FunTableView:onClick key=157, isPress=true
11-28 15:17:36.237 D/cocos2d-x debug info(14128): JS: OnClick: Direction_Right press...
11-28 15:17:36.237 D/cocos2d-x debug info(14128): JS: onKeyPressRight
11-28 15:17:36.247 D/cocos2d-x debug info(14128): JS: moveFocus
11-28 15:17:36.247 D/cocos2d-x debug info(14128): JS: HomeMovTVCarVarH--setSelectedItem--false
11-28 15:17:36.247 D/cocos2d-x debug info(14128): JS: zhangmd:FunTableView:moveFocus, fromsize is:(340,562),tosize is:(340,562)
11-28 15:17:36.247 D/cocos2d-x debug info(14128): JS:  HomeMainScene Key up:157
11-28 15:17:36.247 D/cocos2d-x debug info(14128): JS: FunTableView:onClick key=157, isPress=false
11-28 15:17:36.267 D/cocos2d-x debug info(14128): trace_frame: 59.989204
11-28 15:17:36.387 D/cocos2d-x debug info(14128): trace_frame: 59.961281
11-28 15:17:36.467 D/cocos2d-x debug info(14128): JS: HomeMovTVCarVarH--setSelectedItem--true
11-28 15:17:36.507 D/cocos2d-x debug info(14128): trace_frame: 60.009087
11-28 15:17:36.617 D/cocos2d-x debug info(14128): trace_frame: 60.038422
11-28 15:17:36.727 D/launcher_auto(14128): launcher_auto: sendkey and wait.
11-28 15:17:36.737 D/cocos2d-x debug info(14128): trace_frame: 59.672482
11-28 15:17:36.797 D/mdns    ( 4397): SocketDataReady got a packet from 172.16.13.193 to 224.0.0.251 on interface 172.16.13.147/wlan0/7/260
11-28 15:17:36.797 D/mdns    ( 4397): Received Response from 172.16.13.193   addressed to 224.0.0.251     on 412B7340 with  0 Questions,  3 Answers,  0 Authorities,  0 Additionals 290 bytes LLQType 0
11-28 15:17:36.857 D/cocos2d-x debug info(14128): trace_frame: 60.329227
11-28 15:17:36.967 D/cocos2d-x debug info(14128): trace_frame: 60.032764
11-28 15:17:37.077 D/cocos2d-x debug info(14128): trace_frame: 59.905930
11-28 15:17:37.187 D/cocos2d-x debug info(14128): trace_frame: 60.059032
11-28 15:17:37.237 D/cocos2d-x debug info(14128): JS: HomeMainScene Key down:157
11-28 15:17:37.237 D/cocos2d-x debug info(14128): JS: FunTableView:onClick key=157, isPress=true
11-28 15:17:37.237 D/cocos2d-x debug info(14128): JS: OnClick: Direction_Right press...
11-28 15:17:37.237 D/cocos2d-x debug info(14128): JS: onKeyPressRight
11-28 15:17:37.247 D/cocos2d-x debug info(14128): JS: moveFocus
11-28 15:17:37.247 D/cocos2d-x debug info(14128): JS: HomeMovTVCarVarH--setSelectedItem--false
11-28 15:17:37.247 D/cocos2d-x debug info(14128): JS: zhangmd:FunTableView:moveFocus, fromsize is:(340,562),tosize is:(340,562)
11-28 15:17:37.247 D/cocos2d-x debug info(14128): JS:  HomeMainScene Key up:157
11-28 15:17:37.247 D/cocos2d-x debug info(14128): JS: FunTableView:onClick key=157, isPress=false
11-28 15:17:37.287 D/cocos2d-x debug info(14128): trace_frame: 59.962818
11-28 15:17:37.407 D/cocos2d-x debug info(14128): trace_frame: 59.904324
11-28 15:17:37.477 D/cocos2d-x debug info(14128): JS: HomeMovTVCarVarH--setSelectedItem--true
11-28 15:17:37.517 D/cocos2d-x debug info(14128): trace_frame: 60.065212
11-28 15:17:37.607 D/mdns    ( 4397): SocketDataReady got a packet from 172.16.13.187 to 224.0.0.251 on interface 172.16.13.147/wlan0/7/260
11-28 15:17:37.607 D/mdns    ( 4397): Received Response from 172.16.13.187   addressed to 224.0.0.251     on 412B7340 with  0 Questions,  1 Answer,   0 Authorities,  0 Additionals 38 bytes LLQType 0
11-28 15:17:37.627 D/cocos2d-x debug info(14128): trace_frame: 59.943649
11-28 15:17:37.737 D/launcher_auto(14128): launcher_auto: sendkey and wait.
11-28 15:17:37.737 D/cocos2d-x debug info(14128): trace_frame: 60.094090
11-28 15:17:37.837 D/cocos2d-x debug info(14128): trace_frame: 59.905945
11-28 15:17:37.957 D/cocos2d-x debug info(14128): trace_frame: 60.103901
11-28 15:17:38.057 D/cocos2d-x debug info(14128): trace_frame: 58.970390
11-28 15:17:38.077 D/dalvikvm(22184): GC_CONCURRENT freed 775K, 19% free 6623K/8116K, paused 3ms+5ms, total 47ms
11-28 15:17:38.147 D/WifiSetting(14128): Scanner handleMessage:msg{ what=0 when=-1ms }
11-28 15:17:38.177 D/cocos2d-x debug info(14128): trace_frame: 60.889687
11-28 15:17:38.237 D/cocos2d-x debug info(14128): JS: HomeMainScene Key down:157
11-28 15:17:38.237 D/cocos2d-x debug info(14128): JS: FunTableView:onClick key=157, isPress=true
11-28 15:17:38.237 D/cocos2d-x debug info(14128): JS: OnClick: Direction_Right press...
11-28 15:17:38.237 D/cocos2d-x debug info(14128): JS: onKeyPressRight
11-28 15:17:38.247 D/cocos2d-x debug info(14128): JS: turnPage: toRight true
11-28 15:17:38.247 D/cocos2d-x debug info(14128): JS: jumpFocus
11-28 15:17:38.247 D/cocos2d-x debug info(14128): JS: HomeMovTVCarVarH--setSelectedItem--false
11-28 15:17:38.247 D/cocos2d-x debug info(14128): JS: zhangmd:FunTableView:calculateFullVisibleIndex begain,startidx=25,endidx=29,startidx2=30,endidx2=34
11-28 15:17:38.247 D/cocos2d-x debug info(14128): JS: calculateLastPageIndex 1
11-28 15:17:38.257 D/cocos2d-x debug info(14128): JS:  HomeMainScene Key up:157
11-28 15:17:38.257 D/cocos2d-x debug info(14128): JS: FunTableView:onClick key=157, isPress=false
11-28 15:17:38.277 D/cocos2d-x debug info(14128): trace_frame: 59.895180
11-28 15:17:38.287 D/cocos2d-x debug info(14128): JS: HomeListAdapter: isItemTypeOf(36)=true
11-28 15:17:38.287 D/cocos2d-x debug info(14128): JS: updateStatus--
11-28 15:17:38.287 D/cocos2d-x debug info(14128): JS: begin home url=http://img.funshion.com/pictures/media/list/898/02/89802_360_504_ott_poster.jpg?1408539756
11-28 15:17:38.287 D/JniHelper(14128): JniHelper::getJavaVM(), pthread_self() = 1529184920
11-28 15:17:38.297 D/cocos2d-x debug info(14128): JS: end home url=http://img.funshion.com/pictures/media/list/898/02/89802_360_504_ott_poster.jpg?1408539756
11-28 15:17:38.297 D/cocos2d-x debug info(14128): cocos2d: fullPathForFilename: No file found at Arial. Possible missing file.
11-28 15:17:38.297 D/cocos2d-x debug info(14128): cocos2d: fullPathForFilename: No file found at Arial. Possible missing file.
11-28 15:17:38.307 D/cocos2d-x debug info(14128): JS: funtv.ImageLoader.sImagePath=/data/data/tv.fun.launcher/files/fun_download/f6/59de714bca008935ed073dfd29282b.png
11-28 15:17:38.317 D/cocos2d-x debug info(14128): nativeTes2Callback  [004]funtv.ImageLoader.imageCallback('/data/data/tv.fun.launcher/files/fun_download/f6/59de714bca008935ed073dfd29282b.png', 0, 104)
11-28 15:17:38.327 D/cocos2d-x debug info(14128): JS: ImageLoader:cancelImageLoad url=http://img.funshion.com/pictures/media/list/116/794/116794_360_504_ott_poster.jpg?1415848942
11-28 15:17:38.357 D/cocos2d-x debug info(14128): JS: HomeListAdapter: isItemTypeOf(37)=true
11-28 15:17:38.357 D/cocos2d-x debug info(14128): JS: updateStatus--
11-28 15:17:38.357 D/cocos2d-x debug info(14128): JS: begin home url=http://img.funshion.com/pictures/media/list/106/937/106937_360_504_ott_poster.jpg?1407995534
11-28 15:17:38.357 D/JniHelper(14128): JniHelper::getJavaVM(), pthread_self() = 1529184920
11-28 15:17:38.357 D/cocos2d-x debug info(14128): JS: end home url=http://img.funshion.com/pictures/media/list/106/937/106937_360_504_ott_poster.jpg?1407995534
11-28 15:17:38.367 D/cocos2d-x debug info(14128): cocos2d: fullPathForFilename: No file found at Arial. Possible missing file.
11-28 15:17:38.367 D/cocos2d-x debug info(14128): cocos2d: fullPathForFilename: No file found at Arial. Possible missing file.
11-28 15:17:38.377 D/cocos2d-x debug info(14128): JS: funtv.ImageLoader.sImagePath=/data/data/tv.fun.launcher/files/fun_download/b4/48a119829c77d89f0e2ed1e2876879.png
11-28 15:17:38.377 D/cocos2d-x debug info(14128): nativeTes2Callback  [001]funtv.ImageLoader.imageCallback('/data/data/tv.fun.launcher/files/fun_download/b4/48a119829c77d89f0e2ed1e2876879.png', 0, 105)
11-28 15:17:38.377 D/cocos2d-x debug info(14128): trace_frame: 55.570992
11-28 15:17:38.387 D/cocos2d-x debug info(14128): JS: ImageLoader:cancelImageLoad url=http://img.funshion.com/pictures/media/list/115/508/115508_360_504_ott_poster.jpg?1409915492
11-28 15:17:38.427 D/cocos2d-x debug info(14128): JS: HomeListAdapter: isItemTypeOf(38)=true
11-28 15:17:38.427 D/cocos2d-x debug info(14128): JS: updateStatus--
11-28 15:17:38.427 D/cocos2d-x debug info(14128): JS: begin home url=http://img.funshion.com/pictures/media/list/961/63/96163_360_504_ott_poster.jpg?1406101851
11-28 15:17:38.427 D/JniHelper(14128): JniHelper::getJavaVM(), pthread_self() = 1529184920
11-28 15:17:38.427 D/cocos2d-x debug info(14128): JS: end home url=http://img.funshion.com/pictures/media/list/961/63/96163_360_504_ott_poster.jpg?1406101851
11-28 15:17:38.437 D/cocos2d-x debug info(14128): cocos2d: fullPathForFilename: No file found at Arial. Possible missing file.
11-28 15:17:38.437 D/cocos2d-x debug info(14128): cocos2d: fullPathForFilename: No file found at Arial. Possible missing file.
11-28 15:17:38.447 D/cocos2d-x debug info(14128): JS: funtv.ImageLoader.sImagePath=/data/data/tv.fun.launcher/files/fun_download/65/33b4d830971e2e48386e81d2e907d2.png
11-28 15:17:38.447 D/cocos2d-x debug info(14128): nativeTes2Callback  [002]funtv.ImageLoader.imageCallback('/data/data/tv.fun.launcher/files/fun_download/65/33b4d830971e2e48386e81d2e907d2.png', 0, 106)
11-28 15:17:38.457 D/cocos2d-x debug info(14128): JS: ImageLoader:cancelImageLoad url=http://img.funshion.com/pictures/media/list/115/058/115058_360_504_ott_poster.jpg?1414249689
11-28 15:17:38.487 D/cocos2d-x debug info(14128): trace_frame: 64.345329
11-28 15:17:38.507 D/cocos2d-x debug info(14128): JS: HomeListAdapter: isItemTypeOf(39)=true
11-28 15:17:38.507 D/cocos2d-x debug info(14128): JS: updateStatus--
11-28 15:17:38.507 D/cocos2d-x debug info(14128): JS: begin home url=http://img.funshion.com/pictures/media/list/992/71/99271_360_504_ott_poster.jpg?1405929167
11-28 15:17:38.507 D/JniHelper(14128): JniHelper::getJavaVM(), pthread_self() = 1529184920
11-28 15:17:38.507 D/cocos2d-x debug info(14128): JS: end home url=http://img.funshion.com/pictures/media/list/992/71/99271_360_504_ott_poster.jpg?1405929167
11-28 15:17:38.527 D/cocos2d-x debug info(14128): cocos2d: fullPathForFilename: No file found at Arial. Possible missing file.
11-28 15:17:38.557 D/dalvikvm(14128): GC_CONCURRENT freed 1420K, 57% free 8088K/18508K, paused 4ms+3ms, total 28ms
11-28 15:17:38.557 D/dalvikvm(14128): WAIT_FOR_CONCURRENT_GC blocked 21ms
11-28 15:17:38.557 D/cocos2d-x debug info(14128): cocos2d: fullPathForFilename: No file found at Arial. Possible missing file.
11-28 15:17:38.567 D/cocos2d-x debug info(14128): JS: funtv.ImageLoader.sImagePath=/data/data/tv.fun.launcher/files/fun_download/f7/e1bd0ce4cca97c393f3c8587839836.png
11-28 15:17:38.567 D/cocos2d-x debug info(14128): nativeTes2Callback  [002]funtv.ImageLoader.imageCallback('/data/data/tv.fun.launcher/files/fun_download/f7/e1bd0ce4cca97c393f3c8587839836.png', 0, 107)
11-28 15:17:38.567 D/cocos2d-x debug info(14128): JS: ImageLoader:cancelImageLoad url=http://img.funshion.com/pictures/media/list/108/976/108976_360_504_ott_poster.jpg?1404958037
11-28 15:17:38.597 D/cocos2d-x debug info(14128): trace_frame: 39.111008
11-28 15:17:38.607 D/cocos2d-x debug info(14128): JS: HomeListAdapter: isItemTypeOf(40)=true
11-28 15:17:38.607 D/cocos2d-x debug info(14128): JS: updateStatus--
11-28 15:17:38.607 D/cocos2d-x debug info(14128): JS: begin home url=http://img.funshion.com/pictures/media/list/114/654/114654_360_504_ott_poster.jpg?1412738171
11-28 15:17:38.607 D/JniHelper(14128): JniHelper::getJavaVM(), pthread_self() = 1529184920
11-28 15:17:38.607 D/cocos2d-x debug info(14128): JS: end home url=http://img.funshion.com/pictures/media/list/114/654/114654_360_504_ott_poster.jpg?1412738171
11-28 15:17:38.617 D/cocos2d-x debug info(14128): cocos2d: fullPathForFilename: No file found at Arial. Possible missing file.
11-28 15:17:38.627 D/cocos2d-x debug info(14128): cocos2d: fullPathForFilename: No file found at Arial. Possible missing file.
11-28 15:17:38.637 D/cocos2d-x debug info(14128): JS: funtv.ImageLoader.sImagePath=/data/data/tv.fun.launcher/files/fun_download/a9/2b61f918d4eb8b5cda2b486976feaf.png
11-28 15:17:38.637 D/cocos2d-x debug info(14128): nativeTes2Callback  [001]funtv.ImageLoader.imageCallback('/data/data/tv.fun.launcher/files/fun_download/a9/2b61f918d4eb8b5cda2b486976feaf.png', 0, 108)
11-28 15:17:38.707 D/cocos2d-x debug info(14128): trace_frame: 61.114021
11-28 15:17:38.717 D/cocos2d-x debug info(14128): JS: ImageLoader:cancelImageLoad url=http://img.funshion.com/pictures/media/list/112/240/112240_360_504_ott_poster.jpg?1411701487
11-28 15:17:38.737 D/launcher_auto(14128): launcher_auto: sendkey and wait.
11-28 15:17:38.767 D/cocos2d-x debug info(14128): JS: HomeMovTVCarVarH--setSelectedItem--true
11-28 15:17:38.767 D/cocos2d-x debug info(14128): JS: HomeListAdapter: onTurnPage
11-28 15:17:38.777 D/JniHelper(14128): JniHelper::getJavaVM(), pthread_self() = 1529184920
11-28 15:17:38.777 D/cocos2d-x debug info(14128): cocos2d: TextureCache: removing unused texture: /data/data/tv.fun.launcher/files/fun_download/ba/a1a3116d0f28509cedbeb432aec338.png
11-28 15:17:38.777 D/cocos2d-x debug info(14128): cocos2d: TextureCache: removing unused texture: /data/data/tv.fun.launcher/files/fun_download/98/396960f0cf607d06ecc99414c4527e.png
11-28 15:17:38.777 D/cocos2d-x debug info(14128): cocos2d: TextureCache: removing unused texture: /data/data/tv.fun.launcher/files/fun_download/3e/7802ac9c842a5beacef0c817121417.png
11-28 15:17:38.777 D/cocos2d-x debug info(14128): cocos2d: TextureCache: removing unused texture: /data/data/tv.fun.launcher/files/fun_download/ac/6f860752669c68bc0b7a15143f961d.png
11-28 15:17:38.777 D/cocos2d-x debug info(14128): cocos2d: TextureCache: removing unused texture: /data/data/tv.fun.launcher/files/fun_download/2f/502286b3bf394d88f8fecb8c98e69d.png
11-28 15:17:38.807 D/cocos2d-x debug info(14128): trace_frame: 59.497837
11-28 15:17:38.927 D/cocos2d-x debug info(14128): trace_frame: 60.629684
11-28 15:17:39.037 D/cocos2d-x debug info(14128): trace_frame: 60.060562
11-28 15:17:39.157 D/cocos2d-x debug info(14128): trace_frame: 59.945877
11-28 15:17:39.257 D/cocos2d-x debug info(14128): JS: HomeMainScene Key down:157
11-28 15:17:39.257 D/cocos2d-x debug info(14128): JS: FunTableView:onClick key=157, isPress=true
11-28 15:17:39.257 D/cocos2d-x debug info(14128): JS: OnClick: Direction_Right press...
11-28 15:17:39.257 D/cocos2d-x debug info(14128): JS: onKeyPressRight
11-28 15:17:39.257 D/cocos2d-x debug info(14128): JS: moveFocus
11-28 15:17:39.257 D/cocos2d-x debug info(14128): JS: HomeMovTVCarVarH--setSelectedItem--false
11-28 15:17:39.257 D/cocos2d-x debug info(14128): JS: zhangmd:FunTableView:moveFocus, fromsize is:(340,562),tosize is:(340,562)
11-28 15:17:39.267 D/cocos2d-x debug info(14128): JS:  HomeMainScene Key up:157
11-28 15:17:39.267 D/cocos2d-x debug info(14128): JS: FunTableView:onClick key=157, isPress=false
11-28 15:17:39.267 D/cocos2d-x debug info(14128): trace_frame: 55.002476
11-28 15:17:39.377 D/cocos2d-x debug info(14128): trace_frame: 64.545876
11-28 15:17:39.487 D/cocos2d-x debug info(14128): JS: HomeMovTVCarVarH--setSelectedItem--true
11-28 15:17:39.487 D/cocos2d-x debug info(14128): trace_frame: 60.501293
11-28 15:17:39.517 I/mdns    ( 4397): mDNS_DeregisterInterface: Another representative of InterfaceID 412B7340 wlan0 (172.16.13.147) exists; making it active
11-28 15:17:39.517 D/mdns    ( 4397): mDNS_Deregister_internal: Deleting record for    4 Android-2.local. Addr 172.16.13.147
11-28 15:17:39.517 I/mdns    ( 4397): mDNS_Deregister_internal: mStatus_MemFree for    4 Android-2.local. Addr 172.16.13.147
11-28 15:17:39.517 D/mdns    ( 4397): mDNS_HostNameCallback: Android-2.local. (Addr) Unknown result (-65792)
11-28 15:17:39.517 D/mdns    ( 4397): mDNS_HostNameCallback: MemFree (ignored)
11-28 15:17:39.517 D/mdns    ( 4397): mDNS_Deregister_internal: Deleting record for   17 147.13.16.172.in-addr.arpa. PTR Android-2.local.
11-28 15:17:39.517 I/mdns    ( 4397): mDNS_Deregister_internal: mStatus_MemFree for   17 147.13.16.172.in-addr.arpa. PTR Android-2.local.
11-28 15:17:39.517 D/mdns    ( 4397): mDNS_Reconfirm_internal: 34718 ticks to go for   30 qqwwee._airplay._tcp.local. SRV 0 0 7000 milink-203107814.local. 00000000
11-28 15:17:39.517 D/mdns    ( 4397): mDNS_Reconfirm_internal: 34718 ticks to go for   94 qqwwee._airplay._tcp.local. TXT deviceid=10:48:b1:28:22:20¦features=0x100029ff¦flags=0x4¦model=AppleTV3,1¦srcvers=150.33¦vv=1 00000000
11-28 15:17:39.517 D/mdns    ( 4397): mDNS_Reconfirm_internal: 34718 ticks to go for  115 006d0e03a545@MiniMax._raop._tcp.local. TXT ch=2¦cn=0,1¦da=true¦ek=1¦et=0,1¦md=0,1,2¦pw=false¦sm=false¦sr=44100¦ss=16¦sv=false¦tp=UDP¦txtvers= 00000000
11-28 15:17:39.517 D/mdns    ( 4397): mDNS_Reconfirm_internal: 34718 ticks to go for   23 006d0e03a545@MiniMax._raop._tcp.local. SRV 0 0 38431 Android-2.local. 00000000
11-28 15:17:39.517 D/mdns    ( 4397): mDNS_Reconfirm_internal: 34718 ticks to go for   46 006d0e03a545@MiniMax._raop._tcp.local. NSEC TXT SRV  00000000
11-28 15:17:39.517 D/mdns    ( 4397): mDNS_Reconfirm_internal: 34718 ticks to go for   23 _rc._tcp.local. PTR qqwwee._rc._tcp.local. 00000000
11-28 15:17:39.517 D/mdns    ( 4397): mDNS_Reconfirm_internal: 34718 ticks to go for   42 _rc._tcp.local. PTR 客厅的小米盒子\032(7)._rc._tcp.local. 00000000
11-28 15:17:39.517 D/mdns    ( 4397): mDNS_Reconfirm_internal: 34718 ticks to go for   42 _rc._tcp.local. PTR 客厅的小米盒子\032(4)._rc._tcp.local. 00000000
11-28 15:17:39.517 D/mdns    ( 4397): mDNS_Reconfirm_internal: 34718 ticks to go for   28 _rc._tcp.local. PTR hello\032mibox._rc._tcp.local. 00000000
11-28 15:17:39.517 D/mdns    ( 4397): mDNS_Reconfirm_internal: 34718 ticks to go for   30 客厅的小米盒子._airplay._tcp.local. SRV 0 0 7000 milink-199855756.local. 00000000
11-28 15:17:39.517 D/mdns    ( 4397): mDNS_Reconfirm_internal: 34718 ticks to go for   94 客厅的小米盒子._airplay._tcp.local. TXT deviceid=10:48:b1:51:35:aa¦features=0x100029ff¦flags=0x4¦model=AppleTV3,1¦srcvers=150.33¦vv=1 00000000
11-28 15:17:39.517 D/mdns    ( 4397): mDNS_Reconfirm_internal: 34718 ticks to go for    4 milink-199422877.local. Addr 172.16.13.164 00000000
11-28 15:17:39.517 D/mdns    ( 4397): mDNS_Reconfirm_internal: 34718 ticks to go for   17 147.13.16.172.in-addr.arpa. PTR Android-2.local. 00000000
11-28 15:17:39.517 D/mdns    ( 4397): mDNS_Reconfirm_internal: 34718 ticks to go for   32 147.13.16.172.in-addr.arpa. NSEC PTR  00000000
11-28 15:17:39.517 D/mdns    ( 4397): mDNS_Reconfirm_internal: 34718 ticks to go for   30 hello\032mibox._rc._tcp.local. SRV 0 0 6091 milink-185090187.local. 00000000
11-28 15:17:39.517 D/mdns    ( 4397): mDNS_Reconfirm_internal: 34718 ticks to go for  158 hello\032mibox._rc._tcp.local. TXT protver=16777216¦prottext=Remote Controller Protocol Version 1.0¦platform_id=205¦scrnw=1280¦scrnh=720¦server_addr 00000000
11-28 15:17:39.517 D/mdns    ( 4397): mDNS_Reconfirm_internal: 34718 ticks to go for   75 MiniMax._airplay._tcp.local. TXT deviceid=00:6d:0e:03:a5:45¦features=0x2077¦model=AppleTV2,1¦srcvers=101.28 00000000
11-28 15:17:39.517 D/mdns    ( 4397): mDNS_Reconfirm_internal: 34718 ticks to go for   23 MiniMax._airplay._tcp.local. SRV 0 0 38421 Android-2.local. 00000000
11-28 15:17:39.517 D/mdns    ( 4397): mDNS_Reconfirm_internal: 34718 ticks to go for   36 MiniMax._airplay._tcp.local. NSEC TXT SRV  00000000
11-28 15:17:39.517 D/mdns    ( 4397): mDNS_Reconfirm_internal: 34718 ticks to go for   30 客厅的小米盒子\032(4)._rc._tcp.local. SRV 0 0 6091 milink-199855756.local. 00000000
11-28 15:17:39.517 D/mdns    ( 4397): mDNS_Reconfirm_internal: 34718 ticks to go for  230 客厅的小米盒子\032(4)._rc._tcp.local. TXT protver=16777472¦prottext=Remote Controller Protocol Version 1.0.1.0¦platform_id=205¦scrnw=1280¦scrn 00000000
11-28 15:17:39.517 D/mdns    ( 4397): mDNS_Reconfirm_internal: 34718 ticks to go for   30 客厅的小米盒子\032(7)._rc._tcp.local. SRV 0 0 6091 milink-184250014.local. 00000000
11-28 15:17:39.517 D/mdns    ( 4397): mDNS_Reconfirm_internal: 34718 ticks to go for  230 客厅的小米盒子\032(7)._rc._tcp.local. TXT protver=16777472¦prottext=Remote Controller Protocol Version 1.0.1.0¦platform_id=205¦scrnw=1280¦scrn 00000000
11-28 15:17:39.517 D/mdns    ( 4397): mDNS_Reconfirm_internal: 34718 ticks to go for    4 milink-184250014.local. Addr 172.16.13.193 00000000
11-28 15:17:39.517 D/mdns    ( 4397): mDNS_Reconfirm_internal: 34718 ticks to go for    4 Android-2.local. Addr 172.16.13.147 00000000
11-28 15:17:39.517 D/mdns    ( 4397): mDNS_Reconfirm_internal: 34718 ticks to go for   16 Android-2.local. AAAA FE80:0000:0000:0000:026D:0EFF:FE03:A545 00000000
11-28 15:17:39.517 D/mdns    ( 4397): mDNS_Reconfirm_internal: 34718 ticks to go for   23 Android-2.local. NSEC Addr AAAA  00000000
11-28 15:17:39.517 D/mdns    ( 4397): mDNS_Reconfirm_internal: 34718 ticks to go for   30 客厅的小米盒子\032(4)._airkan._tcp.local. SRV 0 0 6088 milink-199855756.local. 00000000
11-28 15:17:39.517 D/mdns    ( 4397): mDNS_Reconfirm_internal: 34718 ticks to go for  125 客厅的小米盒子\032(4)._airkan._tcp.local. TXT photoport=6089¦scrnw=1280¦scrnh=720¦protver=16777984¦prottext=Airkan Protocol Version 1.03¦plat 00000000
11-28 15:17:39.517 D/mdns    ( 4397): mDNS_Reconfirm_internal: 34718 ticks to go for   30 hello\032mibox._airplay._tcp.local. SRV 0 0 7000 milink-185090187.local. 00000000
11-28 15:17:39.517 D/mdns    ( 4397): mDNS_Reconfirm_internal: 34718 ticks to go for   94 hello\032mibox._airplay._tcp.local. TXT deviceid=10:48:b1:18:a1:29¦features=0x100029ff¦flags=0x4¦model=AppleTV3,1¦srcvers=150.33¦vv=1 00000000
11-28 15:17:39.517 D/mdns    ( 4397): mDNS_Reconfirm_internal: 34718 ticks to go for   39 _raop._tcp.local. PTR 006d0e03a545@MiniMax._raop._tcp.local. 00000000
11-28 15:17:39.517 D/mdns    ( 4397): mDNS_Reconfirm_internal: 34718 ticks to go for   38 _raop._tcp.local. PTR 1048b1282220@qqwwee._raop._tcp.local. 00000000
11-28 15:17:39.517 D/mdns    ( 4397): mDNS_Reconfirm_internal: 34718 ticks to go for   53 _raop._tcp.local. PTR 1048b15135aa@客厅的小米盒子._raop._tcp.local. 00000000
11-28 15:17:39.517 D/mdns    ( 4397): mDNS_Reconfirm_internal: 34718 ticks to go for   43 _raop._tcp.local. PTR 1048b118a129@hello\032mibox._raop._tcp.local. 00000000
11-28 15:17:39.517 D/mdns    ( 4397): mDNS_Reconfirm_internal: 34718 ticks to go for   53 _raop._tcp.local. PTR 1048b14f6932@客厅的小米盒子._raop._tcp.local. 00000000
11-28 15:17:39.517 D/mdns    ( 4397): mDNS_Reconfirm_internal: 34718 ticks to go for   43 _airplay._tcp.local. PTR 客厅的小米盒子._airplay._tcp.local. 00000000
