11-28 15:15:53.187 D/mdns    ( 4397): Received Response from 172.16.13.14    addressed to 224.0.0.251     on 412B6F38 with  0 Questions,  3 Answers,  0 Authorities,  0 Additionals 232 bytes LLQType 0
11-28 15:15:53.187 D/cocos2d-x debug info(14128): trace_frame: 59.712780
11-28 15:15:53.307 D/cocos2d-x debug info(14128): trace_frame: 60.216606
11-28 15:15:53.407 D/cocos2d-x debug info(14128): trace_frame: 59.955635
11-28 15:15:53.517 D/cocos2d-x debug info(14128): trace_frame: 60.074493
11-28 15:15:53.637 D/cocos2d-x debug info(14128): trace_frame: 59.964874
11-28 15:15:53.757 D/cocos2d-x debug info(14128): trace_frame: 60.032761
11-28 15:15:53.867 D/cocos2d-x debug info(14128): trace_frame: 60.029671
11-28 15:15:53.967 D/cocos2d-x debug info(14128): trace_frame: 59.973614
11-28 15:15:54.087 D/cocos2d-x debug info(14128): trace_frame: 60.011665
11-28 15:15:54.187 D/cocos2d-x debug info(14128): trace_frame: 59.971210
11-28 15:15:54.287 D/cocos2d-x debug info(14128): trace_frame: 59.942455
11-28 15:15:54.387 D/cocos2d-x debug info(14128): trace_frame: 59.992798
11-28 15:15:54.397 D/mdns    ( 4397): mDNS_Execute
11-28 15:15:54.397 D/mdns    ( 4397): mDNS_Execute: Setting NewLocalRecords to NULL
11-28 15:15:54.397 D/mdns    ( 4397): Announcing 006d0e03a545@MiniMax._raop._tcp.local. (TXT) 3
11-28 15:15:54.397 D/mdns    ( 4397): Announcing _services._dns-sd._udp.local. (PTR) 3
11-28 15:15:54.397 D/mdns    ( 4397): Announcing _raop._tcp.local. (PTR) 3
11-28 15:15:54.397 D/mdns    ( 4397): Announcing MiniMax._airplay._tcp.local. (TXT) 3
11-28 15:15:54.397 D/mdns    ( 4397): Announcing _services._dns-sd._udp.local. (PTR) 3
11-28 15:15:54.397 D/mdns    ( 4397): Announcing _airplay._tcp.local. (PTR) 3
11-28 15:15:54.397 D/mdns    ( 4397): Announcing 006d0e03a545@MiniMax._raop._tcp.local. (SRV) 3
11-28 15:15:54.397 D/mdns    ( 4397): Announcing MiniMax._airplay._tcp.local. (SRV) 3
11-28 15:15:54.397 D/mdns    ( 4397): Announcing 147.13.16.172.in-addr.arpa. (PTR) 3
11-28 15:15:54.397 D/mdns    ( 4397): Announcing 5.4.5.A.3.0.E.F.F.F.E.0.D.6.2.0.0.0.0.0.0.0.0.0.0.0.0.0.0.8.E.F.ip6.arpa. (PTR) 3
11-28 15:15:54.397 D/mdns    ( 4397): Announcing Android-2.local. (Addr) 3
11-28 15:15:54.397 D/mdns    ( 4397): Announcing Android-2.local. (AAAA) 3
11-28 15:15:54.397 D/mdns    ( 4397): SendResponses: Sending 0 Deregistrations, 12 Announcements, 0 Answers, 5 Additionals on 412B6F38
11-28 15:15:54.397 D/mdns    ( 4397): SendResponses: Next in 16384 ticks
11-28 15:15:54.397 D/mdns    ( 4397): SocketDataReady got a packet from 172.16.13.147 to 224.0.0.251 on interface 172.16.13.147/wlan0/7/248
11-28 15:15:54.397 D/mdns    ( 4397): Received Response from 172.16.13.147   addressed to 224.0.0.251     on 412B6F38 with  0 Questions, 12 Answers,  0 Authorities,  5 Additionals 661 bytes LLQType 0
11-28 15:15:54.397 D/mdns    ( 4397): Found record size   115 interface 412B6F38 already in cache:  115 006d0e03a545@MiniMax._raop._tcp.local. TXT ch=2¦cn=0,1¦da=true¦ek=1¦et=0,1¦md=0,1,2¦pw=false¦sm=false¦sr=44100¦ss=16¦sv=false¦tp=UDP¦txtvers=
11-28 15:15:54.397 D/mdns    ( 4397): Found record size    75 interface 412B6F38 already in cache:   75 MiniMax._airplay._tcp.local. TXT deviceid=00:6d:0e:03:a5:45¦features=0x2077¦model=AppleTV2,1¦srcvers=101.28
11-28 15:15:54.397 D/mdns    ( 4397): Found record size    78 interface 412B6F38 already in cache:   78 5.4.5.A.3.0.E.F.F.F.E.0.D.6.2.0.0.0.0.0.0.0.0.0.0.0.0.0.0.8.E.F.ip6.arpa. NSEC PTR 
11-28 15:15:54.397 D/mdns    ( 4397): SocketDataReady got a packet from FE80:0000:0000:0000:026D:0EFF:FE03:A545 to FF02:0000:0000:0000:0000:0000:0000:00FB on interface 172.16.13.147/wlan0/7/249
11-28 15:15:54.397 D/mdns    ( 4397): Received Response from FE80:0000:0000:0000:026D:0EFF:FE03:A545 addressed to FF02:0000:0000:0000:0000:0000:0000:00FB on 412B6F38 with  0 Questions, 12 Answers,  0 Authorities,  5 Additionals 661 bytes LLQType 0
11-28 15:15:54.397 D/mdns    ( 4397): Found record size   115 interface 412B6F38 already in cache:  115 006d0e03a545@MiniMax._raop._tcp.local. TXT ch=2¦cn=0,1¦da=true¦ek=1¦et=0,1¦md=0,1,2¦pw=false¦sm=false¦sr=44100¦ss=16¦sv=false¦tp=UDP¦txtvers=
11-28 15:15:54.397 D/mdns    ( 4397): Found record size    75 interface 412B6F38 already in cache:   75 MiniMax._airplay._tcp.local. TXT deviceid=00:6d:0e:03:a5:45¦features=0x2077¦model=AppleTV2,1¦srcvers=101.28
11-28 15:15:54.397 D/mdns    ( 4397): Found record size    78 interface 412B6F38 already in cache:   78 5.4.5.A.3.0.E.F.F.F.E.0.D.6.2.0.0.0.0.0.0.0.0.0.0.0.0.0.0.8.E.F.ip6.arpa. NSEC PTR 
11-28 15:15:54.497 D/mdns    ( 4397): mDNS_Execute
11-28 15:15:54.497 D/mdns    ( 4397): mDNS_Execute: Setting NewLocalRecords to NULL
11-28 15:15:54.507 D/cocos2d-x debug info(14128): trace_frame: 60.015266
11-28 15:15:54.617 D/cocos2d-x debug info(14128): trace_frame: 60.046665
11-28 15:15:54.717 D/cocos2d-x debug info(14128): trace_frame: 59.985607
11-28 15:15:54.797 D/mdns    ( 4397): SocketDataReady got a packet from 172.16.13.59 to 224.0.0.251 on interface 172.16.13.147/wlan0/7/248
11-28 15:15:54.797 D/mdns    ( 4397): Received Response from 172.16.13.59    addressed to 224.0.0.251     on 412B6F38 with  0 Questions,  2 Answers,  0 Authorities,  3 Additionals 123 bytes LLQType 0
11-28 15:15:54.797 W/jmdns   (22184): There was an OPT answer. Not currently handled. Option code: 65002 data: 85CEBCE10CFCD139
11-28 15:15:54.797 D/mdns    ( 4397): SocketDataReady got a packet from FE80:0000:0000:0000:1025:C7A8:2910:3D29 to FF02:0000:0000:0000:0000:0000:0000:00FB on interface 172.16.13.147/wlan0/7/249
11-28 15:15:54.797 D/mdns    ( 4397): Received Response from FE80:0000:0000:0000:1025:C7A8:2910:3D29 addressed to FF02:0000:0000:0000:0000:0000:0000:00FB on 412B6F38 with  0 Questions,  2 Answers,  0 Authorities,  3 Additionals 123 bytes LLQType 0
11-28 15:15:54.817 D/cocos2d-x debug info(14128): trace_frame: 59.972412
11-28 15:15:54.937 D/cocos2d-x debug info(14128): trace_frame: 60.034309
11-28 15:15:55.057 D/cocos2d-x debug info(14128): trace_frame: 60.022465
11-28 15:15:55.157 D/cocos2d-x debug info(14128): trace_frame: 59.990402
11-28 15:15:55.217 D/mdns    ( 4397): SocketDataReady got a packet from 172.16.13.59 to 224.0.0.251 on interface 172.16.13.147/wlan0/7/248
11-28 15:15:55.217 D/mdns    ( 4397): Received Query from 172.16.13.59   :5353  to 224.0.0.251    :5353  on 0x412B6F38 with  3 Questions,  0 Answers, 11 Authorities,  1 Additional  381 bytes
11-28 15:15:55.217 D/mdns    ( 4397): SocketDataReady got a packet from FE80:0000:0000:0000:1025:C7A8:2910:3D29 to FF02:0000:0000:0000:0000:0000:0000:00FB on interface 172.16.13.147/wlan0/7/249
11-28 15:15:55.217 D/mdns    ( 4397): Received Query from FE80:0000:0000:0000:1025:C7A8:2910:3D29:5353  to FF02:0000:0000:0000:0000:0000:0000:00FB:5353  on 0x412B6F38 with  3 Questions,  0 Answers, 11 Authorities,  1 Additional  381 bytes
11-28 15:15:55.217 W/jmdns   (22184): There was an OPT answer. Not currently handled. Option code: 65002 data: 85CEBCE10CFCD139
11-28 15:15:55.257 D/cocos2d-x debug info(14128): trace_frame: 59.992203
11-28 15:15:55.297 D/mdns    ( 4397): mDNS_Execute
11-28 15:15:55.297 D/mdns    ( 4397): mDNS_Execute: Setting NewLocalRecords to NULL
11-28 15:15:55.367 D/cocos2d-x debug info(14128): trace_frame: 59.979267
11-28 15:15:55.487 D/cocos2d-x debug info(14128): trace_frame: 60.012688
11-28 15:15:55.587 D/cocos2d-x debug info(14128): trace_frame: 59.956829
11-28 15:15:55.707 D/cocos2d-x debug info(14128): trace_frame: 60.015259
11-28 15:15:55.817 D/cocos2d-x debug info(14128): trace_frame: 60.035847
11-28 15:15:55.827 D/mdns    ( 4397): SocketDataReady got a packet from 172.16.13.59 to 224.0.0.251 on interface 172.16.13.147/wlan0/7/248
11-28 15:15:55.827 D/mdns    ( 4397): Received Response from 172.16.13.59    addressed to 224.0.0.251     on 412B6F38 with  0 Questions, 11 Answers,  0 Authorities,  1 Additional  370 bytes LLQType 0
11-28 15:15:55.827 D/mdns    ( 4397): Found record size    71 interface 412B6F38 already in cache:   71 _apple-mobdev2._tcp.local. PTR 60:d9:c7:73:1f:8c@fe80::62d9:c7ff:fe73:1f8c._apple-mobdev2._tcp.local.
11-28 15:15:55.827 D/mdns    ( 4397): Found record size    71 interface 412B6F38 already in cache:   71 3be004d4._sub._apple-mobdev2._tcp.local. PTR 60:d9:c7:73:1f:8c@fe80::62d9:c7ff:fe73:1f8c._apple-mobdev2._tcp.local.
11-28 15:15:55.827 D/mdns    ( 4397): Found record size    71 interface 412B6F38 already in cache:   71 4210051d._sub._apple-mobdev2._tcp.local. PTR 60:d9:c7:73:1f:8c@fe80::62d9:c7ff:fe73:1f8c._apple-mobdev2._tcp.local.
11-28 15:15:55.827 D/mdns    ( 4397): Found record size    71 interface 412B6F38 already in cache:   71 46ed053e._sub._apple-mobdev2._tcp.local. PTR 60:d9:c7:73:1f:8c@fe80::62d9:c7ff:fe73:1f8c._apple-mobdev2._tcp.local.
11-28 15:15:55.827 D/mdns    ( 4397): Found record size    71 interface 412B6F38 already in cache:   71 470e053c._sub._apple-mobdev2._tcp.local. PTR 60:d9:c7:73:1f:8c@fe80::62d9:c7ff:fe73:1f8c._apple-mobdev2._tcp.local.
11-28 15:15:55.827 D/mdns    ( 4397): Found record size    71 interface 412B6F38 already in cache:   71 4cac0582._sub._apple-mobdev2._tcp.local. PTR 60:d9:c7:73:1f:8c@fe80::62d9:c7ff:fe73:1f8c._apple-mobdev2._tcp.local.
11-28 15:15:55.827 D/mdns    ( 4397): Found record size    71 interface 412B6F38 already in cache:   71 41660509._sub._apple-mobdev2._tcp.local. PTR 60:d9:c7:73:1f:8c@fe80::62d9:c7ff:fe73:1f8c._apple-mobdev2._tcp.local.
11-28 15:15:55.827 D/mdns    ( 4397): SocketDataReady got a packet from FE80:0000:0000:0000:1025:C7A8:2910:3D29 to FF02:0000:0000:0000:0000:0000:0000:00FB on interface 172.16.13.147/wlan0/7/249
11-28 15:15:55.827 D/mdns    ( 4397): Received Response from FE80:0000:0000:0000:1025:C7A8:2910:3D29 addressed to FF02:0000:0000:0000:0000:0000:0000:00FB on 412B6F38 with  0 Questions, 11 Answers,  0 Authorities,  1 Additional  370 bytes LLQType 0
11-28 15:15:55.827 D/mdns    ( 4397): Found record size    71 interface 412B6F38 already in cache:   71 _apple-mobdev2._tcp.local. PTR 60:d9:c7:73:1f:8c@fe80::62d9:c7ff:fe73:1f8c._apple-mobdev2._tcp.local.
11-28 15:15:55.827 D/mdns    ( 4397): Found record size    71 interface 412B6F38 already in cache:   71 3be004d4._sub._apple-mobdev2._tcp.local. PTR 60:d9:c7:73:1f:8c@fe80::62d9:c7ff:fe73:1f8c._apple-mobdev2._tcp.local.
11-28 15:15:55.827 D/mdns    ( 4397): Found record size    71 interface 412B6F38 already in cache:   71 4210051d._sub._apple-mobdev2._tcp.local. PTR 60:d9:c7:73:1f:8c@fe80::62d9:c7ff:fe73:1f8c._apple-mobdev2._tcp.local.
11-28 15:15:55.827 D/mdns    ( 4397): Found record size    71 interface 412B6F38 already in cache:   71 46ed053e._sub._apple-mobdev2._tcp.local. PTR 60:d9:c7:73:1f:8c@fe80::62d9:c7ff:fe73:1f8c._apple-mobdev2._tcp.local.
11-28 15:15:55.827 D/mdns    ( 4397): Found record size    71 interface 412B6F38 already in cache:   71 470e053c._sub._apple-mobdev2._tcp.local. PTR 60:d9:c7:73:1f:8c@fe80::62d9:c7ff:fe73:1f8c._apple-mobdev2._tcp.local.
11-28 15:15:55.827 D/mdns    ( 4397): Found record size    71 interface 412B6F38 already in cache:   71 4cac0582._sub._apple-mobdev2._tcp.local. PTR 60:d9:c7:73:1f:8c@fe80::62d9:c7ff:fe73:1f8c._apple-mobdev2._tcp.local.
11-28 15:15:55.827 D/mdns    ( 4397): Found record size    71 interface 412B6F38 already in cache:   71 41660509._sub._apple-mobdev2._tcp.local. PTR 60:d9:c7:73:1f:8c@fe80::62d9:c7ff:fe73:1f8c._apple-mobdev2._tcp.local.
11-28 15:15:55.837 D/mdns    ( 4397): SocketDataReady got a packet from 172.16.13.59 to 224.0.0.251 on interface 172.16.13.147/wlan0/7/248
11-28 15:15:55.837 D/mdns    ( 4397): Received Query from 172.16.13.59   :5353  to 224.0.0.251    :5353  on 0x412B6F38 with  4 Questions,  0 Answers, 12 Authorities,  1 Additional  473 bytes
11-28 15:15:55.837 D/mdns    ( 4397): SocketDataReady got a packet from FE80:0000:0000:0000:1025:C7A8:2910:3D29 to FF02:0000:0000:0000:0000:0000:0000:00FB on interface 172.16.13.147/wlan0/7/249
11-28 15:15:55.837 D/mdns    ( 4397): Received Query from FE80:0000:0000:0000:1025:C7A8:2910:3D29:5353  to FF02:0000:0000:0000:0000:0000:0000:00FB:5353  on 0x412B6F38 with  4 Questions,  0 Answers, 12 Authorities,  1 Additional  473 bytes
11-28 15:15:55.847 D/mdns    ( 4397): SocketDataReady got a packet from 172.16.13.59 to 224.0.0.251 on interface 172.16.13.147/wlan0/7/248
11-28 15:15:55.847 D/mdns    ( 4397): Received Response from 172.16.13.59    addressed to 224.0.0.251     on 412B6F38 with  0 Questions,  1 Answer,   0 Authorities,  1 Additional  121 bytes LLQType 0
11-28 15:15:55.847 D/mdns    ( 4397): SocketDataReady got a packet from FE80:0000:0000:0000:1025:C7A8:2910:3D29 to FF02:0000:0000:0000:0000:0000:0000:00FB on interface 172.16.13.147/wlan0/7/249
11-28 15:15:55.847 D/mdns    ( 4397): Received Response from FE80:0000:0000:0000:1025:C7A8:2910:3D29 addressed to FF02:0000:0000:0000:0000:0000:0000:00FB on 412B6F38 with  0 Questions,  1 Answer,   0 Authorities,  1 Additional  121 bytes LLQType 0
11-28 15:15:55.847 W/jmdns   (22184): There was an OPT answer. Not currently handled. Option code: 65002 data: 85CEBCE10CFCD139
11-28 15:15:55.847 D/mdns    ( 4397): SocketDataReady got a packet from 172.16.13.59 to 224.0.0.251 on interface 172.16.13.147/wlan0/7/248
11-28 15:15:55.847 D/mdns    ( 4397): Received Query from 172.16.13.59   :5353  to 224.0.0.251    :5353  on 0x412B6F38 with  4 Questions,  0 Answers, 12 Authorities,  1 Additional  473 bytes
11-28 15:15:55.857 D/mdns    ( 4397): SocketDataReady got a packet from FE80:0000:0000:0000:1025:C7A8:2910:3D29 to FF02:0000:0000:0000:0000:0000:0000:00FB on interface 172.16.13.147/wlan0/7/249
11-28 15:15:55.857 D/mdns    ( 4397): Received Query from FE80:0000:0000:0000:1025:C7A8:2910:3D29:5353  to FF02:0000:0000:0000:0000:0000:0000:00FB:5353  on 0x412B6F38 with  4 Questions,  0 Answers, 12 Authorities,  1 Additional  473 bytes
11-28 15:15:55.857 D/mdns    ( 4397): SocketDataReady got a packet from 172.16.13.59 to 224.0.0.251 on interface 172.16.13.147/wlan0/7/248
11-28 15:15:55.857 D/mdns    ( 4397): Received Response from 172.16.13.59    addressed to 224.0.0.251     on 412B6F38 with  0 Questions,  1 Answer,   0 Authorities,  1 Additional  51 bytes LLQType 0
11-28 15:15:55.857 D/mdns    ( 4397): SocketDataReady got a packet from 172.16.13.59 to 224.0.0.251 on interface 172.16.13.147/wlan0/7/248
11-28 15:15:55.857 D/mdns    ( 4397): Received Response from 172.16.13.59    addressed to 224.0.0.251     on 412B6F38 with  0 Questions,  3 Answers,  0 Authorities,  1 Additional  176 bytes LLQType 0
11-28 15:15:55.857 D/mdns    ( 4397): SocketDataReady got a packet from FE80:0000:0000:0000:1025:C7A8:2910:3D29 to FF02:0000:0000:0000:0000:0000:0000:00FB on interface 172.16.13.147/wlan0/7/249
11-28 15:15:55.857 D/mdns    ( 4397): Received Response from FE80:0000:0000:0000:1025:C7A8:2910:3D29 addressed to FF02:0000:0000:0000:0000:0000:0000:00FB on 412B6F38 with  0 Questions,  1 Answer,   0 Authorities,  1 Additional  51 bytes LLQType 0
11-28 15:15:55.857 D/mdns    ( 4397): SocketDataReady got a packet from FE80:0000:0000:0000:1025:C7A8:2910:3D29 to FF02:0000:0000:0000:0000:0000:0000:00FB on interface 172.16.13.147/wlan0/7/249
11-28 15:15:55.857 D/mdns    ( 4397): Received Response from FE80:0000:0000:0000:1025:C7A8:2910:3D29 addressed to FF02:0000:0000:0000:0000:0000:0000:00FB on 412B6F38 with  0 Questions,  3 Answers,  0 Authorities,  1 Additional  176 bytes LLQType 0
11-28 15:15:55.867 W/jmdns   (22184): There was an OPT answer. Not currently handled. Option code: 65002 data: 85CEBCE10CFCD139
11-28 15:15:55.887 D/dalvikvm(22184): GC_CONCURRENT freed 795K, 18% free 6666K/8128K, paused 2ms+5ms, total 54ms
11-28 15:15:55.887 D/dalvikvm(22184): WAIT_FOR_CONCURRENT_GC blocked 12ms
11-28 15:15:55.887 W/jmdns   (22184): There was an OPT answer. Not currently handled. Option code: 65002 data: 85CEBCE10CFCD139
11-28 15:15:55.897 W/jmdns   (22184): There was an OPT answer. Not currently handled. Option code: 65002 data: 85CEBCE10CFCD139
11-28 15:15:55.907 W/jmdns   (22184): There was an OPT answer. Not currently handled. Option code: 65002 data: 85CEBCE10CFCD139
11-28 15:15:55.907 W/jmdns   (22184): There was an OPT answer. Not currently handled. Option code: 65002 data: 85CEBCE10CFCD139
11-28 15:15:55.907 D/mdns    ( 4397): mDNS_Execute
11-28 15:15:55.907 D/mdns    ( 4397): mDNS_Execute: Setting NewLocalRecords to NULL
11-28 15:15:55.917 D/cocos2d-x debug info(14128): trace_frame: 59.809208
11-28 15:15:56.027 D/mdns    ( 4397): SocketDataReady got a packet from 172.16.13.59 to 224.0.0.251 on interface 172.16.13.147/wlan0/7/248
11-28 15:15:56.027 D/mdns    ( 4397): Received Response from 172.16.13.59    addressed to 224.0.0.251     on 412B6F38 with  0 Questions,  1 Answer,   0 Authorities,  1 Additional  51 bytes LLQType 0
11-28 15:15:56.027 W/jmdns   (22184): There was an OPT answer. Not currently handled. Option code: 65002 data: 85CEBCE10CFCD139
11-28 15:15:56.027 D/mdns    ( 4397): SocketDataReady got a packet from FE80:0000:0000:0000:1025:C7A8:2910:3D29 to FF02:0000:0000:0000:0000:0000:0000:00FB on interface 172.16.13.147/wlan0/7/249
11-28 15:15:56.027 D/mdns    ( 4397): Received Response from FE80:0000:0000:0000:1025:C7A8:2910:3D29 addressed to FF02:0000:0000:0000:0000:0000:0000:00FB on 412B6F38 with  0 Questions,  1 Answer,   0 Authorities,  1 Additional  51 bytes LLQType 0
11-28 15:15:56.037 D/mdns    ( 4397): SocketDataReady got a packet from 172.16.13.59 to 224.0.0.251 on interface 172.16.13.147/wlan0/7/248
11-28 15:15:56.037 D/mdns    ( 4397): Received Query from 172.16.13.59   :5353  to 224.0.0.251    :5353  on 0x412B6F38 with  1 Question,   0 Answers,  1 Authority,    1 Additional  127 bytes
11-28 15:15:56.037 D/mdns    ( 4397): SocketDataReady got a packet from FE80:0000:0000:0000:1025:C7A8:2910:3D29 to FF02:0000:0000:0000:0000:0000:0000:00FB on interface 172.16.13.147/wlan0/7/249
11-28 15:15:56.037 D/mdns    ( 4397): Received Query from FE80:0000:0000:0000:1025:C7A8:2910:3D29:5353  to FF02:0000:0000:0000:0000:0000:0000:00FB:5353  on 0x412B6F38 with  1 Question,   0 Answers,  1 Authority,    1 Additional  127 bytes
11-28 15:15:56.037 W/jmdns   (22184): There was an OPT answer. Not currently handled. Option code: 65002 data: 85CEBCE10CFCD139
11-28 15:15:56.037 D/cocos2d-x debug info(14128): trace_frame: 58.951328
11-28 15:15:56.107 D/mdns    ( 4397): mDNS_Execute
11-28 15:15:56.107 D/mdns    ( 4397): mDNS_Execute: Setting NewLocalRecords to NULL
11-28 15:15:56.157 D/cocos2d-x debug info(14128): trace_frame: 61.211823
--------- beginning of /dev/log/system
11-28 15:15:56.227 W/ThrottleService( 2370): unable to find stats for iface rmnet0
11-28 15:15:56.257 D/cocos2d-x debug info(14128): trace_frame: 59.881435
11-28 15:15:56.367 D/cocos2d-x debug info(14128): trace_frame: 60.078613
11-28 15:15:56.487 D/cocos2d-x debug info(14128): trace_frame: 60.047180
11-28 15:15:56.607 D/cocos2d-x debug info(14128): trace_frame: 60.017834
11-28 15:15:56.647 D/mdns    ( 4397): SocketDataReady got a packet from 172.16.13.14 to 224.0.0.251 on interface 172.16.13.147/wlan0/7/248
11-28 15:15:56.647 D/mdns    ( 4397): Received Response from 172.16.13.14    addressed to 224.0.0.251     on 412B6F38 with  0 Questions,  3 Answers,  0 Authorities,  0 Additionals 202 bytes LLQType 0
11-28 15:15:56.657 D/mdns    ( 4397): SocketDataReady got a packet from 172.16.13.59 to 224.0.0.251 on interface 172.16.13.147/wlan0/7/248
11-28 15:15:56.657 D/mdns    ( 4397): Received Query from 172.16.13.59   :5353  to 224.0.0.251    :5353  on 0x412B6F38 with  1 Question,   0 Answers,  1 Authority,    1 Additional  80 bytes
11-28 15:15:56.657 W/jmdns   (22184): There was an OPT answer. Not currently handled. Option code: 65002 data: 85CEBCE10CFCD139
11-28 15:15:56.717 D/cocos2d-x debug info(14128): trace_frame: 59.983887
11-28 15:15:56.727 D/mdns    ( 4397): mDNS_Execute
11-28 15:15:56.727 D/mdns    ( 4397): mDNS_Execute: Setting NewLocalRecords to NULL
11-28 15:15:56.817 D/cocos2d-x debug info(14128): trace_frame: 59.927483
11-28 15:15:56.867 D/mdns    ( 4397): SocketDataReady got a packet from FE80:0000:0000:0000:1025:C7A8:2910:3D29 to FF02:0000:0000:0000:0000:0000:0000:00FB on interface 172.16.13.147/wlan0/7/249
11-28 15:15:56.867 D/mdns    ( 4397): Received Query from FE80:0000:0000:0000:1025:C7A8:2910:3D29:5353  to FF02:0000:0000:0000:0000:0000:0000:00FB:5353  on 0x412B6F38 with  1 Question,   0 Answers,  1 Authority,    1 Additional  80 bytes
11-28 15:15:56.917 D/mdns    ( 4397): mDNS_Execute
11-28 15:15:56.917 D/mdns    ( 4397): mDNS_Execute: Setting NewLocalRecords to NULL
11-28 15:15:56.927 D/cocos2d-x debug info(14128): trace_frame: 59.940063
11-28 15:15:57.037 D/cocos2d-x debug info(14128): trace_frame: 60.033287
11-28 15:15:57.157 D/cocos2d-x debug info(14128): trace_frame: 60.089962
11-28 15:15:57.267 D/mdns    ( 4397): SocketDataReady got a packet from 172.16.13.59 to 224.0.0.251 on interface 172.16.13.147/wlan0/7/248
11-28 15:15:57.267 D/mdns    ( 4397): Received Query from 172.16.13.59   :5353  to 224.0.0.251    :5353  on 0x412B6F38 with  3 Questions,  0 Answers, 10 Authorities,  1 Additional  376 bytes
11-28 15:15:57.267 D/mdns    ( 4397): SocketDataReady got a packet from FE80:0000:0000:0000:1025:C7A8:2910:3D29 to FF02:0000:0000:0000:0000:0000:0000:00FB on interface 172.16.13.147/wlan0/7/249
11-28 15:15:57.267 D/mdns    ( 4397): Received Query from FE80:0000:0000:0000:1025:C7A8:2910:3D29:5353  to FF02:0000:0000:0000:0000:0000:0000:00FB:5353  on 0x412B6F38 with  3 Questions,  0 Answers, 10 Authorities,  1 Additional  376 bytes
11-28 15:15:57.277 W/jmdns   (22184): There was an OPT answer. Not currently handled. Option code: 65002 data: 85CEBCE10CFCD139
11-28 15:15:57.277 D/cocos2d-x debug info(14128): trace_frame: 59.077713
11-28 15:15:57.277 D/mdns    ( 4397): SocketDataReady got a packet from 172.16.13.59 to 224.0.0.251 on interface 172.16.13.147/wlan0/7/248
11-28 15:15:57.277 D/mdns    ( 4397): Received Response from 172.16.13.59    addressed to 224.0.0.251     on 412B6F38 with  0 Questions, 11 Answers,  0 Authorities,  1 Additional  370 bytes LLQType 0
11-28 15:15:57.277 D/mdns    ( 4397): Found record size    71 interface 412B6F38 already in cache:   71 _apple-mobdev2._tcp.local. PTR 60:d9:c7:73:1f:8c@fe80::62d9:c7ff:fe73:1f8c._apple-mobdev2._tcp.local.
11-28 15:15:57.277 D/mdns    ( 4397): Found record size    71 interface 412B6F38 already in cache:   71 3be004d4._sub._apple-mobdev2._tcp.local. PTR 60:d9:c7:73:1f:8c@fe80::62d9:c7ff:fe73:1f8c._apple-mobdev2._tcp.local.
11-28 15:15:57.277 D/mdns    ( 4397): Found record size    71 interface 412B6F38 already in cache:   71 4210051d._sub._apple-mobdev2._tcp.local. PTR 60:d9:c7:73:1f:8c@fe80::62d9:c7ff:fe73:1f8c._apple-mobdev2._tcp.local.
11-28 15:15:57.277 D/mdns    ( 4397): Found record size    71 interface 412B6F38 already in cache:   71 46ed053e._sub._apple-mobdev2._tcp.local. PTR 60:d9:c7:73:1f:8c@fe80::62d9:c7ff:fe73:1f8c._apple-mobdev2._tcp.local.
11-28 15:15:57.277 D/mdns    ( 4397): Found record size    71 interface 412B6F38 already in cache:   71 470e053c._sub._apple-mobdev2._tcp.local. PTR 60:d9:c7:73:1f:8c@fe80::62d9:c7ff:fe73:1f8c._apple-mobdev2._tcp.local.
11-28 15:15:57.277 D/mdns    ( 4397): Found record size    71 interface 412B6F38 already in cache:   71 4cac0582._sub._apple-mobdev2._tcp.local. PTR 60:d9:c7:73:1f:8c@fe80::62d9:c7ff:fe73:1f8c._apple-mobdev2._tcp.local.
11-28 15:15:57.277 D/mdns    ( 4397): Found record size    71 interface 412B6F38 already in cache:   71 41660509._sub._apple-mobdev2._tcp.local. PTR 60:d9:c7:73:1f:8c@fe80::62d9:c7ff:fe73:1f8c._apple-mobdev2._tcp.local.
11-28 15:15:57.277 D/mdns    ( 4397): SocketDataReady got a packet from FE80:0000:0000:0000:1025:C7A8:2910:3D29 to FF02:0000:0000:0000:0000:0000:0000:00FB on interface 172.16.13.147/wlan0/7/249
11-28 15:15:57.277 D/mdns    ( 4397): Received Response from FE80:0000:0000:0000:1025:C7A8:2910:3D29 addressed to FF02:0000:0000:0000:0000:0000:0000:00FB on 412B6F38 with  0 Questions, 11 Answers,  0 Authorities,  1 Additional  370 bytes LLQType 0
11-28 15:15:57.277 D/mdns    ( 4397): Found record size    71 interface 412B6F38 already in cache:   71 _apple-mobdev2._tcp.local. PTR 60:d9:c7:73:1f:8c@fe80::62d9:c7ff:fe73:1f8c._apple-mobdev2._tcp.local.
11-28 15:15:57.277 D/mdns    ( 4397): Found record size    71 interface 412B6F38 already in cache:   71 3be004d4._sub._apple-mobdev2._tcp.local. PTR 60:d9:c7:73:1f:8c@fe80::62d9:c7ff:fe73:1f8c._apple-mobdev2._tcp.local.
11-28 15:15:57.277 D/mdns    ( 4397): Found record size    71 interface 412B6F38 already in cache:   71 4210051d._sub._apple-mobdev2._tcp.local. PTR 60:d9:c7:73:1f:8c@fe80::62d9:c7ff:fe73:1f8c._apple-mobdev2._tcp.local.
11-28 15:15:57.277 D/mdns    ( 4397): Found record size    71 interface 412B6F38 already in cache:   71 46ed053e._sub._apple-mobdev2._tcp.local. PTR 60:d9:c7:73:1f:8c@fe80::62d9:c7ff:fe73:1f8c._apple-mobdev2._tcp.local.
11-28 15:15:57.277 D/mdns    ( 4397): Found record size    71 interface 412B6F38 already in cache:   71 470e053c._sub._apple-mobdev2._tcp.local. PTR 60:d9:c7:73:1f:8c@fe80::62d9:c7ff:fe73:1f8c._apple-mobdev2._tcp.local.
11-28 15:15:57.277 D/mdns    ( 4397): Found record size    71 interface 412B6F38 already in cache:   71 4cac0582._sub._apple-mobdev2._tcp.local. PTR 60:d9:c7:73:1f:8c@fe80::62d9:c7ff:fe73:1f8c._apple-mobdev2._tcp.local.
11-28 15:15:57.277 D/mdns    ( 4397): Found record size    71 interface 412B6F38 already in cache:   71 41660509._sub._apple-mobdev2._tcp.local. PTR 60:d9:c7:73:1f:8c@fe80::62d9:c7ff:fe73:1f8c._apple-mobdev2._tcp.local.
11-28 15:15:57.287 W/jmdns   (22184): There was an OPT answer. Not currently handled. Option code: 65002 data: 85CEBCE10CFCD139
11-28 15:15:57.377 D/mdns    ( 4397): mDNS_Execute
11-28 15:15:57.377 D/mdns    ( 4397): mDNS_Execute: Setting NewLocalRecords to NULL
11-28 15:15:57.387 D/cocos2d-x debug info(14128): trace_frame: 60.877502
11-28 15:15:57.467 D/mdns    ( 4397): SocketDataReady got a packet from 172.16.13.59 to 224.0.0.251 on interface 172.16.13.147/wlan0/7/248
11-28 15:15:57.467 D/mdns    ( 4397): Received Query from 172.16.13.59   :5353  to 224.0.0.251    :5353  on 0x412B6F38 with  5 Questions,  0 Answers, 13 Authorities,  1 Additional  514 bytes
11-28 15:15:57.477 D/mdns    ( 4397): SocketDataReady got a packet from FE80:0000:0000:0000:1025:C7A8:2910:3D29 to FF02:0000:0000:0000:0000:0000:0000:00FB on interface 172.16.13.147/wlan0/7/249
11-28 15:15:57.477 D/mdns    ( 4397): Received Query from FE80:0000:0000:0000:1025:C7A8:2910:3D29:5353  to FF02:0000:0000:0000:0000:0000:0000:00FB:5353  on 0x412B6F38 with  5 Questions,  0 Answers, 13 Authorities,  1 Additional  514 bytes
11-28 15:15:57.477 D/mdns    ( 4397): SocketDataReady got a packet from 172.16.13.59 to 224.0.0.251 on interface 172.16.13.147/wlan0/7/248
11-28 15:15:57.477 D/mdns    ( 4397): Received Response from 172.16.13.59    addressed to 224.0.0.251     on 412B6F38 with  0 Questions,  1 Answer,   0 Authorities,  1 Additional  74 bytes LLQType 0
11-28 15:15:57.477 D/mdns    ( 4397): SocketDataReady got a packet from FE80:0000:0000:0000:1025:C7A8:2910:3D29 to FF02:0000:0000:0000:0000:0000:0000:00FB on interface 172.16.13.147/wlan0/7/249
11-28 15:15:57.477 D/mdns    ( 4397): Received Response from FE80:0000:0000:0000:1025:C7A8:2910:3D29 addressed to FF02:0000:0000:0000:0000:0000:0000:00FB on 412B6F38 with  0 Questions,  1 Answer,   0 Authorities,  1 Additional  74 bytes LLQType 0
11-28 15:15:57.477 W/jmdns   (22184): There was an OPT answer. Not currently handled. Option code: 65002 data: 85CEBCE10CFCD139
11-28 15:15:57.487 W/jmdns   (22184): There was an OPT answer. Not currently handled. Option code: 65002 data: 85CEBCE10CFCD139
11-28 15:15:57.487 D/cocos2d-x debug info(14128): trace_frame: 59.699116
11-28 15:15:57.557 D/mdns    ( 4397): mDNS_Execute
11-28 15:15:57.557 D/mdns    ( 4397): mDNS_Execute: Setting NewLocalRecords to NULL
11-28 15:15:57.607 D/cocos2d-x debug info(14128): trace_frame: 60.345345
11-28 15:15:57.677 D/mdns    ( 4397): SocketDataReady got a packet from FE80:0000:0000:0000:1025:C7A8:2910:3D29 to FF02:0000:0000:0000:0000:0000:0000:00FB on interface 172.16.13.147/wlan0/7/249
11-28 15:15:57.677 D/mdns    ( 4397): Received Query from FE80:0000:0000:0000:1025:C7A8:2910:3D29:5353  to FF02:0000:0000:0000:0000:0000:0000:00FB:5353  on 0x412B6F38 with  5 Questions,  0 Answers, 13 Authorities,  1 Additional  514 bytes
11-28 15:15:57.707 D/cocos2d-x debug info(14128): trace_frame: 59.922695
11-28 15:15:57.717 D/mdns    ( 4397): mDNS_Execute
11-28 15:15:57.717 D/mdns    ( 4397): mDNS_Execute: Setting NewLocalRecords to NULL
11-28 15:15:57.807 D/cocos2d-x debug info(14128): trace_frame: 59.986801
11-28 15:15:57.867 D/mdns    ( 4397): SocketDataReady got a packet from 172.16.13.203 to 224.0.0.251 on interface 172.16.13.147/wlan0/7/248
11-28 15:15:57.867 D/mdns    ( 4397): Received Response from 172.16.13.203   addressed to 224.0.0.251     on 412B6F38 with  0 Questions,  3 Answers,  0 Authorities,  0 Additionals 329 bytes LLQType 0
11-28 15:15:57.917 D/cocos2d-x debug info(14128): trace_frame: 60.064701
11-28 15:15:58.017 D/cocos2d-x debug info(14128): trace_frame: 59.989784
11-28 15:15:58.077 D/mdns    ( 4397): SocketDataReady got a packet from 172.16.13.59 to 224.0.0.251 on interface 172.16.13.147/wlan0/7/248
11-28 15:15:58.077 D/mdns    ( 4397): Received Query from 172.16.13.59   :5353  to 224.0.0.251    :5353  on 0x412B6F38 with  3 Questions,  0 Answers,  4 Authorities,  1 Additional  218 bytes
11-28 15:15:58.087 D/mdns    ( 4397): SocketDataReady got a packet from FE80:0000:0000:0000:1025:C7A8:2910:3D29 to FF02:0000:0000:0000:0000:0000:0000:00FB on interface 172.16.13.147/wlan0/7/249
11-28 15:15:58.087 D/mdns    ( 4397): Received Query from FE80:0000:0000:0000:1025:C7A8:2910:3D29:5353  to FF02:0000:0000:0000:0000:0000:0000:00FB:5353  on 0x412B6F38 with  3 Questions,  0 Answers,  4 Authorities,  1 Additional  218 bytes
11-28 15:15:58.087 W/jmdns   (22184): There was an OPT answer. Not currently handled. Option code: 65002 data: 85CEBCE10CFCD139
11-28 15:15:58.137 D/cocos2d-x debug info(14128): trace_frame: 59.879215
11-28 15:15:58.157 D/mdns    ( 4397): mDNS_Execute
11-28 15:15:58.157 D/mdns    ( 4397): mDNS_Execute: Setting NewLocalRecords to NULL
11-28 15:15:58.257 D/cocos2d-x debug info(14128): trace_frame: 60.118870
11-28 15:15:58.277 D/mdns    ( 4397): SocketDataReady got a packet from 172.16.13.59 to 224.0.0.251 on interface 172.16.13.147/wlan0/7/248
11-28 15:15:58.277 D/mdns    ( 4397): Received Response from 172.16.13.59    addressed to 224.0.0.251     on 412B6F38 with  0 Questions,  2 Answers,  0 Authorities,  1 Additional  156 bytes LLQType 0
11-28 15:15:58.277 D/mdns    ( 4397): SocketDataReady got a packet from FE80:0000:0000:0000:1025:C7A8:2910:3D29 to FF02:0000:0000:0000:0000:0000:0000:00FB on interface 172.16.13.147/wlan0/7/249
11-28 15:15:58.277 D/mdns    ( 4397): Received Response from FE80:0000:0000:0000:1025:C7A8:2910:3D29 addressed to FF02:0000:0000:0000:0000:0000:0000:00FB on 412B6F38 with  0 Questions,  2 Answers,  0 Authorities,  1 Additional  156 bytes LLQType 0
11-28 15:15:58.287 W/jmdns   (22184): There was an OPT answer. Not currently handled. Option code: 65002 data: 85CEBCE10CFCD139
11-28 15:15:58.297 D/launcher_auto(14128): launcher_auto: stop logcat 
11-28 15:15:58.297 D/launcher_auto(14128): launcher_auto: exec admin command -> cp /data/data/tv.fun.launcher/files/robotium/FramesLog_01_Baseline /data/data/tv.fun.launcher/files/robotium/FramesLog_01_Baseline.log
11-28 15:15:58.337 W/System.err(14128): java.io.SyncFailedException: fsync failed: EINVAL (Invalid argument)
11-28 15:15:58.337 W/System.err(14128): 	at java.io.FileDescriptor.sync(FileDescriptor.java:77)
11-28 15:15:58.337 W/System.err(14128): 	at java.io.FileOutputStream.flush(FileOutputStream.java:194)
11-28 15:15:58.337 W/System.err(14128): 	at java.io.OutputStreamWriter.flushBytes(OutputStreamWriter.java:171)
11-28 15:15:58.337 W/System.err(14128): 	at java.io.OutputStreamWriter.flush(OutputStreamWriter.java:158)
11-28 15:15:58.337 W/System.err(14128): 	at java.io.PrintWriter.flush(PrintWriter.java:253)
11-28 15:15:58.337 W/System.err(14128): 	at tv.fun.launcher.testutils.TestUtils.execAdminCmd(TestUtils.java:37)
11-28 15:15:58.347 W/System.err(14128): 	at tv.fun.launcher.testutils.TestUtils.stopLogcat(TestUtils.java:55)
11-28 15:15:58.347 W/System.err(14128): 	at tv.fun.launcher.test.TestLauncherFrames.TestFramesBaseline(TestLauncherFrames.java:78)
11-28 15:15:58.347 W/System.err(14128): 	at java.lang.reflect.Method.invokeNative(Native Method)
11-28 15:15:58.347 W/System.err(14128): 	at java.lang.reflect.Method.invoke(Method.java:511)
11-28 15:15:58.347 W/System.err(14128): 	at android.test.InstrumentationTestCase.runMethod(InstrumentationTestCase.java:214)
11-28 15:15:58.347 W/System.err(14128): 	at android.test.InstrumentationTestCase.runTest(InstrumentationTestCase.java:199)
11-28 15:15:58.357 W/System.err(14128): 	at android.test.ActivityInstrumentationTestCase2.runTest(ActivityInstrumentationTestCase2.java:192)
11-28 15:15:58.357 W/System.err(14128): 	at junit.framework.TestCase.runBare(TestCase.java:134)
11-28 15:15:58.357 W/System.err(14128): 	at junit.framework.TestResult$1.protect(TestResult.java:115)
11-28 15:15:58.357 E/su-binary(15473): ----su-----
11-28 15:15:58.357 W/System.err(14128): 	at junit.framework.TestResult.runProtected(TestResult.java:133)
11-28 15:15:58.357 W/System.err(14128): 	at junit.framework.TestResult.run(TestResult.java:118)
11-28 15:15:58.357 W/System.err(14128): 	at junit.framework.TestCase.run(TestCase.java:124)
11-28 15:15:58.357 W/System.err(14128): 	at android.test.AndroidTestRunner.runTest(AndroidTestRunner.java:190)
11-28 15:15:58.367 W/System.err(14128): 	at android.test.AndroidTestRunner.runTest(AndroidTestRunner.java:175)
11-28 15:15:58.367 D/cocos2d-x debug info(14128): trace_frame: 55.059513
11-28 15:15:58.367 W/System.err(14128): 	at android.test.InstrumentationTestRunner.onStart(InstrumentationTestRunner.java:555)
11-28 15:15:58.367 W/System.err(14128): 	at tv.fun.launcher.testrunner.LauncherTestSuiteBasic.onStart(LauncherTestSuiteBasic.java:54)
11-28 15:15:58.367 W/System.err(14128): 	at android.app.Instrumentation$InstrumentationThread.run(Instrumentation.java:1661)
11-28 15:15:58.367 W/System.err(14128): Caused by: libcore.io.ErrnoException: fsync failed: EINVAL (Invalid argument)
11-28 15:15:58.367 W/System.err(14128): 	at libcore.io.Posix.fsync(Native Method)
11-28 15:15:58.367 W/System.err(14128): 	at libcore.io.BlockGuardOs.fsync(BlockGuardOs.java:97)
11-28 15:15:58.367 W/System.err(14128): 	at java.io.FileDescriptor.sync(FileDescriptor.java:74)
