11-28 15:24:39.967 D/JniHelper(14128): JniHelper::getJavaVM(), pthread_self() = 1529184920
11-28 15:24:39.967 D/cocos2d-x debug info(14128): JS: local app: appIcon begin4
11-28 15:24:39.967 D/LoadIconAsyncTask(14128): start load pkgName is com.android.settings
11-28 15:24:39.977 D/JniHelper(14128): JniHelper::getJavaVM(), pthread_self() = 1529184920
11-28 15:24:39.977 D/cocos2d-x debug info(14128): JS: updateAppInfoStateAndProgress downloadState : 1
11-28 15:24:39.977 D/LoadIconAsyncTask(14128): com.android.settings load result is true
11-28 15:24:39.987 D/AppStoreManager(14128): javaCallJs.run()------------------------------------------------
11-28 15:24:39.987 D/AppStoreManager(14128): callbackStr : launcher.eventCenter.onImageLoaded({"url":"\/data\/data\/tv.fun.launcher\/files\/com.android.settings"})
11-28 15:24:39.987 D/cocos2d-x debug info(14128): JS: launcher.eventCenter.onImageLoaded
11-28 15:24:39.987 D/cocos2d-x debug info(14128): JS: onImageLoaded url:/data/data/tv.fun.launcher/files/com.android.settings
11-28 15:24:39.987 D/cocos2d-x debug info(14128): JS: AppsLayer getCellByUrl, return null, url is /data/data/tv.fun.launcher/files/com.android.settings
11-28 15:24:39.987 D/cocos2d-x debug info(14128): JS: onLoadImage end
11-28 15:24:39.997 D/cocos2d-x debug info(14128): JS: onLoadImage start:/data/data/tv.fun.launcher/files/com.android.settings
11-28 15:24:39.997 D/JniHelper(14128): JniHelper::getJavaVM(), pthread_self() = 1529184920
11-28 15:24:39.997 D/FileUtil(14128): getImageFilePathByUrl, url is /data/data/tv.fun.launcher/files/com.android.settings
11-28 15:24:39.997 D/FileUtil(14128): getImageFilePathByUrl, fileName is com.android.settings
11-28 15:24:39.997 D/cocos2d-x debug info(14128): JS: onLoadImage end
11-28 15:24:39.997 D/cocos2d-x debug info(14128): JS: setAppServerInfo appServerInfo : [object Object]
11-28 15:24:39.997 D/cocos2d-x debug info(14128): JS: setAppServerInfo app.serverInfo : undefined
11-28 15:24:39.997 D/cocos2d-x debug info(14128): JS: _initAppInstallState packageName : com.android.vending
11-28 15:24:39.997 D/JniHelper(14128): JniHelper::getJavaVM(), pthread_self() = 1529184920
11-28 15:24:40.007 D/JniHelper(14128): JniHelper::getJavaVM(), pthread_self() = 1529184920
11-28 15:24:40.007 D/cocos2d-x debug info(14128): JS: launcherAppAdapter updateData cell37
11-28 15:24:40.007 D/cocos2d-x debug info(14128): JS: launcherAppAdapter fillData cell37
11-28 15:24:40.007 D/cocos2d-x debug info(14128): JS: this.mData.length4337
11-28 15:24:40.007 D/cocos2d-x debug info(14128): JS: local app:com.android.vending
11-28 15:24:40.007 D/JniHelper(14128): JniHelper::getJavaVM(), pthread_self() = 1529184920
11-28 15:24:40.017 D/FileUtil(14128): getImageFilePathByUrl, url is /data/data/tv.fun.launcher/files/com.android.vending
11-28 15:24:40.017 D/FileUtil(14128): getImageFilePathByUrl, fileName is com.android.vending
11-28 15:24:40.017 D/cocos2d-x debug info(14128): JS: no Icon cache for com.android.vending
11-28 15:24:40.017 D/JniHelper(14128): JniHelper::getJavaVM(), pthread_self() = 1529184920
11-28 15:24:40.017 D/LoadIconAsyncTask(14128): start load pkgName is com.android.vending
11-28 15:24:40.017 D/cocos2d-x debug info(14128): JS: local app: appIcon begin4
11-28 15:24:40.017 D/JniHelper(14128): JniHelper::getJavaVM(), pthread_self() = 1529184920
11-28 15:24:40.017 D/LoadIconAsyncTask(14128): com.android.vending load result is true
11-28 15:24:40.027 D/cocos2d-x debug info(14128): JS: updateAppInfoStateAndProgress downloadState : 1
11-28 15:24:40.027 D/cocos2d-x debug info(14128): trace_frame: 43.676704
11-28 15:24:40.037 D/AppStoreManager(14128): javaCallJs.run()------------------------------------------------
11-28 15:24:40.037 D/AppStoreManager(14128): callbackStr : launcher.eventCenter.onImageLoaded({"url":"\/data\/data\/tv.fun.launcher\/files\/com.android.vending"})
11-28 15:24:40.037 D/cocos2d-x debug info(14128): JS: launcher.eventCenter.onImageLoaded
11-28 15:24:40.037 D/cocos2d-x debug info(14128): JS: onImageLoaded url:/data/data/tv.fun.launcher/files/com.android.vending
11-28 15:24:40.037 D/cocos2d-x debug info(14128): JS: AppsLayer getCellByUrl, return null, url is /data/data/tv.fun.launcher/files/com.android.vending
11-28 15:24:40.037 D/cocos2d-x debug info(14128): JS: onLoadImage end
11-28 15:24:40.047 D/cocos2d-x debug info(14128): JS: onLoadImage start:/data/data/tv.fun.launcher/files/com.android.vending
11-28 15:24:40.047 D/JniHelper(14128): JniHelper::getJavaVM(), pthread_self() = 1529184920
11-28 15:24:40.047 D/FileUtil(14128): getImageFilePathByUrl, url is /data/data/tv.fun.launcher/files/com.android.vending
11-28 15:24:40.047 D/FileUtil(14128): getImageFilePathByUrl, fileName is com.android.vending
11-28 15:24:40.047 D/cocos2d-x debug info(14128): JS: onLoadImage end
11-28 15:24:40.067 D/cocos2d-x debug info(14128): JS: setAppServerInfo appServerInfo : [object Object]
11-28 15:24:40.067 D/cocos2d-x debug info(14128): JS: setAppServerInfo app.serverInfo : undefined
11-28 15:24:40.077 D/mdns    ( 4397): mDNS_Execute
11-28 15:24:40.077 D/mdns    ( 4397): mDNS_Execute: Skipping LocalAuthRecord    4 Android-2.local. Addr 172.16.13.147
11-28 15:24:40.077 D/mdns    ( 4397): mDNS_Execute: Skipping LocalAuthRecord   16 Android-2.local. AAAA FE80:0000:0000:0000:026D:0EFF:FE03:A545
11-28 15:24:40.077 D/mdns    ( 4397): mDNS_Execute: Setting NewLocalRecords to    4 Android-2.local. Addr 172.16.13.147
11-28 15:24:40.077 D/mdns    ( 4397): SendQueries:   Put Question 006d0e03a545@MiniMax._raop._tcp.local. (SRV) probecount 2
11-28 15:24:40.077 D/mdns    ( 4397): SendQueries:   Put Question MiniMax._airplay._tcp.local. (SRV) probecount 2
11-28 15:24:40.077 D/mdns    ( 4397): SendQueries:   Put Question Android-2.local. (Addr) probecount 2
11-28 15:24:40.077 D/mdns    ( 4397): SendQueries:   Put Question Android-2.local. (AAAA) probecount 2
11-28 15:24:40.077 D/mdns    ( 4397): SendQueries:   Sending 4 Questions 0 Answers 4 Updates on 412BB3B8
11-28 15:24:40.077 D/mdns    ( 4397): SocketDataReady got a packet from 172.16.13.147 to 224.0.0.251 on interface 172.16.13.147/wlan0/7/320
11-28 15:24:40.077 D/mdns    ( 4397): Received Query from 172.16.13.147  :5353  to 224.0.0.251    :5353  on 0x412BB3B8 with  4 Questions,  0 Answers,  4 Authorities,  0 Additionals 172 bytes
11-28 15:24:40.077 D/mdns    ( 4397): SocketDataReady got a packet from FE80:0000:0000:0000:026D:0EFF:FE03:A545 to FF02:0000:0000:0000:0000:0000:0000:00FB on interface 172.16.13.147/wlan0/7/321
11-28 15:24:40.077 D/mdns    ( 4397): Received Query from FE80:0000:0000:0000:026D:0EFF:FE03:A545:5353  to FF02:0000:0000:0000:0000:0000:0000:00FB:5353  on 0x412BB3B8 with  4 Questions,  0 Answers,  4 Authorities,  0 Additionals 172 bytes
11-28 15:24:40.077 D/cocos2d-x debug info(14128): JS: _initAppInstallState packageName : com.android.music
11-28 15:24:40.077 D/JniHelper(14128): JniHelper::getJavaVM(), pthread_self() = 1529184920
11-28 15:24:40.087 D/JniHelper(14128): JniHelper::getJavaVM(), pthread_self() = 1529184920
11-28 15:24:40.087 D/cocos2d-x debug info(14128): JS: launcherAppAdapter updateData cell38
11-28 15:24:40.087 D/cocos2d-x debug info(14128): JS: launcherAppAdapter fillData cell38
11-28 15:24:40.087 D/cocos2d-x debug info(14128): JS: this.mData.length4338
11-28 15:24:40.087 D/cocos2d-x debug info(14128): JS: local app:com.android.music
11-28 15:24:40.087 D/JniHelper(14128): JniHelper::getJavaVM(), pthread_self() = 1529184920
11-28 15:24:40.087 D/FileUtil(14128): getImageFilePathByUrl, url is /data/data/tv.fun.launcher/files/com.android.music
11-28 15:24:40.087 D/FileUtil(14128): getImageFilePathByUrl, fileName is com.android.music
11-28 15:24:40.097 D/cocos2d-x debug info(14128): JS: no Icon cache for com.android.music
11-28 15:24:40.097 D/JniHelper(14128): JniHelper::getJavaVM(), pthread_self() = 1529184920
11-28 15:24:40.097 D/cocos2d-x debug info(14128): JS: local app: appIcon begin4
11-28 15:24:40.097 D/LoadIconAsyncTask(14128): start load pkgName is com.android.music
11-28 15:24:40.097 D/LoadIconAsyncTask(14128): com.android.music load result is true
11-28 15:24:40.097 D/JniHelper(14128): JniHelper::getJavaVM(), pthread_self() = 1529184920
11-28 15:24:40.097 D/cocos2d-x debug info(14128): JS: updateAppInfoStateAndProgress downloadState : 1
11-28 15:24:40.107 D/AppStoreManager(14128): javaCallJs.run()------------------------------------------------
11-28 15:24:40.117 D/AppStoreManager(14128): callbackStr : launcher.eventCenter.onImageLoaded({"url":"\/data\/data\/tv.fun.launcher\/files\/com.android.music"})
11-28 15:24:40.117 D/cocos2d-x debug info(14128): JS: launcher.eventCenter.onImageLoaded
11-28 15:24:40.117 D/cocos2d-x debug info(14128): JS: onImageLoaded url:/data/data/tv.fun.launcher/files/com.android.music
11-28 15:24:40.117 D/cocos2d-x debug info(14128): JS: AppsLayer getCellByUrl, return null, url is /data/data/tv.fun.launcher/files/com.android.music
11-28 15:24:40.117 D/cocos2d-x debug info(14128): JS: onLoadImage end
11-28 15:24:40.117 D/cocos2d-x debug info(14128): JS: onLoadImage start:/data/data/tv.fun.launcher/files/com.android.music
11-28 15:24:40.127 D/JniHelper(14128): JniHelper::getJavaVM(), pthread_self() = 1529184920
11-28 15:24:40.127 D/FileUtil(14128): getImageFilePathByUrl, url is /data/data/tv.fun.launcher/files/com.android.music
11-28 15:24:40.127 D/FileUtil(14128): getImageFilePathByUrl, fileName is com.android.music
11-28 15:24:40.127 D/cocos2d-x debug info(14128): JS: onLoadImage end
11-28 15:24:40.137 D/cocos2d-x debug info(14128): trace_frame: 37.515289
11-28 15:24:40.157 D/cocos2d-x debug info(14128): JS: setAppServerInfo appServerInfo : [object Object]
11-28 15:24:40.157 D/cocos2d-x debug info(14128): JS: setAppServerInfo app.serverInfo : undefined
11-28 15:24:40.157 D/cocos2d-x debug info(14128): JS: _initAppInstallState packageName : com.mele.settings
11-28 15:24:40.157 D/JniHelper(14128): JniHelper::getJavaVM(), pthread_self() = 1529184920
11-28 15:24:40.157 D/JniHelper(14128): JniHelper::getJavaVM(), pthread_self() = 1529184920
11-28 15:24:40.167 D/cocos2d-x debug info(14128): JS: launcherAppAdapter updateData cell39
11-28 15:24:40.167 D/cocos2d-x debug info(14128): JS: launcherAppAdapter fillData cell39
11-28 15:24:40.167 D/cocos2d-x debug info(14128): JS: this.mData.length4339
11-28 15:24:40.167 D/cocos2d-x debug info(14128): JS: local app:com.mele.settings
11-28 15:24:40.167 D/JniHelper(14128): JniHelper::getJavaVM(), pthread_self() = 1529184920
11-28 15:24:40.167 D/FileUtil(14128): getImageFilePathByUrl, url is /data/data/tv.fun.launcher/files/com.mele.settings
11-28 15:24:40.177 D/FileUtil(14128): getImageFilePathByUrl, fileName is com.mele.settings
11-28 15:24:40.177 D/mdns    ( 4397): mDNS_Execute
11-28 15:24:40.177 D/mdns    ( 4397): mDNS_Execute: Skipping LocalAuthRecord    4 Android-2.local. Addr 172.16.13.147
11-28 15:24:40.177 D/mdns    ( 4397): mDNS_Execute: Skipping LocalAuthRecord   16 Android-2.local. AAAA FE80:0000:0000:0000:026D:0EFF:FE03:A545
11-28 15:24:40.177 D/mdns    ( 4397): mDNS_Execute: Setting NewLocalRecords to    4 Android-2.local. Addr 172.16.13.147
11-28 15:24:40.177 D/cocos2d-x debug info(14128): JS: no Icon cache for com.mele.settings
11-28 15:24:40.177 D/JniHelper(14128): JniHelper::getJavaVM(), pthread_self() = 1529184920
11-28 15:24:40.177 D/LoadIconAsyncTask(14128): start load pkgName is com.mele.settings
11-28 15:24:40.177 D/cocos2d-x debug info(14128): JS: local app: appIcon begin4
11-28 15:24:40.187 D/JniHelper(14128): JniHelper::getJavaVM(), pthread_self() = 1529184920
11-28 15:24:40.187 D/LoadIconAsyncTask(14128): com.mele.settings load result is true
11-28 15:24:40.187 D/cocos2d-x debug info(14128): JS: updateAppInfoStateAndProgress downloadState : 1
11-28 15:24:40.187 D/dalvikvm(22184): GC_CONCURRENT freed 827K, 21% free 6773K/8544K, paused 4ms+5ms, total 63ms
11-28 15:24:40.187 D/dalvikvm(22184): WAIT_FOR_CONCURRENT_GC blocked 40ms
11-28 15:24:40.187 D/dalvikvm(22184): WAIT_FOR_CONCURRENT_GC blocked 14ms
11-28 15:24:40.197 D/AppStoreManager(14128): javaCallJs.run()------------------------------------------------
11-28 15:24:40.197 D/AppStoreManager(14128): callbackStr : launcher.eventCenter.onImageLoaded({"url":"\/data\/data\/tv.fun.launcher\/files\/com.mele.settings"})
11-28 15:24:40.207 D/cocos2d-x debug info(14128): JS: launcher.eventCenter.onImageLoaded
11-28 15:24:40.207 D/cocos2d-x debug info(14128): JS: onImageLoaded url:/data/data/tv.fun.launcher/files/com.mele.settings
11-28 15:24:40.207 D/cocos2d-x debug info(14128): JS: AppsLayer getCellByUrl, return null, url is /data/data/tv.fun.launcher/files/com.mele.settings
11-28 15:24:40.207 D/cocos2d-x debug info(14128): JS: onLoadImage end
11-28 15:24:40.207 D/cocos2d-x debug info(14128): JS: onLoadImage start:/data/data/tv.fun.launcher/files/com.mele.settings
11-28 15:24:40.207 D/JniHelper(14128): JniHelper::getJavaVM(), pthread_self() = 1529184920
11-28 15:24:40.207 D/FileUtil(14128): getImageFilePathByUrl, url is /data/data/tv.fun.launcher/files/com.mele.settings
11-28 15:24:40.207 D/FileUtil(14128): getImageFilePathByUrl, fileName is com.mele.settings
11-28 15:24:40.217 D/cocos2d-x debug info(14128): JS: onLoadImage end
11-28 15:24:40.237 D/cocos2d-x debug info(14128): trace_frame: 56.732227
11-28 15:24:40.317 D/cocos2d-x debug info(14128): JS: setAppServerInfo appServerInfo : [object Object]
11-28 15:24:40.327 D/cocos2d-x debug info(14128): JS: setAppServerInfo app.serverInfo : undefined
11-28 15:24:40.327 D/mdns    ( 4397): mDNS_Execute
11-28 15:24:40.327 D/mdns    ( 4397): mDNS_Execute: Skipping LocalAuthRecord    4 Android-2.local. Addr 172.16.13.147
11-28 15:24:40.327 D/mdns    ( 4397): mDNS_Execute: Skipping LocalAuthRecord   16 Android-2.local. AAAA FE80:0000:0000:0000:026D:0EFF:FE03:A545
11-28 15:24:40.327 D/mdns    ( 4397): mDNS_Execute: Setting NewLocalRecords to    4 Android-2.local. Addr 172.16.13.147
11-28 15:24:40.327 D/mdns    ( 4397): SendQueries:   Put Question 006d0e03a545@MiniMax._raop._tcp.local. (SRV) probecount 1
11-28 15:24:40.327 D/mdns    ( 4397): SendQueries:   Put Question MiniMax._airplay._tcp.local. (SRV) probecount 1
11-28 15:24:40.327 D/mdns    ( 4397): SendQueries:   Put Question Android-2.local. (Addr) probecount 1
11-28 15:24:40.327 D/mdns    ( 4397): SendQueries:   Put Question Android-2.local. (AAAA) probecount 1
11-28 15:24:40.327 D/mdns    ( 4397): SendQueries:   Sending 4 Questions 0 Answers 4 Updates on 412BB3B8
11-28 15:24:40.327 D/mdns    ( 4397): SocketDataReady got a packet from 172.16.13.147 to 224.0.0.251 on interface 172.16.13.147/wlan0/7/320
11-28 15:24:40.327 D/mdns    ( 4397): Received Query from 172.16.13.147  :5353  to 224.0.0.251    :5353  on 0x412BB3B8 with  4 Questions,  0 Answers,  4 Authorities,  0 Additionals 172 bytes
11-28 15:24:40.327 D/mdns    ( 4397): SocketDataReady got a packet from FE80:0000:0000:0000:026D:0EFF:FE03:A545 to FF02:0000:0000:0000:0000:0000:0000:00FB on interface 172.16.13.147/wlan0/7/321
11-28 15:24:40.327 D/mdns    ( 4397): Received Query from FE80:0000:0000:0000:026D:0EFF:FE03:A545:5353  to FF02:0000:0000:0000:0000:0000:0000:00FB:5353  on 0x412BB3B8 with  4 Questions,  0 Answers,  4 Authorities,  0 Additionals 172 bytes
11-28 15:24:40.327 D/cocos2d-x debug info(14128): JS: _initAppInstallState packageName : com.mele.launcher
11-28 15:24:40.337 D/JniHelper(14128): JniHelper::getJavaVM(), pthread_self() = 1529184920
11-28 15:24:40.337 D/JniHelper(14128): JniHelper::getJavaVM(), pthread_self() = 1529184920
11-28 15:24:40.337 D/cocos2d-x debug info(14128): JS: launcherAppAdapter updateData cell40
11-28 15:24:40.337 D/cocos2d-x debug info(14128): JS: launcherAppAdapter fillData cell40
11-28 15:24:40.337 D/cocos2d-x debug info(14128): JS: this.mData.length4340
11-28 15:24:40.337 D/cocos2d-x debug info(14128): JS: local app:com.mele.launcher
11-28 15:24:40.337 D/JniHelper(14128): JniHelper::getJavaVM(), pthread_self() = 1529184920
11-28 15:24:40.337 D/FileUtil(14128): getImageFilePathByUrl, url is /data/data/tv.fun.launcher/files/com.mele.launcher
11-28 15:24:40.347 D/FileUtil(14128): getImageFilePathByUrl, fileName is com.mele.launcher
11-28 15:24:40.347 D/cocos2d-x debug info(14128): JS: no Icon cache for com.mele.launcher
11-28 15:24:40.347 D/JniHelper(14128): JniHelper::getJavaVM(), pthread_self() = 1529184920
11-28 15:24:40.347 D/LoadIconAsyncTask(14128): start load pkgName is com.mele.launcher
11-28 15:24:40.347 D/cocos2d-x debug info(14128): JS: local app: appIcon begin4
11-28 15:24:40.347 D/JniHelper(14128): JniHelper::getJavaVM(), pthread_self() = 1529184920
11-28 15:24:40.347 D/LoadIconAsyncTask(14128): com.mele.launcher load result is true
11-28 15:24:40.347 D/cocos2d-x debug info(14128): JS: updateAppInfoStateAndProgress downloadState : 1
11-28 15:24:40.357 D/launcher_auto(14128): launcher_auto: sendkey and wait.
11-28 15:24:40.357 D/AppStoreManager(14128): javaCallJs.run()------------------------------------------------
11-28 15:24:40.357 D/AppStoreManager(14128): callbackStr : launcher.eventCenter.onImageLoaded({"url":"\/data\/data\/tv.fun.launcher\/files\/com.mele.launcher"})
11-28 15:24:40.357 D/cocos2d-x debug info(14128): JS: launcher.eventCenter.onImageLoaded
11-28 15:24:40.357 D/cocos2d-x debug info(14128): JS: onImageLoaded url:/data/data/tv.fun.launcher/files/com.mele.launcher
11-28 15:24:40.367 D/cocos2d-x debug info(14128): JS: AppsLayer getCellByUrl, return null, url is /data/data/tv.fun.launcher/files/com.mele.launcher
11-28 15:24:40.367 D/cocos2d-x debug info(14128): JS: onLoadImage end
11-28 15:24:40.367 D/cocos2d-x debug info(14128): JS: onLoadImage start:/data/data/tv.fun.launcher/files/com.mele.launcher
11-28 15:24:40.367 D/JniHelper(14128): JniHelper::getJavaVM(), pthread_self() = 1529184920
11-28 15:24:40.367 D/FileUtil(14128): getImageFilePathByUrl, url is /data/data/tv.fun.launcher/files/com.mele.launcher
11-28 15:24:40.367 D/FileUtil(14128): getImageFilePathByUrl, fileName is com.mele.launcher
11-28 15:24:40.367 D/cocos2d-x debug info(14128): JS: onLoadImage end
11-28 15:24:40.377 D/cocos2d-x debug info(14128): JS: tableMoveFinished 
11-28 15:24:40.377 D/cocos2d-x debug info(14128): JS: updateAppInfo, cellIndex = 35
11-28 15:24:40.377 D/cocos2d-x debug info(14128): JS: updateAppButtonPosition appButton : [object Object]
11-28 15:24:40.377 D/cocos2d-x debug info(14128): JS: updateAppButtonPosition appButton : [object Object]
11-28 15:24:40.377 D/cocos2d-x debug info(14128): JS: updateAppButtonState cellIndex : 35
11-28 15:24:40.377 D/cocos2d-x debug info(14128): JS: setAppButtons typeArray : 1
11-28 15:24:40.377 D/cocos2d-x debug info(14128): JS: setAppButtons appButtons : [object Object],[object Object]
11-28 15:24:40.377 D/cocos2d-x debug info(14128): JS: setButtonText text : 打开
11-28 15:24:40.387 D/cocos2d-x debug info(14128): trace_frame: 44.574535
11-28 15:24:40.427 D/mdns    ( 4397): mDNS_Execute
11-28 15:24:40.427 D/mdns    ( 4397): mDNS_Execute: Skipping LocalAuthRecord    4 Android-2.local. Addr 172.16.13.147
11-28 15:24:40.427 D/mdns    ( 4397): mDNS_Execute: Skipping LocalAuthRecord   16 Android-2.local. AAAA FE80:0000:0000:0000:026D:0EFF:FE03:A545
11-28 15:24:40.427 D/mdns    ( 4397): mDNS_Execute: Setting NewLocalRecords to    4 Android-2.local. Addr 172.16.13.147
11-28 15:24:40.487 D/cocos2d-x debug info(14128): trace_frame: 60.702763
11-28 15:24:40.577 D/mdns    ( 4397): mDNS_Execute
11-28 15:24:40.577 D/mdns    ( 4397): mDNS_Execute: Skipping LocalAuthRecord    4 Android-2.local. Addr 172.16.13.147
11-28 15:24:40.577 D/mdns    ( 4397): mDNS_Execute: Skipping LocalAuthRecord   16 Android-2.local. AAAA FE80:0000:0000:0000:026D:0EFF:FE03:A545
11-28 15:24:40.577 D/mdns    ( 4397): mDNS_Execute: Setting NewLocalRecords to    4 Android-2.local. Addr 172.16.13.147
11-28 15:24:40.577 D/mdns    ( 4397): mDNS_HostNameCallback: Android-2.local. (Addr) Name registered (0)
11-28 15:24:40.577 D/mdns    ( 4397): mDNS_HostNameCallback: Android-2.local. (AAAA) Name registered (0)
11-28 15:24:40.577 D/mdns    ( 4397): SendQueries:   Put Question 006d0e03a545@MiniMax._raop._tcp.local. (SRV) probecount 0
11-28 15:24:40.577 D/mdns    ( 4397): SendQueries:   Put Question MiniMax._airplay._tcp.local. (SRV) probecount 0
11-28 15:24:40.577 D/mdns    ( 4397): SendQueries:   Put Question Android-2.local. (Addr) probecount 0
11-28 15:24:40.577 D/mdns    ( 4397): SendQueries:   Put Question Android-2.local. (AAAA) probecount 0
11-28 15:24:40.577 D/mdns    ( 4397): SendQueries:   Sending 4 Questions 0 Answers 4 Updates on 412BB3B8
11-28 15:24:40.577 D/mdns    ( 4397): SocketDataReady got a packet from 172.16.13.147 to 224.0.0.251 on interface 172.16.13.147/wlan0/7/320
11-28 15:24:40.577 D/mdns    ( 4397): Received Query from 172.16.13.147  :5353  to 224.0.0.251    :5353  on 0x412BB3B8 with  4 Questions,  0 Answers,  4 Authorities,  0 Additionals 172 bytes
11-28 15:24:40.577 D/mdns    ( 4397): SocketDataReady got a packet from FE80:0000:0000:0000:026D:0EFF:FE03:A545 to FF02:0000:0000:0000:0000:0000:0000:00FB on interface 172.16.13.147/wlan0/7/321
11-28 15:24:40.577 D/mdns    ( 4397): Received Query from FE80:0000:0000:0000:026D:0EFF:FE03:A545:5353  to FF02:0000:0000:0000:0000:0000:0000:00FB:5353  on 0x412BB3B8 with  4 Questions,  0 Answers,  4 Authorities,  0 Additionals 172 bytes
11-28 15:24:40.587 D/cocos2d-x debug info(14128): trace_frame: 59.811592
11-28 15:24:40.677 D/mdns    ( 4397): mDNS_Execute
11-28 15:24:40.677 D/mdns    ( 4397): mDNS_Execute: Skipping LocalAuthRecord    4 Android-2.local. Addr 172.16.13.147
11-28 15:24:40.677 D/mdns    ( 4397): mDNS_Execute: Skipping LocalAuthRecord   16 Android-2.local. AAAA FE80:0000:0000:0000:026D:0EFF:FE03:A545
11-28 15:24:40.677 D/mdns    ( 4397): mDNS_Execute: Setting NewLocalRecords to    4 Android-2.local. Addr 172.16.13.147
11-28 15:24:40.707 D/cocos2d-x debug info(14128): trace_frame: 60.151409
11-28 15:24:40.747 D/mdns    ( 4397): mDNS_Execute
11-28 15:24:40.747 D/mdns    ( 4397): mDNS_Execute: Skipping LocalAuthRecord    4 Android-2.local. Addr 172.16.13.147
11-28 15:24:40.747 D/mdns    ( 4397): mDNS_Execute: Skipping LocalAuthRecord   16 Android-2.local. AAAA FE80:0000:0000:0000:026D:0EFF:FE03:A545
11-28 15:24:40.747 D/mdns    ( 4397): mDNS_Execute: Setting NewLocalRecords to    4 Android-2.local. Addr 172.16.13.147
11-28 15:24:40.747 D/mdns    ( 4397): SendResponses: Next in 335 ticks
11-28 15:24:40.807 D/cocos2d-x debug info(14128): trace_frame: 59.963428
11-28 15:24:40.827 D/mdns    ( 4397): mDNS_Execute
11-28 15:24:40.827 D/mdns    ( 4397): mDNS_Execute: Skipping LocalAuthRecord    4 Android-2.local. Addr 172.16.13.147
11-28 15:24:40.827 D/mdns    ( 4397): mDNS_Execute: Skipping LocalAuthRecord   16 Android-2.local. AAAA FE80:0000:0000:0000:026D:0EFF:FE03:A545
11-28 15:24:40.827 D/mdns    ( 4397): mDNS_Execute: Setting NewLocalRecords to    4 Android-2.local. Addr 172.16.13.147
11-28 15:24:40.837 D/mdns    ( 4397): Announcing 006d0e03a545@MiniMax._raop._tcp.local. (TXT) 7
11-28 15:24:40.837 D/mdns    ( 4397): Announcing _services._dns-sd._udp.local. (PTR) 7
11-28 15:24:40.837 D/mdns    ( 4397): Announcing _raop._tcp.local. (PTR) 7
11-28 15:24:40.837 D/mdns    ( 4397): Announcing MiniMax._airplay._tcp.local. (TXT) 7
11-28 15:24:40.837 D/mdns    ( 4397): Announcing _services._dns-sd._udp.local. (PTR) 7
11-28 15:24:40.837 D/mdns    ( 4397): Announcing _airplay._tcp.local. (PTR) 7
11-28 15:24:40.837 D/mdns    ( 4397): Announcing 006d0e03a545@MiniMax._raop._tcp.local. (SRV) 7
11-28 15:24:40.837 D/mdns    ( 4397): Announcing MiniMax._airplay._tcp.local. (SRV) 7
11-28 15:24:40.837 D/mdns    ( 4397): Announcing 147.13.16.172.in-addr.arpa. (PTR) 7
11-28 15:24:40.837 D/mdns    ( 4397): Announcing 5.4.5.A.3.0.E.F.F.F.E.0.D.6.2.0.0.0.0.0.0.0.0.0.0.0.0.0.0.8.E.F.ip6.arpa. (PTR) 7
11-28 15:24:40.837 D/mdns    ( 4397): Announcing Android-2.local. (Addr) 7
11-28 15:24:40.837 D/mdns    ( 4397): Announcing Android-2.local. (AAAA) 7
11-28 15:24:40.837 D/mdns    ( 4397): SendResponses: Sending 0 Deregistrations, 12 Announcements, 0 Answers, 5 Additionals on 412BB3B8
11-28 15:24:40.837 D/mdns    ( 4397): SendResponses: Next in 1024 ticks
11-28 15:24:40.837 D/mdns    ( 4397): mDNS_Execute
11-28 15:24:40.837 D/mdns    ( 4397): mDNS_Execute: Delivering Add event with LocalAuthRecord    4 Android-2.local. Addr 172.16.13.147
11-28 15:24:40.837 D/mdns    ( 4397): mDNS_Execute: Delivering Add event with LocalAuthRecord   16 Android-2.local. AAAA FE80:0000:0000:0000:026D:0EFF:FE03:A545
11-28 15:24:40.837 D/mdns    ( 4397): mDNS_Execute: Setting NewLocalRecords to NULL
11-28 15:24:40.837 D/mdns    ( 4397): SocketDataReady got a packet from 172.16.13.147 to 224.0.0.251 on interface 172.16.13.147/wlan0/7/320
11-28 15:24:40.837 D/mdns    ( 4397): Received Response from 172.16.13.147   addressed to 224.0.0.251     on 412BB3B8 with  0 Questions, 12 Answers,  0 Authorities,  5 Additionals 661 bytes LLQType 0
11-28 15:24:40.837 D/mdns    ( 4397): SocketDataReady got a packet from FE80:0000:0000:0000:026D:0EFF:FE03:A545 to FF02:0000:0000:0000:0000:0000:0000:00FB on interface 172.16.13.147/wlan0/7/321
11-28 15:24:40.837 D/mdns    ( 4397): Received Response from FE80:0000:0000:0000:026D:0EFF:FE03:A545 addressed to FF02:0000:0000:0000:0000:0000:0000:00FB on 412BB3B8 with  0 Questions, 12 Answers,  0 Authorities,  5 Additionals 661 bytes LLQType 0
11-28 15:24:40.837 D/mdns    ( 4397): Found record size   115 interface 412BB3B8 already in cache:  115 006d0e03a545@MiniMax._raop._tcp.local. TXT ch=2¦cn=0,1¦da=true¦ek=1¦et=0,1¦md=0,1,2¦pw=false¦sm=false¦sr=44100¦ss=16¦sv=false¦tp=UDP¦txtvers=
11-28 15:24:40.837 D/mdns    ( 4397): Found record size    75 interface 412BB3B8 already in cache:   75 MiniMax._airplay._tcp.local. TXT deviceid=00:6d:0e:03:a5:45¦features=0x2077¦model=AppleTV2,1¦srcvers=101.28
11-28 15:24:40.837 D/mdns    ( 4397): Found record size    78 interface 412BB3B8 already in cache:   78 5.4.5.A.3.0.E.F.F.F.E.0.D.6.2.0.0.0.0.0.0.0.0.0.0.0.0.0.0.8.E.F.ip6.arpa. NSEC PTR 
11-28 15:24:40.867 D/cocos2d-x debug info(14128): JS: keyCode : 156
11-28 15:24:40.867 D/cocos2d-x debug info(14128): JS: turnPage: toRight false
11-28 15:24:40.877 D/cocos2d-x debug info(14128): JS: jumpFocus4
11-28 15:24:40.877 D/cocos2d-x debug info(14128): JS: toXPosition1719.5y212
11-28 15:24:40.877 D/cocos2d-x debug info(14128): JS: left button clicked. currentIndex:34
11-28 15:24:40.917 D/mdns    ( 4397): SocketDataReady got a packet from 172.16.13.187 to 224.0.0.251 on interface 172.16.13.147/wlan0/7/320
11-28 15:24:40.917 D/mdns    ( 4397): Received Response from 172.16.13.187   addressed to 224.0.0.251     on 412BB3B8 with  0 Questions,  3 Answers,  0 Authorities,  0 Additionals 232 bytes LLQType 0
11-28 15:24:40.927 D/cocos2d-x debug info(14128): JS: setAppServerInfo appServerInfo : [object Object]
11-28 15:24:40.927 D/mdns    ( 4397): mDNS_Execute
11-28 15:24:40.927 D/mdns    ( 4397): mDNS_Execute: Setting NewLocalRecords to NULL
11-28 15:24:40.927 D/cocos2d-x debug info(14128): JS: launcherAppAdapter updateData cell33
11-28 15:24:40.927 D/cocos2d-x debug info(14128): JS: launcherAppAdapter fillData cell33
11-28 15:24:40.927 D/cocos2d-x debug info(14128): JS: this.mData.length4333
11-28 15:24:40.927 D/cocos2d-x debug info(14128): JS: local app:com.mele.chsensor
11-28 15:24:40.927 D/JniHelper(14128): JniHelper::getJavaVM(), pthread_self() = 1529184920
11-28 15:24:40.927 D/FileUtil(14128): getImageFilePathByUrl, url is /data/data/tv.fun.launcher/files/com.mele.chsensor
11-28 15:24:40.927 D/FileUtil(14128): getImageFilePathByUrl, fileName is com.mele.chsensor
11-28 15:24:40.937 D/cocos2d-x debug info(14128): JS: no Icon cache for com.mele.chsensor
11-28 15:24:40.937 D/JniHelper(14128): JniHelper::getJavaVM(), pthread_self() = 1529184920
11-28 15:24:40.937 D/LoadIconAsyncTask(14128): start load pkgName is com.mele.chsensor
11-28 15:24:40.937 D/cocos2d-x debug info(14128): JS: local app: appIcon begin4
11-28 15:24:40.937 D/JniHelper(14128): JniHelper::getJavaVM(), pthread_self() = 1529184920
11-28 15:24:40.937 D/LoadIconAsyncTask(14128): com.mele.chsensor load result is true
11-28 15:24:40.937 D/cocos2d-x debug info(14128): JS: updateAppInfoStateAndProgress downloadState : 1
11-28 15:24:40.947 D/cocos2d-x debug info(14128): trace_frame: 59.131607
11-28 15:24:40.957 D/AppStoreManager(14128): javaCallJs.run()------------------------------------------------
11-28 15:24:40.957 D/AppStoreManager(14128): callbackStr : launcher.eventCenter.onImageLoaded({"url":"\/data\/data\/tv.fun.launcher\/files\/com.mele.chsensor"})
11-28 15:24:40.957 D/cocos2d-x debug info(14128): JS: launcher.eventCenter.onImageLoaded
11-28 15:24:40.957 D/cocos2d-x debug info(14128): JS: onImageLoaded url:/data/data/tv.fun.launcher/files/com.mele.chsensor
11-28 15:24:40.957 D/cocos2d-x debug info(14128): JS: AppsLayer getCellByUrl, return null, url is /data/data/tv.fun.launcher/files/com.mele.chsensor
11-28 15:24:40.957 D/cocos2d-x debug info(14128): JS: onLoadImage end
11-28 15:24:40.957 D/cocos2d-x debug info(14128): JS: onLoadImage start:/data/data/tv.fun.launcher/files/com.mele.chsensor
11-28 15:24:40.967 D/JniHelper(14128): JniHelper::getJavaVM(), pthread_self() = 1529184920
11-28 15:24:40.967 D/FileUtil(14128): getImageFilePathByUrl, url is /data/data/tv.fun.launcher/files/com.mele.chsensor
11-28 15:24:40.967 D/FileUtil(14128): getImageFilePathByUrl, fileName is com.mele.chsensor
11-28 15:24:40.967 D/cocos2d-x debug info(14128): JS: onLoadImage end
11-28 15:24:40.987 D/cocos2d-x debug info(14128): JS: setAppServerInfo appServerInfo : [object Object]
11-28 15:24:40.987 D/cocos2d-x debug info(14128): JS: launcherAppAdapter updateData cell32
11-28 15:24:40.987 D/cocos2d-x debug info(14128): JS: launcherAppAdapter fillData cell32
11-28 15:24:40.987 D/cocos2d-x debug info(14128): JS: this.mData.length4332
11-28 15:24:40.997 D/cocos2d-x debug info(14128): JS: local app:com.softwinner.wifidisplayreceiver
11-28 15:24:40.997 D/JniHelper(14128): JniHelper::getJavaVM(), pthread_self() = 1529184920
11-28 15:24:40.997 D/FileUtil(14128): getImageFilePathByUrl, url is /data/data/tv.fun.launcher/files/com.softwinner.wifidisplayreceiver
11-28 15:24:40.997 D/FileUtil(14128): getImageFilePathByUrl, fileName is com.softwinner.wifidisplayreceiver
11-28 15:24:40.997 D/cocos2d-x debug info(14128): JS: no Icon cache for com.softwinner.wifidisplayreceiver
11-28 15:24:40.997 D/JniHelper(14128): JniHelper::getJavaVM(), pthread_self() = 1529184920
11-28 15:24:40.997 D/cocos2d-x debug info(14128): JS: local app: appIcon begin4
11-28 15:24:40.997 D/LoadIconAsyncTask(14128): start load pkgName is com.softwinner.wifidisplayreceiver
11-28 15:24:40.997 D/JniHelper(14128): JniHelper::getJavaVM(), pthread_self() = 1529184920
11-28 15:24:41.007 D/cocos2d-x debug info(14128): JS: updateAppInfoStateAndProgress downloadState : 1
11-28 15:24:41.007 D/LoadIconAsyncTask(14128): com.softwinner.wifidisplayreceiver load result is true
11-28 15:24:41.017 D/AppStoreManager(14128): javaCallJs.run()------------------------------------------------
11-28 15:24:41.017 D/AppStoreManager(14128): callbackStr : launcher.eventCenter.onImageLoaded({"url":"\/data\/data\/tv.fun.launcher\/files\/com.softwinner.wifidisplayreceiver"})
11-28 15:24:41.017 D/cocos2d-x debug info(14128): JS: launcher.eventCenter.onImageLoaded
11-28 15:24:41.027 D/cocos2d-x debug info(14128): JS: onImageLoaded url:/data/data/tv.fun.launcher/files/com.softwinner.wifidisplayreceiver
11-28 15:24:41.027 D/cocos2d-x debug info(14128): JS: AppsLayer getCellByUrl, return null, url is /data/data/tv.fun.launcher/files/com.softwinner.wifidisplayreceiver
11-28 15:24:41.027 D/cocos2d-x debug info(14128): JS: onLoadImage end
11-28 15:24:41.027 D/cocos2d-x debug info(14128): JS: onLoadImage start:/data/data/tv.fun.launcher/files/com.softwinner.wifidisplayreceiver
11-28 15:24:41.027 D/JniHelper(14128): JniHelper::getJavaVM(), pthread_self() = 1529184920
11-28 15:24:41.037 D/FileUtil(14128): getImageFilePathByUrl, url is /data/data/tv.fun.launcher/files/com.softwinner.wifidisplayreceiver
11-28 15:24:41.037 D/FileUtil(14128): getImageFilePathByUrl, fileName is com.softwinner.wifidisplayreceiver
11-28 15:24:41.037 D/cocos2d-x debug info(14128): JS: onLoadImage end
11-28 15:24:41.037 D/dalvikvm(14128): GC_CONCURRENT freed 1390K, 60% free 7504K/18508K, paused 5ms+3ms, total 33ms
11-28 15:24:41.037 D/cocos2d-x debug info(14128): trace_frame: 34.139587
11-28 15:24:41.057 D/cocos2d-x debug info(14128): JS: setAppServerInfo appServerInfo : [object Object]
11-28 15:24:41.057 D/cocos2d-x debug info(14128): JS: launcherAppAdapter updateData cell31
11-28 15:24:41.057 D/cocos2d-x debug info(14128): JS: launcherAppAdapter fillData cell31
11-28 15:24:41.057 D/cocos2d-x debug info(14128): JS: this.mData.length4331
11-28 15:24:41.057 D/cocos2d-x debug info(14128): JS: local app:com.istudio.appstore
11-28 15:24:41.057 D/JniHelper(14128): JniHelper::getJavaVM(), pthread_self() = 1529184920
11-28 15:24:41.057 D/FileUtil(14128): getImageFilePathByUrl, url is /data/data/tv.fun.launcher/files/com.istudio.appstore
11-28 15:24:41.057 D/FileUtil(14128): getImageFilePathByUrl, fileName is com.istudio.appstore
11-28 15:24:41.057 D/cocos2d-x debug info(14128): JS: no Icon cache for com.istudio.appstore
11-28 15:24:41.057 D/JniHelper(14128): JniHelper::getJavaVM(), pthread_self() = 1529184920
11-28 15:24:41.057 D/LoadIconAsyncTask(14128): start load pkgName is com.istudio.appstore
11-28 15:24:41.057 D/cocos2d-x debug info(14128): JS: local app: appIcon begin4
11-28 15:24:41.057 D/JniHelper(14128): JniHelper::getJavaVM(), pthread_self() = 1529184920
11-28 15:24:41.057 D/cocos2d-x debug info(14128): JS: updateAppInfoStateAndProgress downloadState : 1
11-28 15:24:41.067 D/LoadIconAsyncTask(14128): com.istudio.appstore load result is true
11-28 15:24:41.067 D/AppStoreManager(14128): javaCallJs.run()------------------------------------------------
11-28 15:24:41.077 D/AppStoreManager(14128): callbackStr : launcher.eventCenter.onImageLoaded({"url":"\/data\/data\/tv.fun.launcher\/files\/com.istudio.appstore"})
11-28 15:24:41.077 D/cocos2d-x debug info(14128): JS: launcher.eventCenter.onImageLoaded
11-28 15:24:41.077 D/cocos2d-x debug info(14128): JS: onImageLoaded url:/data/data/tv.fun.launcher/files/com.istudio.appstore
11-28 15:24:41.077 D/cocos2d-x debug info(14128): JS: AppsLayer getCellByUrl, return null, url is /data/data/tv.fun.launcher/files/com.istudio.appstore
11-28 15:24:41.077 D/cocos2d-x debug info(14128): JS: onLoadImage end
11-28 15:24:41.077 D/cocos2d-x debug info(14128): JS: onLoadImage start:/data/data/tv.fun.launcher/files/com.istudio.appstore
11-28 15:24:41.077 D/JniHelper(14128): JniHelper::getJavaVM(), pthread_self() = 1529184920
11-28 15:24:41.087 D/FileUtil(14128): getImageFilePathByUrl, url is /data/data/tv.fun.launcher/files/com.istudio.appstore
11-28 15:24:41.087 D/FileUtil(14128): getImageFilePathByUrl, fileName is com.istudio.appstore
11-28 15:24:41.087 D/cocos2d-x debug info(14128): JS: onLoadImage end
11-28 15:24:41.137 D/cocos2d-x debug info(14128): JS: setAppServerInfo appServerInfo : [object Object]
11-28 15:24:41.137 D/cocos2d-x debug info(14128): JS: launcherAppAdapter updateData cell30
11-28 15:24:41.137 D/cocos2d-x debug info(14128): JS: launcherAppAdapter fillData cell30
11-28 15:24:41.137 D/cocos2d-x debug info(14128): JS: this.mData.length4330
11-28 15:24:41.147 D/cocos2d-x debug info(14128): JS: local app:com.softwinner.MeleFileManager
11-28 15:24:41.147 D/JniHelper(14128): JniHelper::getJavaVM(), pthread_self() = 1529184920
11-28 15:24:41.147 D/FileUtil(14128): getImageFilePathByUrl, url is /data/data/tv.fun.launcher/files/com.softwinner.MeleFileManager
11-28 15:24:41.147 D/FileUtil(14128): getImageFilePathByUrl, fileName is com.softwinner.MeleFileManager
11-28 15:24:41.147 D/cocos2d-x debug info(14128): JS: no Icon cache for com.softwinner.MeleFileManager
11-28 15:24:41.147 D/JniHelper(14128): JniHelper::getJavaVM(), pthread_self() = 1529184920
11-28 15:24:41.147 D/cocos2d-x debug info(14128): JS: local app: appIcon begin4
11-28 15:24:41.157 D/LoadIconAsyncTask(14128): start load pkgName is com.softwinner.MeleFileManager
11-28 15:24:41.157 D/JniHelper(14128): JniHelper::getJavaVM(), pthread_self() = 1529184920
11-28 15:24:41.157 D/LoadIconAsyncTask(14128): com.softwinner.MeleFileManager load result is true
11-28 15:24:41.157 D/cocos2d-x debug info(14128): JS: updateAppInfoStateAndProgress downloadState : 1
11-28 15:24:41.167 D/AppStoreManager(14128): javaCallJs.run()------------------------------------------------
11-28 15:24:41.167 D/AppStoreManager(14128): callbackStr : launcher.eventCenter.onImageLoaded({"url":"\/data\/data\/tv.fun.launcher\/files\/com.softwinner.MeleFileManager"})
11-28 15:24:41.167 D/cocos2d-x debug info(14128): JS: launcher.eventCenter.onImageLoaded
11-28 15:24:41.167 D/cocos2d-x debug info(14128): JS: onImageLoaded url:/data/data/tv.fun.launcher/files/com.softwinner.MeleFileManager
11-28 15:24:41.177 D/cocos2d-x debug info(14128): JS: AppsLayer getCellByUrl, return null, url is /data/data/tv.fun.launcher/files/com.softwinner.MeleFileManager
11-28 15:24:41.177 D/cocos2d-x debug info(14128): JS: onLoadImage end
11-28 15:24:41.177 D/cocos2d-x debug info(14128): JS: onLoadImage start:/data/data/tv.fun.launcher/files/com.softwinner.MeleFileManager
11-28 15:24:41.177 D/JniHelper(14128): JniHelper::getJavaVM(), pthread_self() = 1529184920
11-28 15:24:41.177 D/FileUtil(14128): getImageFilePathByUrl, url is /data/data/tv.fun.launcher/files/com.softwinner.MeleFileManager
11-28 15:24:41.177 D/FileUtil(14128): getImageFilePathByUrl, fileName is com.softwinner.MeleFileManager
11-28 15:24:41.177 D/cocos2d-x debug info(14128): JS: onLoadImage end
11-28 15:24:41.187 D/cocos2d-x debug info(14128): trace_frame: 55.906914
11-28 15:24:41.257 D/cocos2d-x debug info(14128): JS: setAppServerInfo appServerInfo : [object Object]
11-28 15:24:41.257 D/cocos2d-x debug info(14128): JS: launcherAppAdapter updateData cell29
11-28 15:24:41.257 D/cocos2d-x debug info(14128): JS: launcherAppAdapter fillData cell29
11-28 15:24:41.257 D/cocos2d-x debug info(14128): JS: this.mData.length4329
11-28 15:24:41.257 D/cocos2d-x debug info(14128): JS: local app:com.mele.melesystemupdate
11-28 15:24:41.257 D/JniHelper(14128): JniHelper::getJavaVM(), pthread_self() = 1529184920
11-28 15:24:41.257 D/FileUtil(14128): getImageFilePathByUrl, url is /data/data/tv.fun.launcher/files/com.mele.melesystemupdate
11-28 15:24:41.257 D/FileUtil(14128): getImageFilePathByUrl, fileName is com.mele.melesystemupdate
11-28 15:24:41.257 D/cocos2d-x debug info(14128): JS: no Icon cache for com.mele.melesystemupdate
11-28 15:24:41.267 D/JniHelper(14128): JniHelper::getJavaVM(), pthread_self() = 1529184920
11-28 15:24:41.267 D/LoadIconAsyncTask(14128): start load pkgName is com.mele.melesystemupdate
11-28 15:24:41.267 D/cocos2d-x debug info(14128): JS: local app: appIcon begin4
11-28 15:24:41.267 D/JniHelper(14128): JniHelper::getJavaVM(), pthread_self() = 1529184920
11-28 15:24:41.267 D/LoadIconAsyncTask(14128): com.mele.melesystemupdate load result is true
11-28 15:24:41.267 D/cocos2d-x debug info(14128): JS: updateAppInfoStateAndProgress downloadState : 1
11-28 15:24:41.277 D/AppStoreManager(14128): javaCallJs.run()------------------------------------------------
11-28 15:24:41.277 D/AppStoreManager(14128): callbackStr : launcher.eventCenter.onImageLoaded({"url":"\/data\/data\/tv.fun.launcher\/files\/com.mele.melesystemupdate"})
11-28 15:24:41.277 D/cocos2d-x debug info(14128): JS: launcher.eventCenter.onImageLoaded
11-28 15:24:41.277 D/cocos2d-x debug info(14128): JS: onImageLoaded url:/data/data/tv.fun.launcher/files/com.mele.melesystemupdate
11-28 15:24:41.287 D/cocos2d-x debug info(14128): JS: AppsLayer getCellByUrl, return null, url is /data/data/tv.fun.launcher/files/com.mele.melesystemupdate
11-28 15:24:41.287 D/cocos2d-x debug info(14128): JS: onLoadImage end
11-28 15:24:41.287 D/cocos2d-x debug info(14128): JS: onLoadImage start:/data/data/tv.fun.launcher/files/com.mele.melesystemupdate
11-28 15:24:41.287 D/JniHelper(14128): JniHelper::getJavaVM(), pthread_self() = 1529184920
11-28 15:24:41.287 D/FileUtil(14128): getImageFilePathByUrl, url is /data/data/tv.fun.launcher/files/com.mele.melesystemupdate
11-28 15:24:41.287 D/FileUtil(14128): getImageFilePathByUrl, fileName is com.mele.melesystemupdate
11-28 15:24:41.287 D/cocos2d-x debug info(14128): JS: onLoadImage end
11-28 15:24:41.297 D/cocos2d-x debug info(14128): trace_frame: 55.168354
11-28 15:24:41.357 D/launcher_auto(14128): launcher_auto: sendkey and wait.
11-28 15:24:41.387 D/cocos2d-x debug info(14128): JS: tableMoveFinished 
11-28 15:24:41.387 D/cocos2d-x debug info(14128): JS: updateAppInfo, cellIndex = 34
11-28 15:24:41.397 D/cocos2d-x debug info(14128): JS: updateAppButtonPosition appButton : [object Object]
11-28 15:24:41.397 D/cocos2d-x debug info(14128): JS: updateAppButtonPosition appButton : [object Object]
11-28 15:24:41.397 D/JniHelper(14128): JniHelper::getJavaVM(), pthread_self() = 1529184920
11-28 15:24:41.397 D/FileUtil(14128): getImageFilePathByUrl, url is http://172.16.12.58:8080/meedo-img/dd798d/eae27d/snapshots_1944KBBL5C7P5_海报1.png
11-28 15:24:41.397 D/FileUtil(14128): getImageFilePathByUrl, fileName is snapshots_1944KBBL5C7P5_海报1.png
11-28 15:24:41.397 D/JniHelper(14128): JniHelper::getJavaVM(), pthread_self() = 1529184920
11-28 15:24:41.397 D/FileUtil(14128): getImageFilePathByUrl, url is http://172.16.12.58:8080/meedo-img/dd798d/eae27d/snapshots_1944KBBL6JR78_海报2.png
11-28 15:24:41.397 D/FileUtil(14128): getImageFilePathByUrl, fileName is snapshots_1944KBBL6JR78_海报2.png
11-28 15:24:41.397 D/JniHelper(14128): JniHelper::getJavaVM(), pthread_self() = 1529184920
11-28 15:24:41.397 D/FileUtil(14128): getImageFilePathByUrl, url is http://172.16.12.58:8080/meedo-img/dd798d/eae27d/snapshots_1944KBBL67DFJ_海报3.png
11-28 15:24:41.397 D/FileUtil(14128): getImageFilePathByUrl, fileName is snapshots_1944KBBL67DFJ_海报3.png
11-28 15:24:41.407 D/cocos2d-x debug info(14128): JS: updateAppButtonState cellIndex : 34
11-28 15:24:41.407 D/cocos2d-x debug info(14128): JS: setAppButtons typeArray : 1,2
11-28 15:24:41.407 D/cocos2d-x debug info(14128): JS: setAppButtons appButtons : [object Object],[object Object]
11-28 15:24:41.407 D/cocos2d-x debug info(14128): JS: setButtonText text : 打开
11-28 15:24:41.407 D/cocos2d-x debug info(14128): JS: setButtonText text : 卸载
11-28 15:24:41.437 D/dalvikvm(14128): GC_FOR_ALLOC freed 460K, 58% free 7784K/18508K, paused 22ms, total 22ms
11-28 15:24:41.457 D/cocos2d-x debug info(14128): trace_frame: 49.645039
11-28 15:24:41.557 D/cocos2d-x debug info(14128): trace_frame: 68.986580
11-28 15:24:41.657 D/cocos2d-x debug info(14128): trace_frame: 59.449501
11-28 15:24:41.767 D/cocos2d-x debug info(14128): trace_frame: 60.388039
11-28 15:24:41.827 D/mdns    ( 4397): mDNS_Execute
11-28 15:24:41.827 D/mdns    ( 4397): mDNS_Execute: Setting NewLocalRecords to NULL
11-28 15:24:41.827 D/mdns    ( 4397): Announcing 006d0e03a545@MiniMax._raop._tcp.local. (TXT) 6
11-28 15:24:41.827 D/mdns    ( 4397): Announcing _services._dns-sd._udp.local. (PTR) 6
11-28 15:24:41.827 D/mdns    ( 4397): Announcing _raop._tcp.local. (PTR) 6
11-28 15:24:41.827 D/mdns    ( 4397): Announcing MiniMax._airplay._tcp.local. (TXT) 6
11-28 15:24:41.827 D/mdns    ( 4397): Announcing _services._dns-sd._udp.local. (PTR) 6
11-28 15:24:41.827 D/mdns    ( 4397): Announcing _airplay._tcp.local. (PTR) 6
11-28 15:24:41.827 D/mdns    ( 4397): Announcing 006d0e03a545@MiniMax._raop._tcp.local. (SRV) 6
11-28 15:24:41.827 D/mdns    ( 4397): Announcing MiniMax._airplay._tcp.local. (SRV) 6
11-28 15:24:41.827 D/mdns    ( 4397): Announcing 147.13.16.172.in-addr.arpa. (PTR) 6
11-28 15:24:41.827 D/mdns    ( 4397): Announcing 5.4.5.A.3.0.E.F.F.F.E.0.D.6.2.0.0.0.0.0.0.0.0.0.0.0.0.0.0.8.E.F.ip6.arpa. (PTR) 6
11-28 15:24:41.827 D/mdns    ( 4397): Announcing Android-2.local. (Addr) 6
11-28 15:24:41.827 D/mdns    ( 4397): Announcing Android-2.local. (AAAA) 6
11-28 15:24:41.827 D/mdns    ( 4397): SendResponses: Sending 0 Deregistrations, 12 Announcements, 0 Answers, 5 Additionals on 412BB3B8
11-28 15:24:41.827 D/mdns    ( 4397): SendResponses: Next in 2048 ticks
11-28 15:24:41.827 D/mdns    ( 4397): SocketDataReady got a packet from 172.16.13.147 to 224.0.0.251 on interface 172.16.13.147/wlan0/7/320
11-28 15:24:41.827 D/mdns    ( 4397): Received Response from 172.16.13.147   addressed to 224.0.0.251     on 412BB3B8 with  0 Questions, 12 Answers,  0 Authorities,  5 Additionals 661 bytes LLQType 0
11-28 15:24:41.827 D/mdns    ( 4397): Found record size   115 interface 412BB3B8 already in cache:  115 006d0e03a545@MiniMax._raop._tcp.local. TXT ch=2¦cn=0,1¦da=true¦ek=1¦et=0,1¦md=0,1,2¦pw=false¦sm=false¦sr=44100¦ss=16¦sv=false¦tp=UDP¦txtvers=
11-28 15:24:41.827 D/mdns    ( 4397): Found record size    75 interface 412BB3B8 already in cache:   75 MiniMax._airplay._tcp.local. TXT deviceid=00:6d:0e:03:a5:45¦features=0x2077¦model=AppleTV2,1¦srcvers=101.28
11-28 15:24:41.827 D/mdns    ( 4397): Found record size    78 interface 412BB3B8 already in cache:   78 5.4.5.A.3.0.E.F.F.F.E.0.D.6.2.0.0.0.0.0.0.0.0.0.0.0.0.0.0.8.E.F.ip6.arpa. NSEC PTR 
11-28 15:24:41.827 D/mdns    ( 4397): SocketDataReady got a packet from FE80:0000:0000:0000:026D:0EFF:FE03:A545 to FF02:0000:0000:0000:0000:0000:0000:00FB on interface 172.16.13.147/wlan0/7/321
11-28 15:24:41.827 D/mdns    ( 4397): Received Response from FE80:0000:0000:0000:026D:0EFF:FE03:A545 addressed to FF02:0000:0000:0000:0000:0000:0000:00FB on 412BB3B8 with  0 Questions, 12 Answers,  0 Authorities,  5 Additionals 661 bytes LLQType 0
11-28 15:24:41.827 D/mdns    ( 4397): Found record size   115 interface 412BB3B8 already in cache:  115 006d0e03a545@MiniMax._raop._tcp.local. TXT ch=2¦cn=0,1¦da=true¦ek=1¦et=0,1¦md=0,1,2¦pw=false¦sm=false¦sr=44100¦ss=16¦sv=false¦tp=UDP¦txtvers=
11-28 15:24:41.827 D/mdns    ( 4397): Found record size    75 interface 412BB3B8 already in cache:   75 MiniMax._airplay._tcp.local. TXT deviceid=00:6d:0e:03:a5:45¦features=0x2077¦model=AppleTV2,1¦srcvers=101.28
11-28 15:24:41.827 D/mdns    ( 4397): Found record size    78 interface 412BB3B8 already in cache:   78 5.4.5.A.3.0.E.F.F.F.E.0.D.6.2.0.0.0.0.0.0.0.0.0.0.0.0.0.0.8.E.F.ip6.arpa. NSEC PTR 
11-28 15:24:41.867 D/cocos2d-x debug info(14128): JS: keyCode : 156
11-28 15:24:41.877 D/cocos2d-x debug info(14128): JS: left button clicked. currentIndex:33
11-28 15:24:41.877 D/cocos2d-x debug info(14128): trace_frame: 57.484478
11-28 15:24:41.877 D/dalvikvm(22184): GC_CONCURRENT freed 888K, 21% free 6776K/8544K, paused 2ms+3ms, total 60ms
11-28 15:24:41.877 D/dalvikvm(22184): WAIT_FOR_CONCURRENT_GC blocked 47ms
11-28 15:24:41.877 D/dalvikvm(22184): WAIT_FOR_CONCURRENT_GC blocked 30ms
11-28 15:24:41.877 D/dalvikvm(22184): WAIT_FOR_CONCURRENT_GC blocked 46ms
11-28 15:24:41.927 D/mdns    ( 4397): mDNS_Execute
11-28 15:24:41.927 D/mdns    ( 4397): mDNS_Execute: Setting NewLocalRecords to NULL
11-28 15:24:41.987 D/cocos2d-x debug info(14128): trace_frame: 62.379139
11-28 15:24:42.087 D/cocos2d-x debug info(14128): JS: tableMoveFinished 
11-28 15:24:42.087 D/cocos2d-x debug info(14128): JS: updateAppInfo, cellIndex = 33
11-28 15:24:42.097 D/cocos2d-x debug info(14128): JS: updateAppButtonPosition appButton : [object Object]
11-28 15:24:42.097 D/cocos2d-x debug info(14128): JS: updateAppButtonPosition appButton : [object Object]
11-28 15:24:42.097 D/cocos2d-x debug info(14128): JS: updateAppButtonState cellIndex : 33
11-28 15:24:42.097 D/cocos2d-x debug info(14128): JS: setAppButtons typeArray : 1
11-28 15:24:42.097 D/cocos2d-x debug info(14128): JS: setAppButtons appButtons : [object Object],[object Object]
11-28 15:24:42.097 D/cocos2d-x debug info(14128): JS: setButtonText text : 打开
11-28 15:24:42.107 D/cocos2d-x debug info(14128): trace_frame: 59.926289
11-28 15:24:42.207 D/cocos2d-x debug info(14128): trace_frame: 60.173126
11-28 15:24:42.307 D/cocos2d-x debug info(14128): trace_frame: 59.995197
11-28 15:24:42.367 D/launcher_auto(14128): launcher_auto: sendkey and wait.
11-28 15:24:42.407 D/cocos2d-x debug info(14128): trace_frame: 59.982605
11-28 15:24:42.517 D/cocos2d-x debug info(14128): trace_frame: 59.916634
11-28 15:24:42.637 D/cocos2d-x debug info(14128): trace_frame: 60.105961
11-28 15:24:42.737 D/cocos2d-x debug info(14128): trace_frame: 59.970013
11-28 15:24:42.757 D/mdns    ( 4397): SocketDataReady got a packet from 172.16.13.164 to 224.0.0.251 on interface 172.16.13.147/wlan0/7/320
11-28 15:24:42.757 D/mdns    ( 4397): Received Response from 172.16.13.164   addressed to 224.0.0.251     on 412BB3B8 with  0 Questions,  3 Answers,  0 Authorities,  0 Additionals 202 bytes LLQType 0
11-28 15:24:42.837 D/cocos2d-x debug info(14128): trace_frame: 59.731808
11-28 15:24:42.867 D/cocos2d-x debug info(14128): JS: keyCode : 156
11-28 15:24:42.877 D/cocos2d-x debug info(14128): JS: left button clicked. currentIndex:32
11-28 15:24:42.897 D/dalvikvm(22184): GC_CONCURRENT freed 822K, 22% free 6717K/8544K, paused 3ms+4ms, total 49ms
11-28 15:24:42.957 D/cocos2d-x debug info(14128): trace_frame: 60.258076
11-28 15:24:43.067 D/cocos2d-x debug info(14128): trace_frame: 60.010620
11-28 15:24:43.087 D/cocos2d-x debug info(14128): JS: tableMoveFinished 
11-28 15:24:43.087 D/cocos2d-x debug info(14128): JS: updateAppInfo, cellIndex = 32
11-28 15:24:43.097 D/cocos2d-x debug info(14128): JS: updateAppButtonPosition appButton : [object Object]
11-28 15:24:43.097 D/cocos2d-x debug info(14128): JS: updateAppButtonPosition appButton : [object Object]
11-28 15:24:43.097 D/cocos2d-x debug info(14128): JS: updateAppButtonState cellIndex : 32
11-28 15:24:43.097 D/cocos2d-x debug info(14128): JS: setAppButtons typeArray : 1
11-28 15:24:43.177 D/cocos2d-x debug info(14128): trace_frame: 59.418293
