11-28 15:24:13.797 D/mdns    ( 4397): Found record size   115 interface 412BAFB0 already in cache:  115 006d0e03a545@MiniMax._raop._tcp.local. TXT ch=2¦cn=0,1¦da=true¦ek=1¦et=0,1¦md=0,1,2¦pw=false¦sm=false¦sr=44100¦ss=16¦sv=false¦tp=UDP¦txtvers=
11-28 15:24:13.797 D/mdns    ( 4397): Found record size    75 interface 412BAFB0 already in cache:   75 MiniMax._airplay._tcp.local. TXT deviceid=00:6d:0e:03:a5:45¦features=0x2077¦model=AppleTV2,1¦srcvers=101.28
11-28 15:24:13.797 D/mdns    ( 4397): Found record size    78 interface 412BAFB0 already in cache:   78 5.4.5.A.3.0.E.F.F.F.E.0.D.6.2.0.0.0.0.0.0.0.0.0.0.0.0.0.0.8.E.F.ip6.arpa. NSEC PTR 
11-28 15:24:13.797 D/mdns    ( 4397): SocketDataReady got a packet from FE80:0000:0000:0000:026D:0EFF:FE03:A545 to FF02:0000:0000:0000:0000:0000:0000:00FB on interface 172.16.13.147/wlan0/7/317
11-28 15:24:13.797 D/mdns    ( 4397): Received Response from FE80:0000:0000:0000:026D:0EFF:FE03:A545 addressed to FF02:0000:0000:0000:0000:0000:0000:00FB on 412BAFB0 with  0 Questions, 12 Answers,  0 Authorities,  6 Additionals 690 bytes LLQType 0
11-28 15:24:13.797 D/mdns    ( 4397): Found record size   115 interface 412BAFB0 already in cache:  115 006d0e03a545@MiniMax._raop._tcp.local. TXT ch=2¦cn=0,1¦da=true¦ek=1¦et=0,1¦md=0,1,2¦pw=false¦sm=false¦sr=44100¦ss=16¦sv=false¦tp=UDP¦txtvers=
11-28 15:24:13.797 D/mdns    ( 4397): Found record size    75 interface 412BAFB0 already in cache:   75 MiniMax._airplay._tcp.local. TXT deviceid=00:6d:0e:03:a5:45¦features=0x2077¦model=AppleTV2,1¦srcvers=101.28
11-28 15:24:13.797 D/mdns    ( 4397): Found record size    78 interface 412BAFB0 already in cache:   78 5.4.5.A.3.0.E.F.F.F.E.0.D.6.2.0.0.0.0.0.0.0.0.0.0.0.0.0.0.8.E.F.ip6.arpa. NSEC PTR 
11-28 15:24:13.857 D/cocos2d-x debug info(14128): trace_frame: 62.553616
11-28 15:24:13.897 D/mdns    ( 4397): mDNS_Execute
11-28 15:24:13.897 D/mdns    ( 4397): mDNS_Execute: Setting NewLocalRecords to NULL
11-28 15:24:13.957 D/cocos2d-x debug info(14128): JS: tableMoveFinished 
11-28 15:24:13.957 D/cocos2d-x debug info(14128): JS: updateAppInfo, cellIndex = 9
11-28 15:24:13.967 D/cocos2d-x debug info(14128): JS: updateAppButtonPosition appButton : [object Object]
11-28 15:24:13.967 D/cocos2d-x debug info(14128): JS: updateAppButtonPosition appButton : [object Object]
11-28 15:24:13.967 D/JniHelper(14128): JniHelper::getJavaVM(), pthread_self() = 1529184920
11-28 15:24:13.967 D/FileUtil(14128): getImageFilePathByUrl, url is http://172.16.12.58:8080/meedo-img/c97437/167909/snapshots_1944KI59I1EBC_海报1.png
11-28 15:24:13.967 D/FileUtil(14128): getImageFilePathByUrl, fileName is snapshots_1944KI59I1EBC_海报1.png
11-28 15:24:13.967 D/JniHelper(14128): JniHelper::getJavaVM(), pthread_self() = 1529184920
11-28 15:24:13.967 D/FileUtil(14128): getImageFilePathByUrl, url is http://172.16.12.58:8080/meedo-img/c97437/167909/snapshots_1944KI59JGGV4_海报2.png
11-28 15:24:13.967 D/FileUtil(14128): getImageFilePathByUrl, fileName is snapshots_1944KI59JGGV4_海报2.png
11-28 15:24:13.977 D/JniHelper(14128): JniHelper::getJavaVM(), pthread_self() = 1529184920
11-28 15:24:13.977 D/FileUtil(14128): getImageFilePathByUrl, url is http://172.16.12.58:8080/meedo-img/c97437/167909/snapshots_1944KI59K74C9_海报3.png
11-28 15:24:13.977 D/FileUtil(14128): getImageFilePathByUrl, fileName is snapshots_1944KI59K74C9_海报3.png
11-28 15:24:13.977 D/cocos2d-x debug info(14128): JS: updateAppButtonState cellIndex : 9
11-28 15:24:13.977 D/cocos2d-x debug info(14128): JS: setAppButtons typeArray : 1,2
11-28 15:24:14.027 D/dalvikvm(14128): GC_FOR_ALLOC freed 1429K, 58% free 7784K/18508K, paused 22ms, total 23ms
11-28 15:24:14.027 D/cocos2d-x debug info(14128): trace_frame: 59.994602
11-28 15:24:14.057 D/cocos2d-x debug info(14128): trace_frame: 19.950722
11-28 15:24:14.167 D/cocos2d-x debug info(14128): trace_frame: 60.099762
11-28 15:24:14.227 D/launcher_auto(14128): launcher_auto: sendkey and wait.
11-28 15:24:14.267 D/cocos2d-x debug info(14128): trace_frame: 59.971809
11-28 15:24:14.367 D/cocos2d-x debug info(14128): trace_frame: 59.859932
11-28 15:24:14.487 D/cocos2d-x debug info(14128): trace_frame: 60.114738
11-28 15:24:14.587 D/cocos2d-x debug info(14128): trace_frame: 59.983799
11-28 15:24:14.707 D/cocos2d-x debug info(14128): trace_frame: 60.062119
11-28 15:24:14.737 D/cocos2d-x debug info(14128): JS: keyCode : 157
11-28 15:24:14.737 D/cocos2d-x debug info(14128): JS: right button clicked. lastIndex:9
11-28 15:24:14.737 D/cocos2d-x debug info(14128): JS: turnPage: toRight true
11-28 15:24:14.737 D/cocos2d-x debug info(14128): JS: jumpFocus0
11-28 15:24:14.737 D/cocos2d-x debug info(14128): JS: toXPosition327.5y212
11-28 15:24:14.747 D/cocos2d-x debug info(14128): JS: right button clicked. currentIndex:10
11-28 15:24:14.807 D/cocos2d-x debug info(14128): JS: setAppServerInfo appServerInfo : [object Object]
11-28 15:24:14.807 D/cocos2d-x debug info(14128): JS: setAppServerInfo app.serverInfo : undefined
11-28 15:24:14.807 D/cocos2d-x debug info(14128): JS: _initAppInstallState packageName : cn.com.wasu.main
11-28 15:24:14.807 D/JniHelper(14128): JniHelper::getJavaVM(), pthread_self() = 1529184920
11-28 15:24:14.807 D/JniHelper(14128): JniHelper::getJavaVM(), pthread_self() = 1529184920
11-28 15:24:14.807 D/cocos2d-x debug info(14128): JS: launcherAppAdapter updateData cell11
11-28 15:24:14.817 D/cocos2d-x debug info(14128): JS: launcherAppAdapter fillData cell11
11-28 15:24:14.817 D/cocos2d-x debug info(14128): JS: this.mData.length4311
11-28 15:24:14.817 D/cocos2d-x debug info(14128): JS: local app:cn.com.wasu.main
11-28 15:24:14.817 D/JniHelper(14128): JniHelper::getJavaVM(), pthread_self() = 1529184920
11-28 15:24:14.817 D/FileUtil(14128): getImageFilePathByUrl, url is /data/data/tv.fun.launcher/files/cn.com.wasu.main
11-28 15:24:14.817 D/FileUtil(14128): getImageFilePathByUrl, fileName is cn.com.wasu.main
11-28 15:24:14.817 D/cocos2d-x debug info(14128): JS: no Icon cache for cn.com.wasu.main
11-28 15:24:14.817 D/JniHelper(14128): JniHelper::getJavaVM(), pthread_self() = 1529184920
11-28 15:24:14.827 D/cocos2d-x debug info(14128): JS: local app: appIcon begin4
11-28 15:24:14.827 D/LoadIconAsyncTask(14128): start load pkgName is cn.com.wasu.main
11-28 15:24:14.827 D/LoadIconAsyncTask(14128): cn.com.wasu.main load result is true
11-28 15:24:14.827 D/JniHelper(14128): JniHelper::getJavaVM(), pthread_self() = 1529184920
11-28 15:24:14.827 D/cocos2d-x debug info(14128): JS: updateAppInfoStateAndProgress downloadState : 1
11-28 15:24:14.837 D/cocos2d-x debug info(14128): trace_frame: 59.986202
11-28 15:24:14.837 D/AppStoreManager(14128): javaCallJs.run()------------------------------------------------
11-28 15:24:14.837 D/AppStoreManager(14128): callbackStr : launcher.eventCenter.onImageLoaded({"url":"\/data\/data\/tv.fun.launcher\/files\/cn.com.wasu.main"})
11-28 15:24:14.837 D/cocos2d-x debug info(14128): JS: launcher.eventCenter.onImageLoaded
11-28 15:24:14.837 D/cocos2d-x debug info(14128): JS: onImageLoaded url:/data/data/tv.fun.launcher/files/cn.com.wasu.main
11-28 15:24:14.837 D/cocos2d-x debug info(14128): JS: AppsLayer getCellByUrl, return null, url is /data/data/tv.fun.launcher/files/cn.com.wasu.main
11-28 15:24:14.847 D/cocos2d-x debug info(14128): JS: onLoadImage end
11-28 15:24:14.847 D/cocos2d-x debug info(14128): JS: onLoadImage start:/data/data/tv.fun.launcher/files/cn.com.wasu.main
11-28 15:24:14.847 D/JniHelper(14128): JniHelper::getJavaVM(), pthread_self() = 1529184920
11-28 15:24:14.847 D/FileUtil(14128): getImageFilePathByUrl, url is /data/data/tv.fun.launcher/files/cn.com.wasu.main
11-28 15:24:14.847 D/FileUtil(14128): getImageFilePathByUrl, fileName is cn.com.wasu.main
11-28 15:24:14.847 D/cocos2d-x debug info(14128): JS: onLoadImage end
11-28 15:24:14.867 D/cocos2d-x debug info(14128): JS: setAppServerInfo appServerInfo : [object Object]
11-28 15:24:14.867 D/cocos2d-x debug info(14128): JS: setAppServerInfo app.serverInfo : undefined
11-28 15:24:14.877 D/cocos2d-x debug info(14128): JS: _initAppInstallState packageName : com.qiyi.video
11-28 15:24:14.877 D/JniHelper(14128): JniHelper::getJavaVM(), pthread_self() = 1529184920
11-28 15:24:14.877 D/JniHelper(14128): JniHelper::getJavaVM(), pthread_self() = 1529184920
11-28 15:24:14.877 D/cocos2d-x debug info(14128): JS: launcherAppAdapter updateData cell12
11-28 15:24:14.877 D/cocos2d-x debug info(14128): JS: launcherAppAdapter fillData cell12
11-28 15:24:14.877 D/cocos2d-x debug info(14128): JS: this.mData.length4312
11-28 15:24:14.877 D/cocos2d-x debug info(14128): JS: local app:com.qiyi.video
11-28 15:24:14.887 D/JniHelper(14128): JniHelper::getJavaVM(), pthread_self() = 1529184920
11-28 15:24:14.887 D/FileUtil(14128): getImageFilePathByUrl, url is /data/data/tv.fun.launcher/files/com.qiyi.video
11-28 15:24:14.887 D/FileUtil(14128): getImageFilePathByUrl, fileName is com.qiyi.video
11-28 15:24:14.887 D/cocos2d-x debug info(14128): JS: no Icon cache for com.qiyi.video
11-28 15:24:14.887 D/JniHelper(14128): JniHelper::getJavaVM(), pthread_self() = 1529184920
11-28 15:24:14.887 D/LoadIconAsyncTask(14128): start load pkgName is com.qiyi.video
11-28 15:24:14.887 D/cocos2d-x debug info(14128): JS: local app: appIcon begin4
11-28 15:24:14.897 D/JniHelper(14128): JniHelper::getJavaVM(), pthread_self() = 1529184920
11-28 15:24:14.897 D/LoadIconAsyncTask(14128): com.qiyi.video load result is true
11-28 15:24:14.897 D/cocos2d-x debug info(14128): JS: updateAppInfoStateAndProgress downloadState : 1
11-28 15:24:14.907 D/AppStoreManager(14128): javaCallJs.run()------------------------------------------------
11-28 15:24:14.907 D/AppStoreManager(14128): callbackStr : launcher.eventCenter.onImageLoaded({"url":"\/data\/data\/tv.fun.launcher\/files\/com.qiyi.video"})
11-28 15:24:14.907 D/cocos2d-x debug info(14128): JS: launcher.eventCenter.onImageLoaded
11-28 15:24:14.907 D/cocos2d-x debug info(14128): JS: onImageLoaded url:/data/data/tv.fun.launcher/files/com.qiyi.video
11-28 15:24:14.907 D/cocos2d-x debug info(14128): JS: AppsLayer getCellByUrl, return null, url is /data/data/tv.fun.launcher/files/com.qiyi.video
11-28 15:24:14.907 D/cocos2d-x debug info(14128): JS: onLoadImage end
11-28 15:24:14.917 D/cocos2d-x debug info(14128): JS: onLoadImage start:/data/data/tv.fun.launcher/files/com.qiyi.video
11-28 15:24:14.917 D/JniHelper(14128): JniHelper::getJavaVM(), pthread_self() = 1529184920
11-28 15:24:14.917 D/FileUtil(14128): getImageFilePathByUrl, url is /data/data/tv.fun.launcher/files/com.qiyi.video
11-28 15:24:14.917 D/FileUtil(14128): getImageFilePathByUrl, fileName is com.qiyi.video
11-28 15:24:14.917 D/cocos2d-x debug info(14128): JS: onLoadImage end
11-28 15:24:14.917 D/cocos2d-x debug info(14128): trace_frame: 35.185558
11-28 15:24:14.957 D/cocos2d-x debug info(14128): JS: setAppServerInfo appServerInfo : [object Object]
11-28 15:24:14.957 D/cocos2d-x debug info(14128): JS: launcherAppAdapter updateData cell13
11-28 15:24:14.957 D/cocos2d-x debug info(14128): JS: launcherAppAdapter fillData cell13
11-28 15:24:14.957 D/cocos2d-x debug info(14128): JS: this.mData.length4313
11-28 15:24:14.957 D/JniHelper(14128): JniHelper::getJavaVM(), pthread_self() = 1529184920
11-28 15:24:14.957 D/FileUtil(14128): getImageFilePathByUrl, url is http://172.16.12.58:8080/meedo-img/a0434e/b6d767/poster_1944JRDNTLUDG_贝瓦儿歌.png
11-28 15:24:14.957 D/FileUtil(14128): getImageFilePathByUrl, fileName is poster_1944JRDNTLUDG_贝瓦儿歌.png
11-28 15:24:14.957 D/JniHelper(14128): JniHelper::getJavaVM(), pthread_self() = 1529184920
11-28 15:24:14.967 D/cocos2d-x debug info(14128): JS: updateAppInfoStateAndProgress downloadState : 1
11-28 15:24:15.027 D/cocos2d-x debug info(14128): JS: LRUCache, set item key is /data/data/tv.fun.launcher/cache/poster_1944JRDNTLUDG_贝瓦儿歌.png, value is undefined
11-28 15:24:15.027 D/cocos2d-x debug info(14128): JS: LRUCache, set item current size is 6
11-28 15:24:15.027 D/cocos2d-x debug info(14128): trace_frame: 67.894577
11-28 15:24:15.037 D/cocos2d-x debug info(14128): JS: setAppServerInfo appServerInfo : [object Object]
11-28 15:24:15.037 D/cocos2d-x debug info(14128): JS: launcherAppAdapter updateData cell14
11-28 15:24:15.037 D/cocos2d-x debug info(14128): JS: launcherAppAdapter fillData cell14
11-28 15:24:15.047 D/cocos2d-x debug info(14128): JS: this.mData.length4314
11-28 15:24:15.047 D/JniHelper(14128): JniHelper::getJavaVM(), pthread_self() = 1529184920
11-28 15:24:15.047 D/FileUtil(14128): getImageFilePathByUrl, url is http://172.16.12.58:8080/meedo-img/2cc738/c81e72/poster_1944K8JIGMK9M_美食杰TV版.png
11-28 15:24:15.047 D/FileUtil(14128): getImageFilePathByUrl, fileName is poster_1944K8JIGMK9M_美食杰TV版.png
11-28 15:24:15.047 D/cocos2d-x debug info(14128): JS: LRUCache, contains key /data/data/tv.fun.launcher/cache/poster_1944K8JIGMK9M_美食杰TV版.png
11-28 15:24:15.047 D/JniHelper(14128): JniHelper::getJavaVM(), pthread_self() = 1529184920
11-28 15:24:15.047 D/cocos2d-x debug info(14128): JS: updateAppInfoStateAndProgress downloadState : 1
11-28 15:24:15.137 D/cocos2d-x debug info(14128): trace_frame: 59.995716
11-28 15:24:15.207 D/cocos2d-x debug info(14128): JS: setAppServerInfo appServerInfo : [object Object]
11-28 15:24:15.207 D/cocos2d-x debug info(14128): JS: setAppServerInfo app.serverInfo : undefined
11-28 15:24:15.207 D/cocos2d-x debug info(14128): JS: _initAppInstallState packageName : com.sohutv.tv
11-28 15:24:15.207 D/JniHelper(14128): JniHelper::getJavaVM(), pthread_self() = 1529184920
11-28 15:24:15.207 D/JniHelper(14128): JniHelper::getJavaVM(), pthread_self() = 1529184920
11-28 15:24:15.207 D/cocos2d-x debug info(14128): JS: launcherAppAdapter updateData cell15
11-28 15:24:15.207 D/cocos2d-x debug info(14128): JS: launcherAppAdapter fillData cell15
11-28 15:24:15.217 D/cocos2d-x debug info(14128): JS: this.mData.length4315
11-28 15:24:15.217 D/cocos2d-x debug info(14128): JS: local app:com.sohutv.tv
11-28 15:24:15.217 D/JniHelper(14128): JniHelper::getJavaVM(), pthread_self() = 1529184920
11-28 15:24:15.217 D/FileUtil(14128): getImageFilePathByUrl, url is /data/data/tv.fun.launcher/files/com.sohutv.tv
11-28 15:24:15.217 D/FileUtil(14128): getImageFilePathByUrl, fileName is com.sohutv.tv
11-28 15:24:15.217 D/cocos2d-x debug info(14128): JS: no Icon cache for com.sohutv.tv
11-28 15:24:15.217 D/JniHelper(14128): JniHelper::getJavaVM(), pthread_self() = 1529184920
11-28 15:24:15.217 D/cocos2d-x debug info(14128): JS: local app: appIcon begin4
11-28 15:24:15.217 D/LoadIconAsyncTask(14128): start load pkgName is com.sohutv.tv
11-28 15:24:15.227 D/JniHelper(14128): JniHelper::getJavaVM(), pthread_self() = 1529184920
11-28 15:24:15.227 D/cocos2d-x debug info(14128): JS: updateAppInfoStateAndProgress downloadState : 1
11-28 15:24:15.227 D/LoadIconAsyncTask(14128): com.sohutv.tv load result is true
11-28 15:24:15.237 D/launcher_auto(14128): launcher_auto: sendkey and wait.
11-28 15:24:15.237 D/AppStoreManager(14128): javaCallJs.run()------------------------------------------------
11-28 15:24:15.237 D/AppStoreManager(14128): callbackStr : launcher.eventCenter.onImageLoaded({"url":"\/data\/data\/tv.fun.launcher\/files\/com.sohutv.tv"})
11-28 15:24:15.237 D/cocos2d-x debug info(14128): JS: launcher.eventCenter.onImageLoaded
11-28 15:24:15.237 D/cocos2d-x debug info(14128): JS: onImageLoaded url:/data/data/tv.fun.launcher/files/com.sohutv.tv
11-28 15:24:15.237 D/cocos2d-x debug info(14128): JS: AppsLayer getCellByUrl, return null, url is /data/data/tv.fun.launcher/files/com.sohutv.tv
11-28 15:24:15.237 D/cocos2d-x debug info(14128): JS: onLoadImage end
11-28 15:24:15.247 D/cocos2d-x debug info(14128): JS: onLoadImage start:/data/data/tv.fun.launcher/files/com.sohutv.tv
11-28 15:24:15.247 D/JniHelper(14128): JniHelper::getJavaVM(), pthread_self() = 1529184920
11-28 15:24:15.247 D/FileUtil(14128): getImageFilePathByUrl, url is /data/data/tv.fun.launcher/files/com.sohutv.tv
11-28 15:24:15.247 D/FileUtil(14128): getImageFilePathByUrl, fileName is com.sohutv.tv
11-28 15:24:15.247 D/cocos2d-x debug info(14128): JS: onLoadImage end
11-28 15:24:15.247 D/cocos2d-x debug info(14128): trace_frame: 45.112514
11-28 15:24:15.257 D/cocos2d-x debug info(14128): JS: tableMoveFinished 
11-28 15:24:15.257 D/cocos2d-x debug info(14128): JS: updateAppInfo, cellIndex = 10
11-28 15:24:15.267 D/cocos2d-x debug info(14128): JS: updateAppButtonPosition appButton : [object Object]
11-28 15:24:15.267 D/cocos2d-x debug info(14128): JS: updateAppButtonPosition appButton : [object Object]
11-28 15:24:15.267 D/cocos2d-x debug info(14128): JS: updateAppButtonState cellIndex : 10
11-28 15:24:15.267 D/cocos2d-x debug info(14128): JS: setAppButtons typeArray : 1,2
11-28 15:24:15.357 D/cocos2d-x debug info(14128): trace_frame: 66.021538
11-28 15:24:15.467 D/cocos2d-x debug info(14128): trace_frame: 60.158649
11-28 15:24:15.567 D/cocos2d-x debug info(14128): trace_frame: 59.943050
11-28 15:24:15.687 D/cocos2d-x debug info(14128): trace_frame: 60.065212
11-28 15:24:15.737 D/cocos2d-x debug info(14128): JS: keyCode : 157
11-28 15:24:15.737 D/cocos2d-x debug info(14128): JS: right button clicked. lastIndex:10
11-28 15:24:15.737 D/cocos2d-x debug info(14128): JS: right button clicked. currentIndex:11
11-28 15:24:15.787 D/cocos2d-x debug info(14128): trace_frame: 59.971218
11-28 15:24:15.907 D/cocos2d-x debug info(14128): trace_frame: 60.002399
11-28 15:24:15.927 D/mdns    ( 4397): SocketDataReady got a packet from 172.16.13.104 to 224.0.0.251 on interface 172.16.13.147/wlan0/7/316
11-28 15:24:15.927 D/mdns    ( 4397): Received Query from 172.16.13.104  :5353  to 224.0.0.251    :5353  on 0x412BAFB0 with  1 Question,   0 Answers,  0 Authorities,  0 Additionals 43 bytes
11-28 15:24:15.927 D/mdns    ( 4397): SocketDataReady got a packet from FE80:0000:0000:0000:6A5B:35FF:FE81:AA9B to FF02:0000:0000:0000:0000:0000:0000:00FB on interface 172.16.13.147/wlan0/7/317
11-28 15:24:15.927 D/mdns    ( 4397): Received Query from FE80:0000:0000:0000:6A5B:35FF:FE81:AA9B:5353  to FF02:0000:0000:0000:0000:0000:0000:00FB:5353  on 0x412BAFB0 with  1 Question,   0 Answers,  0 Authorities,  0 Additionals 43 bytes
11-28 15:24:15.937 D/mdns    ( 4397): SocketDataReady got a packet from 172.16.13.34 to 224.0.0.251 on interface 172.16.13.147/wlan0/7/316
11-28 15:24:15.937 D/mdns    ( 4397): Received Response from 172.16.13.34    addressed to 224.0.0.251     on 412BAFB0 with  0 Questions,  3 Answers,  0 Authorities,  0 Additionals 314 bytes LLQType 0
11-28 15:24:15.957 D/cocos2d-x debug info(14128): JS: tableMoveFinished 
11-28 15:24:15.957 D/cocos2d-x debug info(14128): JS: updateAppInfo, cellIndex = 11
11-28 15:24:15.957 D/mdns    ( 4397): mDNS_Execute
11-28 15:24:15.957 D/mdns    ( 4397): mDNS_Execute: Setting NewLocalRecords to NULL
11-28 15:24:15.967 D/cocos2d-x debug info(14128): JS: updateAppButtonPosition appButton : [object Object]
11-28 15:24:15.967 D/cocos2d-x debug info(14128): JS: updateAppButtonPosition appButton : [object Object]
11-28 15:24:15.967 D/cocos2d-x debug info(14128): JS: updateAppButtonState cellIndex : 11
11-28 15:24:15.977 D/cocos2d-x debug info(14128): JS: setAppButtons typeArray : 1,2
11-28 15:24:15.987 D/dalvikvm(14128): GC_CONCURRENT freed 1524K, 60% free 7457K/18508K, paused 3ms+4ms, total 32ms
11-28 15:24:16.007 D/cocos2d-x debug info(14128): trace_frame: 59.863522
11-28 15:24:16.117 D/cocos2d-x debug info(14128): trace_frame: 60.119385
11-28 15:24:16.217 D/cocos2d-x debug info(14128): trace_frame: 59.996407
11-28 15:24:16.237 D/launcher_auto(14128): launcher_auto: sendkey and wait.
11-28 15:24:16.317 D/cocos2d-x debug info(14128): trace_frame: 59.943649
11-28 15:24:16.417 D/cocos2d-x debug info(14128): trace_frame: 59.917313
11-28 15:24:16.537 D/cocos2d-x debug info(14128): trace_frame: 60.088932
11-28 15:24:16.537 D/mdns    ( 4397): SocketDataReady got a packet from 172.16.13.104 to 224.0.0.251 on interface 172.16.13.147/wlan0/7/316
11-28 15:24:16.537 D/mdns    ( 4397): Received Query from 172.16.13.104  :5353  to 224.0.0.251    :5353  on 0x412BAFB0 with  1 Question,   0 Answers,  0 Authorities,  0 Additionals 43 bytes
11-28 15:24:16.537 D/mdns    ( 4397): SocketDataReady got a packet from FE80:0000:0000:0000:6A5B:35FF:FE81:AA9B to FF02:0000:0000:0000:0000:0000:0000:00FB on interface 172.16.13.147/wlan0/7/317
11-28 15:24:16.537 D/mdns    ( 4397): Received Query from FE80:0000:0000:0000:6A5B:35FF:FE81:AA9B:5353  to FF02:0000:0000:0000:0000:0000:0000:00FB:5353  on 0x412BAFB0 with  1 Question,   0 Answers,  0 Authorities,  0 Additionals 43 bytes
11-28 15:24:16.577 D/mdns    ( 4397): mDNS_Execute
11-28 15:24:16.587 D/mdns    ( 4397): mDNS_Execute: Setting NewLocalRecords to NULL
11-28 15:24:16.637 D/cocos2d-x debug info(14128): trace_frame: 59.424767
11-28 15:24:16.757 D/cocos2d-x debug info(14128): JS: keyCode : 157
11-28 15:24:16.757 D/cocos2d-x debug info(14128): JS: right button clicked. lastIndex:11
11-28 15:24:16.757 D/cocos2d-x debug info(14128): JS: right button clicked. currentIndex:12
11-28 15:24:16.757 D/cocos2d-x debug info(14128): trace_frame: 58.378574
11-28 15:24:16.867 D/cocos2d-x debug info(14128): trace_frame: 62.308624
11-28 15:24:16.967 D/cocos2d-x debug info(14128): JS: tableMoveFinished 
11-28 15:24:16.967 D/cocos2d-x debug info(14128): JS: updateAppInfo, cellIndex = 12
11-28 15:24:16.977 D/cocos2d-x debug info(14128): JS: updateAppButtonPosition appButton : [object Object]
11-28 15:24:16.977 D/cocos2d-x debug info(14128): JS: updateAppButtonPosition appButton : [object Object]
11-28 15:24:16.977 D/cocos2d-x debug info(14128): JS: updateAppButtonState cellIndex : 12
11-28 15:24:16.977 D/cocos2d-x debug info(14128): JS: setAppButtons typeArray : 1,2
11-28 15:24:16.987 D/cocos2d-x debug info(14128): trace_frame: 59.917309
11-28 15:24:17.087 D/cocos2d-x debug info(14128): trace_frame: 59.997269
11-28 15:24:17.207 D/cocos2d-x debug info(14128): trace_frame: 60.057480
11-28 15:24:17.247 D/launcher_auto(14128): launcher_auto: sendkey and wait.
11-28 15:24:17.317 D/cocos2d-x debug info(14128): trace_frame: 60.014751
11-28 15:24:17.357 D/mdns    ( 4397): SocketDataReady got a packet from 172.16.13.131 to 224.0.0.251 on interface 172.16.13.147/wlan0/7/316
11-28 15:24:17.357 D/mdns    ( 4397): Received Response from 172.16.13.131   addressed to 224.0.0.251     on 412BAFB0 with  0 Questions,  3 Answers,  0 Authorities,  0 Additionals 290 bytes LLQType 0
11-28 15:24:17.417 D/cocos2d-x debug info(14128): trace_frame: 59.982002
11-28 15:24:17.517 D/cocos2d-x debug info(14128): trace_frame: 59.970615
11-28 15:24:17.567 D/mdns    ( 4397): SocketDataReady got a packet from 172.16.13.104 to 224.0.0.251 on interface 172.16.13.147/wlan0/7/316
11-28 15:24:17.567 D/mdns    ( 4397): Received Query from 172.16.13.104  :5353  to 224.0.0.251    :5353  on 0x412BAFB0 with  1 Question,   0 Answers,  0 Authorities,  0 Additionals 43 bytes
11-28 15:24:17.567 D/mdns    ( 4397): SocketDataReady got a packet from FE80:0000:0000:0000:6A5B:35FF:FE81:AA9B to FF02:0000:0000:0000:0000:0000:0000:00FB on interface 172.16.13.147/wlan0/7/317
11-28 15:24:17.567 D/mdns    ( 4397): Received Query from FE80:0000:0000:0000:6A5B:35FF:FE81:AA9B:5353  to FF02:0000:0000:0000:0000:0000:0000:00FB:5353  on 0x412BAFB0 with  1 Question,   0 Answers,  0 Authorities,  0 Additionals 43 bytes
11-28 15:24:17.567 D/mdns    ( 4397): SocketDataReady got a packet from 172.16.13.104 to 224.0.0.251 on interface 172.16.13.147/wlan0/7/316
11-28 15:24:17.567 D/mdns    ( 4397): Received Query from 172.16.13.104  :5353  to 224.0.0.251    :5353  on 0x412BAFB0 with  1 Question,   0 Answers,  0 Authorities,  0 Additionals 22 bytes
11-28 15:24:17.567 D/mdns    ( 4397): SocketDataReady got a packet from FE80:0000:0000:0000:6A5B:35FF:FE81:AA9B to FF02:0000:0000:0000:0000:0000:0000:00FB on interface 172.16.13.147/wlan0/7/317
11-28 15:24:17.567 D/mdns    ( 4397): Received Query from FE80:0000:0000:0000:6A5B:35FF:FE81:AA9B:5353  to FF02:0000:0000:0000:0000:0000:0000:00FB:5353  on 0x412BAFB0 with  1 Question,   0 Answers,  0 Authorities,  0 Additionals 22 bytes
11-28 15:24:17.617 D/mdns    ( 4397): mDNS_Execute
11-28 15:24:17.617 D/mdns    ( 4397): mDNS_Execute: Setting NewLocalRecords to NULL
11-28 15:24:17.617 D/cocos2d-x debug info(14128): trace_frame: 59.968819
11-28 15:24:17.737 D/cocos2d-x debug info(14128): trace_frame: 60.080677
11-28 15:24:17.757 D/cocos2d-x debug info(14128): JS: keyCode : 157
11-28 15:24:17.757 D/cocos2d-x debug info(14128): JS: right button clicked. lastIndex:12
11-28 15:24:17.757 D/cocos2d-x debug info(14128): JS: right button clicked. currentIndex:13
11-28 15:24:17.767 D/mdns    ( 4397): SocketDataReady got a packet from 172.16.13.104 to 224.0.0.251 on interface 172.16.13.147/wlan0/7/316
11-28 15:24:17.767 D/mdns    ( 4397): Received Response from 172.16.13.104   addressed to 224.0.0.251     on 412BAFB0 with  0 Questions,  1 Answer,   0 Authorities,  3 Additionals 104 bytes LLQType 0
11-28 15:24:17.767 D/mdns    ( 4397): SocketDataReady got a packet from FE80:0000:0000:0000:6A5B:35FF:FE81:AA9B to FF02:0000:0000:0000:0000:0000:0000:00FB on interface 172.16.13.147/wlan0/7/317
11-28 15:24:17.767 D/mdns    ( 4397): Received Response from FE80:0000:0000:0000:6A5B:35FF:FE81:AA9B addressed to FF02:0000:0000:0000:0000:0000:0000:00FB on 412BAFB0 with  0 Questions,  1 Answer,   0 Authorities,  3 Additionals 104 bytes LLQType 0
11-28 15:24:17.797 D/mdns    ( 4397): mDNS_Execute
11-28 15:24:17.797 D/mdns    ( 4397): mDNS_Execute: Setting NewLocalRecords to NULL
11-28 15:24:17.797 D/mdns    ( 4397): Announcing 006d0e03a545@MiniMax._raop._tcp.local. (TXT) 4
11-28 15:24:17.797 D/mdns    ( 4397): Announcing _services._dns-sd._udp.local. (PTR) 4
11-28 15:24:17.797 D/mdns    ( 4397): Announcing _raop._tcp.local. (PTR) 4
11-28 15:24:17.797 D/mdns    ( 4397): Announcing MiniMax._airplay._tcp.local. (TXT) 4
11-28 15:24:17.797 D/mdns    ( 4397): Announcing _services._dns-sd._udp.local. (PTR) 4
11-28 15:24:17.797 D/mdns    ( 4397): Announcing _airplay._tcp.local. (PTR) 4
11-28 15:24:17.797 D/mdns    ( 4397): Announcing 006d0e03a545@MiniMax._raop._tcp.local. (SRV) 4
11-28 15:24:17.797 D/mdns    ( 4397): Announcing MiniMax._airplay._tcp.local. (SRV) 4
11-28 15:24:17.797 D/mdns    ( 4397): Announcing 147.13.16.172.in-addr.arpa. (PTR) 4
11-28 15:24:17.797 D/mdns    ( 4397): Announcing 5.4.5.A.3.0.E.F.F.F.E.0.D.6.2.0.0.0.0.0.0.0.0.0.0.0.0.0.0.8.E.F.ip6.arpa. (PTR) 4
11-28 15:24:17.797 D/mdns    ( 4397): Announcing Android-2.local. (Addr) 4
11-28 15:24:17.797 D/mdns    ( 4397): Announcing Android-2.local. (AAAA) 4
11-28 15:24:17.797 D/mdns    ( 4397): SendResponses put     24 . OPT Max 1440 Vers 0 Seq   0 MAC 00:00:00:00:00:00 I-MAC 2D:32:05:6C:6F:63
11-28 15:24:17.797 D/mdns    ( 4397): SendResponses: Sending 0 Deregistrations, 12 Announcements, 0 Answers, 6 Additionals on 412BAFB0
11-28 15:24:17.797 D/mdns    ( 4397): SendResponses: Next in 8192 ticks
11-28 15:24:17.797 D/mdns    ( 4397): SocketDataReady got a packet from 172.16.13.147 to 224.0.0.251 on interface 172.16.13.147/wlan0/7/316
11-28 15:24:17.797 D/mdns    ( 4397): Received Response from 172.16.13.147   addressed to 224.0.0.251     on 412BAFB0 with  0 Questions, 12 Answers,  0 Authorities,  6 Additionals 690 bytes LLQType 0
11-28 15:24:17.797 D/mdns    ( 4397): Found record size   115 interface 412BAFB0 already in cache:  115 006d0e03a545@MiniMax._raop._tcp.local. TXT ch=2¦cn=0,1¦da=true¦ek=1¦et=0,1¦md=0,1,2¦pw=false¦sm=false¦sr=44100¦ss=16¦sv=false¦tp=UDP¦txtvers=
11-28 15:24:17.797 D/mdns    ( 4397): Found record size    75 interface 412BAFB0 already in cache:   75 MiniMax._airplay._tcp.local. TXT deviceid=00:6d:0e:03:a5:45¦features=0x2077¦model=AppleTV2,1¦srcvers=101.28
11-28 15:24:17.797 D/mdns    ( 4397): Found record size    78 interface 412BAFB0 already in cache:   78 5.4.5.A.3.0.E.F.F.F.E.0.D.6.2.0.0.0.0.0.0.0.0.0.0.0.0.0.0.8.E.F.ip6.arpa. NSEC PTR 
11-28 15:24:17.797 D/mdns    ( 4397): SocketDataReady got a packet from FE80:0000:0000:0000:026D:0EFF:FE03:A545 to FF02:0000:0000:0000:0000:0000:0000:00FB on interface 172.16.13.147/wlan0/7/317
11-28 15:24:17.797 D/mdns    ( 4397): Received Response from FE80:0000:0000:0000:026D:0EFF:FE03:A545 addressed to FF02:0000:0000:0000:0000:0000:0000:00FB on 412BAFB0 with  0 Questions, 12 Answers,  0 Authorities,  6 Additionals 690 bytes LLQType 0
11-28 15:24:17.797 D/mdns    ( 4397): Found record size   115 interface 412BAFB0 already in cache:  115 006d0e03a545@MiniMax._raop._tcp.local. TXT ch=2¦cn=0,1¦da=true¦ek=1¦et=0,1¦md=0,1,2¦pw=false¦sm=false¦sr=44100¦ss=16¦sv=false¦tp=UDP¦txtvers=
11-28 15:24:17.797 D/mdns    ( 4397): Found record size    75 interface 412BAFB0 already in cache:   75 MiniMax._airplay._tcp.local. TXT deviceid=00:6d:0e:03:a5:45¦features=0x2077¦model=AppleTV2,1¦srcvers=101.28
11-28 15:24:17.797 D/mdns    ( 4397): Found record size    78 interface 412BAFB0 already in cache:   78 5.4.5.A.3.0.E.F.F.F.E.0.D.6.2.0.0.0.0.0.0.0.0.0.0.0.0.0.0.8.E.F.ip6.arpa. NSEC PTR 
11-28 15:24:17.837 D/cocos2d-x debug info(14128): trace_frame: 59.960430
11-28 15:24:17.897 D/mdns    ( 4397): mDNS_Execute
11-28 15:24:17.897 D/mdns    ( 4397): mDNS_Execute: Setting NewLocalRecords to NULL
11-28 15:24:17.937 D/cocos2d-x debug info(14128): trace_frame: 59.996399
11-28 15:24:17.967 D/cocos2d-x debug info(14128): JS: tableMoveFinished 
11-28 15:24:17.967 D/mdns    ( 4397): SocketDataReady got a packet from 172.16.13.131 to 224.0.0.251 on interface 172.16.13.147/wlan0/7/316
11-28 15:24:17.967 D/mdns    ( 4397): Received Response from 172.16.13.131   addressed to 224.0.0.251     on 412BAFB0 with  0 Questions,  1 Answer,   0 Authorities,  0 Additionals 38 bytes LLQType 0
11-28 15:24:17.977 D/cocos2d-x debug info(14128): JS: updateAppInfo, cellIndex = 13
11-28 15:24:17.977 D/cocos2d-x debug info(14128): JS: updateAppButtonPosition appButton : [object Object]
11-28 15:24:17.977 D/cocos2d-x debug info(14128): JS: updateAppButtonPosition appButton : [object Object]
11-28 15:24:17.977 D/JniHelper(14128): JniHelper::getJavaVM(), pthread_self() = 1529184920
11-28 15:24:17.987 D/FileUtil(14128): getImageFilePathByUrl, url is http://172.16.12.58:8080/meedo-img/a0434e/b6d767/snapshots_1944JRJMQR1RH_海报1.png
11-28 15:24:17.987 D/FileUtil(14128): getImageFilePathByUrl, fileName is snapshots_1944JRJMQR1RH_海报1.png
11-28 15:24:17.987 D/JniHelper(14128): JniHelper::getJavaVM(), pthread_self() = 1529184920
11-28 15:24:17.987 D/FileUtil(14128): getImageFilePathByUrl, url is http://172.16.12.58:8080/meedo-img/a0434e/b6d767/snapshots_1944JRJMSSLBH_海报2.png
11-28 15:24:17.987 D/FileUtil(14128): getImageFilePathByUrl, fileName is snapshots_1944JRJMSSLBH_海报2.png
11-28 15:24:17.987 D/JniHelper(14128): JniHelper::getJavaVM(), pthread_self() = 1529184920
11-28 15:24:17.987 D/FileUtil(14128): getImageFilePathByUrl, url is http://172.16.12.58:8080/meedo-img/a0434e/b6d767/snapshots_1944JRJMUI83J_海报3.png
11-28 15:24:17.987 D/FileUtil(14128): getImageFilePathByUrl, fileName is snapshots_1944JRJMUI83J_海报3.png
11-28 15:24:17.997 D/cocos2d-x debug info(14128): JS: updateAppButtonState cellIndex : 13
11-28 15:24:17.997 D/cocos2d-x debug info(14128): JS: setAppButtons typeArray : 1,2
11-28 15:24:18.107 D/cocos2d-x debug info(14128): trace_frame: 18.211948
11-28 15:24:18.117 D/dalvikvm(14128): GC_CONCURRENT freed 320K, 56% free 8197K/18508K, paused 2ms+3ms, total 32ms
11-28 15:24:18.207 D/cocos2d-x debug info(14128): trace_frame: 68.618713
11-28 15:24:18.247 D/launcher_auto(14128): launcher_auto: sendkey and wait.
11-28 15:24:18.317 D/cocos2d-x debug info(14128): trace_frame: 60.018860
11-28 15:24:18.417 D/cocos2d-x debug info(14128): trace_frame: 59.951443
11-28 15:24:18.517 D/cocos2d-x debug info(14128): trace_frame: 59.994598
11-28 15:24:18.637 D/cocos2d-x debug info(14128): trace_frame: 60.045120
11-28 15:24:18.737 D/cocos2d-x debug info(14128): trace_frame: 59.989201
11-28 15:24:18.757 D/cocos2d-x debug info(14128): JS: keyCode : 157
11-28 15:24:18.757 D/cocos2d-x debug info(14128): JS: right button clicked. lastIndex:13
11-28 15:24:18.757 D/cocos2d-x debug info(14128): JS: right button clicked. currentIndex:14
11-28 15:24:18.857 D/cocos2d-x debug info(14128): trace_frame: 60.035851
11-28 15:24:18.957 D/cocos2d-x debug info(14128): trace_frame: 59.996399
11-28 15:24:18.967 D/cocos2d-x debug info(14128): JS: tableMoveFinished 
11-28 15:24:18.967 D/cocos2d-x debug info(14128): JS: updateAppInfo, cellIndex = 14
11-28 15:24:18.977 D/cocos2d-x debug info(14128): JS: updateAppButtonPosition appButton : [object Object]
11-28 15:24:18.977 D/cocos2d-x debug info(14128): JS: updateAppButtonPosition appButton : [object Object]
11-28 15:24:18.977 D/JniHelper(14128): JniHelper::getJavaVM(), pthread_self() = 1529184920
11-28 15:24:18.977 D/FileUtil(14128): getImageFilePathByUrl, url is http://172.16.12.58:8080/meedo-img/2cc738/c81e72/snapshots_1944K8O74T01K_海报1.png
11-28 15:24:18.977 D/FileUtil(14128): getImageFilePathByUrl, fileName is snapshots_1944K8O74T01K_海报1.png
11-28 15:24:18.987 D/JniHelper(14128): JniHelper::getJavaVM(), pthread_self() = 1529184920
11-28 15:24:18.987 D/FileUtil(14128): getImageFilePathByUrl, url is http://172.16.12.58:8080/meedo-img/2cc738/c81e72/snapshots_1944K8O78PGRG_海报2.png
11-28 15:24:18.987 D/FileUtil(14128): getImageFilePathByUrl, fileName is snapshots_1944K8O78PGRG_海报2.png
11-28 15:24:18.987 D/JniHelper(14128): JniHelper::getJavaVM(), pthread_self() = 1529184920
11-28 15:24:18.987 D/FileUtil(14128): getImageFilePathByUrl, url is http://172.16.12.58:8080/meedo-img/2cc738/c81e72/snapshots_1944K8O79NG29_海报3.png
11-28 15:24:18.987 D/FileUtil(14128): getImageFilePathByUrl, fileName is snapshots_1944K8O79NG29_海报3.png
11-28 15:24:18.987 D/cocos2d-x debug info(14128): JS: updateAppButtonState cellIndex : 14
11-28 15:24:18.987 D/cocos2d-x debug info(14128): JS: setAppButtons typeArray : 1,2
11-28 15:24:19.067 D/cocos2d-x debug info(14128): trace_frame: 18.246178
11-28 15:24:19.107 D/dalvikvm(22184): GC_CONCURRENT freed 885K, 22% free 6720K/8544K, paused 2ms+4ms, total 56ms
11-28 15:24:19.107 D/dalvikvm(22184): WAIT_FOR_CONCURRENT_GC blocked 28ms
11-28 15:24:19.107 D/dalvikvm(22184): WAIT_FOR_CONCURRENT_GC blocked 30ms
11-28 15:24:19.167 D/cocos2d-x debug info(14128): trace_frame: 65.364967
11-28 15:24:19.247 D/launcher_auto(14128): launcher_auto: sendkey and wait.
11-28 15:24:19.267 D/cocos2d-x debug info(14128): trace_frame: 59.968819
11-28 15:24:19.387 D/cocos2d-x debug info(14128): trace_frame: 60.068310
11-28 15:24:19.507 D/cocos2d-x debug info(14128): trace_frame: 59.968475
11-28 15:24:19.607 D/cocos2d-x debug info(14128): trace_frame: 59.993999
11-28 15:24:19.707 D/cocos2d-x debug info(14128): trace_frame: 59.385948
11-28 15:24:19.767 D/cocos2d-x debug info(14128): JS: keyCode : 157
11-28 15:24:19.767 D/cocos2d-x debug info(14128): JS: right button clicked. lastIndex:14
11-28 15:24:19.777 D/cocos2d-x debug info(14128): JS: turnPage: toRight true
11-28 15:24:19.777 D/cocos2d-x debug info(14128): JS: jumpFocus0
11-28 15:24:19.777 D/cocos2d-x debug info(14128): JS: toXPosition327.5y212
11-28 15:24:19.777 D/cocos2d-x debug info(14128): JS: right button clicked. currentIndex:15
11-28 15:24:19.817 D/cocos2d-x debug info(14128): trace_frame: 60.481956
11-28 15:24:19.837 D/cocos2d-x debug info(14128): JS: setAppServerInfo appServerInfo : [object Object]
11-28 15:24:19.837 D/cocos2d-x debug info(14128): JS: setAppServerInfo app.serverInfo : undefined
11-28 15:24:19.837 D/cocos2d-x debug info(14128): JS: _initAppInstallState packageName : com.pplive.androidpad
11-28 15:24:19.837 D/JniHelper(14128): JniHelper::getJavaVM(), pthread_self() = 1529184920
11-28 15:24:19.847 D/JniHelper(14128): JniHelper::getJavaVM(), pthread_self() = 1529184920
11-28 15:24:19.847 D/cocos2d-x debug info(14128): JS: launcherAppAdapter updateData cell16
11-28 15:24:19.847 D/cocos2d-x debug info(14128): JS: launcherAppAdapter fillData cell16
11-28 15:24:19.847 D/cocos2d-x debug info(14128): JS: this.mData.length4316
11-28 15:24:19.847 D/cocos2d-x debug info(14128): JS: local app:com.pplive.androidpad
11-28 15:24:19.847 D/JniHelper(14128): JniHelper::getJavaVM(), pthread_self() = 1529184920
11-28 15:24:19.847 D/FileUtil(14128): getImageFilePathByUrl, url is /data/data/tv.fun.launcher/files/com.pplive.androidpad
11-28 15:24:19.847 D/FileUtil(14128): getImageFilePathByUrl, fileName is com.pplive.androidpad
11-28 15:24:19.847 D/cocos2d-x debug info(14128): JS: no Icon cache for com.pplive.androidpad
11-28 15:24:19.847 D/JniHelper(14128): JniHelper::getJavaVM(), pthread_self() = 1529184920
11-28 15:24:19.847 D/LoadIconAsyncTask(14128): start load pkgName is com.pplive.androidpad
11-28 15:24:19.847 D/cocos2d-x debug info(14128): JS: local app: appIcon begin4
11-28 15:24:19.857 D/JniHelper(14128): JniHelper::getJavaVM(), pthread_self() = 1529184920
11-28 15:24:19.857 D/LoadIconAsyncTask(14128): com.pplive.androidpad load result is true
11-28 15:24:19.857 D/cocos2d-x debug info(14128): JS: updateAppInfoStateAndProgress downloadState : 1
11-28 15:24:19.867 D/AppStoreManager(14128): javaCallJs.run()------------------------------------------------
11-28 15:24:19.867 D/AppStoreManager(14128): callbackStr : launcher.eventCenter.onImageLoaded({"url":"\/data\/data\/tv.fun.launcher\/files\/com.pplive.androidpad"})
11-28 15:24:19.867 D/cocos2d-x debug info(14128): JS: launcher.eventCenter.onImageLoaded
11-28 15:24:19.867 D/cocos2d-x debug info(14128): JS: onImageLoaded url:/data/data/tv.fun.launcher/files/com.pplive.androidpad
11-28 15:24:19.867 D/cocos2d-x debug info(14128): JS: AppsLayer getCellByUrl, return null, url is /data/data/tv.fun.launcher/files/com.pplive.androidpad
11-28 15:24:19.867 D/cocos2d-x debug info(14128): JS: onLoadImage end
11-28 15:24:19.877 D/cocos2d-x debug info(14128): JS: onLoadImage start:/data/data/tv.fun.launcher/files/com.pplive.androidpad
11-28 15:24:19.877 D/JniHelper(14128): JniHelper::getJavaVM(), pthread_self() = 1529184920
11-28 15:24:19.877 D/FileUtil(14128): getImageFilePathByUrl, url is /data/data/tv.fun.launcher/files/com.pplive.androidpad
11-28 15:24:19.877 D/FileUtil(14128): getImageFilePathByUrl, fileName is com.pplive.androidpad
11-28 15:24:19.877 D/cocos2d-x debug info(14128): JS: onLoadImage end
11-28 15:24:19.907 D/cocos2d-x debug info(14128): JS: setAppServerInfo appServerInfo : [object Object]
11-28 15:24:19.907 D/cocos2d-x debug info(14128): JS: setAppServerInfo app.serverInfo : undefined
11-28 15:24:19.907 D/cocos2d-x debug info(14128): JS: _initAppInstallState packageName : com.trans.bloxorz
11-28 15:24:19.907 D/JniHelper(14128): JniHelper::getJavaVM(), pthread_self() = 1529184920
11-28 15:24:19.907 D/JniHelper(14128): JniHelper::getJavaVM(), pthread_self() = 1529184920
11-28 15:24:19.907 D/cocos2d-x debug info(14128): JS: launcherAppAdapter updateData cell17
11-28 15:24:19.907 D/cocos2d-x debug info(14128): JS: launcherAppAdapter fillData cell17
11-28 15:24:19.917 D/cocos2d-x debug info(14128): JS: this.mData.length4317
11-28 15:24:19.917 D/cocos2d-x debug info(14128): JS: local app:com.trans.bloxorz
11-28 15:24:19.917 D/JniHelper(14128): JniHelper::getJavaVM(), pthread_self() = 1529184920
11-28 15:24:19.917 D/FileUtil(14128): getImageFilePathByUrl, url is /data/data/tv.fun.launcher/files/com.trans.bloxorz
11-28 15:24:19.917 D/FileUtil(14128): getImageFilePathByUrl, fileName is com.trans.bloxorz
11-28 15:24:19.917 D/cocos2d-x debug info(14128): JS: no Icon cache for com.trans.bloxorz
11-28 15:24:19.917 D/JniHelper(14128): JniHelper::getJavaVM(), pthread_self() = 1529184920
11-28 15:24:19.917 D/LoadIconAsyncTask(14128): start load pkgName is com.trans.bloxorz
11-28 15:24:19.917 D/cocos2d-x debug info(14128): JS: local app: appIcon begin4
11-28 15:24:19.927 D/JniHelper(14128): JniHelper::getJavaVM(), pthread_self() = 1529184920
11-28 15:24:19.927 D/cocos2d-x debug info(14128): JS: updateAppInfoStateAndProgress downloadState : 1
11-28 15:24:19.927 D/LoadIconAsyncTask(14128): com.trans.bloxorz load result is true
11-28 15:24:19.937 D/AppStoreManager(14128): javaCallJs.run()------------------------------------------------
11-28 15:24:19.937 D/AppStoreManager(14128): callbackStr : launcher.eventCenter.onImageLoaded({"url":"\/data\/data\/tv.fun.launcher\/files\/com.trans.bloxorz"})
11-28 15:24:19.937 D/cocos2d-x debug info(14128): JS: launcher.eventCenter.onImageLoaded
11-28 15:24:19.937 D/cocos2d-x debug info(14128): JS: onImageLoaded url:/data/data/tv.fun.launcher/files/com.trans.bloxorz
11-28 15:24:19.947 D/cocos2d-x debug info(14128): JS: AppsLayer getCellByUrl, return null, url is /data/data/tv.fun.launcher/files/com.trans.bloxorz
11-28 15:24:19.947 D/cocos2d-x debug info(14128): JS: onLoadImage end
11-28 15:24:19.947 D/cocos2d-x debug info(14128): JS: onLoadImage start:/data/data/tv.fun.launcher/files/com.trans.bloxorz
11-28 15:24:19.947 D/JniHelper(14128): JniHelper::getJavaVM(), pthread_self() = 1529184920
11-28 15:24:19.947 D/FileUtil(14128): getImageFilePathByUrl, url is /data/data/tv.fun.launcher/files/com.trans.bloxorz
11-28 15:24:19.947 D/FileUtil(14128): getImageFilePathByUrl, fileName is com.trans.bloxorz
11-28 15:24:19.947 D/cocos2d-x debug info(14128): JS: onLoadImage end
11-28 15:24:19.957 D/cocos2d-x debug info(14128): trace_frame: 45.481079
11-28 15:24:19.987 D/cocos2d-x debug info(14128): JS: setAppServerInfo appServerInfo : [object Object]
11-28 15:24:19.987 D/cocos2d-x debug info(14128): JS: setAppServerInfo app.serverInfo : undefined
11-28 15:24:19.987 D/cocos2d-x debug info(14128): JS: _initAppInstallState packageName : net.osaris.turbofly
11-28 15:24:19.987 D/JniHelper(14128): JniHelper::getJavaVM(), pthread_self() = 1529184920
11-28 15:24:19.997 D/JniHelper(14128): JniHelper::getJavaVM(), pthread_self() = 1529184920
11-28 15:24:19.997 D/cocos2d-x debug info(14128): JS: launcherAppAdapter updateData cell18
11-28 15:24:19.997 D/cocos2d-x debug info(14128): JS: launcherAppAdapter fillData cell18
11-28 15:24:19.997 D/cocos2d-x debug info(14128): JS: this.mData.length4318
11-28 15:24:19.997 D/cocos2d-x debug info(14128): JS: local app:net.osaris.turbofly
11-28 15:24:19.997 D/JniHelper(14128): JniHelper::getJavaVM(), pthread_self() = 1529184920
11-28 15:24:19.997 D/FileUtil(14128): getImageFilePathByUrl, url is /data/data/tv.fun.launcher/files/net.osaris.turbofly
11-28 15:24:19.997 D/FileUtil(14128): getImageFilePathByUrl, fileName is net.osaris.turbofly
11-28 15:24:19.997 D/cocos2d-x debug info(14128): JS: no Icon cache for net.osaris.turbofly
11-28 15:24:20.007 D/JniHelper(14128): JniHelper::getJavaVM(), pthread_self() = 1529184920
11-28 15:24:20.007 D/cocos2d-x debug info(14128): JS: local app: appIcon begin4
11-28 15:24:20.007 D/JniHelper(14128): JniHelper::getJavaVM(), pthread_self() = 1529184920
11-28 15:24:20.007 D/LoadIconAsyncTask(14128): start load pkgName is net.osaris.turbofly
11-28 15:24:20.007 D/LoadIconAsyncTask(14128): net.osaris.turbofly load result is true
11-28 15:24:20.007 D/cocos2d-x debug info(14128): JS: updateAppInfoStateAndProgress downloadState : 1
11-28 15:24:20.027 D/AppStoreManager(14128): javaCallJs.run()------------------------------------------------
11-28 15:24:20.027 D/AppStoreManager(14128): callbackStr : launcher.eventCenter.onImageLoaded({"url":"\/data\/data\/tv.fun.launcher\/files\/net.osaris.turbofly"})
11-28 15:24:20.027 D/cocos2d-x debug info(14128): JS: launcher.eventCenter.onImageLoaded
11-28 15:24:20.027 D/cocos2d-x debug info(14128): JS: onImageLoaded url:/data/data/tv.fun.launcher/files/net.osaris.turbofly
11-28 15:24:20.027 D/cocos2d-x debug info(14128): JS: AppsLayer getCellByUrl, return null, url is /data/data/tv.fun.launcher/files/net.osaris.turbofly
11-28 15:24:20.027 D/cocos2d-x debug info(14128): JS: onLoadImage end
11-28 15:24:20.037 D/cocos2d-x debug info(14128): JS: onLoadImage start:/data/data/tv.fun.launcher/files/net.osaris.turbofly
11-28 15:24:20.037 D/JniHelper(14128): JniHelper::getJavaVM(), pthread_self() = 1529184920
11-28 15:24:20.037 D/FileUtil(14128): getImageFilePathByUrl, url is /data/data/tv.fun.launcher/files/net.osaris.turbofly
11-28 15:24:20.037 D/FileUtil(14128): getImageFilePathByUrl, fileName is net.osaris.turbofly
11-28 15:24:20.037 D/cocos2d-x debug info(14128): JS: onLoadImage end
11-28 15:24:20.057 D/dalvikvm(14128): GC_CONCURRENT freed 2076K, 60% free 7418K/18508K, paused 2ms+2ms, total 39ms
11-28 15:24:20.057 D/cocos2d-x debug info(14128): trace_frame: 58.814320
11-28 15:24:20.067 D/cocos2d-x debug info(14128): JS: setAppServerInfo appServerInfo : [object Object]
11-28 15:24:20.067 D/cocos2d-x debug info(14128): JS: launcherAppAdapter updateData cell19
11-28 15:24:20.077 D/cocos2d-x debug info(14128): JS: launcherAppAdapter fillData cell19
11-28 15:24:20.077 D/cocos2d-x debug info(14128): JS: this.mData.length4319
11-28 15:24:20.077 D/JniHelper(14128): JniHelper::getJavaVM(), pthread_self() = 1529184920
11-28 15:24:20.077 D/FileUtil(14128): getImageFilePathByUrl, url is http://172.16.12.58:8080/meedo-img/351587/d78382/poster_1944K3CHVTDV2_波克斗地主.png
11-28 15:24:20.077 D/FileUtil(14128): getImageFilePathByUrl, fileName is poster_1944K3CHVTDV2_波克斗地主.png
11-28 15:24:20.077 D/cocos2d-x debug info(14128): JS: LRUCache, contains key /data/data/tv.fun.launcher/cache/poster_1944K3CHVTDV2_波克斗地主.png
11-28 15:24:20.077 D/JniHelper(14128): JniHelper::getJavaVM(), pthread_self() = 1529184920
11-28 15:24:20.077 D/cocos2d-x debug info(14128): JS: updateAppInfoStateAndProgress downloadState : 1
11-28 15:24:20.167 D/cocos2d-x debug info(14128): trace_frame: 60.324032
11-28 15:24:20.237 D/cocos2d-x debug info(14128): JS: setAppServerInfo appServerInfo : [object Object]
11-28 15:24:20.237 D/cocos2d-x debug info(14128): JS: setAppServerInfo app.serverInfo : undefined
11-28 15:24:20.247 D/cocos2d-x debug info(14128): JS: _initAppInstallState packageName : com.baidu.BaiduMap.tv
11-28 15:24:20.247 D/JniHelper(14128): JniHelper::getJavaVM(), pthread_self() = 1529184920
11-28 15:24:20.247 D/JniHelper(14128): JniHelper::getJavaVM(), pthread_self() = 1529184920
11-28 15:24:20.247 D/cocos2d-x debug info(14128): JS: setAppServerInfo appServerInfo : [object Object]
11-28 15:24:20.247 D/cocos2d-x debug info(14128): JS: launcherAppAdapter updateData cell20
11-28 15:24:20.247 D/cocos2d-x debug info(14128): JS: launcherAppAdapter fillData cell20
11-28 15:24:20.257 D/cocos2d-x debug info(14128): JS: this.mData.length4320
11-28 15:24:20.257 D/JniHelper(14128): JniHelper::getJavaVM(), pthread_self() = 1529184920
11-28 15:24:20.257 D/FileUtil(14128): getImageFilePathByUrl, url is http://172.16.12.58:8080/meedo-img/c57300/d3d944/poster_1944JNJJ2SSDU_百度地图.png
11-28 15:24:20.257 D/FileUtil(14128): getImageFilePathByUrl, fileName is poster_1944JNJJ2SSDU_百度地图.png
11-28 15:24:20.257 D/JniHelper(14128): JniHelper::getJavaVM(), pthread_self() = 1529184920
11-28 15:24:20.257 D/launcher_auto(14128): launcher_auto: sendkey and wait.
11-28 15:24:20.267 D/cocos2d-x debug info(14128): JS: updateAppInfoStateAndProgress downloadState : 1
11-28 15:24:20.277 D/cocos2d-x debug info(14128): trace_frame: 47.458595
11-28 15:24:20.287 D/cocos2d-x debug info(14128): JS: tableMoveFinished 
11-28 15:24:20.287 D/cocos2d-x debug info(14128): JS: updateAppInfo, cellIndex = 15
11-28 15:24:20.297 D/cocos2d-x debug info(14128): JS: updateAppButtonPosition appButton : [object Object]
11-28 15:24:20.297 D/cocos2d-x debug info(14128): JS: updateAppButtonPosition appButton : [object Object]
11-28 15:24:20.297 D/cocos2d-x debug info(14128): JS: updateAppButtonState cellIndex : 15
11-28 15:24:20.297 D/cocos2d-x debug info(14128): JS: setAppButtons typeArray : 1,2
11-28 15:24:20.317 D/cocos2d-x debug info(14128): JS: LRUCache, set item key is /data/data/tv.fun.launcher/cache/poster_1944JNJJ2SSDU_百度地图.png, value is undefined
11-28 15:24:20.317 D/cocos2d-x debug info(14128): JS: LRUCache, set item current size is 7
11-28 15:24:20.387 D/cocos2d-x debug info(14128): trace_frame: 62.969467
11-28 15:24:20.487 D/cocos2d-x debug info(14128): trace_frame: 59.986202
11-28 15:24:20.587 D/cocos2d-x debug info(14128): trace_frame: 59.982601
11-28 15:24:20.687 D/cocos2d-x debug info(14128): trace_frame: 59.961025
11-28 15:24:20.767 D/cocos2d-x debug info(14128): JS: keyCode : 157
11-28 15:24:20.767 D/cocos2d-x debug info(14128): JS: right button clicked. lastIndex:15
11-28 15:24:20.777 D/cocos2d-x debug info(14128): JS: right button clicked. currentIndex:16
11-28 15:24:20.787 D/cocos2d-x debug info(14128): trace_frame: 59.971210
11-28 15:24:20.887 D/cocos2d-x debug info(14128): trace_frame: 59.068489
11-28 15:24:20.897 D/dalvikvm(22184): GC_CONCURRENT freed 737K, 22% free 6732K/8544K, paused 3ms+4ms, total 47ms
11-28 15:24:20.987 D/cocos2d-x debug info(14128): JS: tableMoveFinished 
11-28 15:24:20.987 D/cocos2d-x debug info(14128): JS: updateAppInfo, cellIndex = 16
11-28 15:24:20.997 D/cocos2d-x debug info(14128): JS: updateAppButtonPosition appButton : [object Object]
11-28 15:24:20.997 D/cocos2d-x debug info(14128): JS: updateAppButtonPosition appButton : [object Object]
11-28 15:24:20.997 D/cocos2d-x debug info(14128): JS: updateAppButtonState cellIndex : 16
11-28 15:24:20.997 D/cocos2d-x debug info(14128): JS: setAppButtons typeArray : 1,2
11-28 15:24:21.007 D/cocos2d-x debug info(14128): trace_frame: 60.320377
11-28 15:24:21.117 D/cocos2d-x debug info(14128): trace_frame: 60.596096
11-28 15:24:21.217 D/cocos2d-x debug info(14128): trace_frame: 59.995800
11-28 15:24:21.267 D/launcher_auto(14128): launcher_auto: sendkey and wait.
11-28 15:24:21.317 D/cocos2d-x debug info(14128): trace_frame: 59.857548
11-28 15:24:21.437 D/cocos2d-x debug info(14128): trace_frame: 60.124031
11-28 15:24:21.537 D/cocos2d-x debug info(14128): trace_frame: 59.718723
11-28 15:24:21.657 D/cocos2d-x debug info(14128): trace_frame: 60.158131
11-28 15:24:21.667 D/mdns    ( 4397): SocketDataReady got a packet from 172.16.13.131 to 224.0.0.251 on interface 172.16.13.147/wlan0/7/316
