11-28 15:25:47.027 D/cocos2d-x debug info(14128): JS: bts 1: [object Object], type: 2
11-28 15:25:47.027 D/cocos2d-x debug info(14128): JS: setButtonText text : 卸载
11-28 15:25:47.027 D/cocos2d-x debug info(14128): cocos2d: fullPathForFilename: No file found at Arial. Possible missing file.
11-28 15:25:47.027 D/cocos2d-x debug info(14128): JS: --------------------------------------------this.registerStateHandler this.stateHandlers : [object Object],[object Object],[object Object]
11-28 15:25:47.027 D/cocos2d-x debug info(14128): JS: appManager.registerStateHandler(appStateHandler);
11-28 15:25:47.037 D/cocos2d-x debug info(14128): JS: createButtonFocus : this.installLayoutPoint.x : 568
11-28 15:25:47.037 D/cocos2d-x debug info(14128): JS: createImageTableView
11-28 15:25:47.037 D/cocos2d-x debug info(14128): JS: tablecellatindex idx: 0, rect: 0, 63, 2094, 387
11-28 15:25:47.037 D/JniHelper(14128): JniHelper::getJavaVM(), pthread_self() = 1529184920
11-28 15:25:47.037 D/FileUtil(14128): getImageFilePathByUrl, url is http://172.16.12.58:8080/meedo-img/dd798d/eae27d/snapshots_1944KBBL5C7P5_海报1.png
11-28 15:25:47.037 D/FileUtil(14128): getImageFilePathByUrl, fileName is snapshots_1944KBBL5C7P5_海报1.png
11-28 15:25:47.037 D/cocos2d-x debug info(14128): JS: screenshot exist in local: 0
11-28 15:25:47.047 D/cocos2d-x debug info(14128): JS: tablecellatindex idx: 1, rect: 0, 63, 2094, 387
11-28 15:25:47.047 D/JniHelper(14128): JniHelper::getJavaVM(), pthread_self() = 1529184920
11-28 15:25:47.047 D/FileUtil(14128): getImageFilePathByUrl, url is http://172.16.12.58:8080/meedo-img/dd798d/eae27d/snapshots_1944KBBL6JR78_海报2.png
11-28 15:25:47.047 D/FileUtil(14128): getImageFilePathByUrl, fileName is snapshots_1944KBBL6JR78_海报2.png
11-28 15:25:47.047 D/cocos2d-x debug info(14128): JS: screenshot exist in local: 1
11-28 15:25:47.047 D/cocos2d-x debug info(14128): JS: tablecellatindex idx: 2, rect: 0, 63, 2094, 387
11-28 15:25:47.047 D/JniHelper(14128): JniHelper::getJavaVM(), pthread_self() = 1529184920
11-28 15:25:47.047 D/FileUtil(14128): getImageFilePathByUrl, url is http://172.16.12.58:8080/meedo-img/dd798d/eae27d/snapshots_1944KBBL67DFJ_海报3.png
11-28 15:25:47.057 D/FileUtil(14128): getImageFilePathByUrl, fileName is snapshots_1944KBBL67DFJ_海报3.png
11-28 15:25:47.057 D/cocos2d-x debug info(14128): JS: screenshot exist in local: 2
11-28 15:25:47.057 D/cocos2d-x debug info(14128): JS: AppDetailScene registerListeners
11-28 15:25:47.147 D/dalvikvm(14128): GC_CONCURRENT freed 593K, 57% free 8115K/18508K, paused 2ms+2ms, total 27ms
11-28 15:25:47.147 D/dalvikvm(14128): WAIT_FOR_CONCURRENT_GC blocked 7ms
11-28 15:25:47.167 D/cocos2d-x debug info(14128): trace_frame: 58.172390
11-28 15:25:47.227 D/cocos2d-x debug info(14128): JS: load screenshot from local success: 0
11-28 15:25:47.307 D/cocos2d-x debug info(14128): JS: load screenshot from local success: 1
11-28 15:25:47.307 D/cocos2d-x debug info(14128): trace_frame: 45.676838
11-28 15:25:47.417 D/cocos2d-x debug info(14128): JS: load screenshot from local success: 2
11-28 15:25:47.427 D/cocos2d-x debug info(14128): trace_frame: 43.284794
11-28 15:25:47.507 D/cocos2d-x debug info(14128): trace_frame: 51.626225
11-28 15:25:47.607 D/cocos2d-x debug info(14128): trace_frame: 59.981403
11-28 15:25:47.717 D/cocos2d-x debug info(14128): trace_frame: 59.992634
11-28 15:25:47.817 D/cocos2d-x debug info(14128): trace_frame: 59.999397
11-28 15:25:47.937 D/cocos2d-x debug info(14128): trace_frame: 60.037395
11-28 15:25:48.037 D/cocos2d-x debug info(14128): trace_frame: 59.983803
11-28 15:25:48.157 D/cocos2d-x debug info(14128): trace_frame: 59.963856
11-28 15:25:48.267 D/cocos2d-x debug info(14128): trace_frame: 59.984917
11-28 15:25:48.387 D/cocos2d-x debug info(14128): trace_frame: 60.027096
11-28 15:25:48.487 D/cocos2d-x debug info(14128): trace_frame: 59.986801
11-28 15:25:48.607 D/cocos2d-x debug info(14128): trace_frame: 60.027100
11-28 15:25:48.707 D/mdns    ( 4397): SocketDataReady got a packet from 172.16.13.203 to 224.0.0.251 on interface 172.16.13.147/wlan0/7/328
11-28 15:25:48.707 D/mdns    ( 4397): Received Response from 172.16.13.203   addressed to 224.0.0.251     on 412BC868 with  0 Questions,  3 Answers,  0 Authorities,  0 Additionals 228 bytes LLQType 0
11-28 15:25:48.707 D/cocos2d-x debug info(14128): trace_frame: 58.702671
11-28 15:25:48.817 D/cocos2d-x debug info(14128): trace_frame: 61.130569
11-28 15:25:48.937 D/launcher_auto(14128): launcher_auto: sendkey back and wait.
11-28 15:25:48.937 D/cocos2d-x debug info(14128): trace_frame: 59.454041
11-28 15:25:49.057 D/cocos2d-x debug info(14128): trace_frame: 60.602406
11-28 15:25:49.157 D/cocos2d-x debug info(14128): trace_frame: 59.761555
11-28 15:25:49.267 D/cocos2d-x debug info(14128): trace_frame: 60.143139
11-28 15:25:49.387 D/cocos2d-x debug info(14128): trace_frame: 60.066757
11-28 15:25:49.487 D/cocos2d-x debug info(14128): trace_frame: 59.990997
11-28 15:25:49.607 D/cocos2d-x debug info(14128): trace_frame: 59.986969
11-28 15:25:49.717 D/cocos2d-x debug info(14128): trace_frame: 60.005489
11-28 15:25:49.727 D/mdns    ( 4397): SocketDataReady got a packet from 172.16.13.187 to 224.0.0.251 on interface 172.16.13.147/wlan0/7/328
11-28 15:25:49.727 D/mdns    ( 4397): Received Response from 172.16.13.187   addressed to 224.0.0.251     on 412BC868 with  0 Questions,  3 Answers,  0 Authorities,  0 Additionals 261 bytes LLQType 0
11-28 15:25:49.817 D/cocos2d-x debug info(14128): trace_frame: 59.959824
11-28 15:25:49.927 D/mdns    ( 4397): SocketDataReady got a packet from 172.16.13.14 to 224.0.0.251 on interface 172.16.13.147/wlan0/7/328
11-28 15:25:49.927 D/mdns    ( 4397): Received Response from 172.16.13.14    addressed to 224.0.0.251     on 412BC868 with  0 Questions,  1 Answer,   0 Authorities,  0 Additionals 38 bytes LLQType 0
11-28 15:25:49.937 D/cocos2d-x debug info(14128): trace_frame: 59.868465
11-28 15:25:49.957 D/cocos2d-x debug info(14128): JS: keyCode : 6
11-28 15:25:49.957 D/cocos2d-x debug info(14128): JS: AppDetailScene onExit
11-28 15:25:49.957 D/cocos2d-x debug info(14128): JS: --------------------------------------------this.unregisterStateHandler this.stateHandlers : [object Object],[object Object]
11-28 15:25:49.957 D/cocos2d-x debug info(14128): JS: appManager.unregisterStateHandler(appDetailLayer.appStateHandler);
11-28 15:25:49.967 D/cocos2d-x debug info(14128): JS: AppStoreMainLayer onEnter
11-28 15:25:49.967 D/cocos2d-x debug info(14128): JS: AppStoreScene onEnter
11-28 15:25:49.967 D/cocos2d-x debug info(14128): cocos2d: TextureCache: removing unused texture: /data/data/tv.fun.launcher/cache/snapshots_1944KBBL67DFJ_海报3.png
11-28 15:25:49.967 D/cocos2d-x debug info(14128): cocos2d: TextureCache: removing unused texture: /data/data/tv.fun.launcher/cache/snapshots_1944KBBL6JR78_海报2.png
11-28 15:25:49.967 D/cocos2d-x debug info(14128): cocos2d: TextureCache: removing unused texture: /data/data/tv.fun.launcher/cache/snapshots_1944KBBL5C7P5_海报1.png
11-28 15:25:49.977 D/cocos2d-x debug info(14128): cocos2d: TextureCache: removing unused texture: /cc_2x2_white_image
11-28 15:25:50.057 D/cocos2d-x debug info(14128): trace_frame: 60.195915
11-28 15:25:50.157 D/cocos2d-x debug info(14128): trace_frame: 59.995201
11-28 15:25:50.267 D/cocos2d-x debug info(14128): trace_frame: 59.967449
11-28 15:25:50.367 D/cocos2d-x debug info(14128): trace_frame: 59.994602
11-28 15:25:50.467 D/cocos2d-x debug info(14128): trace_frame: 59.836052
11-28 15:25:50.587 D/cocos2d-x debug info(14128): trace_frame: 60.017834
11-28 15:25:50.707 D/cocos2d-x debug info(14128): trace_frame: 60.101826
11-28 15:25:50.817 D/cocos2d-x debug info(14128): trace_frame: 60.027615
11-28 15:25:50.917 D/cocos2d-x debug info(14128): trace_frame: 59.977207
11-28 15:25:50.947 D/launcher_auto(14128): launcher_auto: sendkey and wait.
11-28 15:25:51.017 D/cocos2d-x debug info(14128): trace_frame: 59.965233
11-28 15:25:51.137 D/cocos2d-x debug info(14128): trace_frame: 59.593231
11-28 15:25:51.257 D/cocos2d-x debug info(14128): trace_frame: 60.420357
11-28 15:25:51.357 D/cocos2d-x debug info(14128): trace_frame: 59.990398
11-28 15:25:51.457 D/cocos2d-x debug info(14128): JS: keyCode : 157
11-28 15:25:51.457 D/cocos2d-x debug info(14128): JS: right button clicked. lastIndex:4
11-28 15:25:51.457 D/cocos2d-x debug info(14128): JS: turnPage: toRight true
11-28 15:25:51.457 D/cocos2d-x debug info(14128): JS: jumpFocus0
11-28 15:25:51.457 D/cocos2d-x debug info(14128): JS: toXPosition327.5y212
11-28 15:25:51.457 D/cocos2d-x debug info(14128): JS: right button clicked. currentIndex:5
11-28 15:25:51.467 D/cocos2d-x debug info(14128): trace_frame: 55.681873
11-28 15:25:51.537 D/cocos2d-x debug info(14128): JS: setAppServerInfo appServerInfo : [object Object]
11-28 15:25:51.537 D/cocos2d-x debug info(14128): JS: launcherAppAdapter createBaseAppView6
11-28 15:25:51.547 D/cocos2d-x debug info(14128): JS: launcherAppAdapter updateData cell6
11-28 15:25:51.547 D/cocos2d-x debug info(14128): JS: launcherAppAdapter fillData cell6
11-28 15:25:51.547 D/cocos2d-x debug info(14128): JS: this.mData.length136
11-28 15:25:51.547 D/JniHelper(14128): JniHelper::getJavaVM(), pthread_self() = 1529184920
11-28 15:25:51.547 D/FileUtil(14128): getImageFilePathByUrl, url is http://172.16.12.58:8080/meedo-img/4fda5f/c81e72/poster_197QE7M2R1N3M.jpg
11-28 15:25:51.547 D/FileUtil(14128): getImageFilePathByUrl, fileName is poster_197QE7M2R1N3M.jpg
11-28 15:25:51.547 D/JniHelper(14128): JniHelper::getJavaVM(), pthread_self() = 1529184920
11-28 15:25:51.547 D/cocos2d-x debug info(14128): JS: updateAppInfoStateAndProgress downloadState : 1
11-28 15:25:51.567 D/cocos2d-x debug info(14128): trace_frame: 59.240532
11-28 15:25:51.567 D/mdns    ( 4397): mDNS_Execute
11-28 15:25:51.567 D/mdns    ( 4397): mDNS_Execute: Setting NewLocalRecords to NULL
11-28 15:25:51.567 D/mdns    ( 4397): SendQueries: _sleep-proxy._udp.local. (PTR) next interval 27 seconds RequestUnicast = 0
11-28 15:25:51.567 D/mdns    ( 4397): SendQueries: Putting     question for _sleep-proxy._udp.local. (PTR) at 0 forecast total 29
11-28 15:25:51.567 D/mdns    ( 4397): SendQueries putting   24 . OPT Max 1440 Vers 0 Seq   0 MAC 00:00:00:00:00:00 I-MAC 61:38:63:64:32:65
11-28 15:25:51.567 D/mdns    ( 4397): SendQueries:   Sending 1 Question 0 Answers 0 Updates on 412BC868
11-28 15:25:51.567 D/mdns    ( 4397): SocketDataReady got a packet from 172.16.13.147 to 224.0.0.251 on interface 172.16.13.147/wlan0/7/328
11-28 15:25:51.567 D/mdns    ( 4397): Received Query from 172.16.13.147  :5353  to 224.0.0.251    :5353  on 0x412BC868 with  1 Question,   0 Answers,  0 Authorities,  1 Additional  58 bytes
11-28 15:25:51.567 D/mdns    ( 4397): SocketDataReady got a packet from FE80:0000:0000:0000:026D:0EFF:FE03:A545 to FF02:0000:0000:0000:0000:0000:0000:00FB on interface 172.16.13.147/wlan0/7/329
11-28 15:25:51.567 D/mdns    ( 4397): Received Query from FE80:0000:0000:0000:026D:0EFF:FE03:A545:5353  to FF02:0000:0000:0000:0000:0000:0000:00FB:5353  on 0x412BC868 with  1 Question,   0 Answers,  0 Authorities,  1 Additional  58 bytes
11-28 15:25:51.607 D/cocos2d-x debug info(14128): JS: setAppServerInfo appServerInfo : [object Object]
11-28 15:25:51.607 D/cocos2d-x debug info(14128): JS: launcherAppAdapter updateData cell7
11-28 15:25:51.607 D/cocos2d-x debug info(14128): JS: launcherAppAdapter fillData cell7
11-28 15:25:51.607 D/cocos2d-x debug info(14128): JS: this.mData.length137
11-28 15:25:51.607 D/JniHelper(14128): JniHelper::getJavaVM(), pthread_self() = 1529184920
11-28 15:25:51.617 D/FileUtil(14128): getImageFilePathByUrl, url is http://172.16.12.58:8080/meedo-img/819039/04caa2/poster_1944KD2RME1PN_腾讯电视游戏.png
11-28 15:25:51.617 D/FileUtil(14128): getImageFilePathByUrl, fileName is poster_1944KD2RME1PN_腾讯电视游戏.png
11-28 15:25:51.617 D/JniHelper(14128): JniHelper::getJavaVM(), pthread_self() = 1529184920
11-28 15:25:51.617 D/cocos2d-x debug info(14128): JS: updateAppInfoStateAndProgress downloadState : 1
11-28 15:25:51.667 D/cocos2d-x debug info(14128): JS: LRUCache, set item key is /data/data/tv.fun.launcher/cache/poster_197QE7M2R1N3M.jpg, value is undefined
11-28 15:25:51.667 D/cocos2d-x debug info(14128): JS: LRUCache, set item current size is 6
11-28 15:25:51.667 D/mdns    ( 4397): mDNS_Execute
11-28 15:25:51.667 D/mdns    ( 4397): mDNS_Execute: Setting NewLocalRecords to NULL
11-28 15:25:51.677 D/cocos2d-x debug info(14128): JS: setAppServerInfo appServerInfo : [object Object]
11-28 15:25:51.677 D/cocos2d-x debug info(14128): JS: launcherAppAdapter updateData cell8
11-28 15:25:51.677 D/cocos2d-x debug info(14128): JS: launcherAppAdapter fillData cell8
11-28 15:25:51.677 D/cocos2d-x debug info(14128): JS: this.mData.length138
11-28 15:25:51.687 D/JniHelper(14128): JniHelper::getJavaVM(), pthread_self() = 1529184920
11-28 15:25:51.687 D/FileUtil(14128): getImageFilePathByUrl, url is http://172.16.12.58:8080/meedo-img/173bc2/c4ca42/poster_197G8MSRJTHAV_pic1.jpg
11-28 15:25:51.687 D/FileUtil(14128): getImageFilePathByUrl, fileName is poster_197G8MSRJTHAV_pic1.jpg
11-28 15:25:51.687 D/JniHelper(14128): JniHelper::getJavaVM(), pthread_self() = 1529184920
11-28 15:25:51.697 D/cocos2d-x debug info(14128): JS: updateAppInfoStateAndProgress downloadState : 1
11-28 15:25:51.697 D/cocos2d-x debug info(14128): trace_frame: 60.905045
11-28 15:25:51.727 D/cocos2d-x debug info(14128): JS: LRUCache, set item key is /data/data/tv.fun.launcher/cache/poster_1944KD2RME1PN_腾讯电视游戏.png, value is undefined
11-28 15:25:51.727 D/cocos2d-x debug info(14128): JS: LRUCache, set item current size is 7
11-28 15:25:51.757 D/cocos2d-x debug info(14128): JS: setAppServerInfo appServerInfo : [object Object]
11-28 15:25:51.757 D/cocos2d-x debug info(14128): JS: setAppServerInfo app.serverInfo : undefined
11-28 15:25:51.757 D/cocos2d-x debug info(14128): JS: _initAppInstallState packageName : com.example.test.one
11-28 15:25:51.757 D/JniHelper(14128): JniHelper::getJavaVM(), pthread_self() = 1529184920
11-28 15:25:51.757 I/PackageUtil(14128): getPackageInfo, packageName not found, name is com.example.test.one
11-28 15:25:51.767 D/JniHelper(14128): JniHelper::getJavaVM(), pthread_self() = 1529184920
11-28 15:25:51.767 D/cocos2d-x debug info(14128): JS: setAppServerInfo appServerInfo : [object Object]
11-28 15:25:51.767 D/cocos2d-x debug info(14128): JS: launcherAppAdapter updateData cell9
11-28 15:25:51.767 D/cocos2d-x debug info(14128): JS: launcherAppAdapter fillData cell9
11-28 15:25:51.767 D/cocos2d-x debug info(14128): JS: this.mData.length139
11-28 15:25:51.767 D/JniHelper(14128): JniHelper::getJavaVM(), pthread_self() = 1529184920
11-28 15:25:51.767 D/FileUtil(14128): getImageFilePathByUrl, url is http://172.16.12.58:8080/meedo-img/ebd29a/c81e72/poster_197QFDG005GPJ.png
11-28 15:25:51.767 D/FileUtil(14128): getImageFilePathByUrl, fileName is poster_197QFDG005GPJ.png
11-28 15:25:51.777 D/JniHelper(14128): JniHelper::getJavaVM(), pthread_self() = 1529184920
11-28 15:25:51.777 D/cocos2d-x debug info(14128): JS: updateAppInfoStateAndProgress downloadState : 1
11-28 15:25:51.787 D/cocos2d-x debug info(14128): trace_frame: 45.520756
11-28 15:25:51.867 D/cocos2d-x debug info(14128): JS: LRUCache, set item key is /data/data/tv.fun.launcher/cache/poster_197G8MSRJTHAV_pic1.jpg, value is undefined
11-28 15:25:51.867 D/cocos2d-x debug info(14128): JS: LRUCache, set item current size is 8
11-28 15:25:51.867 D/dalvikvm(22184): GC_CONCURRENT freed 860K, 24% free 6740K/8756K, paused 2ms+4ms, total 50ms
11-28 15:25:51.867 D/dalvikvm(22184): WAIT_FOR_CONCURRENT_GC blocked 38ms
11-28 15:25:51.877 D/cocos2d-x debug info(14128): JS: LRUCache, set item key is /data/data/tv.fun.launcher/cache/poster_197QFDG005GPJ.png, value is undefined
11-28 15:25:51.877 D/cocos2d-x debug info(14128): JS: LRUCache, set item current size is 9
11-28 15:25:51.887 D/cocos2d-x debug info(14128): trace_frame: 58.764191
11-28 15:25:51.917 D/cocos2d-x debug info(14128): JS: setAppServerInfo appServerInfo : [object Object]
11-28 15:25:51.917 D/cocos2d-x debug info(14128): JS: launcherAppAdapter updateData cell10
11-28 15:25:51.927 D/cocos2d-x debug info(14128): JS: launcherAppAdapter fillData cell10
11-28 15:25:51.927 D/cocos2d-x debug info(14128): JS: this.mData.length1310
11-28 15:25:51.927 D/JniHelper(14128): JniHelper::getJavaVM(), pthread_self() = 1529184920
11-28 15:25:51.927 D/FileUtil(14128): getImageFilePathByUrl, url is http://172.16.12.58:8080/meedo-img/a0434e/b6d767/poster_1944JRDNTLUDG_贝瓦儿歌.png
11-28 15:25:51.927 D/FileUtil(14128): getImageFilePathByUrl, fileName is poster_1944JRDNTLUDG_贝瓦儿歌.png
11-28 15:25:51.927 D/JniHelper(14128): JniHelper::getJavaVM(), pthread_self() = 1529184920
11-28 15:25:51.937 D/cocos2d-x debug info(14128): JS: updateAppInfoStateAndProgress downloadState : 1
11-28 15:25:51.957 D/launcher_auto(14128): launcher_auto: sendkey and wait.
11-28 15:25:51.967 D/dalvikvm(14128): GC_CONCURRENT freed 2035K, 61% free 7367K/18508K, paused 2ms+3ms, total 36ms
11-28 15:25:51.987 D/cocos2d-x debug info(14128): JS: tableMoveFinished 
11-28 15:25:51.987 D/cocos2d-x debug info(14128): JS: updateAppInfo, cellIndex = 5
11-28 15:25:51.997 D/cocos2d-x debug info(14128): JS: updateAppButtonPosition appButton : [object Object]
11-28 15:25:51.997 D/cocos2d-x debug info(14128): JS: updateAppButtonPosition appButton : [object Object]
11-28 15:25:51.997 D/JniHelper(14128): JniHelper::getJavaVM(), pthread_self() = 1529184920
11-28 15:25:52.007 D/FileUtil(14128): getImageFilePathByUrl, url is http://172.16.12.58:8080/meedo-img/c97437/167909/snapshots_1944KI59I1EBC_海报1.png
11-28 15:25:52.007 D/FileUtil(14128): getImageFilePathByUrl, fileName is snapshots_1944KI59I1EBC_海报1.png
11-28 15:25:52.007 D/JniHelper(14128): JniHelper::getJavaVM(), pthread_self() = 1529184920
11-28 15:25:52.007 D/FileUtil(14128): getImageFilePathByUrl, url is http://172.16.12.58:8080/meedo-img/c97437/167909/snapshots_1944KI59JGGV4_海报2.png
11-28 15:25:52.007 D/FileUtil(14128): getImageFilePathByUrl, fileName is snapshots_1944KI59JGGV4_海报2.png
11-28 15:25:52.017 D/JniHelper(14128): JniHelper::getJavaVM(), pthread_self() = 1529184920
11-28 15:25:52.017 D/FileUtil(14128): getImageFilePathByUrl, url is http://172.16.12.58:8080/meedo-img/c97437/167909/snapshots_1944KI59K74C9_海报3.png
11-28 15:25:52.017 D/FileUtil(14128): getImageFilePathByUrl, fileName is snapshots_1944KI59K74C9_海报3.png
11-28 15:25:52.017 D/cocos2d-x debug info(14128): JS: updateAppButtonState cellIndex : 5
11-28 15:25:52.017 D/cocos2d-x debug info(14128): JS: setAppButtons typeArray : 1,2
11-28 15:25:52.027 D/cocos2d-x debug info(14128): JS: LRUCache, set item key is /data/data/tv.fun.launcher/cache/poster_1944JRDNTLUDG_贝瓦儿歌.png, value is undefined
11-28 15:25:52.027 D/cocos2d-x debug info(14128): JS: LRUCache, set item current size is 10
11-28 15:25:52.067 D/cocos2d-x debug info(14128): trace_frame: 39.652199
11-28 15:25:52.177 D/cocos2d-x debug info(14128): trace_frame: 66.133812
11-28 15:25:52.197 D/dalvikvm(21595): GC_CONCURRENT freed 391K, 17% free 5273K/6284K, paused 3ms+5ms, total 26ms
11-28 15:25:52.287 D/cocos2d-x debug info(14128): trace_frame: 60.624428
11-28 15:25:52.297 D/dalvikvm(22184): GC_CONCURRENT freed 774K, 24% free 6734K/8756K, paused 2ms+5ms, total 50ms
11-28 15:25:52.387 D/cocos2d-x debug info(14128): trace_frame: 59.554531
11-28 15:25:52.467 D/cocos2d-x debug info(14128): JS: keyCode : 161
11-28 15:25:52.477 D/cocos2d-x debug info(14128): JS: AppStoreMainLayer onExit
11-28 15:25:52.477 D/cocos2d-x debug info(14128): JS: AppStoreScene onExit
11-28 15:25:52.477 D/cocos2d-x debug info(14128): JS: AppDetail createIconSprite
11-28 15:25:52.477 D/cocos2d-x debug info(14128): JS: AppDetailScene initIcon
11-28 15:25:52.477 D/JniHelper(14128): JniHelper::getJavaVM(), pthread_self() = 1529184920
11-28 15:25:52.477 D/FileUtil(14128): getImageFilePathByUrl, url is http://172.16.12.58:8080/meedo-img/c97437/167909/poster_1944KI1R9ORE8_万年历.png
11-28 15:25:52.487 D/FileUtil(14128): getImageFilePathByUrl, fileName is poster_1944KI1R9ORE8_万年历.png
11-28 15:25:52.487 D/cocos2d-x debug info(14128): JS: AppDetail createAppNameLabel
11-28 15:25:52.487 D/cocos2d-x debug info(14128): JS: AppDetail createVersionNameLabel
11-28 15:25:52.487 D/JniHelper(14128): JniHelper::getJavaVM(), pthread_self() = 1529184920
11-28 15:25:52.487 D/cocos2d-x debug info(14128): JS: version name from pm: 1.0.5
11-28 15:25:52.497 D/cocos2d-x debug info(14128): JS: createBriefAndUpdateContentLabel
11-28 15:25:52.497 D/JniHelper(14128): JniHelper::getJavaVM(), pthread_self() = 1529184920
11-28 15:25:52.507 D/cocos2d-x debug info(14128): JS: hasNewVersion, localVersion: 6, server code: 6
11-28 15:25:52.517 D/dalvikvm(14128): GC_CONCURRENT freed 986K, 60% free 7417K/18508K, paused 3ms+3ms, total 27ms
11-28 15:25:52.517 D/dalvikvm(14128): WAIT_FOR_CONCURRENT_GC blocked 15ms
11-28 15:25:52.527 D/JniHelper(14128): JniHelper::getJavaVM(), pthread_self() = 1529184920
11-28 15:25:52.527 D/cocos2d-x debug info(14128): JS: hasNewVersion, localVersion: 6, server code: 6
11-28 15:25:52.527 D/cocos2d-x debug info(14128): JS: initState packageName : com.youloft.calendar.tv
11-28 15:25:52.527 D/cocos2d-x debug info(14128): JS: initState app : [object Object]
11-28 15:25:52.527 D/cocos2d-x debug info(14128): JS: initState downloadState : 1
11-28 15:25:52.537 D/cocos2d-x debug info(14128): JS: updateButtonsByDownloadState downloadState : 1
11-28 15:25:52.537 D/cocos2d-x debug info(14128): JS: updateButtonsByDownloadState progress : undefined
11-28 15:25:52.537 D/cocos2d-x debug info(14128): JS: newlength: 2, oldlength: 0
11-28 15:25:52.537 D/cocos2d-x debug info(14128): JS: setAppStateBtns : this.installLayoutPoint.x : 568
11-28 15:25:52.537 D/cocos2d-x debug info(14128): JS: setAppStateBtns : this.installLayoutPoint.x : 568
11-28 15:25:52.537 D/cocos2d-x debug info(14128): JS: bts 0: [object Object], type: 1
11-28 15:25:52.537 D/cocos2d-x debug info(14128): JS: setButtonText text : 打开
11-28 15:25:52.547 D/cocos2d-x debug info(14128): cocos2d: fullPathForFilename: No file found at Arial. Possible missing file.
11-28 15:25:52.547 D/cocos2d-x debug info(14128): JS: bts 1: [object Object], type: 2
11-28 15:25:52.547 D/cocos2d-x debug info(14128): JS: setButtonText text : 卸载
11-28 15:25:52.547 D/cocos2d-x debug info(14128): cocos2d: fullPathForFilename: No file found at Arial. Possible missing file.
11-28 15:25:52.547 D/cocos2d-x debug info(14128): JS: --------------------------------------------this.registerStateHandler this.stateHandlers : [object Object],[object Object],[object Object]
11-28 15:25:52.547 D/cocos2d-x debug info(14128): JS: appManager.registerStateHandler(appStateHandler);
11-28 15:25:52.557 D/cocos2d-x debug info(14128): JS: createButtonFocus : this.installLayoutPoint.x : 568
11-28 15:25:52.557 D/cocos2d-x debug info(14128): JS: createImageTableView
11-28 15:25:52.557 D/cocos2d-x debug info(14128): JS: tablecellatindex idx: 0, rect: 0, 63, 2094, 387
11-28 15:25:52.557 D/JniHelper(14128): JniHelper::getJavaVM(), pthread_self() = 1529184920
11-28 15:25:52.557 D/FileUtil(14128): getImageFilePathByUrl, url is http://172.16.12.58:8080/meedo-img/c97437/167909/snapshots_1944KI59I1EBC_海报1.png
11-28 15:25:52.557 D/FileUtil(14128): getImageFilePathByUrl, fileName is snapshots_1944KI59I1EBC_海报1.png
11-28 15:25:52.557 D/cocos2d-x debug info(14128): JS: screenshot exist in local: 0
11-28 15:25:52.557 D/cocos2d-x debug info(14128): JS: tablecellatindex idx: 1, rect: 0, 63, 2094, 387
11-28 15:25:52.567 D/JniHelper(14128): JniHelper::getJavaVM(), pthread_self() = 1529184920
11-28 15:25:52.567 D/FileUtil(14128): getImageFilePathByUrl, url is http://172.16.12.58:8080/meedo-img/c97437/167909/snapshots_1944KI59JGGV4_海报2.png
11-28 15:25:52.567 D/FileUtil(14128): getImageFilePathByUrl, fileName is snapshots_1944KI59JGGV4_海报2.png
11-28 15:25:52.567 D/cocos2d-x debug info(14128): JS: screenshot exist in local: 1
11-28 15:25:52.567 D/cocos2d-x debug info(14128): JS: tablecellatindex idx: 2, rect: 0, 63, 2094, 387
11-28 15:25:52.567 D/JniHelper(14128): JniHelper::getJavaVM(), pthread_self() = 1529184920
11-28 15:25:52.577 D/FileUtil(14128): getImageFilePathByUrl, url is http://172.16.12.58:8080/meedo-img/c97437/167909/snapshots_1944KI59K74C9_海报3.png
11-28 15:25:52.577 D/FileUtil(14128): getImageFilePathByUrl, fileName is snapshots_1944KI59K74C9_海报3.png
11-28 15:25:52.577 D/cocos2d-x debug info(14128): JS: screenshot exist in local: 2
11-28 15:25:52.577 D/cocos2d-x debug info(14128): JS: AppDetailScene registerListeners
11-28 15:25:52.627 D/dalvikvm(14128): GC_FOR_ALLOC freed 507K, 59% free 7740K/18508K, paused 23ms, total 23ms
11-28 15:25:52.637 D/cocos2d-x debug info(14128): trace_frame: 23.796490
11-28 15:25:52.717 D/cocos2d-x debug info(14128): JS: load screenshot from local success: 0
11-28 15:25:52.757 D/cocos2d-x debug info(14128): trace_frame: 52.790878
11-28 15:25:52.847 D/cocos2d-x debug info(14128): JS: load screenshot from local success: 1
11-28 15:25:52.867 D/cocos2d-x debug info(14128): trace_frame: 36.813427
11-28 15:25:52.967 D/cocos2d-x debug info(14128): JS: load screenshot from local success: 2
11-28 15:25:52.997 D/cocos2d-x debug info(14128): trace_frame: 44.135498
11-28 15:25:53.107 D/cocos2d-x debug info(14128): trace_frame: 66.668571
11-28 15:25:53.207 D/cocos2d-x debug info(14128): trace_frame: 59.886818
11-28 15:25:53.217 D/mdns    ( 4397): SocketDataReady got a packet from 172.16.13.14 to 224.0.0.251 on interface 172.16.13.147/wlan0/7/328
11-28 15:25:53.217 D/mdns    ( 4397): Received Response from 172.16.13.14    addressed to 224.0.0.251     on 412BC868 with  0 Questions,  3 Answers,  0 Authorities,  0 Additionals 232 bytes LLQType 0
11-28 15:25:53.317 D/cocos2d-x debug info(14128): trace_frame: 60.096157
11-28 15:25:53.417 D/cocos2d-x debug info(14128): trace_frame: 59.608963
11-28 15:25:53.467 D/dalvikvm(22184): GC_CONCURRENT freed 779K, 23% free 6771K/8756K, paused 3ms+5ms, total 52ms
11-28 15:25:53.537 D/cocos2d-x debug info(14128): trace_frame: 60.275715
11-28 15:25:53.637 D/cocos2d-x debug info(14128): trace_frame: 59.977814
11-28 15:25:53.757 D/cocos2d-x debug info(14128): trace_frame: 60.097706
11-28 15:25:53.857 D/cocos2d-x debug info(14128): trace_frame: 59.973011
11-28 15:25:53.967 D/cocos2d-x debug info(14128): trace_frame: 60.050270
11-28 15:25:54.067 D/cocos2d-x debug info(14128): trace_frame: 59.964020
11-28 15:25:54.187 D/cocos2d-x debug info(14128): trace_frame: 59.922783
11-28 15:25:54.307 D/cocos2d-x debug info(14128): trace_frame: 60.081711
11-28 15:25:54.407 D/cocos2d-x debug info(14128): trace_frame: 59.976006
11-28 15:25:54.447 D/mdns    ( 4397): mDNS_Execute
11-28 15:25:54.447 D/mdns    ( 4397): mDNS_Execute: Setting NewLocalRecords to NULL
11-28 15:25:54.447 D/mdns    ( 4397): Announcing 006d0e03a545@MiniMax._raop._tcp.local. (TXT) 3
11-28 15:25:54.447 D/mdns    ( 4397): Announcing _services._dns-sd._udp.local. (PTR) 3
11-28 15:25:54.447 D/mdns    ( 4397): Announcing _raop._tcp.local. (PTR) 3
11-28 15:25:54.447 D/mdns    ( 4397): Announcing MiniMax._airplay._tcp.local. (TXT) 3
11-28 15:25:54.447 D/mdns    ( 4397): Announcing _services._dns-sd._udp.local. (PTR) 3
11-28 15:25:54.447 D/mdns    ( 4397): Announcing _airplay._tcp.local. (PTR) 3
11-28 15:25:54.447 D/mdns    ( 4397): Announcing 006d0e03a545@MiniMax._raop._tcp.local. (SRV) 3
11-28 15:25:54.447 D/mdns    ( 4397): Announcing MiniMax._airplay._tcp.local. (SRV) 3
11-28 15:25:54.447 D/mdns    ( 4397): Announcing 147.13.16.172.in-addr.arpa. (PTR) 3
11-28 15:25:54.447 D/mdns    ( 4397): Announcing 5.4.5.A.3.0.E.F.F.F.E.0.D.6.2.0.0.0.0.0.0.0.0.0.0.0.0.0.0.8.E.F.ip6.arpa. (PTR) 3
11-28 15:25:54.447 D/mdns    ( 4397): Announcing Android-2.local. (Addr) 3
11-28 15:25:54.447 D/mdns    ( 4397): Announcing Android-2.local. (AAAA) 3
11-28 15:25:54.447 D/mdns    ( 4397): SendResponses put     24 . OPT Max 1440 Vers 0 Seq   0 MAC 00:00:00:00:00:00 I-MAC 61:38:63:64:32:65
11-28 15:25:54.447 D/mdns    ( 4397): SendResponses: Sending 0 Deregistrations, 12 Announcements, 0 Answers, 6 Additionals on 412BC868
11-28 15:25:54.447 D/mdns    ( 4397): SendResponses: Next in 16384 ticks
11-28 15:25:54.447 D/mdns    ( 4397): SocketDataReady got a packet from 172.16.13.147 to 224.0.0.251 on interface 172.16.13.147/wlan0/7/328
11-28 15:25:54.447 D/mdns    ( 4397): Received Response from 172.16.13.147   addressed to 224.0.0.251     on 412BC868 with  0 Questions, 12 Answers,  0 Authorities,  6 Additionals 690 bytes LLQType 0
11-28 15:25:54.447 D/mdns    ( 4397): Found record size   115 interface 412BC868 already in cache:  115 006d0e03a545@MiniMax._raop._tcp.local. TXT ch=2¦cn=0,1¦da=true¦ek=1¦et=0,1¦md=0,1,2¦pw=false¦sm=false¦sr=44100¦ss=16¦sv=false¦tp=UDP¦txtvers=
11-28 15:25:54.447 D/mdns    ( 4397): Found record size    75 interface 412BC868 already in cache:   75 MiniMax._airplay._tcp.local. TXT deviceid=00:6d:0e:03:a5:45¦features=0x2077¦model=AppleTV2,1¦srcvers=101.28
11-28 15:25:54.447 D/mdns    ( 4397): Found record size    78 interface 412BC868 already in cache:   78 5.4.5.A.3.0.E.F.F.F.E.0.D.6.2.0.0.0.0.0.0.0.0.0.0.0.0.0.0.8.E.F.ip6.arpa. NSEC PTR 
11-28 15:25:54.447 D/mdns    ( 4397): SocketDataReady got a packet from FE80:0000:0000:0000:026D:0EFF:FE03:A545 to FF02:0000:0000:0000:0000:0000:0000:00FB on interface 172.16.13.147/wlan0/7/329
11-28 15:25:54.447 D/mdns    ( 4397): Received Response from FE80:0000:0000:0000:026D:0EFF:FE03:A545 addressed to FF02:0000:0000:0000:0000:0000:0000:00FB on 412BC868 with  0 Questions, 12 Answers,  0 Authorities,  6 Additionals 690 bytes LLQType 0
11-28 15:25:54.447 D/mdns    ( 4397): Found record size   115 interface 412BC868 already in cache:  115 006d0e03a545@MiniMax._raop._tcp.local. TXT ch=2¦cn=0,1¦da=true¦ek=1¦et=0,1¦md=0,1,2¦pw=false¦sm=false¦sr=44100¦ss=16¦sv=false¦tp=UDP¦txtvers=
11-28 15:25:54.447 D/mdns    ( 4397): Found record size    75 interface 412BC868 already in cache:   75 MiniMax._airplay._tcp.local. TXT deviceid=00:6d:0e:03:a5:45¦features=0x2077¦model=AppleTV2,1¦srcvers=101.28
11-28 15:25:54.447 D/mdns    ( 4397): Found record size    78 interface 412BC868 already in cache:   78 5.4.5.A.3.0.E.F.F.F.E.0.D.6.2.0.0.0.0.0.0.0.0.0.0.0.0.0.0.8.E.F.ip6.arpa. NSEC PTR 
11-28 15:25:54.457 D/launcher_auto(14128): launcher_auto: sendkey back and wait.
11-28 15:25:54.517 D/cocos2d-x debug info(14128): trace_frame: 60.050270
11-28 15:25:54.547 D/mdns    ( 4397): mDNS_Execute
11-28 15:25:54.547 D/mdns    ( 4397): mDNS_Execute: Setting NewLocalRecords to NULL
11-28 15:25:54.617 D/cocos2d-x debug info(14128): trace_frame: 59.998199
11-28 15:25:54.717 D/cocos2d-x debug info(14128): trace_frame: 59.999397
11-28 15:25:54.817 D/cocos2d-x debug info(14128): trace_frame: 59.975410
11-28 15:25:54.917 D/cocos2d-x debug info(14128): trace_frame: 59.996399
11-28 15:25:55.037 D/cocos2d-x debug info(14128): trace_frame: 60.025040
11-28 15:25:55.157 D/cocos2d-x debug info(14128): trace_frame: 59.978237
11-28 15:25:55.257 D/cocos2d-x debug info(14128): trace_frame: 59.936470
11-28 15:25:55.367 D/cocos2d-x debug info(14128): trace_frame: 60.028130
11-28 15:25:55.467 D/cocos2d-x debug info(14128): JS: keyCode : 6
11-28 15:25:55.477 D/cocos2d-x debug info(14128): JS: AppDetailScene onExit
11-28 15:25:55.477 D/cocos2d-x debug info(14128): JS: --------------------------------------------this.unregisterStateHandler this.stateHandlers : [object Object],[object Object]
11-28 15:25:55.477 D/cocos2d-x debug info(14128): JS: appManager.unregisterStateHandler(appDetailLayer.appStateHandler);
11-28 15:25:55.487 D/cocos2d-x debug info(14128): JS: AppStoreMainLayer onEnter
11-28 15:25:55.487 D/cocos2d-x debug info(14128): JS: AppStoreScene onEnter
11-28 15:25:55.487 D/cocos2d-x debug info(14128): cocos2d: TextureCache: removing unused texture: /data/data/tv.fun.launcher/cache/snapshots_1944KI59K74C9_海报3.png
11-28 15:25:55.487 D/cocos2d-x debug info(14128): cocos2d: TextureCache: removing unused texture: /data/data/tv.fun.launcher/cache/snapshots_1944KI59JGGV4_海报2.png
11-28 15:25:55.487 D/cocos2d-x debug info(14128): cocos2d: TextureCache: removing unused texture: /data/data/tv.fun.launcher/cache/snapshots_1944KI59I1EBC_海报1.png
11-28 15:25:55.497 D/cocos2d-x debug info(14128): cocos2d: TextureCache: removing unused texture: /data/data/tv.fun.launcher/cache/poster_1944K4NN518LM_春雨医生TV.png
11-28 15:25:55.497 D/cocos2d-x debug info(14128): cocos2d: TextureCache: removing unused texture: /data/data/tv.fun.launcher/cache/poster_1944K3CHVTDV2_波克斗地主.png
11-28 15:25:55.497 D/cocos2d-x debug info(14128): cocos2d: TextureCache: removing unused texture: /data/data/tv.fun.launcher/cache/poster_1944K8JIGMK9M_美食杰TV版.png
11-28 15:25:55.497 D/cocos2d-x debug info(14128): cocos2d: TextureCache: removing unused texture: /cc_2x2_white_image
11-28 15:25:55.497 D/cocos2d-x debug info(14128): trace_frame: 59.262188
11-28 15:25:55.587 D/cocos2d-x debug info(14128): trace_frame: 60.576687
11-28 15:25:55.707 D/cocos2d-x debug info(14128): trace_frame: 60.011654
11-28 15:25:55.817 D/cocos2d-x debug info(14128): trace_frame: 60.055424
11-28 15:25:55.937 D/cocos2d-x debug info(14128): trace_frame: 59.945881
11-28 15:25:56.057 D/cocos2d-x debug info(14128): trace_frame: 60.075016
11-28 15:25:56.157 D/cocos2d-x debug info(14128): trace_frame: 59.937668
--------- beginning of /dev/log/system
11-28 15:25:56.227 W/ThrottleService( 2370): unable to find stats for iface rmnet0
11-28 15:25:56.267 D/cocos2d-x debug info(14128): trace_frame: 60.040482
11-28 15:25:56.367 D/cocos2d-x debug info(14128): trace_frame: 59.891598
11-28 15:25:56.467 D/launcher_auto(14128): launcher_auto: sendkey and wait.
11-28 15:25:56.487 D/cocos2d-x debug info(14128): trace_frame: 59.191113
11-28 15:25:56.607 D/cocos2d-x debug info(14128): trace_frame: 60.908234
11-28 15:25:56.687 D/mdns    ( 4397): SocketDataReady got a packet from 172.16.13.14 to 224.0.0.251 on interface 172.16.13.147/wlan0/7/328
11-28 15:25:56.687 D/mdns    ( 4397): Received Response from 172.16.13.14    addressed to 224.0.0.251     on 412BC868 with  0 Questions,  3 Answers,  0 Authorities,  0 Additionals 202 bytes LLQType 0
11-28 15:25:56.707 D/cocos2d-x debug info(14128): trace_frame: 59.835449
11-28 15:25:56.817 D/cocos2d-x debug info(14128): trace_frame: 60.090996
11-28 15:25:56.937 D/cocos2d-x debug info(14128): trace_frame: 60.082748
11-28 15:25:56.967 D/cocos2d-x debug info(14128): JS: keyCode : 157
11-28 15:25:56.967 D/cocos2d-x debug info(14128): JS: right button clicked. lastIndex:5
11-28 15:25:56.977 D/cocos2d-x debug info(14128): JS: right button clicked. currentIndex:6
11-28 15:25:57.037 D/cocos2d-x debug info(14128): trace_frame: 59.982620
11-28 15:25:57.157 D/cocos2d-x debug info(14128): trace_frame: 59.938694
11-28 15:25:57.187 D/cocos2d-x debug info(14128): JS: tableMoveFinished 
11-28 15:25:57.187 D/cocos2d-x debug info(14128): JS: updateAppInfo, cellIndex = 6
11-28 15:25:57.197 D/cocos2d-x debug info(14128): JS: updateAppButtonPosition appButton : [object Object]
11-28 15:25:57.197 D/cocos2d-x debug info(14128): JS: updateAppButtonPosition appButton : [object Object]
11-28 15:25:57.197 D/JniHelper(14128): JniHelper::getJavaVM(), pthread_self() = 1529184920
11-28 15:25:57.197 D/FileUtil(14128): getImageFilePathByUrl, url is http://172.16.12.58:8080/meedo-img/4fda5f/c81e72/snapshots_197QE8J664JTE.jpg
11-28 15:25:57.197 D/FileUtil(14128): getImageFilePathByUrl, fileName is snapshots_197QE8J664JTE.jpg
11-28 15:25:57.197 D/JniHelper(14128): JniHelper::getJavaVM(), pthread_self() = 1529184920
11-28 15:25:57.197 D/FileUtil(14128): getImageFilePathByUrl, url is http://172.16.12.58:8080/meedo-img/4fda5f/c81e72/snapshots_197QE8J66O6UR.jpg
11-28 15:25:57.207 D/FileUtil(14128): getImageFilePathByUrl, fileName is snapshots_197QE8J66O6UR.jpg
11-28 15:25:57.207 D/JniHelper(14128): JniHelper::getJavaVM(), pthread_self() = 1529184920
11-28 15:25:57.207 D/FileUtil(14128): getImageFilePathByUrl, url is http://172.16.12.58:8080/meedo-img/4fda5f/c81e72/snapshots_197QE8J6F5OPT.jpg
11-28 15:25:57.207 D/FileUtil(14128): getImageFilePathByUrl, fileName is snapshots_197QE8J6F5OPT.jpg
11-28 15:25:57.207 D/JniHelper(14128): JniHelper::getJavaVM(), pthread_self() = 1529184920
11-28 15:25:57.207 D/FileUtil(14128): getImageFilePathByUrl, url is http://172.16.12.58:8080/meedo-img/4fda5f/c81e72/snapshots_197QE8J6GDCFP.jpg
11-28 15:25:57.207 D/FileUtil(14128): getImageFilePathByUrl, fileName is snapshots_197QE8J6GDCFP.jpg
11-28 15:25:57.207 D/cocos2d-x debug info(14128): JS: updateAppButtonState cellIndex : 6
11-28 15:25:57.207 D/cocos2d-x debug info(14128): JS: setAppButtons typeArray : 0
11-28 15:25:57.217 D/cocos2d-x debug info(14128): JS: setAppButtons appButtons : [object Object],[object Object]
11-28 15:25:57.217 D/cocos2d-x debug info(14128): JS: setButtonText text : 安装
11-28 15:25:57.217 D/cocos2d-x debug info(14128): cocos2d: fullPathForFilename: No file found at Arial. Possible missing file.
11-28 15:25:57.277 D/dalvikvm(14128): GC_FOR_ALLOC freed 910K, 58% free 7781K/18508K, paused 22ms, total 22ms
11-28 15:25:57.287 D/cocos2d-x debug info(14128): trace_frame: 22.462992
11-28 15:25:57.407 D/cocos2d-x debug info(14128): trace_frame: 60.112152
11-28 15:25:57.467 D/launcher_auto(14128): launcher_auto: sendkey and wait.
11-28 15:25:57.507 D/cocos2d-x debug info(14128): trace_frame: 59.970013
11-28 15:25:57.607 D/cocos2d-x debug info(14128): trace_frame: 59.972412
11-28 15:25:57.717 D/cocos2d-x debug info(14128): trace_frame: 59.921246
11-28 15:25:57.727 D/mdns    ( 4397): SocketDataReady got a packet from 172.16.13.203 to 224.0.0.251 on interface 172.16.13.147/wlan0/7/328
11-28 15:25:57.727 D/mdns    ( 4397): Received Response from 172.16.13.203   addressed to 224.0.0.251     on 412BC868 with  0 Questions,  3 Answers,  0 Authorities,  0 Additionals 329 bytes LLQType 0
11-28 15:25:57.827 D/cocos2d-x debug info(14128): trace_frame: 59.590614
11-28 15:25:57.937 D/cocos2d-x debug info(14128): trace_frame: 60.520126
11-28 15:25:57.987 D/cocos2d-x debug info(14128): JS: keyCode : 161
11-28 15:25:57.997 D/cocos2d-x debug info(14128): JS: AppStoreMainLayer onExit
11-28 15:25:57.997 D/cocos2d-x debug info(14128): JS: AppStoreScene onExit
11-28 15:25:57.997 D/cocos2d-x debug info(14128): JS: AppDetail createIconSprite
11-28 15:25:57.997 D/cocos2d-x debug info(14128): JS: AppDetailScene initIcon
11-28 15:25:57.997 D/JniHelper(14128): JniHelper::getJavaVM(), pthread_self() = 1529184920
11-28 15:25:57.997 D/FileUtil(14128): getImageFilePathByUrl, url is http://172.16.12.58:8080/meedo-img/4fda5f/c81e72/poster_197QE7M2R1N3M.jpg
11-28 15:25:57.997 D/FileUtil(14128): getImageFilePathByUrl, fileName is poster_197QE7M2R1N3M.jpg
11-28 15:25:57.997 D/cocos2d-x debug info(14128): JS: AppDetail createAppNameLabel
11-28 15:25:58.007 D/cocos2d-x debug info(14128): JS: AppDetail createVersionNameLabel
11-28 15:25:58.007 D/JniHelper(14128): JniHelper::getJavaVM(), pthread_self() = 1529184920
11-28 15:25:58.007 I/PackageUtil(14128): getPackageInfo, packageName not found, name is com.example.androidtest
11-28 15:25:58.007 D/cocos2d-x debug info(14128): JS: version name from pm: 
11-28 15:25:58.007 D/cocos2d-x debug info(14128): JS: version name from server: 2.0
11-28 15:25:58.017 D/cocos2d-x debug info(14128): JS: createBriefAndUpdateContentLabel
11-28 15:25:58.017 D/JniHelper(14128): JniHelper::getJavaVM(), pthread_self() = 1529184920
11-28 15:25:58.017 I/PackageUtil(14128): getPackageInfo, packageName not found, name is com.example.androidtest
11-28 15:25:58.027 D/cocos2d-x debug info(14128): JS: hasNewVersion, localVersion: -1, server code: 2
11-28 15:25:58.027 D/JniHelper(14128): JniHelper::getJavaVM(), pthread_self() = 1529184920
11-28 15:25:58.027 I/PackageUtil(14128): getPackageInfo, packageName not found, name is com.example.androidtest
11-28 15:25:58.027 D/cocos2d-x debug info(14128): JS: hasNewVersion, localVersion: -1, server code: 2
11-28 15:25:58.037 D/cocos2d-x debug info(14128): JS: initState packageName : com.example.androidtest
11-28 15:25:58.037 D/cocos2d-x debug info(14128): JS: initState app : [object Object]
11-28 15:25:58.037 D/cocos2d-x debug info(14128): JS: initState downloadState : 1
11-28 15:25:58.037 D/cocos2d-x debug info(14128): JS: updateButtonsByDownloadState downloadState : 1
11-28 15:25:58.037 D/cocos2d-x debug info(14128): JS: updateButtonsByDownloadState progress : undefined
11-28 15:25:58.037 D/cocos2d-x debug info(14128): JS: newlength: 1, oldlength: 0
11-28 15:25:58.037 D/cocos2d-x debug info(14128): JS: setAppStateBtns : this.installLayoutPoint.x : 568
11-28 15:25:58.037 D/cocos2d-x debug info(14128): JS: bts 0: [object Object], type: 0
11-28 15:25:58.037 D/cocos2d-x debug info(14128): JS: setButtonText text : 安装
11-28 15:25:58.037 D/cocos2d-x debug info(14128): cocos2d: fullPathForFilename: No file found at Arial. Possible missing file.
11-28 15:25:58.047 D/cocos2d-x debug info(14128): JS: --------------------------------------------this.registerStateHandler this.stateHandlers : [object Object],[object Object],[object Object]
11-28 15:25:58.047 D/cocos2d-x debug info(14128): JS: appManager.registerStateHandler(appStateHandler);
11-28 15:25:58.047 D/cocos2d-x debug info(14128): JS: createButtonFocus : this.installLayoutPoint.x : 568
11-28 15:25:58.047 D/cocos2d-x debug info(14128): JS: createImageTableView
11-28 15:25:58.057 D/cocos2d-x debug info(14128): JS: tablecellatindex idx: 0, rect: 0, 63, 2792, 387
11-28 15:25:58.057 D/JniHelper(14128): JniHelper::getJavaVM(), pthread_self() = 1529184920
11-28 15:25:58.057 D/FileUtil(14128): getImageFilePathByUrl, url is http://172.16.12.58:8080/meedo-img/4fda5f/c81e72/snapshots_197QE8J664JTE.jpg
11-28 15:25:58.057 D/FileUtil(14128): getImageFilePathByUrl, fileName is snapshots_197QE8J664JTE.jpg
11-28 15:25:58.057 D/cocos2d-x debug info(14128): JS: screenshot exist in local: 0
11-28 15:25:58.057 D/cocos2d-x debug info(14128): JS: tablecellatindex idx: 1, rect: 0, 63, 2792, 387
11-28 15:25:58.057 D/JniHelper(14128): JniHelper::getJavaVM(), pthread_self() = 1529184920
11-28 15:25:58.057 D/FileUtil(14128): getImageFilePathByUrl, url is http://172.16.12.58:8080/meedo-img/4fda5f/c81e72/snapshots_197QE8J66O6UR.jpg
11-28 15:25:58.057 D/FileUtil(14128): getImageFilePathByUrl, fileName is snapshots_197QE8J66O6UR.jpg
11-28 15:25:58.067 D/cocos2d-x debug info(14128): JS: screenshot exist in local: 1
11-28 15:25:58.067 D/cocos2d-x debug info(14128): JS: tablecellatindex idx: 2, rect: 0, 63, 2792, 387
11-28 15:25:58.067 D/JniHelper(14128): JniHelper::getJavaVM(), pthread_self() = 1529184920
11-28 15:25:58.067 D/FileUtil(14128): getImageFilePathByUrl, url is http://172.16.12.58:8080/meedo-img/4fda5f/c81e72/snapshots_197QE8J6F5OPT.jpg
11-28 15:25:58.067 D/FileUtil(14128): getImageFilePathByUrl, fileName is snapshots_197QE8J6F5OPT.jpg
11-28 15:25:58.077 D/cocos2d-x debug info(14128): JS: screenshot exist in local: 2
11-28 15:25:58.077 D/cocos2d-x debug info(14128): JS: AppDetailScene registerListeners
11-28 15:25:58.127 D/dalvikvm(14128): GC_FOR_ALLOC freed 1339K, 61% free 7367K/18508K, paused 22ms, total 22ms
11-28 15:25:58.157 D/dalvikvm(14128): GC_FOR_ALLOC freed 3K, 58% free 7924K/18508K, paused 21ms, total 21ms
11-28 15:25:58.177 D/cocos2d-x debug info(14128): trace_frame: 16.540548
11-28 15:25:58.197 D/cocos2d-x debug info(14128): JS: load screenshot from local success: 0
11-28 15:25:58.267 D/cocos2d-x debug info(14128): JS: load screenshot from local success: 1
11-28 15:25:58.287 D/cocos2d-x debug info(14128): trace_frame: 64.084953
11-28 15:25:58.367 D/cocos2d-x debug info(14128): JS: load screenshot from local success: 2
11-28 15:25:58.407 D/cocos2d-x debug info(14128): trace_frame: 60.551018
11-28 15:25:58.507 D/cocos2d-x debug info(14128): trace_frame: 59.966423
11-28 15:25:58.617 D/cocos2d-x debug info(14128): trace_frame: 60.064693
11-28 15:25:58.717 D/cocos2d-x debug info(14128): trace_frame: 59.842018
11-28 15:25:58.837 D/cocos2d-x debug info(14128): trace_frame: 60.158134
11-28 15:25:58.937 D/cocos2d-x debug info(14128): trace_frame: 59.939465
11-28 15:25:59.037 D/cocos2d-x debug info(14128): trace_frame: 58.958801
11-28 15:25:59.057 D/dalvikvm(22184): GC_CONCURRENT freed 748K, 21% free 6794K/8544K, paused 3ms+3ms, total 47ms
11-28 15:25:59.157 D/cocos2d-x debug info(14128): trace_frame: 60.932083
11-28 15:25:59.267 D/cocos2d-x debug info(14128): trace_frame: 60.015778
11-28 15:25:59.367 D/mdns    ( 4397): SocketDataReady got a packet from 172.16.13.14 to 224.0.0.251 on interface 172.16.13.147/wlan0/7/328
11-28 15:25:59.367 D/mdns    ( 4397): Received Response from 172.16.13.14    addressed to 224.0.0.251     on 412BC868 with  0 Questions,  3 Answers,  0 Authorities,  0 Additionals 290 bytes LLQType 0
11-28 15:25:59.367 D/cocos2d-x debug info(14128): trace_frame: 59.691399
11-28 15:25:59.487 D/cocos2d-x debug info(14128): trace_frame: 60.296490
11-28 15:25:59.587 D/cocos2d-x debug info(14128): trace_frame: 59.951435
11-28 15:25:59.707 D/cocos2d-x debug info(14128): trace_frame: 60.058514
11-28 15:25:59.807 D/cocos2d-x debug info(14128): trace_frame: 59.932274
11-28 15:25:59.917 D/cocos2d-x debug info(14128): trace_frame: 60.014229
11-28 15:25:59.977 D/launcher_auto(14128): launcher_auto: sendkey back and wait.
11-28 15:26:00.027 D/cocos2d-x debug info(14128): trace_frame: 59.338379
11-28 15:26:00.037 D/XiriVideoService( 5359): --->onReceive
11-28 15:26:00.037 D/ACTION_TIME_TICK( 5359): Get_TIME_TICK
11-28 15:26:00.137 D/cocos2d-x debug info(14128): trace_frame: 60.597672
11-28 15:26:00.237 D/cocos2d-x debug info(14128): trace_frame: 59.873070
11-28 15:26:00.357 D/cocos2d-x debug info(14128): trace_frame: 60.031731
11-28 15:26:00.457 D/cocos2d-x debug info(14128): trace_frame: 59.864700
11-28 15:26:00.567 D/cocos2d-x debug info(14128): trace_frame: 60.149342
11-28 15:26:00.687 D/cocos2d-x debug info(14128): trace_frame: 59.965908
11-28 15:26:00.707 D/dalvikvm(27391): GC_CONCURRENT freed 432K, 20% free 4339K/5404K, paused 2ms+2ms, total 17ms
11-28 15:26:00.787 D/cocos2d-x debug info(14128): trace_frame: 59.891598
11-28 15:26:00.907 D/cocos2d-x debug info(14128): trace_frame: 59.379902
11-28 15:26:00.987 D/cocos2d-x debug info(14128): JS: keyCode : 6
11-28 15:26:00.987 D/cocos2d-x debug info(14128): JS: AppDetailScene onExit
11-28 15:26:00.987 D/cocos2d-x debug info(14128): JS: --------------------------------------------this.unregisterStateHandler this.stateHandlers : [object Object],[object Object]
11-28 15:26:00.997 D/cocos2d-x debug info(14128): JS: appManager.unregisterStateHandler(appDetailLayer.appStateHandler);
11-28 15:26:00.997 D/cocos2d-x debug info(14128): JS: AppStoreMainLayer onEnter
11-28 15:26:00.997 D/cocos2d-x debug info(14128): JS: AppStoreScene onEnter
11-28 15:26:00.997 D/cocos2d-x debug info(14128): cocos2d: TextureCache: removing unused texture: /data/data/tv.fun.launcher/cache/snapshots_197QE8J6F5OPT.jpg
11-28 15:26:00.997 D/cocos2d-x debug info(14128): cocos2d: TextureCache: removing unused texture: /data/data/tv.fun.launcher/cache/snapshots_197QE8J664JTE.jpg
11-28 15:26:01.007 D/cocos2d-x debug info(14128): cocos2d: TextureCache: removing unused texture: /data/data/tv.fun.launcher/cache/snapshots_197QE8J66O6UR.jpg
11-28 15:26:01.007 D/cocos2d-x debug info(14128): cocos2d: TextureCache: removing unused texture: /cc_2x2_white_image
11-28 15:26:01.017 D/cocos2d-x debug info(14128): trace_frame: 55.878422
11-28 15:26:01.117 D/cocos2d-x debug info(14128): trace_frame: 64.905563
11-28 15:26:01.227 D/cocos2d-x debug info(14128): trace_frame: 59.281509
11-28 15:26:01.337 D/cocos2d-x debug info(14128): trace_frame: 59.730022
11-28 15:26:01.387 D/dalvikvm(22184): GC_CONCURRENT freed 864K, 21% free 6827K/8544K, paused 3ms+4ms, total 53ms
11-28 15:26:01.387 D/dalvikvm(22184): WAIT_FOR_CONCURRENT_GC blocked 24ms
11-28 15:26:01.457 D/cocos2d-x debug info(14128): trace_frame: 60.952251
11-28 15:26:01.557 D/cocos2d-x debug info(14128): trace_frame: 59.958027
11-28 15:26:01.667 D/cocos2d-x debug info(14128): trace_frame: 60.038425
11-28 15:26:01.767 D/cocos2d-x debug info(14128): trace_frame: 59.955631
11-28 15:26:01.867 D/dalvikvm(22184): GC_FOR_ALLOC freed 381K, 22% free 6744K/8544K, paused 41ms, total 41ms
11-28 15:26:01.877 D/cocos2d-x debug info(14128): trace_frame: 59.601269
11-28 15:26:01.987 D/launcher_auto(14128): launcher_auto: sendkey and wait.
11-28 15:26:01.987 D/cocos2d-x debug info(14128): trace_frame: 60.368767
11-28 15:26:02.107 D/cocos2d-x debug info(14128): trace_frame: 59.940750
11-28 15:26:02.227 D/cocos2d-x debug info(14128): trace_frame: 59.596275
11-28 15:26:02.337 D/cocos2d-x debug info(14128): trace_frame: 60.395336
11-28 15:26:02.457 D/cocos2d-x debug info(14128): trace_frame: 60.027611
11-28 15:26:02.487 D/cocos2d-x debug info(14128): JS: keyCode : 157
11-28 15:26:02.487 D/cocos2d-x debug info(14128): JS: right button clicked. lastIndex:6
11-28 15:26:02.497 D/cocos2d-x debug info(14128): JS: right button clicked. currentIndex:7
11-28 15:26:02.567 D/cocos2d-x debug info(14128): trace_frame: 60.049755
11-28 15:26:02.687 D/cocos2d-x debug info(14128): trace_frame: 59.993660
11-28 15:26:02.707 D/cocos2d-x debug info(14128): JS: tableMoveFinished 
11-28 15:26:02.707 D/cocos2d-x debug info(14128): JS: updateAppInfo, cellIndex = 7
11-28 15:26:02.717 D/cocos2d-x debug info(14128): JS: updateAppButtonPosition appButton : [object Object]
11-28 15:26:02.717 D/cocos2d-x debug info(14128): JS: updateAppButtonPosition appButton : [object Object]
11-28 15:26:02.717 D/JniHelper(14128): JniHelper::getJavaVM(), pthread_self() = 1529184920
11-28 15:26:02.717 D/FileUtil(14128): getImageFilePathByUrl, url is http://172.16.12.58:8080/meedo-img/819039/04caa2/snapshots_1944KD76FS1CV_海报1.png
11-28 15:26:02.717 D/FileUtil(14128): getImageFilePathByUrl, fileName is snapshots_1944KD76FS1CV_海报1.png
