11-28 15:16:09.507 D/mdns    ( 4397): mDNS_Deregister_internal: Deleting record for   16 Android-2.local. AAAA FE80:0000:0000:0000:026D:0EFF:FE03:A545
11-28 15:16:09.507 I/mdns    ( 4397): mDNS_Deregister_internal: mStatus_MemFree for   16 Android-2.local. AAAA FE80:0000:0000:0000:026D:0EFF:FE03:A545
11-28 15:16:09.507 D/mdns    ( 4397): mDNS_HostNameCallback: Android-2.local. (AAAA) Unknown result (-65792)
11-28 15:16:09.507 D/mdns    ( 4397): mDNS_HostNameCallback: MemFree (ignored)
11-28 15:16:09.507 D/mdns    ( 4397): mDNS_Deregister_internal: Deleting record for   17 5.4.5.A.3.0.E.F.F.F.E.0.D.6.2.0.0.0.0.0.0.0.0.0.0.0.0.0.0.8.E.F.ip6.arpa. PTR Android-2.local.
11-28 15:16:09.507 I/mdns    ( 4397): mDNS_Deregister_internal: mStatus_MemFree for   17 5.4.5.A.3.0.E.F.F.F.E.0.D.6.2.0.0.0.0.0.0.0.0.0.0.0.0.0.0.8.E.F.ip6.arpa. PTR Android-2.local.
11-28 15:16:09.507 D/mdns    ( 4397): SetupInterfaceList
11-28 15:16:09.507 D/mdns    ( 4397): mDNS_Register_internal: Adding to active record list    4 Android-2.local. Addr 172.16.13.147
11-28 15:16:09.507 D/mdns    ( 4397): mDNS_Register_internal: Adding to active record list   17 147.13.16.172.in-addr.arpa. PTR Android-2.local.
11-28 15:16:09.507 D/mdns    ( 4397): Not creating HINFO record: platform support layer provided no information
11-28 15:16:09.507 I/mdns    ( 4397): mDNS_RegisterInterface: InterfaceID 412B6F38 wlan0 (172.16.13.147) not represented in list; marking active and retriggering queries
11-28 15:16:09.507 I/mdns    ( 4397): mDNS_RegisterInterface: wlan0 (172.16.13.147) probedelay 512
11-28 15:16:09.507 I/mdns    ( 4397): mDNS_RegisterInterface: Setting AnnounceOwner
11-28 15:16:09.507 I/mdns    ( 4397): RestartRecordGetZoneData: ResourceRecords
11-28 15:16:09.507 D/mdns    ( 4397): SetupOneInterface: wlan0 172.16.13.147 Registered
11-28 15:16:09.507 D/mdns    ( 4397): SetupOneInterface: wlan0 FE80:0000:0000:0000:026D:0EFF:FE03:A545 is an alias of 172.16.13.147
11-28 15:16:09.507 D/mdns    ( 4397): mDNS_Register_internal: Adding to active record list   16 Android-2.local. AAAA FE80:0000:0000:0000:026D:0EFF:FE03:A545
11-28 15:16:09.507 D/mdns    ( 4397): mDNS_Register_internal: Adding to active record list   17 5.4.5.A.3.0.E.F.F.F.E.0.D.6.2.0.0.0.0.0.0.0.0.0.0.0.0.0.0.8.E.F.ip6.arpa. PTR Android-2.local.
11-28 15:16:09.507 D/mdns    ( 4397): Not creating HINFO record: platform support layer provided no information
11-28 15:16:09.507 I/mdns    ( 4397): mDNS_RegisterInterface: InterfaceID 412B6F38 wlan0 (FE80:0000:0000:0000:026D:0EFF:FE03:A545) already represented in list; marking inactive for now
11-28 15:16:09.507 I/mdns    ( 4397): mDNS_RegisterInterface: wlan0 (FE80:0000:0000:0000:026D:0EFF:FE03:A545) probedelay 512
11-28 15:16:09.507 I/mdns    ( 4397): mDNS_RegisterInterface: Setting AnnounceOwner
11-28 15:16:09.507 I/mdns    ( 4397): RestartRecordGetZoneData: ResourceRecords
11-28 15:16:09.507 D/mdns    ( 4397): SetupOneInterface: wlan0 FE80:0000:0000:0000:026D:0EFF:FE03:A545 Registered
11-28 15:16:09.507 D/mdns    ( 4397): mDNS_Execute
11-28 15:16:09.507 D/mdns    ( 4397): m->NextCacheCheck    0 Slot   4 41660509._sub._apple-mobdev2._tcp.local.
11-28 15:16:09.507 D/mdns    ( 4397): CheckCacheExpiration: Deleting  61441       0 00000000   71 41660509._sub._apple-mobdev2._tcp.local. PTR 60:d9:c7:73:1f:8c@fe80::62d9:c7ff:fe73:1f8c._apple-mobdev2._tcp.local.
11-28 15:16:09.507 D/mdns    ( 4397): CheckCacheExpiration: Updating CacheGroup tail from 400D9138 to 400D8430
11-28 15:16:09.507 D/mdns    ( 4397): m->NextCacheCheck    1 Slot  10 1048b111c283@客厅的小米盒子._raop._tcp.local.
11-28 15:16:09.507 D/mdns    ( 4397): CheckCacheExpiration: Deleting  61441       0 00000000   30 1048b111c283@客厅的小米盒子._raop._tcp.local. SRV 0 0 5000 milink-200077498.local.
11-28 15:16:09.507 D/mdns    ( 4397): CheckCacheExpiration: Deleting  61441       0 00000000  176 1048b111c283@客厅的小米盒子._raop._tcp.local. TXT tp=UDP¦sm=false¦sv=false¦ek=1¦et=0,3,5¦cn=0,1¦ch=2¦ss=16¦sr=44100¦pw=false¦vn=3¦txtve
11-28 15:16:09.507 D/mdns    ( 4397): CheckCacheExpiration: Updating CacheGroup tail from 400D9728 to 400DA7D0
11-28 15:16:09.507 D/mdns    ( 4397): m->NextCacheCheck    2 Slot  35 006d0e03a545@MiniMax._raop._tcp.local.
11-28 15:16:09.507 D/mdns    ( 4397): CheckCacheExpiration: Deleting  61441       0 00000000  115 006d0e03a545@MiniMax._raop._tcp.local. TXT ch=2¦cn=0,1¦da=true¦ek=1¦et=0,1¦md=0,1,2¦pw=false¦sm=false¦sr=44100¦ss=16¦sv=false¦tp=UDP¦txtvers=
11-28 15:16:09.507 D/mdns    ( 4397): CheckCacheExpiration: Deleting  61441       0 00000000   23 006d0e03a545@MiniMax._raop._tcp.local. SRV 0 0 38431 Android-2.local.
11-28 15:16:09.507 D/mdns    ( 4397): CheckCacheExpiration: Deleting  61441       0 00000000   46 006d0e03a545@MiniMax._raop._tcp.local. NSEC TXT SRV 
11-28 15:16:09.507 D/mdns    ( 4397): CheckCacheExpiration: Updating CacheGroup tail from 400D2EA8 to 400D48D0
11-28 15:16:09.507 D/mdns    ( 4397): m->NextCacheCheck    3 Slot  58 _rc._tcp.local.
11-28 15:16:09.507 D/mdns    ( 4397): CheckCacheExpiration: Deleting  61441       0 00000000   42 _rc._tcp.local. PTR 客厅的小米盒子\032(6)._rc._tcp.local.
11-28 15:16:09.507 D/mdns    ( 4397): CheckCacheExpiration: Deleting  61441       0 00000000   42 _rc._tcp.local. PTR 客厅的小米盒子\032(3)._rc._tcp.local.
11-28 15:16:09.507 D/mdns    ( 4397): CheckCacheExpiration: Deleting  61441       0 00000000   38 _rc._tcp.local. PTR 客厅的小米盒子._rc._tcp.local.
11-28 15:16:09.507 D/mdns    ( 4397): CheckCacheExpiration: Deleting  61441       0 00000000   42 _rc._tcp.local. PTR 客厅的小米盒子\032(5)._rc._tcp.local.
11-28 15:16:09.507 D/mdns    ( 4397): CheckCacheExpiration: Updating CacheGroup tail from 400DA698 to 400D0358
11-28 15:16:09.507 D/mdns    ( 4397): m->NextCacheCheck    4 Slot  63 470e053c._sub._apple-mobdev2._tcp.local.
11-28 15:16:09.507 D/mdns    ( 4397): CheckCacheExpiration: Deleting  61441       0 00000000   71 470e053c._sub._apple-mobdev2._tcp.local. PTR 60:d9:c7:73:1f:8c@fe80::62d9:c7ff:fe73:1f8c._apple-mobdev2._tcp.local.
11-28 15:16:09.507 D/mdns    ( 4397): CheckCacheExpiration: Updating CacheGroup tail from 400D6A08 to 400D13F8
11-28 15:16:09.507 D/mdns    ( 4397): m->NextCacheCheck    5 Slot  66 iPhone._device-info._tcp.local.
11-28 15:16:09.507 D/mdns    ( 4397): CheckCacheExpiration: Deleting  61441       0 00000000   12 iPhone._device-info._tcp.local. TXT model=N53AP
11-28 15:16:09.507 D/mdns    ( 4397): CheckCacheExpiration: Updating CacheGroup tail from 400D2B18 to 400DAE58
11-28 15:16:09.507 D/mdns    ( 4397): m->NextCacheCheck    6 Slot  73 客厅的小米盒子._airkan._tcp.local.
11-28 15:16:09.507 D/mdns    ( 4397): CheckCacheExpiration: Deleting  61441       0 00000000   30 客厅的小米盒子._airkan._tcp.local. SRV 0 0 6088 milink-254969319.local.
11-28 15:16:09.507 D/mdns    ( 4397): CheckCacheExpiration: Deleting  61441       0 00000000  125 客厅的小米盒子._airkan._tcp.local. TXT photoport=6089¦scrnw=1280¦scrnh=720¦protver=16777984¦prottext=Airkan Protocol Version 1.03¦platform_id
11-28 15:16:09.507 D/mdns    ( 4397): CheckCacheExpiration: Updating CacheGroup tail from 400D0D68 to 400D54B0
11-28 15:16:09.507 D/mdns    ( 4397): m->NextCacheCheck    7 Slot  76 147.13.16.172.in-addr.arpa.
11-28 15:16:09.507 D/mdns    ( 4397): CheckCacheExpiration: Deleting  61441       0 00000000   17 147.13.16.172.in-addr.arpa. PTR Android-2.local.
11-28 15:16:09.507 D/mdns    ( 4397): CheckCacheExpiration: Deleting  61441       0 00000000   32 147.13.16.172.in-addr.arpa. NSEC PTR 
11-28 15:16:09.507 D/mdns    ( 4397): CheckCacheExpiration: Updating CacheGroup tail from 400D74B8 to 400D8E48
11-28 15:16:09.507 D/mdns    ( 4397): m->NextCacheCheck    8 Slot  79 MiniMax._airplay._tcp.local.
11-28 15:16:09.507 D/mdns    ( 4397): CheckCacheExpiration: Deleting  61441       0 00000000   75 MiniMax._airplay._tcp.local. TXT deviceid=00:6d:0e:03:a5:45¦features=0x2077¦model=AppleTV2,1¦srcvers=101.28
11-28 15:16:09.507 D/mdns    ( 4397): CheckCacheExpiration: Deleting  61441       0 00000000   23 MiniMax._airplay._tcp.local. SRV 0 0 38421 Android-2.local.
11-28 15:16:09.507 D/mdns    ( 4397): CheckCacheExpiration: Deleting  61441       0 00000000   36 MiniMax._airplay._tcp.local. NSEC TXT SRV 
11-28 15:16:09.507 D/mdns    ( 4397): CheckCacheExpiration: Updating CacheGroup tail from 400D8D10 to 400D8EE0
11-28 15:16:09.507 D/mdns    ( 4397): m->NextCacheCheck    9 Slot 117 1048b11ad489@客厅的小米盒子._raop._tcp.local.
11-28 15:16:09.507 D/mdns    ( 4397): CheckCacheExpiration: Deleting  61441       0 00000000   30 1048b11ad489@客厅的小米盒子._raop._tcp.local. SRV 0 0 5000 milink-199422877.local.
11-28 15:16:09.507 D/mdns    ( 4397): CheckCacheExpiration: Deleting  61441       0 00000000  176 1048b11ad489@客厅的小米盒子._raop._tcp.local. TXT tp=UDP¦sm=false¦sv=false¦ek=1¦et=0,3,5¦cn=0,1¦ch=2¦ss=16¦sr=44100¦pw=false¦vn=3¦txtve
11-28 15:16:09.507 D/mdns    ( 4397): CheckCacheExpiration: Updating CacheGroup tail from 400D4B28 to 400DAEF0
11-28 15:16:09.507 D/mdns    ( 4397): m->NextCacheCheck   10 Slot 125 客厅的小米盒子\032(3)._rc._tcp.local.
11-28 15:16:09.507 D/mdns    ( 4397): CheckCacheExpiration: Deleting  61441       0 00000000   30 客厅的小米盒子\032(3)._rc._tcp.local. SRV 0 0 6091 milink-200077498.local.
11-28 15:16:09.507 D/mdns    ( 4397): CheckCacheExpiration: Deleting  61441       0 00000000  158 客厅的小米盒子\032(3)._rc._tcp.local. TXT protver=16777216¦prottext=Remote Controller Protocol Version 1.0¦platform_id=205¦scrnw=1280¦scrnh=72
11-28 15:16:09.507 D/mdns    ( 4397): CheckCacheExpiration: Updating CacheGroup tail from 400D8C78 to 400D9F80
11-28 15:16:09.507 D/mdns    ( 4397): m->NextCacheCheck   11 Slot 127 客厅的小米盒子\032(5)._rc._tcp.local.
11-28 15:16:09.507 D/mdns    ( 4397): CheckCacheExpiration: Deleting  61441       0 00000000   30 客厅的小米盒子\032(5)._rc._tcp.local. SRV 0 0 6091 milink-199704365.local.
11-28 15:16:09.507 D/mdns    ( 4397): CheckCacheExpiration: Deleting  61441       0 00000000  230 客厅的小米盒子\032(5)._rc._tcp.local. TXT protver=16777472¦prottext=Remote Controller Protocol Version 1.0.1.0¦platform_id=205¦scrnw=1280¦scrn
11-28 15:16:09.507 D/mdns    ( 4397): CheckCacheExpiration: Updating CacheGroup tail from 400D95F8 to 400D1BB0
11-28 15:16:09.507 D/mdns    ( 4397): m->NextCacheCheck   12 Slot 128 客厅的小米盒子\032(6)._rc._tcp.local.
11-28 15:16:09.507 D/mdns    ( 4397): CheckCacheExpiration: Deleting  61441       0 00000000   30 客厅的小米盒子\032(6)._rc._tcp.local. SRV 0 0 6091 milink-199422877.local.
11-28 15:16:09.507 D/mdns    ( 4397): CheckCacheExpiration: Deleting  61441       0 00000000  230 客厅的小米盒子\032(6)._rc._tcp.local. TXT protver=16777472¦prottext=Remote Controller Protocol Version 1.0.1.0¦platform_id=205¦scrnw=1280¦scrn
11-28 15:16:09.507 D/mdns    ( 4397): CheckCacheExpiration: Updating CacheGroup tail from 400D25C0 to 400D8268
11-28 15:16:09.507 D/mdns    ( 4397): m->NextCacheCheck   13 Slot 141 客厅的小米盒子\032(3)._airkan._tcp.local.
11-28 15:16:09.507 D/mdns    ( 4397): CheckCacheExpiration: Deleting  61441       0 00000000   30 客厅的小米盒子\032(3)._airkan._tcp.local. SRV 0 0 6088 milink-200077498.local.
11-28 15:16:09.507 D/mdns    ( 4397): CheckCacheExpiration: Deleting  61441       0 00000000  125 客厅的小米盒子\032(3)._airkan._tcp.local. TXT photoport=6089¦scrnw=1280¦scrnh=720¦protver=16777984¦prottext=Airkan Protocol Version 1.03¦plat
11-28 15:16:09.507 D/mdns    ( 4397): CheckCacheExpiration: Updating CacheGroup tail from 400D9988 to 400D68E0
11-28 15:16:09.507 D/mdns    ( 4397): m->NextCacheCheck   14 Slot 152 1048b152aa81@客厅的小米盒子._raop._tcp.local.
11-28 15:16:09.507 D/mdns    ( 4397): CheckCacheExpiration: Deleting  61441       0 00000000   30 1048b152aa81@客厅的小米盒子._raop._tcp.local. SRV 0 0 5000 milink-254969319.local.
11-28 15:16:09.507 D/mdns    ( 4397): CheckCacheExpiration: Deleting  61441       0 00000000  176 1048b152aa81@客厅的小米盒子._raop._tcp.local. TXT tp=UDP¦sm=false¦sv=false¦ek=1¦et=0,3,5¦cn=0,1¦ch=2¦ss=16¦sr=44100¦pw=false¦vn=3¦txtve
11-28 15:16:09.507 D/mdns    ( 4397): CheckCacheExpiration: Updating CacheGroup tail from 400D61B8 to 400D2108
11-28 15:16:09.507 D/mdns    ( 4397): m->NextCacheCheck   15 Slot 168 4cac0582._sub._apple-mobdev2._tcp.local.
11-28 15:16:09.507 D/mdns    ( 4397): CheckCacheExpiration: Deleting  61441       0 00000000   71 4cac0582._sub._apple-mobdev2._tcp.local. PTR 60:d9:c7:73:1f:8c@fe80::62d9:c7ff:fe73:1f8c._apple-mobdev2._tcp.local.
11-28 15:16:09.507 D/mdns    ( 4397): CheckCacheExpiration: Updating CacheGroup tail from 400D67A8 to 400D15C0
11-28 15:16:09.507 D/mdns    ( 4397): m->NextCacheCheck   16 Slot 179 Android-2.local.
11-28 15:16:09.507 D/mdns    ( 4397): CheckCacheExpiration: Deleting  61441       0 00000000    4 Android-2.local. Addr 172.16.13.147
11-28 15:16:09.507 D/mdns    ( 4397): CheckCacheExpiration: Deleting  61441       0 00000000   16 Android-2.local. AAAA FE80:0000:0000:0000:026D:0EFF:FE03:A545
11-28 15:16:09.507 D/mdns    ( 4397): CheckCacheExpiration: Deleting  61441       0 00000000   23 Android-2.local. NSEC Addr AAAA 
11-28 15:16:09.507 D/mdns    ( 4397): CheckCacheExpiration: Updating CacheGroup tail from 400D2FD8 to 400DA0B0
11-28 15:16:09.507 D/mdns    ( 4397): m->NextCacheCheck   17 Slot 181 59.13.16.172.in-addr.arpa.
11-28 15:16:09.507 D/mdns    ( 4397): CheckCacheExpiration: Deleting  61441       0 00000000   14 59.13.16.172.in-addr.arpa. PTR iPhone.local.
11-28 15:16:09.507 D/mdns    ( 4397): CheckCacheExpiration: Updating CacheGroup tail from 400D8BE0 to 400DA4D8
11-28 15:16:09.507 D/mdns    ( 4397): m->NextCacheCheck   18 Slot 182 9.2.d.3.0.1.9.2.8.a.7.c.5.2.0.1.0.0.0.0.0.0.0.0.0.0.0.0.0.8.e.f.ip6.arpa.
11-28 15:16:09.507 D/mdns    ( 4397): CheckCacheExpiration: Deleting  61441       0 00000000   14 9.2.d.3.0.1.9.2.8.a.7.c.5.2.0.1.0.0.0.0.0.0.0.0.0.0.0.0.0.8.e.f.ip6.arpa. PTR iPhone.local.
11-28 15:16:09.507 D/mdns    ( 4397): CheckCacheExpiration: Updating CacheGroup tail from 400D8A18 to 400D0780
11-28 15:16:09.507 D/mdns    ( 4397): m->NextCacheCheck   19 Slot 209 _raop._tcp.local.
11-28 15:16:09.507 D/mdns    ( 4397): CheckCacheExpiration: Deleting  61441       0 00000000   53 _raop._tcp.local. PTR 1048b152aa81@客厅的小米盒子._raop._tcp.local.
11-28 15:16:09.507 D/mdns    ( 4397): CheckCacheExpiration: Deleting  61441       0 00000000   39 _raop._tcp.local. PTR 006d0e03a545@MiniMax._raop._tcp.local.
11-28 15:16:09.507 D/mdns    ( 4397): CheckCacheExpiration: Deleting  61441       0 00000000   53 _raop._tcp.local. PTR 1048b11ad489@客厅的小米盒子._raop._tcp.local.
11-28 15:16:09.507 D/mdns    ( 4397): CheckCacheExpiration: Deleting  61441       0 00000000   53 _raop._tcp.local. PTR 1048b111c283@客厅的小米盒子._raop._tcp.local.
11-28 15:16:09.507 D/mdns    ( 4397): CheckCacheExpiration: Deleting  61441       0 00000000   53 _raop._tcp.local. PTR 1048b11cf011@客厅的小米盒子._raop._tcp.local.
11-28 15:16:09.507 D/mdns    ( 4397): CheckCacheExpiration: Updating CacheGroup tail from 400D02B8 to 400D0190
11-28 15:16:09.507 D/mdns    ( 4397): m->NextCacheCheck   20 Slot 217 _airplay._tcp.local.
11-28 15:16:09.507 D/mdns    ( 4397): CheckCacheExpiration: Deleting  61441       0 00000000   29 _airplay._tcp.local. PTR MiniMax._airplay._tcp.local.
11-28 15:16:09.507 D/mdns    ( 4397): CheckCacheExpiration: Deleting  61441       0 00000000   47 _airplay._tcp.local. PTR 客厅的小米盒子\032(5)._airplay._tcp.local.
11-28 15:16:09.507 D/mdns    ( 4397): CheckCacheExpiration: Deleting  61441       0 00000000   47 _airplay._tcp.local. PTR 客厅的小米盒子\032(2)._airplay._tcp.local.
11-28 15:16:09.507 D/mdns    ( 4397): CheckCacheExpiration: Deleting  61441       0 00000000   47 _airplay._tcp.local. PTR 客厅的小米盒子\032(4)._airplay._tcp.local.
11-28 15:16:09.507 D/mdns    ( 4397): CheckCacheExpiration: Updating CacheGroup tail from 400D44A0 to 400D2530
11-28 15:16:09.507 D/mdns    ( 4397): m->NextCacheCheck   21 Slot 220 milink-254969319.local.
11-28 15:16:09.507 D/mdns    ( 4397): CheckCacheExpiration: Deleting  61441       0 00000000    4 milink-254969319.local. Addr 172.16.13.203
11-28 15:16:09.507 D/mdns    ( 4397): CheckCacheExpiration: Updating CacheGroup tail from 400D4830 to 400D6D08
11-28 15:16:09.507 D/mdns    ( 4397): m->NextCacheCheck   22 Slot 249 milink-199704365.local.
11-28 15:16:09.507 D/mdns    ( 4397): CheckCacheExpiration: Deleting  61441       0 00000000    4 milink-199704365.local. Addr 172.16.13.14
11-28 15:16:09.507 D/mdns    ( 4397): CheckCacheExpiration: Updating CacheGroup tail from 400D5A98 to 400D88F0
11-28 15:16:09.507 D/mdns    ( 4397): m->NextCacheCheck   23 Slot 264 4210051d._sub._apple-mobdev2._tcp.local.
11-28 15:16:09.507 D/mdns    ( 4397): CheckCacheExpiration: Deleting  61441       0 00000000   71 4210051d._sub._apple-mobdev2._tcp.local. PTR 60:d9:c7:73:1f:8c@fe80::62d9:c7ff:fe73:1f8c._apple-mobdev2._tcp.local.
11-28 15:16:09.507 D/mdns    ( 4397): CheckCacheExpiration: Updating CacheGroup tail from 400D4EB8 to 400D2070
11-28 15:16:09.507 D/mdns    ( 4397): m->NextCacheCheck   24 Slot 269 客厅的小米盒子\032(5)._airkan._tcp.local.
11-28 15:16:09.507 D/mdns    ( 4397): CheckCacheExpiration: Deleting  61441       0 00000000   30 客厅的小米盒子\032(5)._airkan._tcp.local. SRV 0 0 6088 milink-199704365.local.
11-28 15:16:09.507 D/mdns    ( 4397): CheckCacheExpiration: Deleting  61441       0 00000000  125 客厅的小米盒子\032(5)._airkan._tcp.local. TXT photoport=6089¦scrnw=1280¦scrnh=720¦protver=16777984¦prottext=Airkan Protocol Version 1.03¦plat
11-28 15:16:09.507 D/mdns    ( 4397): CheckCacheExpiration: Updating CacheGroup tail from 400D2360 to 400D8DB0
11-28 15:16:09.507 D/mdns    ( 4397): m->NextCacheCheck   25 Slot 274 milink-203107814.local.
11-28 15:16:09.507 D/mdns    ( 4397): CheckCacheExpiration: Deleting  61441       0 00000000    4 milink-203107814.local. Addr 172.16.13.34
11-28 15:16:09.507 D/mdns    ( 4397): CheckCacheExpiration: Updating CacheGroup tail from 400D7420 to 400DAB60
11-28 15:16:09.507 D/mdns    ( 4397): m->NextCacheCheck   26 Slot 287 iPhone.local.
11-28 15:16:09.507 D/mdns    ( 4397): CheckCacheExpiration: Deleting  61441       0 00000000   16 iPhone.local. AAAA FE80:0000:0000:0000:1025:C7A8:2910:3D29
11-28 15:16:09.507 D/mdns    ( 4397): CheckCacheExpiration: Deleting  61441       0 00000000   17 iPhone.local. NSEC Addr 
11-28 15:16:09.507 D/mdns    ( 4397): CheckCacheExpiration: Deleting  61441       0 00000000    4 iPhone.local. Addr 172.16.13.59
11-28 15:16:09.507 D/mdns    ( 4397): CheckCacheExpiration: Updating CacheGroup tail from 400D51B0 to 400D4248
11-28 15:16:09.507 D/mdns    ( 4397): m->NextCacheCheck   27 Slot 297 _services._dns-sd._udp.local.
11-28 15:16:09.507 D/mdns    ( 4397): CheckCacheExpiration: Deleting  61441       0 00000000   18 _services._dns-sd._udp.local. PTR _raop._tcp.local.
11-28 15:16:09.507 D/mdns    ( 4397): CheckCacheExpiration: Deleting  61441       0 00000000   21 _services._dns-sd._udp.local. PTR _airplay._tcp.local.
11-28 15:16:09.507 D/mdns    ( 4397): CheckCacheExpiration: Deleting  61441       0 00000000   27 _services._dns-sd._udp.local. PTR _apple-mobdev2._tcp.local.
11-28 15:16:09.507 D/mdns    ( 4397): CheckCacheExpiration: Updating CacheGroup tail from 400DB0B0 to 400D38C8
11-28 15:16:09.507 D/mdns    ( 4397): m->NextCacheCheck   28 Slot 310 1048b11cf011@客厅的小米盒子._raop._tcp.local.
11-28 15:16:09.507 D/mdns    ( 4397): CheckCacheExpiration: Deleting  61441       0 00000000   30 1048b11cf011@客厅的小米盒子._raop._tcp.local. SRV 0 0 5000 milink-199704365.local.
11-28 15:16:09.507 D/mdns    ( 4397): CheckCacheExpiration: Deleting  61441       0 00000000  176 1048b11cf011@客厅的小米盒子._raop._tcp.local. TXT tp=UDP¦sm=false¦sv=false¦ek=1¦et=0,3,5¦cn=0,1¦ch=2¦ss=16¦sr=44100¦pw=false¦vn=3¦txtve
11-28 15:16:09.507 D/mdns    ( 4397): CheckCacheExpiration: Updating CacheGroup tail from 400D03E8 to 400D08B0
11-28 15:16:09.507 D/mdns    ( 4397): m->NextCacheCheck   29 Slot 325 客厅的小米盒子\032(2)._airplay._tcp.local.
11-28 15:16:09.507 D/mdns    ( 4397): CheckCacheExpiration: Deleting  61441       0 00000000   30 客厅的小米盒子\032(2)._airplay._tcp.local. SRV 0 0 7000 milink-200077498.local.
11-28 15:16:09.507 D/mdns    ( 4397): CheckCacheExpiration: Deleting  61441       0 00000000   94 客厅的小米盒子\032(2)._airplay._tcp.local. TXT deviceid=10:48:b1:11:c2:83¦features=0x100029ff¦flags=0x4¦model=AppleTV3,1¦srcvers=150.33¦vv=1
11-28 15:16:09.507 D/mdns    ( 4397): CheckCacheExpiration: Updating CacheGroup tail from 400D58D0 to 400D5970
11-28 15:16:09.507 D/mdns    ( 4397): m->NextCacheCheck   30 Slot 334 _airkan._tcp.local.
11-28 15:16:09.507 D/mdns    ( 4397): CheckCacheExpiration: Deleting  61441       0 00000000   46 _airkan._tcp.local. PTR 客厅的小米盒子\032(3)._airkan._tcp.local.
11-28 15:16:09.507 D/mdns    ( 4397): CheckCacheExpiration: Deleting  61441       0 00000000   42 _airkan._tcp.local. PTR 客厅的小米盒子._airkan._tcp.local.
11-28 15:16:09.507 D/mdns    ( 4397): CheckCacheExpiration: Deleting  61441       0 00000000   46 _airkan._tcp.local. PTR 客厅的小米盒子\032(5)._airkan._tcp.local.
11-28 15:16:09.507 D/mdns    ( 4397): CheckCacheExpiration: Deleting  61441       0 00000000   27 _airkan._tcp.local. PTR qqwwee._airkan._tcp.local.
11-28 15:16:09.507 D/mdns    ( 4397): CheckCacheExpiration: Updating CacheGroup tail from 400D2BB0 to 400D3E20
11-28 15:16:09.507 D/mdns    ( 4397): m->NextCacheCheck   31 Slot 337 客厅的小米盒子._rc._tcp.local.
11-28 15:16:09.507 D/mdns    ( 4397): CheckCacheExpiration: Deleting  61441       0 00000000   30 客厅的小米盒子._rc._tcp.local. SRV 0 0 6091 milink-254969319.local.
11-28 15:16:09.507 D/mdns    ( 4397): CheckCacheExpiration: Deleting  61441       0 00000000  230 客厅的小米盒子._rc._tcp.local. TXT protver=16777472¦prottext=Remote Controller Protocol Version 1.0.1.0¦platform_id=205¦scrnw=1280¦scrnh=720¦
11-28 15:16:09.507 D/mdns    ( 4397): CheckCacheExpiration: Updating CacheGroup tail from 400DA308 to 400D1068
11-28 15:16:09.507 D/mdns    ( 4397): m->NextCacheCheck   32 Slot 351 客厅的小米盒子\032(4)._airplay._tcp.local.
11-28 15:16:09.507 D/mdns    ( 4397): CheckCacheExpiration: Deleting  61441       0 00000000   30 客厅的小米盒子\032(4)._airplay._tcp.local. SRV 0 0 7000 milink-199704365.local.
11-28 15:16:09.507 D/mdns    ( 4397): CheckCacheExpiration: Deleting  61441       0 00000000   94 客厅的小米盒子\032(4)._airplay._tcp.local. TXT deviceid=10:48:b1:1c:f0:11¦features=0x100029ff¦flags=0x4¦model=AppleTV3,1¦srcvers=150.33¦vv=1
11-28 15:16:09.507 D/mdns    ( 4397): CheckCacheExpiration: Updating CacheGroup tail from 400D3828 to 400D8B50
11-28 15:16:09.507 D/mdns    ( 4397): m->NextCacheCheck   33 Slot 359 _apple-mobdev2._tcp.local.
11-28 15:16:09.507 D/mdns    ( 4397): CheckCacheExpiration: Deleting  61441       0 00000000   71 _apple-mobdev2._tcp.local. PTR 60:d9:c7:73:1f:8c@fe80::62d9:c7ff:fe73:1f8c._apple-mobdev2._tcp.local.
11-28 15:16:09.507 D/mdns    ( 4397): CheckCacheExpiration: Updating CacheGroup tail from 400D0E00 to 400D1230
11-28 15:16:09.507 D/mdns    ( 4397): m->NextCacheCheck   34 Slot 364 客厅的小米盒子\032(5)._airplay._tcp.local.
11-28 15:16:09.507 D/mdns    ( 4397): CheckCacheExpiration: Deleting  61441       0 00000000   30 客厅的小米盒子\032(5)._airplay._tcp.local. SRV 0 0 7000 milink-199422877.local.
11-28 15:16:09.507 D/mdns    ( 4397): CheckCacheExpiration: Deleting  61441       0 00000000   94 客厅的小米盒子\032(5)._airplay._tcp.local. TXT deviceid=10:48:b1:1a:d4:89¦features=0x100029ff¦flags=0x4¦model=AppleTV3,1¦srcvers=150.33¦vv=1
11-28 15:16:09.507 D/mdns    ( 4397): CheckCacheExpiration: Updating CacheGroup tail from 400D5EC0 to 400D32D8
11-28 15:16:09.507 D/mdns    ( 4397): m->NextCacheCheck   35 Slot 372 5.4.5.A.3.0.E.F.F.F.E.0.D.6.2.0.0.0.0.0.0.0.0.0.0.0.0.0.0.8.E.F.ip6.arpa.
11-28 15:16:09.507 D/mdns    ( 4397): CheckCacheExpiration: Deleting  61441       0 00000000   17 5.4.5.A.3.0.E.F.F.F.E.0.D.6.2.0.0.0.0.0.0.0.0.0.0.0.0.0.0.8.E.F.ip6.arpa. PTR Android-2.local.
11-28 15:16:09.507 D/mdns    ( 4397): CheckCacheExpiration: Deleting  61441       0 00000000   78 5.4.5.A.3.0.E.F.F.F.E.0.D.6.2.0.0.0.0.0.0.0.0.0.0.0.0.0.0.8.E.F.ip6.arpa. NSEC PTR 
11-28 15:16:09.507 D/mdns    ( 4397): CheckCacheExpiration: Updating CacheGroup tail from 400D8850 to 400D98F8
11-28 15:16:09.507 D/mdns    ( 4397): m->NextCacheCheck   36 Slot 409 qqwwee._airkan._tcp.local.
11-28 15:16:09.507 D/mdns    ( 4397): CheckCacheExpiration: Deleting  61441       0 00000000   30 qqwwee._airkan._tcp.local. SRV 0 0 6088 milink-203107814.local.
11-28 15:16:09.507 D/mdns    ( 4397): CheckCacheExpiration: Deleting  61441       0 00000000  125 qqwwee._airkan._tcp.local. TXT photoport=6089¦scrnw=1280¦scrnh=720¦protver=16777984¦prottext=Airkan Protocol Version 1.03¦platform_id=205¦music_ver
11-28 15:16:09.507 D/mdns    ( 4397): CheckCacheExpiration: Updating CacheGroup tail from 400D1F38 to 400D0FD0
11-28 15:16:09.507 D/mdns    ( 4397): m->NextCacheCheck   37 Slot 418 46ed053e._sub._apple-mobdev2._tcp.local.
11-28 15:16:09.507 D/mdns    ( 4397): CheckCacheExpiration: Deleting  61441       0 00000000   71 46ed053e._sub._apple-mobdev2._tcp.local. PTR 60:d9:c7:73:1f:8c@fe80::62d9:c7ff:fe73:1f8c._apple-mobdev2._tcp.local.
11-28 15:16:09.507 D/mdns    ( 4397): CheckCacheExpiration: Updating CacheGroup tail from 400DAA28 to 400D18B8
11-28 15:16:09.507 D/mdns    ( 4397): m->NextCacheCheck   38 Slot 438 3be004d4._sub._apple-mobdev2._tcp.local.
11-28 15:16:09.507 D/mdns    ( 4397): CheckCacheExpiration: Deleting  61441       0 00000000   71 3be004d4._sub._apple-mobdev2._tcp.local. PTR 60:d9:c7:73:1f:8c@fe80::62d9:c7ff:fe73:1f8c._apple-mobdev2._tcp.local.
11-28 15:16:09.507 D/mdns    ( 4397): CheckCacheExpiration: Updating CacheGroup tail from 400D26F0 to 400D4E28
11-28 15:16:09.507 D/mdns    ( 4397): m->NextCacheCheck   39 Slot 486 60:d9:c7:73:1f:8c@fe80::62d9:c7ff:fe73:1f8c._apple-mobdev2._tcp.local.
11-28 15:16:09.507 D/mdns    ( 4397): CheckCacheExpiration: Deleting  61441       0 00000000   20 60:d9:c7:73:1f:8c@fe80::62d9:c7ff:fe73:1f8c._apple-mobdev2._tcp.local. SRV 0 0 62078 iPhone.local.
11-28 15:16:09.507 D/mdns    ( 4397): CheckCacheExpiration: Deleting  61441       0 00000000    1 60:d9:c7:73:1f:8c@fe80::62d9:c7ff:fe73:1f8c._apple-mobdev2._tcp.local. TXT 
11-28 15:16:09.507 D/mdns    ( 4397): CheckCacheExpiration: Updating CacheGroup tail from 400D1818 to 400D4BC8
11-28 15:16:09.507 D/mdns    ( 4397): m->NextCacheCheck   40 checked, next in 1071673239
11-28 15:16:09.507 D/mdns    ( 4397): mDNS_Execute: Skipping LocalAuthRecord    4 Android-2.local. Addr 172.16.13.147
11-28 15:16:09.507 D/mdns    ( 4397): mDNS_Execute: Delivering Add event with LocalAuthRecord   17 147.13.16.172.in-addr.arpa. PTR Android-2.local.
11-28 15:16:09.507 D/mdns    ( 4397): mDNS_Execute: Skipping LocalAuthRecord   16 Android-2.local. AAAA FE80:0000:0000:0000:026D:0EFF:FE03:A545
11-28 15:16:09.507 D/mdns    ( 4397): mDNS_Execute: Delivering Add event with LocalAuthRecord   17 5.4.5.A.3.0.E.F.F.F.E.0.D.6.2.0.0.0.0.0.0.0.0.0.0.0.0.0.0.8.E.F.ip6.arpa. PTR Android-2.local.
11-28 15:16:09.507 D/mdns    ( 4397): mDNS_Execute: Setting NewLocalRecords to    4 Android-2.local. Addr 172.16.13.147
11-28 15:16:09.517 D/WifiSetting(14128): handleEvent action:android.net.wifi.SCAN_RESULTS
11-28 15:16:09.537 D/cocos2d-x debug info(14128): JS: launcher.eventCenter.onWifiStateChanged
11-28 15:16:09.557 D/launcher_auto(14128): launcher_auto: sendkey and wait.
11-28 15:16:09.567 D/cocos2d-x debug info(14128): trace_frame: 46.651806
11-28 15:16:09.657 D/mdns    ( 4397): mDNS_Execute
11-28 15:16:09.657 D/mdns    ( 4397): mDNS_Execute: Skipping LocalAuthRecord    4 Android-2.local. Addr 172.16.13.147
11-28 15:16:09.657 D/mdns    ( 4397): mDNS_Execute: Skipping LocalAuthRecord   16 Android-2.local. AAAA FE80:0000:0000:0000:026D:0EFF:FE03:A545
11-28 15:16:09.657 D/mdns    ( 4397): mDNS_Execute: Setting NewLocalRecords to    4 Android-2.local. Addr 172.16.13.147
11-28 15:16:09.657 D/mdns    ( 4397): mDNS_Execute
11-28 15:16:09.657 D/mdns    ( 4397): mDNS_Execute: Skipping LocalAuthRecord    4 Android-2.local. Addr 172.16.13.147
11-28 15:16:09.657 D/mdns    ( 4397): mDNS_Execute: Skipping LocalAuthRecord   16 Android-2.local. AAAA FE80:0000:0000:0000:026D:0EFF:FE03:A545
11-28 15:16:09.657 D/mdns    ( 4397): mDNS_Execute: Setting NewLocalRecords to    4 Android-2.local. Addr 172.16.13.147
11-28 15:16:09.677 D/cocos2d-x debug info(14128): trace_frame: 64.282700
11-28 15:16:09.787 D/cocos2d-x debug info(14128): trace_frame: 60.020409
11-28 15:16:09.907 D/cocos2d-x debug info(14128): trace_frame: 59.973103
11-28 15:16:09.957 D/mdns    ( 4397): SocketDataReady got a packet from 172.16.13.121 to 224.0.0.251 on interface 172.16.13.147/wlan0/7/252
11-28 15:16:09.957 D/mdns    ( 4397): Received Response from 172.16.13.121   addressed to 224.0.0.251     on 412B6F38 with  0 Questions,  8 Answers,  0 Authorities,  4 Additionals 359 bytes LLQType 0
11-28 15:16:10.007 D/mdns    ( 4397): mDNS_Execute
11-28 15:16:10.007 D/mdns    ( 4397): mDNS_Execute: Skipping LocalAuthRecord    4 Android-2.local. Addr 172.16.13.147
11-28 15:16:10.007 D/mdns    ( 4397): mDNS_Execute: Skipping LocalAuthRecord   16 Android-2.local. AAAA FE80:0000:0000:0000:026D:0EFF:FE03:A545
11-28 15:16:10.007 D/mdns    ( 4397): mDNS_Execute: Setting NewLocalRecords to    4 Android-2.local. Addr 172.16.13.147
11-28 15:16:10.007 D/mdns    ( 4397): SendQueries:   Put Question 006d0e03a545@MiniMax._raop._tcp.local. (SRV) probecount 2
11-28 15:16:10.007 D/mdns    ( 4397): SendQueries:   Put Question MiniMax._airplay._tcp.local. (SRV) probecount 2
11-28 15:16:10.007 D/mdns    ( 4397): SendQueries:   Put Question Android-2.local. (Addr) probecount 2
11-28 15:16:10.007 D/mdns    ( 4397): SendQueries:   Put Question Android-2.local. (AAAA) probecount 2
11-28 15:16:10.007 D/mdns    ( 4397): SendQueries:   Sending 4 Questions 0 Answers 4 Updates on 412B6F38
11-28 15:16:10.007 D/mdns    ( 4397): SocketDataReady got a packet from 172.16.13.147 to 224.0.0.251 on interface 172.16.13.147/wlan0/7/252
11-28 15:16:10.007 D/mdns    ( 4397): Received Query from 172.16.13.147  :5353  to 224.0.0.251    :5353  on 0x412B6F38 with  4 Questions,  0 Answers,  4 Authorities,  0 Additionals 172 bytes
11-28 15:16:10.007 D/mdns    ( 4397): SocketDataReady got a packet from FE80:0000:0000:0000:026D:0EFF:FE03:A545 to FF02:0000:0000:0000:0000:0000:0000:00FB on interface 172.16.13.147/wlan0/7/253
11-28 15:16:10.007 D/mdns    ( 4397): Received Query from FE80:0000:0000:0000:026D:0EFF:FE03:A545:5353  to FF02:0000:0000:0000:0000:0000:0000:00FB:5353  on 0x412B6F38 with  4 Questions,  0 Answers,  4 Authorities,  0 Additionals 172 bytes
11-28 15:16:10.007 D/cocos2d-x debug info(14128): trace_frame: 57.927357
11-28 15:16:10.067 D/cocos2d-x debug info(14128): JS: HomeMainScene Key down:159
11-28 15:16:10.077 D/cocos2d-x debug info(14128): JS: ItemTypeLayer--203--1
11-28 15:16:10.077 D/cocos2d-x debug info(14128): JS: curSelIndex=0
11-28 15:16:10.077 D/cocos2d-x debug info(14128): JS: lastSelIndex=6
11-28 15:16:10.077 D/cocos2d-x debug info(14128): JS: updateStatus--（更新至28集）
11-28 15:16:10.077 D/cocos2d-x debug info(14128): JS: begin home url=http://img.funshion.com/pictures/media/list/110/571/110571_360_504_ott_poster.jpg?1411029898
11-28 15:16:10.077 D/cocos2d-x debug info(14128): JS: mImageNode equal imageInfo.mUrl=http://img.funshion.com/pictures/media/list/110/571/110571_360_504_ott_poster.jpg?1411029898
11-28 15:16:10.077 D/cocos2d-x debug info(14128): JS: funtv.ImageLoader.sImagePath=/data/data/tv.fun.launcher/files/fun_download/2a/77d0779260ab9da7b3f99e6f45e176.png
11-28 15:16:10.077 D/cocos2d-x debug info(14128): JS: updateStatus--（91集全）
11-28 15:16:10.087 D/cocos2d-x debug info(14128): JS: begin home url=http://img.funshion.com/pictures/media/list/959/08/95908_360_504_ott_poster.jpg?1405569337
11-28 15:16:10.087 D/cocos2d-x debug info(14128): JS: mImageNode equal imageInfo.mUrl=http://img.funshion.com/pictures/media/list/959/08/95908_360_504_ott_poster.jpg?1405569337
11-28 15:16:10.087 D/cocos2d-x debug info(14128): JS: funtv.ImageLoader.sImagePath=/data/data/tv.fun.launcher/files/fun_download/a9/b9752ecf3eb9f66bab4d707650ee8a.png
11-28 15:16:10.087 D/cocos2d-x debug info(14128): JS: updateStatus--（52集全）
11-28 15:16:10.087 D/cocos2d-x debug info(14128): JS: begin home url=http://img.funshion.com/pictures/media/list/115/462/115462_360_504_ott_poster.jpg?1405065293
11-28 15:16:10.087 D/cocos2d-x debug info(14128): JS: mImageNode equal imageInfo.mUrl=http://img.funshion.com/pictures/media/list/115/462/115462_360_504_ott_poster.jpg?1405065293
11-28 15:16:10.087 D/cocos2d-x debug info(14128): JS: funtv.ImageLoader.sImagePath=/data/data/tv.fun.launcher/files/fun_download/fc/ec841cbfc9e1d252996afea68edca1.png
11-28 15:16:10.087 D/cocos2d-x debug info(14128): JS: updateStatus--
11-28 15:16:10.097 D/cocos2d-x debug info(14128): JS: begin home url=http://img.funshion.com/pictures/media/list/112/833/112833_360_504_ott_poster.jpg?1415986515
11-28 15:16:10.097 D/cocos2d-x debug info(14128): JS: mImageNode equal imageInfo.mUrl=http://img.funshion.com/pictures/media/list/112/833/112833_360_504_ott_poster.jpg?1415986515
11-28 15:16:10.097 D/cocos2d-x debug info(14128): JS: funtv.ImageLoader.sImagePath=/data/data/tv.fun.launcher/files/fun_download/b0/359a27fd3f9d17d9eef4556d7667fa.png
11-28 15:16:10.097 D/cocos2d-x debug info(14128): JS: updateStatus--（157集全）
11-28 15:16:10.097 D/cocos2d-x debug info(14128): JS: begin home url=http://img.funshion.com/pictures/media/list/879/54/87954_360_504_ott_poster.jpg?1406705790
11-28 15:16:10.097 D/cocos2d-x debug info(14128): JS: mImageNode equal imageInfo.mUrl=http://img.funshion.com/pictures/media/list/879/54/87954_360_504_ott_poster.jpg?1406705790
11-28 15:16:10.097 D/cocos2d-x debug info(14128): JS: funtv.ImageLoader.sImagePath=/data/data/tv.fun.launcher/files/fun_download/1a/5ad647dae91adaffa33d7ec0aa31cc.png
11-28 15:16:10.097 D/cocos2d-x debug info(14128): JS: updateStatus--
11-28 15:16:10.097 D/cocos2d-x debug info(14128): JS: begin home url=http://img.funshion.com/pictures/media/list/113/562/113562_360_504_ott_poster.jpg?1416798988
11-28 15:16:10.097 D/cocos2d-x debug info(14128): JS: mImageNode equal imageInfo.mUrl=http://img.funshion.com/pictures/media/list/113/562/113562_360_504_ott_poster.jpg?1416798988
11-28 15:16:10.107 D/cocos2d-x debug info(14128): JS: funtv.ImageLoader.sImagePath=/data/data/tv.fun.launcher/files/fun_download/d9/74ba69abd71b0cb388ac8c877f5f96.png
11-28 15:16:10.107 D/cocos2d-x debug info(14128): JS: updateStatus--
11-28 15:16:10.107 D/mdns    ( 4397): mDNS_Execute
11-28 15:16:10.107 D/mdns    ( 4397): mDNS_Execute: Skipping LocalAuthRecord    4 Android-2.local. Addr 172.16.13.147
11-28 15:16:10.107 D/mdns    ( 4397): mDNS_Execute: Skipping LocalAuthRecord   16 Android-2.local. AAAA FE80:0000:0000:0000:026D:0EFF:FE03:A545
11-28 15:16:10.107 D/mdns    ( 4397): mDNS_Execute: Setting NewLocalRecords to    4 Android-2.local. Addr 172.16.13.147
11-28 15:16:10.107 D/cocos2d-x debug info(14128): JS: begin home url=http://img.funshion.com/pictures/media/list/111/054/111054_360_504_ott_poster.jpg?1415953979
11-28 15:16:10.107 D/cocos2d-x debug info(14128): JS: mImageNode equal imageInfo.mUrl=http://img.funshion.com/pictures/media/list/111/054/111054_360_504_ott_poster.jpg?1415953979
11-28 15:16:10.107 D/cocos2d-x debug info(14128): JS: funtv.ImageLoader.sImagePath=/data/data/tv.fun.launcher/files/fun_download/f2/957e4e2b89b4d3c1725ce11e309869.png
11-28 15:16:10.107 D/cocos2d-x debug info(14128): JS: updateStatus--
11-28 15:16:10.117 D/cocos2d-x debug info(14128): JS: begin home url=http://img.funshion.com/pictures/media/list/109/978/109978_360_504_ott_poster.jpg?1415990605
11-28 15:16:10.117 D/cocos2d-x debug info(14128): JS: mImageNode equal imageInfo.mUrl=http://img.funshion.com/pictures/media/list/109/978/109978_360_504_ott_poster.jpg?1415990605
11-28 15:16:10.117 D/cocos2d-x debug info(14128): JS: funtv.ImageLoader.sImagePath=/data/data/tv.fun.launcher/files/fun_download/89/b81234e7e43dc287bca28642f04cee.png
11-28 15:16:10.117 D/cocos2d-x debug info(14128): JS: updateStatus--
11-28 15:16:10.117 D/cocos2d-x debug info(14128): JS: begin home url=http://img.funshion.com/pictures/media/list/111/592/111592_360_504_ott_poster.jpg?1415934848
11-28 15:16:10.117 D/cocos2d-x debug info(14128): JS: mImageNode equal imageInfo.mUrl=http://img.funshion.com/pictures/media/list/111/592/111592_360_504_ott_poster.jpg?1415934848
11-28 15:16:10.117 D/cocos2d-x debug info(14128): JS: funtv.ImageLoader.sImagePath=/data/data/tv.fun.launcher/files/fun_download/a9/1895df03762f60a149ef998a2b5dd1.png
11-28 15:16:10.117 D/cocos2d-x debug info(14128): JS: updateStatus--
11-28 15:16:10.117 D/cocos2d-x debug info(14128): JS: begin home url=http://img.funshion.com/pictures/media/list/115/712/115712_360_504_ott_poster.jpg?1416374592
11-28 15:16:10.117 D/cocos2d-x debug info(14128): JS: mImageNode equal imageInfo.mUrl=http://img.funshion.com/pictures/media/list/115/712/115712_360_504_ott_poster.jpg?1416374592
11-28 15:16:10.117 D/cocos2d-x debug info(14128): JS: funtv.ImageLoader.sImagePath=/data/data/tv.fun.launcher/files/fun_download/d0/556da1dd8f77b2a81556b495a9f932.png
11-28 15:16:10.127 D/JniHelper(14128): JniHelper::getJavaVM(), pthread_self() = 1529184920
11-28 15:16:10.127 D/cocos2d-x debug info(14128): JS:  HomeMainScene Key up:159
11-28 15:16:10.127 D/cocos2d-x debug info(14128): trace_frame: 34.138721
11-28 15:16:10.157 D/mdns    ( 4397): SocketDataReady got a packet from 172.16.13.131 to 224.0.0.251 on interface 172.16.13.147/wlan0/7/252
11-28 15:16:10.157 D/mdns    ( 4397): Received Response from 172.16.13.131   addressed to 224.0.0.251     on 412B6F38 with  0 Questions,  3 Answers,  0 Authorities,  0 Additionals 198 bytes LLQType 0
11-28 15:16:10.237 D/cocos2d-x debug info(14128): trace_frame: 70.726990
11-28 15:16:10.257 D/mdns    ( 4397): mDNS_Execute
11-28 15:16:10.257 D/mdns    ( 4397): mDNS_Execute: Skipping LocalAuthRecord    4 Android-2.local. Addr 172.16.13.147
11-28 15:16:10.257 D/mdns    ( 4397): mDNS_Execute: Skipping LocalAuthRecord   16 Android-2.local. AAAA FE80:0000:0000:0000:026D:0EFF:FE03:A545
11-28 15:16:10.257 D/mdns    ( 4397): mDNS_Execute: Setting NewLocalRecords to    4 Android-2.local. Addr 172.16.13.147
11-28 15:16:10.257 D/mdns    ( 4397): SendQueries:   Put Question 006d0e03a545@MiniMax._raop._tcp.local. (SRV) probecount 1
11-28 15:16:10.257 D/mdns    ( 4397): SendQueries:   Put Question MiniMax._airplay._tcp.local. (SRV) probecount 1
11-28 15:16:10.257 D/mdns    ( 4397): SendQueries:   Put Question Android-2.local. (Addr) probecount 1
11-28 15:16:10.257 D/mdns    ( 4397): SendQueries:   Put Question Android-2.local. (AAAA) probecount 1
11-28 15:16:10.257 D/mdns    ( 4397): SendQueries:   Sending 4 Questions 0 Answers 4 Updates on 412B6F38
11-28 15:16:10.257 D/mdns    ( 4397): SocketDataReady got a packet from 172.16.13.147 to 224.0.0.251 on interface 172.16.13.147/wlan0/7/252
11-28 15:16:10.257 D/mdns    ( 4397): Received Query from 172.16.13.147  :5353  to 224.0.0.251    :5353  on 0x412B6F38 with  4 Questions,  0 Answers,  4 Authorities,  0 Additionals 172 bytes
11-28 15:16:10.257 D/mdns    ( 4397): SocketDataReady got a packet from FE80:0000:0000:0000:026D:0EFF:FE03:A545 to FF02:0000:0000:0000:0000:0000:0000:00FB on interface 172.16.13.147/wlan0/7/253
11-28 15:16:10.257 D/mdns    ( 4397): Received Query from FE80:0000:0000:0000:026D:0EFF:FE03:A545:5353  to FF02:0000:0000:0000:0000:0000:0000:00FB:5353  on 0x412B6F38 with  4 Questions,  0 Answers,  4 Authorities,  0 Additionals 172 bytes
11-28 15:16:10.337 D/cocos2d-x debug info(14128): trace_frame: 59.999397
11-28 15:16:10.357 D/mdns    ( 4397): mDNS_Execute
11-28 15:16:10.357 D/mdns    ( 4397): mDNS_Execute: Skipping LocalAuthRecord    4 Android-2.local. Addr 172.16.13.147
11-28 15:16:10.357 D/mdns    ( 4397): mDNS_Execute: Skipping LocalAuthRecord   16 Android-2.local. AAAA FE80:0000:0000:0000:026D:0EFF:FE03:A545
11-28 15:16:10.357 D/mdns    ( 4397): mDNS_Execute: Setting NewLocalRecords to    4 Android-2.local. Addr 172.16.13.147
11-28 15:16:10.397 D/mdns    ( 4397): mDNS_Execute
11-28 15:16:10.397 D/mdns    ( 4397): mDNS_Execute: Skipping LocalAuthRecord    4 Android-2.local. Addr 172.16.13.147
11-28 15:16:10.397 D/mdns    ( 4397): mDNS_Execute: Skipping LocalAuthRecord   16 Android-2.local. AAAA FE80:0000:0000:0000:026D:0EFF:FE03:A545
11-28 15:16:10.397 D/mdns    ( 4397): mDNS_Execute: Setting NewLocalRecords to    4 Android-2.local. Addr 172.16.13.147
11-28 15:16:10.397 D/mdns    ( 4397): SendResponses: Next in 625 ticks
11-28 15:16:10.437 D/cocos2d-x debug info(14128): trace_frame: 59.916718
11-28 15:16:10.507 D/mdns    ( 4397): mDNS_Execute
11-28 15:16:10.507 D/mdns    ( 4397): mDNS_Execute: Skipping LocalAuthRecord    4 Android-2.local. Addr 172.16.13.147
11-28 15:16:10.507 D/mdns    ( 4397): mDNS_Execute: Skipping LocalAuthRecord   16 Android-2.local. AAAA FE80:0000:0000:0000:026D:0EFF:FE03:A545
11-28 15:16:10.507 D/mdns    ( 4397): mDNS_Execute: Setting NewLocalRecords to    4 Android-2.local. Addr 172.16.13.147
11-28 15:16:10.507 D/mdns    ( 4397): mDNS_HostNameCallback: Android-2.local. (Addr) Name registered (0)
11-28 15:16:10.507 D/mdns    ( 4397): mDNS_HostNameCallback: Android-2.local. (AAAA) Name registered (0)
11-28 15:16:10.507 D/mdns    ( 4397): SendQueries:   Put Question 006d0e03a545@MiniMax._raop._tcp.local. (SRV) probecount 0
11-28 15:16:10.507 D/mdns    ( 4397): SendQueries:   Put Question MiniMax._airplay._tcp.local. (SRV) probecount 0
11-28 15:16:10.507 D/mdns    ( 4397): SendQueries:   Put Question Android-2.local. (Addr) probecount 0
11-28 15:16:10.507 D/mdns    ( 4397): SendQueries:   Put Question Android-2.local. (AAAA) probecount 0
11-28 15:16:10.507 D/mdns    ( 4397): SendQueries:   Sending 4 Questions 0 Answers 4 Updates on 412B6F38
11-28 15:16:10.507 D/mdns    ( 4397): SocketDataReady got a packet from 172.16.13.147 to 224.0.0.251 on interface 172.16.13.147/wlan0/7/252
11-28 15:16:10.507 D/mdns    ( 4397): Received Query from 172.16.13.147  :5353  to 224.0.0.251    :5353  on 0x412B6F38 with  4 Questions,  0 Answers,  4 Authorities,  0 Additionals 172 bytes
11-28 15:16:10.507 D/mdns    ( 4397): SocketDataReady got a packet from FE80:0000:0000:0000:026D:0EFF:FE03:A545 to FF02:0000:0000:0000:0000:0000:0000:00FB on interface 172.16.13.147/wlan0/7/253
11-28 15:16:10.507 D/mdns    ( 4397): Received Query from FE80:0000:0000:0000:026D:0EFF:FE03:A545:5353  to FF02:0000:0000:0000:0000:0000:0000:00FB:5353  on 0x412B6F38 with  4 Questions,  0 Answers,  4 Authorities,  0 Additionals 172 bytes
11-28 15:16:10.557 D/cocos2d-x debug info(14128): trace_frame: 60.573544
11-28 15:16:10.567 D/launcher_auto(14128): launcher_auto: sendkey and wait.
11-28 15:16:10.607 D/mdns    ( 4397): mDNS_Execute
11-28 15:16:10.607 D/mdns    ( 4397): mDNS_Execute: Skipping LocalAuthRecord    4 Android-2.local. Addr 172.16.13.147
11-28 15:16:10.607 D/mdns    ( 4397): mDNS_Execute: Skipping LocalAuthRecord   16 Android-2.local. AAAA FE80:0000:0000:0000:026D:0EFF:FE03:A545
11-28 15:16:10.607 D/mdns    ( 4397): mDNS_Execute: Setting NewLocalRecords to    4 Android-2.local. Addr 172.16.13.147
11-28 15:16:10.657 D/cocos2d-x debug info(14128): trace_frame: 58.611492
11-28 15:16:10.757 D/mdns    ( 4397): mDNS_Execute
11-28 15:16:10.757 D/mdns    ( 4397): mDNS_Execute: Skipping LocalAuthRecord    4 Android-2.local. Addr 172.16.13.147
11-28 15:16:10.757 D/mdns    ( 4397): mDNS_Execute: Skipping LocalAuthRecord   16 Android-2.local. AAAA FE80:0000:0000:0000:026D:0EFF:FE03:A545
11-28 15:16:10.757 D/mdns    ( 4397): mDNS_Execute: Setting NewLocalRecords to    4 Android-2.local. Addr 172.16.13.147
11-28 15:16:10.757 D/mdns    ( 4397): Announcing 006d0e03a545@MiniMax._raop._tcp.local. (TXT) 7
11-28 15:16:10.757 D/mdns    ( 4397): Announcing _services._dns-sd._udp.local. (PTR) 7
11-28 15:16:10.757 D/mdns    ( 4397): Announcing _raop._tcp.local. (PTR) 7
11-28 15:16:10.757 D/mdns    ( 4397): Announcing MiniMax._airplay._tcp.local. (TXT) 7
11-28 15:16:10.757 D/mdns    ( 4397): Announcing _services._dns-sd._udp.local. (PTR) 7
11-28 15:16:10.757 D/mdns    ( 4397): Announcing _airplay._tcp.local. (PTR) 7
11-28 15:16:10.757 D/mdns    ( 4397): Announcing 006d0e03a545@MiniMax._raop._tcp.local. (SRV) 7
11-28 15:16:10.757 D/mdns    ( 4397): Announcing MiniMax._airplay._tcp.local. (SRV) 7
11-28 15:16:10.757 D/mdns    ( 4397): Announcing 147.13.16.172.in-addr.arpa. (PTR) 7
11-28 15:16:10.757 D/mdns    ( 4397): Announcing 5.4.5.A.3.0.E.F.F.F.E.0.D.6.2.0.0.0.0.0.0.0.0.0.0.0.0.0.0.8.E.F.ip6.arpa. (PTR) 7
11-28 15:16:10.757 D/mdns    ( 4397): Announcing Android-2.local. (Addr) 7
11-28 15:16:10.757 D/mdns    ( 4397): Announcing Android-2.local. (AAAA) 7
11-28 15:16:10.757 D/mdns    ( 4397): SendResponses: Sending 0 Deregistrations, 12 Announcements, 0 Answers, 5 Additionals on 412B6F38
11-28 15:16:10.757 D/mdns    ( 4397): SendResponses: Next in 1024 ticks
11-28 15:16:10.757 D/mdns    ( 4397): mDNS_Execute
11-28 15:16:10.757 D/mdns    ( 4397): mDNS_Execute: Delivering Add event with LocalAuthRecord    4 Android-2.local. Addr 172.16.13.147
11-28 15:16:10.757 D/mdns    ( 4397): mDNS_Execute: Delivering Add event with LocalAuthRecord   16 Android-2.local. AAAA FE80:0000:0000:0000:026D:0EFF:FE03:A545
11-28 15:16:10.757 D/mdns    ( 4397): mDNS_Execute: Setting NewLocalRecords to NULL
11-28 15:16:10.757 D/mdns    ( 4397): SocketDataReady got a packet from 172.16.13.147 to 224.0.0.251 on interface 172.16.13.147/wlan0/7/252
11-28 15:16:10.757 D/mdns    ( 4397): Received Response from 172.16.13.147   addressed to 224.0.0.251     on 412B6F38 with  0 Questions, 12 Answers,  0 Authorities,  5 Additionals 661 bytes LLQType 0
11-28 15:16:10.757 D/mdns    ( 4397): SocketDataReady got a packet from FE80:0000:0000:0000:026D:0EFF:FE03:A545 to FF02:0000:0000:0000:0000:0000:0000:00FB on interface 172.16.13.147/wlan0/7/253
11-28 15:16:10.757 D/mdns    ( 4397): Received Response from FE80:0000:0000:0000:026D:0EFF:FE03:A545 addressed to FF02:0000:0000:0000:0000:0000:0000:00FB on 412B6F38 with  0 Questions, 12 Answers,  0 Authorities,  5 Additionals 661 bytes LLQType 0
11-28 15:16:10.757 D/mdns    ( 4397): Found record size   115 interface 412B6F38 already in cache:  115 006d0e03a545@MiniMax._raop._tcp.local. TXT ch=2¦cn=0,1¦da=true¦ek=1¦et=0,1¦md=0,1,2¦pw=false¦sm=false¦sr=44100¦ss=16¦sv=false¦tp=UDP¦txtvers=
11-28 15:16:10.757 D/mdns    ( 4397): Found record size    75 interface 412B6F38 already in cache:   75 MiniMax._airplay._tcp.local. TXT deviceid=00:6d:0e:03:a5:45¦features=0x2077¦model=AppleTV2,1¦srcvers=101.28
11-28 15:16:10.757 D/mdns    ( 4397): Found record size    78 interface 412B6F38 already in cache:   78 5.4.5.A.3.0.E.F.F.F.E.0.D.6.2.0.0.0.0.0.0.0.0.0.0.0.0.0.0.8.E.F.ip6.arpa. NSEC PTR 
11-28 15:16:10.777 D/cocos2d-x debug info(14128): trace_frame: 59.097660
11-28 15:16:10.787 D/mdns    ( 4397): SocketDataReady got a packet from 172.16.13.4 to 224.0.0.251 on interface 172.16.13.147/wlan0/7/252
11-28 15:16:10.787 D/mdns    ( 4397): Received Query from 172.16.13.4    :5353  to 224.0.0.251    :5353  on 0x412B6F38 with  1 Question,  12 Answers,  0 Authorities,  0 Additionals 391 bytes
11-28 15:16:10.797 D/mdns    ( 4397): SocketDataReady got a packet from FE80:0000:0000:0000:EE35:86FF:FE54:AE58 to FF02:0000:0000:0000:0000:0000:0000:00FB on interface 172.16.13.147/wlan0/7/253
11-28 15:16:10.797 D/mdns    ( 4397): Received Query from FE80:0000:0000:0000:EE35:86FF:FE54:AE58:5353  to FF02:0000:0000:0000:0000:0000:0000:00FB:5353  on 0x412B6F38 with  1 Question,  12 Answers,  0 Authorities,  0 Additionals 391 bytes
11-28 15:16:10.797 D/mdns    ( 4397): SocketDataReady got a packet from 172.16.13.167 to 224.0.0.251 on interface 172.16.13.147/wlan0/7/252
11-28 15:16:10.797 D/mdns    ( 4397): Received Response from 172.16.13.167   addressed to 224.0.0.251     on 412B6F38 with  0 Questions,  3 Answers,  0 Authorities,  0 Additionals 190 bytes LLQType 0
11-28 15:16:10.797 D/mdns    ( 4397): SocketDataReady got a packet from 172.16.13.146 to 224.0.0.251 on interface 172.16.13.147/wlan0/7/252
11-28 15:16:10.797 D/mdns    ( 4397): Received Response from 172.16.13.146   addressed to 224.0.0.251     on 412B6F38 with  0 Questions,  4 Answers,  0 Authorities,  0 Additionals 225 bytes LLQType 0
11-28 15:16:10.797 D/mdns    ( 4397): SocketDataReady got a packet from 172.16.13.131 to 224.0.0.251 on interface 172.16.13.147/wlan0/7/252
11-28 15:16:10.797 D/mdns    ( 4397): Received Response from 172.16.13.131   addressed to 224.0.0.251     on 412B6F38 with  0 Questions,  3 Answers,  0 Authorities,  0 Additionals 200 bytes LLQType 0
11-28 15:16:10.797 D/mdns    ( 4397): Found record size    94 interface 412B6F38 already in cache:   94 客厅的小米盒子._airplay._tcp.local. TXT deviceid=10:48:b1:51:35:aa¦features=0x100029ff¦flags=0x4¦model=AppleTV3,1¦srcvers=150.33¦vv=1
11-28 15:16:10.807 D/mdns    ( 4397): SocketDataReady got a packet from 172.16.13.34 to 224.0.0.251 on interface 172.16.13.147/wlan0/7/252
11-28 15:16:10.807 D/mdns    ( 4397): Received Response from 172.16.13.34    addressed to 224.0.0.251     on 412B6F38 with  0 Questions,  3 Answers,  0 Authorities,  0 Additionals 183 bytes LLQType 0
11-28 15:16:10.807 D/mdns    ( 4397): SocketDataReady got a packet from 172.16.13.203 to 224.0.0.251 on interface 172.16.13.147/wlan0/7/252
11-28 15:16:10.807 D/mdns    ( 4397): Received Response from 172.16.13.203   addressed to 224.0.0.251     on 412B6F38 with  0 Questions,  4 Answers,  0 Authorities,  0 Additionals 218 bytes LLQType 0
11-28 15:16:10.807 D/mdns    ( 4397): SocketDataReady got a packet from 172.16.13.146 to 224.0.0.251 on interface 172.16.13.147/wlan0/7/252
11-28 15:16:10.807 D/mdns    ( 4397): Received Response from 172.16.13.146   addressed to 224.0.0.251     on 412B6F38 with  0 Questions,  4 Answers,  0 Authorities,  0 Additionals 222 bytes LLQType 0
11-28 15:16:10.807 D/mdns    ( 4397): SocketDataReady got a packet from 172.16.13.14 to 224.0.0.251 on interface 172.16.13.147/wlan0/7/252
