11-28 15:18:26.767 D/mdns    ( 4397): Received Response from 172.16.13.183   addressed to 224.0.0.251     on 412B7B50 with  0 Questions,  2 Answers,  0 Authorities,  9 Additionals 454 bytes LLQType 0
11-28 15:18:26.777 D/mdns    ( 4397): SocketDataReady got a packet from FE80:0000:0000:0000:02CE:39FF:FEBE:DF82 to FF02:0000:0000:0000:0000:0000:0000:00FB on interface 172.16.13.147/wlan0/7/269
11-28 15:18:26.777 D/mdns    ( 4397): Received Response from FE80:0000:0000:0000:02CE:39FF:FEBE:DF82 addressed to FF02:0000:0000:0000:0000:0000:0000:00FB on 412B7B50 with  0 Questions,  2 Answers,  0 Authorities,  9 Additionals 454 bytes LLQType 0
11-28 15:18:26.777 D/mdns    ( 4397): Found record size   115 interface 412B7B50 already in cache:  115 00ce39bedf82@MiniMax._raop._tcp.local. TXT ch=2Â¦cn=0,1Â¦da=trueÂ¦ek=1Â¦et=0,1Â¦md=0,1,2Â¦pw=falseÂ¦sm=falseÂ¦sr=44100Â¦ss=16Â¦sv=falseÂ¦tp=UDPÂ¦txtvers=
11-28 15:18:26.777 D/mdns    ( 4397): Found record size    75 interface 412B7B50 already in cache:   75 MiniMax\032(3)._airplay._tcp.local. TXT deviceid=00:ce:39:be:df:82Â¦features=0x2077Â¦model=AppleTV2,1Â¦srcvers=101.28
11-28 15:18:26.777 D/mdns    ( 4397): SocketDataReady got a packet from FE80:0000:0000:0000:1C4F:BE30:114A:6E15 to FF02:0000:0000:0000:0000:0000:0000:00FB on interface 172.16.13.147/wlan0/7/269
11-28 15:18:26.777 D/mdns    ( 4397): Received Query from FE80:0000:0000:0000:1C4F:BE30:114A:6E15:5353  to FF02:0000:0000:0000:0000:0000:0000:00FB:5353  on 0x412B7B50 with  3 Questions,  1 Answer,   0 Authorities,  0 Additionals 65 bytes
11-28 15:18:26.777 D/mdns    ( 4397): AddRecordToResponseList: _raop._tcp.local. (PTR) already in list
11-28 15:18:26.777 D/mdns    ( 4397): AddRecordToResponseList: MiniMax._airplay._tcp.local. (TXT) already in list
11-28 15:18:26.777 D/mdns    ( 4397): AddRecordToResponseList: _airplay._tcp.local. (PTR) already in list
11-28 15:18:26.777 D/mdns    ( 4397): AddRecordToResponseList: 006d0e03a545@MiniMax._raop._tcp.local. (SRV) already in list
11-28 15:18:26.777 D/mdns    ( 4397): AddRecordToResponseList: 006d0e03a545@MiniMax._raop._tcp.local. (TXT) already in list
11-28 15:18:26.777 D/mdns    ( 4397): AddRecordToResponseList: MiniMax._airplay._tcp.local. (SRV) already in list
11-28 15:18:26.777 D/mdns    ( 4397): AddRecordToResponseList: MiniMax._airplay._tcp.local. (TXT) already in list
11-28 15:18:26.777 D/mdns    ( 4397): AddRecordToResponseList: Android-2.local. (Addr) already in list
11-28 15:18:26.777 D/mdns    ( 4397): AddRecordToResponseList: Android-2.local. (AAAA) already in list
11-28 15:18:26.777 D/mdns    ( 4397): AddRecordToResponseList: Android-2.local. (Addr) already in list
11-28 15:18:26.777 D/mdns    ( 4397): AddRecordToResponseList: Android-2.local. (AAAA) already in list
11-28 15:18:26.777 D/mdns    ( 4397): AddRecordToResponseList: Android-2.local. (Addr) already in list
11-28 15:18:26.777 D/mdns    ( 4397): AddRecordToResponseList: Android-2.local. (AAAA) already in list
11-28 15:18:26.777 D/mdns    ( 4397): AddRecordToResponseList: Android-2.local. (Addr) already in list
11-28 15:18:26.777 D/mdns    ( 4397): AddRecordToResponseList: Android-2.local. (AAAA) already in list
11-28 15:18:26.807 D/cocos2d-x debug info(14128): trace_frame: 59.638000
11-28 15:18:26.807 D/mdns    ( 4397): SocketDataReady got a packet from 172.16.13.147 to 224.0.0.251 on interface 172.16.13.147/wlan0/7/268
11-28 15:18:26.807 D/mdns    ( 4397): Received Response from 172.16.13.147   addressed to 224.0.0.251     on 412B7B50 with  0 Questions,  8 Answers,  0 Authorities,  0 Additionals 464 bytes LLQType 0
11-28 15:18:26.837 D/dalvikvm(22184): GC_CONCURRENT freed 849K, 19% free 6602K/8116K, paused 5ms+4ms, total 67ms
11-28 15:18:26.847 D/mdns    ( 4397): mDNS_Execute
11-28 15:18:26.847 D/mdns    ( 4397): mDNS_Execute: Setting NewLocalRecords to NULL
11-28 15:18:26.847 D/mdns    ( 4397): AddRecordToResponseList: 006d0e03a545@MiniMax._raop._tcp.local. (SRV) already in list
11-28 15:18:26.847 D/mdns    ( 4397): AddRecordToResponseList: 006d0e03a545@MiniMax._raop._tcp.local. (TXT) already in list
11-28 15:18:26.847 D/mdns    ( 4397): AddRecordToResponseList: Android-2.local. (Addr) already in list
11-28 15:18:26.847 D/mdns    ( 4397): AddRecordToResponseList: Android-2.local. (AAAA) already in list
11-28 15:18:26.847 D/mdns    ( 4397): AddRecordToResponseList: Android-2.local. (Addr) already in list
11-28 15:18:26.847 D/mdns    ( 4397): AddRecordToResponseList: Android-2.local. (AAAA) already in list
11-28 15:18:26.847 D/mdns    ( 4397): AddRecordToResponseList: Android-2.local. (Addr) already in list
11-28 15:18:26.847 D/mdns    ( 4397): AddRecordToResponseList: Android-2.local. (AAAA) already in list
11-28 15:18:26.847 D/mdns    ( 4397): SendResponses: Next in 15301 ticks
11-28 15:18:26.917 D/cocos2d-x debug info(14128): JS: setInitParam:canStopLoading2
11-28 15:18:26.917 D/cocos2d-x debug info(14128): JS: can NOT StopLoading [2]
11-28 15:18:26.927 D/cocos2d-x debug info(14128): trace_frame: 60.277279
11-28 15:18:26.967 D/mdns    ( 4397): SocketDataReady got a packet from 172.16.13.164 to 224.0.0.251 on interface 172.16.13.147/wlan0/7/268
11-28 15:18:26.967 D/mdns    ( 4397): Received Response from 172.16.13.164   addressed to 224.0.0.251     on 412B7B50 with  0 Questions,  7 Answers,  0 Authorities,  0 Additionals 481 bytes LLQType 0
11-28 15:18:26.977 D/mdns    ( 4397): SocketDataReady got a packet from 172.16.13.187 to 224.0.0.251 on interface 172.16.13.147/wlan0/7/268
11-28 15:18:26.977 D/mdns    ( 4397): Received Response from 172.16.13.187   addressed to 224.0.0.251     on 412B7B50 with  0 Questions,  7 Answers,  0 Authorities,  0 Additionals 481 bytes LLQType 0
11-28 15:18:26.977 D/mdns    ( 4397): SocketDataReady got a packet from 172.16.13.193 to 224.0.0.251 on interface 172.16.13.147/wlan0/7/268
11-28 15:18:26.977 D/mdns    ( 4397): Received Response from 172.16.13.193   addressed to 224.0.0.251     on 412B7B50 with  0 Questions,  7 Answers,  0 Authorities,  0 Additionals 481 bytes LLQType 0
11-28 15:18:26.987 D/mdns    ( 4397): SocketDataReady got a packet from 172.16.13.146 to 224.0.0.251 on interface 172.16.13.147/wlan0/7/268
11-28 15:18:26.987 D/mdns    ( 4397): Received Response from 172.16.13.146   addressed to 224.0.0.251     on 412B7B50 with  0 Questions,  8 Answers,  0 Authorities,  0 Additionals 466 bytes LLQType 0
11-28 15:18:26.987 D/mdns    ( 4397): SocketDataReady got a packet from 172.16.13.167 to 224.0.0.251 on interface 172.16.13.147/wlan0/7/268
11-28 15:18:26.997 D/mdns    ( 4397): Received Response from 172.16.13.167   addressed to 224.0.0.251     on 412B7B50 with  0 Questions,  7 Answers,  0 Authorities,  0 Additionals 457 bytes LLQType 0
11-28 15:18:26.997 D/mdns    ( 4397): SocketDataReady got a packet from 172.16.13.146 to 224.0.0.251 on interface 172.16.13.147/wlan0/7/268
11-28 15:18:26.997 D/mdns    ( 4397): Received Response from 172.16.13.146   addressed to 224.0.0.251     on 412B7B50 with  0 Questions,  2 Answers,  0 Authorities,  9 Additionals 468 bytes LLQType 0
11-28 15:18:26.997 D/mdns    ( 4397): SocketDataReady got a packet from FE80:0000:0000:0000:CA0E:77FF:FE40:C781 to FF02:0000:0000:0000:0000:0000:0000:00FB on interface 172.16.13.147/wlan0/7/269
11-28 15:18:26.997 D/mdns    ( 4397): Received Response from FE80:0000:0000:0000:CA0E:77FF:FE40:C781 addressed to FF02:0000:0000:0000:0000:0000:0000:00FB on 412B7B50 with  0 Questions,  2 Answers,  0 Authorities,  9 Additionals 468 bytes LLQType 0
11-28 15:18:26.997 D/mdns    ( 4397): Found record size    73 interface 412B7B50 already in cache:   73 LetvBox._airplay._tcp.local. TXT deviceid=c8:0e:77:40:c7:81Â¦features=0x77Â¦model=AppleTV2,1Â¦srcvers=101.28
11-28 15:18:26.997 D/mdns    ( 4397): Found record size   133 interface 412B7B50 already in cache:  133 c80e7740c781@LetvBox._raop._tcp.local. TXT txtvers=1Â¦cn=0,1Â¦ch=2Â¦ek=1Â¦et=0,1Â¦sv=falseÂ¦tp=UDPÂ¦sm=falseÂ¦ss=16Â¦sr=44100Â¦pw=falseÂ¦vn=65537Â¦da=tru
11-28 15:18:27.007 D/mdns    ( 4397): SocketDataReady got a packet from 172.16.13.131 to 224.0.0.251 on interface 172.16.13.147/wlan0/7/268
11-28 15:18:27.007 D/mdns    ( 4397): Received Response from 172.16.13.131   addressed to 224.0.0.251     on 412B7B50 with  0 Questions,  7 Answers,  0 Authorities,  0 Additionals 477 bytes LLQType 0
11-28 15:18:27.007 D/mdns    ( 4397): Found record size   176 interface 412B7B50 already in cache:  176 1048b15135aa@å®¢å…çš„å°ç±³ç›’å­._raop._tcp.local. TXT tp=UDPÂ¦sm=falseÂ¦sv=falseÂ¦ek=1Â¦et=0,3,5Â¦cn=0,1Â¦ch=2Â¦ss=16Â¦sr=44100Â¦pw=falseÂ¦vn=3Â¦txtve
11-28 15:18:27.007 D/mdns    ( 4397): Found record size    94 interface 412B7B50 already in cache:   94 å®¢å…çš„å°ç±³ç›’å­._airplay._tcp.local. TXT deviceid=10:48:b1:51:35:aaÂ¦features=0x100029ffÂ¦flags=0x4Â¦model=AppleTV3,1Â¦srcvers=150.33Â¦vv=1
11-28 15:18:27.017 D/mdns    ( 4397): SocketDataReady got a packet from 172.16.13.14 to 224.0.0.251 on interface 172.16.13.147/wlan0/7/268
11-28 15:18:27.017 D/mdns    ( 4397): Received Response from 172.16.13.14    addressed to 224.0.0.251     on 412B7B50 with  0 Questions,  7 Answers,  0 Authorities,  0 Additionals 481 bytes LLQType 0
11-28 15:18:27.027 D/cocos2d-x debug info(14128): trace_frame: 59.636204
11-28 15:18:27.027 D/mdns    ( 4397): SocketDataReady got a packet from 172.16.13.203 to 224.0.0.251 on interface 172.16.13.147/wlan0/7/268
11-28 15:18:27.027 D/mdns    ( 4397): Received Response from 172.16.13.203   addressed to 224.0.0.251     on 412B7B50 with  0 Questions,  7 Answers,  0 Authorities,  0 Additionals 481 bytes LLQType 0
11-28 15:18:27.027 D/mdns    ( 4397): SocketDataReady got a packet from 172.16.13.34 to 224.0.0.251 on interface 172.16.13.147/wlan0/7/268
11-28 15:18:27.037 D/mdns    ( 4397): Received Response from 172.16.13.34    addressed to 224.0.0.251     on 412B7B50 with  0 Questions,  7 Answers,  0 Authorities,  0 Additionals 447 bytes LLQType 0
11-28 15:18:27.037 D/mdns    ( 4397): Found record size   176 interface 412B7B50 already in cache:  176 1048b1282220@qqwwee._raop._tcp.local. TXT tp=UDPÂ¦sm=falseÂ¦sv=falseÂ¦ek=1Â¦et=0,3,5Â¦cn=0,1Â¦ch=2Â¦ss=16Â¦sr=44100Â¦pw=falseÂ¦vn=3Â¦txtvers=1Â¦da=trueÂ¦
11-28 15:18:27.037 D/mdns    ( 4397): Found record size    94 interface 412B7B50 already in cache:   94 qqwwee._airplay._tcp.local. TXT deviceid=10:48:b1:28:22:20Â¦features=0x100029ffÂ¦flags=0x4Â¦model=AppleTV3,1Â¦srcvers=150.33Â¦vv=1
11-28 15:18:27.037 D/mdns    ( 4397): SocketDataReady got a packet from 172.16.13.159 to 224.0.0.251 on interface 172.16.13.147/wlan0/7/268
11-28 15:18:27.037 D/mdns    ( 4397): Received Query from 172.16.13.159  :5353  to 224.0.0.251    :5353  on 0x412B7B50 with  4 Questions,  4 Answers,  0 Authorities,  0 Additionals 557 bytes
11-28 15:18:27.047 D/mdns    ( 4397): SocketDataReady got a packet from FE80:0000:0000:0000:1C4F:BE30:114A:6E15 to FF02:0000:0000:0000:0000:0000:0000:00FB on interface 172.16.13.147/wlan0/7/269
11-28 15:18:27.047 D/mdns    ( 4397): Received Query from FE80:0000:0000:0000:1C4F:BE30:114A:6E15:5353  to FF02:0000:0000:0000:0000:0000:0000:00FB:5353  on 0x412B7B50 with  4 Questions,  4 Answers,  0 Authorities,  0 Additionals 557 bytes
11-28 15:18:27.107 D/mdns    ( 4397): mDNS_Execute
11-28 15:18:27.107 D/mdns    ( 4397): mDNS_Execute: Setting NewLocalRecords to NULL
11-28 15:18:27.137 D/cocos2d-x debug info(14128): trace_frame: 60.356796
11-28 15:18:27.167 D/mdns    ( 4397): SocketDataReady got a packet from 172.16.13.187 to 224.0.0.251 on interface 172.16.13.147/wlan0/7/268
11-28 15:18:27.167 D/mdns    ( 4397): Received Response from 172.16.13.187   addressed to 224.0.0.251     on 412B7B50 with  0 Questions,  3 Answers,  0 Authorities,  0 Additionals 112 bytes LLQType 0
11-28 15:18:27.167 D/mdns    ( 4397): SocketDataReady got a packet from 172.16.13.164 to 224.0.0.251 on interface 172.16.13.147/wlan0/7/268
11-28 15:18:27.167 D/mdns    ( 4397): Received Response from 172.16.13.164   addressed to 224.0.0.251     on 412B7B50 with  0 Questions,  3 Answers,  0 Authorities,  0 Additionals 112 bytes LLQType 0
11-28 15:18:27.167 D/mdns    ( 4397): SocketDataReady got a packet from 172.16.13.167 to 224.0.0.251 on interface 172.16.13.147/wlan0/7/268
11-28 15:18:27.167 D/mdns    ( 4397): Received Response from 172.16.13.167   addressed to 224.0.0.251     on 412B7B50 with  0 Questions,  3 Answers,  0 Authorities,  0 Additionals 98 bytes LLQType 0
11-28 15:18:27.167 D/mdns    ( 4397): SocketDataReady got a packet from 172.16.13.193 to 224.0.0.251 on interface 172.16.13.147/wlan0/7/268
11-28 15:18:27.167 D/mdns    ( 4397): Received Response from 172.16.13.193   addressed to 224.0.0.251     on 412B7B50 with  0 Questions,  3 Answers,  0 Authorities,  0 Additionals 112 bytes LLQType 0
11-28 15:18:27.217 D/cocos2d-x debug info(14128): JS: loadActionData:onKeyPress begin
11-28 15:18:27.217 D/cocos2d-x debug info(14128): JS: loadActionData:onKeyPress end
11-28 15:18:27.227 D/cocos2d-x debug info(14128): JS: loadActionData:handleRepeatKey begin
11-28 15:18:27.227 D/cocos2d-x debug info(14128): JS: mTabFocusChangeCallaback:handleDirectionKey-ddd
11-28 15:18:27.227 D/cocos2d-x debug info(14128): JS: loadActionData:mTabFocusChangeCallaback begin
11-28 15:18:27.227 D/cocos2d-x debug info(14128): JS: mTabFocusChangeCallaback:cb endç¾å›½å¤§ç‰‡
11-28 15:18:27.227 D/cocos2d-x debug info(14128): JS: loadActionData:mTabFocusChangeCallaback[3]
11-28 15:18:27.237 D/cocos2d-x debug info(14128): trace_frame: 59.308468
11-28 15:18:27.297 D/dalvikvm(14128): GC_FOR_ALLOC freed 1083K, 55% free 8457K/18508K, paused 23ms, total 24ms
11-28 15:18:27.337 D/dalvikvm(14128): GC_FOR_ALLOC freed 552K, 51% free 9077K/18508K, paused 23ms, total 23ms
11-28 15:18:27.347 D/cocos2d-x debug info(14128): trace_frame: 48.856754
11-28 15:18:27.377 D/mdns    ( 4397): SocketDataReady got a packet from 172.16.13.159 to 224.0.0.251 on interface 172.16.13.147/wlan0/7/268
11-28 15:18:27.377 D/mdns    ( 4397): Received Query from 172.16.13.159  :5353  to 224.0.0.251    :5353  on 0x412B7B50 with  4 Questions,  4 Answers,  0 Authorities,  0 Additionals 548 bytes
11-28 15:18:27.387 D/mdns    ( 4397): SocketDataReady got a packet from FE80:0000:0000:0000:1C4F:BE30:114A:6E15 to FF02:0000:0000:0000:0000:0000:0000:00FB on interface 172.16.13.147/wlan0/7/269
11-28 15:18:27.387 D/mdns    ( 4397): Received Query from FE80:0000:0000:0000:1C4F:BE30:114A:6E15:5353  to FF02:0000:0000:0000:0000:0000:0000:00FB:5353  on 0x412B7B50 with  4 Questions,  4 Answers,  0 Authorities,  0 Additionals 548 bytes
11-28 15:18:27.387 D/mdns    ( 4397): SocketDataReady got a packet from 172.16.13.131 to 224.0.0.251 on interface 172.16.13.147/wlan0/7/268
11-28 15:18:27.387 D/mdns    ( 4397): Received Response from 172.16.13.131   addressed to 224.0.0.251     on 412B7B50 with  0 Questions,  3 Answers,  0 Authorities,  0 Additionals 108 bytes LLQType 0
11-28 15:18:27.387 D/mdns    ( 4397): SocketDataReady got a packet from 172.16.13.203 to 224.0.0.251 on interface 172.16.13.147/wlan0/7/268
11-28 15:18:27.387 D/mdns    ( 4397): Received Response from 172.16.13.203   addressed to 224.0.0.251     on 412B7B50 with  0 Questions,  3 Answers,  0 Authorities,  0 Additionals 112 bytes LLQType 0
11-28 15:18:27.387 D/mdns    ( 4397): SocketDataReady got a packet from 172.16.13.14 to 224.0.0.251 on interface 172.16.13.147/wlan0/7/268
11-28 15:18:27.387 D/mdns    ( 4397): Received Response from 172.16.13.14    addressed to 224.0.0.251     on 412B7B50 with  0 Questions,  3 Answers,  0 Authorities,  0 Additionals 112 bytes LLQType 0
11-28 15:18:27.397 D/cocos2d-x debug info(14128): JS: startAsyncTask AsyncLoaderSceneStatic.setBack-{"retCode":"200","retMsg":"ok","totalnum":"791","data":[{"mediaid":"112833","name_cn":"ç¾äººé‚¦","adword":"å››å§å¦¹ä¸Šæ¼”è´¥å¥³å¤§ç¿»èº«","plots":"ã€Šç¾äººé‚¦ã€‹åªè¦ä½ æ˜¯ä¸€ä¸ªå¤©é¹…è›‹ï¼Œå“ªæ€•ç”Ÿæ´»åœ¨å…»é¸­åœºä¹Ÿæ²¡æœ‰å…³ç³»ã€‚å››ä¸ªä¸ªæ€§è¿¥å¼‚çš„å§å¦¹ï¼Œåœ¨ä¸€ä¸ªå……æ»¡å‹åŠ›ã€ç«äº‰ã€é‡‘é’±ã€ è¯±æƒ‘çš„æ—¶å°šç¾ä¸½é›†å›¢ï¼Œå¥¹ä»¬æ£’æ‰“æ¸£ç”·ã€å¼•è¯±ç”·ç¥ã€å¾æœèŒåœºã€åä¸½èœ•å˜ã€‚å¥¹ä»¬æˆ–è®¸å‘å¾®ã€èŠ±ç—´ã€å‚²å¨‡ï¼Œä½†æ˜¯å¥¹ä»¬æ›´åŠ è‡ªä¿¡ã€æ—¶å°šã€è±è¾¾ã€‚å¦‚æœä¸è®¤å‘½ï¼Œé‚£å°±å»æ‹¼å‘½ï¼å››å§å¦¹æºæ‰‹è¸ä¸Šäº†ä¸€åœºå¦™è¶£æ¨ªç”Ÿçš„ç¾ä¸½ä¹‹æ—…ã€‚","clarity":"super-dvd","releasedate":"2014-08-28","mtype":"movie","action_type":"@media_detail_page","karma":"9.0","action_data":"http://ott-api.fun.tv/api/v2/subject/112833","item_style":"retrive_movie","vip_tag":"","p_pic":"http://img.funshion.com/pictures/media/list/112/833/112833_360_504_ott_poster.jpg?1415986515","s_pic":"http://img.funshion.com/pictures/media/list/112/833/112833
11-28 15:18:27.427 D/mdns    ( 4397): mDNS_Execute
11-28 15:18:27.427 D/mdns    ( 4397): mDNS_Execute: Setting NewLocalRecords to NULL
11-28 15:18:27.427 D/dalvikvm(14128): GC_CONCURRENT freed 1617K, 51% free 9119K/18508K, paused 4ms+4ms, total 33ms
11-28 15:18:27.427 D/dalvikvm(14128): WAIT_FOR_CONCURRENT_GC blocked 15ms
11-28 15:18:27.487 D/cocos2d-x debug info(14128): nativeTes2Callback  [136]AsyncLoaderSceneStatic.setBack('{"retCode":"200","retMsg":"ok","totalnum":"791","data":[{"mediaid":"112833","name_cn":"\u7f8e\u4eba\u90a6","adword":"\u56db\u59d0\u59b9\u4e0a\u6f14\u8d25\u5973\u5927\u7ffb\u8eab","plots":"\u300a\u7f8e\u4eba\u90a6\u300b\u53ea\u8981\u4f60\u662f\u4e00\u4e2a\u5929\u9e45\u86cb\uff0c\u54ea\u6015\u751f\u6d3b\u5728\u517b\u9e2d\u573a\u4e5f\u6ca1\u6709\u5173\u7cfb\u3002\u56db\u4e2a\u4e2a\u6027\u8fe5\u5f02\u7684\u59d0\u59b9\uff0c\u5728\u4e00\u4e2a\u5145\u6ee1\u538b\u529b\u3001\u7ade\u4e89\u3001\u91d1\u94b1\u3001 \u8bf1\u60d1\u7684\u65f6\u5c1a\u7f8e\u4e3d\u96c6\u56e2\uff0c\u5979\u4eec\u68d2\u6253\u6e23\u7537\u3001\u5f15\u8bf1\u7537\u795e\u3001\u5f81\u670d\u804c\u573a\u3001\u534e\u4e3d\u8715\u53d8\u3002\u5979\u4eec\u6216\u8bb8\u5351\u5fae\u3001\u82b1\u75f4\u3001\u50b2\u5a07\uff0c\u4f46\u662f\u5979\u4eec\u66f4\u52a0\u81ea\u4fe1\u3001\u65f6\u5c1a\u3001\u8c41\u8fbe\u3002\u5982\u679c\u4e0d\u8ba4\u547d\uff0c\u90a3\u5c31\u53bb\u62fc\u547d\uff01\u56db\u59d0\u59b9\u643a\u6
11-28 15:18:27.497 D/cocos2d-x debug info(14128): JS: setInitParam:canStopLoading2
11-28 15:18:27.497 D/cocos2d-x debug info(14128): JS: can StopLoading
11-28 15:18:27.497 D/cocos2d-x debug info(14128): JS: startFunLoading end
11-28 15:18:27.497 D/cocos2d-x debug info(14128): JS: setInitParam:endLoading:0
11-28 15:18:27.497 D/cocos2d-x debug info(14128): JS: setInitParam:endLoading:1-2
11-28 15:18:27.497 D/cocos2d-x debug info(14128): JS: setupParamAccordingToActionDataNew[http://ott-api.fun.tv/api/v2/retrive?mtype=movie&region=chn&tag=all&rdate=all&order=daynum&statdate=all&pg=1&pz=100&pv=101&show_tb=0]
11-28 15:18:27.507 D/cocos2d-x debug info(14128): JS: setupParamAccordingToActionDataNew result[{"retCode":"200","retMsg":"ok","totalnum":"791","data":[{"mediaid":"112833","name_cn":"ç¾äººé‚¦","adword":"å››å§å¦¹ä¸Šæ¼”è´¥å¥³å¤§ç¿»èº«","plots":"ã€Šç¾äººé‚¦ã€‹åªè¦ä½ æ˜¯ä¸€ä¸ªå¤©é¹…è›‹ï¼Œå“ªæ€•ç”Ÿæ´»åœ¨å…»é¸­åœºä¹Ÿæ²¡æœ‰å…³ç³»ã€‚å››ä¸ªä¸ªæ€§è¿¥å¼‚çš„å§å¦¹ï¼Œåœ¨ä¸€ä¸ªå……æ»¡å‹åŠ›ã€ç«äº‰ã€é‡‘é’±ã€ è¯±æƒ‘çš„æ—¶å°šç¾ä¸½é›†å›¢ï¼Œå¥¹ä»¬æ£’æ‰“æ¸£ç”·ã€å¼•è¯±ç”·ç¥ã€å¾æœèŒåœºã€åä¸½èœ•å˜ã€‚å¥¹ä»¬æˆ–è®¸å‘å¾®ã€èŠ±ç—´ã€å‚²å¨‡ï¼Œä½†æ˜¯å¥¹ä»¬æ›´åŠ è‡ªä¿¡ã€æ—¶å°šã€è±è¾¾ã€‚å¦‚æœä¸è®¤å‘½ï¼Œé‚£å°±å»æ‹¼å‘½ï¼å››å§å¦¹æºæ‰‹è¸ä¸Šäº†ä¸€åœºå¦™è¶£æ¨ªç”Ÿçš„ç¾ä¸½ä¹‹æ—…ã€‚","clarity":"super-dvd","releasedate":"2014-08-28","mtype":"movie","action_type":"@media_detail_page","karma":"9.0","action_data":"http://ott-api.fun.tv/api/v2/subject/112833","item_style":"retrive_movie","vip_tag":"","p_pic":"http://img.funshion.com/pictures/media/list/112/833/112833_360_504_ott_poster.jpg?1415986515","s_pic":"http://img.funshion.com/pictures/media/list/112/833/112833_530
11-28 15:18:27.507 D/cocos2d-x debug info(14128): JS: setupParamAccordingToActionDataNew focus tab Index[2]
11-28 15:18:27.517 D/cocos2d-x debug info(14128): JS: LRUCache, set item key is http://ott-api.fun.tv/api/v2/retrive?mtype=movie&region=chn&tag=all&rdate=all&order=daynum&statdate=all&pg=1&pz=100&pv=101&show_tb=0, value is {"retCode":"200","retMsg":"ok","totalnum":"791","data":[{"mediaid":"112833","name_cn":"ç¾äººé‚¦","adword":"å››å§å¦¹ä¸Šæ¼”è´¥å¥³å¤§ç¿»èº«","plots":"ã€Šç¾äººé‚¦ã€‹åªè¦ä½ æ˜¯ä¸€ä¸ªå¤©é¹…è›‹ï¼Œå“ªæ€•ç”Ÿæ´»åœ¨å…»é¸­åœºä¹Ÿæ²¡æœ‰å…³ç³»ã€‚å››ä¸ªä¸ªæ€§è¿¥å¼‚çš„å§å¦¹ï¼Œåœ¨ä¸€ä¸ªå……æ»¡å‹åŠ›ã€ç«äº‰ã€é‡‘é’±ã€ è¯±æƒ‘çš„æ—¶å°šç¾ä¸½é›†å›¢ï¼Œå¥¹ä»¬æ£’æ‰“æ¸£ç”·ã€å¼•è¯±ç”·ç¥ã€å¾æœèŒåœºã€åä¸½èœ•å˜ã€‚å¥¹ä»¬æˆ–è®¸å‘å¾®ã€èŠ±ç—´ã€å‚²å¨‡ï¼Œä½†æ˜¯å¥¹ä»¬æ›´åŠ è‡ªä¿¡ã€æ—¶å°šã€è±è¾¾ã€‚å¦‚æœä¸è®¤å‘½ï¼Œé‚£å°±å»æ‹¼å‘½ï¼å››å§å¦¹æºæ‰‹è¸ä¸Šäº†ä¸€åœºå¦™è¶£æ¨ªç”Ÿçš„ç¾ä¸½ä¹‹æ—…ã€‚","clarity":"super-dvd","releasedate":"2014-08-28","mtype":"movie","action_type":"@media_detail_page","karma":"9.0","action_data":"http://ott-api.fun.tv/api/v2/subject/112833","item_style":"retrive_movie","vip_tag":"","p_pic":"http://img.funshion.com/pictures/media
11-28 15:18:27.517 D/cocos2d-x debug info(14128): JS: LRUCache, set item current size is 1
11-28 15:18:27.527 D/cocos2d-x debug info(14128): JS: getFocusId:2
11-28 15:18:27.537 D/cocos2d-x debug info(14128): JS: this.mTabIndicator.getFocusId():2
11-28 15:18:27.537 D/cocos2d-x debug info(14128): JS: isVarietyActionData:put[http://ott-api.fun.tv/api/v2/retrive?mtype=movie&region=chn&tag=all&rdate=all&order=daynum&statdate=all&pg=1&pz=100&pv=101]
11-28 15:18:27.537 D/cocos2d-x debug info(14128): JS: isStaffActionData:put[http://ott-api.fun.tv/api/v2/retrive?mtype=movie&region=chn&tag=all&rdate=all&order=daynum&statdate=all&pg=1&pz=100&pv=101]
11-28 15:18:27.537 D/cocos2d-x debug info(14128): JS: getNetworkPageIndexFromActionData:1
11-28 15:18:27.537 D/cocos2d-x debug info(14128): JS: startAsyncTast.setNetworkPageSize:[100] this.mNetworkPageIndex-[0]
11-28 15:18:27.537 D/cocos2d-x debug info(14128): JS: RetrieveList fadeIn
11-28 15:18:27.537 D/cocos2d-x debug info(14128): JS: this.mList.initByData this.mTotalMedia-{791} this.mNetworkPageSize-[100] this.mNetworkPageIndex-{0}
11-28 15:18:27.537 D/cocos2d-x debug info(14128): JS: RetrieveList initByData!
11-28 15:18:27.537 D/cocos2d-x debug info(14128): JS: RetrieveListAdapter: init totalSize=791,curPageSize=100,curPageIdx=0
11-28 15:18:27.537 D/cocos2d-x debug info(14128): JS: FunTableView setAdapter
11-28 15:18:27.557 D/cocos2d-x debug info(14128): JS: RetrieveListAdapter: isItemTypeOf(0)=true
11-28 15:18:27.557 D/cocos2d-x debug info(14128): JS: funImageLoader.loadImage: url=http://img.funshion.com/pictures/media/list/112/833/112833_360_504_ott_poster.jpg?1415986515
11-28 15:18:27.557 D/JniHelper(14128): JniHelper::getJavaVM(), pthread_self() = 1529184920
11-28 15:18:27.557 D/cocos2d-x debug info(14128): JS: RetrieveListAdapter: isItemTypeOf(1)=true
11-28 15:18:27.567 D/cocos2d-x debug info(14128): JS: funImageLoader.loadImage: url=http://img.funshion.com/pictures/media/list/111/054/111054_360_504_ott_poster.jpg?1415953979
11-28 15:18:27.567 D/JniHelper(14128): JniHelper::getJavaVM(), pthread_self() = 1529184920
11-28 15:18:27.567 D/cocos2d-x debug info(14128): JS: RetrieveListAdapter: isItemTypeOf(2)=true
11-28 15:18:27.567 D/cocos2d-x debug info(14128): JS: funImageLoader.loadImage: url=http://img.funshion.com/pictures/media/list/113/562/113562_360_504_ott_poster.jpg?1416798988
11-28 15:18:27.577 D/mdns    ( 4397): SocketDataReady got a packet from 172.16.13.34 to 224.0.0.251 on interface 172.16.13.147/wlan0/7/268
11-28 15:18:27.577 D/mdns    ( 4397): Received Response from 172.16.13.34    addressed to 224.0.0.251     on 412B7B50 with  0 Questions,  3 Answers,  0 Authorities,  0 Additionals 93 bytes LLQType 0
11-28 15:18:27.577 D/JniHelper(14128): JniHelper::getJavaVM(), pthread_self() = 1529184920
11-28 15:18:27.577 D/cocos2d-x debug info(14128): JS: RetrieveListAdapter: isItemTypeOf(3)=true
11-28 15:18:27.577 D/cocos2d-x debug info(14128): JS: funImageLoader.loadImage: url=http://img.funshion.com/pictures/media/list/114/977/114977_360_504_ott_poster.jpg?1416555966
11-28 15:18:27.587 D/JniHelper(14128): JniHelper::getJavaVM(), pthread_self() = 1529184920
11-28 15:18:27.587 D/cocos2d-x debug info(14128): JS: RetrieveListAdapter: isItemTypeOf(4)=true
11-28 15:18:27.587 D/cocos2d-x debug info(14128): JS: funImageLoader.loadImage: url=http://img.funshion.com/pictures/media/list/116/173/116173_360_504_ott_poster.jpg?1416730820
11-28 15:18:27.587 D/JniHelper(14128): JniHelper::getJavaVM(), pthread_self() = 1529184920
11-28 15:18:27.587 D/cocos2d-x debug info(14128): JS: RetrieveListAdapter: isItemTypeOf(5)=true
11-28 15:18:27.597 D/cocos2d-x debug info(14128): JS: funImageLoader.loadImage: url=http://img.funshion.com/pictures/media/list/106/356/106356_360_504_ott_poster.jpg?1416968683
11-28 15:18:27.597 D/JniHelper(14128): JniHelper::getJavaVM(), pthread_self() = 1529184920
11-28 15:18:27.597 D/cocos2d-x debug info(14128): JS: RetrieveListAdapter: isItemTypeOf(6)=true
11-28 15:18:27.597 D/cocos2d-x debug info(14128): JS: funImageLoader.loadImage: url=http://img.funshion.com/pictures/media/list/104/848/104848_360_504_ott_poster.jpg?1416845927
11-28 15:18:27.597 D/JniHelper(14128): JniHelper::getJavaVM(), pthread_self() = 1529184920
11-28 15:18:27.607 D/cocos2d-x debug info(14128): JS: RetrieveListAdapter: isItemTypeOf(7)=true
11-28 15:18:27.607 D/cocos2d-x debug info(14128): JS: funImageLoader.loadImage: url=http://img.funshion.com/pictures/media/list/106/940/106940_360_504_ott_poster.jpg?1413946029
11-28 15:18:27.607 D/JniHelper(14128): JniHelper::getJavaVM(), pthread_self() = 1529184920
11-28 15:18:27.607 D/cocos2d-x debug info(14128): JS: RetrieveListAdapter: isItemTypeOf(8)=true
11-28 15:18:27.617 D/cocos2d-x debug info(14128): JS: funImageLoader.loadImage: url=http://img.funshion.com/pictures/media/list/115/808/115808_360_504_ott_poster.jpg?1414996487
11-28 15:18:27.617 D/JniHelper(14128): JniHelper::getJavaVM(), pthread_self() = 1529184920
11-28 15:18:27.617 D/cocos2d-x debug info(14128): JS: RetrieveListAdapter: isItemTypeOf(9)=true
11-28 15:18:27.617 D/cocos2d-x debug info(14128): JS: funImageLoader.loadImage: url=http://img.funshion.com/pictures/media/list/116/694/116694_360_504_ott_poster.jpg?1415849476
11-28 15:18:27.627 D/JniHelper(14128): JniHelper::getJavaVM(), pthread_self() = 1529184920
11-28 15:18:27.637 D/dalvikvm(14128): GC_CONCURRENT freed 2021K, 53% free 8770K/18508K, paused 3ms+3ms, total 37ms
11-28 15:18:27.637 D/dalvikvm(14128): WAIT_FOR_CONCURRENT_GC blocked 12ms
11-28 15:18:27.637 D/dalvikvm(14128): WAIT_FOR_CONCURRENT_GC blocked 16ms
11-28 15:18:27.647 D/cocos2d-x debug info(14128): JS: RetrieveListAdapter: isItemTypeOf(10)=true
11-28 15:18:27.647 D/cocos2d-x debug info(14128): JS: funImageLoader.loadImage: url=http://img.funshion.com/pictures/media/list/112/239/112239_360_504_ott_poster.jpg?1415464683
11-28 15:18:27.647 D/JniHelper(14128): JniHelper::getJavaVM(), pthread_self() = 1529184920
11-28 15:18:27.647 D/cocos2d-x debug info(14128): JS: RetrieveListAdapter: isItemTypeOf(11)=true
11-28 15:18:27.647 D/cocos2d-x debug info(14128): JS: funImageLoader.loadImage: url=http://img.funshion.com/pictures/media/list/906/00/90600_360_504_ott_poster.jpg?1416968238
11-28 15:18:27.657 D/JniHelper(14128): JniHelper::getJavaVM(), pthread_self() = 1529184920
11-28 15:18:27.657 D/cocos2d-x debug info(14128): JS: RetrieveListAdapter: isItemTypeOf(12)=true
11-28 15:18:27.657 D/cocos2d-x debug info(14128): JS: funImageLoader.loadImage: url=http://img.funshion.com/pictures/media/list/103/904/103904_360_504_ott_poster.jpg?1407924711
11-28 15:18:27.657 D/JniHelper(14128): JniHelper::getJavaVM(), pthread_self() = 1529184920
11-28 15:18:27.657 D/cocos2d-x debug info(14128): JS: RetrieveListAdapter: isItemTypeOf(13)=true
11-28 15:18:27.657 D/cocos2d-x debug info(14128): JS: funImageLoader.loadImage: url=http://img.funshion.com/pictures/media/list/109/043/109043_360_504_ott_poster.jpg?1407382954
11-28 15:18:27.667 D/JniHelper(14128): JniHelper::getJavaVM(), pthread_self() = 1529184920
11-28 15:18:27.667 D/cocos2d-x debug info(14128): JS: RetrieveListAdapter: isItemTypeOf(14)=true
11-28 15:18:27.667 D/cocos2d-x debug info(14128): JS: funImageLoader.loadImage: url=http://img.funshion.com/pictures/media/list/115/508/115508_360_504_ott_poster.jpg?1409915492
11-28 15:18:27.667 D/JniHelper(14128): JniHelper::getJavaVM(), pthread_self() = 1529184920
11-28 15:18:27.667 D/cocos2d-x debug info(14128): JS: RetrieveListAdapter: isItemTypeOf(15)=true
11-28 15:18:27.667 D/cocos2d-x debug info(14128): JS: funImageLoader.loadImage: url=http://img.funshion.com/pictures/media/list/107/243/107243_360_504_ott_poster.jpg?1407807451
11-28 15:18:27.677 D/JniHelper(14128): JniHelper::getJavaVM(), pthread_self() = 1529184920
11-28 15:18:27.677 D/cocos2d-x debug info(14128): JS: RetrieveListAdapter: isItemTypeOf(16)=true
11-28 15:18:27.677 D/cocos2d-x debug info(14128): JS: funImageLoader.loadImage: url=http://img.funshion.com/pictures/media/list/104/112/104112_360_504_ott_poster.jpg?1414116559
11-28 15:18:27.677 D/JniHelper(14128): JniHelper::getJavaVM(), pthread_self() = 1529184920
11-28 15:18:27.677 D/cocos2d-x debug info(14128): JS: RetrieveListAdapter: isItemTypeOf(17)=true
11-28 15:18:27.677 D/cocos2d-x debug info(14128): JS: funImageLoader.loadImage: url=http://img.funshion.com/pictures/media/list/116/794/116794_360_504_ott_poster.jpg?1415848942
11-28 15:18:27.687 D/JniHelper(14128): JniHelper::getJavaVM(), pthread_self() = 1529184920
11-28 15:18:27.687 D/cocos2d-x debug info(14128): JS: RetrieveListAdapter: isItemTypeOf(18)=true
11-28 15:18:27.687 D/cocos2d-x debug info(14128): JS: funImageLoader.loadImage: url=http://img.funshion.com/pictures/media/list/111/592/111592_360_504_ott_poster.jpg?1415934848
11-28 15:18:27.687 D/JniHelper(14128): JniHelper::getJavaVM(), pthread_self() = 1529184920
11-28 15:18:27.687 D/cocos2d-x debug info(14128): JS: zhangmd:FunTableView:setFocusImageSize, size is:(310,512)
11-28 15:18:27.687 D/cocos2d-x debug info(14128): JS: zhangmd:FunTableView:setFocusImageSize, focussize is:(340,542)
11-28 15:18:27.697 D/cocos2d-x debug info(14128): cocos2d: fullPathForFilename: No file found at Arial. Possible missing file.
11-28 15:18:27.697 D/cocos2d-x debug info(14128): cocos2d: fullPathForFilename: No file found at Arial. Possible missing file.
11-28 15:18:27.697 D/cocos2d-x debug info(14128): JS: zhangmd:FunTableView:calculateFullVisibleIndex begain,startidx=0,endidx=0,startidx2=0,endidx2=0
11-28 15:18:27.697 D/cocos2d-x debug info(14128): JS: calculateLastPageIndex 1
11-28 15:18:27.697 D/cocos2d-x debug info(14128): CCScheduler#scheduleSelector. Selector already scheduled. Updating interval from: 0.0000 to 0.0000
11-28 15:18:27.697 D/cocos2d-x debug info(14128): JS: getFocusId:2
11-28 15:18:27.707 D/cocos2d-x debug info(14128): JS: updateQueryDescription:2-6
11-28 15:18:27.707 D/cocos2d-x debug info(14128): JS: isStaffActionData:put[http://ott-api.fun.tv/api/v2/retrive?mtype=movie&region=chn&tag=all&rdate=all&order=daynum&statdate=all&pg=1&pz=100&pv=101]
11-28 15:18:27.707 D/JniHelper(14128): JniHelper::getJavaVM(), pthread_self() = 1529184920
11-28 15:18:27.707 D/cocos2d-x debug info(14128): JS: getMediaTypeValue:put[movie,ç”µå½±]
11-28 15:18:27.707 D/cocos2d-x debug info(14128): JS: getMediaTypeValue:put[daynum,æŒ‰è§‚çœ‹
11-28 15:18:27.707 D/launcher_auto(14128): launcher_auto: sendkey and wait.
11-28 15:18:27.717 D/cocos2d-x debug info(14128): JS: [/2014] {/ä¸­å›½} (/å–œå‰§)
11-28 15:18:27.717 D/cocos2d-x debug info(14128): cocos2d: fullPathForFilename: No file found at Arial. Possible missing file.
11-28 15:18:27.767 D/dalvikvm(14128): GC_FOR_ALLOC freed 1003K, 53% free 8840K/18508K, paused 27ms, total 27ms
11-28 15:18:27.797 D/mdns    ( 4397): SocketDataReady got a packet from 172.16.13.159 to 224.0.0.251 on interface 172.16.13.147/wlan0/7/268
11-28 15:18:27.797 D/mdns    ( 4397): Received Query from 172.16.13.159  :5353  to 224.0.0.251    :5353  on 0x412B7B50 with  4 Questions, 32 Answers,  0 Authorities,  0 Additionals 1358 bytes
11-28 15:18:27.797 D/mdns    ( 4397): AddRecordToResponseList: _raop._tcp.local. (PTR) already in list
11-28 15:18:27.797 D/mdns    ( 4397): AddRecordToResponseList: _airplay._tcp.local. (PTR) already in list
11-28 15:18:27.797 D/mdns    ( 4397): AddRecordToResponseList: 006d0e03a545@MiniMax._raop._tcp.local. (SRV) already in list
11-28 15:18:27.797 D/mdns    ( 4397): AddRecordToResponseList: 006d0e03a545@MiniMax._raop._tcp.local. (TXT) already in list
11-28 15:18:27.797 D/mdns    ( 4397): AddRecordToResponseList: MiniMax._airplay._tcp.local. (SRV) already in list
11-28 15:18:27.797 D/mdns    ( 4397): AddRecordToResponseList: MiniMax._airplay._tcp.local. (TXT) already in list
11-28 15:18:27.797 D/mdns    ( 4397): AddRecordToResponseList: Android-2.local. (Addr) already in list
11-28 15:18:27.797 D/mdns    ( 4397): AddRecordToResponseList: Android-2.local. (AAAA) already in list
11-28 15:18:27.797 D/mdns    ( 4397): AddRecordToResponseList: Android-2.local. (Addr) already in list
11-28 15:18:27.797 D/mdns    ( 4397): AddRecordToResponseList: Android-2.local. (AAAA) already in list
11-28 15:18:27.797 D/mdns    ( 4397): AddRecordToResponseList: Android-2.local. (Addr) already in list
11-28 15:18:27.797 D/mdns    ( 4397): AddRecordToResponseList: Android-2.local. (AAAA) already in list
11-28 15:18:27.797 D/mdns    ( 4397): AddRecordToResponseList: Android-2.local. (Addr) already in list
11-28 15:18:27.797 D/mdns    ( 4397): AddRecordToResponseList: Android-2.local. (AAAA) already in list
11-28 15:18:27.807 D/dalvikvm(14128): GC_FOR_ALLOC freed 105K, 47% free 9859K/18508K, paused 27ms, total 27ms
11-28 15:18:27.817 D/mdns    ( 4397): SocketDataReady got a packet from FE80:0000:0000:0000:1C4F:BE30:114A:6E15 to FF02:0000:0000:0000:0000:0000:0000:00FB on interface 172.16.13.147/wlan0/7/269
11-28 15:18:27.817 D/mdns    ( 4397): Received Query from FE80:0000:0000:0000:1C4F:BE30:114A:6E15:5353  to FF02:0000:0000:0000:0000:0000:0000:00FB:5353  on 0x412B7B50 with  4 Questions, 32 Answers,  0 Authorities,  0 Additionals 1358 bytes
11-28 15:18:27.817 D/mdns    ( 4397): AddRecordToResponseList: _raop._tcp.local. (PTR) already in list
11-28 15:18:27.817 D/mdns    ( 4397): AddRecordToResponseList: _airplay._tcp.local. (PTR) already in list
11-28 15:18:27.817 D/mdns    ( 4397): AddRecordToResponseList: 006d0e03a545@MiniMax._raop._tcp.local. (SRV) already in list
11-28 15:18:27.817 D/mdns    ( 4397): AddRecordToResponseList: 006d0e03a545@MiniMax._raop._tcp.local. (TXT) already in list
11-28 15:18:27.817 D/mdns    ( 4397): AddRecordToResponseList: MiniMax._airplay._tcp.local. (SRV) already in list
11-28 15:18:27.817 D/mdns    ( 4397): AddRecordToResponseList: MiniMax._airplay._tcp.local. (TXT) already in list
11-28 15:18:27.817 D/mdns    ( 4397): AddRecordToResponseList: Android-2.local. (Addr) already in list
11-28 15:18:27.817 D/mdns    ( 4397): AddRecordToResponseList: Android-2.local. (AAAA) already in list
11-28 15:18:27.817 D/mdns    ( 4397): AddRecordToResponseList: Android-2.local. (Addr) already in list
11-28 15:18:27.817 D/mdns    ( 4397): AddRecordToResponseList: Android-2.local. (AAAA) already in list
11-28 15:18:27.817 D/mdns    ( 4397): AddRecordToResponseList: Android-2.local. (Addr) already in list
11-28 15:18:27.817 D/mdns    ( 4397): AddRecordToResponseList: Android-2.local. (AAAA) already in list
11-28 15:18:27.817 D/mdns    ( 4397): AddRecordToResponseList: Android-2.local. (Addr) already in list
11-28 15:18:27.817 D/mdns    ( 4397): AddRecordToResponseList: Android-2.local. (AAAA) already in list
11-28 15:18:27.817 D/mdns    ( 4397): SocketDataReady got a packet from 172.16.13.159 to 224.0.0.251 on interface 172.16.13.147/wlan0/7/268
11-28 15:18:27.817 D/mdns    ( 4397): Received Query from 172.16.13.159  :5353  to 224.0.0.251    :5353  on 0x412B7B50 with  6 Questions,  6 Answers,  0 Authorities,  0 Additionals 810 bytes
11-28 15:18:27.827 D/mdns    ( 4397): SocketDataReady got a packet from FE80:0000:0000:0000:1C4F:BE30:114A:6E15 to FF02:0000:0000:0000:0000:0000:0000:00FB on interface 172.16.13.147/wlan0/7/269
11-28 15:18:27.827 D/mdns    ( 4397): Received Query from FE80:0000:0000:0000:1C4F:BE30:114A:6E15:5353  to FF02:0000:0000:0000:0000:0000:0000:00FB:5353  on 0x412B7B50 with  6 Questions,  6 Answers,  0 Authorities,  0 Additionals 810 bytes
11-28 15:18:27.837 D/cocos2d-x debug info(14128): JS: updateMediaDescription:[] 8
11-28 15:18:27.837 D/cocos2d-x debug info(14128): JS: updateMediaRelateVisibility:true
11-28 15:18:27.837 D/cocos2d-x debug info(14128): JS: startFunLoading endLoading
11-28 15:18:27.847 D/cocos2d-x debug info(14128): JS: getFocusId:2
11-28 15:18:27.847 D/cocos2d-x debug info(14128): JS: updateQueryDescription:2-6
11-28 15:18:27.847 D/cocos2d-x debug info(14128): JS: isStaffActionData:put[http://ott-api.fun.tv/api/v2/retrive?mtype=movie&region=chn&tag=all&rdate=all&order=daynum&statdate=all&pg=1&pz=100&pv=101]
11-28 15:18:27.847 D/JniHelper(14128): JniHelper::getJavaVM(), pthread_self() = 1529184920
11-28 15:18:27.857 D/cocos2d-x debug info(14128): JS: getMediaTypeValue:put[movie,ç”µå½±]
11-28 15:18:27.857 D/cocos2d-x debug info(14128): JS: getMediaTypeValue:put[daynum,æŒ‰è§‚çœ‹
11-28 15:18:27.857 D/cocos2d-x debug info(14128): JS: mTabFocusChangeCallaback:do query
11-28 15:18:27.857 D/cocos2d-x debug info(14128): JS: getFocusId:2
11-28 15:18:27.857 D/cocos2d-x debug info(14128): JS: loadActionData:do load datahttp://ott-api.fun.tv/api/v2/retrive?mtype=movie&region=chn&tag=all&rdate=all&order=daynum&statdate=all&pg=1&pz=100&pv=101
11-28 15:18:27.857 D/cocos2d-x debug info(14128): JS: RetrieveList fadeOut
11-28 15:18:27.857 D/cocos2d-x debug info(14128): JS: setInitParam:2
11-28 15:18:27.857 D/cocos2d-x debug info(14128): JS: showFilterScene: cc.Scene[http://ott-api.fun.tv/api/v2/retrive?mtype=movie&region=chn&tag=all&rdate=all&order=daynum&statdate=all&pg=1&pz=100&pv=101&show_tb=0]
11-28 15:18:27.857 D/cocos2d-x debug info(14128): JS: setInitParam:beginLoading2
11-28 15:18:27.857 D/cocos2d-x debug info(14128): JS: startAsyncTaskNew[http://ott-api.fun.tv/api/v2/retrive?mtype=movie&region=chn&tag=all&rdate=all&order=daynum&statdate=all&pg=1&pz=100&pv=101&show_tb=0]
11-28 15:18:27.877 D/cocos2d-x debug info(14128): JS: startAsyncTask AsyncLoaderSceneStatic.setBack-{"retCode":"200","retMsg":"ok","totalnum":"791","data":[{"mediaid":"112833","name_cn":"ç¾äººé‚¦","adword":"å››å§å¦¹ä¸Šæ¼”è´¥å¥³å¤§ç¿»èº«","plots":"ã€Šç¾äººé‚¦ã€‹åªè¦ä½ æ˜¯ä¸€ä¸ªå¤©é¹…è›‹ï¼Œå“ªæ€•ç”Ÿæ´»åœ¨å…»é¸­åœºä¹Ÿæ²¡æœ‰å…³ç³»ã€‚å››ä¸ªä¸ªæ€§è¿¥å¼‚çš„å§å¦¹ï¼Œåœ¨ä¸€ä¸ªå……æ»¡å‹åŠ›ã€ç«äº‰ã€é‡‘é’±ã€ è¯±æƒ‘çš„æ—¶å°šç¾ä¸½é›†å›¢ï¼Œå¥¹ä»¬æ£’æ‰“æ¸£ç”·ã€å¼•è¯±ç”·ç¥ã€å¾æœèŒåœºã€åä¸½èœ•å˜ã€‚å¥¹ä»¬æˆ–è®¸å‘å¾®ã€èŠ±ç—´ã€å‚²å¨‡ï¼Œä½†æ˜¯å¥¹ä»¬æ›´åŠ è‡ªä¿¡ã€æ—¶å°šã€è±è¾¾ã€‚å¦‚æœä¸è®¤å‘½ï¼Œé‚£å°±å»æ‹¼å‘½ï¼å››å§å¦¹æºæ‰‹è¸ä¸Šäº†ä¸€åœºå¦™è¶£æ¨ªç”Ÿçš„ç¾ä¸½ä¹‹æ—…ã€‚","clarity":"super-dvd","releasedate":"2014-08-28","mtype":"movie","action_type":"@media_detail_page","karma":"9.0","action_data":"http://ott-api.fun.tv/api/v2/subject/112833","item_style":"retrive_movie","vip_tag":"","p_pic":"http://img.funshion.com/pictures/media/list/112/833/112833_360_504_ott_poster.jpg?1415986515","s_pic":"http://img.funshion.com/pictures/media/list/112/833/112833
11-28 15:18:27.877 D/mdns    ( 4397): mDNS_Execute
11-28 15:18:27.877 D/mdns    ( 4397): mDNS_Execute: Setting NewLocalRecords to NULL
11-28 15:18:27.877 D/cocos2d-x debug info(14128): JS: setInitParam:beginLoading instanceof FilterSceneNew
11-28 15:18:27.877 D/cocos2d-x debug info(14128): JS: setInitParam:canStopLoading2
11-28 15:18:27.877 D/cocos2d-x debug info(14128): JS: can StopLoading
11-28 15:18:27.877 D/cocos2d-x debug info(14128): JS: setInitParam:endLoading:0
11-28 15:18:27.877 D/cocos2d-x debug info(14128): JS: setInitParam:endLoading:1-2
11-28 15:18:27.887 D/cocos2d-x debug info(14128): JS: setupParamAccordingToActionDataNew[http://ott-api.fun.tv/api/v2/retrive?mtype=movie&region=chn&tag=all&rdate=all&order=daynum&statdate=all&pg=1&pz=100&pv=101&show_tb=0]
11-28 15:18:27.897 D/cocos2d-x debug info(14128): JS: setupParamAccordingToActionDataNew result[{"retCode":"200","retMsg":"ok","totalnum":"791","data":[{"mediaid":"112833","name_cn":"ç¾äººé‚¦","adword":"å››å§å¦¹ä¸Šæ¼”è´¥å¥³å¤§ç¿»èº«","plots":"ã€Šç¾äººé‚¦ã€‹åªè¦ä½ æ˜¯ä¸€ä¸ªå¤©é¹…è›‹ï¼Œå“ªæ€•ç”Ÿæ´»åœ¨å…»é¸­åœºä¹Ÿæ²¡æœ‰å…³ç³»ã€‚å››ä¸ªä¸ªæ€§è¿¥å¼‚çš„å§å¦¹ï¼Œåœ¨ä¸€ä¸ªå……æ»¡å‹åŠ›ã€ç«äº‰ã€é‡‘é’±ã€ è¯±æƒ‘çš„æ—¶å°šç¾ä¸½é›†å›¢ï¼Œå¥¹ä»¬æ£’æ‰“æ¸£ç”·ã€å¼•è¯±ç”·ç¥ã€å¾æœèŒåœºã€åä¸½èœ•å˜ã€‚å¥¹ä»¬æˆ–è®¸å‘å¾®ã€èŠ±ç—´ã€å‚²å¨‡ï¼Œä½†æ˜¯å¥¹ä»¬æ›´åŠ è‡ªä¿¡ã€æ—¶å°šã€è±è¾¾ã€‚å¦‚æœä¸è®¤å‘½ï¼Œé‚£å°±å»æ‹¼å‘½ï¼å››å§å¦¹æºæ‰‹è¸ä¸Šäº†ä¸€åœºå¦™è¶£æ¨ªç”Ÿçš„ç¾ä¸½ä¹‹æ—…ã€‚","clarity":"super-dvd","releasedate":"2014-08-28","mtype":"movie","action_type":"@media_detail_page","karma":"9.0","action_data":"http://ott-api.fun.tv/api/v2/subject/112833","item_style":"retrive_movie","vip_tag":"","p_pic":"http://img.funshion.com/pictures/media/list/112/833/112833_360_504_ott_poster.jpg?1415986515","s_pic":"http://img.funshion.com/pictures/media/list/112/833/112833_530
11-28 15:18:27.897 D/cocos2d-x debug info(14128): JS: setupParamAccordingToActionDataNew focus tab Index[2]
11-28 15:18:27.897 D/cocos2d-x debug info(14128): JS: LRUCache, contains key http://ott-api.fun.tv/api/v2/retrive?mtype=movie&region=chn&tag=all&rdate=all&order=daynum&statdate=all&pg=1&pz=100&pv=101&show_tb=0
11-28 15:18:27.907 D/mdns    ( 4397): SocketDataReady got a packet from 172.16.13.147 to 224.0.0.251 on interface 172.16.13.147/wlan0/7/268
11-28 15:18:27.907 D/cocos2d-x debug info(14128): CCScheduler#scheduleSelector. Selector already scheduled. Updating interval from: 0.0000 to 0.0000
11-28 15:18:27.907 D/mdns    ( 4397): Received Response from 172.16.13.147   addressed to 224.0.0.251     on 412B7B50 with  0 Questions,  6 Answers,  0 Authorities,  0 Additionals 436 bytes LLQType 0
11-28 15:18:27.907 D/mdns    ( 4397): Found record size   146 interface 412B7B50 already in cache:  146 006d0e03a545@ä¼˜é…·ç”µè§†._raop._tcp.local. TXT tp=UDPÂ¦sm=falseÂ¦sv=falseÂ¦ek=1Â¦et=0,1Â¦cn=0,1Â¦ch=2Â¦ss=16Â¦sr=44100Â¦pw=falseÂ¦vn=3Â¦txtvers=1Â¦da=tr
11-28 15:18:27.907 D/mdns    ( 4397): Found record size    75 interface 412B7B50 already in cache:   75 ä¼˜é…·ç”µè§†\032(2)._airplay._tcp.local. TXT deviceid=00:6d:0e:03:a5:45Â¦features=0x0011Â¦model=AppleTV3,1Â¦srcvers=150.33
11-28 15:18:27.907 D/cocos2d-x debug info(14128): JS: getFocusId:2
11-28 15:18:27.917 D/cocos2d-x debug info(14128): JS: this.mTabIndicator.getFocusId():2
11-28 15:18:27.917 D/cocos2d-x debug info(14128): JS: isVarietyActionData:put[http://ott-api.fun.tv/api/v2/retrive?mtype=movie&region=chn&tag=all&rdate=all&order=daynum&statdate=all&pg=1&pz=100&pv=101]
11-28 15:18:27.917 D/cocos2d-x debug info(14128): JS: isStaffActionData:put[http://ott-api.fun.tv/api/v2/retrive?mtype=movie&region=chn&tag=all&rdate=all&order=daynum&statdate=all&pg=1&pz=100&pv=101]
11-28 15:18:27.917 D/cocos2d-x debug info(14128): JS: getNetworkPageIndexFromActionData:1
11-28 15:18:27.917 D/cocos2d-x debug info(14128): JS: startAsyncTast.setNetworkPageSize:[100] this.mNetworkPageIndex-[0]
11-28 15:18:27.917 D/cocos2d-x debug info(14128): JS: RetrieveList fadeIn
11-28 15:18:27.917 D/cocos2d-x debug info(14128): JS: this.mList.initByData this.mTotalMedia-{791} this.mNetworkPageSize-[100] this.mNetworkPageIndex-{0}
11-28 15:18:27.917 D/cocos2d-x debug info(14128): JS: RetrieveList initByData!
11-28 15:18:27.917 D/cocos2d-x debug info(14128): JS: RetrieveListAdapter: init totalSize=791,curPageSize=100,curPageIdx=0
11-28 15:18:27.917 D/cocos2d-x debug info(14128): JS: FunTableView setAdapter
11-28 15:18:27.927 D/cocos2d-x debug info(14128): JS: RetrieveListAdapter: isItemTypeOf(0)=true
11-28 15:18:27.927 D/cocos2d-x debug info(14128): JS: funImageLoader.loadImage: url=http://img.funshion.com/pictures/media/list/112/833/112833_360_504_ott_poster.jpg?1415986515
11-28 15:18:27.927 D/cocos2d-x debug info(14128): JS: funImageLoader.loadImage: containskey key=b0359a27fd3f9d17d9eef4556d7667fa
11-28 15:18:27.927 D/cocos2d-x debug info(14128): JS: funImageLoader.loadImage: has not Loaded
11-28 15:18:27.927 D/JniHelper(14128): JniHelper::getJavaVM(), pthread_self() = 1529184920
11-28 15:18:27.937 D/cocos2d-x debug info(14128): JS: RetrieveListAdapter: isItemTypeOf(1)=true
11-28 15:18:27.937 D/cocos2d-x debug info(14128): JS: funImageLoader.loadImage: url=http://img.funshion.com/pictures/media/list/111/054/111054_360_504_ott_poster.jpg?1415953979
11-28 15:18:27.937 D/cocos2d-x debug info(14128): JS: funImageLoader.loadImage: containskey key=f2957e4e2b89b4d3c1725ce11e309869
11-28 15:18:27.937 D/cocos2d-x debug info(14128): JS: funImageLoader.loadImage: has not Loaded
11-28 15:18:27.937 D/JniHelper(14128): JniHelper::getJavaVM(), pthread_self() = 1529184920
11-28 15:18:27.937 D/cocos2d-x debug info(14128): JS: RetrieveListAdapter: isItemTypeOf(2)=true
11-28 15:18:27.937 D/cocos2d-x debug info(14128): JS: funImageLoader.loadImage: url=http://img.funshion.com/pictures/media/list/113/562/113562_360_504_ott_poster.jpg?1416798988
11-28 15:18:27.937 D/cocos2d-x debug info(14128): JS: funImageLoader.loadImage: containskey key=d974ba69abd71b0cb388ac8c877f5f96
11-28 15:18:27.937 D/cocos2d-x debug info(14128): JS: funImageLoader.loadImage: has not Loaded
11-28 15:18:27.947 D/JniHelper(14128): JniHelper::getJavaVM(), pthread_self() = 1529184920
11-28 15:18:27.947 D/cocos2d-x debug info(14128): JS: RetrieveListAdapter: isItemTypeOf(3)=true
11-28 15:18:27.947 D/cocos2d-x debug info(14128): JS: funImageLoader.loadImage: url=http://img.funshion.com/pictures/media/list/114/977/114977_360_504_ott_poster.jpg?1416555966
11-28 15:18:27.947 D/cocos2d-x debug info(14128): JS: funImageLoader.loadImage: containskey key=e04e3c9761e9227f6a5e1723c7c26e90
11-28 15:18:27.947 D/cocos2d-x debug info(14128): JS: funImageLoader.loadImage: has not Loaded
11-28 15:18:27.947 D/JniHelper(14128): JniHelper::getJavaVM(), pthread_self() = 1529184920
11-28 15:18:27.947 D/cocos2d-x debug info(14128): JS: RetrieveListAdapter: isItemTypeOf(4)=true
11-28 15:18:27.947 D/cocos2d-x debug info(14128): JS: funImageLoader.loadImage: url=http://img.funshion.com/pictures/media/list/116/173/116173_360_504_ott_poster.jpg?1416730820
11-28 15:18:27.947 D/cocos2d-x debug info(14128): JS: funImageLoader.loadImage: containskey key=811e608519e72ad43f08e5bc955768ae
11-28 15:18:27.957 D/cocos2d-x debug info(14128): JS: funImageLoader.loadImage: has not Loaded
11-28 15:18:27.957 D/JniHelper(14128): JniHelper::getJavaVM(), pthread_self() = 1529184920
11-28 15:18:27.957 D/cocos2d-x debug info(14128): JS: RetrieveListAdapter: isItemTypeOf(5)=true
11-28 15:18:27.957 D/cocos2d-x debug info(14128): JS: funImageLoader.loadImage: url=http://img.funshion.com/pictures/media/list/106/356/106356_360_504_ott_poster.jpg?1416968683
11-28 15:18:27.957 D/cocos2d-x debug info(14128): JS: funImageLoader.loadImage: containskey key=5e78551918eb48d45da15c518d28c39a
11-28 15:18:27.957 D/cocos2d-x debug info(14128): JS: funImageLoader.loadImage: has not Loaded
11-28 15:18:27.957 D/JniHelper(14128): JniHelper::getJavaVM(), pthread_self() = 1529184920
11-28 15:18:27.957 D/cocos2d-x debug info(14128): JS: RetrieveListAdapter: isItemTypeOf(6)=true
11-28 15:18:27.957 D/cocos2d-x debug info(14128): JS: funImageLoader.loadImage: url=http://img.funshion.com/pictures/media/list/104/848/104848_360_504_ott_poster.jpg?1416845927
11-28 15:18:27.967 D/cocos2d-x debug info(14128): JS: funImageLoader.loadImage: containskey key=dfe981fbe81f99927f142bfdf3173c65
11-28 15:18:27.967 D/cocos2d-x debug info(14128): JS: funImageLoader.loadImage: has not Loaded
11-28 15:18:27.967 D/JniHelper(14128): JniHelper::getJavaVM(), pthread_self() = 1529184920
11-28 15:18:27.967 D/cocos2d-x debug info(14128): JS: RetrieveListAdapter: isItemTypeOf(7)=true
11-28 15:18:27.967 D/cocos2d-x debug info(14128): JS: funImageLoader.loadImage: url=http://img.funshion.com/pictures/media/list/106/940/106940_360_504_ott_poster.jpg?1413946029
11-28 15:18:27.967 D/cocos2d-x debug info(14128): JS: funImageLoader.loadImage: containskey key=ac6f860752669c68bc0b7a15143f961d
11-28 15:18:27.967 D/cocos2d-x debug info(14128): JS: funImageLoader.loadImage: has not Loaded
11-28 15:18:27.967 D/JniHelper(14128): JniHelper::getJavaVM(), pthread_self() = 1529184920
11-28 15:18:27.967 D/cocos2d-x debug info(14128): JS: RetrieveListAdapter: isItemTypeOf(8)=true
11-28 15:18:27.967 D/cocos2d-x debug info(14128): JS: funImageLoader.loadImage: url=http://img.funshion.com/pictures/media/list/115/808/115808_360_504_ott_poster.jpg?1414996487
11-28 15:18:27.977 D/cocos2d-x debug info(14128): JS: funImageLoader.loadImage: containskey key=04fc7c4ccf095889a904df84b786a8a9
11-28 15:18:27.977 D/cocos2d-x debug info(14128): JS: funImageLoader.loadImage: has not Loaded
11-28 15:18:27.977 D/JniHelper(14128): JniHelper::getJavaVM(), pthread_self() = 1529184920
11-28 15:18:27.977 D/cocos2d-x debug info(14128): JS: RetrieveListAdapter: isItemTypeOf(9)=true
11-28 15:18:27.977 D/cocos2d-x debug info(14128): JS: funImageLoader.loadImage: url=http://img.funshion.com/pictures/media/list/116/694/116694_360_504_ott_poster.jpg?1415849476
11-28 15:18:27.977 D/cocos2d-x debug info(14128): JS: funImageLoader.loadImage: containskey key=741769913d67c31335f0454bf7b3ee7c
11-28 15:18:27.977 D/cocos2d-x debug info(14128): JS: funImageLoader.loadImage: has not Loaded
11-28 15:18:27.977 D/JniHelper(14128): JniHelper::getJavaVM(), pthread_self() = 1529184920
11-28 15:18:27.987 D/cocos2d-x debug info(14128): JS: RetrieveListAdapter: isItemTypeOf(10)=true
11-28 15:18:27.987 D/cocos2d-x debug info(14128): JS: funImageLoader.loadImage: url=http://img.funshion.com/pictures/media/list/112/239/112239_360_504_ott_poster.jpg?1415464683
11-28 15:18:27.987 D/mdns    ( 4397): SocketDataReady got a packet from 172.16.13.167 to 224.0.0.251 on interface 172.16.13.147/wlan0/7/268
11-28 15:18:27.987 D/mdns    ( 4397): Received Response from 172.16.13.167   addressed to 224.0.0.251     on 412B7B50 with  0 Questions,  5 Answers,  0 Authorities,  0 Additionals 429 bytes LLQType 0
