11-28 15:24:21.667 D/mdns    ( 4397): Received Response from 172.16.13.131   addressed to 224.0.0.251     on 412BAFB0 with  0 Questions,  3 Answers,  0 Authorities,  0 Additionals 232 bytes LLQType 0
11-28 15:24:21.767 D/cocos2d-x debug info(14128): JS: keyCode : 157
11-28 15:24:21.767 D/cocos2d-x debug info(14128): JS: right button clicked. lastIndex:16
11-28 15:24:21.777 D/cocos2d-x debug info(14128): JS: right button clicked. currentIndex:17
11-28 15:24:21.777 D/cocos2d-x debug info(14128): trace_frame: 57.746246
11-28 15:24:21.857 D/dalvikvm(22184): GC_CONCURRENT freed 872K, 22% free 6736K/8544K, paused 2ms+5ms, total 45ms
11-28 15:24:21.867 D/dalvikvm(22184): WAIT_FOR_CONCURRENT_GC blocked 36ms
11-28 15:24:21.887 D/cocos2d-x debug info(14128): trace_frame: 61.553616
11-28 15:24:21.987 D/cocos2d-x debug info(14128): JS: tableMoveFinished 
11-28 15:24:21.987 D/cocos2d-x debug info(14128): JS: updateAppInfo, cellIndex = 17
11-28 15:24:21.997 D/cocos2d-x debug info(14128): JS: updateAppButtonPosition appButton : [object Object]
11-28 15:24:21.997 D/cocos2d-x debug info(14128): JS: updateAppButtonPosition appButton : [object Object]
11-28 15:24:21.997 D/cocos2d-x debug info(14128): JS: updateAppButtonState cellIndex : 17
11-28 15:24:21.997 D/cocos2d-x debug info(14128): JS: setAppButtons typeArray : 1,2
11-28 15:24:22.007 D/cocos2d-x debug info(14128): trace_frame: 60.182957
11-28 15:24:22.117 D/cocos2d-x debug info(14128): trace_frame: 60.657524
11-28 15:24:22.237 D/cocos2d-x debug info(14128): trace_frame: 60.043053
11-28 15:24:22.267 D/launcher_auto(14128): launcher_auto: sendkey and wait.
11-28 15:24:22.357 D/cocos2d-x debug info(14128): trace_frame: 60.010117
11-28 15:24:22.467 D/cocos2d-x debug info(14128): trace_frame: 59.999828
11-28 15:24:22.587 D/cocos2d-x debug info(14128): trace_frame: 59.955120
11-28 15:24:22.687 D/cocos2d-x debug info(14128): trace_frame: 59.805634
11-28 15:24:22.767 D/cocos2d-x debug info(14128): JS: keyCode : 157
11-28 15:24:22.767 D/cocos2d-x debug info(14128): JS: right button clicked. lastIndex:17
11-28 15:24:22.777 D/cocos2d-x debug info(14128): JS: right button clicked. currentIndex:18
11-28 15:24:22.807 D/cocos2d-x debug info(14128): trace_frame: 60.118862
11-28 15:24:22.917 D/cocos2d-x debug info(14128): trace_frame: 60.104923
11-28 15:24:22.987 D/cocos2d-x debug info(14128): JS: tableMoveFinished 
11-28 15:24:22.987 D/cocos2d-x debug info(14128): JS: updateAppInfo, cellIndex = 18
11-28 15:24:22.997 D/cocos2d-x debug info(14128): JS: updateAppButtonPosition appButton : [object Object]
11-28 15:24:22.997 D/cocos2d-x debug info(14128): JS: updateAppButtonPosition appButton : [object Object]
11-28 15:24:22.997 D/cocos2d-x debug info(14128): JS: updateAppButtonState cellIndex : 18
11-28 15:24:22.997 D/cocos2d-x debug info(14128): JS: setAppButtons typeArray : 1,2
11-28 15:24:23.017 D/cocos2d-x debug info(14128): trace_frame: 59.944267
11-28 15:24:23.137 D/cocos2d-x debug info(14128): trace_frame: 60.028641
11-28 15:24:23.257 D/cocos2d-x debug info(14128): trace_frame: 60.014744
11-28 15:24:23.277 D/launcher_auto(14128): launcher_auto: sendkey and wait.
11-28 15:24:23.367 D/cocos2d-x debug info(14128): trace_frame: 60.032246
11-28 15:24:23.467 D/cocos2d-x debug info(14128): trace_frame: 59.992199
11-28 15:24:23.567 D/cocos2d-x debug info(14128): trace_frame: 59.994595
11-28 15:24:23.687 D/cocos2d-x debug info(14128): trace_frame: 59.937153
11-28 15:24:23.787 D/cocos2d-x debug info(14128): JS: keyCode : 157
11-28 15:24:23.787 D/cocos2d-x debug info(14128): JS: right button clicked. lastIndex:18
11-28 15:24:23.787 D/cocos2d-x debug info(14128): JS: right button clicked. currentIndex:19
11-28 15:24:23.797 D/cocos2d-x debug info(14128): trace_frame: 57.127621
11-28 15:24:23.907 D/cocos2d-x debug info(14128): trace_frame: 62.742008
11-28 15:24:24.007 D/cocos2d-x debug info(14128): JS: tableMoveFinished 
11-28 15:24:24.007 D/cocos2d-x debug info(14128): JS: updateAppInfo, cellIndex = 19
11-28 15:24:24.017 D/cocos2d-x debug info(14128): JS: updateAppButtonPosition appButton : [object Object]
11-28 15:24:24.017 D/cocos2d-x debug info(14128): JS: updateAppButtonPosition appButton : [object Object]
11-28 15:24:24.017 D/JniHelper(14128): JniHelper::getJavaVM(), pthread_self() = 1529184920
11-28 15:24:24.017 D/FileUtil(14128): getImageFilePathByUrl, url is http://172.16.12.58:8080/meedo-img/351587/d78382/snapshots_1944K3FP9NAP5_海报1.png
11-28 15:24:24.017 D/FileUtil(14128): getImageFilePathByUrl, fileName is snapshots_1944K3FP9NAP5_海报1.png
11-28 15:24:24.017 D/JniHelper(14128): JniHelper::getJavaVM(), pthread_self() = 1529184920
11-28 15:24:24.017 D/FileUtil(14128): getImageFilePathByUrl, url is http://172.16.12.58:8080/meedo-img/351587/d78382/snapshots_1944K3FPPQT28_海报2.png
11-28 15:24:24.017 D/FileUtil(14128): getImageFilePathByUrl, fileName is snapshots_1944K3FPPQT28_海报2.png
11-28 15:24:24.017 D/JniHelper(14128): JniHelper::getJavaVM(), pthread_self() = 1529184920
11-28 15:24:24.017 D/FileUtil(14128): getImageFilePathByUrl, url is http://172.16.12.58:8080/meedo-img/351587/d78382/snapshots_1944K3FPRNPJ4_海报3.png
11-28 15:24:24.017 D/FileUtil(14128): getImageFilePathByUrl, fileName is snapshots_1944K3FPRNPJ4_海报3.png
11-28 15:24:24.027 D/cocos2d-x debug info(14128): JS: updateAppButtonState cellIndex : 19
11-28 15:24:24.027 D/cocos2d-x debug info(14128): JS: setAppButtons typeArray : 1,2
11-28 15:24:24.087 D/dalvikvm(14128): GC_FOR_ALLOC freed 1001K, 61% free 7372K/18508K, paused 23ms, total 23ms
11-28 15:24:24.097 D/cocos2d-x debug info(14128): trace_frame: 59.991005
11-28 15:24:24.107 D/cocos2d-x debug info(14128): trace_frame: 9.701109
11-28 15:24:24.217 D/cocos2d-x debug info(14128): trace_frame: 61.624607
11-28 15:24:24.277 D/launcher_auto(14128): launcher_auto: sendkey and wait.
11-28 15:24:24.317 D/cocos2d-x debug info(14128): trace_frame: 59.994598
11-28 15:24:24.417 D/cocos2d-x debug info(14128): trace_frame: 59.992798
11-28 15:24:24.517 D/cocos2d-x debug info(14128): trace_frame: 59.997005
11-28 15:24:24.637 D/cocos2d-x debug info(14128): trace_frame: 60.041000
11-28 15:24:24.737 D/cocos2d-x debug info(14128): trace_frame: 59.912525
11-28 15:24:24.787 D/cocos2d-x debug info(14128): JS: keyCode : 157
11-28 15:24:24.787 D/cocos2d-x debug info(14128): JS: right button clicked. lastIndex:19
11-28 15:24:24.787 D/cocos2d-x debug info(14128): JS: turnPage: toRight true
11-28 15:24:24.787 D/cocos2d-x debug info(14128): JS: jumpFocus0
11-28 15:24:24.787 D/cocos2d-x debug info(14128): JS: toXPosition327.5y212
11-28 15:24:24.787 D/cocos2d-x debug info(14128): JS: right button clicked. currentIndex:20
11-28 15:24:24.837 D/cocos2d-x debug info(14128): trace_frame: 59.993404
11-28 15:24:24.857 D/cocos2d-x debug info(14128): JS: setAppServerInfo appServerInfo : [object Object]
11-28 15:24:24.857 D/cocos2d-x debug info(14128): JS: setAppServerInfo app.serverInfo : undefined
11-28 15:24:24.857 D/cocos2d-x debug info(14128): JS: _initAppInstallState packageName : com.trans.chess
11-28 15:24:24.857 D/JniHelper(14128): JniHelper::getJavaVM(), pthread_self() = 1529184920
11-28 15:24:24.857 D/JniHelper(14128): JniHelper::getJavaVM(), pthread_self() = 1529184920
11-28 15:24:24.857 D/cocos2d-x debug info(14128): JS: launcherAppAdapter updateData cell21
11-28 15:24:24.857 D/cocos2d-x debug info(14128): JS: launcherAppAdapter fillData cell21
11-28 15:24:24.867 D/cocos2d-x debug info(14128): JS: this.mData.length4321
11-28 15:24:24.867 D/cocos2d-x debug info(14128): JS: local app:com.trans.chess
11-28 15:24:24.867 D/JniHelper(14128): JniHelper::getJavaVM(), pthread_self() = 1529184920
11-28 15:24:24.867 D/FileUtil(14128): getImageFilePathByUrl, url is /data/data/tv.fun.launcher/files/com.trans.chess
11-28 15:24:24.867 D/FileUtil(14128): getImageFilePathByUrl, fileName is com.trans.chess
11-28 15:24:24.867 D/cocos2d-x debug info(14128): JS: no Icon cache for com.trans.chess
11-28 15:24:24.867 D/JniHelper(14128): JniHelper::getJavaVM(), pthread_self() = 1529184920
11-28 15:24:24.867 D/cocos2d-x debug info(14128): JS: local app: appIcon begin4
11-28 15:24:24.867 D/JniHelper(14128): JniHelper::getJavaVM(), pthread_self() = 1529184920
11-28 15:24:24.867 D/LoadIconAsyncTask(14128): start load pkgName is com.trans.chess
11-28 15:24:24.877 D/LoadIconAsyncTask(14128): com.trans.chess load result is true
11-28 15:24:24.877 D/cocos2d-x debug info(14128): JS: updateAppInfoStateAndProgress downloadState : 1
11-28 15:24:24.887 D/AppStoreManager(14128): javaCallJs.run()------------------------------------------------
11-28 15:24:24.887 D/AppStoreManager(14128): callbackStr : launcher.eventCenter.onImageLoaded({"url":"\/data\/data\/tv.fun.launcher\/files\/com.trans.chess"})
11-28 15:24:24.887 D/cocos2d-x debug info(14128): JS: launcher.eventCenter.onImageLoaded
11-28 15:24:24.887 D/cocos2d-x debug info(14128): JS: onImageLoaded url:/data/data/tv.fun.launcher/files/com.trans.chess
11-28 15:24:24.887 D/cocos2d-x debug info(14128): JS: AppsLayer getCellByUrl, return null, url is /data/data/tv.fun.launcher/files/com.trans.chess
11-28 15:24:24.887 D/cocos2d-x debug info(14128): JS: onLoadImage end
11-28 15:24:24.897 D/cocos2d-x debug info(14128): JS: onLoadImage start:/data/data/tv.fun.launcher/files/com.trans.chess
11-28 15:24:24.897 D/JniHelper(14128): JniHelper::getJavaVM(), pthread_self() = 1529184920
11-28 15:24:24.897 D/FileUtil(14128): getImageFilePathByUrl, url is /data/data/tv.fun.launcher/files/com.trans.chess
11-28 15:24:24.897 D/FileUtil(14128): getImageFilePathByUrl, fileName is com.trans.chess
11-28 15:24:24.897 D/cocos2d-x debug info(14128): JS: onLoadImage end
11-28 15:24:24.917 D/cocos2d-x debug info(14128): JS: setAppServerInfo appServerInfo : [object Object]
11-28 15:24:24.917 D/cocos2d-x debug info(14128): JS: setAppServerInfo app.serverInfo : undefined
11-28 15:24:24.927 D/cocos2d-x debug info(14128): JS: _initAppInstallState packageName : cn.mele.control.simutouch
11-28 15:24:24.927 D/JniHelper(14128): JniHelper::getJavaVM(), pthread_self() = 1529184920
11-28 15:24:24.927 D/JniHelper(14128): JniHelper::getJavaVM(), pthread_self() = 1529184920
11-28 15:24:24.927 D/cocos2d-x debug info(14128): JS: launcherAppAdapter updateData cell22
11-28 15:24:24.927 D/cocos2d-x debug info(14128): JS: launcherAppAdapter fillData cell22
11-28 15:24:24.927 D/cocos2d-x debug info(14128): JS: this.mData.length4322
11-28 15:24:24.937 D/cocos2d-x debug info(14128): JS: local app:cn.mele.control.simutouch
11-28 15:24:24.937 D/JniHelper(14128): JniHelper::getJavaVM(), pthread_self() = 1529184920
11-28 15:24:24.937 D/FileUtil(14128): getImageFilePathByUrl, url is /data/data/tv.fun.launcher/files/cn.mele.control.simutouch
11-28 15:24:24.937 D/FileUtil(14128): getImageFilePathByUrl, fileName is cn.mele.control.simutouch
11-28 15:24:24.937 D/cocos2d-x debug info(14128): JS: no Icon cache for cn.mele.control.simutouch
11-28 15:24:24.937 D/JniHelper(14128): JniHelper::getJavaVM(), pthread_self() = 1529184920
11-28 15:24:24.947 D/LoadIconAsyncTask(14128): start load pkgName is cn.mele.control.simutouch
11-28 15:24:24.947 D/cocos2d-x debug info(14128): JS: local app: appIcon begin4
11-28 15:24:24.947 D/JniHelper(14128): JniHelper::getJavaVM(), pthread_self() = 1529184920
11-28 15:24:24.947 D/LoadIconAsyncTask(14128): cn.mele.control.simutouch load result is true
11-28 15:24:24.947 D/cocos2d-x debug info(14128): JS: updateAppInfoStateAndProgress downloadState : 1
11-28 15:24:24.957 D/AppStoreManager(14128): javaCallJs.run()------------------------------------------------
11-28 15:24:24.957 D/AppStoreManager(14128): callbackStr : launcher.eventCenter.onImageLoaded({"url":"\/data\/data\/tv.fun.launcher\/files\/cn.mele.control.simutouch"})
11-28 15:24:24.957 D/cocos2d-x debug info(14128): JS: launcher.eventCenter.onImageLoaded
11-28 15:24:24.967 D/cocos2d-x debug info(14128): JS: onImageLoaded url:/data/data/tv.fun.launcher/files/cn.mele.control.simutouch
11-28 15:24:24.967 D/cocos2d-x debug info(14128): JS: AppsLayer getCellByUrl, return null, url is /data/data/tv.fun.launcher/files/cn.mele.control.simutouch
11-28 15:24:24.967 D/cocos2d-x debug info(14128): JS: onLoadImage end
11-28 15:24:24.967 D/cocos2d-x debug info(14128): JS: onLoadImage start:/data/data/tv.fun.launcher/files/cn.mele.control.simutouch
11-28 15:24:24.967 D/JniHelper(14128): JniHelper::getJavaVM(), pthread_self() = 1529184920
11-28 15:24:24.967 D/FileUtil(14128): getImageFilePathByUrl, url is /data/data/tv.fun.launcher/files/cn.mele.control.simutouch
11-28 15:24:24.967 D/FileUtil(14128): getImageFilePathByUrl, fileName is cn.mele.control.simutouch
11-28 15:24:24.977 D/cocos2d-x debug info(14128): JS: onLoadImage end
11-28 15:24:24.977 D/cocos2d-x debug info(14128): trace_frame: 36.265785
11-28 15:24:24.987 D/dalvikvm(14128): GC_CONCURRENT freed 978K, 61% free 7402K/18508K, paused 2ms+4ms, total 41ms
11-28 15:24:25.007 D/cocos2d-x debug info(14128): JS: setAppServerInfo appServerInfo : [object Object]
11-28 15:24:25.007 D/cocos2d-x debug info(14128): JS: setAppServerInfo app.serverInfo : undefined
11-28 15:24:25.007 D/cocos2d-x debug info(14128): JS: _initAppInstallState packageName : com.mele.autostart
11-28 15:24:25.007 D/JniHelper(14128): JniHelper::getJavaVM(), pthread_self() = 1529184920
11-28 15:24:25.007 D/JniHelper(14128): JniHelper::getJavaVM(), pthread_self() = 1529184920
11-28 15:24:25.007 D/cocos2d-x debug info(14128): JS: launcherAppAdapter updateData cell23
11-28 15:24:25.017 D/cocos2d-x debug info(14128): JS: launcherAppAdapter fillData cell23
11-28 15:24:25.017 D/cocos2d-x debug info(14128): JS: this.mData.length4323
11-28 15:24:25.017 D/cocos2d-x debug info(14128): JS: local app:com.mele.autostart
11-28 15:24:25.017 D/JniHelper(14128): JniHelper::getJavaVM(), pthread_self() = 1529184920
11-28 15:24:25.017 D/FileUtil(14128): getImageFilePathByUrl, url is /data/data/tv.fun.launcher/files/com.mele.autostart
11-28 15:24:25.017 D/FileUtil(14128): getImageFilePathByUrl, fileName is com.mele.autostart
11-28 15:24:25.017 D/cocos2d-x debug info(14128): JS: no Icon cache for com.mele.autostart
11-28 15:24:25.017 D/JniHelper(14128): JniHelper::getJavaVM(), pthread_self() = 1529184920
11-28 15:24:25.027 D/LoadIconAsyncTask(14128): start load pkgName is com.mele.autostart
11-28 15:24:25.027 D/cocos2d-x debug info(14128): JS: local app: appIcon begin4
11-28 15:24:25.027 D/JniHelper(14128): JniHelper::getJavaVM(), pthread_self() = 1529184920
11-28 15:24:25.027 D/LoadIconAsyncTask(14128): com.mele.autostart load result is true
11-28 15:24:25.027 D/cocos2d-x debug info(14128): JS: updateAppInfoStateAndProgress downloadState : 1
11-28 15:24:25.037 D/AppStoreManager(14128): javaCallJs.run()------------------------------------------------
11-28 15:24:25.037 D/AppStoreManager(14128): callbackStr : launcher.eventCenter.onImageLoaded({"url":"\/data\/data\/tv.fun.launcher\/files\/com.mele.autostart"})
11-28 15:24:25.037 D/cocos2d-x debug info(14128): JS: launcher.eventCenter.onImageLoaded
11-28 15:24:25.037 D/cocos2d-x debug info(14128): JS: onImageLoaded url:/data/data/tv.fun.launcher/files/com.mele.autostart
11-28 15:24:25.047 D/cocos2d-x debug info(14128): JS: AppsLayer getCellByUrl, return null, url is /data/data/tv.fun.launcher/files/com.mele.autostart
11-28 15:24:25.047 D/cocos2d-x debug info(14128): JS: onLoadImage end
11-28 15:24:25.047 D/cocos2d-x debug info(14128): JS: onLoadImage start:/data/data/tv.fun.launcher/files/com.mele.autostart
11-28 15:24:25.047 D/JniHelper(14128): JniHelper::getJavaVM(), pthread_self() = 1529184920
11-28 15:24:25.047 D/FileUtil(14128): getImageFilePathByUrl, url is /data/data/tv.fun.launcher/files/com.mele.autostart
11-28 15:24:25.047 D/FileUtil(14128): getImageFilePathByUrl, fileName is com.mele.autostart
11-28 15:24:25.047 D/cocos2d-x debug info(14128): JS: onLoadImage end
11-28 15:24:25.087 D/cocos2d-x debug info(14128): JS: setAppServerInfo appServerInfo : [object Object]
11-28 15:24:25.087 D/cocos2d-x debug info(14128): JS: setAppServerInfo app.serverInfo : undefined
11-28 15:24:25.087 D/cocos2d-x debug info(14128): JS: _initAppInstallState packageName : com.iflytek.xiri
11-28 15:24:25.087 D/JniHelper(14128): JniHelper::getJavaVM(), pthread_self() = 1529184920
11-28 15:24:25.097 D/JniHelper(14128): JniHelper::getJavaVM(), pthread_self() = 1529184920
11-28 15:24:25.097 D/cocos2d-x debug info(14128): JS: launcherAppAdapter updateData cell24
11-28 15:24:25.097 D/cocos2d-x debug info(14128): JS: launcherAppAdapter fillData cell24
11-28 15:24:25.097 D/cocos2d-x debug info(14128): JS: this.mData.length4324
11-28 15:24:25.097 D/cocos2d-x debug info(14128): JS: local app:com.iflytek.xiri
11-28 15:24:25.097 D/JniHelper(14128): JniHelper::getJavaVM(), pthread_self() = 1529184920
11-28 15:24:25.097 D/FileUtil(14128): getImageFilePathByUrl, url is /data/data/tv.fun.launcher/files/com.iflytek.xiri
11-28 15:24:25.097 D/FileUtil(14128): getImageFilePathByUrl, fileName is com.iflytek.xiri
11-28 15:24:25.097 D/cocos2d-x debug info(14128): JS: no Icon cache for com.iflytek.xiri
11-28 15:24:25.097 D/JniHelper(14128): JniHelper::getJavaVM(), pthread_self() = 1529184920
11-28 15:24:25.107 D/LoadIconAsyncTask(14128): start load pkgName is com.iflytek.xiri
11-28 15:24:25.107 D/cocos2d-x debug info(14128): JS: local app: appIcon begin4
11-28 15:24:25.107 D/JniHelper(14128): JniHelper::getJavaVM(), pthread_self() = 1529184920
11-28 15:24:25.107 D/cocos2d-x debug info(14128): JS: updateAppInfoStateAndProgress downloadState : 1
11-28 15:24:25.107 D/LoadIconAsyncTask(14128): com.iflytek.xiri load result is true
11-28 15:24:25.107 D/cocos2d-x debug info(14128): trace_frame: 62.443138
11-28 15:24:25.117 D/AppStoreManager(14128): javaCallJs.run()------------------------------------------------
11-28 15:24:25.117 D/AppStoreManager(14128): callbackStr : launcher.eventCenter.onImageLoaded({"url":"\/data\/data\/tv.fun.launcher\/files\/com.iflytek.xiri"})
11-28 15:24:25.117 D/cocos2d-x debug info(14128): JS: launcher.eventCenter.onImageLoaded
11-28 15:24:25.117 D/cocos2d-x debug info(14128): JS: onImageLoaded url:/data/data/tv.fun.launcher/files/com.iflytek.xiri
11-28 15:24:25.117 D/cocos2d-x debug info(14128): JS: AppsLayer getCellByUrl, return null, url is /data/data/tv.fun.launcher/files/com.iflytek.xiri
11-28 15:24:25.117 D/cocos2d-x debug info(14128): JS: onLoadImage end
11-28 15:24:25.127 D/cocos2d-x debug info(14128): JS: onLoadImage start:/data/data/tv.fun.launcher/files/com.iflytek.xiri
11-28 15:24:25.127 D/JniHelper(14128): JniHelper::getJavaVM(), pthread_self() = 1529184920
11-28 15:24:25.127 D/FileUtil(14128): getImageFilePathByUrl, url is /data/data/tv.fun.launcher/files/com.iflytek.xiri
11-28 15:24:25.127 D/FileUtil(14128): getImageFilePathByUrl, fileName is com.iflytek.xiri
11-28 15:24:25.127 D/cocos2d-x debug info(14128): JS: onLoadImage end
11-28 15:24:25.147 D/mdns    ( 4397): SocketDataReady got a packet from 172.16.13.167 to 224.0.0.251 on interface 172.16.13.147/wlan0/7/316
11-28 15:24:25.147 D/mdns    ( 4397): Received Response from 172.16.13.167   addressed to 224.0.0.251     on 412BAFB0 with  0 Questions,  1 Answer,   0 Authorities,  0 Additionals 38 bytes LLQType 0
11-28 15:24:25.187 D/cocos2d-x debug info(14128): trace_frame: 59.967621
11-28 15:24:25.257 D/cocos2d-x debug info(14128): JS: setAppServerInfo appServerInfo : [object Object]
11-28 15:24:25.257 D/cocos2d-x debug info(14128): JS: setAppServerInfo app.serverInfo : undefined
11-28 15:24:25.257 D/cocos2d-x debug info(14128): JS: _initAppInstallState packageName : com.zbmv
11-28 15:24:25.257 D/JniHelper(14128): JniHelper::getJavaVM(), pthread_self() = 1529184920
11-28 15:24:25.257 D/JniHelper(14128): JniHelper::getJavaVM(), pthread_self() = 1529184920
11-28 15:24:25.257 D/cocos2d-x debug info(14128): JS: launcherAppAdapter updateData cell25
11-28 15:24:25.267 D/cocos2d-x debug info(14128): JS: launcherAppAdapter fillData cell25
11-28 15:24:25.267 D/cocos2d-x debug info(14128): JS: this.mData.length4325
11-28 15:24:25.267 D/cocos2d-x debug info(14128): JS: local app:com.zbmv
11-28 15:24:25.267 D/JniHelper(14128): JniHelper::getJavaVM(), pthread_self() = 1529184920
11-28 15:24:25.267 D/FileUtil(14128): getImageFilePathByUrl, url is /data/data/tv.fun.launcher/files/com.zbmv
11-28 15:24:25.267 D/FileUtil(14128): getImageFilePathByUrl, fileName is com.zbmv
11-28 15:24:25.267 D/cocos2d-x debug info(14128): JS: no Icon cache for com.zbmv
11-28 15:24:25.267 D/JniHelper(14128): JniHelper::getJavaVM(), pthread_self() = 1529184920
11-28 15:24:25.267 D/LoadIconAsyncTask(14128): start load pkgName is com.zbmv
11-28 15:24:25.267 D/cocos2d-x debug info(14128): JS: local app: appIcon begin4
11-28 15:24:25.267 D/JniHelper(14128): JniHelper::getJavaVM(), pthread_self() = 1529184920
11-28 15:24:25.277 D/LoadIconAsyncTask(14128): com.zbmv load result is true
11-28 15:24:25.277 D/cocos2d-x debug info(14128): JS: updateAppInfoStateAndProgress downloadState : 1
11-28 15:24:25.287 D/launcher_auto(14128): launcher_auto: sendkey and wait.
11-28 15:24:25.287 D/AppStoreManager(14128): javaCallJs.run()------------------------------------------------
11-28 15:24:25.287 D/AppStoreManager(14128): callbackStr : launcher.eventCenter.onImageLoaded({"url":"\/data\/data\/tv.fun.launcher\/files\/com.zbmv"})
11-28 15:24:25.287 D/cocos2d-x debug info(14128): JS: launcher.eventCenter.onImageLoaded
11-28 15:24:25.287 D/cocos2d-x debug info(14128): JS: onImageLoaded url:/data/data/tv.fun.launcher/files/com.zbmv
11-28 15:24:25.287 D/cocos2d-x debug info(14128): JS: AppsLayer getCellByUrl, return null, url is /data/data/tv.fun.launcher/files/com.zbmv
11-28 15:24:25.297 D/cocos2d-x debug info(14128): JS: onLoadImage end
11-28 15:24:25.297 D/cocos2d-x debug info(14128): JS: onLoadImage start:/data/data/tv.fun.launcher/files/com.zbmv
11-28 15:24:25.297 D/JniHelper(14128): JniHelper::getJavaVM(), pthread_self() = 1529184920
11-28 15:24:25.297 D/FileUtil(14128): getImageFilePathByUrl, url is /data/data/tv.fun.launcher/files/com.zbmv
11-28 15:24:25.297 D/FileUtil(14128): getImageFilePathByUrl, fileName is com.zbmv
11-28 15:24:25.297 D/cocos2d-x debug info(14128): JS: onLoadImage end
11-28 15:24:25.297 D/cocos2d-x debug info(14128): trace_frame: 45.174057
11-28 15:24:25.307 D/cocos2d-x debug info(14128): JS: tableMoveFinished 
11-28 15:24:25.307 D/cocos2d-x debug info(14128): JS: updateAppInfo, cellIndex = 20
11-28 15:24:25.307 D/cocos2d-x debug info(14128): JS: updateAppButtonPosition appButton : [object Object]
11-28 15:24:25.317 D/cocos2d-x debug info(14128): JS: updateAppButtonPosition appButton : [object Object]
11-28 15:24:25.317 D/JniHelper(14128): JniHelper::getJavaVM(), pthread_self() = 1529184920
11-28 15:24:25.317 D/FileUtil(14128): getImageFilePathByUrl, url is http://172.16.12.58:8080/meedo-img/c57300/d3d944/snapshots_1944JOFAG3OC9_海报1.png
11-28 15:24:25.317 D/FileUtil(14128): getImageFilePathByUrl, fileName is snapshots_1944JOFAG3OC9_海报1.png
11-28 15:24:25.317 D/JniHelper(14128): JniHelper::getJavaVM(), pthread_self() = 1529184920
11-28 15:24:25.317 D/FileUtil(14128): getImageFilePathByUrl, url is http://172.16.12.58:8080/meedo-img/c57300/d3d944/snapshots_1944JOFALCMT6_海报2.png
11-28 15:24:25.317 D/FileUtil(14128): getImageFilePathByUrl, fileName is snapshots_1944JOFALCMT6_海报2.png
11-28 15:24:25.317 D/JniHelper(14128): JniHelper::getJavaVM(), pthread_self() = 1529184920
11-28 15:24:25.317 D/FileUtil(14128): getImageFilePathByUrl, url is http://172.16.12.58:8080/meedo-img/c57300/d3d944/snapshots_1944JOFAMLRLK_海报3.png
11-28 15:24:25.317 D/FileUtil(14128): getImageFilePathByUrl, fileName is snapshots_1944JOFAMLRLK_海报3.png
11-28 15:24:25.327 D/cocos2d-x debug info(14128): JS: updateAppButtonState cellIndex : 20
11-28 15:24:25.327 D/cocos2d-x debug info(14128): JS: setAppButtons typeArray : 1,2
11-28 15:24:25.377 D/dalvikvm(14128): GC_FOR_ALLOC freed 451K, 58% free 7783K/18508K, paused 22ms, total 22ms
11-28 15:24:25.407 D/cocos2d-x debug info(14128): trace_frame: 37.755795
11-28 15:24:25.517 D/cocos2d-x debug info(14128): trace_frame: 60.034817
11-28 15:24:25.637 D/cocos2d-x debug info(14128): trace_frame: 60.032761
11-28 15:24:25.737 D/cocos2d-x debug info(14128): trace_frame: 59.988602
11-28 15:24:25.787 D/cocos2d-x debug info(14128): JS: keyCode : 157
11-28 15:24:25.787 D/cocos2d-x debug info(14128): JS: right button clicked. lastIndex:20
11-28 15:24:25.787 D/cocos2d-x debug info(14128): JS: right button clicked. currentIndex:21
11-28 15:24:25.797 D/mdns    ( 4397): mDNS_Execute
11-28 15:24:25.797 D/mdns    ( 4397): mDNS_Execute: Setting NewLocalRecords to NULL
11-28 15:24:25.797 D/mdns    ( 4397): Announcing 006d0e03a545@MiniMax._raop._tcp.local. (TXT) 3
11-28 15:24:25.797 D/mdns    ( 4397): Announcing _services._dns-sd._udp.local. (PTR) 3
11-28 15:24:25.797 D/mdns    ( 4397): Announcing _raop._tcp.local. (PTR) 3
11-28 15:24:25.797 D/mdns    ( 4397): Announcing MiniMax._airplay._tcp.local. (TXT) 3
11-28 15:24:25.797 D/mdns    ( 4397): Announcing _services._dns-sd._udp.local. (PTR) 3
11-28 15:24:25.797 D/mdns    ( 4397): Announcing _airplay._tcp.local. (PTR) 3
11-28 15:24:25.797 D/mdns    ( 4397): Announcing 006d0e03a545@MiniMax._raop._tcp.local. (SRV) 3
11-28 15:24:25.797 D/mdns    ( 4397): Announcing MiniMax._airplay._tcp.local. (SRV) 3
11-28 15:24:25.797 D/mdns    ( 4397): Announcing 147.13.16.172.in-addr.arpa. (PTR) 3
11-28 15:24:25.797 D/mdns    ( 4397): Announcing 5.4.5.A.3.0.E.F.F.F.E.0.D.6.2.0.0.0.0.0.0.0.0.0.0.0.0.0.0.8.E.F.ip6.arpa. (PTR) 3
11-28 15:24:25.797 D/mdns    ( 4397): Announcing Android-2.local. (Addr) 3
11-28 15:24:25.797 D/mdns    ( 4397): Announcing Android-2.local. (AAAA) 3
11-28 15:24:25.797 D/mdns    ( 4397): SendResponses put     24 . OPT Max 1440 Vers 0 Seq   0 MAC 00:00:00:00:00:00 I-MAC 2D:32:05:6C:6F:63
11-28 15:24:25.797 D/mdns    ( 4397): SendResponses: Sending 0 Deregistrations, 12 Announcements, 0 Answers, 6 Additionals on 412BAFB0
11-28 15:24:25.797 D/mdns    ( 4397): SendResponses: Next in 16384 ticks
11-28 15:24:25.797 D/mdns    ( 4397): SocketDataReady got a packet from 172.16.13.147 to 224.0.0.251 on interface 172.16.13.147/wlan0/7/316
11-28 15:24:25.797 D/mdns    ( 4397): Received Response from 172.16.13.147   addressed to 224.0.0.251     on 412BAFB0 with  0 Questions, 12 Answers,  0 Authorities,  6 Additionals 690 bytes LLQType 0
11-28 15:24:25.797 D/mdns    ( 4397): Found record size   115 interface 412BAFB0 already in cache:  115 006d0e03a545@MiniMax._raop._tcp.local. TXT ch=2¦cn=0,1¦da=true¦ek=1¦et=0,1¦md=0,1,2¦pw=false¦sm=false¦sr=44100¦ss=16¦sv=false¦tp=UDP¦txtvers=
11-28 15:24:25.797 D/mdns    ( 4397): Found record size    75 interface 412BAFB0 already in cache:   75 MiniMax._airplay._tcp.local. TXT deviceid=00:6d:0e:03:a5:45¦features=0x2077¦model=AppleTV2,1¦srcvers=101.28
11-28 15:24:25.797 D/mdns    ( 4397): Found record size    78 interface 412BAFB0 already in cache:   78 5.4.5.A.3.0.E.F.F.F.E.0.D.6.2.0.0.0.0.0.0.0.0.0.0.0.0.0.0.8.E.F.ip6.arpa. NSEC PTR 
11-28 15:24:25.797 D/mdns    ( 4397): SocketDataReady got a packet from FE80:0000:0000:0000:026D:0EFF:FE03:A545 to FF02:0000:0000:0000:0000:0000:0000:00FB on interface 172.16.13.147/wlan0/7/317
11-28 15:24:25.797 D/mdns    ( 4397): Received Response from FE80:0000:0000:0000:026D:0EFF:FE03:A545 addressed to FF02:0000:0000:0000:0000:0000:0000:00FB on 412BAFB0 with  0 Questions, 12 Answers,  0 Authorities,  6 Additionals 690 bytes LLQType 0
11-28 15:24:25.797 D/mdns    ( 4397): Found record size   115 interface 412BAFB0 already in cache:  115 006d0e03a545@MiniMax._raop._tcp.local. TXT ch=2¦cn=0,1¦da=true¦ek=1¦et=0,1¦md=0,1,2¦pw=false¦sm=false¦sr=44100¦ss=16¦sv=false¦tp=UDP¦txtvers=
11-28 15:24:25.797 D/mdns    ( 4397): Found record size    75 interface 412BAFB0 already in cache:   75 MiniMax._airplay._tcp.local. TXT deviceid=00:6d:0e:03:a5:45¦features=0x2077¦model=AppleTV2,1¦srcvers=101.28
11-28 15:24:25.797 D/mdns    ( 4397): Found record size    78 interface 412BAFB0 already in cache:   78 5.4.5.A.3.0.E.F.F.F.E.0.D.6.2.0.0.0.0.0.0.0.0.0.0.0.0.0.0.8.E.F.ip6.arpa. NSEC PTR 
11-28 15:24:25.837 D/cocos2d-x debug info(14128): trace_frame: 59.991596
11-28 15:24:25.897 D/mdns    ( 4397): mDNS_Execute
11-28 15:24:25.897 D/mdns    ( 4397): mDNS_Execute: Setting NewLocalRecords to NULL
11-28 15:24:25.957 D/cocos2d-x debug info(14128): trace_frame: 60.030190
11-28 15:24:26.007 D/cocos2d-x debug info(14128): JS: tableMoveFinished 
11-28 15:24:26.007 D/cocos2d-x debug info(14128): JS: updateAppInfo, cellIndex = 21
11-28 15:24:26.017 D/cocos2d-x debug info(14128): JS: updateAppButtonPosition appButton : [object Object]
11-28 15:24:26.017 D/cocos2d-x debug info(14128): JS: updateAppButtonPosition appButton : [object Object]
11-28 15:24:26.017 D/cocos2d-x debug info(14128): JS: updateAppButtonState cellIndex : 21
11-28 15:24:26.017 D/cocos2d-x debug info(14128): JS: setAppButtons typeArray : 1,2
11-28 15:24:26.057 D/cocos2d-x debug info(14128): trace_frame: 59.937065
11-28 15:24:26.167 D/mdns    ( 4397): SocketDataReady got a packet from 172.16.13.193 to 224.0.0.251 on interface 172.16.13.147/wlan0/7/316
11-28 15:24:26.167 D/mdns    ( 4397): Received Response from 172.16.13.193   addressed to 224.0.0.251     on 412BAFB0 with  0 Questions,  1 Answer,   0 Authorities,  0 Additionals 38 bytes LLQType 0
11-28 15:24:26.177 D/cocos2d-x debug info(14128): trace_frame: 59.115627
11-28 15:24:26.287 D/launcher_auto(14128): launcher_auto: sendkey and wait.
11-28 15:24:26.287 D/cocos2d-x debug info(14128): trace_frame: 60.876446
11-28 15:24:26.407 D/cocos2d-x debug info(14128): trace_frame: 60.044605
11-28 15:24:26.517 D/cocos2d-x debug info(14128): trace_frame: 59.922272
11-28 15:24:26.577 D/mdns    ( 4397): SocketDataReady got a packet from 172.16.13.104 to 224.0.0.251 on interface 172.16.13.147/wlan0/7/316
11-28 15:24:26.577 D/mdns    ( 4397): Received Query from 172.16.13.104  :5353  to 224.0.0.251    :5353  on 0x412BAFB0 with  1 Question,   0 Answers,  0 Authorities,  0 Additionals 57 bytes
11-28 15:24:26.577 D/mdns    ( 4397): SocketDataReady got a packet from FE80:0000:0000:0000:6A5B:35FF:FE81:AA9B to FF02:0000:0000:0000:0000:0000:0000:00FB on interface 172.16.13.147/wlan0/7/317
11-28 15:24:26.577 D/mdns    ( 4397): Received Query from FE80:0000:0000:0000:6A5B:35FF:FE81:AA9B:5353  to FF02:0000:0000:0000:0000:0000:0000:00FB:5353  on 0x412BAFB0 with  1 Question,   0 Answers,  0 Authorities,  0 Additionals 57 bytes
11-28 15:24:26.617 D/cocos2d-x debug info(14128): trace_frame: 59.964619
11-28 15:24:26.647 D/mdns    ( 4397): mDNS_Execute
11-28 15:24:26.647 D/mdns    ( 4397): mDNS_Execute: Setting NewLocalRecords to NULL
11-28 15:24:26.727 D/cocos2d-x debug info(14128): trace_frame: 59.566944
11-28 15:24:26.807 D/cocos2d-x debug info(14128): JS: keyCode : 157
11-28 15:24:26.807 D/cocos2d-x debug info(14128): JS: right button clicked. lastIndex:21
11-28 15:24:26.807 D/cocos2d-x debug info(14128): JS: right button clicked. currentIndex:22
11-28 15:24:26.837 D/cocos2d-x debug info(14128): trace_frame: 59.817303
11-28 15:24:26.957 D/cocos2d-x debug info(14128): trace_frame: 59.949474
11-28 15:24:27.017 D/cocos2d-x debug info(14128): JS: tableMoveFinished 
11-28 15:24:27.027 D/cocos2d-x debug info(14128): JS: updateAppInfo, cellIndex = 22
11-28 15:24:27.027 D/cocos2d-x debug info(14128): JS: updateAppButtonPosition appButton : [object Object]
11-28 15:24:27.027 D/cocos2d-x debug info(14128): JS: updateAppButtonPosition appButton : [object Object]
11-28 15:24:27.027 D/cocos2d-x debug info(14128): JS: updateAppButtonState cellIndex : 22
11-28 15:24:27.027 D/cocos2d-x debug info(14128): JS: setAppButtons typeArray : 1
11-28 15:24:27.027 D/cocos2d-x debug info(14128): JS: setAppButtons appButtons : [object Object],[object Object]
11-28 15:24:27.027 D/cocos2d-x debug info(14128): JS: setButtonText text : 打开
11-28 15:24:27.077 D/cocos2d-x debug info(14128): trace_frame: 60.036369
11-28 15:24:27.187 D/cocos2d-x debug info(14128): trace_frame: 59.546089
11-28 15:24:27.297 D/launcher_auto(14128): launcher_auto: sendkey and wait.
11-28 15:24:27.307 D/cocos2d-x debug info(14128): trace_frame: 61.067635
11-28 15:24:27.407 D/cocos2d-x debug info(14128): trace_frame: 59.461868
11-28 15:24:27.517 D/cocos2d-x debug info(14128): trace_frame: 60.566730
11-28 15:24:27.617 D/cocos2d-x debug info(14128): trace_frame: 59.951435
11-28 15:24:27.717 D/cocos2d-x debug info(14128): trace_frame: 59.708622
11-28 15:24:27.727 D/dalvikvm(27391): GC_CONCURRENT freed 373K, 20% free 4374K/5412K, paused 3ms+2ms, total 18ms
11-28 15:24:27.807 D/cocos2d-x debug info(14128): JS: keyCode : 157
11-28 15:24:27.807 D/cocos2d-x debug info(14128): JS: right button clicked. lastIndex:22
11-28 15:24:27.807 D/cocos2d-x debug info(14128): JS: right button clicked. currentIndex:23
11-28 15:24:27.837 D/cocos2d-x debug info(14128): trace_frame: 59.996746
11-28 15:24:27.957 D/cocos2d-x debug info(14128): trace_frame: 60.191235
11-28 15:24:28.007 D/mdns    ( 4397): SocketDataReady got a packet from 172.16.13.167 to 224.0.0.251 on interface 172.16.13.147/wlan0/7/316
11-28 15:24:28.007 D/mdns    ( 4397): Received Response from 172.16.13.167   addressed to 224.0.0.251     on 412BAFB0 with  0 Questions,  3 Answers,  0 Authorities,  0 Additionals 218 bytes LLQType 0
11-28 15:24:28.017 D/cocos2d-x debug info(14128): JS: tableMoveFinished 
11-28 15:24:28.017 D/cocos2d-x debug info(14128): JS: updateAppInfo, cellIndex = 23
11-28 15:24:28.027 D/cocos2d-x debug info(14128): JS: updateAppButtonPosition appButton : [object Object]
11-28 15:24:28.027 D/cocos2d-x debug info(14128): JS: updateAppButtonPosition appButton : [object Object]
11-28 15:24:28.027 D/cocos2d-x debug info(14128): JS: updateAppButtonState cellIndex : 23
11-28 15:24:28.027 D/cocos2d-x debug info(14128): JS: setAppButtons typeArray : 1
11-28 15:24:28.067 D/cocos2d-x debug info(14128): trace_frame: 60.109585
11-28 15:24:28.167 D/cocos2d-x debug info(14128): trace_frame: 59.983204
11-28 15:24:28.287 D/cocos2d-x debug info(14128): trace_frame: 60.043575
11-28 15:24:28.297 D/launcher_auto(14128): launcher_auto: sendkey and wait.
11-28 15:24:28.387 D/cocos2d-x debug info(14128): trace_frame: 59.979607
11-28 15:24:28.507 D/cocos2d-x debug info(14128): trace_frame: 60.000340
11-28 15:24:28.617 D/cocos2d-x debug info(14128): trace_frame: 59.998802
11-28 15:24:28.627 D/mdns    ( 4397): SocketDataReady got a packet from 172.16.13.193 to 224.0.0.251 on interface 172.16.13.147/wlan0/7/316
11-28 15:24:28.627 D/mdns    ( 4397): Received Response from 172.16.13.193   addressed to 224.0.0.251     on 412BAFB0 with  0 Questions,  3 Answers,  0 Authorities,  0 Additionals 232 bytes LLQType 0
11-28 15:24:28.677 D/dalvikvm(22184): GC_CONCURRENT freed 843K, 22% free 6688K/8544K, paused 2ms+4ms, total 46ms
11-28 15:24:28.717 D/cocos2d-x debug info(14128): trace_frame: 59.899364
11-28 15:24:28.807 D/cocos2d-x debug info(14128): JS: keyCode : 157
11-28 15:24:28.807 D/cocos2d-x debug info(14128): JS: right button clicked. lastIndex:23
11-28 15:24:28.807 D/cocos2d-x debug info(14128): JS: right button clicked. currentIndex:24
11-28 15:24:28.837 D/cocos2d-x debug info(14128): trace_frame: 59.977726
11-28 15:24:28.957 D/cocos2d-x debug info(14128): trace_frame: 60.100277
11-28 15:24:29.017 D/cocos2d-x debug info(14128): JS: tableMoveFinished 
11-28 15:24:29.017 D/cocos2d-x debug info(14128): JS: updateAppInfo, cellIndex = 24
11-28 15:24:29.027 D/cocos2d-x debug info(14128): JS: updateAppButtonPosition appButton : [object Object]
11-28 15:24:29.027 D/cocos2d-x debug info(14128): JS: updateAppButtonPosition appButton : [object Object]
11-28 15:24:29.027 D/cocos2d-x debug info(14128): JS: updateAppButtonState cellIndex : 24
11-28 15:24:29.027 D/cocos2d-x debug info(14128): JS: setAppButtons typeArray : 1
11-28 15:24:29.057 D/cocos2d-x debug info(14128): trace_frame: 59.985592
11-28 15:24:29.167 D/cocos2d-x debug info(14128): trace_frame: 60.041000
11-28 15:24:29.237 D/mdns    ( 4397): SocketDataReady got a packet from 172.16.13.37 to 224.0.0.251 on interface 172.16.13.147/wlan0/7/316
11-28 15:24:29.237 D/mdns    ( 4397): Received Query from 172.16.13.37   :5353  to 224.0.0.251    :5353  on 0x412BAFB0 with  2 Questions,  0 Answers,  0 Authorities,  0 Additionals 36 bytes
11-28 15:24:29.237 D/mdns    ( 4397): SocketDataReady got a packet from FE80:0000:0000:0000:6A5B:35FF:FE8C:76D9 to FF02:0000:0000:0000:0000:0000:0000:00FB on interface 172.16.13.147/wlan0/7/317
11-28 15:24:29.237 D/mdns    ( 4397): Received Query from FE80:0000:0000:0000:6A5B:35FF:FE8C:76D9:5353  to FF02:0000:0000:0000:0000:0000:0000:00FB:5353  on 0x412BAFB0 with  2 Questions,  0 Answers,  0 Authorities,  0 Additionals 36 bytes
11-28 15:24:29.247 D/mdns    ( 4397): SocketDataReady got a packet from 172.16.13.241 to 224.0.0.251 on interface 172.16.13.147/wlan0/7/316
11-28 15:24:29.247 D/mdns    ( 4397): Received Response from 172.16.13.241   addressed to 224.0.0.251     on 412BAFB0 with  0 Questions,  1 Answer,   0 Authorities,  4 Additionals 669 bytes LLQType 0
11-28 15:24:29.247 D/mdns    ( 4397): SocketDataReady got a packet from FE80:0000:0000:0000:3AEA:A7FF:FE0A:0101 to FF02:0000:0000:0000:0000:0000:0000:00FB on interface 172.16.13.147/wlan0/7/317
11-28 15:24:29.247 D/mdns    ( 4397): Received Response from FE80:0000:0000:0000:3AEA:A7FF:FE0A:0101 addressed to FF02:0000:0000:0000:0000:0000:0000:00FB on 412BAFB0 with  0 Questions,  1 Answer,   0 Authorities,  4 Additionals 669 bytes LLQType 0
11-28 15:24:29.247 D/mdns    ( 4397): Found record size   521 interface 412BAFB0 already in cache:  521 HP\032LaserJet\032Professional\032P1606dn._ipp._tcp.local. TXT txtvers=1¦qtotal=1¦pdl=image/urf,application/PCLm¦rp=printers/Laserjet¦URF=CP1,IS1,OB1
11-28 15:24:29.257 D/mdns    ( 4397): SocketDataReady got a packet from 172.16.13.240 to 224.0.0.251 on interface 172.16.13.147/wlan0/7/316
11-28 15:24:29.257 D/mdns    ( 4397): Received Response from 172.16.13.240   addressed to 224.0.0.251     on 412BAFB0 with  0 Questions,  1 Answer,   0 Authorities,  4 Additionals 681 bytes LLQType 0
11-28 15:24:29.267 D/mdns    ( 4397): SocketDataReady got a packet from FE80:0000:0000:0000:6E3B:E5FF:FE04:C41A to FF02:0000:0000:0000:0000:0000:0000:00FB on interface 172.16.13.147/wlan0/7/317
11-28 15:24:29.267 D/mdns    ( 4397): Received Response from FE80:0000:0000:0000:6E3B:E5FF:FE04:C41A addressed to FF02:0000:0000:0000:0000:0000:0000:00FB on 412BAFB0 with  0 Questions,  1 Answer,   0 Authorities,  4 Additionals 681 bytes LLQType 0
11-28 15:24:29.267 D/mdns    ( 4397): Found record size   529 interface 412BAFB0 already in cache:  529 HP\032LaserJet\032Professional\032M1213nf\032MFP._ipp._tcp.local. TXT txtvers=1¦qtotal=1¦pdl=image/urf,application/PCLm¦rp=printers/Laserjet¦URF=CP1,
11-28 15:24:29.277 D/cocos2d-x debug info(14128): trace_frame: 59.536209
11-28 15:24:29.307 D/launcher_auto(14128): launcher_auto: sendkey and wait.
11-28 15:24:29.327 D/mdns    ( 4397): mDNS_Execute
11-28 15:24:29.327 D/mdns    ( 4397): mDNS_Execute: Setting NewLocalRecords to NULL
11-28 15:24:29.387 D/cocos2d-x debug info(14128): trace_frame: 60.394291
11-28 15:24:29.437 D/mdns    ( 4397): SocketDataReady got a packet from 172.16.13.37 to 224.0.0.251 on interface 172.16.13.147/wlan0/7/316
11-28 15:24:29.437 D/mdns    ( 4397): Received Query from 172.16.13.37   :5353  to 224.0.0.251    :5353  on 0x412BAFB0 with  3 Questions,  0 Answers,  0 Authorities,  0 Additionals 49 bytes
11-28 15:24:29.447 D/mdns    ( 4397): SocketDataReady got a packet from FE80:0000:0000:0000:6A5B:35FF:FE8C:76D9 to FF02:0000:0000:0000:0000:0000:0000:00FB on interface 172.16.13.147/wlan0/7/317
11-28 15:24:29.447 D/mdns    ( 4397): Received Query from FE80:0000:0000:0000:6A5B:35FF:FE8C:76D9:5353  to FF02:0000:0000:0000:0000:0000:0000:00FB:5353  on 0x412BAFB0 with  3 Questions,  0 Answers,  0 Authorities,  0 Additionals 49 bytes
11-28 15:24:29.457 D/mdns    ( 4397): SocketDataReady got a packet from 172.16.13.104 to 224.0.0.251 on interface 172.16.13.147/wlan0/7/316
11-28 15:24:29.457 D/mdns    ( 4397): Received Response from 172.16.13.104   addressed to 224.0.0.251     on 412BAFB0 with  0 Questions,  2 Answers,  0 Authorities,  7 Additionals 1132 bytes LLQType 0
11-28 15:24:29.467 D/mdns    ( 4397): SocketDataReady got a packet from FE80:0000:0000:0000:6A5B:35FF:FE81:AA9B to FF02:0000:0000:0000:0000:0000:0000:00FB on interface 172.16.13.147/wlan0/7/317
11-28 15:24:29.467 D/mdns    ( 4397): Received Response from FE80:0000:0000:0000:6A5B:35FF:FE81:AA9B addressed to FF02:0000:0000:0000:0000:0000:0000:00FB on 412BAFB0 with  0 Questions,  2 Answers,  0 Authorities,  7 Additionals 1132 bytes LLQType 0
11-28 15:24:29.467 D/mdns    ( 4397): Found record size   440 interface 412BAFB0 already in cache:  440 HP\032LaserJet\032Professional\032M1213nf\032MFP\032@\032zionmac2._ipp._tcp.local. TXT txtvers=1¦qtotal=1¦rp=printers/HP_LaserJet_Professional_M1213nf_
11-28 15:24:29.467 D/mdns    ( 4397): Found record size   422 interface 412BAFB0 already in cache:  422 HP\032LaserJet\032Professional\032P1606dn\032@\032zionmac2._ipp._tcp.local. TXT txtvers=1¦qtotal=1¦rp=printers/HP_LaserJet_Professional_P1606dn¦ty=Unk
11-28 15:24:29.467 D/mdns    ( 4397): SocketDataReady got a packet from 172.16.13.240 to 224.0.0.251 on interface 172.16.13.147/wlan0/7/316
11-28 15:24:29.467 D/mdns    ( 4397): Received Response from 172.16.13.240   addressed to 224.0.0.251     on 412BAFB0 with  0 Questions,  1 Answer,   0 Authorities,  4 Additionals 477 bytes LLQType 0
11-28 15:24:29.477 D/mdns    ( 4397): SocketDataReady got a packet from FE80:0000:0000:0000:6E3B:E5FF:FE04:C41A to FF02:0000:0000:0000:0000:0000:0000:00FB on interface 172.16.13.147/wlan0/7/317
11-28 15:24:29.477 D/mdns    ( 4397): Received Response from FE80:0000:0000:0000:6E3B:E5FF:FE04:C41A addressed to FF02:0000:0000:0000:0000:0000:0000:00FB on 412BAFB0 with  0 Questions,  1 Answer,   0 Authorities,  4 Additionals 477 bytes LLQType 0
11-28 15:24:29.477 D/mdns    ( 4397): Found record size   321 interface 412BAFB0 already in cache:  321 HP\032LaserJet\032Professional\032M1213nf\032MFP._printer._tcp.local. TXT txtvers=1¦qtotal=1¦rp=auto¦pdl=application/vnd.zeno-zjs,application/vnd.cups
11-28 15:24:29.487 D/cocos2d-x debug info(14128): trace_frame: 59.863514
11-28 15:24:29.497 D/mdns    ( 4397): mDNS_Execute
11-28 15:24:29.497 D/mdns    ( 4397): mDNS_Execute: Setting NewLocalRecords to NULL
11-28 15:24:29.607 D/cocos2d-x debug info(14128): trace_frame: 59.999828
11-28 15:24:29.647 D/mdns    ( 4397): SocketDataReady got a packet from 172.16.13.241 to 224.0.0.251 on interface 172.16.13.147/wlan0/7/316
11-28 15:24:29.647 D/mdns    ( 4397): Received Response from 172.16.13.241   addressed to 224.0.0.251     on 412BAFB0 with  0 Questions,  1 Answer,   0 Authorities,  4 Additionals 461 bytes LLQType 0
11-28 15:24:29.657 D/mdns    ( 4397): SocketDataReady got a packet from FE80:0000:0000:0000:3AEA:A7FF:FE0A:0101 to FF02:0000:0000:0000:0000:0000:0000:00FB on interface 172.16.13.147/wlan0/7/317
11-28 15:24:29.657 D/mdns    ( 4397): Received Response from FE80:0000:0000:0000:3AEA:A7FF:FE0A:0101 addressed to FF02:0000:0000:0000:0000:0000:0000:00FB on 412BAFB0 with  0 Questions,  1 Answer,   0 Authorities,  4 Additionals 461 bytes LLQType 0
11-28 15:24:29.657 D/mdns    ( 4397): Found record size   309 interface 412BAFB0 already in cache:  309 HP\032LaserJet\032Professional\032P1606dn._printer._tcp.local. TXT txtvers=1¦qtotal=1¦rp=auto¦pdl=application/vnd.zeno-zjs,application/vnd.cups-raster
11-28 15:24:29.717 D/cocos2d-x debug info(14128): trace_frame: 60.043064
11-28 15:24:29.817 D/cocos2d-x debug info(14128): JS: keyCode : 157
11-28 15:24:29.817 D/cocos2d-x debug info(14128): JS: right button clicked. lastIndex:24
11-28 15:24:29.827 D/cocos2d-x debug info(14128): JS: turnPage: toRight true
11-28 15:24:29.827 D/cocos2d-x debug info(14128): JS: jumpFocus0
11-28 15:24:29.827 D/cocos2d-x debug info(14128): JS: toXPosition327.5y212
11-28 15:24:29.827 D/cocos2d-x debug info(14128): JS: right button clicked. currentIndex:25
11-28 15:24:29.827 D/cocos2d-x debug info(14128): trace_frame: 56.264065
11-28 15:24:29.857 D/mdns    ( 4397): SocketDataReady got a packet from 172.16.13.104 to 224.0.0.251 on interface 172.16.13.147/wlan0/7/316
11-28 15:24:29.857 D/mdns    ( 4397): Received Response from 172.16.13.104   addressed to 224.0.0.251     on 412BAFB0 with  0 Questions,  2 Answers,  0 Authorities,  7 Additionals 276 bytes LLQType 0
11-28 15:24:29.887 D/cocos2d-x debug info(14128): JS: setAppServerInfo appServerInfo : [object Object]
11-28 15:24:29.887 D/cocos2d-x debug info(14128): JS: setAppServerInfo app.serverInfo : undefined
11-28 15:24:29.887 D/cocos2d-x debug info(14128): JS: _initAppInstallState packageName : com.mele.settingswizard
11-28 15:24:29.887 D/JniHelper(14128): JniHelper::getJavaVM(), pthread_self() = 1529184920
11-28 15:24:29.897 D/JniHelper(14128): JniHelper::getJavaVM(), pthread_self() = 1529184920
11-28 15:24:29.897 D/cocos2d-x debug info(14128): JS: launcherAppAdapter updateData cell26
11-28 15:24:29.897 D/cocos2d-x debug info(14128): JS: launcherAppAdapter fillData cell26
11-28 15:24:29.897 D/cocos2d-x debug info(14128): JS: this.mData.length4326
11-28 15:24:29.897 D/cocos2d-x debug info(14128): JS: local app:com.mele.settingswizard
11-28 15:24:29.897 D/JniHelper(14128): JniHelper::getJavaVM(), pthread_self() = 1529184920
11-28 15:24:29.897 D/FileUtil(14128): getImageFilePathByUrl, url is /data/data/tv.fun.launcher/files/com.mele.settingswizard
11-28 15:24:29.897 D/FileUtil(14128): getImageFilePathByUrl, fileName is com.mele.settingswizard
11-28 15:24:29.897 D/cocos2d-x debug info(14128): JS: no Icon cache for com.mele.settingswizard
11-28 15:24:29.897 D/JniHelper(14128): JniHelper::getJavaVM(), pthread_self() = 1529184920
11-28 15:24:29.907 D/cocos2d-x debug info(14128): JS: local app: appIcon begin4
11-28 15:24:29.907 D/JniHelper(14128): JniHelper::getJavaVM(), pthread_self() = 1529184920
11-28 15:24:29.907 D/LoadIconAsyncTask(14128): start load pkgName is com.mele.settingswizard
11-28 15:24:29.917 D/LoadIconAsyncTask(14128): com.mele.settingswizard load result is true
11-28 15:24:29.937 D/cocos2d-x debug info(14128): JS: updateAppInfoStateAndProgress downloadState : 1
11-28 15:24:29.947 D/AppStoreManager(14128): javaCallJs.run()------------------------------------------------
11-28 15:24:29.947 D/AppStoreManager(14128): callbackStr : launcher.eventCenter.onImageLoaded({"url":"\/data\/data\/tv.fun.launcher\/files\/com.mele.settingswizard"})
11-28 15:24:29.947 D/cocos2d-x debug info(14128): JS: launcher.eventCenter.onImageLoaded
11-28 15:24:29.947 D/cocos2d-x debug info(14128): JS: onImageLoaded url:/data/data/tv.fun.launcher/files/com.mele.settingswizard
11-28 15:24:29.947 D/cocos2d-x debug info(14128): JS: AppsLayer getCellByUrl, return null, url is /data/data/tv.fun.launcher/files/com.mele.settingswizard
11-28 15:24:29.947 D/cocos2d-x debug info(14128): JS: onLoadImage end
11-28 15:24:29.947 D/cocos2d-x debug info(14128): JS: onLoadImage start:/data/data/tv.fun.launcher/files/com.mele.settingswizard
11-28 15:24:29.957 D/JniHelper(14128): JniHelper::getJavaVM(), pthread_self() = 1529184920
11-28 15:24:29.957 D/FileUtil(14128): getImageFilePathByUrl, url is /data/data/tv.fun.launcher/files/com.mele.settingswizard
11-28 15:24:29.957 D/FileUtil(14128): getImageFilePathByUrl, fileName is com.mele.settingswizard
11-28 15:24:29.957 D/cocos2d-x debug info(14128): JS: onLoadImage end
11-28 15:24:29.957 D/cocos2d-x debug info(14128): JS: setAppServerInfo appServerInfo : [object Object]
11-28 15:24:29.957 D/cocos2d-x debug info(14128): JS: setAppServerInfo app.serverInfo : undefined
11-28 15:24:29.957 D/cocos2d-x debug info(14128): JS: _initAppInstallState packageName : com.mele.webnav
11-28 15:24:29.957 D/JniHelper(14128): JniHelper::getJavaVM(), pthread_self() = 1529184920
11-28 15:24:29.967 D/JniHelper(14128): JniHelper::getJavaVM(), pthread_self() = 1529184920
11-28 15:24:29.967 D/cocos2d-x debug info(14128): JS: launcherAppAdapter updateData cell27
11-28 15:24:29.967 D/cocos2d-x debug info(14128): JS: launcherAppAdapter fillData cell27
11-28 15:24:29.967 D/cocos2d-x debug info(14128): JS: this.mData.length4327
11-28 15:24:29.967 D/cocos2d-x debug info(14128): JS: local app:com.mele.webnav
11-28 15:24:29.967 D/JniHelper(14128): JniHelper::getJavaVM(), pthread_self() = 1529184920
11-28 15:24:29.967 D/FileUtil(14128): getImageFilePathByUrl, url is /data/data/tv.fun.launcher/files/com.mele.webnav
11-28 15:24:29.967 D/FileUtil(14128): getImageFilePathByUrl, fileName is com.mele.webnav
11-28 15:24:29.967 D/cocos2d-x debug info(14128): JS: no Icon cache for com.mele.webnav
11-28 15:24:29.967 D/JniHelper(14128): JniHelper::getJavaVM(), pthread_self() = 1529184920
11-28 15:24:29.967 D/LoadIconAsyncTask(14128): start load pkgName is com.mele.webnav
11-28 15:24:29.967 D/cocos2d-x debug info(14128): JS: local app: appIcon begin4
11-28 15:24:29.977 D/JniHelper(14128): JniHelper::getJavaVM(), pthread_self() = 1529184920
11-28 15:24:29.977 D/LoadIconAsyncTask(14128): com.mele.webnav load result is true
11-28 15:24:29.977 D/cocos2d-x debug info(14128): JS: updateAppInfoStateAndProgress downloadState : 1
11-28 15:24:29.987 D/cocos2d-x debug info(14128): trace_frame: 38.141155
11-28 15:24:29.987 D/AppStoreManager(14128): javaCallJs.run()------------------------------------------------
11-28 15:24:29.987 D/AppStoreManager(14128): callbackStr : launcher.eventCenter.onImageLoaded({"url":"\/data\/data\/tv.fun.launcher\/files\/com.mele.webnav"})
11-28 15:24:29.987 D/cocos2d-x debug info(14128): JS: launcher.eventCenter.onImageLoaded
11-28 15:24:29.997 D/cocos2d-x debug info(14128): JS: onImageLoaded url:/data/data/tv.fun.launcher/files/com.mele.webnav
11-28 15:24:29.997 D/cocos2d-x debug info(14128): JS: AppsLayer getCellByUrl, return null, url is /data/data/tv.fun.launcher/files/com.mele.webnav
