11-28 15:25:38.457 D/mdns    ( 4397): Received Query from 172.16.13.147  :5353  to 224.0.0.251    :5353  on 0x412BC868 with  1 Question,   0 Answers,  0 Authorities,  1 Additional  58 bytes
11-28 15:25:38.457 D/mdns    ( 4397): SocketDataReady got a packet from FE80:0000:0000:0000:026D:0EFF:FE03:A545 to FF02:0000:0000:0000:0000:0000:0000:00FB on interface 172.16.13.147/wlan0/7/329
11-28 15:25:38.457 D/mdns    ( 4397): Received Query from FE80:0000:0000:0000:026D:0EFF:FE03:A545:5353  to FF02:0000:0000:0000:0000:0000:0000:00FB:5353  on 0x412BC868 with  1 Question,   0 Answers,  0 Authorities,  1 Additional  58 bytes
11-28 15:25:38.457 D/cocos2d-x debug info(14128): trace_frame: 59.656380
11-28 15:25:38.547 D/mdns    ( 4397): mDNS_Execute
11-28 15:25:38.547 D/mdns    ( 4397): mDNS_Execute: Skipping LocalAuthRecord    4 Android-2.local. Addr 172.16.13.147
11-28 15:25:38.547 D/mdns    ( 4397): mDNS_Execute: Skipping LocalAuthRecord   16 Android-2.local. AAAA FE80:0000:0000:0000:026D:0EFF:FE03:A545
11-28 15:25:38.547 D/mdns    ( 4397): mDNS_Execute: Setting NewLocalRecords to    4 Android-2.local. Addr 172.16.13.147
11-28 15:25:38.567 D/cocos2d-x debug info(14128): trace_frame: 60.978798
11-28 15:25:38.667 D/cocos2d-x debug info(14128): trace_frame: 59.937061
11-28 15:25:38.697 D/mdns    ( 4397): mDNS_Execute
11-28 15:25:38.697 D/mdns    ( 4397): mDNS_Execute: Skipping LocalAuthRecord    4 Android-2.local. Addr 172.16.13.147
11-28 15:25:38.697 D/mdns    ( 4397): mDNS_Execute: Skipping LocalAuthRecord   16 Android-2.local. AAAA FE80:0000:0000:0000:026D:0EFF:FE03:A545
11-28 15:25:38.697 D/mdns    ( 4397): mDNS_Execute: Setting NewLocalRecords to    4 Android-2.local. Addr 172.16.13.147
11-28 15:25:38.697 D/mdns    ( 4397): SendQueries:   Put Question 006d0e03a545@MiniMax._raop._tcp.local. (SRV) probecount 2
11-28 15:25:38.697 D/mdns    ( 4397): SendQueries:   Put Question MiniMax._airplay._tcp.local. (SRV) probecount 2
11-28 15:25:38.697 D/mdns    ( 4397): SendQueries:   Put Question Android-2.local. (Addr) probecount 2
11-28 15:25:38.697 D/mdns    ( 4397): SendQueries:   Put Question Android-2.local. (AAAA) probecount 2
11-28 15:25:38.697 D/mdns    ( 4397): SendQueries putting   24 . OPT Max 1440 Vers 0 Seq   0 MAC 00:00:00:00:00:00 I-MAC 61:38:63:64:32:65
11-28 15:25:38.697 D/mdns    ( 4397): SendQueries:   Sending 4 Questions 0 Answers 4 Updates on 412BC868
11-28 15:25:38.697 D/mdns    ( 4397): SocketDataReady got a packet from 172.16.13.147 to 224.0.0.251 on interface 172.16.13.147/wlan0/7/328
11-28 15:25:38.697 D/mdns    ( 4397): Received Query from 172.16.13.147  :5353  to 224.0.0.251    :5353  on 0x412BC868 with  4 Questions,  0 Answers,  4 Authorities,  1 Additional  201 bytes
11-28 15:25:38.697 D/mdns    ( 4397): SocketDataReady got a packet from FE80:0000:0000:0000:026D:0EFF:FE03:A545 to FF02:0000:0000:0000:0000:0000:0000:00FB on interface 172.16.13.147/wlan0/7/329
11-28 15:25:38.697 D/mdns    ( 4397): Received Query from FE80:0000:0000:0000:026D:0EFF:FE03:A545:5353  to FF02:0000:0000:0000:0000:0000:0000:00FB:5353  on 0x412BC868 with  4 Questions,  0 Answers,  4 Authorities,  1 Additional  201 bytes
11-28 15:25:38.787 D/cocos2d-x debug info(14128): trace_frame: 60.151409
11-28 15:25:38.797 D/mdns    ( 4397): mDNS_Execute
11-28 15:25:38.797 D/mdns    ( 4397): mDNS_Execute: Skipping LocalAuthRecord    4 Android-2.local. Addr 172.16.13.147
11-28 15:25:38.797 D/mdns    ( 4397): mDNS_Execute: Skipping LocalAuthRecord   16 Android-2.local. AAAA FE80:0000:0000:0000:026D:0EFF:FE03:A545
11-28 15:25:38.797 D/mdns    ( 4397): mDNS_Execute: Setting NewLocalRecords to    4 Android-2.local. Addr 172.16.13.147
11-28 15:25:38.887 D/cocos2d-x debug info(14128): trace_frame: 59.590023
11-28 15:25:38.907 D/cocos2d-x debug info(14128): JS: keyCode : 6
11-28 15:25:38.907 D/cocos2d-x debug info(14128): JS: AppDetailScene onExit
11-28 15:25:38.917 D/cocos2d-x debug info(14128): JS: --------------------------------------------this.unregisterStateHandler this.stateHandlers : [object Object],[object Object]
11-28 15:25:38.917 D/cocos2d-x debug info(14128): JS: appManager.unregisterStateHandler(appDetailLayer.appStateHandler);
11-28 15:25:38.927 D/cocos2d-x debug info(14128): JS: AppStoreMainLayer onEnter
11-28 15:25:38.927 D/cocos2d-x debug info(14128): JS: AppStoreScene onEnter
11-28 15:25:38.927 D/cocos2d-x debug info(14128): cocos2d: TextureCache: removing unused texture: /data/data/tv.fun.launcher/cache/snapshots_1944K4QOEI8Q8_海报3.png
11-28 15:25:38.927 D/cocos2d-x debug info(14128): cocos2d: TextureCache: removing unused texture: /data/data/tv.fun.launcher/cache/snapshots_1944K4QOEQ80O_海报2.png
11-28 15:25:38.927 D/cocos2d-x debug info(14128): cocos2d: TextureCache: removing unused texture: /data/data/tv.fun.launcher/cache/snapshots_1944K4QODGM3O_海报1.png
11-28 15:25:38.937 D/dalvikvm(22184): GC_CONCURRENT freed 973K, 24% free 6758K/8824K, paused 4ms+6ms, total 58ms
11-28 15:25:38.937 D/cocos2d-x debug info(14128): cocos2d: TextureCache: removing unused texture: /cc_2x2_white_image
11-28 15:25:38.947 D/mdns    ( 4397): mDNS_Execute
11-28 15:25:38.947 D/mdns    ( 4397): mDNS_Execute: Skipping LocalAuthRecord    4 Android-2.local. Addr 172.16.13.147
11-28 15:25:38.947 D/mdns    ( 4397): mDNS_Execute: Skipping LocalAuthRecord   16 Android-2.local. AAAA FE80:0000:0000:0000:026D:0EFF:FE03:A545
11-28 15:25:38.947 D/mdns    ( 4397): mDNS_Execute: Setting NewLocalRecords to    4 Android-2.local. Addr 172.16.13.147
11-28 15:25:38.947 D/mdns    ( 4397): SendQueries:   Put Question 006d0e03a545@MiniMax._raop._tcp.local. (SRV) probecount 1
11-28 15:25:38.947 D/mdns    ( 4397): SendQueries:   Put Question MiniMax._airplay._tcp.local. (SRV) probecount 1
11-28 15:25:38.947 D/mdns    ( 4397): SendQueries:   Put Question Android-2.local. (Addr) probecount 1
11-28 15:25:38.947 D/mdns    ( 4397): SendQueries:   Put Question Android-2.local. (AAAA) probecount 1
11-28 15:25:38.947 D/mdns    ( 4397): SendQueries putting   24 . OPT Max 1440 Vers 0 Seq   0 MAC 00:00:00:00:00:00 I-MAC 61:38:63:64:32:65
11-28 15:25:38.947 D/mdns    ( 4397): SendQueries:   Sending 4 Questions 0 Answers 4 Updates on 412BC868
11-28 15:25:38.947 D/mdns    ( 4397): SocketDataReady got a packet from 172.16.13.147 to 224.0.0.251 on interface 172.16.13.147/wlan0/7/328
11-28 15:25:38.947 D/mdns    ( 4397): Received Query from 172.16.13.147  :5353  to 224.0.0.251    :5353  on 0x412BC868 with  4 Questions,  0 Answers,  4 Authorities,  1 Additional  201 bytes
11-28 15:25:38.947 D/mdns    ( 4397): SocketDataReady got a packet from FE80:0000:0000:0000:026D:0EFF:FE03:A545 to FF02:0000:0000:0000:0000:0000:0000:00FB on interface 172.16.13.147/wlan0/7/329
11-28 15:25:38.947 D/mdns    ( 4397): Received Query from FE80:0000:0000:0000:026D:0EFF:FE03:A545:5353  to FF02:0000:0000:0000:0000:0000:0000:00FB:5353  on 0x412BC868 with  4 Questions,  0 Answers,  4 Authorities,  1 Additional  201 bytes
11-28 15:25:39.007 D/cocos2d-x debug info(14128): trace_frame: 51.732620
11-28 15:25:39.047 D/mdns    ( 4397): mDNS_Execute
11-28 15:25:39.047 D/mdns    ( 4397): mDNS_Execute: Skipping LocalAuthRecord    4 Android-2.local. Addr 172.16.13.147
11-28 15:25:39.047 D/mdns    ( 4397): mDNS_Execute: Skipping LocalAuthRecord   16 Android-2.local. AAAA FE80:0000:0000:0000:026D:0EFF:FE03:A545
11-28 15:25:39.047 D/mdns    ( 4397): mDNS_Execute: Setting NewLocalRecords to    4 Android-2.local. Addr 172.16.13.147
11-28 15:25:39.107 D/cocos2d-x debug info(14128): trace_frame: 59.205463
11-28 15:25:39.197 D/mdns    ( 4397): mDNS_Execute
11-28 15:25:39.197 D/mdns    ( 4397): mDNS_Execute: Skipping LocalAuthRecord    4 Android-2.local. Addr 172.16.13.147
11-28 15:25:39.197 D/mdns    ( 4397): mDNS_Execute: Skipping LocalAuthRecord   16 Android-2.local. AAAA FE80:0000:0000:0000:026D:0EFF:FE03:A545
11-28 15:25:39.197 D/mdns    ( 4397): mDNS_Execute: Setting NewLocalRecords to    4 Android-2.local. Addr 172.16.13.147
11-28 15:25:39.197 D/mdns    ( 4397): mDNS_HostNameCallback: Android-2.local. (Addr) Name registered (0)
11-28 15:25:39.197 D/mdns    ( 4397): mDNS_HostNameCallback: Android-2.local. (AAAA) Name registered (0)
11-28 15:25:39.197 D/mdns    ( 4397): SendQueries:   Put Question 006d0e03a545@MiniMax._raop._tcp.local. (SRV) probecount 0
11-28 15:25:39.197 D/mdns    ( 4397): SendQueries:   Put Question MiniMax._airplay._tcp.local. (SRV) probecount 0
11-28 15:25:39.197 D/mdns    ( 4397): SendQueries:   Put Question Android-2.local. (Addr) probecount 0
11-28 15:25:39.197 D/mdns    ( 4397): SendQueries:   Put Question Android-2.local. (AAAA) probecount 0
11-28 15:25:39.197 D/mdns    ( 4397): SendQueries putting   24 . OPT Max 1440 Vers 0 Seq   0 MAC 00:00:00:00:00:00 I-MAC 61:38:63:64:32:65
11-28 15:25:39.197 D/mdns    ( 4397): SendQueries:   Sending 4 Questions 0 Answers 4 Updates on 412BC868
11-28 15:25:39.197 D/mdns    ( 4397): SocketDataReady got a packet from 172.16.13.147 to 224.0.0.251 on interface 172.16.13.147/wlan0/7/328
11-28 15:25:39.197 D/mdns    ( 4397): Received Query from 172.16.13.147  :5353  to 224.0.0.251    :5353  on 0x412BC868 with  4 Questions,  0 Answers,  4 Authorities,  1 Additional  201 bytes
11-28 15:25:39.197 D/mdns    ( 4397): SocketDataReady got a packet from FE80:0000:0000:0000:026D:0EFF:FE03:A545 to FF02:0000:0000:0000:0000:0000:0000:00FB on interface 172.16.13.147/wlan0/7/329
11-28 15:25:39.197 D/mdns    ( 4397): Received Query from FE80:0000:0000:0000:026D:0EFF:FE03:A545:5353  to FF02:0000:0000:0000:0000:0000:0000:00FB:5353  on 0x412BC868 with  4 Questions,  0 Answers,  4 Authorities,  1 Additional  201 bytes
11-28 15:25:39.217 D/cocos2d-x debug info(14128): trace_frame: 60.541061
11-28 15:25:39.297 D/mdns    ( 4397): mDNS_Execute
11-28 15:25:39.297 D/mdns    ( 4397): mDNS_Execute: Skipping LocalAuthRecord    4 Android-2.local. Addr 172.16.13.147
11-28 15:25:39.297 D/mdns    ( 4397): mDNS_Execute: Skipping LocalAuthRecord   16 Android-2.local. AAAA FE80:0000:0000:0000:026D:0EFF:FE03:A545
11-28 15:25:39.297 D/mdns    ( 4397): mDNS_Execute: Setting NewLocalRecords to    4 Android-2.local. Addr 172.16.13.147
11-28 15:25:39.337 D/cocos2d-x debug info(14128): trace_frame: 60.049244
11-28 15:25:39.427 D/mdns    ( 4397): mDNS_Execute
11-28 15:25:39.427 D/mdns    ( 4397): mDNS_Execute: Skipping LocalAuthRecord    4 Android-2.local. Addr 172.16.13.147
11-28 15:25:39.427 D/mdns    ( 4397): mDNS_Execute: Skipping LocalAuthRecord   16 Android-2.local. AAAA FE80:0000:0000:0000:026D:0EFF:FE03:A545
11-28 15:25:39.427 D/mdns    ( 4397): mDNS_Execute: Setting NewLocalRecords to    4 Android-2.local. Addr 172.16.13.147
11-28 15:25:39.427 D/mdns    ( 4397): SendResponses: Next in 274 ticks
11-28 15:25:39.437 D/cocos2d-x debug info(14128): trace_frame: 59.927483
11-28 15:25:39.447 D/mdns    ( 4397): mDNS_Execute
11-28 15:25:39.447 D/mdns    ( 4397): mDNS_Execute: Skipping LocalAuthRecord    4 Android-2.local. Addr 172.16.13.147
11-28 15:25:39.447 D/mdns    ( 4397): mDNS_Execute: Skipping LocalAuthRecord   16 Android-2.local. AAAA FE80:0000:0000:0000:026D:0EFF:FE03:A545
11-28 15:25:39.447 D/mdns    ( 4397): mDNS_Execute: Setting NewLocalRecords to    4 Android-2.local. Addr 172.16.13.147
11-28 15:25:39.447 D/mdns    ( 4397): Announcing 006d0e03a545@MiniMax._raop._tcp.local. (TXT) 7
11-28 15:25:39.447 D/mdns    ( 4397): Announcing _services._dns-sd._udp.local. (PTR) 7
11-28 15:25:39.447 D/mdns    ( 4397): Announcing _raop._tcp.local. (PTR) 7
11-28 15:25:39.447 D/mdns    ( 4397): Announcing MiniMax._airplay._tcp.local. (TXT) 7
11-28 15:25:39.447 D/mdns    ( 4397): Announcing _services._dns-sd._udp.local. (PTR) 7
11-28 15:25:39.447 D/mdns    ( 4397): Announcing _airplay._tcp.local. (PTR) 7
11-28 15:25:39.447 D/mdns    ( 4397): Announcing 006d0e03a545@MiniMax._raop._tcp.local. (SRV) 7
11-28 15:25:39.447 D/mdns    ( 4397): Announcing MiniMax._airplay._tcp.local. (SRV) 7
11-28 15:25:39.447 D/mdns    ( 4397): Announcing 147.13.16.172.in-addr.arpa. (PTR) 7
11-28 15:25:39.447 D/mdns    ( 4397): Announcing 5.4.5.A.3.0.E.F.F.F.E.0.D.6.2.0.0.0.0.0.0.0.0.0.0.0.0.0.0.8.E.F.ip6.arpa. (PTR) 7
11-28 15:25:39.447 D/mdns    ( 4397): Announcing Android-2.local. (Addr) 7
11-28 15:25:39.447 D/mdns    ( 4397): Announcing Android-2.local. (AAAA) 7
11-28 15:25:39.447 D/mdns    ( 4397): SendResponses put     24 . OPT Max 1440 Vers 0 Seq   0 MAC 00:00:00:00:00:00 I-MAC 61:38:63:64:32:65
11-28 15:25:39.447 D/mdns    ( 4397): SendResponses: Sending 0 Deregistrations, 12 Announcements, 0 Answers, 6 Additionals on 412BC868
11-28 15:25:39.447 D/mdns    ( 4397): SendResponses: Next in 1024 ticks
11-28 15:25:39.447 D/mdns    ( 4397): mDNS_Execute
11-28 15:25:39.447 D/mdns    ( 4397): mDNS_Execute: Delivering Add event with LocalAuthRecord    4 Android-2.local. Addr 172.16.13.147
11-28 15:25:39.447 D/mdns    ( 4397): mDNS_Execute: Delivering Add event with LocalAuthRecord   16 Android-2.local. AAAA FE80:0000:0000:0000:026D:0EFF:FE03:A545
11-28 15:25:39.447 D/mdns    ( 4397): mDNS_Execute: Setting NewLocalRecords to NULL
11-28 15:25:39.447 D/mdns    ( 4397): SocketDataReady got a packet from 172.16.13.147 to 224.0.0.251 on interface 172.16.13.147/wlan0/7/328
11-28 15:25:39.447 D/mdns    ( 4397): Received Response from 172.16.13.147   addressed to 224.0.0.251     on 412BC868 with  0 Questions, 12 Answers,  0 Authorities,  6 Additionals 690 bytes LLQType 0
11-28 15:25:39.447 D/mdns    ( 4397): SocketDataReady got a packet from FE80:0000:0000:0000:026D:0EFF:FE03:A545 to FF02:0000:0000:0000:0000:0000:0000:00FB on interface 172.16.13.147/wlan0/7/329
11-28 15:25:39.447 D/mdns    ( 4397): Received Response from FE80:0000:0000:0000:026D:0EFF:FE03:A545 addressed to FF02:0000:0000:0000:0000:0000:0000:00FB on 412BC868 with  0 Questions, 12 Answers,  0 Authorities,  6 Additionals 690 bytes LLQType 0
11-28 15:25:39.447 D/mdns    ( 4397): Found record size   115 interface 412BC868 already in cache:  115 006d0e03a545@MiniMax._raop._tcp.local. TXT ch=2¦cn=0,1¦da=true¦ek=1¦et=0,1¦md=0,1,2¦pw=false¦sm=false¦sr=44100¦ss=16¦sv=false¦tp=UDP¦txtvers=
11-28 15:25:39.447 D/mdns    ( 4397): Found record size    75 interface 412BC868 already in cache:   75 MiniMax._airplay._tcp.local. TXT deviceid=00:6d:0e:03:a5:45¦features=0x2077¦model=AppleTV2,1¦srcvers=101.28
11-28 15:25:39.447 D/mdns    ( 4397): Found record size    78 interface 412BC868 already in cache:   78 5.4.5.A.3.0.E.F.F.F.E.0.D.6.2.0.0.0.0.0.0.0.0.0.0.0.0.0.0.8.E.F.ip6.arpa. NSEC PTR 
11-28 15:25:39.547 D/mdns    ( 4397): mDNS_Execute
11-28 15:25:39.547 D/mdns    ( 4397): mDNS_Execute: Setting NewLocalRecords to NULL
11-28 15:25:39.547 D/mdns    ( 4397): SendQueries: _sleep-proxy._udp.local. (PTR) next interval 3 seconds RequestUnicast = 0
11-28 15:25:39.547 D/mdns    ( 4397): SendQueries: Putting     question for _sleep-proxy._udp.local. (PTR) at 0 forecast total 29
11-28 15:25:39.547 D/mdns    ( 4397): SendQueries putting   24 . OPT Max 1440 Vers 0 Seq   0 MAC 00:00:00:00:00:00 I-MAC 61:38:63:64:32:65
11-28 15:25:39.547 D/mdns    ( 4397): SendQueries:   Sending 1 Question 0 Answers 0 Updates on 412BC868
11-28 15:25:39.547 D/mdns    ( 4397): SocketDataReady got a packet from 172.16.13.147 to 224.0.0.251 on interface 172.16.13.147/wlan0/7/328
11-28 15:25:39.547 D/mdns    ( 4397): Received Query from 172.16.13.147  :5353  to 224.0.0.251    :5353  on 0x412BC868 with  1 Question,   0 Answers,  0 Authorities,  1 Additional  58 bytes
11-28 15:25:39.547 D/mdns    ( 4397): SocketDataReady got a packet from FE80:0000:0000:0000:026D:0EFF:FE03:A545 to FF02:0000:0000:0000:0000:0000:0000:00FB on interface 172.16.13.147/wlan0/7/329
11-28 15:25:39.547 D/mdns    ( 4397): Received Query from FE80:0000:0000:0000:026D:0EFF:FE03:A545:5353  to FF02:0000:0000:0000:0000:0000:0000:00FB:5353  on 0x412BC868 with  1 Question,   0 Answers,  0 Authorities,  1 Additional  58 bytes
11-28 15:25:39.557 D/cocos2d-x debug info(14128): trace_frame: 59.904324
11-28 15:25:39.647 D/mdns    ( 4397): mDNS_Execute
11-28 15:25:39.647 D/mdns    ( 4397): mDNS_Execute: Setting NewLocalRecords to NULL
11-28 15:25:39.667 D/cocos2d-x debug info(14128): trace_frame: 60.262222
11-28 15:25:39.767 D/cocos2d-x debug info(14128): trace_frame: 59.992802
11-28 15:25:39.867 D/cocos2d-x debug info(14128): trace_frame: 59.986801
11-28 15:25:39.897 D/mdns    ( 4397): SocketDataReady got a packet from 172.16.13.164 to 224.0.0.251 on interface 172.16.13.147/wlan0/7/328
11-28 15:25:39.897 D/mdns    ( 4397): Received Response from 172.16.13.164   addressed to 224.0.0.251     on 412BC868 with  0 Questions,  3 Answers,  0 Authorities,  0 Additionals 333 bytes LLQType 0
11-28 15:25:39.917 D/launcher_auto(14128): launcher_auto: sendkey and wait.
11-28 15:25:39.967 D/cocos2d-x debug info(14128): trace_frame: 59.974213
11-28 15:25:40.087 D/cocos2d-x debug info(14128): trace_frame: 59.933571
11-28 15:25:40.207 D/cocos2d-x debug info(14128): trace_frame: 59.997261
11-28 15:25:40.307 D/cocos2d-x debug info(14128): trace_frame: 59.793705
11-28 15:25:40.417 D/cocos2d-x debug info(14128): JS: keyCode : 157
11-28 15:25:40.417 D/cocos2d-x debug info(14128): JS: right button clicked. lastIndex:2
11-28 15:25:40.427 D/cocos2d-x debug info(14128): JS: right button clicked. currentIndex:3
11-28 15:25:40.427 D/cocos2d-x debug info(14128): trace_frame: 57.509979
11-28 15:25:40.447 D/mdns    ( 4397): mDNS_Execute
11-28 15:25:40.447 D/mdns    ( 4397): mDNS_Execute: Setting NewLocalRecords to NULL
11-28 15:25:40.447 D/mdns    ( 4397): Announcing 006d0e03a545@MiniMax._raop._tcp.local. (TXT) 6
11-28 15:25:40.447 D/mdns    ( 4397): Announcing _services._dns-sd._udp.local. (PTR) 6
11-28 15:25:40.447 D/mdns    ( 4397): Announcing _raop._tcp.local. (PTR) 6
11-28 15:25:40.447 D/mdns    ( 4397): Announcing MiniMax._airplay._tcp.local. (TXT) 6
11-28 15:25:40.447 D/mdns    ( 4397): Announcing _services._dns-sd._udp.local. (PTR) 6
11-28 15:25:40.447 D/mdns    ( 4397): Announcing _airplay._tcp.local. (PTR) 6
11-28 15:25:40.447 D/mdns    ( 4397): Announcing 006d0e03a545@MiniMax._raop._tcp.local. (SRV) 6
11-28 15:25:40.447 D/mdns    ( 4397): Announcing MiniMax._airplay._tcp.local. (SRV) 6
11-28 15:25:40.447 D/mdns    ( 4397): Announcing 147.13.16.172.in-addr.arpa. (PTR) 6
11-28 15:25:40.447 D/mdns    ( 4397): Announcing 5.4.5.A.3.0.E.F.F.F.E.0.D.6.2.0.0.0.0.0.0.0.0.0.0.0.0.0.0.8.E.F.ip6.arpa. (PTR) 6
11-28 15:25:40.447 D/mdns    ( 4397): Announcing Android-2.local. (Addr) 6
11-28 15:25:40.447 D/mdns    ( 4397): Announcing Android-2.local. (AAAA) 6
11-28 15:25:40.447 D/mdns    ( 4397): SendResponses put     24 . OPT Max 1440 Vers 0 Seq   0 MAC 00:00:00:00:00:00 I-MAC 61:38:63:64:32:65
11-28 15:25:40.447 D/mdns    ( 4397): SendResponses: Sending 0 Deregistrations, 12 Announcements, 0 Answers, 6 Additionals on 412BC868
11-28 15:25:40.447 D/mdns    ( 4397): SendResponses: Next in 2048 ticks
11-28 15:25:40.447 D/mdns    ( 4397): SocketDataReady got a packet from 172.16.13.147 to 224.0.0.251 on interface 172.16.13.147/wlan0/7/328
11-28 15:25:40.447 D/mdns    ( 4397): Received Response from 172.16.13.147   addressed to 224.0.0.251     on 412BC868 with  0 Questions, 12 Answers,  0 Authorities,  6 Additionals 690 bytes LLQType 0
11-28 15:25:40.447 D/mdns    ( 4397): Found record size   115 interface 412BC868 already in cache:  115 006d0e03a545@MiniMax._raop._tcp.local. TXT ch=2¦cn=0,1¦da=true¦ek=1¦et=0,1¦md=0,1,2¦pw=false¦sm=false¦sr=44100¦ss=16¦sv=false¦tp=UDP¦txtvers=
11-28 15:25:40.447 D/mdns    ( 4397): Found record size    75 interface 412BC868 already in cache:   75 MiniMax._airplay._tcp.local. TXT deviceid=00:6d:0e:03:a5:45¦features=0x2077¦model=AppleTV2,1¦srcvers=101.28
11-28 15:25:40.447 D/mdns    ( 4397): Found record size    78 interface 412BC868 already in cache:   78 5.4.5.A.3.0.E.F.F.F.E.0.D.6.2.0.0.0.0.0.0.0.0.0.0.0.0.0.0.8.E.F.ip6.arpa. NSEC PTR 
11-28 15:25:40.447 D/mdns    ( 4397): SocketDataReady got a packet from FE80:0000:0000:0000:026D:0EFF:FE03:A545 to FF02:0000:0000:0000:0000:0000:0000:00FB on interface 172.16.13.147/wlan0/7/329
11-28 15:25:40.447 D/mdns    ( 4397): Received Response from FE80:0000:0000:0000:026D:0EFF:FE03:A545 addressed to FF02:0000:0000:0000:0000:0000:0000:00FB on 412BC868 with  0 Questions, 12 Answers,  0 Authorities,  6 Additionals 690 bytes LLQType 0
11-28 15:25:40.447 D/mdns    ( 4397): Found record size   115 interface 412BC868 already in cache:  115 006d0e03a545@MiniMax._raop._tcp.local. TXT ch=2¦cn=0,1¦da=true¦ek=1¦et=0,1¦md=0,1,2¦pw=false¦sm=false¦sr=44100¦ss=16¦sv=false¦tp=UDP¦txtvers=
11-28 15:25:40.447 D/mdns    ( 4397): Found record size    75 interface 412BC868 already in cache:   75 MiniMax._airplay._tcp.local. TXT deviceid=00:6d:0e:03:a5:45¦features=0x2077¦model=AppleTV2,1¦srcvers=101.28
11-28 15:25:40.447 D/mdns    ( 4397): Found record size    78 interface 412BC868 already in cache:   78 5.4.5.A.3.0.E.F.F.F.E.0.D.6.2.0.0.0.0.0.0.0.0.0.0.0.0.0.0.8.E.F.ip6.arpa. NSEC PTR 
11-28 15:25:40.517 D/dalvikvm(22184): GC_CONCURRENT freed 793K, 24% free 6767K/8824K, paused 4ms+4ms, total 50ms
11-28 15:25:40.537 D/cocos2d-x debug info(14128): trace_frame: 62.884041
11-28 15:25:40.547 D/mdns    ( 4397): mDNS_Execute
11-28 15:25:40.547 D/mdns    ( 4397): mDNS_Execute: Setting NewLocalRecords to NULL
11-28 15:25:40.637 D/cocos2d-x debug info(14128): JS: tableMoveFinished 
11-28 15:25:40.637 D/cocos2d-x debug info(14128): JS: updateAppInfo, cellIndex = 3
11-28 15:25:40.647 D/cocos2d-x debug info(14128): JS: updateAppButtonPosition appButton : [object Object]
11-28 15:25:40.647 D/cocos2d-x debug info(14128): JS: updateAppButtonPosition appButton : [object Object]
11-28 15:25:40.647 D/JniHelper(14128): JniHelper::getJavaVM(), pthread_self() = 1529184920
11-28 15:25:40.647 D/FileUtil(14128): getImageFilePathByUrl, url is http://172.16.12.58:8080/meedo-img/1eca69/42a0e1/snapshots_1944KF6OF5510_海报1.png
11-28 15:25:40.647 D/FileUtil(14128): getImageFilePathByUrl, fileName is snapshots_1944KF6OF5510_海报1.png
11-28 15:25:40.657 D/JniHelper(14128): JniHelper::getJavaVM(), pthread_self() = 1529184920
11-28 15:25:40.657 D/FileUtil(14128): getImageFilePathByUrl, url is http://172.16.12.58:8080/meedo-img/1eca69/42a0e1/snapshots_1944KF6OG1NI0_海报2.png
11-28 15:25:40.657 D/FileUtil(14128): getImageFilePathByUrl, fileName is snapshots_1944KF6OG1NI0_海报2.png
11-28 15:25:40.657 D/JniHelper(14128): JniHelper::getJavaVM(), pthread_self() = 1529184920
11-28 15:25:40.657 D/FileUtil(14128): getImageFilePathByUrl, url is http://172.16.12.58:8080/meedo-img/1eca69/42a0e1/snapshots_1944KF6OGJKSH_海报3.png
11-28 15:25:40.657 D/FileUtil(14128): getImageFilePathByUrl, fileName is snapshots_1944KF6OGJKSH_海报3.png
11-28 15:25:40.667 D/cocos2d-x debug info(14128): JS: updateAppButtonState cellIndex : 3
11-28 15:25:40.667 D/cocos2d-x debug info(14128): JS: setAppButtons typeArray : 1,2
11-28 15:25:40.707 D/dalvikvm(14128): GC_CONCURRENT freed 1608K, 58% free 7780K/18508K, paused 2ms+2ms, total 25ms
11-28 15:25:40.717 D/dalvikvm(14128): WAIT_FOR_CONCURRENT_GC blocked 14ms
11-28 15:25:40.727 D/cocos2d-x debug info(14128): trace_frame: 36.694935
11-28 15:25:40.837 D/cocos2d-x debug info(14128): trace_frame: 64.154259
11-28 15:25:40.917 D/launcher_auto(14128): launcher_auto: sendkey and wait.
11-28 15:25:40.937 D/cocos2d-x debug info(14128): trace_frame: 59.939461
11-28 15:25:41.057 D/cocos2d-x debug info(14128): trace_frame: 60.115768
11-28 15:25:41.127 D/mdns    ( 4397): SocketDataReady got a packet from 172.16.13.187 to 224.0.0.251 on interface 172.16.13.147/wlan0/7/328
11-28 15:25:41.137 D/mdns    ( 4397): Received Response from 172.16.13.187   addressed to 224.0.0.251     on 412BC868 with  0 Questions,  3 Answers,  0 Authorities,  0 Additionals 232 bytes LLQType 0
11-28 15:25:41.157 D/cocos2d-x debug info(14128): trace_frame: 59.781799
11-28 15:25:41.267 D/cocos2d-x debug info(14128): trace_frame: 60.141075
11-28 15:25:41.387 D/cocos2d-x debug info(14128): trace_frame: 59.934586
11-28 15:25:41.417 D/cocos2d-x debug info(14128): JS: keyCode : 161
11-28 15:25:41.427 D/cocos2d-x debug info(14128): JS: AppStoreMainLayer onExit
11-28 15:25:41.427 D/cocos2d-x debug info(14128): JS: AppStoreScene onExit
11-28 15:25:41.427 D/cocos2d-x debug info(14128): JS: AppDetail createIconSprite
11-28 15:25:41.427 D/cocos2d-x debug info(14128): JS: AppDetailScene initIcon
11-28 15:25:41.427 D/JniHelper(14128): JniHelper::getJavaVM(), pthread_self() = 1529184920
11-28 15:25:41.427 D/FileUtil(14128): getImageFilePathByUrl, url is http://172.16.12.58:8080/meedo-img/1eca69/42a0e1/poster_1944KF3BH8P0U_同花顺.png
11-28 15:25:41.437 D/FileUtil(14128): getImageFilePathByUrl, fileName is poster_1944KF3BH8P0U_同花顺.png
11-28 15:25:41.437 D/cocos2d-x debug info(14128): JS: AppDetail createAppNameLabel
11-28 15:25:41.437 D/cocos2d-x debug info(14128): JS: AppDetail createVersionNameLabel
11-28 15:25:41.437 D/JniHelper(14128): JniHelper::getJavaVM(), pthread_self() = 1529184920
11-28 15:25:41.437 D/cocos2d-x debug info(14128): JS: version name from pm: 1.3.2
11-28 15:25:41.447 D/cocos2d-x debug info(14128): JS: createBriefAndUpdateContentLabel
11-28 15:25:41.447 D/JniHelper(14128): JniHelper::getJavaVM(), pthread_self() = 1529184920
11-28 15:25:41.447 D/cocos2d-x debug info(14128): JS: hasNewVersion, localVersion: 136, server code: 136
11-28 15:25:41.457 D/JniHelper(14128): JniHelper::getJavaVM(), pthread_self() = 1529184920
11-28 15:25:41.457 D/cocos2d-x debug info(14128): JS: hasNewVersion, localVersion: 136, server code: 136
11-28 15:25:41.457 D/cocos2d-x debug info(14128): JS: initState packageName : com.hexin.plat.androidTV
11-28 15:25:41.457 D/cocos2d-x debug info(14128): JS: initState app : [object Object]
11-28 15:25:41.457 D/cocos2d-x debug info(14128): JS: initState downloadState : 1
11-28 15:25:41.457 D/cocos2d-x debug info(14128): JS: updateButtonsByDownloadState downloadState : 1
11-28 15:25:41.457 D/cocos2d-x debug info(14128): JS: updateButtonsByDownloadState progress : undefined
11-28 15:25:41.457 D/cocos2d-x debug info(14128): JS: newlength: 2, oldlength: 0
11-28 15:25:41.457 D/cocos2d-x debug info(14128): JS: setAppStateBtns : this.installLayoutPoint.x : 568
11-28 15:25:41.467 D/cocos2d-x debug info(14128): JS: setAppStateBtns : this.installLayoutPoint.x : 568
11-28 15:25:41.467 D/cocos2d-x debug info(14128): JS: bts 0: [object Object], type: 1
11-28 15:25:41.467 D/cocos2d-x debug info(14128): JS: setButtonText text : 打开
11-28 15:25:41.467 D/cocos2d-x debug info(14128): cocos2d: fullPathForFilename: No file found at Arial. Possible missing file.
11-28 15:25:41.467 D/cocos2d-x debug info(14128): JS: bts 1: [object Object], type: 2
11-28 15:25:41.467 D/cocos2d-x debug info(14128): JS: setButtonText text : 卸载
11-28 15:25:41.467 D/cocos2d-x debug info(14128): cocos2d: fullPathForFilename: No file found at Arial. Possible missing file.
11-28 15:25:41.477 D/cocos2d-x debug info(14128): JS: --------------------------------------------this.registerStateHandler this.stateHandlers : [object Object],[object Object],[object Object]
11-28 15:25:41.477 D/cocos2d-x debug info(14128): JS: appManager.registerStateHandler(appStateHandler);
11-28 15:25:41.477 D/cocos2d-x debug info(14128): JS: createButtonFocus : this.installLayoutPoint.x : 568
11-28 15:25:41.477 D/cocos2d-x debug info(14128): JS: createImageTableView
11-28 15:25:41.477 D/cocos2d-x debug info(14128): JS: tablecellatindex idx: 0, rect: 0, 63, 2094, 387
11-28 15:25:41.477 D/JniHelper(14128): JniHelper::getJavaVM(), pthread_self() = 1529184920
11-28 15:25:41.487 D/FileUtil(14128): getImageFilePathByUrl, url is http://172.16.12.58:8080/meedo-img/1eca69/42a0e1/snapshots_1944KF6OF5510_海报1.png
11-28 15:25:41.487 D/FileUtil(14128): getImageFilePathByUrl, fileName is snapshots_1944KF6OF5510_海报1.png
11-28 15:25:41.487 D/cocos2d-x debug info(14128): JS: screenshot exist in local: 0
11-28 15:25:41.487 D/cocos2d-x debug info(14128): JS: tablecellatindex idx: 1, rect: 0, 63, 2094, 387
11-28 15:25:41.487 D/JniHelper(14128): JniHelper::getJavaVM(), pthread_self() = 1529184920
11-28 15:25:41.487 D/FileUtil(14128): getImageFilePathByUrl, url is http://172.16.12.58:8080/meedo-img/1eca69/42a0e1/snapshots_1944KF6OG1NI0_海报2.png
11-28 15:25:41.487 D/FileUtil(14128): getImageFilePathByUrl, fileName is snapshots_1944KF6OG1NI0_海报2.png
11-28 15:25:41.487 D/cocos2d-x debug info(14128): JS: screenshot exist in local: 1
11-28 15:25:41.497 D/cocos2d-x debug info(14128): JS: tablecellatindex idx: 2, rect: 0, 63, 2094, 387
11-28 15:25:41.497 D/JniHelper(14128): JniHelper::getJavaVM(), pthread_self() = 1529184920
11-28 15:25:41.497 D/FileUtil(14128): getImageFilePathByUrl, url is http://172.16.12.58:8080/meedo-img/1eca69/42a0e1/snapshots_1944KF6OGJKSH_海报3.png
11-28 15:25:41.497 D/FileUtil(14128): getImageFilePathByUrl, fileName is snapshots_1944KF6OGJKSH_海报3.png
11-28 15:25:41.497 D/cocos2d-x debug info(14128): JS: screenshot exist in local: 2
11-28 15:25:41.497 D/cocos2d-x debug info(14128): JS: AppDetailScene registerListeners
11-28 15:25:41.547 D/dalvikvm(14128): GC_FOR_ALLOC freed 1386K, 61% free 7368K/18508K, paused 22ms, total 22ms
11-28 15:25:41.567 D/cocos2d-x debug info(14128): trace_frame: 16.360899
11-28 15:25:41.677 D/cocos2d-x debug info(14128): trace_frame: 69.293213
11-28 15:25:41.787 D/cocos2d-x debug info(14128): JS: load screenshot from local success: 0
11-28 15:25:41.807 D/cocos2d-x debug info(14128): trace_frame: 44.530205
11-28 15:25:41.867 D/dalvikvm(22184): GC_CONCURRENT freed 861K, 24% free 6779K/8824K, paused 3ms+4ms, total 48ms
11-28 15:25:41.867 D/dalvikvm(22184): WAIT_FOR_CONCURRENT_GC blocked 38ms
11-28 15:25:41.917 D/cocos2d-x debug info(14128): trace_frame: 61.215569
11-28 15:25:42.027 D/cocos2d-x debug info(14128): trace_frame: 59.565159
11-28 15:25:42.137 D/cocos2d-x debug info(14128): trace_frame: 60.304794
11-28 15:25:42.207 D/cocos2d-x debug info(14128): JS: load screenshot from local success: 1
11-28 15:25:42.237 D/cocos2d-x debug info(14128): trace_frame: 39.630642
11-28 15:25:42.357 D/cocos2d-x debug info(14128): trace_frame: 60.580360
11-28 15:25:42.447 D/mdns    ( 4397): mDNS_Execute
11-28 15:25:42.447 D/mdns    ( 4397): mDNS_Execute: Setting NewLocalRecords to NULL
11-28 15:25:42.447 D/mdns    ( 4397): Announcing 006d0e03a545@MiniMax._raop._tcp.local. (TXT) 5
11-28 15:25:42.447 D/mdns    ( 4397): Announcing _services._dns-sd._udp.local. (PTR) 5
11-28 15:25:42.447 D/mdns    ( 4397): Announcing _raop._tcp.local. (PTR) 5
11-28 15:25:42.447 D/mdns    ( 4397): Announcing MiniMax._airplay._tcp.local. (TXT) 5
11-28 15:25:42.447 D/mdns    ( 4397): Announcing _services._dns-sd._udp.local. (PTR) 5
11-28 15:25:42.447 D/mdns    ( 4397): Announcing _airplay._tcp.local. (PTR) 5
11-28 15:25:42.447 D/mdns    ( 4397): Announcing 006d0e03a545@MiniMax._raop._tcp.local. (SRV) 5
11-28 15:25:42.447 D/mdns    ( 4397): Announcing MiniMax._airplay._tcp.local. (SRV) 5
11-28 15:25:42.447 D/mdns    ( 4397): Announcing 147.13.16.172.in-addr.arpa. (PTR) 5
11-28 15:25:42.447 D/mdns    ( 4397): Announcing 5.4.5.A.3.0.E.F.F.F.E.0.D.6.2.0.0.0.0.0.0.0.0.0.0.0.0.0.0.8.E.F.ip6.arpa. (PTR) 5
11-28 15:25:42.447 D/mdns    ( 4397): Announcing Android-2.local. (Addr) 5
11-28 15:25:42.447 D/mdns    ( 4397): Announcing Android-2.local. (AAAA) 5
11-28 15:25:42.447 D/mdns    ( 4397): SendResponses put     24 . OPT Max 1440 Vers 0 Seq   0 MAC 00:00:00:00:00:00 I-MAC 61:38:63:64:32:65
11-28 15:25:42.447 D/mdns    ( 4397): SendResponses: Sending 0 Deregistrations, 12 Announcements, 0 Answers, 6 Additionals on 412BC868
11-28 15:25:42.447 D/mdns    ( 4397): SendResponses: Next in 4096 ticks
11-28 15:25:42.447 D/mdns    ( 4397): SocketDataReady got a packet from 172.16.13.147 to 224.0.0.251 on interface 172.16.13.147/wlan0/7/328
11-28 15:25:42.447 D/mdns    ( 4397): Received Response from 172.16.13.147   addressed to 224.0.0.251     on 412BC868 with  0 Questions, 12 Answers,  0 Authorities,  6 Additionals 690 bytes LLQType 0
11-28 15:25:42.447 D/mdns    ( 4397): Found record size   115 interface 412BC868 already in cache:  115 006d0e03a545@MiniMax._raop._tcp.local. TXT ch=2¦cn=0,1¦da=true¦ek=1¦et=0,1¦md=0,1,2¦pw=false¦sm=false¦sr=44100¦ss=16¦sv=false¦tp=UDP¦txtvers=
11-28 15:25:42.447 D/mdns    ( 4397): Found record size    75 interface 412BC868 already in cache:   75 MiniMax._airplay._tcp.local. TXT deviceid=00:6d:0e:03:a5:45¦features=0x2077¦model=AppleTV2,1¦srcvers=101.28
11-28 15:25:42.447 D/mdns    ( 4397): Found record size    78 interface 412BC868 already in cache:   78 5.4.5.A.3.0.E.F.F.F.E.0.D.6.2.0.0.0.0.0.0.0.0.0.0.0.0.0.0.8.E.F.ip6.arpa. NSEC PTR 
11-28 15:25:42.447 D/mdns    ( 4397): SocketDataReady got a packet from FE80:0000:0000:0000:026D:0EFF:FE03:A545 to FF02:0000:0000:0000:0000:0000:0000:00FB on interface 172.16.13.147/wlan0/7/329
11-28 15:25:42.447 D/mdns    ( 4397): Received Response from FE80:0000:0000:0000:026D:0EFF:FE03:A545 addressed to FF02:0000:0000:0000:0000:0000:0000:00FB on 412BC868 with  0 Questions, 12 Answers,  0 Authorities,  6 Additionals 690 bytes LLQType 0
11-28 15:25:42.447 D/mdns    ( 4397): Found record size   115 interface 412BC868 already in cache:  115 006d0e03a545@MiniMax._raop._tcp.local. TXT ch=2¦cn=0,1¦da=true¦ek=1¦et=0,1¦md=0,1,2¦pw=false¦sm=false¦sr=44100¦ss=16¦sv=false¦tp=UDP¦txtvers=
11-28 15:25:42.447 D/mdns    ( 4397): Found record size    75 interface 412BC868 already in cache:   75 MiniMax._airplay._tcp.local. TXT deviceid=00:6d:0e:03:a5:45¦features=0x2077¦model=AppleTV2,1¦srcvers=101.28
11-28 15:25:42.447 D/mdns    ( 4397): Found record size    78 interface 412BC868 already in cache:   78 5.4.5.A.3.0.E.F.F.F.E.0.D.6.2.0.0.0.0.0.0.0.0.0.0.0.0.0.0.8.E.F.ip6.arpa. NSEC PTR 
11-28 15:25:42.467 D/cocos2d-x debug info(14128): trace_frame: 53.254284
11-28 15:25:42.547 D/mdns    ( 4397): mDNS_Execute
11-28 15:25:42.547 D/mdns    ( 4397): mDNS_Execute: Setting NewLocalRecords to NULL
11-28 15:25:42.547 D/mdns    ( 4397): mDNS_Execute
11-28 15:25:42.547 D/mdns    ( 4397): mDNS_Execute: Setting NewLocalRecords to NULL
11-28 15:25:42.547 D/mdns    ( 4397): SendQueries: _sleep-proxy._udp.local. (PTR) next interval 9 seconds RequestUnicast = 0
11-28 15:25:42.547 D/mdns    ( 4397): SendQueries: Zero current answers for _sleep-proxy._udp.local. (PTR); will reconfirm antecedents
11-28 15:25:42.547 D/mdns    ( 4397): ReconfirmAntecedents (depth=0) for _sleep-proxy._udp.local.
11-28 15:25:42.547 D/mdns    ( 4397): SendQueries: Putting     question for _sleep-proxy._udp.local. (PTR) at 0 forecast total 29
11-28 15:25:42.547 D/mdns    ( 4397): SendQueries putting   24 . OPT Max 1440 Vers 0 Seq   0 MAC 00:00:00:00:00:00 I-MAC 61:38:63:64:32:65
11-28 15:25:42.547 D/mdns    ( 4397): SendQueries:   Sending 1 Question 0 Answers 0 Updates on 412BC868
11-28 15:25:42.547 D/mdns    ( 4397): SocketDataReady got a packet from 172.16.13.147 to 224.0.0.251 on interface 172.16.13.147/wlan0/7/328
11-28 15:25:42.547 D/mdns    ( 4397): Received Query from 172.16.13.147  :5353  to 224.0.0.251    :5353  on 0x412BC868 with  1 Question,   0 Answers,  0 Authorities,  1 Additional  58 bytes
11-28 15:25:42.547 D/mdns    ( 4397): SocketDataReady got a packet from FE80:0000:0000:0000:026D:0EFF:FE03:A545 to FF02:0000:0000:0000:0000:0000:0000:00FB on interface 172.16.13.147/wlan0/7/329
11-28 15:25:42.547 D/mdns    ( 4397): Received Query from FE80:0000:0000:0000:026D:0EFF:FE03:A545:5353  to FF02:0000:0000:0000:0000:0000:0000:00FB:5353  on 0x412BC868 with  1 Question,   0 Answers,  0 Authorities,  1 Additional  58 bytes
11-28 15:25:42.577 D/cocos2d-x debug info(14128): trace_frame: 65.101746
11-28 15:25:42.637 D/cocos2d-x debug info(14128): JS: load screenshot from local success: 2
11-28 15:25:42.647 D/mdns    ( 4397): mDNS_Execute
11-28 15:25:42.647 D/mdns    ( 4397): mDNS_Execute: Setting NewLocalRecords to NULL
11-28 15:25:42.687 D/cocos2d-x debug info(14128): trace_frame: 53.130730
11-28 15:25:42.807 D/cocos2d-x debug info(14128): trace_frame: 60.080162
11-28 15:25:42.907 D/cocos2d-x debug info(14128): trace_frame: 59.997597
11-28 15:25:43.007 D/cocos2d-x debug info(14128): trace_frame: 59.989822
11-28 15:25:43.107 D/cocos2d-x debug info(14128): trace_frame: 59.978409
11-28 15:25:43.207 D/cocos2d-x debug info(14128): trace_frame: 59.997597
11-28 15:25:43.317 D/cocos2d-x debug info(14128): trace_frame: 59.992119
11-28 15:25:43.417 D/launcher_auto(14128): launcher_auto: sendkey back and wait.
11-28 15:25:43.417 D/cocos2d-x debug info(14128): trace_frame: 59.822327
11-28 15:25:43.537 D/cocos2d-x debug info(14128): trace_frame: 60.163818
11-28 15:25:43.637 D/cocos2d-x debug info(14128): trace_frame: 59.030708
11-28 15:25:43.757 D/cocos2d-x debug info(14128): trace_frame: 60.856865
11-28 15:25:43.867 D/cocos2d-x debug info(14128): trace_frame: 60.010628
11-28 15:25:43.967 D/cocos2d-x debug info(14128): trace_frame: 59.982010
11-28 15:25:44.067 D/cocos2d-x debug info(14128): trace_frame: 59.978420
11-28 15:25:44.187 D/cocos2d-x debug info(14128): trace_frame: 60.052330
11-28 15:25:44.197 D/mdns    ( 4397): SocketDataReady got a packet from 172.16.13.187 to 224.0.0.251 on interface 172.16.13.147/wlan0/7/328
11-28 15:25:44.197 D/mdns    ( 4397): Received Response from 172.16.13.187   addressed to 224.0.0.251     on 412BC868 with  0 Questions,  3 Answers,  0 Authorities,  0 Additionals 202 bytes LLQType 0
11-28 15:25:44.307 D/cocos2d-x debug info(14128): trace_frame: 60.005482
11-28 15:25:44.407 D/cocos2d-x debug info(14128): trace_frame: 59.965816
11-28 15:25:44.437 D/cocos2d-x debug info(14128): JS: keyCode : 6
11-28 15:25:44.437 D/cocos2d-x debug info(14128): JS: AppDetailScene onExit
11-28 15:25:44.437 D/cocos2d-x debug info(14128): JS: --------------------------------------------this.unregisterStateHandler this.stateHandlers : [object Object],[object Object]
11-28 15:25:44.447 D/cocos2d-x debug info(14128): JS: appManager.unregisterStateHandler(appDetailLayer.appStateHandler);
11-28 15:25:44.447 D/cocos2d-x debug info(14128): JS: AppStoreMainLayer onEnter
11-28 15:25:44.447 D/cocos2d-x debug info(14128): JS: AppStoreScene onEnter
11-28 15:25:44.447 D/cocos2d-x debug info(14128): cocos2d: TextureCache: removing unused texture: /data/data/tv.fun.launcher/cache/snapshots_1944KF6OGJKSH_海报3.png
11-28 15:25:44.447 D/cocos2d-x debug info(14128): cocos2d: TextureCache: removing unused texture: /data/data/tv.fun.launcher/cache/snapshots_1944KF6OF5510_海报1.png
11-28 15:25:44.457 D/cocos2d-x debug info(14128): cocos2d: TextureCache: removing unused texture: /data/data/tv.fun.launcher/cache/snapshots_1944KF6OG1NI0_海报2.png
11-28 15:25:44.457 D/cocos2d-x debug info(14128): cocos2d: TextureCache: removing unused texture: /cc_2x2_white_image
11-28 15:25:44.517 D/cocos2d-x debug info(14128): trace_frame: 59.886898
11-28 15:25:44.627 D/cocos2d-x debug info(14128): trace_frame: 59.339546
11-28 15:25:44.737 D/cocos2d-x debug info(14128): trace_frame: 60.562538
11-28 15:25:44.857 D/cocos2d-x debug info(14128): trace_frame: 60.122482
11-28 15:25:44.967 D/cocos2d-x debug info(14128): trace_frame: 59.960770
11-28 15:25:45.087 D/cocos2d-x debug info(14128): trace_frame: 60.015274
11-28 15:25:45.207 D/cocos2d-x debug info(14128): trace_frame: 60.048725
11-28 15:25:45.307 D/cocos2d-x debug info(14128): trace_frame: 59.998806
11-28 15:25:45.407 D/cocos2d-x debug info(14128): trace_frame: 59.930481
11-28 15:25:45.427 D/launcher_auto(14128): launcher_auto: sendkey and wait.
11-28 15:25:45.437 D/mdns    ( 4397): SocketDataReady got a packet from 172.16.13.164 to 224.0.0.251 on interface 172.16.13.147/wlan0/7/328
11-28 15:25:45.437 D/mdns    ( 4397): Received Response from 172.16.13.164   addressed to 224.0.0.251     on 412BC868 with  0 Questions,  3 Answers,  0 Authorities,  0 Additionals 290 bytes LLQType 0
11-28 15:25:45.507 D/cocos2d-x debug info(14128): trace_frame: 58.992405
11-28 15:25:45.507 D/dalvikvm(22184): GC_CONCURRENT freed 832K, 24% free 6729K/8824K, paused 2ms+4ms, total 47ms
11-28 15:25:45.617 D/cocos2d-x debug info(14128): trace_frame: 60.908760
11-28 15:25:45.737 D/cocos2d-x debug info(14128): trace_frame: 52.385735
11-28 15:25:45.837 D/cocos2d-x debug info(14128): trace_frame: 68.544792
11-28 15:25:45.937 D/cocos2d-x debug info(14128): JS: keyCode : 157
11-28 15:25:45.937 D/cocos2d-x debug info(14128): JS: right button clicked. lastIndex:3
11-28 15:25:45.937 D/cocos2d-x debug info(14128): JS: right button clicked. currentIndex:4
11-28 15:25:45.947 D/cocos2d-x debug info(14128): trace_frame: 57.070026
11-28 15:25:46.057 D/cocos2d-x debug info(14128): trace_frame: 62.727962
11-28 15:25:46.067 D/mdns    ( 4397): SocketDataReady got a packet from 172.16.13.203 to 224.0.0.251 on interface 172.16.13.147/wlan0/7/328
11-28 15:25:46.067 D/mdns    ( 4397): Received Response from 172.16.13.203   addressed to 224.0.0.251     on 412BC868 with  0 Questions,  1 Answer,   0 Authorities,  0 Additionals 38 bytes LLQType 0
11-28 15:25:46.157 D/cocos2d-x debug info(14128): JS: tableMoveFinished 
11-28 15:25:46.157 D/cocos2d-x debug info(14128): JS: updateAppInfo, cellIndex = 4
11-28 15:25:46.167 D/cocos2d-x debug info(14128): JS: updateAppButtonPosition appButton : [object Object]
11-28 15:25:46.167 D/cocos2d-x debug info(14128): JS: updateAppButtonPosition appButton : [object Object]
11-28 15:25:46.167 D/JniHelper(14128): JniHelper::getJavaVM(), pthread_self() = 1529184920
11-28 15:25:46.167 D/FileUtil(14128): getImageFilePathByUrl, url is http://172.16.12.58:8080/meedo-img/dd798d/eae27d/snapshots_1944KBBL5C7P5_海报1.png
11-28 15:25:46.167 D/FileUtil(14128): getImageFilePathByUrl, fileName is snapshots_1944KBBL5C7P5_海报1.png
11-28 15:25:46.177 D/JniHelper(14128): JniHelper::getJavaVM(), pthread_self() = 1529184920
11-28 15:25:46.177 D/FileUtil(14128): getImageFilePathByUrl, url is http://172.16.12.58:8080/meedo-img/dd798d/eae27d/snapshots_1944KBBL6JR78_海报2.png
11-28 15:25:46.177 D/FileUtil(14128): getImageFilePathByUrl, fileName is snapshots_1944KBBL6JR78_海报2.png
11-28 15:25:46.177 D/JniHelper(14128): JniHelper::getJavaVM(), pthread_self() = 1529184920
11-28 15:25:46.177 D/FileUtil(14128): getImageFilePathByUrl, url is http://172.16.12.58:8080/meedo-img/dd798d/eae27d/snapshots_1944KBBL67DFJ_海报3.png
11-28 15:25:46.177 D/FileUtil(14128): getImageFilePathByUrl, fileName is snapshots_1944KBBL67DFJ_海报3.png
11-28 15:25:46.177 D/cocos2d-x debug info(14128): JS: updateAppButtonState cellIndex : 4
11-28 15:25:46.177 D/cocos2d-x debug info(14128): JS: setAppButtons typeArray : 1,2
11-28 15:25:46.257 D/dalvikvm(14128): GC_FOR_ALLOC freed 933K, 61% free 7365K/18508K, paused 22ms, total 22ms
11-28 15:25:46.287 D/cocos2d-x debug info(14128): trace_frame: 30.758820
11-28 15:25:46.387 D/cocos2d-x debug info(14128): trace_frame: 66.256500
11-28 15:25:46.437 D/launcher_auto(14128): launcher_auto: sendkey and wait.
11-28 15:25:46.447 D/mdns    ( 4397): mDNS_Execute
11-28 15:25:46.447 D/mdns    ( 4397): mDNS_Execute: Setting NewLocalRecords to NULL
11-28 15:25:46.447 D/mdns    ( 4397): Announcing 006d0e03a545@MiniMax._raop._tcp.local. (TXT) 4
11-28 15:25:46.447 D/mdns    ( 4397): Announcing _services._dns-sd._udp.local. (PTR) 4
11-28 15:25:46.447 D/mdns    ( 4397): Announcing _raop._tcp.local. (PTR) 4
11-28 15:25:46.447 D/mdns    ( 4397): Announcing MiniMax._airplay._tcp.local. (TXT) 4
11-28 15:25:46.447 D/mdns    ( 4397): Announcing _services._dns-sd._udp.local. (PTR) 4
11-28 15:25:46.447 D/mdns    ( 4397): Announcing _airplay._tcp.local. (PTR) 4
11-28 15:25:46.447 D/mdns    ( 4397): Announcing 006d0e03a545@MiniMax._raop._tcp.local. (SRV) 4
11-28 15:25:46.447 D/mdns    ( 4397): Announcing MiniMax._airplay._tcp.local. (SRV) 4
11-28 15:25:46.447 D/mdns    ( 4397): Announcing 147.13.16.172.in-addr.arpa. (PTR) 4
11-28 15:25:46.447 D/mdns    ( 4397): Announcing 5.4.5.A.3.0.E.F.F.F.E.0.D.6.2.0.0.0.0.0.0.0.0.0.0.0.0.0.0.8.E.F.ip6.arpa. (PTR) 4
11-28 15:25:46.447 D/mdns    ( 4397): Announcing Android-2.local. (Addr) 4
11-28 15:25:46.447 D/mdns    ( 4397): Announcing Android-2.local. (AAAA) 4
11-28 15:25:46.447 D/mdns    ( 4397): SendResponses put     24 . OPT Max 1440 Vers 0 Seq   0 MAC 00:00:00:00:00:00 I-MAC 61:38:63:64:32:65
11-28 15:25:46.447 D/mdns    ( 4397): SendResponses: Sending 0 Deregistrations, 12 Announcements, 0 Answers, 6 Additionals on 412BC868
11-28 15:25:46.447 D/mdns    ( 4397): SendResponses: Next in 8192 ticks
11-28 15:25:46.447 D/mdns    ( 4397): SocketDataReady got a packet from 172.16.13.147 to 224.0.0.251 on interface 172.16.13.147/wlan0/7/328
11-28 15:25:46.447 D/mdns    ( 4397): Received Response from 172.16.13.147   addressed to 224.0.0.251     on 412BC868 with  0 Questions, 12 Answers,  0 Authorities,  6 Additionals 690 bytes LLQType 0
11-28 15:25:46.447 D/mdns    ( 4397): Found record size   115 interface 412BC868 already in cache:  115 006d0e03a545@MiniMax._raop._tcp.local. TXT ch=2¦cn=0,1¦da=true¦ek=1¦et=0,1¦md=0,1,2¦pw=false¦sm=false¦sr=44100¦ss=16¦sv=false¦tp=UDP¦txtvers=
11-28 15:25:46.447 D/mdns    ( 4397): Found record size    75 interface 412BC868 already in cache:   75 MiniMax._airplay._tcp.local. TXT deviceid=00:6d:0e:03:a5:45¦features=0x2077¦model=AppleTV2,1¦srcvers=101.28
11-28 15:25:46.447 D/mdns    ( 4397): Found record size    78 interface 412BC868 already in cache:   78 5.4.5.A.3.0.E.F.F.F.E.0.D.6.2.0.0.0.0.0.0.0.0.0.0.0.0.0.0.8.E.F.ip6.arpa. NSEC PTR 
11-28 15:25:46.447 D/mdns    ( 4397): SocketDataReady got a packet from FE80:0000:0000:0000:026D:0EFF:FE03:A545 to FF02:0000:0000:0000:0000:0000:0000:00FB on interface 172.16.13.147/wlan0/7/329
11-28 15:25:46.447 D/mdns    ( 4397): Received Response from FE80:0000:0000:0000:026D:0EFF:FE03:A545 addressed to FF02:0000:0000:0000:0000:0000:0000:00FB on 412BC868 with  0 Questions, 12 Answers,  0 Authorities,  6 Additionals 690 bytes LLQType 0
11-28 15:25:46.447 D/mdns    ( 4397): Found record size   115 interface 412BC868 already in cache:  115 006d0e03a545@MiniMax._raop._tcp.local. TXT ch=2¦cn=0,1¦da=true¦ek=1¦et=0,1¦md=0,1,2¦pw=false¦sm=false¦sr=44100¦ss=16¦sv=false¦tp=UDP¦txtvers=
11-28 15:25:46.447 D/mdns    ( 4397): Found record size    75 interface 412BC868 already in cache:   75 MiniMax._airplay._tcp.local. TXT deviceid=00:6d:0e:03:a5:45¦features=0x2077¦model=AppleTV2,1¦srcvers=101.28
11-28 15:25:46.447 D/mdns    ( 4397): Found record size    78 interface 412BC868 already in cache:   78 5.4.5.A.3.0.E.F.F.F.E.0.D.6.2.0.0.0.0.0.0.0.0.0.0.0.0.0.0.8.E.F.ip6.arpa. NSEC PTR 
11-28 15:25:46.487 D/cocos2d-x debug info(14128): trace_frame: 59.991001
11-28 15:25:46.547 D/mdns    ( 4397): mDNS_Execute
11-28 15:25:46.547 D/mdns    ( 4397): mDNS_Execute: Setting NewLocalRecords to NULL
11-28 15:25:46.587 D/cocos2d-x debug info(14128): trace_frame: 59.844406
11-28 15:25:46.657 D/mdns    ( 4397): SocketDataReady got a packet from 172.16.13.187 to 224.0.0.251 on interface 172.16.13.147/wlan0/7/328
11-28 15:25:46.657 D/mdns    ( 4397): Received Response from 172.16.13.187   addressed to 224.0.0.251     on 412BC868 with  0 Questions,  3 Answers,  0 Authorities,  0 Additionals 290 bytes LLQType 0
11-28 15:25:46.707 D/cocos2d-x debug info(14128): trace_frame: 60.133324
11-28 15:25:46.817 D/cocos2d-x debug info(14128): trace_frame: 59.971554
11-28 15:25:46.937 D/cocos2d-x debug info(14128): JS: keyCode : 161
11-28 15:25:46.947 D/cocos2d-x debug info(14128): JS: AppStoreMainLayer onExit
11-28 15:25:46.947 D/cocos2d-x debug info(14128): JS: AppStoreScene onExit
11-28 15:25:46.947 D/cocos2d-x debug info(14128): JS: AppDetail createIconSprite
11-28 15:25:46.947 D/cocos2d-x debug info(14128): JS: AppDetailScene initIcon
11-28 15:25:46.947 D/JniHelper(14128): JniHelper::getJavaVM(), pthread_self() = 1529184920
11-28 15:25:46.957 D/FileUtil(14128): getImageFilePathByUrl, url is http://172.16.12.58:8080/meedo-img/dd798d/eae27d/poster_1944KB87QRJ6O_logo.png
11-28 15:25:46.957 D/FileUtil(14128): getImageFilePathByUrl, fileName is poster_1944KB87QRJ6O_logo.png
11-28 15:25:46.957 D/cocos2d-x debug info(14128): JS: AppDetail createAppNameLabel
11-28 15:25:46.957 D/cocos2d-x debug info(14128): JS: AppDetail createVersionNameLabel
11-28 15:25:46.957 D/JniHelper(14128): JniHelper::getJavaVM(), pthread_self() = 1529184920
11-28 15:25:46.957 D/cocos2d-x debug info(14128): JS: version name from pm: 4.7.5
11-28 15:25:46.977 D/cocos2d-x debug info(14128): JS: createBriefAndUpdateContentLabel
11-28 15:25:46.977 D/JniHelper(14128): JniHelper::getJavaVM(), pthread_self() = 1529184920
11-28 15:25:46.977 D/cocos2d-x debug info(14128): JS: hasNewVersion, localVersion: 205, server code: 205
11-28 15:25:46.997 D/dalvikvm(14128): GC_CONCURRENT freed 840K, 59% free 7612K/18508K, paused 2ms+3ms, total 28ms
11-28 15:25:46.997 D/dalvikvm(14128): WAIT_FOR_CONCURRENT_GC blocked 17ms
11-28 15:25:47.007 D/JniHelper(14128): JniHelper::getJavaVM(), pthread_self() = 1529184920
11-28 15:25:47.007 D/cocos2d-x debug info(14128): JS: hasNewVersion, localVersion: 205, server code: 205
11-28 15:25:47.007 D/cocos2d-x debug info(14128): JS: initState packageName : com.sohu.inputmethod.sogouoem
11-28 15:25:47.007 D/cocos2d-x debug info(14128): JS: initState app : [object Object]
11-28 15:25:47.007 D/cocos2d-x debug info(14128): JS: initState downloadState : 1
11-28 15:25:47.007 D/cocos2d-x debug info(14128): JS: updateButtonsByDownloadState downloadState : 1
11-28 15:25:47.007 D/cocos2d-x debug info(14128): JS: updateButtonsByDownloadState progress : undefined
11-28 15:25:47.007 D/cocos2d-x debug info(14128): JS: newlength: 2, oldlength: 0
11-28 15:25:47.017 D/cocos2d-x debug info(14128): JS: setAppStateBtns : this.installLayoutPoint.x : 568
11-28 15:25:47.017 D/cocos2d-x debug info(14128): JS: setAppStateBtns : this.installLayoutPoint.x : 568
11-28 15:25:47.017 D/cocos2d-x debug info(14128): JS: bts 0: [object Object], type: 1
11-28 15:25:47.017 D/cocos2d-x debug info(14128): JS: setButtonText text : 打开
11-28 15:25:47.017 D/cocos2d-x debug info(14128): cocos2d: fullPathForFilename: No file found at Arial. Possible missing file.
