11-28 15:22:10.787 D/mdns    ( 4397): Announcing _services._dns-sd._udp.local. (PTR) 7
11-28 15:22:10.787 D/mdns    ( 4397): Announcing _airplay._tcp.local. (PTR) 7
11-28 15:22:10.787 D/mdns    ( 4397): Announcing 006d0e03a545@MiniMax._raop._tcp.local. (SRV) 7
11-28 15:22:10.787 D/mdns    ( 4397): Announcing MiniMax._airplay._tcp.local. (SRV) 7
11-28 15:22:10.787 D/mdns    ( 4397): Announcing 147.13.16.172.in-addr.arpa. (PTR) 7
11-28 15:22:10.787 D/mdns    ( 4397): Announcing 5.4.5.A.3.0.E.F.F.F.E.0.D.6.2.0.0.0.0.0.0.0.0.0.0.0.0.0.0.8.E.F.ip6.arpa. (PTR) 7
11-28 15:22:10.787 D/mdns    ( 4397): Announcing Android-2.local. (Addr) 7
11-28 15:22:10.787 D/mdns    ( 4397): Announcing Android-2.local. (AAAA) 7
11-28 15:22:10.787 D/mdns    ( 4397): SendResponses put     24 . OPT Max 1440 Vers 0 Seq   0 MAC 00:00:00:00:00:00 I-MAC 2D:32:05:6C:6F:63
11-28 15:22:10.787 D/mdns    ( 4397): SendResponses: Sending 0 Deregistrations, 12 Announcements, 0 Answers, 6 Additionals on 412B9F90
11-28 15:22:10.787 D/mdns    ( 4397): SendResponses: Next in 1024 ticks
11-28 15:22:10.787 D/mdns    ( 4397): mDNS_Execute
11-28 15:22:10.787 D/mdns    ( 4397): mDNS_Execute: Delivering Add event with LocalAuthRecord    4 Android-2.local. Addr 172.16.13.147
11-28 15:22:10.787 D/mdns    ( 4397): mDNS_Execute: Delivering Add event with LocalAuthRecord   16 Android-2.local. AAAA FE80:0000:0000:0000:026D:0EFF:FE03:A545
11-28 15:22:10.787 D/mdns    ( 4397): mDNS_Execute: Setting NewLocalRecords to NULL
11-28 15:22:10.787 D/mdns    ( 4397): SocketDataReady got a packet from 172.16.13.147 to 224.0.0.251 on interface 172.16.13.147/wlan0/7/300
11-28 15:22:10.787 D/mdns    ( 4397): Received Response from 172.16.13.147   addressed to 224.0.0.251     on 412B9F90 with  0 Questions, 12 Answers,  0 Authorities,  6 Additionals 690 bytes LLQType 0
11-28 15:22:10.787 D/mdns    ( 4397): SocketDataReady got a packet from FE80:0000:0000:0000:026D:0EFF:FE03:A545 to FF02:0000:0000:0000:0000:0000:0000:00FB on interface 172.16.13.147/wlan0/7/301
11-28 15:22:10.787 D/mdns    ( 4397): Received Response from FE80:0000:0000:0000:026D:0EFF:FE03:A545 addressed to FF02:0000:0000:0000:0000:0000:0000:00FB on 412B9F90 with  0 Questions, 12 Answers,  0 Authorities,  6 Additionals 690 bytes LLQType 0
11-28 15:22:10.787 D/mdns    ( 4397): Found record size   115 interface 412B9F90 already in cache:  115 006d0e03a545@MiniMax._raop._tcp.local. TXT ch=2¦cn=0,1¦da=true¦ek=1¦et=0,1¦md=0,1,2¦pw=false¦sm=false¦sr=44100¦ss=16¦sv=false¦tp=UDP¦txtvers=
11-28 15:22:10.787 D/mdns    ( 4397): Found record size    75 interface 412B9F90 already in cache:   75 MiniMax._airplay._tcp.local. TXT deviceid=00:6d:0e:03:a5:45¦features=0x2077¦model=AppleTV2,1¦srcvers=101.28
11-28 15:22:10.787 D/mdns    ( 4397): Found record size    78 interface 412B9F90 already in cache:   78 5.4.5.A.3.0.E.F.F.F.E.0.D.6.2.0.0.0.0.0.0.0.0.0.0.0.0.0.0.8.E.F.ip6.arpa. NSEC PTR 
11-28 15:22:10.827 D/cocos2d-x debug info(14128): trace_frame: 59.393597
11-28 15:22:10.887 D/mdns    ( 4397): mDNS_Execute
11-28 15:22:10.887 D/mdns    ( 4397): mDNS_Execute: Setting NewLocalRecords to NULL
11-28 15:22:10.917 D/dalvikvm(22184): GC_CONCURRENT freed 767K, 22% free 6717K/8544K, paused 2ms+5ms, total 55ms
11-28 15:22:10.937 D/cocos2d-x debug info(14128): trace_frame: 60.399498
11-28 15:22:11.057 D/cocos2d-x debug info(14128): trace_frame: 60.207802
11-28 15:22:11.157 D/launcher_auto(14128): launcher_auto: sendkey and wait.
11-28 15:22:11.157 D/cocos2d-x debug info(14128): trace_frame: 59.946648
11-28 15:22:11.267 D/cocos2d-x debug info(14128): trace_frame: 60.028641
11-28 15:22:11.367 D/cocos2d-x debug info(14128): trace_frame: 59.986202
11-28 15:22:11.467 D/cocos2d-x debug info(14128): trace_frame: 59.905350
11-28 15:22:11.587 D/cocos2d-x debug info(14128): trace_frame: 60.088413
11-28 15:22:11.667 D/cocos2d-x debug info(14128): JS: HomeMainScene Key down:157
11-28 15:22:11.667 D/cocos2d-x debug info(14128): JS: right button clicked. lastIndex:13
11-28 15:22:11.677 D/cocos2d-x debug info(14128): JS: right button clicked. currentIndex:14
11-28 15:22:11.677 D/cocos2d-x debug info(14128): JS:  HomeMainScene Key up:157
11-28 15:22:11.687 D/cocos2d-x debug info(14128): trace_frame: 59.905350
11-28 15:22:11.787 D/mdns    ( 4397): mDNS_Execute
11-28 15:22:11.787 D/mdns    ( 4397): mDNS_Execute: Setting NewLocalRecords to NULL
11-28 15:22:11.787 D/mdns    ( 4397): Announcing 006d0e03a545@MiniMax._raop._tcp.local. (TXT) 6
11-28 15:22:11.787 D/mdns    ( 4397): Announcing _services._dns-sd._udp.local. (PTR) 6
11-28 15:22:11.787 D/mdns    ( 4397): Announcing _raop._tcp.local. (PTR) 6
11-28 15:22:11.787 D/mdns    ( 4397): Announcing MiniMax._airplay._tcp.local. (TXT) 6
11-28 15:22:11.787 D/mdns    ( 4397): Announcing _services._dns-sd._udp.local. (PTR) 6
11-28 15:22:11.787 D/mdns    ( 4397): Announcing _airplay._tcp.local. (PTR) 6
11-28 15:22:11.787 D/mdns    ( 4397): Announcing 006d0e03a545@MiniMax._raop._tcp.local. (SRV) 6
11-28 15:22:11.787 D/mdns    ( 4397): Announcing MiniMax._airplay._tcp.local. (SRV) 6
11-28 15:22:11.787 D/mdns    ( 4397): Announcing 147.13.16.172.in-addr.arpa. (PTR) 6
11-28 15:22:11.787 D/mdns    ( 4397): Announcing 5.4.5.A.3.0.E.F.F.F.E.0.D.6.2.0.0.0.0.0.0.0.0.0.0.0.0.0.0.8.E.F.ip6.arpa. (PTR) 6
11-28 15:22:11.787 D/mdns    ( 4397): Announcing Android-2.local. (Addr) 6
11-28 15:22:11.787 D/mdns    ( 4397): Announcing Android-2.local. (AAAA) 6
11-28 15:22:11.787 D/mdns    ( 4397): SendResponses put     24 . OPT Max 1440 Vers 0 Seq   0 MAC 00:00:00:00:00:00 I-MAC 2D:32:05:6C:6F:63
11-28 15:22:11.787 D/mdns    ( 4397): SendResponses: Sending 0 Deregistrations, 12 Announcements, 0 Answers, 6 Additionals on 412B9F90
11-28 15:22:11.787 D/mdns    ( 4397): SendResponses: Next in 2048 ticks
11-28 15:22:11.787 D/mdns    ( 4397): SocketDataReady got a packet from 172.16.13.147 to 224.0.0.251 on interface 172.16.13.147/wlan0/7/300
11-28 15:22:11.787 D/mdns    ( 4397): Received Response from 172.16.13.147   addressed to 224.0.0.251     on 412B9F90 with  0 Questions, 12 Answers,  0 Authorities,  6 Additionals 690 bytes LLQType 0
11-28 15:22:11.787 D/mdns    ( 4397): Found record size   115 interface 412B9F90 already in cache:  115 006d0e03a545@MiniMax._raop._tcp.local. TXT ch=2¦cn=0,1¦da=true¦ek=1¦et=0,1¦md=0,1,2¦pw=false¦sm=false¦sr=44100¦ss=16¦sv=false¦tp=UDP¦txtvers=
11-28 15:22:11.787 D/mdns    ( 4397): Found record size    75 interface 412B9F90 already in cache:   75 MiniMax._airplay._tcp.local. TXT deviceid=00:6d:0e:03:a5:45¦features=0x2077¦model=AppleTV2,1¦srcvers=101.28
11-28 15:22:11.787 D/mdns    ( 4397): Found record size    78 interface 412B9F90 already in cache:   78 5.4.5.A.3.0.E.F.F.F.E.0.D.6.2.0.0.0.0.0.0.0.0.0.0.0.0.0.0.8.E.F.ip6.arpa. NSEC PTR 
11-28 15:22:11.787 D/mdns    ( 4397): SocketDataReady got a packet from FE80:0000:0000:0000:026D:0EFF:FE03:A545 to FF02:0000:0000:0000:0000:0000:0000:00FB on interface 172.16.13.147/wlan0/7/301
11-28 15:22:11.787 D/mdns    ( 4397): Received Response from FE80:0000:0000:0000:026D:0EFF:FE03:A545 addressed to FF02:0000:0000:0000:0000:0000:0000:00FB on 412B9F90 with  0 Questions, 12 Answers,  0 Authorities,  6 Additionals 690 bytes LLQType 0
11-28 15:22:11.787 D/mdns    ( 4397): Found record size   115 interface 412B9F90 already in cache:  115 006d0e03a545@MiniMax._raop._tcp.local. TXT ch=2¦cn=0,1¦da=true¦ek=1¦et=0,1¦md=0,1,2¦pw=false¦sm=false¦sr=44100¦ss=16¦sv=false¦tp=UDP¦txtvers=
11-28 15:22:11.787 D/mdns    ( 4397): Found record size    75 interface 412B9F90 already in cache:   75 MiniMax._airplay._tcp.local. TXT deviceid=00:6d:0e:03:a5:45¦features=0x2077¦model=AppleTV2,1¦srcvers=101.28
11-28 15:22:11.787 D/mdns    ( 4397): Found record size    78 interface 412B9F90 already in cache:   78 5.4.5.A.3.0.E.F.F.F.E.0.D.6.2.0.0.0.0.0.0.0.0.0.0.0.0.0.0.8.E.F.ip6.arpa. NSEC PTR 
11-28 15:22:11.797 D/cocos2d-x debug info(14128): trace_frame: 56.443497
11-28 15:22:11.887 D/mdns    ( 4397): mDNS_Execute
11-28 15:22:11.887 D/mdns    ( 4397): mDNS_Execute: Setting NewLocalRecords to NULL
11-28 15:22:11.907 D/cocos2d-x debug info(14128): trace_frame: 63.470192
11-28 15:22:12.017 D/cocos2d-x debug info(14128): trace_frame: 60.052338
11-28 15:22:12.127 D/cocos2d-x debug info(14128): trace_frame: 59.565174
11-28 15:22:12.137 D/dalvikvm(22184): GC_CONCURRENT freed 852K, 22% free 6682K/8544K, paused 3ms+3ms, total 46ms
11-28 15:22:12.157 D/launcher_auto(14128): launcher_auto: sendkey and wait.
11-28 15:22:12.237 D/cocos2d-x debug info(14128): trace_frame: 60.216614
11-28 15:22:12.357 D/cocos2d-x debug info(14128): trace_frame: 60.172607
11-28 15:22:12.457 D/cocos2d-x debug info(14128): trace_frame: 59.935268
11-28 15:22:12.567 D/cocos2d-x debug info(14128): trace_frame: 60.058514
11-28 15:22:12.667 D/cocos2d-x debug info(14128): JS: HomeMainScene Key down:157
11-28 15:22:12.667 D/cocos2d-x debug info(14128): JS: right button clicked. lastIndex:14
11-28 15:22:12.677 D/cocos2d-x debug info(14128): JS: turnPage: toRight true
11-28 15:22:12.677 D/cocos2d-x debug info(14128): JS: jumpFocus0
11-28 15:22:12.677 D/cocos2d-x debug info(14128): JS: toXPosition138y-16
11-28 15:22:12.677 D/cocos2d-x debug info(14128): JS: right button clicked. currentIndex:15
11-28 15:22:12.677 D/cocos2d-x debug info(14128): JS:  HomeMainScene Key up:157
11-28 15:22:12.677 D/cocos2d-x debug info(14128): trace_frame: 56.126694
11-28 15:22:12.757 D/cocos2d-x debug info(14128): JS: launcherAppAdapter updateData cell15
11-28 15:22:12.757 D/cocos2d-x debug info(14128): JS: launcherAppAdapter fillData cell15
11-28 15:22:12.757 D/cocos2d-x debug info(14128): JS: this.mData.length4315
11-28 15:22:12.757 D/cocos2d-x debug info(14128): JS: local app:com.sohutv.tv
11-28 15:22:12.757 D/JniHelper(14128): JniHelper::getJavaVM(), pthread_self() = 1529184920
11-28 15:22:12.767 D/FileUtil(14128): getImageFilePathByUrl, url is /data/data/tv.fun.launcher/files/com.sohutv.tv
11-28 15:22:12.767 D/FileUtil(14128): getImageFilePathByUrl, fileName is com.sohutv.tv
11-28 15:22:12.767 D/cocos2d-x debug info(14128): JS: no Icon cache for com.sohutv.tv
11-28 15:22:12.767 D/JniHelper(14128): JniHelper::getJavaVM(), pthread_self() = 1529184920
11-28 15:22:12.767 D/LoadIconAsyncTask(14128): start load pkgName is com.sohutv.tv
11-28 15:22:12.767 D/cocos2d-x debug info(14128): JS: local app: appIcon begin4
11-28 15:22:12.767 D/LoadIconAsyncTask(14128): com.sohutv.tv load result is true
11-28 15:22:12.767 D/JniHelper(14128): JniHelper::getJavaVM(), pthread_self() = 1529184920
11-28 15:22:12.787 D/AppStoreManager(14128): javaCallJs.run()------------------------------------------------
11-28 15:22:12.787 D/AppStoreManager(14128): callbackStr : launcher.eventCenter.onImageLoaded({"url":"\/data\/data\/tv.fun.launcher\/files\/com.sohutv.tv"})
11-28 15:22:12.787 D/cocos2d-x debug info(14128): JS: launcher.eventCenter.onImageLoaded
11-28 15:22:12.787 D/cocos2d-x debug info(14128): JS: onImageLoaded url:/data/data/tv.fun.launcher/files/com.sohutv.tv
11-28 15:22:12.787 D/JniHelper(14128): JniHelper::getJavaVM(), pthread_self() = 1529184920
11-28 15:22:12.797 D/FileUtil(14128): getImageFilePathByUrl, url is /data/data/tv.fun.launcher/files/com.sohutv.tv
11-28 15:22:12.797 D/FileUtil(14128): getImageFilePathByUrl, fileName is com.sohutv.tv
11-28 15:22:12.797 D/cocos2d-x debug info(14128): JS: onLoadImage end
11-28 15:22:12.797 D/cocos2d-x debug info(14128): trace_frame: 50.896626
11-28 15:22:12.807 D/cocos2d-x debug info(14128): JS: launcherAppAdapter updateData cell16
11-28 15:22:12.807 D/cocos2d-x debug info(14128): JS: launcherAppAdapter fillData cell16
11-28 15:22:12.807 D/cocos2d-x debug info(14128): JS: this.mData.length4316
11-28 15:22:12.807 D/cocos2d-x debug info(14128): JS: local app:com.pplive.androidpad
11-28 15:22:12.807 D/JniHelper(14128): JniHelper::getJavaVM(), pthread_self() = 1529184920
11-28 15:22:12.807 D/FileUtil(14128): getImageFilePathByUrl, url is /data/data/tv.fun.launcher/files/com.pplive.androidpad
11-28 15:22:12.807 D/FileUtil(14128): getImageFilePathByUrl, fileName is com.pplive.androidpad
11-28 15:22:12.817 D/cocos2d-x debug info(14128): JS: no Icon cache for com.pplive.androidpad
11-28 15:22:12.817 D/JniHelper(14128): JniHelper::getJavaVM(), pthread_self() = 1529184920
11-28 15:22:12.817 D/LoadIconAsyncTask(14128): start load pkgName is com.pplive.androidpad
11-28 15:22:12.817 D/cocos2d-x debug info(14128): JS: local app: appIcon begin4
11-28 15:22:12.817 D/JniHelper(14128): JniHelper::getJavaVM(), pthread_self() = 1529184920
11-28 15:22:12.817 D/LoadIconAsyncTask(14128): com.pplive.androidpad load result is true
11-28 15:22:12.827 D/AppStoreManager(14128): javaCallJs.run()------------------------------------------------
11-28 15:22:12.827 D/AppStoreManager(14128): callbackStr : launcher.eventCenter.onImageLoaded({"url":"\/data\/data\/tv.fun.launcher\/files\/com.pplive.androidpad"})
11-28 15:22:12.837 D/cocos2d-x debug info(14128): JS: launcher.eventCenter.onImageLoaded
11-28 15:22:12.837 D/cocos2d-x debug info(14128): JS: onImageLoaded url:/data/data/tv.fun.launcher/files/com.pplive.androidpad
11-28 15:22:12.837 D/JniHelper(14128): JniHelper::getJavaVM(), pthread_self() = 1529184920
11-28 15:22:12.837 D/FileUtil(14128): getImageFilePathByUrl, url is /data/data/tv.fun.launcher/files/com.pplive.androidpad
11-28 15:22:12.837 D/FileUtil(14128): getImageFilePathByUrl, fileName is com.pplive.androidpad
11-28 15:22:12.837 D/cocos2d-x debug info(14128): JS: onLoadImage end
11-28 15:22:12.887 D/cocos2d-x debug info(14128): JS: launcherAppAdapter updateData cell17
11-28 15:22:12.887 D/cocos2d-x debug info(14128): JS: launcherAppAdapter fillData cell17
11-28 15:22:12.887 D/cocos2d-x debug info(14128): JS: this.mData.length4317
11-28 15:22:12.887 D/cocos2d-x debug info(14128): JS: local app:com.trans.bloxorz
11-28 15:22:12.897 D/JniHelper(14128): JniHelper::getJavaVM(), pthread_self() = 1529184920
11-28 15:22:12.897 D/FileUtil(14128): getImageFilePathByUrl, url is /data/data/tv.fun.launcher/files/com.trans.bloxorz
11-28 15:22:12.897 D/FileUtil(14128): getImageFilePathByUrl, fileName is com.trans.bloxorz
11-28 15:22:12.897 D/cocos2d-x debug info(14128): JS: no Icon cache for com.trans.bloxorz
11-28 15:22:12.897 D/JniHelper(14128): JniHelper::getJavaVM(), pthread_self() = 1529184920
11-28 15:22:12.897 D/LoadIconAsyncTask(14128): start load pkgName is com.trans.bloxorz
11-28 15:22:12.897 D/LoadIconAsyncTask(14128): com.trans.bloxorz load result is true
11-28 15:22:12.897 D/cocos2d-x debug info(14128): JS: local app: appIcon begin4
11-28 15:22:12.897 D/JniHelper(14128): JniHelper::getJavaVM(), pthread_self() = 1529184920
11-28 15:22:12.917 D/AppStoreManager(14128): javaCallJs.run()------------------------------------------------
11-28 15:22:12.917 D/AppStoreManager(14128): callbackStr : launcher.eventCenter.onImageLoaded({"url":"\/data\/data\/tv.fun.launcher\/files\/com.trans.bloxorz"})
11-28 15:22:12.917 D/cocos2d-x debug info(14128): JS: launcher.eventCenter.onImageLoaded
11-28 15:22:12.917 D/cocos2d-x debug info(14128): JS: onImageLoaded url:/data/data/tv.fun.launcher/files/com.trans.bloxorz
11-28 15:22:12.917 D/JniHelper(14128): JniHelper::getJavaVM(), pthread_self() = 1529184920
11-28 15:22:12.917 D/FileUtil(14128): getImageFilePathByUrl, url is /data/data/tv.fun.launcher/files/com.trans.bloxorz
11-28 15:22:12.917 D/FileUtil(14128): getImageFilePathByUrl, fileName is com.trans.bloxorz
11-28 15:22:12.917 D/cocos2d-x debug info(14128): JS: onLoadImage end
11-28 15:22:12.927 D/cocos2d-x debug info(14128): trace_frame: 63.393955
11-28 15:22:12.967 D/cocos2d-x debug info(14128): JS: launcherAppAdapter updateData cell18
11-28 15:22:12.967 D/cocos2d-x debug info(14128): JS: launcherAppAdapter fillData cell18
11-28 15:22:12.977 D/cocos2d-x debug info(14128): JS: this.mData.length4318
11-28 15:22:12.977 D/cocos2d-x debug info(14128): JS: local app:net.osaris.turbofly
11-28 15:22:12.977 D/JniHelper(14128): JniHelper::getJavaVM(), pthread_self() = 1529184920
11-28 15:22:12.977 D/FileUtil(14128): getImageFilePathByUrl, url is /data/data/tv.fun.launcher/files/net.osaris.turbofly
11-28 15:22:12.977 D/FileUtil(14128): getImageFilePathByUrl, fileName is net.osaris.turbofly
11-28 15:22:12.977 D/cocos2d-x debug info(14128): JS: no Icon cache for net.osaris.turbofly
11-28 15:22:12.977 D/JniHelper(14128): JniHelper::getJavaVM(), pthread_self() = 1529184920
11-28 15:22:12.977 D/LoadIconAsyncTask(14128): start load pkgName is net.osaris.turbofly
11-28 15:22:12.977 D/cocos2d-x debug info(14128): JS: local app: appIcon begin4
11-28 15:22:12.977 D/JniHelper(14128): JniHelper::getJavaVM(), pthread_self() = 1529184920
11-28 15:22:12.977 D/LoadIconAsyncTask(14128): net.osaris.turbofly load result is true
11-28 15:22:12.997 D/AppStoreManager(14128): javaCallJs.run()------------------------------------------------
11-28 15:22:12.997 D/AppStoreManager(14128): callbackStr : launcher.eventCenter.onImageLoaded({"url":"\/data\/data\/tv.fun.launcher\/files\/net.osaris.turbofly"})
11-28 15:22:12.997 D/cocos2d-x debug info(14128): JS: launcher.eventCenter.onImageLoaded
11-28 15:22:12.997 D/cocos2d-x debug info(14128): JS: onImageLoaded url:/data/data/tv.fun.launcher/files/net.osaris.turbofly
11-28 15:22:12.997 D/JniHelper(14128): JniHelper::getJavaVM(), pthread_self() = 1529184920
11-28 15:22:12.997 D/FileUtil(14128): getImageFilePathByUrl, url is /data/data/tv.fun.launcher/files/net.osaris.turbofly
11-28 15:22:12.997 D/FileUtil(14128): getImageFilePathByUrl, fileName is net.osaris.turbofly
11-28 15:22:12.997 D/cocos2d-x debug info(14128): JS: onLoadImage end
11-28 15:22:13.037 D/cocos2d-x debug info(14128): trace_frame: 69.115051
11-28 15:22:13.137 D/cocos2d-x debug info(14128): JS: launcherAppAdapter updateData cell19
11-28 15:22:13.137 D/cocos2d-x debug info(14128): JS: launcherAppAdapter fillData cell19
11-28 15:22:13.137 D/cocos2d-x debug info(14128): JS: this.mData.length4319
11-28 15:22:13.137 D/JniHelper(14128): JniHelper::getJavaVM(), pthread_self() = 1529184920
11-28 15:22:13.147 D/FileUtil(14128): getImageFilePathByUrl, url is http://172.16.12.58:8080/meedo-img/351587/d78382/poster_1944K3CHVTDV2_波克斗地主.png
11-28 15:22:13.147 D/FileUtil(14128): getImageFilePathByUrl, fileName is poster_1944K3CHVTDV2_波克斗地主.png
11-28 15:22:13.147 D/JniHelper(14128): JniHelper::getJavaVM(), pthread_self() = 1529184920
11-28 15:22:13.157 D/cocos2d-x debug info(14128): trace_frame: 59.978401
11-28 15:22:13.167 D/launcher_auto(14128): launcher_auto: sendkey and wait.
11-28 15:22:13.227 D/cocos2d-x debug info(14128): JS: LRUCache, set item key is /data/data/tv.fun.launcher/cache/poster_1944K3CHVTDV2_波克斗地主.png, value is undefined
11-28 15:22:13.227 D/cocos2d-x debug info(14128): JS: LRUCache, set item current size is 5
11-28 15:22:13.237 D/cocos2d-x debug info(14128): trace_frame: 59.960426
11-28 15:22:13.357 D/cocos2d-x debug info(14128): trace_frame: 60.085842
11-28 15:22:13.457 D/cocos2d-x debug info(14128): trace_frame: 59.970013
11-28 15:22:13.457 D/mdns    ( 4397): SocketDataReady got a packet from 172.16.13.34 to 224.0.0.251 on interface 172.16.13.147/wlan0/7/300
11-28 15:22:13.467 D/mdns    ( 4397): Received Response from 172.16.13.34    addressed to 224.0.0.251     on 412B9F90 with  0 Questions,  3 Answers,  0 Authorities,  0 Additionals 275 bytes LLQType 0
11-28 15:22:13.567 D/cocos2d-x debug info(14128): trace_frame: 60.012691
11-28 15:22:13.667 D/cocos2d-x debug info(14128): JS: HomeMainScene Key down:157
11-28 15:22:13.667 D/cocos2d-x debug info(14128): JS: right button clicked. lastIndex:15
11-28 15:22:13.677 D/cocos2d-x debug info(14128): JS: right button clicked. currentIndex:16
11-28 15:22:13.677 D/cocos2d-x debug info(14128): JS:  HomeMainScene Key up:157
11-28 15:22:13.677 D/cocos2d-x debug info(14128): trace_frame: 57.107502
11-28 15:22:13.787 D/mdns    ( 4397): mDNS_Execute
11-28 15:22:13.787 D/mdns    ( 4397): mDNS_Execute: Setting NewLocalRecords to NULL
11-28 15:22:13.787 D/mdns    ( 4397): Announcing 006d0e03a545@MiniMax._raop._tcp.local. (TXT) 5
11-28 15:22:13.787 D/mdns    ( 4397): Announcing _services._dns-sd._udp.local. (PTR) 5
11-28 15:22:13.787 D/mdns    ( 4397): Announcing _raop._tcp.local. (PTR) 5
11-28 15:22:13.787 D/mdns    ( 4397): Announcing MiniMax._airplay._tcp.local. (TXT) 5
11-28 15:22:13.787 D/mdns    ( 4397): Announcing _services._dns-sd._udp.local. (PTR) 5
11-28 15:22:13.787 D/mdns    ( 4397): Announcing _airplay._tcp.local. (PTR) 5
11-28 15:22:13.787 D/mdns    ( 4397): Announcing 006d0e03a545@MiniMax._raop._tcp.local. (SRV) 5
11-28 15:22:13.787 D/mdns    ( 4397): Announcing MiniMax._airplay._tcp.local. (SRV) 5
11-28 15:22:13.787 D/mdns    ( 4397): Announcing 147.13.16.172.in-addr.arpa. (PTR) 5
11-28 15:22:13.787 D/mdns    ( 4397): Announcing 5.4.5.A.3.0.E.F.F.F.E.0.D.6.2.0.0.0.0.0.0.0.0.0.0.0.0.0.0.8.E.F.ip6.arpa. (PTR) 5
11-28 15:22:13.787 D/mdns    ( 4397): Announcing Android-2.local. (Addr) 5
11-28 15:22:13.787 D/mdns    ( 4397): Announcing Android-2.local. (AAAA) 5
11-28 15:22:13.787 D/mdns    ( 4397): SendResponses put     24 . OPT Max 1440 Vers 0 Seq   0 MAC 00:00:00:00:00:00 I-MAC 2D:32:05:6C:6F:63
11-28 15:22:13.787 D/mdns    ( 4397): SendResponses: Sending 0 Deregistrations, 12 Announcements, 0 Answers, 6 Additionals on 412B9F90
11-28 15:22:13.787 D/mdns    ( 4397): SendResponses: Next in 4096 ticks
11-28 15:22:13.787 D/mdns    ( 4397): SocketDataReady got a packet from 172.16.13.147 to 224.0.0.251 on interface 172.16.13.147/wlan0/7/300
11-28 15:22:13.787 D/mdns    ( 4397): Received Response from 172.16.13.147   addressed to 224.0.0.251     on 412B9F90 with  0 Questions, 12 Answers,  0 Authorities,  6 Additionals 690 bytes LLQType 0
11-28 15:22:13.787 D/mdns    ( 4397): Found record size   115 interface 412B9F90 already in cache:  115 006d0e03a545@MiniMax._raop._tcp.local. TXT ch=2¦cn=0,1¦da=true¦ek=1¦et=0,1¦md=0,1,2¦pw=false¦sm=false¦sr=44100¦ss=16¦sv=false¦tp=UDP¦txtvers=
11-28 15:22:13.787 D/mdns    ( 4397): Found record size    75 interface 412B9F90 already in cache:   75 MiniMax._airplay._tcp.local. TXT deviceid=00:6d:0e:03:a5:45¦features=0x2077¦model=AppleTV2,1¦srcvers=101.28
11-28 15:22:13.787 D/mdns    ( 4397): Found record size    78 interface 412B9F90 already in cache:   78 5.4.5.A.3.0.E.F.F.F.E.0.D.6.2.0.0.0.0.0.0.0.0.0.0.0.0.0.0.8.E.F.ip6.arpa. NSEC PTR 
11-28 15:22:13.787 D/mdns    ( 4397): SocketDataReady got a packet from FE80:0000:0000:0000:026D:0EFF:FE03:A545 to FF02:0000:0000:0000:0000:0000:0000:00FB on interface 172.16.13.147/wlan0/7/301
11-28 15:22:13.787 D/mdns    ( 4397): Received Response from FE80:0000:0000:0000:026D:0EFF:FE03:A545 addressed to FF02:0000:0000:0000:0000:0000:0000:00FB on 412B9F90 with  0 Questions, 12 Answers,  0 Authorities,  6 Additionals 690 bytes LLQType 0
11-28 15:22:13.787 D/mdns    ( 4397): Found record size   115 interface 412B9F90 already in cache:  115 006d0e03a545@MiniMax._raop._tcp.local. TXT ch=2¦cn=0,1¦da=true¦ek=1¦et=0,1¦md=0,1,2¦pw=false¦sm=false¦sr=44100¦ss=16¦sv=false¦tp=UDP¦txtvers=
11-28 15:22:13.787 D/mdns    ( 4397): Found record size    75 interface 412B9F90 already in cache:   75 MiniMax._airplay._tcp.local. TXT deviceid=00:6d:0e:03:a5:45¦features=0x2077¦model=AppleTV2,1¦srcvers=101.28
11-28 15:22:13.787 D/mdns    ( 4397): Found record size    78 interface 412B9F90 already in cache:   78 5.4.5.A.3.0.E.F.F.F.E.0.D.6.2.0.0.0.0.0.0.0.0.0.0.0.0.0.0.8.E.F.ip6.arpa. NSEC PTR 
11-28 15:22:13.797 D/cocos2d-x debug info(14128): trace_frame: 59.355232
11-28 15:22:13.887 D/mdns    ( 4397): mDNS_Execute
11-28 15:22:13.887 D/mdns    ( 4397): mDNS_Execute: Setting NewLocalRecords to NULL
11-28 15:22:13.907 D/cocos2d-x debug info(14128): trace_frame: 63.421310
11-28 15:22:14.017 D/cocos2d-x debug info(14128): trace_frame: 60.022972
11-28 15:22:14.137 D/cocos2d-x debug info(14128): trace_frame: 59.957172
11-28 15:22:14.167 D/launcher_auto(14128): launcher_auto: sendkey and wait.
11-28 15:22:14.257 D/cocos2d-x debug info(14128): trace_frame: 60.026585
11-28 15:22:14.367 D/cocos2d-x debug info(14128): trace_frame: 60.009602
11-28 15:22:14.467 D/cocos2d-x debug info(14128): trace_frame: 59.962826
11-28 15:22:14.587 D/cocos2d-x debug info(14128): trace_frame: 60.028641
11-28 15:22:14.667 D/cocos2d-x debug info(14128): JS: HomeMainScene Key down:157
11-28 15:22:14.667 D/cocos2d-x debug info(14128): JS: right button clicked. lastIndex:16
11-28 15:22:14.677 D/cocos2d-x debug info(14128): JS: right button clicked. currentIndex:17
11-28 15:22:14.677 D/cocos2d-x debug info(14128): JS:  HomeMainScene Key up:157
11-28 15:22:14.687 D/cocos2d-x debug info(14128): trace_frame: 59.917313
11-28 15:22:14.807 D/cocos2d-x debug info(14128): trace_frame: 59.638424
11-28 15:22:14.917 D/cocos2d-x debug info(14128): trace_frame: 60.438614
11-28 15:22:15.017 D/cocos2d-x debug info(14128): trace_frame: 59.959843
11-28 15:22:15.137 D/cocos2d-x debug info(14128): trace_frame: 60.046665
11-28 15:22:15.167 D/launcher_auto(14128): launcher_auto: sendkey and wait.
11-28 15:22:15.257 D/cocos2d-x debug info(14128): trace_frame: 60.006516
11-28 15:22:15.357 D/cocos2d-x debug info(14128): trace_frame: 59.984406
11-28 15:22:15.457 D/cocos2d-x debug info(14128): trace_frame: 59.920303
11-28 15:22:15.567 D/cocos2d-x debug info(14128): trace_frame: 60.002403
11-28 15:22:15.667 D/cocos2d-x debug info(14128): trace_frame: 59.984406
11-28 15:22:15.687 D/cocos2d-x debug info(14128): JS: HomeMainScene Key down:157
11-28 15:22:15.687 D/cocos2d-x debug info(14128): JS: right button clicked. lastIndex:17
11-28 15:22:15.687 D/cocos2d-x debug info(14128): JS: right button clicked. currentIndex:18
11-28 15:22:15.687 D/cocos2d-x debug info(14128): JS:  HomeMainScene Key up:157
11-28 15:22:15.767 D/cocos2d-x debug info(14128): trace_frame: 59.928085
11-28 15:22:15.887 D/cocos2d-x debug info(14128): trace_frame: 60.141079
11-28 15:22:15.987 D/cocos2d-x debug info(14128): trace_frame: 59.966404
11-28 15:22:16.107 D/cocos2d-x debug info(14128): trace_frame: 60.037910
11-28 15:22:16.177 D/launcher_auto(14128): launcher_auto: sendkey and wait.
11-28 15:22:16.207 D/cocos2d-x debug info(14128): trace_frame: 59.942459
11-28 15:22:16.317 D/cocos2d-x debug info(14128): trace_frame: 60.067276
11-28 15:22:16.417 D/cocos2d-x debug info(14128): trace_frame: 59.977215
11-28 15:22:16.517 D/cocos2d-x debug info(14128): trace_frame: 59.981407
11-28 15:22:16.637 D/cocos2d-x debug info(14128): trace_frame: 60.016289
11-28 15:22:16.687 D/cocos2d-x debug info(14128): JS: HomeMainScene Key down:157
11-28 15:22:16.687 D/cocos2d-x debug info(14128): JS: right button clicked. lastIndex:18
11-28 15:22:16.687 D/cocos2d-x debug info(14128): JS: right button clicked. currentIndex:19
11-28 15:22:16.687 D/cocos2d-x debug info(14128): JS:  HomeMainScene Key up:157
11-28 15:22:16.737 D/cocos2d-x debug info(14128): trace_frame: 59.964619
11-28 15:22:16.857 D/cocos2d-x debug info(14128): trace_frame: 59.957172
11-28 15:22:16.957 D/cocos2d-x debug info(14128): trace_frame: 59.240536
11-28 15:22:17.067 D/cocos2d-x debug info(14128): trace_frame: 60.742290
11-28 15:22:17.167 D/cocos2d-x debug info(14128): trace_frame: 59.667061
11-28 15:22:17.177 D/launcher_auto(14128): launcher_auto: sendkey and wait.
11-28 15:22:17.217 D/dalvikvm(22184): GC_CONCURRENT freed 707K, 22% free 6719K/8544K, paused 2ms+5ms, total 49ms
11-28 15:22:17.287 D/cocos2d-x debug info(14128): trace_frame: 60.313110
11-28 15:22:17.367 D/mdns    ( 4397): SocketDataReady got a packet from 172.16.13.131 to 224.0.0.251 on interface 172.16.13.147/wlan0/7/300
11-28 15:22:17.367 D/mdns    ( 4397): Received Response from 172.16.13.131   addressed to 224.0.0.251     on 412B9F90 with  0 Questions,  3 Answers,  0 Authorities,  0 Additionals 290 bytes LLQType 0
11-28 15:22:17.387 D/cocos2d-x debug info(14128): trace_frame: 59.852764
11-28 15:22:17.507 D/cocos2d-x debug info(14128): trace_frame: 60.112152
11-28 15:22:17.617 D/cocos2d-x debug info(14128): trace_frame: 59.993145
11-28 15:22:17.687 D/cocos2d-x debug info(14128): JS: HomeMainScene Key down:157
11-28 15:22:17.687 D/cocos2d-x debug info(14128): JS: right button clicked. lastIndex:19
11-28 15:22:17.687 D/cocos2d-x debug info(14128): JS: turnPage: toRight true
11-28 15:22:17.687 D/cocos2d-x debug info(14128): JS: jumpFocus0
11-28 15:22:17.687 D/cocos2d-x debug info(14128): JS: toXPosition138y-16
11-28 15:22:17.697 D/cocos2d-x debug info(14128): JS: right button clicked. currentIndex:20
11-28 15:22:17.697 D/cocos2d-x debug info(14128): JS:  HomeMainScene Key up:157
11-28 15:22:17.717 D/cocos2d-x debug info(14128): trace_frame: 59.872478
11-28 15:22:17.767 D/cocos2d-x debug info(14128): JS: launcherAppAdapter updateData cell20
11-28 15:22:17.767 D/cocos2d-x debug info(14128): JS: launcherAppAdapter fillData cell20
11-28 15:22:17.777 D/cocos2d-x debug info(14128): JS: this.mData.length4320
11-28 15:22:17.777 D/JniHelper(14128): JniHelper::getJavaVM(), pthread_self() = 1529184920
11-28 15:22:17.777 D/FileUtil(14128): getImageFilePathByUrl, url is http://172.16.12.58:8080/meedo-img/c57300/d3d944/poster_1944JNJJ2SSDU_百度地图.png
11-28 15:22:17.777 D/FileUtil(14128): getImageFilePathByUrl, fileName is poster_1944JNJJ2SSDU_百度地图.png
11-28 15:22:17.777 D/JniHelper(14128): JniHelper::getJavaVM(), pthread_self() = 1529184920
11-28 15:22:17.787 D/mdns    ( 4397): mDNS_Execute
11-28 15:22:17.787 D/mdns    ( 4397): mDNS_Execute: Setting NewLocalRecords to NULL
11-28 15:22:17.787 D/mdns    ( 4397): Announcing 006d0e03a545@MiniMax._raop._tcp.local. (TXT) 4
11-28 15:22:17.787 D/mdns    ( 4397): Announcing _services._dns-sd._udp.local. (PTR) 4
11-28 15:22:17.787 D/mdns    ( 4397): Announcing _raop._tcp.local. (PTR) 4
11-28 15:22:17.787 D/mdns    ( 4397): Announcing MiniMax._airplay._tcp.local. (TXT) 4
11-28 15:22:17.787 D/mdns    ( 4397): Announcing _services._dns-sd._udp.local. (PTR) 4
11-28 15:22:17.787 D/mdns    ( 4397): Announcing _airplay._tcp.local. (PTR) 4
11-28 15:22:17.787 D/mdns    ( 4397): Announcing 006d0e03a545@MiniMax._raop._tcp.local. (SRV) 4
11-28 15:22:17.787 D/mdns    ( 4397): Announcing MiniMax._airplay._tcp.local. (SRV) 4
11-28 15:22:17.787 D/mdns    ( 4397): Announcing 147.13.16.172.in-addr.arpa. (PTR) 4
11-28 15:22:17.787 D/mdns    ( 4397): Announcing 5.4.5.A.3.0.E.F.F.F.E.0.D.6.2.0.0.0.0.0.0.0.0.0.0.0.0.0.0.8.E.F.ip6.arpa. (PTR) 4
11-28 15:22:17.787 D/mdns    ( 4397): Announcing Android-2.local. (Addr) 4
11-28 15:22:17.787 D/mdns    ( 4397): Announcing Android-2.local. (AAAA) 4
11-28 15:22:17.787 D/mdns    ( 4397): SendResponses put     24 . OPT Max 1440 Vers 0 Seq   0 MAC 00:00:00:00:00:00 I-MAC 2D:32:05:6C:6F:63
11-28 15:22:17.787 D/mdns    ( 4397): SendResponses: Sending 0 Deregistrations, 12 Announcements, 0 Answers, 6 Additionals on 412B9F90
11-28 15:22:17.787 D/mdns    ( 4397): SendResponses: Next in 8192 ticks
11-28 15:22:17.787 D/mdns    ( 4397): SocketDataReady got a packet from 172.16.13.147 to 224.0.0.251 on interface 172.16.13.147/wlan0/7/300
11-28 15:22:17.787 D/mdns    ( 4397): Received Response from 172.16.13.147   addressed to 224.0.0.251     on 412B9F90 with  0 Questions, 12 Answers,  0 Authorities,  6 Additionals 690 bytes LLQType 0
11-28 15:22:17.787 D/mdns    ( 4397): Found record size   115 interface 412B9F90 already in cache:  115 006d0e03a545@MiniMax._raop._tcp.local. TXT ch=2¦cn=0,1¦da=true¦ek=1¦et=0,1¦md=0,1,2¦pw=false¦sm=false¦sr=44100¦ss=16¦sv=false¦tp=UDP¦txtvers=
11-28 15:22:17.787 D/mdns    ( 4397): Found record size    75 interface 412B9F90 already in cache:   75 MiniMax._airplay._tcp.local. TXT deviceid=00:6d:0e:03:a5:45¦features=0x2077¦model=AppleTV2,1¦srcvers=101.28
11-28 15:22:17.787 D/mdns    ( 4397): Found record size    78 interface 412B9F90 already in cache:   78 5.4.5.A.3.0.E.F.F.F.E.0.D.6.2.0.0.0.0.0.0.0.0.0.0.0.0.0.0.8.E.F.ip6.arpa. NSEC PTR 
11-28 15:22:17.787 D/mdns    ( 4397): SocketDataReady got a packet from FE80:0000:0000:0000:026D:0EFF:FE03:A545 to FF02:0000:0000:0000:0000:0000:0000:00FB on interface 172.16.13.147/wlan0/7/301
11-28 15:22:17.787 D/mdns    ( 4397): Received Response from FE80:0000:0000:0000:026D:0EFF:FE03:A545 addressed to FF02:0000:0000:0000:0000:0000:0000:00FB on 412B9F90 with  0 Questions, 12 Answers,  0 Authorities,  6 Additionals 690 bytes LLQType 0
11-28 15:22:17.787 D/mdns    ( 4397): Found record size   115 interface 412B9F90 already in cache:  115 006d0e03a545@MiniMax._raop._tcp.local. TXT ch=2¦cn=0,1¦da=true¦ek=1¦et=0,1¦md=0,1,2¦pw=false¦sm=false¦sr=44100¦ss=16¦sv=false¦tp=UDP¦txtvers=
11-28 15:22:17.787 D/mdns    ( 4397): Found record size    75 interface 412B9F90 already in cache:   75 MiniMax._airplay._tcp.local. TXT deviceid=00:6d:0e:03:a5:45¦features=0x2077¦model=AppleTV2,1¦srcvers=101.28
11-28 15:22:17.787 D/mdns    ( 4397): Found record size    78 interface 412B9F90 already in cache:   78 5.4.5.A.3.0.E.F.F.F.E.0.D.6.2.0.0.0.0.0.0.0.0.0.0.0.0.0.0.8.E.F.ip6.arpa. NSEC PTR 
11-28 15:22:17.827 D/cocos2d-x debug info(14128): JS: LRUCache, set item key is /data/data/tv.fun.launcher/cache/poster_1944JNJJ2SSDU_百度地图.png, value is undefined
11-28 15:22:17.827 D/cocos2d-x debug info(14128): JS: LRUCache, set item current size is 6
11-28 15:22:17.827 D/cocos2d-x debug info(14128): trace_frame: 59.998199
11-28 15:22:17.837 D/cocos2d-x debug info(14128): JS: launcherAppAdapter updateData cell21
11-28 15:22:17.837 D/cocos2d-x debug info(14128): JS: launcherAppAdapter fillData cell21
11-28 15:22:17.837 D/cocos2d-x debug info(14128): JS: this.mData.length4321
11-28 15:22:17.847 D/cocos2d-x debug info(14128): JS: local app:com.trans.chess
11-28 15:22:17.847 D/JniHelper(14128): JniHelper::getJavaVM(), pthread_self() = 1529184920
11-28 15:22:17.847 D/FileUtil(14128): getImageFilePathByUrl, url is /data/data/tv.fun.launcher/files/com.trans.chess
11-28 15:22:17.847 D/FileUtil(14128): getImageFilePathByUrl, fileName is com.trans.chess
11-28 15:22:17.847 D/cocos2d-x debug info(14128): JS: no Icon cache for com.trans.chess
11-28 15:22:17.847 D/JniHelper(14128): JniHelper::getJavaVM(), pthread_self() = 1529184920
11-28 15:22:17.847 D/LoadIconAsyncTask(14128): start load pkgName is com.trans.chess
11-28 15:22:17.847 D/cocos2d-x debug info(14128): JS: local app: appIcon begin4
11-28 15:22:17.847 D/LoadIconAsyncTask(14128): com.trans.chess load result is true
11-28 15:22:17.847 D/JniHelper(14128): JniHelper::getJavaVM(), pthread_self() = 1529184920
11-28 15:22:17.867 D/AppStoreManager(14128): javaCallJs.run()------------------------------------------------
11-28 15:22:17.867 D/AppStoreManager(14128): callbackStr : launcher.eventCenter.onImageLoaded({"url":"\/data\/data\/tv.fun.launcher\/files\/com.trans.chess"})
11-28 15:22:17.867 D/cocos2d-x debug info(14128): JS: launcher.eventCenter.onImageLoaded
11-28 15:22:17.867 D/cocos2d-x debug info(14128): JS: onImageLoaded url:/data/data/tv.fun.launcher/files/com.trans.chess
11-28 15:22:17.877 D/JniHelper(14128): JniHelper::getJavaVM(), pthread_self() = 1529184920
11-28 15:22:17.877 D/FileUtil(14128): getImageFilePathByUrl, url is /data/data/tv.fun.launcher/files/com.trans.chess
11-28 15:22:17.877 D/FileUtil(14128): getImageFilePathByUrl, fileName is com.trans.chess
11-28 15:22:17.877 D/cocos2d-x debug info(14128): JS: onLoadImage end
11-28 15:22:17.887 D/mdns    ( 4397): mDNS_Execute
11-28 15:22:17.887 D/mdns    ( 4397): mDNS_Execute: Setting NewLocalRecords to NULL
11-28 15:22:17.897 D/dalvikvm(14128): GC_CONCURRENT freed 1056K, 61% free 7295K/18508K, paused 4ms+4ms, total 37ms
11-28 15:22:17.897 D/cocos2d-x debug info(14128): JS: launcherAppAdapter updateData cell22
11-28 15:22:17.897 D/cocos2d-x debug info(14128): JS: launcherAppAdapter fillData cell22
11-28 15:22:17.897 D/cocos2d-x debug info(14128): JS: this.mData.length4322
11-28 15:22:17.897 D/cocos2d-x debug info(14128): JS: local app:cn.mele.control.simutouch
11-28 15:22:17.897 D/JniHelper(14128): JniHelper::getJavaVM(), pthread_self() = 1529184920
11-28 15:22:17.897 D/FileUtil(14128): getImageFilePathByUrl, url is /data/data/tv.fun.launcher/files/cn.mele.control.simutouch
11-28 15:22:17.897 D/FileUtil(14128): getImageFilePathByUrl, fileName is cn.mele.control.simutouch
11-28 15:22:17.897 D/cocos2d-x debug info(14128): JS: no Icon cache for cn.mele.control.simutouch
11-28 15:22:17.907 D/JniHelper(14128): JniHelper::getJavaVM(), pthread_self() = 1529184920
11-28 15:22:17.907 D/LoadIconAsyncTask(14128): start load pkgName is cn.mele.control.simutouch
11-28 15:22:17.907 D/cocos2d-x debug info(14128): JS: local app: appIcon begin4
11-28 15:22:17.907 D/JniHelper(14128): JniHelper::getJavaVM(), pthread_self() = 1529184920
11-28 15:22:17.907 D/LoadIconAsyncTask(14128): cn.mele.control.simutouch load result is true
11-28 15:22:17.917 D/AppStoreManager(14128): javaCallJs.run()------------------------------------------------
11-28 15:22:17.917 D/AppStoreManager(14128): callbackStr : launcher.eventCenter.onImageLoaded({"url":"\/data\/data\/tv.fun.launcher\/files\/cn.mele.control.simutouch"})
11-28 15:22:17.917 D/cocos2d-x debug info(14128): JS: launcher.eventCenter.onImageLoaded
11-28 15:22:17.927 D/cocos2d-x debug info(14128): JS: onImageLoaded url:/data/data/tv.fun.launcher/files/cn.mele.control.simutouch
11-28 15:22:17.927 D/JniHelper(14128): JniHelper::getJavaVM(), pthread_self() = 1529184920
11-28 15:22:17.927 D/FileUtil(14128): getImageFilePathByUrl, url is /data/data/tv.fun.launcher/files/cn.mele.control.simutouch
11-28 15:22:17.927 D/FileUtil(14128): getImageFilePathByUrl, fileName is cn.mele.control.simutouch
11-28 15:22:17.927 D/cocos2d-x debug info(14128): JS: onLoadImage end
11-28 15:22:17.927 D/cocos2d-x debug info(14128): trace_frame: 48.098198
11-28 15:22:17.967 D/mdns    ( 4397): SocketDataReady got a packet from 172.16.13.131 to 224.0.0.251 on interface 172.16.13.147/wlan0/7/300
11-28 15:22:17.967 D/mdns    ( 4397): Received Response from 172.16.13.131   addressed to 224.0.0.251     on 412B9F90 with  0 Questions,  1 Answer,   0 Authorities,  0 Additionals 38 bytes LLQType 0
11-28 15:22:17.987 D/cocos2d-x debug info(14128): JS: launcherAppAdapter updateData cell23
11-28 15:22:17.987 D/cocos2d-x debug info(14128): JS: launcherAppAdapter fillData cell23
11-28 15:22:17.987 D/cocos2d-x debug info(14128): JS: this.mData.length4323
11-28 15:22:17.987 D/cocos2d-x debug info(14128): JS: local app:com.mele.autostart
11-28 15:22:17.997 D/JniHelper(14128): JniHelper::getJavaVM(), pthread_self() = 1529184920
11-28 15:22:17.997 D/FileUtil(14128): getImageFilePathByUrl, url is /data/data/tv.fun.launcher/files/com.mele.autostart
11-28 15:22:17.997 D/FileUtil(14128): getImageFilePathByUrl, fileName is com.mele.autostart
11-28 15:22:17.997 D/cocos2d-x debug info(14128): JS: no Icon cache for com.mele.autostart
11-28 15:22:17.997 D/JniHelper(14128): JniHelper::getJavaVM(), pthread_self() = 1529184920
11-28 15:22:17.997 D/LoadIconAsyncTask(14128): start load pkgName is com.mele.autostart
11-28 15:22:17.997 D/cocos2d-x debug info(14128): JS: local app: appIcon begin4
11-28 15:22:17.997 D/JniHelper(14128): JniHelper::getJavaVM(), pthread_self() = 1529184920
11-28 15:22:17.997 D/LoadIconAsyncTask(14128): com.mele.autostart load result is true
11-28 15:22:18.017 D/AppStoreManager(14128): javaCallJs.run()------------------------------------------------
11-28 15:22:18.017 D/AppStoreManager(14128): callbackStr : launcher.eventCenter.onImageLoaded({"url":"\/data\/data\/tv.fun.launcher\/files\/com.mele.autostart"})
11-28 15:22:18.017 D/cocos2d-x debug info(14128): JS: launcher.eventCenter.onImageLoaded
11-28 15:22:18.017 D/cocos2d-x debug info(14128): JS: onImageLoaded url:/data/data/tv.fun.launcher/files/com.mele.autostart
11-28 15:22:18.017 D/JniHelper(14128): JniHelper::getJavaVM(), pthread_self() = 1529184920
11-28 15:22:18.017 D/FileUtil(14128): getImageFilePathByUrl, url is /data/data/tv.fun.launcher/files/com.mele.autostart
11-28 15:22:18.017 D/FileUtil(14128): getImageFilePathByUrl, fileName is com.mele.autostart
11-28 15:22:18.017 D/cocos2d-x debug info(14128): JS: onLoadImage end
11-28 15:22:18.027 D/cocos2d-x debug info(14128): trace_frame: 67.147552
11-28 15:22:18.137 D/cocos2d-x debug info(14128): trace_frame: 64.644821
11-28 15:22:18.157 D/cocos2d-x debug info(14128): JS: launcherAppAdapter updateData cell24
11-28 15:22:18.157 D/cocos2d-x debug info(14128): JS: launcherAppAdapter fillData cell24
11-28 15:22:18.157 D/cocos2d-x debug info(14128): JS: this.mData.length4324
11-28 15:22:18.157 D/cocos2d-x debug info(14128): JS: local app:com.iflytek.xiri
11-28 15:22:18.157 D/JniHelper(14128): JniHelper::getJavaVM(), pthread_self() = 1529184920
11-28 15:22:18.157 D/FileUtil(14128): getImageFilePathByUrl, url is /data/data/tv.fun.launcher/files/com.iflytek.xiri
11-28 15:22:18.157 D/FileUtil(14128): getImageFilePathByUrl, fileName is com.iflytek.xiri
11-28 15:22:18.157 D/cocos2d-x debug info(14128): JS: no Icon cache for com.iflytek.xiri
11-28 15:22:18.157 D/JniHelper(14128): JniHelper::getJavaVM(), pthread_self() = 1529184920
11-28 15:22:18.167 D/LoadIconAsyncTask(14128): start load pkgName is com.iflytek.xiri
11-28 15:22:18.167 D/cocos2d-x debug info(14128): JS: local app: appIcon begin4
11-28 15:22:18.167 D/JniHelper(14128): JniHelper::getJavaVM(), pthread_self() = 1529184920
11-28 15:22:18.167 D/LoadIconAsyncTask(14128): com.iflytek.xiri load result is true
11-28 15:22:18.177 D/AppStoreManager(14128): javaCallJs.run()------------------------------------------------
11-28 15:22:18.177 D/AppStoreManager(14128): callbackStr : launcher.eventCenter.onImageLoaded({"url":"\/data\/data\/tv.fun.launcher\/files\/com.iflytek.xiri"})
11-28 15:22:18.177 D/cocos2d-x debug info(14128): JS: launcher.eventCenter.onImageLoaded
11-28 15:22:18.187 D/cocos2d-x debug info(14128): JS: onImageLoaded url:/data/data/tv.fun.launcher/files/com.iflytek.xiri
11-28 15:22:18.187 D/JniHelper(14128): JniHelper::getJavaVM(), pthread_self() = 1529184920
11-28 15:22:18.187 D/launcher_auto(14128): launcher_auto: sendkey and wait.
11-28 15:22:18.187 D/FileUtil(14128): getImageFilePathByUrl, url is /data/data/tv.fun.launcher/files/com.iflytek.xiri
11-28 15:22:18.187 D/FileUtil(14128): getImageFilePathByUrl, fileName is com.iflytek.xiri
11-28 15:22:18.197 D/cocos2d-x debug info(14128): JS: onLoadImage end
11-28 15:22:18.237 D/cocos2d-x debug info(14128): trace_frame: 59.943050
11-28 15:22:18.357 D/cocos2d-x debug info(14128): trace_frame: 60.070885
11-28 15:22:18.457 D/cocos2d-x debug info(14128): trace_frame: 59.901764
11-28 15:22:18.567 D/cocos2d-x debug info(14128): trace_frame: 60.090996
11-28 15:22:18.667 D/cocos2d-x debug info(14128): trace_frame: 59.996998
11-28 15:22:18.707 D/cocos2d-x debug info(14128): JS: HomeMainScene Key down:157
11-28 15:22:18.707 D/cocos2d-x debug info(14128): JS: right button clicked. lastIndex:20
11-28 15:22:18.707 D/cocos2d-x debug info(14128): JS: right button clicked. currentIndex:21
11-28 15:22:18.707 D/cocos2d-x debug info(14128): JS:  HomeMainScene Key up:157
11-28 15:22:18.767 D/cocos2d-x debug info(14128): trace_frame: 59.983803
11-28 15:22:18.867 D/cocos2d-x debug info(14128): trace_frame: 59.873669
11-28 15:22:18.987 D/cocos2d-x debug info(14128): trace_frame: 59.960243
11-28 15:22:19.107 D/cocos2d-x debug info(14128): trace_frame: 60.145210
11-28 15:22:19.187 D/launcher_auto(14128): launcher_auto: sendkey and wait.
11-28 15:22:19.207 D/cocos2d-x debug info(14128): trace_frame: 59.851570
11-28 15:22:19.317 D/cocos2d-x debug info(14128): trace_frame: 60.136421
11-28 15:22:19.417 D/cocos2d-x debug info(14128): trace_frame: 59.875458
11-28 15:22:19.537 D/cocos2d-x debug info(14128): trace_frame: 60.081715
11-28 15:22:19.637 D/cocos2d-x debug info(14128): trace_frame: 59.682487
11-28 15:22:19.677 D/dalvikvm(22184): GC_CONCURRENT freed 742K, 22% free 6724K/8544K, paused 2ms+4ms, total 47ms
11-28 15:22:19.707 D/cocos2d-x debug info(14128): JS: HomeMainScene Key down:157
11-28 15:22:19.707 D/cocos2d-x debug info(14128): JS: right button clicked. lastIndex:21
11-28 15:22:19.707 D/cocos2d-x debug info(14128): JS: right button clicked. currentIndex:22
11-28 15:22:19.707 D/cocos2d-x debug info(14128): JS:  HomeMainScene Key up:157
11-28 15:22:19.757 D/cocos2d-x debug info(14128): trace_frame: 60.241482
11-28 15:22:19.857 D/cocos2d-x debug info(14128): trace_frame: 59.951443
11-28 15:22:19.967 D/cocos2d-x debug info(14128): trace_frame: 59.986462
11-28 15:22:20.087 D/cocos2d-x debug info(14128): trace_frame: 60.122986
11-28 15:22:20.187 D/cocos2d-x debug info(14128): trace_frame: 59.950245
11-28 15:22:20.197 D/launcher_auto(14128): launcher_auto: sendkey and wait.
11-28 15:22:20.287 D/cocos2d-x debug info(14128): trace_frame: 59.790134
11-28 15:22:20.407 D/cocos2d-x debug info(14128): trace_frame: 60.198483
11-28 15:22:20.427 D/mdns    ( 4397): SocketDataReady got a packet from 172.16.13.44 to 224.0.0.251 on interface 172.16.13.147/wlan0/7/300
11-28 15:22:20.427 D/mdns    ( 4397): Received Response from 172.16.13.44    addressed to 224.0.0.251     on 412B9F90 with  0 Questions, 12 Answers,  0 Authorities,  5 Additionals 662 bytes LLQType 0
11-28 15:22:20.437 D/mdns    ( 4397): SocketDataReady got a packet from FE80:0000:0000:0000:02CE:39FF:FEBE:DB23 to FF02:0000:0000:0000:0000:0000:0000:00FB on interface 172.16.13.147/wlan0/7/301
11-28 15:22:20.437 D/mdns    ( 4397): Received Response from FE80:0000:0000:0000:02CE:39FF:FEBE:DB23 addressed to FF02:0000:0000:0000:0000:0000:0000:00FB on 412B9F90 with  0 Questions, 12 Answers,  0 Authorities,  5 Additionals 662 bytes LLQType 0
11-28 15:22:20.437 D/mdns    ( 4397): Found record size   115 interface 412B9F90 already in cache:  115 00ce39bedb23@MiniMax._raop._tcp.local. TXT ch=2¦cn=0,1¦da=true¦ek=1¦et=0,1¦md=0,1,2¦pw=false¦sm=false¦sr=44100¦ss=16¦sv=false¦tp=UDP¦txtvers=
11-28 15:22:20.437 D/mdns    ( 4397): Found record size    75 interface 412B9F90 already in cache:   75 MiniMax\032(3)._airplay._tcp.local. TXT deviceid=00:ce:39:be:db:23¦features=0x2077¦model=AppleTV2,1¦srcvers=101.28
11-28 15:22:20.437 D/mdns    ( 4397): Found record size    78 interface 412B9F90 already in cache:   78 3.2.B.D.E.B.E.F.F.F.9.3.E.C.2.0.0.0.0.0.0.0.0.0.0.0.0.0.0.8.E.F.ip6.arpa. NSEC PTR 
11-28 15:22:20.517 D/cocos2d-x debug info(14128): trace_frame: 60.037395
11-28 15:22:20.617 D/cocos2d-x debug info(14128): trace_frame: 59.846794
11-28 15:22:20.707 D/cocos2d-x debug info(14128): JS: HomeMainScene Key down:157
11-28 15:22:20.707 D/cocos2d-x debug info(14128): JS: right button clicked. lastIndex:22
11-28 15:22:20.707 D/cocos2d-x debug info(14128): JS: right button clicked. currentIndex:23
11-28 15:22:20.707 D/cocos2d-x debug info(14128): JS:  HomeMainScene Key up:157
11-28 15:22:20.737 D/cocos2d-x debug info(14128): trace_frame: 59.521278
11-28 15:22:20.857 D/cocos2d-x debug info(14128): trace_frame: 60.553635
11-28 15:22:20.967 D/cocos2d-x debug info(14128): trace_frame: 60.047180
11-28 15:22:21.077 D/cocos2d-x debug info(14128): trace_frame: 59.154701
11-28 15:22:21.117 D/dalvikvm(22184): GC_CONCURRENT freed 761K, 22% free 6739K/8544K, paused 3ms+4ms, total 47ms
11-28 15:22:21.187 D/cocos2d-x debug info(14128): trace_frame: 60.729103
11-28 15:22:21.197 D/launcher_auto(14128): launcher_auto: sendkey and wait.
11-28 15:22:21.287 D/cocos2d-x debug info(14128): trace_frame: 59.945446
11-28 15:22:21.407 D/cocos2d-x debug info(14128): trace_frame: 60.019894
11-28 15:22:21.507 D/cocos2d-x debug info(14128): trace_frame: 59.979004
11-28 15:22:21.617 D/cocos2d-x debug info(14128): trace_frame: 60.036366
11-28 15:22:21.647 D/mdns    ( 4397): SocketDataReady got a packet from 172.16.13.131 to 224.0.0.251 on interface 172.16.13.147/wlan0/7/300
11-28 15:22:21.647 D/mdns    ( 4397): Received Response from 172.16.13.131   addressed to 224.0.0.251     on 412B9F90 with  0 Questions,  3 Answers,  0 Authorities,  0 Additionals 232 bytes LLQType 0
11-28 15:22:21.707 D/cocos2d-x debug info(14128): JS: HomeMainScene Key down:157
11-28 15:22:21.707 D/cocos2d-x debug info(14128): JS: right button clicked. lastIndex:23
11-28 15:22:21.707 D/cocos2d-x debug info(14128): JS: right button clicked. currentIndex:24
11-28 15:22:21.707 D/cocos2d-x debug info(14128): JS:  HomeMainScene Key up:157
11-28 15:22:21.727 D/cocos2d-x debug info(14128): trace_frame: 59.206043
11-28 15:22:21.827 D/cocos2d-x debug info(14128): trace_frame: 59.730618
11-28 15:22:21.937 D/cocos2d-x debug info(14128): trace_frame: 60.460537
11-28 15:22:22.057 D/cocos2d-x debug info(14128): trace_frame: 60.484058
11-28 15:22:22.157 D/cocos2d-x debug info(14128): trace_frame: 59.958031
11-28 15:22:22.207 D/launcher_auto(14128): launcher_auto: sendkey and wait.
11-28 15:22:22.257 D/cocos2d-x debug info(14128): trace_frame: 59.446552
11-28 15:22:22.367 D/cocos2d-x debug info(14128): trace_frame: 60.463142
11-28 15:22:22.487 D/cocos2d-x debug info(14128): trace_frame: 60.030697
11-28 15:22:22.587 D/cocos2d-x debug info(14128): trace_frame: 59.959232
11-28 15:22:22.707 D/cocos2d-x debug info(14128): trace_frame: 60.019890
11-28 15:22:22.717 D/cocos2d-x debug info(14128): JS: HomeMainScene Key down:157
11-28 15:22:22.717 D/cocos2d-x debug info(14128): JS: right button clicked. lastIndex:24
11-28 15:22:22.727 D/cocos2d-x debug info(14128): JS: turnPage: toRight true
11-28 15:22:22.727 D/cocos2d-x debug info(14128): JS: jumpFocus0
11-28 15:22:22.727 D/cocos2d-x debug info(14128): JS: toXPosition138y-16
11-28 15:22:22.727 D/cocos2d-x debug info(14128): JS: right button clicked. currentIndex:25
11-28 15:22:22.727 D/cocos2d-x debug info(14128): JS:  HomeMainScene Key up:157
11-28 15:22:22.807 D/cocos2d-x debug info(14128): JS: launcherAppAdapter updateData cell25
11-28 15:22:22.807 D/cocos2d-x debug info(14128): JS: launcherAppAdapter fillData cell25
11-28 15:22:22.807 D/cocos2d-x debug info(14128): JS: this.mData.length4325
11-28 15:22:22.807 D/cocos2d-x debug info(14128): JS: local app:com.zbmv
11-28 15:22:22.807 D/JniHelper(14128): JniHelper::getJavaVM(), pthread_self() = 1529184920
