11-28 15:23:09.967 D/LocalAppsHelper(14128): app infos:[{"date":1417157060482,"downloadState":-1,"hasUpdate":false,"iconPath":"/data/data/tv.fun.launcher/files/com.fun.tv","name":"百视通TV","packageName":"com.fun.tv","permission":false,"posterUrl":"","progress":-1,"versionCode":8,"versionName":"1.0.0.10"},{"date":1417157060468,"downloadState":-1,"hasUpdate":false,"iconPath":"/data/data/tv.fun.launcher/files/com.trans.gamehall","name":"迈乐游戏中心","packageName":"com.trans.gamehall","permission":false,"posterUrl":"","progress":-1,"versionCode":161,"versionName":"3.1.4"},{"date":1417157060464,"downloadState":-1,"hasUpdate":false,"iconPath":"/data/data/tv.fun.launcher/files/st.com.xiami","name":"虾米音乐","packageName":"st.com.xiami","permission":false,"posterUrl":"","progress":-1,"versionCode":3,"versionName":"1.0.2"},{"date":1417157060461,"downloadState":-1,"hasUpdate":false,"iconPath":"/data/data/tv.fun.launcher/files/com.tencent.qqlivehd","name":"腾讯视频","packageName":"com.tencent.qqlivehd","permission":false,"posterUrl":"","progress":-1,"versionCode":3,"versionName":"1.1.1.6174"},{"date":1417157060443,"downloadState":-1,"hasUpdate":false,"iconPath":"/data/data/tv.fun.launcher/files/com.duomi.androidtv","name":"多米音乐","packageName":"com.duomi.androidtv","permission":false,"posterUrl":"","progress":-1,"versionCode":2000000,"versionName":"2.0.0.00"},{"date":1417157060439,"downloadState":-1,"hasUpdate":false,"iconPath":"/data/data/tv.fun.launcher/files/com.netease.qa.emmagee","name":"Emmagee","packageName":"com.netease.qa.emmagee","permission":false,"posterUrl":"","progress":-1,"versionCode":1,"versionName":"1.0"},{"date":1417157060436,"downloadState":-1,"hasUpdate":false,"iconPath":"/data/data/tv.fun.launcher/files/com.adobe.flashplayer","name":"Adobe Flash Player 11.1","packageName":"com.adobe.flashplayer","permission":false,"posterUrl":"","progress":-1,"versionCode":111115034,"versionName":"11.1.115.34"},{"date":1417157060430,"downloadState":-1,"hasUpdate":false,"iconPath":"/data/data/tv.fun.launcher/files/com.example.helloworld","name":"HelloWorld","packageName":"com.example.helloworld","permission":false,"posterUrl":"","progress":-1,"versionCode":1,"versionName":"1.0"},{"date":1417157060426,"downloadState":-1,"hasUpdate":false,"iconPath":"/data/data/tv.fun.launcher/files/cn.com.wasu.main","name":"华数TV2.0","packageName":"cn.com.wasu.main","permission":false,"posterUrl":"","progress":-1,"versionCode":20,"versionName":"Test-1.0.0.20"},{"date":1417157060422,"downloadState":-1,"hasUpdate":false,"iconPath":"/data/data/tv.fun.launcher/files/com.qiyi.video","name":"爱奇艺影视","packageName":"com.qiyi.video","permission":false,"posterUrl":"","progress":-1,"versionCode":1,"versionName":"3.0"},{"date":1417157060408,"downloadState":-1,"hasUpdate":false,"iconPath":"/data/data/tv.fun.launcher/files/com.sohutv.tv","name":"搜狐视频TV版","packageName":"com.sohutv.tv","permission":false,"posterUrl":"","progress":-1,"versionCode":2030,"versionName":"2.0.3"},{"date":1417157060404,"downloadState":-1,"hasUpdate":false,"iconPath":"/data/data/tv.fun.launcher/files/com.pplive.androidpad","name":"PPTV聚力HD","packageName":"com.pplive.androidpad","permission":false,"posterUrl":"","progress":-1,"versionCode":16,"versionName":"2.3.4.1"},{"date":1417157060399,"downloadState":-1,"hasUpdate":false,"iconPath":"/data/data/tv.fun.launcher/files/com.trans.bloxorz","name":"立体推箱子","packageName":"com.trans.bloxorz","permission":false,"posterUrl":"","progress":-1,"versionCode":25,"versionName":"1.3 mele.X8.zh_CN "},{"date":1417157060389,"downloadState":-1,"hasUpdate":false,"iconPath":"/data/data/tv.fun.launcher/files/net.osaris.turbofly","name":"TurboFly 3D","packageName":"net.osaris.turbofly","permission":false,"posterUrl":"","progress":-1,"versionCode":2912,"versionName":"1.40"},{"date":1417157060367,"downloadState":-1,"hasUpdate":false,"iconPath":"/data/data/tv.fun.launcher/files/com.trans.chess","name":"中国象棋","packageName":"com.trans.chess","permission":false,"posterUrl":"","progress":-1,"versionCode
11-28 15:23:09.977 D/mdns    ( 4397): SocketDataReady got a packet from 172.16.13.131 to 224.0.0.251 on interface 172.16.13.147/wlan0/7/308
11-28 15:23:09.977 D/mdns    ( 4397): Received Response from 172.16.13.131   addressed to 224.0.0.251     on 412BA7A0 with  0 Questions,  3 Answers,  0 Authorities,  0 Additionals 198 bytes LLQType 0
11-28 15:23:09.987 D/CCFileUtilsAndroid.cpp(14128): relative path = res/img/Focus_tab.png
11-28 15:23:09.997 D/cocos2d-x debug info(14128): JS: setData[object Object],[object Object],[object Object],[object Object],[object Object],[object Object],[object Object],[object Object],[object Object],[object Object],[object Object],[object Object],[object Object]
11-28 15:23:09.997 D/cocos2d-x debug info(14128): JS: this.mFocusImage.x327.5 y:212
11-28 15:23:09.997 D/cocos2d-x debug info(14128): JS: setAppServerInfo appServerInfo : [object Object]
11-28 15:23:09.997 D/cocos2d-x debug info(14128): JS: setAppServerInfo app.serverInfo : undefined
11-28 15:23:09.997 D/cocos2d-x debug info(14128): JS: _initAppInstallState packageName : com.meishi_tv
11-28 15:23:10.007 D/JniHelper(14128): JniHelper::getJavaVM(), pthread_self() = 1529184920
11-28 15:23:10.007 D/dalvikvm(14128): GC_CONCURRENT freed 1289K, 58% free 7888K/18508K, paused 5ms+4ms, total 38ms
11-28 15:23:10.007 D/JniHelper(14128): JniHelper::getJavaVM(), pthread_self() = 1529184920
11-28 15:23:10.017 D/cocos2d-x debug info(14128): JS: setAppServerInfo appServerInfo : [object Object]
11-28 15:23:10.017 D/cocos2d-x debug info(14128): JS: launcherAppAdapter createBaseAppView0
11-28 15:23:10.017 D/CCFileUtilsAndroid.cpp(14128): relative path = res/launcher/appstore/tag_renew.png
11-28 15:23:10.017 D/cocos2d-x debug info(14128): JS: launcherAppAdapter updateData cell0
11-28 15:23:10.017 D/cocos2d-x debug info(14128): JS: launcherAppAdapter fillData cell0
11-28 15:23:10.017 D/cocos2d-x debug info(14128): JS: this.mData.length130
11-28 15:23:10.027 D/JniHelper(14128): JniHelper::getJavaVM(), pthread_self() = 1529184920
11-28 15:23:10.027 D/FileUtil(14128): getImageFilePathByUrl, url is http://172.16.12.58:8080/meedo-img/2cc738/c81e72/poster_1944K8JIGMK9M_美食杰TV版.png
11-28 15:23:10.027 D/FileUtil(14128): getImageFilePathByUrl, fileName is poster_1944K8JIGMK9M_美食杰TV版.png
11-28 15:23:10.027 D/JniHelper(14128): JniHelper::getJavaVM(), pthread_self() = 1529184920
11-28 15:23:10.027 D/cocos2d-x debug info(14128): JS: updateAppInfoStateAndProgress downloadState : 1
11-28 15:23:10.027 D/cocos2d-x debug info(14128): JS: setAppServerInfo appServerInfo : [object Object]
11-28 15:23:10.027 D/cocos2d-x debug info(14128): JS: setAppServerInfo app.serverInfo : undefined
11-28 15:23:10.027 D/cocos2d-x debug info(14128): JS: _initAppInstallState packageName : com.pokercity.ddztv
11-28 15:23:10.027 D/JniHelper(14128): JniHelper::getJavaVM(), pthread_self() = 1529184920
11-28 15:23:10.037 D/JniHelper(14128): JniHelper::getJavaVM(), pthread_self() = 1529184920
11-28 15:23:10.037 D/cocos2d-x debug info(14128): JS: setAppServerInfo appServerInfo : [object Object]
11-28 15:23:10.037 D/cocos2d-x debug info(14128): JS: launcherAppAdapter createBaseAppView1
11-28 15:23:10.037 D/cocos2d-x debug info(14128): JS: launcherAppAdapter updateData cell1
11-28 15:23:10.037 D/cocos2d-x debug info(14128): JS: launcherAppAdapter fillData cell1
11-28 15:23:10.037 D/cocos2d-x debug info(14128): JS: this.mData.length131
11-28 15:23:10.047 D/JniHelper(14128): JniHelper::getJavaVM(), pthread_self() = 1529184920
11-28 15:23:10.047 D/FileUtil(14128): getImageFilePathByUrl, url is http://172.16.12.58:8080/meedo-img/351587/d78382/poster_1944K3CHVTDV2_波克斗地主.png
11-28 15:23:10.047 D/FileUtil(14128): getImageFilePathByUrl, fileName is poster_1944K3CHVTDV2_波克斗地主.png
11-28 15:23:10.047 D/mdns    ( 4397): mDNS_Execute
11-28 15:23:10.047 D/mdns    ( 4397): mDNS_Execute: Skipping LocalAuthRecord    4 Android-2.local. Addr 172.16.13.147
11-28 15:23:10.047 D/mdns    ( 4397): mDNS_Execute: Skipping LocalAuthRecord   16 Android-2.local. AAAA FE80:0000:0000:0000:026D:0EFF:FE03:A545
11-28 15:23:10.047 D/mdns    ( 4397): mDNS_Execute: Setting NewLocalRecords to    4 Android-2.local. Addr 172.16.13.147
11-28 15:23:10.047 D/mdns    ( 4397): SendQueries:   Put Question 006d0e03a545@MiniMax._raop._tcp.local. (SRV) probecount 2
11-28 15:23:10.047 D/mdns    ( 4397): SendQueries:   Put Question MiniMax._airplay._tcp.local. (SRV) probecount 2
11-28 15:23:10.047 D/mdns    ( 4397): SendQueries:   Put Question Android-2.local. (Addr) probecount 2
11-28 15:23:10.047 D/mdns    ( 4397): SendQueries:   Put Question Android-2.local. (AAAA) probecount 2
11-28 15:23:10.047 D/mdns    ( 4397): SendQueries putting   24 . OPT Max 1440 Vers 0 Seq   0 MAC 00:00:00:00:00:00 I-MAC 2D:32:05:6C:6F:63
11-28 15:23:10.047 D/mdns    ( 4397): SendQueries:   Sending 4 Questions 0 Answers 4 Updates on 412BA7A0
11-28 15:23:10.047 D/mdns    ( 4397): SocketDataReady got a packet from 172.16.13.147 to 224.0.0.251 on interface 172.16.13.147/wlan0/7/308
11-28 15:23:10.047 D/mdns    ( 4397): Received Query from 172.16.13.147  :5353  to 224.0.0.251    :5353  on 0x412BA7A0 with  4 Questions,  0 Answers,  4 Authorities,  1 Additional  201 bytes
11-28 15:23:10.047 D/mdns    ( 4397): SocketDataReady got a packet from FE80:0000:0000:0000:026D:0EFF:FE03:A545 to FF02:0000:0000:0000:0000:0000:0000:00FB on interface 172.16.13.147/wlan0/7/309
11-28 15:23:10.047 D/mdns    ( 4397): Received Query from FE80:0000:0000:0000:026D:0EFF:FE03:A545:5353  to FF02:0000:0000:0000:0000:0000:0000:00FB:5353  on 0x412BA7A0 with  4 Questions,  0 Answers,  4 Authorities,  1 Additional  201 bytes
11-28 15:23:10.057 D/JniHelper(14128): JniHelper::getJavaVM(), pthread_self() = 1529184920
11-28 15:23:10.057 D/cocos2d-x debug info(14128): JS: updateAppInfoStateAndProgress downloadState : 1
11-28 15:23:10.057 D/cocos2d-x debug info(14128): JS: setAppServerInfo appServerInfo : [object Object]
11-28 15:23:10.057 D/cocos2d-x debug info(14128): JS: setAppServerInfo app.serverInfo : undefined
11-28 15:23:10.057 D/cocos2d-x debug info(14128): JS: _initAppInstallState packageName : me.chunyu.ChunyuDoctor
11-28 15:23:10.057 D/JniHelper(14128): JniHelper::getJavaVM(), pthread_self() = 1529184920
11-28 15:23:10.067 D/JniHelper(14128): JniHelper::getJavaVM(), pthread_self() = 1529184920
11-28 15:23:10.067 D/cocos2d-x debug info(14128): JS: setAppServerInfo appServerInfo : [object Object]
11-28 15:23:10.067 D/cocos2d-x debug info(14128): JS: launcherAppAdapter createBaseAppView2
11-28 15:23:10.067 D/cocos2d-x debug info(14128): JS: launcherAppAdapter updateData cell2
11-28 15:23:10.067 D/cocos2d-x debug info(14128): JS: launcherAppAdapter fillData cell2
11-28 15:23:10.067 D/cocos2d-x debug info(14128): JS: this.mData.length132
11-28 15:23:10.067 D/JniHelper(14128): JniHelper::getJavaVM(), pthread_self() = 1529184920
11-28 15:23:10.067 D/FileUtil(14128): getImageFilePathByUrl, url is http://172.16.12.58:8080/meedo-img/029d27/7dcd34/poster_1944K4NN518LM_春雨医生TV.png
11-28 15:23:10.067 D/FileUtil(14128): getImageFilePathByUrl, fileName is poster_1944K4NN518LM_春雨医生TV.png
11-28 15:23:10.077 D/JniHelper(14128): JniHelper::getJavaVM(), pthread_self() = 1529184920
11-28 15:23:10.077 D/cocos2d-x debug info(14128): JS: updateAppInfoStateAndProgress downloadState : 1
11-28 15:23:10.077 D/cocos2d-x debug info(14128): JS: setAppServerInfo appServerInfo : [object Object]
11-28 15:23:10.077 D/cocos2d-x debug info(14128): JS: setAppServerInfo app.serverInfo : undefined
11-28 15:23:10.077 D/cocos2d-x debug info(14128): JS: _initAppInstallState packageName : com.hexin.plat.androidTV
11-28 15:23:10.077 D/JniHelper(14128): JniHelper::getJavaVM(), pthread_self() = 1529184920
11-28 15:23:10.077 D/JniHelper(14128): JniHelper::getJavaVM(), pthread_self() = 1529184920
11-28 15:23:10.087 D/cocos2d-x debug info(14128): JS: setAppServerInfo appServerInfo : [object Object]
11-28 15:23:10.087 D/cocos2d-x debug info(14128): JS: launcherAppAdapter createBaseAppView3
11-28 15:23:10.087 D/cocos2d-x debug info(14128): JS: launcherAppAdapter updateData cell3
11-28 15:23:10.087 D/cocos2d-x debug info(14128): JS: launcherAppAdapter fillData cell3
11-28 15:23:10.087 D/cocos2d-x debug info(14128): JS: this.mData.length133
11-28 15:23:10.087 D/JniHelper(14128): JniHelper::getJavaVM(), pthread_self() = 1529184920
11-28 15:23:10.097 D/FileUtil(14128): getImageFilePathByUrl, url is http://172.16.12.58:8080/meedo-img/1eca69/42a0e1/poster_1944KF3BH8P0U_同花顺.png
11-28 15:23:10.097 D/FileUtil(14128): getImageFilePathByUrl, fileName is poster_1944KF3BH8P0U_同花顺.png
11-28 15:23:10.097 D/cocos2d-x debug info(14128): JS: LRUCache, set item key is /data/data/tv.fun.launcher/cache/poster_1944KF3BH8P0U_同花顺.png, value is undefined
11-28 15:23:10.097 D/cocos2d-x debug info(14128): JS: LRUCache, set item current size is 0
11-28 15:23:10.097 D/JniHelper(14128): JniHelper::getJavaVM(), pthread_self() = 1529184920
11-28 15:23:10.097 D/cocos2d-x debug info(14128): JS: updateAppInfoStateAndProgress downloadState : 1
11-28 15:23:10.097 D/cocos2d-x debug info(14128): JS: setAppServerInfo appServerInfo : [object Object]
11-28 15:23:10.107 D/cocos2d-x debug info(14128): JS: setAppServerInfo app.serverInfo : undefined
11-28 15:23:10.107 D/cocos2d-x debug info(14128): JS: _initAppInstallState packageName : com.sohu.inputmethod.sogouoem
11-28 15:23:10.107 D/JniHelper(14128): JniHelper::getJavaVM(), pthread_self() = 1529184920
11-28 15:23:10.107 D/JniHelper(14128): JniHelper::getJavaVM(), pthread_self() = 1529184920
11-28 15:23:10.107 D/cocos2d-x debug info(14128): JS: setAppServerInfo appServerInfo : [object Object]
11-28 15:23:10.107 D/cocos2d-x debug info(14128): JS: launcherAppAdapter createBaseAppView4
11-28 15:23:10.117 D/cocos2d-x debug info(14128): JS: launcherAppAdapter updateData cell4
11-28 15:23:10.117 D/cocos2d-x debug info(14128): JS: launcherAppAdapter fillData cell4
11-28 15:23:10.117 D/cocos2d-x debug info(14128): JS: this.mData.length134
11-28 15:23:10.117 D/JniHelper(14128): JniHelper::getJavaVM(), pthread_self() = 1529184920
11-28 15:23:10.117 D/FileUtil(14128): getImageFilePathByUrl, url is http://172.16.12.58:8080/meedo-img/dd798d/eae27d/poster_1944KB87QRJ6O_logo.png
11-28 15:23:10.117 D/FileUtil(14128): getImageFilePathByUrl, fileName is poster_1944KB87QRJ6O_logo.png
11-28 15:23:10.117 D/JniHelper(14128): JniHelper::getJavaVM(), pthread_self() = 1529184920
11-28 15:23:10.127 D/cocos2d-x debug info(14128): JS: updateAppInfoStateAndProgress downloadState : 1
11-28 15:23:10.127 D/cocos2d-x debug info(14128): JS: setAppServerInfo appServerInfo : [object Object]
11-28 15:23:10.127 D/cocos2d-x debug info(14128): JS: setAppServerInfo app.serverInfo : undefined
11-28 15:23:10.127 D/cocos2d-x debug info(14128): JS: _initAppInstallState packageName : com.youloft.calendar.tv
11-28 15:23:10.127 D/JniHelper(14128): JniHelper::getJavaVM(), pthread_self() = 1529184920
11-28 15:23:10.137 D/JniHelper(14128): JniHelper::getJavaVM(), pthread_self() = 1529184920
11-28 15:23:10.137 D/cocos2d-x debug info(14128): JS: setAppServerInfo appServerInfo : [object Object]
11-28 15:23:10.137 D/cocos2d-x debug info(14128): JS: launcherAppAdapter createBaseAppView5
11-28 15:23:10.137 D/cocos2d-x debug info(14128): JS: launcherAppAdapter updateData cell5
11-28 15:23:10.137 D/cocos2d-x debug info(14128): JS: launcherAppAdapter fillData cell5
11-28 15:23:10.137 D/cocos2d-x debug info(14128): JS: this.mData.length135
11-28 15:23:10.137 D/JniHelper(14128): JniHelper::getJavaVM(), pthread_self() = 1529184920
11-28 15:23:10.147 D/FileUtil(14128): getImageFilePathByUrl, url is http://172.16.12.58:8080/meedo-img/c97437/167909/poster_1944KI1R9ORE8_万年历.png
11-28 15:23:10.147 D/FileUtil(14128): getImageFilePathByUrl, fileName is poster_1944KI1R9ORE8_万年历.png
11-28 15:23:10.147 D/cocos2d-x debug info(14128): JS: LRUCache, set item key is /data/data/tv.fun.launcher/cache/poster_1944KI1R9ORE8_万年历.png, value is undefined
11-28 15:23:10.147 D/mdns    ( 4397): mDNS_Execute
11-28 15:23:10.147 D/mdns    ( 4397): mDNS_Execute: Skipping LocalAuthRecord    4 Android-2.local. Addr 172.16.13.147
11-28 15:23:10.147 D/mdns    ( 4397): mDNS_Execute: Skipping LocalAuthRecord   16 Android-2.local. AAAA FE80:0000:0000:0000:026D:0EFF:FE03:A545
11-28 15:23:10.147 D/mdns    ( 4397): mDNS_Execute: Setting NewLocalRecords to    4 Android-2.local. Addr 172.16.13.147
11-28 15:23:10.147 D/cocos2d-x debug info(14128): JS: LRUCache, set item current size is 1
11-28 15:23:10.147 D/JniHelper(14128): JniHelper::getJavaVM(), pthread_self() = 1529184920
11-28 15:23:10.147 D/cocos2d-x debug info(14128): JS: updateAppInfoStateAndProgress downloadState : 1
11-28 15:23:10.157 D/cocos2d-x debug info(14128): JS: --------------------------------------------------------------------------------createTableView spend 158ms
11-28 15:23:10.157 D/cocos2d-x debug info(14128): JS: --------------------------------------------this.registerStateHandler this.stateHandlers : [object Object]
11-28 15:23:10.157 D/cocos2d-x debug info(14128): JS: onLoadColumnInfosSuccess() end
11-28 15:23:10.157 D/cocos2d-x debug info(14128): JS: --------------------------------------------------------------------------------onLoadColumnInfosSuccess spend 195ms
11-28 15:23:10.207 D/cocos2d-x debug info(14128): JS: LRUCache, set item key is /data/data/tv.fun.launcher/cache/poster_1944K8JIGMK9M_美食杰TV版.png, value is undefined
11-28 15:23:10.207 D/cocos2d-x debug info(14128): JS: LRUCache, set item current size is 2
11-28 15:23:10.227 D/cocos2d-x debug info(14128): JS: LRUCache, set item key is /data/data/tv.fun.launcher/cache/poster_1944K3CHVTDV2_波克斗地主.png, value is undefined
11-28 15:23:10.227 D/cocos2d-x debug info(14128): JS: LRUCache, set item current size is 3
11-28 15:23:10.227 D/cocos2d-x debug info(14128): trace_frame: 46.427551
11-28 15:23:10.247 D/cocos2d-x debug info(14128): JS: LRUCache, set item key is /data/data/tv.fun.launcher/cache/poster_1944K4NN518LM_春雨医生TV.png, value is undefined
11-28 15:23:10.247 D/cocos2d-x debug info(14128): JS: LRUCache, set item current size is 4
11-28 15:23:10.297 D/mdns    ( 4397): mDNS_Execute
11-28 15:23:10.297 D/mdns    ( 4397): mDNS_Execute: Skipping LocalAuthRecord    4 Android-2.local. Addr 172.16.13.147
11-28 15:23:10.297 D/mdns    ( 4397): mDNS_Execute: Skipping LocalAuthRecord   16 Android-2.local. AAAA FE80:0000:0000:0000:026D:0EFF:FE03:A545
11-28 15:23:10.297 D/mdns    ( 4397): mDNS_Execute: Setting NewLocalRecords to    4 Android-2.local. Addr 172.16.13.147
11-28 15:23:10.297 D/mdns    ( 4397): SendQueries:   Put Question 006d0e03a545@MiniMax._raop._tcp.local. (SRV) probecount 1
11-28 15:23:10.297 D/mdns    ( 4397): SendQueries:   Put Question MiniMax._airplay._tcp.local. (SRV) probecount 1
11-28 15:23:10.297 D/mdns    ( 4397): SendQueries:   Put Question Android-2.local. (Addr) probecount 1
11-28 15:23:10.297 D/mdns    ( 4397): SendQueries:   Put Question Android-2.local. (AAAA) probecount 1
11-28 15:23:10.297 D/mdns    ( 4397): SendQueries putting   24 . OPT Max 1440 Vers 0 Seq   0 MAC 00:00:00:00:00:00 I-MAC 2D:32:05:6C:6F:63
11-28 15:23:10.297 D/mdns    ( 4397): SendQueries:   Sending 4 Questions 0 Answers 4 Updates on 412BA7A0
11-28 15:23:10.297 D/mdns    ( 4397): SocketDataReady got a packet from 172.16.13.147 to 224.0.0.251 on interface 172.16.13.147/wlan0/7/308
11-28 15:23:10.297 D/mdns    ( 4397): Received Query from 172.16.13.147  :5353  to 224.0.0.251    :5353  on 0x412BA7A0 with  4 Questions,  0 Answers,  4 Authorities,  1 Additional  201 bytes
11-28 15:23:10.297 D/mdns    ( 4397): SocketDataReady got a packet from FE80:0000:0000:0000:026D:0EFF:FE03:A545 to FF02:0000:0000:0000:0000:0000:0000:00FB on interface 172.16.13.147/wlan0/7/309
11-28 15:23:10.297 D/mdns    ( 4397): Received Query from FE80:0000:0000:0000:026D:0EFF:FE03:A545:5353  to FF02:0000:0000:0000:0000:0000:0000:00FB:5353  on 0x412BA7A0 with  4 Questions,  0 Answers,  4 Authorities,  1 Additional  201 bytes
11-28 15:23:10.317 D/cocos2d-x debug info(14128): trace_frame: 67.363403
11-28 15:23:10.397 D/mdns    ( 4397): mDNS_Execute
11-28 15:23:10.397 D/mdns    ( 4397): mDNS_Execute: Skipping LocalAuthRecord    4 Android-2.local. Addr 172.16.13.147
11-28 15:23:10.397 D/mdns    ( 4397): mDNS_Execute: Skipping LocalAuthRecord   16 Android-2.local. AAAA FE80:0000:0000:0000:026D:0EFF:FE03:A545
11-28 15:23:10.397 D/mdns    ( 4397): mDNS_Execute: Setting NewLocalRecords to    4 Android-2.local. Addr 172.16.13.147
11-28 15:23:10.427 D/cocos2d-x debug info(14128): JS: LRUCache, set item key is /data/data/tv.fun.launcher/cache/poster_1944KB87QRJ6O_logo.png, value is undefined
11-28 15:23:10.427 D/cocos2d-x debug info(14128): JS: LRUCache, set item current size is 5
11-28 15:23:10.447 D/cocos2d-x debug info(14128): trace_frame: 40.793015
11-28 15:23:10.547 D/mdns    ( 4397): mDNS_Execute
11-28 15:23:10.547 D/mdns    ( 4397): mDNS_Execute: Skipping LocalAuthRecord    4 Android-2.local. Addr 172.16.13.147
11-28 15:23:10.547 D/mdns    ( 4397): mDNS_Execute: Skipping LocalAuthRecord   16 Android-2.local. AAAA FE80:0000:0000:0000:026D:0EFF:FE03:A545
11-28 15:23:10.547 D/mdns    ( 4397): mDNS_Execute: Setting NewLocalRecords to    4 Android-2.local. Addr 172.16.13.147
11-28 15:23:10.547 D/mdns    ( 4397): mDNS_HostNameCallback: Android-2.local. (Addr) Name registered (0)
11-28 15:23:10.547 D/mdns    ( 4397): mDNS_HostNameCallback: Android-2.local. (AAAA) Name registered (0)
11-28 15:23:10.547 D/mdns    ( 4397): SendQueries:   Put Question 006d0e03a545@MiniMax._raop._tcp.local. (SRV) probecount 0
11-28 15:23:10.547 D/mdns    ( 4397): SendQueries:   Put Question MiniMax._airplay._tcp.local. (SRV) probecount 0
11-28 15:23:10.547 D/mdns    ( 4397): SendQueries:   Put Question Android-2.local. (Addr) probecount 0
11-28 15:23:10.547 D/mdns    ( 4397): SendQueries:   Put Question Android-2.local. (AAAA) probecount 0
11-28 15:23:10.547 D/mdns    ( 4397): SendQueries putting   24 . OPT Max 1440 Vers 0 Seq   0 MAC 00:00:00:00:00:00 I-MAC 2D:32:05:6C:6F:63
11-28 15:23:10.547 D/mdns    ( 4397): SendQueries:   Sending 4 Questions 0 Answers 4 Updates on 412BA7A0
11-28 15:23:10.547 D/mdns    ( 4397): SocketDataReady got a packet from 172.16.13.147 to 224.0.0.251 on interface 172.16.13.147/wlan0/7/308
11-28 15:23:10.547 D/mdns    ( 4397): Received Query from 172.16.13.147  :5353  to 224.0.0.251    :5353  on 0x412BA7A0 with  4 Questions,  0 Answers,  4 Authorities,  1 Additional  201 bytes
11-28 15:23:10.547 D/mdns    ( 4397): SocketDataReady got a packet from FE80:0000:0000:0000:026D:0EFF:FE03:A545 to FF02:0000:0000:0000:0000:0000:0000:00FB on interface 172.16.13.147/wlan0/7/309
11-28 15:23:10.547 D/mdns    ( 4397): Received Query from FE80:0000:0000:0000:026D:0EFF:FE03:A545:5353  to FF02:0000:0000:0000:0000:0000:0000:00FB:5353  on 0x412BA7A0 with  4 Questions,  0 Answers,  4 Authorities,  1 Additional  201 bytes
11-28 15:23:10.557 D/cocos2d-x debug info(14128): trace_frame: 63.082382
11-28 15:23:10.597 D/mdns    ( 4397): SocketDataReady got a packet from 172.16.13.34 to 224.0.0.251 on interface 172.16.13.147/wlan0/7/308
11-28 15:23:10.597 D/mdns    ( 4397): Received Response from 172.16.13.34    addressed to 224.0.0.251     on 412BA7A0 with  0 Questions,  3 Answers,  0 Authorities,  0 Additionals 183 bytes LLQType 0
11-28 15:23:10.647 D/mdns    ( 4397): mDNS_Execute
11-28 15:23:10.647 D/mdns    ( 4397): mDNS_Execute: Skipping LocalAuthRecord    4 Android-2.local. Addr 172.16.13.147
11-28 15:23:10.647 D/mdns    ( 4397): mDNS_Execute: Skipping LocalAuthRecord   16 Android-2.local. AAAA FE80:0000:0000:0000:026D:0EFF:FE03:A545
11-28 15:23:10.647 D/mdns    ( 4397): mDNS_Execute: Setting NewLocalRecords to    4 Android-2.local. Addr 172.16.13.147
11-28 15:23:10.667 D/cocos2d-x debug info(14128): trace_frame: 60.263786
11-28 15:23:10.757 D/mdns    ( 4397): mDNS_Execute
11-28 15:23:10.757 D/mdns    ( 4397): mDNS_Execute: Skipping LocalAuthRecord    4 Android-2.local. Addr 172.16.13.147
11-28 15:23:10.757 D/mdns    ( 4397): mDNS_Execute: Skipping LocalAuthRecord   16 Android-2.local. AAAA FE80:0000:0000:0000:026D:0EFF:FE03:A545
11-28 15:23:10.757 D/mdns    ( 4397): mDNS_Execute: Setting NewLocalRecords to    4 Android-2.local. Addr 172.16.13.147
11-28 15:23:10.757 D/mdns    ( 4397): SendResponses: Next in 295 ticks
11-28 15:23:10.767 D/cocos2d-x debug info(14128): trace_frame: 59.908340
11-28 15:23:10.797 D/mdns    ( 4397): mDNS_Execute
11-28 15:23:10.797 D/mdns    ( 4397): mDNS_Execute: Skipping LocalAuthRecord    4 Android-2.local. Addr 172.16.13.147
11-28 15:23:10.797 D/mdns    ( 4397): mDNS_Execute: Skipping LocalAuthRecord   16 Android-2.local. AAAA FE80:0000:0000:0000:026D:0EFF:FE03:A545
11-28 15:23:10.797 D/mdns    ( 4397): mDNS_Execute: Setting NewLocalRecords to    4 Android-2.local. Addr 172.16.13.147
11-28 15:23:10.797 D/mdns    ( 4397): Announcing 006d0e03a545@MiniMax._raop._tcp.local. (TXT) 7
11-28 15:23:10.797 D/mdns    ( 4397): Announcing _services._dns-sd._udp.local. (PTR) 7
11-28 15:23:10.797 D/mdns    ( 4397): Announcing _raop._tcp.local. (PTR) 7
11-28 15:23:10.797 D/mdns    ( 4397): Announcing MiniMax._airplay._tcp.local. (TXT) 7
11-28 15:23:10.797 D/mdns    ( 4397): Announcing _services._dns-sd._udp.local. (PTR) 7
11-28 15:23:10.797 D/mdns    ( 4397): Announcing _airplay._tcp.local. (PTR) 7
11-28 15:23:10.797 D/mdns    ( 4397): Announcing 006d0e03a545@MiniMax._raop._tcp.local. (SRV) 7
11-28 15:23:10.797 D/mdns    ( 4397): Announcing MiniMax._airplay._tcp.local. (SRV) 7
11-28 15:23:10.797 D/mdns    ( 4397): Announcing 147.13.16.172.in-addr.arpa. (PTR) 7
11-28 15:23:10.797 D/mdns    ( 4397): Announcing 5.4.5.A.3.0.E.F.F.F.E.0.D.6.2.0.0.0.0.0.0.0.0.0.0.0.0.0.0.8.E.F.ip6.arpa. (PTR) 7
11-28 15:23:10.797 D/mdns    ( 4397): Announcing Android-2.local. (Addr) 7
11-28 15:23:10.797 D/mdns    ( 4397): Announcing Android-2.local. (AAAA) 7
11-28 15:23:10.797 D/mdns    ( 4397): SendResponses put     24 . OPT Max 1440 Vers 0 Seq   0 MAC 00:00:00:00:00:00 I-MAC 2D:32:05:6C:6F:63
11-28 15:23:10.797 D/mdns    ( 4397): SendResponses: Sending 0 Deregistrations, 12 Announcements, 0 Answers, 6 Additionals on 412BA7A0
11-28 15:23:10.797 D/mdns    ( 4397): SendResponses: Next in 1024 ticks
11-28 15:23:10.797 D/mdns    ( 4397): mDNS_Execute
11-28 15:23:10.797 D/mdns    ( 4397): mDNS_Execute: Delivering Add event with LocalAuthRecord    4 Android-2.local. Addr 172.16.13.147
11-28 15:23:10.797 D/mdns    ( 4397): mDNS_Execute: Delivering Add event with LocalAuthRecord   16 Android-2.local. AAAA FE80:0000:0000:0000:026D:0EFF:FE03:A545
11-28 15:23:10.797 D/mdns    ( 4397): mDNS_Execute: Setting NewLocalRecords to NULL
11-28 15:23:10.797 D/mdns    ( 4397): SocketDataReady got a packet from 172.16.13.147 to 224.0.0.251 on interface 172.16.13.147/wlan0/7/308
11-28 15:23:10.797 D/mdns    ( 4397): Received Response from 172.16.13.147   addressed to 224.0.0.251     on 412BA7A0 with  0 Questions, 12 Answers,  0 Authorities,  6 Additionals 690 bytes LLQType 0
11-28 15:23:10.797 D/mdns    ( 4397): SocketDataReady got a packet from FE80:0000:0000:0000:026D:0EFF:FE03:A545 to FF02:0000:0000:0000:0000:0000:0000:00FB on interface 172.16.13.147/wlan0/7/309
11-28 15:23:10.797 D/mdns    ( 4397): Received Response from FE80:0000:0000:0000:026D:0EFF:FE03:A545 addressed to FF02:0000:0000:0000:0000:0000:0000:00FB on 412BA7A0 with  0 Questions, 12 Answers,  0 Authorities,  6 Additionals 690 bytes LLQType 0
11-28 15:23:10.797 D/mdns    ( 4397): Found record size   115 interface 412BA7A0 already in cache:  115 006d0e03a545@MiniMax._raop._tcp.local. TXT ch=2¦cn=0,1¦da=true¦ek=1¦et=0,1¦md=0,1,2¦pw=false¦sm=false¦sr=44100¦ss=16¦sv=false¦tp=UDP¦txtvers=
11-28 15:23:10.797 D/mdns    ( 4397): Found record size    75 interface 412BA7A0 already in cache:   75 MiniMax._airplay._tcp.local. TXT deviceid=00:6d:0e:03:a5:45¦features=0x2077¦model=AppleTV2,1¦srcvers=101.28
11-28 15:23:10.797 D/mdns    ( 4397): Found record size    78 interface 412BA7A0 already in cache:   78 5.4.5.A.3.0.E.F.F.F.E.0.D.6.2.0.0.0.0.0.0.0.0.0.0.0.0.0.0.8.E.F.ip6.arpa. NSEC PTR 
11-28 15:23:10.887 D/cocos2d-x debug info(14128): trace_frame: 60.011658
11-28 15:23:10.897 D/mdns    ( 4397): mDNS_Execute
11-28 15:23:10.897 D/mdns    ( 4397): mDNS_Execute: Setting NewLocalRecords to NULL
11-28 15:23:10.987 D/cocos2d-x debug info(14128): trace_frame: 59.703274
11-28 15:23:11.107 D/cocos2d-x debug info(14128): trace_frame: 60.252892
11-28 15:23:11.227 D/cocos2d-x debug info(14128): trace_frame: 59.201626
11-28 15:23:11.337 D/cocos2d-x debug info(14128): trace_frame: 60.406796
11-28 15:23:11.457 D/cocos2d-x debug info(14128): trace_frame: 59.981827
11-28 15:23:11.567 D/cocos2d-x debug info(14128): trace_frame: 60.512280
11-28 15:23:11.687 D/cocos2d-x debug info(14128): trace_frame: 59.911503
11-28 15:23:11.797 D/mdns    ( 4397): mDNS_Execute
11-28 15:23:11.797 D/mdns    ( 4397): mDNS_Execute: Setting NewLocalRecords to NULL
11-28 15:23:11.797 D/mdns    ( 4397): Announcing 006d0e03a545@MiniMax._raop._tcp.local. (TXT) 6
11-28 15:23:11.797 D/mdns    ( 4397): Announcing _services._dns-sd._udp.local. (PTR) 6
11-28 15:23:11.797 D/mdns    ( 4397): Announcing _raop._tcp.local. (PTR) 6
11-28 15:23:11.797 D/mdns    ( 4397): Announcing MiniMax._airplay._tcp.local. (TXT) 6
11-28 15:23:11.797 D/mdns    ( 4397): Announcing _services._dns-sd._udp.local. (PTR) 6
11-28 15:23:11.797 D/mdns    ( 4397): Announcing _airplay._tcp.local. (PTR) 6
11-28 15:23:11.797 D/mdns    ( 4397): Announcing 006d0e03a545@MiniMax._raop._tcp.local. (SRV) 6
11-28 15:23:11.797 D/mdns    ( 4397): Announcing MiniMax._airplay._tcp.local. (SRV) 6
11-28 15:23:11.797 D/mdns    ( 4397): Announcing 147.13.16.172.in-addr.arpa. (PTR) 6
11-28 15:23:11.797 D/mdns    ( 4397): Announcing 5.4.5.A.3.0.E.F.F.F.E.0.D.6.2.0.0.0.0.0.0.0.0.0.0.0.0.0.0.8.E.F.ip6.arpa. (PTR) 6
11-28 15:23:11.797 D/mdns    ( 4397): Announcing Android-2.local. (Addr) 6
11-28 15:23:11.797 D/mdns    ( 4397): Announcing Android-2.local. (AAAA) 6
11-28 15:23:11.797 D/mdns    ( 4397): SendResponses put     24 . OPT Max 1440 Vers 0 Seq   0 MAC 00:00:00:00:00:00 I-MAC 2D:32:05:6C:6F:63
11-28 15:23:11.797 D/mdns    ( 4397): SendResponses: Sending 0 Deregistrations, 12 Announcements, 0 Answers, 6 Additionals on 412BA7A0
11-28 15:23:11.797 D/mdns    ( 4397): SendResponses: Next in 2048 ticks
11-28 15:23:11.797 D/mdns    ( 4397): SocketDataReady got a packet from 172.16.13.147 to 224.0.0.251 on interface 172.16.13.147/wlan0/7/308
11-28 15:23:11.797 D/mdns    ( 4397): Received Response from 172.16.13.147   addressed to 224.0.0.251     on 412BA7A0 with  0 Questions, 12 Answers,  0 Authorities,  6 Additionals 690 bytes LLQType 0
11-28 15:23:11.797 D/mdns    ( 4397): Found record size   115 interface 412BA7A0 already in cache:  115 006d0e03a545@MiniMax._raop._tcp.local. TXT ch=2¦cn=0,1¦da=true¦ek=1¦et=0,1¦md=0,1,2¦pw=false¦sm=false¦sr=44100¦ss=16¦sv=false¦tp=UDP¦txtvers=
11-28 15:23:11.797 D/mdns    ( 4397): Found record size    75 interface 412BA7A0 already in cache:   75 MiniMax._airplay._tcp.local. TXT deviceid=00:6d:0e:03:a5:45¦features=0x2077¦model=AppleTV2,1¦srcvers=101.28
11-28 15:23:11.797 D/mdns    ( 4397): Found record size    78 interface 412BA7A0 already in cache:   78 5.4.5.A.3.0.E.F.F.F.E.0.D.6.2.0.0.0.0.0.0.0.0.0.0.0.0.0.0.8.E.F.ip6.arpa. NSEC PTR 
11-28 15:23:11.797 D/mdns    ( 4397): SocketDataReady got a packet from FE80:0000:0000:0000:026D:0EFF:FE03:A545 to FF02:0000:0000:0000:0000:0000:0000:00FB on interface 172.16.13.147/wlan0/7/309
11-28 15:23:11.797 D/mdns    ( 4397): Received Response from FE80:0000:0000:0000:026D:0EFF:FE03:A545 addressed to FF02:0000:0000:0000:0000:0000:0000:00FB on 412BA7A0 with  0 Questions, 12 Answers,  0 Authorities,  6 Additionals 690 bytes LLQType 0
11-28 15:23:11.797 D/mdns    ( 4397): Found record size   115 interface 412BA7A0 already in cache:  115 006d0e03a545@MiniMax._raop._tcp.local. TXT ch=2¦cn=0,1¦da=true¦ek=1¦et=0,1¦md=0,1,2¦pw=false¦sm=false¦sr=44100¦ss=16¦sv=false¦tp=UDP¦txtvers=
11-28 15:23:11.797 D/mdns    ( 4397): Found record size    75 interface 412BA7A0 already in cache:   75 MiniMax._airplay._tcp.local. TXT deviceid=00:6d:0e:03:a5:45¦features=0x2077¦model=AppleTV2,1¦srcvers=101.28
11-28 15:23:11.797 D/mdns    ( 4397): Found record size    78 interface 412BA7A0 already in cache:   78 5.4.5.A.3.0.E.F.F.F.E.0.D.6.2.0.0.0.0.0.0.0.0.0.0.0.0.0.0.8.E.F.ip6.arpa. NSEC PTR 
11-28 15:23:11.807 D/cocos2d-x debug info(14128): trace_frame: 58.951839
11-28 15:23:11.857 D/dalvikvm(22184): GC_CONCURRENT freed 968K, 22% free 6730K/8544K, paused 5ms+4ms, total 49ms
11-28 15:23:11.857 D/dalvikvm(22184): WAIT_FOR_CONCURRENT_GC blocked 40ms
11-28 15:23:11.867 D/dalvikvm(22184): WAIT_FOR_CONCURRENT_GC blocked 41ms
11-28 15:23:11.897 D/mdns    ( 4397): mDNS_Execute
11-28 15:23:11.897 D/mdns    ( 4397): mDNS_Execute: Setting NewLocalRecords to NULL
11-28 15:23:11.917 D/cocos2d-x debug info(14128): trace_frame: 61.135902
11-28 15:23:12.037 D/cocos2d-x debug info(14128): trace_frame: 59.938171
11-28 15:23:12.157 D/cocos2d-x debug info(14128): trace_frame: 60.119377
11-28 15:23:12.257 D/cocos2d-x debug info(14128): trace_frame: 59.924496
11-28 15:23:12.367 D/cocos2d-x debug info(14128): trace_frame: 60.060574
11-28 15:23:12.467 D/cocos2d-x debug info(14128): trace_frame: 59.996399
11-28 15:23:12.567 D/cocos2d-x debug info(14128): trace_frame: 59.968220
11-28 15:23:12.687 D/cocos2d-x debug info(14128): trace_frame: 59.865898
11-28 15:23:12.737 D/dalvikvm(22184): GC_CONCURRENT freed 838K, 22% free 6688K/8544K, paused 6ms+4ms, total 49ms
11-28 15:23:12.787 D/cocos2d-x debug info(14128): trace_frame: 59.570496
11-28 15:23:12.887 D/cocos2d-x debug info(14128): trace_frame: 59.617851
11-28 15:23:13.007 D/cocos2d-x debug info(14128): trace_frame: 60.860561
11-28 15:23:13.117 D/cocos2d-x debug info(14128): trace_frame: 60.004978
11-28 15:23:13.217 D/cocos2d-x debug info(14128): trace_frame: 59.996998
11-28 15:23:13.277 D/mdns    ( 4397): SocketDataReady got a packet from 172.16.13.34 to 224.0.0.251 on interface 172.16.13.147/wlan0/7/308
11-28 15:23:13.277 D/mdns    ( 4397): Received Response from 172.16.13.34    addressed to 224.0.0.251     on 412BA7A0 with  0 Questions,  3 Answers,  0 Authorities,  0 Additionals 275 bytes LLQType 0
11-28 15:23:13.317 D/cocos2d-x debug info(14128): trace_frame: 59.995800
11-28 15:23:13.417 D/cocos2d-x debug info(14128): trace_frame: 59.922100
11-28 15:23:13.537 D/cocos2d-x debug info(14128): trace_frame: 60.038940
11-28 15:23:13.657 D/cocos2d-x debug info(14128): trace_frame: 60.051292
11-28 15:23:13.677 D/launcher_auto(14128): launcher_auto: sendkey and wait.
11-28 15:23:13.757 D/cocos2d-x debug info(14128): trace_frame: 59.959225
11-28 15:23:13.797 D/mdns    ( 4397): mDNS_Execute
11-28 15:23:13.797 D/mdns    ( 4397): mDNS_Execute: Setting NewLocalRecords to NULL
11-28 15:23:13.797 D/mdns    ( 4397): Announcing 006d0e03a545@MiniMax._raop._tcp.local. (TXT) 5
11-28 15:23:13.797 D/mdns    ( 4397): Announcing _services._dns-sd._udp.local. (PTR) 5
11-28 15:23:13.797 D/mdns    ( 4397): Announcing _raop._tcp.local. (PTR) 5
11-28 15:23:13.797 D/mdns    ( 4397): Announcing MiniMax._airplay._tcp.local. (TXT) 5
11-28 15:23:13.797 D/mdns    ( 4397): Announcing _services._dns-sd._udp.local. (PTR) 5
11-28 15:23:13.797 D/mdns    ( 4397): Announcing _airplay._tcp.local. (PTR) 5
11-28 15:23:13.797 D/mdns    ( 4397): Announcing 006d0e03a545@MiniMax._raop._tcp.local. (SRV) 5
11-28 15:23:13.797 D/mdns    ( 4397): Announcing MiniMax._airplay._tcp.local. (SRV) 5
11-28 15:23:13.797 D/mdns    ( 4397): Announcing 147.13.16.172.in-addr.arpa. (PTR) 5
11-28 15:23:13.797 D/mdns    ( 4397): Announcing 5.4.5.A.3.0.E.F.F.F.E.0.D.6.2.0.0.0.0.0.0.0.0.0.0.0.0.0.0.8.E.F.ip6.arpa. (PTR) 5
11-28 15:23:13.797 D/mdns    ( 4397): Announcing Android-2.local. (Addr) 5
11-28 15:23:13.797 D/mdns    ( 4397): Announcing Android-2.local. (AAAA) 5
11-28 15:23:13.797 D/mdns    ( 4397): SendResponses put     24 . OPT Max 1440 Vers 0 Seq   0 MAC 00:00:00:00:00:00 I-MAC 2D:32:05:6C:6F:63
11-28 15:23:13.797 D/mdns    ( 4397): SendResponses: Sending 0 Deregistrations, 12 Announcements, 0 Answers, 6 Additionals on 412BA7A0
11-28 15:23:13.797 D/mdns    ( 4397): SendResponses: Next in 4096 ticks
11-28 15:23:13.797 D/mdns    ( 4397): SocketDataReady got a packet from 172.16.13.147 to 224.0.0.251 on interface 172.16.13.147/wlan0/7/308
11-28 15:23:13.797 D/mdns    ( 4397): Received Response from 172.16.13.147   addressed to 224.0.0.251     on 412BA7A0 with  0 Questions, 12 Answers,  0 Authorities,  6 Additionals 690 bytes LLQType 0
11-28 15:23:13.797 D/mdns    ( 4397): Found record size   115 interface 412BA7A0 already in cache:  115 006d0e03a545@MiniMax._raop._tcp.local. TXT ch=2¦cn=0,1¦da=true¦ek=1¦et=0,1¦md=0,1,2¦pw=false¦sm=false¦sr=44100¦ss=16¦sv=false¦tp=UDP¦txtvers=
11-28 15:23:13.797 D/mdns    ( 4397): Found record size    75 interface 412BA7A0 already in cache:   75 MiniMax._airplay._tcp.local. TXT deviceid=00:6d:0e:03:a5:45¦features=0x2077¦model=AppleTV2,1¦srcvers=101.28
11-28 15:23:13.797 D/mdns    ( 4397): Found record size    78 interface 412BA7A0 already in cache:   78 5.4.5.A.3.0.E.F.F.F.E.0.D.6.2.0.0.0.0.0.0.0.0.0.0.0.0.0.0.8.E.F.ip6.arpa. NSEC PTR 
11-28 15:23:13.797 D/mdns    ( 4397): SocketDataReady got a packet from FE80:0000:0000:0000:026D:0EFF:FE03:A545 to FF02:0000:0000:0000:0000:0000:0000:00FB on interface 172.16.13.147/wlan0/7/309
11-28 15:23:13.797 D/mdns    ( 4397): Received Response from FE80:0000:0000:0000:026D:0EFF:FE03:A545 addressed to FF02:0000:0000:0000:0000:0000:0000:00FB on 412BA7A0 with  0 Questions, 12 Answers,  0 Authorities,  6 Additionals 690 bytes LLQType 0
11-28 15:23:13.797 D/mdns    ( 4397): Found record size   115 interface 412BA7A0 already in cache:  115 006d0e03a545@MiniMax._raop._tcp.local. TXT ch=2¦cn=0,1¦da=true¦ek=1¦et=0,1¦md=0,1,2¦pw=false¦sm=false¦sr=44100¦ss=16¦sv=false¦tp=UDP¦txtvers=
11-28 15:23:13.797 D/mdns    ( 4397): Found record size    75 interface 412BA7A0 already in cache:   75 MiniMax._airplay._tcp.local. TXT deviceid=00:6d:0e:03:a5:45¦features=0x2077¦model=AppleTV2,1¦srcvers=101.28
11-28 15:23:13.797 D/mdns    ( 4397): Found record size    78 interface 412BA7A0 already in cache:   78 5.4.5.A.3.0.E.F.F.F.E.0.D.6.2.0.0.0.0.0.0.0.0.0.0.0.0.0.0.8.E.F.ip6.arpa. NSEC PTR 
11-28 15:23:13.867 D/cocos2d-x debug info(14128): trace_frame: 59.916630
11-28 15:23:13.897 D/mdns    ( 4397): mDNS_Execute
11-28 15:23:13.897 D/mdns    ( 4397): mDNS_Execute: Setting NewLocalRecords to NULL
11-28 15:23:13.987 D/cocos2d-x debug info(14128): trace_frame: 60.074493
11-28 15:23:14.087 D/cocos2d-x debug info(14128): trace_frame: 59.807434
11-28 15:23:14.187 D/cocos2d-x debug info(14128): JS: keyCode : 157
11-28 15:23:14.187 D/cocos2d-x debug info(14128): JS: =======================switchMenu turnLeft : false
11-28 15:23:14.187 D/cocos2d-x debug info(14128): JS: switchMenuState31 currentIndex:2moveDis:768
11-28 15:23:14.197 D/cocos2d-x debug info(14128): JS: =======================switchMenu turnRight time is : 4
11-28 15:23:14.197 D/cocos2d-x debug info(14128): trace_frame: 56.552021
11-28 15:23:14.307 D/cocos2d-x debug info(14128): JS: =======================switchMenuState after getLocalAppsInfo time is : 114
11-28 15:23:14.307 D/cocos2d-x debug info(14128): JS: switchMenuState, lastIndex = 1, currentIndex = 2
11-28 15:23:14.307 D/cocos2d-x debug info(14128): trace_frame: 63.473637
11-28 15:23:14.407 D/cocos2d-x debug info(14128): JS: =======================switchMenuState reloadTabData2
11-28 15:23:14.407 D/cocos2d-x debug info(14128): JS: setData[object Object],[object Object],[object Object],[object Object],[object Object],[object Object],[object Object],[object Object],[object Object]
11-28 15:23:14.407 D/cocos2d-x debug info(14128): JS: this.mFocusImage.x327.5 y:212
11-28 15:23:14.407 D/cocos2d-x debug info(14128): JS: setAppServerInfo appServerInfo : [object Object]
11-28 15:23:14.407 D/cocos2d-x debug info(14128): JS: setAppServerInfo app.serverInfo : undefined
11-28 15:23:14.417 D/cocos2d-x debug info(14128): JS: _initAppInstallState packageName : com.chinavoicepoll.tv
11-28 15:23:14.417 D/JniHelper(14128): JniHelper::getJavaVM(), pthread_self() = 1529184920
11-28 15:23:14.417 I/PackageUtil(14128): getPackageInfo, packageName not found, name is com.chinavoicepoll.tv
11-28 15:23:14.417 D/JniHelper(14128): JniHelper::getJavaVM(), pthread_self() = 1529184920
11-28 15:23:14.417 D/cocos2d-x debug info(14128): JS: setAppServerInfo appServerInfo : [object Object]
11-28 15:23:14.417 D/cocos2d-x debug info(14128): JS: launcherAppAdapter updateData cell0
11-28 15:23:14.417 D/cocos2d-x debug info(14128): JS: launcherAppAdapter fillData cell0
11-28 15:23:14.417 D/cocos2d-x debug info(14128): JS: this.mData.length90
11-28 15:23:14.427 D/JniHelper(14128): JniHelper::getJavaVM(), pthread_self() = 1529184920
11-28 15:23:14.427 D/FileUtil(14128): getImageFilePathByUrl, url is http://172.16.12.58:8080/meedo-img/83fd98/c4ca42/poster_193PET5MP9JIR_9208c65365a271fde2ef7dfc502240981b97b6e2.png
11-28 15:23:14.427 D/FileUtil(14128): getImageFilePathByUrl, fileName is poster_193PET5MP9JIR_9208c65365a271fde2ef7dfc502240981b97b6e2.png
11-28 15:23:14.427 D/JniHelper(14128): JniHelper::getJavaVM(), pthread_self() = 1529184920
11-28 15:23:14.427 D/cocos2d-x debug info(14128): JS: updateAppInfoStateAndProgress downloadState : 1
11-28 15:23:14.437 D/cocos2d-x debug info(14128): JS: setAppServerInfo appServerInfo : [object Object]
11-28 15:23:14.437 D/cocos2d-x debug info(14128): JS: setAppServerInfo app.serverInfo : undefined
11-28 15:23:14.437 D/cocos2d-x debug info(14128): JS: _initAppInstallState packageName : com.slanissue.tv.erge
11-28 15:23:14.437 D/JniHelper(14128): JniHelper::getJavaVM(), pthread_self() = 1529184920
11-28 15:23:14.437 D/JniHelper(14128): JniHelper::getJavaVM(), pthread_self() = 1529184920
11-28 15:23:14.437 D/cocos2d-x debug info(14128): JS: setAppServerInfo appServerInfo : [object Object]
11-28 15:23:14.437 D/cocos2d-x debug info(14128): JS: launcherAppAdapter updateData cell1
11-28 15:23:14.437 D/cocos2d-x debug info(14128): JS: launcherAppAdapter fillData cell1
11-28 15:23:14.447 D/cocos2d-x debug info(14128): JS: this.mData.length91
11-28 15:23:14.447 D/JniHelper(14128): JniHelper::getJavaVM(), pthread_self() = 1529184920
11-28 15:23:14.447 D/FileUtil(14128): getImageFilePathByUrl, url is http://172.16.12.58:8080/meedo-img/a0434e/b6d767/poster_1944JRDNTLUDG_贝瓦儿歌.png
11-28 15:23:14.447 D/FileUtil(14128): getImageFilePathByUrl, fileName is poster_1944JRDNTLUDG_贝瓦儿歌.png
11-28 15:23:14.447 D/JniHelper(14128): JniHelper::getJavaVM(), pthread_self() = 1529184920
11-28 15:23:14.447 D/cocos2d-x debug info(14128): JS: updateAppInfoStateAndProgress downloadState : 1
11-28 15:23:14.447 D/cocos2d-x debug info(14128): JS: setAppServerInfo appServerInfo : [object Object]
11-28 15:23:14.457 D/cocos2d-x debug info(14128): JS: setAppServerInfo app.serverInfo : undefined
11-28 15:23:14.457 D/cocos2d-x debug info(14128): JS: _initAppInstallState packageName : com.example.test.two
11-28 15:23:14.457 D/JniHelper(14128): JniHelper::getJavaVM(), pthread_self() = 1529184920
11-28 15:23:14.457 I/PackageUtil(14128): getPackageInfo, packageName not found, name is com.example.test.two
11-28 15:23:14.457 D/JniHelper(14128): JniHelper::getJavaVM(), pthread_self() = 1529184920
11-28 15:23:14.457 D/cocos2d-x debug info(14128): JS: setAppServerInfo appServerInfo : [object Object]
11-28 15:23:14.457 D/cocos2d-x debug info(14128): JS: launcherAppAdapter updateData cell2
11-28 15:23:14.467 D/cocos2d-x debug info(14128): JS: launcherAppAdapter fillData cell2
11-28 15:23:14.467 D/cocos2d-x debug info(14128): JS: this.mData.length92
11-28 15:23:14.467 D/JniHelper(14128): JniHelper::getJavaVM(), pthread_self() = 1529184920
11-28 15:23:14.467 D/FileUtil(14128): getImageFilePathByUrl, url is http://172.16.12.58:8080/meedo-img/b22c66/c81e72/poster_197QFGFL1SLNC.png
11-28 15:23:14.467 D/FileUtil(14128): getImageFilePathByUrl, fileName is poster_197QFGFL1SLNC.png
11-28 15:23:14.467 D/JniHelper(14128): JniHelper::getJavaVM(), pthread_self() = 1529184920
11-28 15:23:14.477 D/cocos2d-x debug info(14128): JS: updateAppInfoStateAndProgress downloadState : 1
11-28 15:23:14.477 D/cocos2d-x debug info(14128): JS: setAppServerInfo appServerInfo : [object Object]
11-28 15:23:14.477 D/cocos2d-x debug info(14128): JS: setAppServerInfo app.serverInfo : undefined
11-28 15:23:14.477 D/cocos2d-x debug info(14128): JS: _initAppInstallState packageName : com.youku.tv
11-28 15:23:14.477 D/JniHelper(14128): JniHelper::getJavaVM(), pthread_self() = 1529184920
11-28 15:23:14.477 I/PackageUtil(14128): getPackageInfo, packageName not found, name is com.youku.tv
11-28 15:23:14.477 D/JniHelper(14128): JniHelper::getJavaVM(), pthread_self() = 1529184920
11-28 15:23:14.477 D/cocos2d-x debug info(14128): JS: setAppServerInfo appServerInfo : [object Object]
11-28 15:23:14.487 D/cocos2d-x debug info(14128): JS: launcherAppAdapter updateData cell3
11-28 15:23:14.487 D/cocos2d-x debug info(14128): JS: launcherAppAdapter fillData cell3
11-28 15:23:14.487 D/cocos2d-x debug info(14128): JS: this.mData.length93
11-28 15:23:14.487 D/JniHelper(14128): JniHelper::getJavaVM(), pthread_self() = 1529184920
11-28 15:23:14.487 D/FileUtil(14128): getImageFilePathByUrl, url is http://172.16.12.58:8080/meedo-img/69d678/c4ca42/poster_193PF0ADD66AI_youku_2.5.0.png
11-28 15:23:14.487 D/FileUtil(14128): getImageFilePathByUrl, fileName is poster_193PF0ADD66AI_youku_2.5.0.png
11-28 15:23:14.487 D/JniHelper(14128): JniHelper::getJavaVM(), pthread_self() = 1529184920
11-28 15:23:14.497 D/cocos2d-x debug info(14128): JS: updateAppInfoStateAndProgress downloadState : 1
11-28 15:23:14.497 D/cocos2d-x debug info(14128): JS: setAppServerInfo appServerInfo : [object Object]
11-28 15:23:14.497 D/cocos2d-x debug info(14128): JS: setAppServerInfo app.serverInfo : undefined
11-28 15:23:14.497 D/cocos2d-x debug info(14128): JS: _initAppInstallState packageName : com.funshion.video
11-28 15:23:14.497 D/JniHelper(14128): JniHelper::getJavaVM(), pthread_self() = 1529184920
11-28 15:23:14.497 I/PackageUtil(14128): getPackageInfo, packageName not found, name is com.funshion.video
11-28 15:23:14.507 D/JniHelper(14128): JniHelper::getJavaVM(), pthread_self() = 1529184920
11-28 15:23:14.507 D/cocos2d-x debug info(14128): JS: setAppServerInfo appServerInfo : [object Object]
11-28 15:23:14.507 D/cocos2d-x debug info(14128): JS: launcherAppAdapter updateData cell4
11-28 15:23:14.507 D/cocos2d-x debug info(14128): JS: launcherAppAdapter fillData cell4
11-28 15:23:14.507 D/cocos2d-x debug info(14128): JS: this.mData.length94
11-28 15:23:14.507 D/JniHelper(14128): JniHelper::getJavaVM(), pthread_self() = 1529184920
11-28 15:23:14.507 D/FileUtil(14128): getImageFilePathByUrl, url is http://172.16.12.58:8080/meedo-img/cc5b6e/a9b7ba/poster_193PFDJGPF2V1_fengxin_dianying_logo.png
11-28 15:23:14.507 D/FileUtil(14128): getImageFilePathByUrl, fileName is poster_193PFDJGPF2V1_fengxin_dianying_logo.png
11-28 15:23:14.517 D/JniHelper(14128): JniHelper::getJavaVM(), pthread_self() = 1529184920
11-28 15:23:14.517 D/cocos2d-x debug info(14128): JS: updateAppInfoStateAndProgress downloadState : 1
11-28 15:23:14.517 D/cocos2d-x debug info(14128): JS: setAppServerInfo appServerInfo : [object Object]
11-28 15:23:14.517 D/cocos2d-x debug info(14128): JS: setAppServerInfo app.serverInfo : undefined
11-28 15:23:14.517 D/cocos2d-x debug info(14128): JS: _initAppInstallState packageName : kantv.radio
11-28 15:23:14.527 D/JniHelper(14128): JniHelper::getJavaVM(), pthread_self() = 1529184920
11-28 15:23:14.527 I/PackageUtil(14128): getPackageInfo, packageName not found, name is kantv.radio
11-28 15:23:14.527 D/JniHelper(14128): JniHelper::getJavaVM(), pthread_self() = 1529184920
11-28 15:23:14.527 D/cocos2d-x debug info(14128): JS: setAppServerInfo appServerInfo : [object Object]
11-28 15:23:14.527 D/cocos2d-x debug info(14128): JS: launcherAppAdapter updateData cell5
11-28 15:23:14.527 D/cocos2d-x debug info(14128): JS: launcherAppAdapter fillData cell5
11-28 15:23:14.527 D/cocos2d-x debug info(14128): JS: this.mData.length95
11-28 15:23:14.537 D/JniHelper(14128): JniHelper::getJavaVM(), pthread_self() = 1529184920
11-28 15:23:14.537 D/FileUtil(14128): getImageFilePathByUrl, url is http://172.16.12.58:8080/meedo-img/834661/c4ca42/poster_193PEUU07MVI3_71bea120c2e672b01660a8a844c8055b.png
11-28 15:23:14.537 D/FileUtil(14128): getImageFilePathByUrl, fileName is poster_193PEUU07MVI3_71bea120c2e672b01660a8a844c8055b.png
11-28 15:23:14.537 D/JniHelper(14128): JniHelper::getJavaVM(), pthread_self() = 1529184920
11-28 15:23:14.537 D/cocos2d-x debug info(14128): JS: updateAppInfoStateAndProgress downloadState : 1
11-28 15:23:14.587 D/dalvikvm(14128): GC_CONCURRENT freed 1642K, 60% free 7487K/18508K, paused 2ms+3ms, total 26ms
11-28 15:23:14.587 D/dalvikvm(14128): WAIT_FOR_CONCURRENT_GC blocked 19ms
11-28 15:23:14.587 D/cocos2d-x debug info(14128): trace_frame: 59.317841
11-28 15:23:14.597 D/cocos2d-x debug info(14128): JS: switchMenuState, setNotFadingIn
11-28 15:23:14.607 D/cocos2d-x debug info(14128): JS: LRUCache, set item key is /data/data/tv.fun.launcher/cache/poster_193PET5MP9JIR_9208c65365a271fde2ef7dfc502240981b97b6e2.png, value is undefined
11-28 15:23:14.607 D/cocos2d-x debug info(14128): JS: LRUCache, set item current size is 6
11-28 15:23:14.607 D/cocos2d-x debug info(14128): trace_frame: 5.235054
11-28 15:23:14.617 D/cocos2d-x debug info(14128): JS: LRUCache, set item key is /data/data/tv.fun.launcher/cache/poster_1944JRDNTLUDG_贝瓦儿歌.png, value is undefined
11-28 15:23:14.617 D/cocos2d-x debug info(14128): JS: LRUCache, set item current size is 7
11-28 15:23:14.627 D/cocos2d-x debug info(14128): JS: LRUCache, set item key is /data/data/tv.fun.launcher/cache/poster_197QFGFL1SLNC.png, value is undefined
