11-28 15:16:39.497 D/mdns    ( 4397): CheckCacheExpiration: Deleting  61441       0 00000000   32 147.13.16.172.in-addr.arpa. NSEC PTR 
11-28 15:16:39.497 D/mdns    ( 4397): CheckCacheExpiration: Updating CacheGroup tail from 400DAB58 to 400D34A0
11-28 15:16:39.497 D/mdns    ( 4397): m->NextCacheCheck   11 Slot  79 hello\032mibox._rc._tcp.local.
11-28 15:16:39.497 D/mdns    ( 4397): CheckCacheExpiration: Deleting  61441       0 00000000   30 hello\032mibox._rc._tcp.local. SRV 0 0 6091 milink-185090187.local.
11-28 15:16:39.497 D/mdns    ( 4397): CheckCacheExpiration: Deleting  61441       0 00000000  158 hello\032mibox._rc._tcp.local. TXT protver=16777216¦prottext=Remote Controller Protocol Version 1.0¦platform_id=205¦scrnw=1280¦scrnh=720¦server_addr
11-28 15:16:39.497 D/mdns    ( 4397): CheckCacheExpiration: Updating CacheGroup tail from 400D7E38 to 400D6848
11-28 15:16:39.497 D/mdns    ( 4397): m->NextCacheCheck   12 Slot  79 MiniMax._airplay._tcp.local.
11-28 15:16:39.497 D/mdns    ( 4397): CheckCacheExpiration: Deleting  61441       0 00000000   75 MiniMax._airplay._tcp.local. TXT deviceid=00:6d:0e:03:a5:45¦features=0x2077¦model=AppleTV2,1¦srcvers=101.28
11-28 15:16:39.497 D/mdns    ( 4397): CheckCacheExpiration: Deleting  61441       0 00000000   23 MiniMax._airplay._tcp.local. SRV 0 0 38421 Android-2.local.
11-28 15:16:39.497 D/mdns    ( 4397): CheckCacheExpiration: Deleting  61441       0 00000000   36 MiniMax._airplay._tcp.local. NSEC TXT SRV 
11-28 15:16:39.497 D/mdns    ( 4397): CheckCacheExpiration: Updating CacheGroup tail from 400D7ED0 to 400D71C8
11-28 15:16:39.497 D/mdns    ( 4397): m->NextCacheCheck   13 Slot 118 172-16-13-147.local.
11-28 15:16:39.497 D/mdns    ( 4397): CheckCacheExpiration: Deleting  61441       0 00000000    4 172-16-13-147.local. Addr 172.16.13.147
11-28 15:16:39.497 D/mdns    ( 4397): CheckCacheExpiration: Updating CacheGroup tail from 400D7C70 to 400D6C70
11-28 15:16:39.497 D/mdns    ( 4397): m->NextCacheCheck   14 Slot 126 客厅的小米盒子\032(4)._rc._tcp.local.
11-28 15:16:39.497 D/mdns    ( 4397): CheckCacheExpiration: Deleting  61441       0 00000000   30 客厅的小米盒子\032(4)._rc._tcp.local. SRV 0 0 6091 milink-199855756.local.
11-28 15:16:39.497 D/mdns    ( 4397): CheckCacheExpiration: Deleting  61441       0 00000000  230 客厅的小米盒子\032(4)._rc._tcp.local. TXT protver=16777472¦prottext=Remote Controller Protocol Version 1.0.1.0¦platform_id=205¦scrnw=1280¦scrn
11-28 15:16:39.497 D/mdns    ( 4397): CheckCacheExpiration: Updating CacheGroup tail from 400D8390 to 400D4A98
11-28 15:16:39.497 D/mdns    ( 4397): m->NextCacheCheck   15 Slot 129 客厅的小米盒子\032(7)._rc._tcp.local.
11-28 15:16:39.497 D/mdns    ( 4397): CheckCacheExpiration: Deleting  61441       0 00000000   30 客厅的小米盒子\032(7)._rc._tcp.local. SRV 0 0 6091 milink-184250014.local.
11-28 15:16:39.497 D/mdns    ( 4397): CheckCacheExpiration: Deleting  61441       0 00000000  230 客厅的小米盒子\032(7)._rc._tcp.local. TXT protver=16777472¦prottext=Remote Controller Protocol Version 1.0.1.0¦platform_id=205¦scrnw=1280¦scrn
11-28 15:16:39.497 D/mdns    ( 4397): CheckCacheExpiration: Updating CacheGroup tail from 400D65E0 to 400D4378
11-28 15:16:39.497 D/mdns    ( 4397): m->NextCacheCheck   16 Slot 166 milink-184250014.local.
11-28 15:16:39.497 D/mdns    ( 4397): CheckCacheExpiration: Deleting  61441       0 00000000    4 milink-184250014.local. Addr 172.16.13.193
11-28 15:16:39.497 D/mdns    ( 4397): CheckCacheExpiration: Updating CacheGroup tail from 400D0B08 to 400D9600
11-28 15:16:39.497 D/mdns    ( 4397): m->NextCacheCheck   17 Slot 168 4cac0582._sub._apple-mobdev2._tcp.local.
11-28 15:16:39.497 D/mdns    ( 4397): CheckCacheExpiration: Deleting  61441       0 00000000   71 4cac0582._sub._apple-mobdev2._tcp.local. PTR 60:d9:c7:73:1f:8c@fe80::62d9:c7ff:fe73:1f8c._apple-mobdev2._tcp.local.
11-28 15:16:39.497 D/mdns    ( 4397): CheckCacheExpiration: Updating CacheGroup tail from 400D28B8 to 400D5678
11-28 15:16:39.497 D/mdns    ( 4397): m->NextCacheCheck   18 Slot 179 Android-2.local.
11-28 15:16:39.497 D/mdns    ( 4397): CheckCacheExpiration: Deleting  61441       0 00000000    4 Android-2.local. Addr 172.16.13.147
11-28 15:16:39.497 D/mdns    ( 4397): CheckCacheExpiration: Deleting  61441       0 00000000   16 Android-2.local. AAAA FE80:0000:0000:0000:026D:0EFF:FE03:A545
11-28 15:16:39.497 D/mdns    ( 4397): CheckCacheExpiration: Deleting  61441       0 00000000   23 Android-2.local. NSEC Addr AAAA 
11-28 15:16:39.497 D/mdns    ( 4397): CheckCacheExpiration: Updating CacheGroup tail from 400D8DA8 to 400D6420
11-28 15:16:39.497 D/mdns    ( 4397): m->NextCacheCheck   19 Slot 182 9.2.d.3.0.1.9.2.8.a.7.c.5.2.0.1.0.0.0.0.0.0.0.0.0.0.0.0.0.8.e.f.ip6.arpa.
11-28 15:16:39.497 D/mdns    ( 4397): CheckCacheExpiration: Deleting  61441       0 00000000   14 9.2.d.3.0.1.9.2.8.a.7.c.5.2.0.1.0.0.0.0.0.0.0.0.0.0.0.0.0.8.e.f.ip6.arpa. PTR iPhone.local.
11-28 15:16:39.497 D/mdns    ( 4397): CheckCacheExpiration: Updating CacheGroup tail from 400D9560 to 400D0A78
11-28 15:16:39.497 D/mdns    ( 4397): m->NextCacheCheck   20 Slot 185 houyz.local.
11-28 15:16:39.497 D/mdns    ( 4397): CheckCacheExpiration: Deleting  61441       0 00000000    4 houyz.local. Addr 172.16.13.121
11-28 15:16:39.497 D/mdns    ( 4397): CheckCacheExpiration: Deleting  61441       0 00000000   16 houyz.local. AAAA FE80:0000:0000:0000:B0F9:BDF6:1E7C:02FE
11-28 15:16:39.497 D/mdns    ( 4397): CheckCacheExpiration: Deleting  61441       0 00000000   19 houyz.local. NSEC Addr AAAA 
11-28 15:16:39.497 D/mdns    ( 4397): CheckCacheExpiration: Updating CacheGroup tail from 400D0E00 to 400D8858
11-28 15:16:39.497 D/mdns    ( 4397): m->NextCacheCheck   21 Slot 187 E.F.2.0.C.7.E.1.6.F.D.B.9.F.0.B.0.0.0.0.0.0.0.0.0.0.0.0.0.8.E.F.ip6.arpa.
11-28 15:16:39.497 D/mdns    ( 4397): CheckCacheExpiration: Deleting  61441       0 00000000   13 E.F.2.0.C.7.E.1.6.F.D.B.9.F.0.B.0.0.0.0.0.0.0.0.0.0.0.0.0.8.E.F.ip6.arpa. PTR houyz.local.
11-28 15:16:39.497 D/mdns    ( 4397): CheckCacheExpiration: Deleting  61441       0 00000000   78 E.F.2.0.C.7.E.1.6.F.D.B.9.F.0.B.0.0.0.0.0.0.0.0.0.0.0.0.0.8.E.F.ip6.arpa. NSEC PTR 
11-28 15:16:39.497 D/mdns    ( 4397): CheckCacheExpiration: Updating CacheGroup tail from 400D1228 to 400D5F60
11-28 15:16:39.497 D/mdns    ( 4397): m->NextCacheCheck   22 Slot 205 客厅的小米盒子\032(4)._airkan._tcp.local.
11-28 15:16:39.497 D/mdns    ( 4397): CheckCacheExpiration: Deleting  61441       0 00000000   30 客厅的小米盒子\032(4)._airkan._tcp.local. SRV 0 0 6088 milink-199855756.local.
11-28 15:16:39.497 D/mdns    ( 4397): CheckCacheExpiration: Deleting  61441       0 00000000  125 客厅的小米盒子\032(4)._airkan._tcp.local. TXT photoport=6089¦scrnw=1280¦scrnh=720¦protver=16777984¦prottext=Airkan Protocol Version 1.03¦plat
11-28 15:16:39.497 D/mdns    ( 4397): CheckCacheExpiration: Updating CacheGroup tail from 400DA7C8 to 400D90A8
11-28 15:16:39.497 D/mdns    ( 4397): m->NextCacheCheck   23 Slot 206 hello\032mibox._airplay._tcp.local.
11-28 15:16:39.497 D/mdns    ( 4397): CheckCacheExpiration: Deleting  61441       0 00000000   94 hello\032mibox._airplay._tcp.local. TXT deviceid=10:48:b1:18:a1:29¦features=0x100029ff¦flags=0x4¦model=AppleTV3,1¦srcvers=150.33¦vv=1
11-28 15:16:39.497 D/mdns    ( 4397): CheckCacheExpiration: Deleting  61441       0 00000000   30 hello\032mibox._airplay._tcp.local. SRV 0 0 7000 milink-185090187.local.
11-28 15:16:39.497 D/mdns    ( 4397): CheckCacheExpiration: Updating CacheGroup tail from 400D2068 to 400D2368
11-28 15:16:39.497 D/mdns    ( 4397): m->NextCacheCheck   24 Slot 209 _raop._tcp.local.
11-28 15:16:39.497 D/mdns    ( 4397): CheckCacheExpiration: Deleting  61441       0 00000000   39 _raop._tcp.local. PTR 006d0e03a545@MiniMax._raop._tcp.local.
11-28 15:16:39.497 D/mdns    ( 4397): CheckCacheExpiration: Deleting  61441       0 00000000   38 _raop._tcp.local. PTR 1048b1282220@qqwwee._raop._tcp.local.
11-28 15:16:39.497 D/mdns    ( 4397): CheckCacheExpiration: Deleting  61441       0 00000000   53 _raop._tcp.local. PTR 1048b15135aa@客厅的小米盒子._raop._tcp.local.
11-28 15:16:39.497 D/mdns    ( 4397): CheckCacheExpiration: Deleting  61441       0 00000000   43 _raop._tcp.local. PTR 1048b118a129@hello\032mibox._raop._tcp.local.
11-28 15:16:39.497 D/mdns    ( 4397): CheckCacheExpiration: Deleting  61441       0 00000000   53 _raop._tcp.local. PTR 1048b14f6932@客厅的小米盒子._raop._tcp.local.
11-28 15:16:39.497 D/mdns    ( 4397): CheckCacheExpiration: Updating CacheGroup tail from 400D9AB8 to 400D5A08
11-28 15:16:39.497 D/mdns    ( 4397): m->NextCacheCheck   25 Slot 217 _airplay._tcp.local.
11-28 15:16:39.497 D/mdns    ( 4397): CheckCacheExpiration: Deleting  61441       0 00000000   43 _airplay._tcp.local. PTR 客厅的小米盒子._airplay._tcp.local.
11-28 15:16:39.497 D/mdns    ( 4397): CheckCacheExpiration: Deleting  61441       0 00000000   29 _airplay._tcp.local. PTR MiniMax._airplay._tcp.local.
11-28 15:16:39.497 D/mdns    ( 4397): CheckCacheExpiration: Deleting  61441       0 00000000   28 _airplay._tcp.local. PTR qqwwee._airplay._tcp.local.
11-28 15:16:39.497 D/mdns    ( 4397): CheckCacheExpiration: Deleting  61441       0 00000000   47 _airplay._tcp.local. PTR 客厅的小米盒子\032(3)._airplay._tcp.local.
11-28 15:16:39.497 D/mdns    ( 4397): CheckCacheExpiration: Deleting  61441       0 00000000   47 _airplay._tcp.local. PTR 客厅的小米盒子\032(2)._airplay._tcp.local.
11-28 15:16:39.497 D/mdns    ( 4397): CheckCacheExpiration: Deleting  61441       0 00000000   33 _airplay._tcp.local. PTR hello\032mibox._airplay._tcp.local.
11-28 15:16:39.497 D/mdns    ( 4397): CheckCacheExpiration: Deleting  61441       0 00000000   47 _airplay._tcp.local. PTR 客厅的小米盒子\032(6)._airplay._tcp.local.
11-28 15:16:39.497 D/mdns    ( 4397): CheckCacheExpiration: Updating CacheGroup tail from 400D42D8 to 400D8B50
11-28 15:16:39.497 D/mdns    ( 4397): m->NextCacheCheck   26 Slot 217 _nvstream._tcp.local.
11-28 15:16:39.497 D/mdns    ( 4397): CheckCacheExpiration: Deleting  61441       0 00000000   28 _nvstream._tcp.local. PTR HOUYZ._nvstream._tcp.local.
11-28 15:16:39.497 D/mdns    ( 4397): CheckCacheExpiration: Updating CacheGroup tail from 400D18B0 to 400D26F8
11-28 15:16:39.497 D/mdns    ( 4397): m->NextCacheCheck   27 Slot 220 milink-254969319.local.
11-28 15:16:39.497 D/mdns    ( 4397): CheckCacheExpiration: Deleting  61441       0 00000000    4 milink-254969319.local. Addr 172.16.13.203
11-28 15:16:39.497 D/mdns    ( 4397): CheckCacheExpiration: Updating CacheGroup tail from 400DA010 to 400D9698
11-28 15:16:39.497 D/mdns    ( 4397): m->NextCacheCheck   28 Slot 249 milink-199704365.local.
11-28 15:16:39.497 D/mdns    ( 4397): CheckCacheExpiration: Deleting  61441       0 00000000    4 milink-199704365.local. Addr 172.16.13.14
11-28 15:16:39.497 D/mdns    ( 4397): CheckCacheExpiration: Updating CacheGroup tail from 400D7388 to 400D4540
11-28 15:16:39.497 D/mdns    ( 4397): m->NextCacheCheck   29 Slot 264 4210051d._sub._apple-mobdev2._tcp.local.
11-28 15:16:39.497 D/mdns    ( 4397): CheckCacheExpiration: Deleting  61441       0 00000000   71 4210051d._sub._apple-mobdev2._tcp.local. PTR 60:d9:c7:73:1f:8c@fe80::62d9:c7ff:fe73:1f8c._apple-mobdev2._tcp.local.
11-28 15:16:39.497 D/mdns    ( 4397): CheckCacheExpiration: Updating CacheGroup tail from 400D9398 to 400D3408
11-28 15:16:39.497 D/mdns    ( 4397): m->NextCacheCheck   30 Slot 264 milink-185090187.local.
11-28 15:16:39.497 D/mdns    ( 4397): CheckCacheExpiration: Deleting  61441       0 00000000    4 milink-185090187.local. Addr 172.16.13.167
11-28 15:16:39.497 D/mdns    ( 4397): CheckCacheExpiration: Updating CacheGroup tail from 400D88E8 to 400D4EC0
11-28 15:16:39.497 D/mdns    ( 4397): m->NextCacheCheck   31 Slot 271 121.13.16.172.in-addr.arpa.
11-28 15:16:39.497 D/mdns    ( 4397): CheckCacheExpiration: Deleting  61441       0 00000000   13 121.13.16.172.in-addr.arpa. PTR houyz.local.
11-28 15:16:39.497 D/mdns    ( 4397): CheckCacheExpiration: Deleting  61441       0 00000000   32 121.13.16.172.in-addr.arpa. NSEC PTR 
11-28 15:16:39.497 D/mdns    ( 4397): CheckCacheExpiration: Updating CacheGroup tail from 400D5378 to 400D0FD0
11-28 15:16:39.497 D/mdns    ( 4397): m->NextCacheCheck   32 Slot 274 milink-203107814.local.
11-28 15:16:39.497 D/mdns    ( 4397): CheckCacheExpiration: Deleting  61441       0 00000000    4 milink-203107814.local. Addr 172.16.13.34
11-28 15:16:39.497 D/mdns    ( 4397): CheckCacheExpiration: Updating CacheGroup tail from 400D74B8 to 400D8E48
11-28 15:16:39.497 D/mdns    ( 4397): m->NextCacheCheck   33 Slot 286 milink-199855756.local.
11-28 15:16:39.497 D/mdns    ( 4397): CheckCacheExpiration: Deleting  61441       0 00000000    4 milink-199855756.local. Addr 172.16.13.131
11-28 15:16:39.497 D/mdns    ( 4397): CheckCacheExpiration: Updating CacheGroup tail from 400D1488 to 400D3B28
11-28 15:16:39.497 D/mdns    ( 4397): m->NextCacheCheck   34 Slot 287 iPhone.local.
11-28 15:16:39.497 D/mdns    ( 4397): CheckCacheExpiration: Deleting  61441       0 00000000   16 iPhone.local. AAAA FE80:0000:0000:0000:1025:C7A8:2910:3D29
11-28 15:16:39.497 D/mdns    ( 4397): CheckCacheExpiration: Deleting  61441       0 00000000   17 iPhone.local. NSEC Addr 
11-28 15:16:39.497 D/mdns    ( 4397): CheckCacheExpiration: Updating CacheGroup tail from 400D9A20 to 400D8430
11-28 15:16:39.497 D/mdns    ( 4397): m->NextCacheCheck   35 Slot 287 1048b1282220@qqwwee._raop._tcp.local.
11-28 15:16:39.497 D/mdns    ( 4397): CheckCacheExpiration: Deleting  61441       0 00000000   30 1048b1282220@qqwwee._raop._tcp.local. SRV 0 0 5000 milink-203107814.local.
11-28 15:16:39.497 D/mdns    ( 4397): CheckCacheExpiration: Deleting  61441       0 00000000  176 1048b1282220@qqwwee._raop._tcp.local. TXT tp=UDP¦sm=false¦sv=false¦ek=1¦et=0,3,5¦cn=0,1¦ch=2¦ss=16¦sr=44100¦pw=false¦vn=3¦txtvers=1¦da=true¦
11-28 15:16:39.497 D/mdns    ( 4397): CheckCacheExpiration: Updating CacheGroup tail from 400D9B50 to 400D54B0
11-28 15:16:39.497 D/mdns    ( 4397): m->NextCacheCheck   36 Slot 297 _services._dns-sd._udp.local.
11-28 15:16:39.497 D/mdns    ( 4397): CheckCacheExpiration: Deleting  61441       0 00000000   22 _services._dns-sd._udp.local. PTR _nvstream._tcp.local.
11-28 15:16:39.497 D/mdns    ( 4397): CheckCacheExpiration: Deleting  61441       0 00000000   18 _services._dns-sd._udp.local. PTR _raop._tcp.local.
11-28 15:16:39.497 D/mdns    ( 4397): CheckCacheExpiration: Deleting  61441       0 00000000   21 _services._dns-sd._udp.local. PTR _airplay._tcp.local.
11-28 15:16:39.497 D/mdns    ( 4397): CheckCacheExpiration: Deleting  61441       0 00000000   27 _services._dns-sd._udp.local. PTR _apple-mobdev2._tcp.local.
11-28 15:16:39.497 D/mdns    ( 4397): CheckCacheExpiration: Updating CacheGroup tail from 400D3EB0 to 400D3240
11-28 15:16:39.497 D/mdns    ( 4397): m->NextCacheCheck   37 Slot 325 客厅的小米盒子\032(2)._airplay._tcp.local.
11-28 15:16:39.497 D/mdns    ( 4397): CheckCacheExpiration: Deleting  61441       0 00000000   94 客厅的小米盒子\032(2)._airplay._tcp.local. TXT deviceid=10:48:b1:11:c2:83¦features=0x100029ff¦flags=0x4¦model=AppleTV3,1¦srcvers=150.33¦vv=1
11-28 15:16:39.497 D/mdns    ( 4397): CheckCacheExpiration: Deleting  61441       0 00000000   30 客厅的小米盒子\032(2)._airplay._tcp.local. SRV 0 0 7000 milink-200077498.local.
11-28 15:16:39.497 D/mdns    ( 4397): CheckCacheExpiration: Updating CacheGroup tail from 400D8260 to 400D9990
11-28 15:16:39.497 D/mdns    ( 4397): m->NextCacheCheck   38 Slot 333 客厅的小米盒子\032(6)._airkan._tcp.local.
11-28 15:16:39.497 D/mdns    ( 4397): CheckCacheExpiration: Deleting  61441       0 00000000   30 客厅的小米盒子\032(6)._airkan._tcp.local. SRV 0 0 6088 milink-199422877.local.
11-28 15:16:39.497 D/mdns    ( 4397): CheckCacheExpiration: Deleting  61441       0 00000000  126 客厅的小米盒子\032(6)._airkan._tcp.local. TXT photoport=6089¦scrnw=1920¦scrnh=1080¦protver=16777984¦prottext=Airkan Protocol Version 1.03¦pla
11-28 15:16:39.497 D/mdns    ( 4397): CheckCacheExpiration: Updating CacheGroup tail from 400DA860 to 400D3110
11-28 15:16:39.497 D/mdns    ( 4397): m->NextCacheCheck   39 Slot 334 _airkan._tcp.local.
11-28 15:16:39.497 D/mdns    ( 4397): CheckCacheExpiration: Deleting  61441       0 00000000   46 _airkan._tcp.local. PTR 客厅的小米盒子\032(4)._airkan._tcp.local.
11-28 15:16:39.497 D/mdns    ( 4397): CheckCacheExpiration: Deleting  61441       0 00000000   32 _airkan._tcp.local. PTR hello\032mibox._airkan._tcp.local.
11-28 15:16:39.497 D/mdns    ( 4397): CheckCacheExpiration: Deleting  61441       0 00000000   46 _airkan._tcp.local. PTR 客厅的小米盒子\032(7)._airkan._tcp.local.
11-28 15:16:39.497 D/mdns    ( 4397): CheckCacheExpiration: Deleting  61441       0 00000000   46 _airkan._tcp.local. PTR 客厅的小米盒子\032(6)._airkan._tcp.local.
11-28 15:16:39.497 D/mdns    ( 4397): CheckCacheExpiration: Updating CacheGroup tail from 400D9DB0 to 400D48D0
11-28 15:16:39.497 D/mdns    ( 4397): m->NextCacheCheck   40 Slot 338 客厅的小米盒子\032(3)._airplay._tcp.local.
11-28 15:16:39.497 D/mdns    ( 4397): CheckCacheExpiration: Deleting  61441       0 00000000   30 客厅的小米盒子\032(3)._airplay._tcp.local. SRV 0 0 7000 milink-254969319.local.
11-28 15:16:39.497 D/mdns    ( 4397): CheckCacheExpiration: Deleting  61441       0 00000000   94 客厅的小米盒子\032(3)._airplay._tcp.local. TXT deviceid=10:48:b1:52:aa:81¦features=0x100029ff¦flags=0x4¦model=AppleTV3,1¦srcvers=150.33¦vv=1
11-28 15:16:39.497 D/mdns    ( 4397): CheckCacheExpiration: Updating CacheGroup tail from 400DA4D0 to 400D0780
11-28 15:16:39.497 D/mdns    ( 4397): m->NextCacheCheck   41 Slot 348 土豆大屏幕._airplay._tcp.local.
11-28 15:16:39.497 D/mdns    ( 4397): CheckCacheExpiration: Deleting  61441       0 00000000   27 土豆大屏幕._airplay._tcp.local. SRV 0 0 38401 172-16-13-146.local.
11-28 15:16:39.497 D/mdns    ( 4397): CheckCacheExpiration: Deleting  61441       0 00000000   75 土豆大屏幕._airplay._tcp.local. TXT deviceid=c8:0e:77:40:c7:81¦features=0x0011¦model=AppleTV3,1¦srcvers=150.33
11-28 15:16:39.497 D/mdns    ( 4397): CheckCacheExpiration: Updating CacheGroup tail from 400D44A0 to 400D4838
11-28 15:16:39.497 D/mdns    ( 4397): m->NextCacheCheck   42 Slot 351 客厅的小米盒子\032(4)._airplay._tcp.local.
11-28 15:16:39.497 D/mdns    ( 4397): CheckCacheExpiration: Deleting  61441       0 00000000   30 客厅的小米盒子\032(4)._airplay._tcp.local. SRV 0 0 7000 milink-199704365.local.
11-28 15:16:39.497 D/mdns    ( 4397): CheckCacheExpiration: Deleting  61441       0 00000000   94 客厅的小米盒子\032(4)._airplay._tcp.local. TXT deviceid=10:48:b1:1c:f0:11¦features=0x100029ff¦flags=0x4¦model=AppleTV3,1¦srcvers=150.33¦vv=1
11-28 15:16:39.497 D/mdns    ( 4397): CheckCacheExpiration: Updating CacheGroup tail from 400D2100 to 400D15C0
11-28 15:16:39.497 D/mdns    ( 4397): m->NextCacheCheck   43 Slot 359 _apple-mobdev2._tcp.local.
11-28 15:16:39.497 D/mdns    ( 4397): CheckCacheExpiration: Deleting  61441       0 00000000   71 _apple-mobdev2._tcp.local. PTR 60:d9:c7:73:1f:8c@fe80::62d9:c7ff:fe73:1f8c._apple-mobdev2._tcp.local.
11-28 15:16:39.497 D/mdns    ( 4397): CheckCacheExpiration: Updating CacheGroup tail from 400D3C50 to 400D3F50
11-28 15:16:39.497 D/mdns    ( 4397): m->NextCacheCheck   44 Slot 364 客厅的小米盒子\032(5)._airplay._tcp.local.
11-28 15:16:39.497 D/mdns    ( 4397): CheckCacheExpiration: Deleting  61441       0 00000000   94 客厅的小米盒子\032(5)._airplay._tcp.local. TXT deviceid=10:48:b1:1a:d4:89¦features=0x100029ff¦flags=0x4¦model=AppleTV3,1¦srcvers=150.33¦vv=1
11-28 15:16:39.497 D/mdns    ( 4397): CheckCacheExpiration: Deleting  61441       0 00000000   30 客厅的小米盒子\032(5)._airplay._tcp.local. SRV 0 0 7000 milink-199422877.local.
11-28 15:16:39.497 D/mdns    ( 4397): CheckCacheExpiration: Updating CacheGroup tail from 400D1190 to 400D9F80
11-28 15:16:39.497 D/mdns    ( 4397): m->NextCacheCheck   45 Slot 366 1048b15135aa@客厅的小米盒子._raop._tcp.local.
11-28 15:16:39.497 D/mdns    ( 4397): CheckCacheExpiration: Deleting  61441       0 00000000   30 1048b15135aa@客厅的小米盒子._raop._tcp.local. SRV 0 0 5000 milink-199855756.local.
11-28 15:16:39.497 D/mdns    ( 4397): CheckCacheExpiration: Deleting  61441       0 00000000  176 1048b15135aa@客厅的小米盒子._raop._tcp.local. TXT tp=UDP¦sm=false¦sv=false¦ek=1¦et=0,3,5¦cn=0,1¦ch=2¦ss=16¦sr=44100¦pw=false¦vn=3¦txtve
11-28 15:16:39.497 D/mdns    ( 4397): CheckCacheExpiration: Updating CacheGroup tail from 400D00F0 to 400D2828
11-28 15:16:39.497 D/mdns    ( 4397): m->NextCacheCheck   46 Slot 372 5.4.5.A.3.0.E.F.F.F.E.0.D.6.2.0.0.0.0.0.0.0.0.0.0.0.0.0.0.8.E.F.ip6.arpa.
11-28 15:16:39.497 D/mdns    ( 4397): CheckCacheExpiration: Deleting  61441       0 00000000   17 5.4.5.A.3.0.E.F.F.F.E.0.D.6.2.0.0.0.0.0.0.0.0.0.0.0.0.0.0.8.E.F.ip6.arpa. PTR Android-2.local.
11-28 15:16:39.497 D/mdns    ( 4397): CheckCacheExpiration: Deleting  61441       0 00000000   78 5.4.5.A.3.0.E.F.F.F.E.0.D.6.2.0.0.0.0.0.0.0.0.0.0.0.0.0.0.8.E.F.ip6.arpa. NSEC PTR 
11-28 15:16:39.497 D/mdns    ( 4397): CheckCacheExpiration: Updating CacheGroup tail from 400D7420 to 400DB0B8
11-28 15:16:39.497 D/mdns    ( 4397): m->NextCacheCheck   47 Slot 377 客厅的小米盒子\032(6)._airplay._tcp.local.
11-28 15:16:39.497 D/mdns    ( 4397): CheckCacheExpiration: Deleting  61441       0 00000000   94 客厅的小米盒子\032(6)._airplay._tcp.local. TXT deviceid=10:48:b1:4f:69:32¦features=0x100029ff¦flags=0x4¦model=AppleTV3,1¦srcvers=150.33¦vv=1
11-28 15:16:39.497 D/mdns    ( 4397): CheckCacheExpiration: Deleting  61441       0 00000000   30 客厅的小米盒子\032(6)._airplay._tcp.local. SRV 0 0 7000 milink-184250014.local.
11-28 15:16:39.497 D/mdns    ( 4397): CheckCacheExpiration: Updating CacheGroup tail from 400D1BA8 to 400D25C8
11-28 15:16:39.497 D/mdns    ( 4397): m->NextCacheCheck   48 Slot 395 hello\032mibox._airkan._tcp.local.
11-28 15:16:39.497 D/mdns    ( 4397): CheckCacheExpiration: Deleting  61441       0 00000000   30 hello\032mibox._airkan._tcp.local. SRV 0 0 6088 milink-185090187.local.
11-28 15:16:39.497 D/mdns    ( 4397): CheckCacheExpiration: Deleting  61441       0 00000000  125 hello\032mibox._airkan._tcp.local. TXT photoport=6089¦scrnw=1280¦scrnh=720¦protver=16777984¦prottext=Airkan Protocol Version 1.03¦platform_id=205¦m
11-28 15:16:39.497 D/mdns    ( 4397): CheckCacheExpiration: Updating CacheGroup tail from 400D4FE8 to 400D84C8
11-28 15:16:39.497 D/mdns    ( 4397): m->NextCacheCheck   49 Slot 397 客厅的小米盒子\032(7)._airkan._tcp.local.
11-28 15:16:39.497 D/mdns    ( 4397): CheckCacheExpiration: Deleting  61441       0 00000000   30 客厅的小米盒子\032(7)._airkan._tcp.local. SRV 0 0 6088 milink-184250014.local.
11-28 15:16:39.497 D/mdns    ( 4397): CheckCacheExpiration: Deleting  61441       0 00000000  125 客厅的小米盒子\032(7)._airkan._tcp.local. TXT photoport=6089¦scrnw=1280¦scrnh=720¦protver=16777984¦prottext=Airkan Protocol Version 1.03¦plat
11-28 15:16:39.497 D/mdns    ( 4397): CheckCacheExpiration: Updating CacheGroup tail from 400D0648 to 400D0818
11-28 15:16:39.497 D/mdns    ( 4397): m->NextCacheCheck   50 Slot 409 优酷电视\032(2)._airplay._tcp.local.
11-28 15:16:39.497 D/mdns    ( 4397): CheckCacheExpiration: Deleting  61441       0 00000000   75 优酷电视\032(2)._airplay._tcp.local. TXT deviceid=00:6d:0e:03:a5:45¦features=0x0011¦model=AppleTV3,1¦srcvers=150.33
11-28 15:16:39.497 D/mdns    ( 4397): CheckCacheExpiration: Deleting  61441       0 00000000   27 优酷电视\032(2)._airplay._tcp.local. SRV 0 0 7000 172-16-13-147.local.
11-28 15:16:39.497 D/mdns    ( 4397): CheckCacheExpiration: Updating CacheGroup tail from 400D8D10 to 400D4080
11-28 15:16:39.497 D/mdns    ( 4397): m->NextCacheCheck   51 Slot 415 1048b118a129@hello\032mibox._raop._tcp.local.
11-28 15:16:39.497 D/mdns    ( 4397): CheckCacheExpiration: Deleting  61441       0 00000000   30 1048b118a129@hello\032mibox._raop._tcp.local. SRV 0 0 5000 milink-185090187.local.
11-28 15:16:39.497 D/mdns    ( 4397): CheckCacheExpiration: Deleting  61441       0 00000000  176 1048b118a129@hello\032mibox._raop._tcp.local. TXT tp=UDP¦sm=false¦sv=false¦ek=1¦et=0,3,5¦cn=0,1¦ch=2¦ss=16¦sr=44100¦pw=false¦vn=3¦txtvers=1¦d
11-28 15:16:39.497 D/mdns    ( 4397): CheckCacheExpiration: Updating CacheGroup tail from 400D9EE0 to 400D3700
11-28 15:16:39.497 D/mdns    ( 4397): m->NextCacheCheck   52 Slot 418 46ed053e._sub._apple-mobdev2._tcp.local.
11-28 15:16:39.497 D/mdns    ( 4397): CheckCacheExpiration: Deleting  61441       0 00000000   71 46ed053e._sub._apple-mobdev2._tcp.local. PTR 60:d9:c7:73:1f:8c@fe80::62d9:c7ff:fe73:1f8c._apple-mobdev2._tcp.local.
11-28 15:16:39.497 D/mdns    ( 4397): CheckCacheExpiration: Updating CacheGroup tail from 400D5118 to 400D2238
11-28 15:16:39.497 D/mdns    ( 4397): m->NextCacheCheck   53 Slot 438 3be004d4._sub._apple-mobdev2._tcp.local.
11-28 15:16:39.497 D/mdns    ( 4397): CheckCacheExpiration: Deleting  61441       0 00000000   71 3be004d4._sub._apple-mobdev2._tcp.local. PTR 60:d9:c7:73:1f:8c@fe80::62d9:c7ff:fe73:1f8c._apple-mobdev2._tcp.local.
11-28 15:16:39.497 D/mdns    ( 4397): CheckCacheExpiration: Updating CacheGroup tail from 400D3070 to 400D1950
11-28 15:16:39.497 D/mdns    ( 4397): m->NextCacheCheck   54 Slot 447 milink-200077498.local.
11-28 15:16:39.497 D/mdns    ( 4397): CheckCacheExpiration: Deleting  61441       0 00000000    4 milink-200077498.local. Addr 172.16.13.187
11-28 15:16:39.497 D/mdns    ( 4397): CheckCacheExpiration: Updating CacheGroup tail from 400D68D8 to 400D7850
11-28 15:16:39.497 D/mdns    ( 4397): m->NextCacheCheck   55 Slot 463 1048b14f6932@客厅的小米盒子._raop._tcp.local.
11-28 15:16:39.497 D/mdns    ( 4397): CheckCacheExpiration: Deleting  61441       0 00000000   30 1048b14f6932@客厅的小米盒子._raop._tcp.local. SRV 0 0 5000 milink-184250014.local.
11-28 15:16:39.497 D/mdns    ( 4397): CheckCacheExpiration: Deleting  61441       0 00000000  176 1048b14f6932@客厅的小米盒子._raop._tcp.local. TXT tp=UDP¦sm=false¦sv=false¦ek=1¦et=0,3,5¦cn=0,1¦ch=2¦ss=16¦sr=44100¦pw=false¦vn=3¦txtve
11-28 15:16:39.497 D/mdns    ( 4397): CheckCacheExpiration: Updating CacheGroup tail from 400D8688 to 400DA998
11-28 15:16:39.497 D/mdns    ( 4397): m->NextCacheCheck   56 Slot 485 qqwwee._rc._tcp.local.
11-28 15:16:39.497 D/mdns    ( 4397): CheckCacheExpiration: Deleting  61441       0 00000000   30 qqwwee._rc._tcp.local. SRV 0 0 6091 milink-203107814.local.
11-28 15:16:39.497 D/mdns    ( 4397): CheckCacheExpiration: Deleting  61441       0 00000000  230 qqwwee._rc._tcp.local. TXT protver=16777472¦prottext=Remote Controller Protocol Version 1.0.1.0¦platform_id=205¦scrnw=1280¦scrnh=720¦server_address=
11-28 15:16:39.497 D/mdns    ( 4397): CheckCacheExpiration: Updating CacheGroup tail from 400D0350 to 400D13F8
11-28 15:16:39.497 D/mdns    ( 4397): m->NextCacheCheck   57 Slot 486 60:d9:c7:73:1f:8c@fe80::62d9:c7ff:fe73:1f8c._apple-mobdev2._tcp.local.
11-28 15:16:39.497 D/mdns    ( 4397): CheckCacheExpiration: Deleting  61441       0 00000000   20 60:d9:c7:73:1f:8c@fe80::62d9:c7ff:fe73:1f8c._apple-mobdev2._tcp.local. SRV 0 0 62078 iPhone.local.
11-28 15:16:39.497 D/mdns    ( 4397): CheckCacheExpiration: Deleting  61441       0 00000000    1 60:d9:c7:73:1f:8c@fe80::62d9:c7ff:fe73:1f8c._apple-mobdev2._tcp.local. TXT 
11-28 15:16:39.497 D/mdns    ( 4397): CheckCacheExpiration: Updating CacheGroup tail from 400D1650 to 400D87C0
11-28 15:16:39.497 D/mdns    ( 4397): m->NextCacheCheck   58 Slot 487 HOUYZ._nvstream._tcp.local.
11-28 15:16:39.497 D/mdns    ( 4397): CheckCacheExpiration: Deleting  61441       0 00000000    1 HOUYZ._nvstream._tcp.local. TXT 
11-28 15:16:39.497 D/mdns    ( 4397): CheckCacheExpiration: Deleting  61441       0 00000000   19 HOUYZ._nvstream._tcp.local. SRV 0 0 47989 houyz.local.
11-28 15:16:39.497 D/mdns    ( 4397): CheckCacheExpiration: Deleting  61441       0 00000000   35 HOUYZ._nvstream._tcp.local. NSEC TXT SRV 
11-28 15:16:39.497 D/mdns    ( 4397): CheckCacheExpiration: Updating CacheGroup tail from 400D5EC0 to 400D4BC8
11-28 15:16:39.497 D/mdns    ( 4397): m->NextCacheCheck   59 checked, next in 1071642529
11-28 15:16:39.497 D/mdns    ( 4397): mDNS_Execute: Skipping LocalAuthRecord    4 Android-2.local. Addr 172.16.13.147
11-28 15:16:39.497 D/mdns    ( 4397): mDNS_Execute: Delivering Add event with LocalAuthRecord   17 147.13.16.172.in-addr.arpa. PTR Android-2.local.
11-28 15:16:39.497 D/mdns    ( 4397): mDNS_Execute: Skipping LocalAuthRecord   16 Android-2.local. AAAA FE80:0000:0000:0000:026D:0EFF:FE03:A545
11-28 15:16:39.497 D/mdns    ( 4397): mDNS_Execute: Delivering Add event with LocalAuthRecord   17 5.4.5.A.3.0.E.F.F.F.E.0.D.6.2.0.0.0.0.0.0.0.0.0.0.0.0.0.0.8.E.F.ip6.arpa. PTR Android-2.local.
11-28 15:16:39.497 D/mdns    ( 4397): mDNS_Execute: Setting NewLocalRecords to    4 Android-2.local. Addr 172.16.13.147
11-28 15:16:39.537 D/WifiSetting(14128): handleEvent action:android.net.wifi.SCAN_RESULTS
11-28 15:16:39.567 D/cocos2d-x debug info(14128): trace_frame: 59.967018
11-28 15:16:39.577 D/cocos2d-x debug info(14128): JS: launcher.eventCenter.onWifiStateChanged
11-28 15:16:39.587 D/cocos2d-x debug info(14128): trace_frame: 19.721533
11-28 15:16:39.677 D/mdns    ( 4397): mDNS_Execute
11-28 15:16:39.677 D/mdns    ( 4397): mDNS_Execute: Skipping LocalAuthRecord    4 Android-2.local. Addr 172.16.13.147
11-28 15:16:39.677 D/mdns    ( 4397): mDNS_Execute: Skipping LocalAuthRecord   16 Android-2.local. AAAA FE80:0000:0000:0000:026D:0EFF:FE03:A545
11-28 15:16:39.677 D/mdns    ( 4397): mDNS_Execute: Setting NewLocalRecords to    4 Android-2.local. Addr 172.16.13.147
11-28 15:16:39.677 D/mdns    ( 4397): mDNS_Execute
11-28 15:16:39.677 D/mdns    ( 4397): mDNS_Execute: Skipping LocalAuthRecord    4 Android-2.local. Addr 172.16.13.147
11-28 15:16:39.677 D/mdns    ( 4397): mDNS_Execute: Skipping LocalAuthRecord   16 Android-2.local. AAAA FE80:0000:0000:0000:026D:0EFF:FE03:A545
11-28 15:16:39.677 D/mdns    ( 4397): mDNS_Execute: Setting NewLocalRecords to    4 Android-2.local. Addr 172.16.13.147
11-28 15:16:39.707 D/cocos2d-x debug info(14128): trace_frame: 60.764416
11-28 15:16:39.707 D/launcher_auto(14128): launcher_auto: sendkey and wait.
11-28 15:16:39.817 D/cocos2d-x debug info(14128): trace_frame: 60.014233
11-28 15:16:39.857 D/mdns    ( 4397): SocketDataReady got a packet from 172.16.13.164 to 224.0.0.251 on interface 172.16.13.147/wlan0/7/256
11-28 15:16:39.857 D/mdns    ( 4397): Received Response from 172.16.13.164   addressed to 224.0.0.251     on 412B6F38 with  0 Questions,  3 Answers,  0 Authorities,  0 Additionals 333 bytes LLQType 0
11-28 15:16:39.927 D/cocos2d-x debug info(14128): trace_frame: 59.553940
11-28 15:16:39.997 D/mdns    ( 4397): mDNS_Execute
11-28 15:16:39.997 D/mdns    ( 4397): mDNS_Execute: Skipping LocalAuthRecord    4 Android-2.local. Addr 172.16.13.147
11-28 15:16:39.997 D/mdns    ( 4397): mDNS_Execute: Skipping LocalAuthRecord   16 Android-2.local. AAAA FE80:0000:0000:0000:026D:0EFF:FE03:A545
11-28 15:16:39.997 D/mdns    ( 4397): mDNS_Execute: Setting NewLocalRecords to    4 Android-2.local. Addr 172.16.13.147
11-28 15:16:39.997 D/mdns    ( 4397): SendQueries:   Put Question 006d0e03a545@MiniMax._raop._tcp.local. (SRV) probecount 2
11-28 15:16:39.997 D/mdns    ( 4397): SendQueries:   Put Question MiniMax._airplay._tcp.local. (SRV) probecount 2
11-28 15:16:39.997 D/mdns    ( 4397): SendQueries:   Put Question Android-2.local. (Addr) probecount 2
11-28 15:16:39.997 D/mdns    ( 4397): SendQueries:   Put Question Android-2.local. (AAAA) probecount 2
11-28 15:16:39.997 D/mdns    ( 4397): SendQueries:   Sending 4 Questions 0 Answers 4 Updates on 412B6F38
11-28 15:16:39.997 D/mdns    ( 4397): SocketDataReady got a packet from 172.16.13.147 to 224.0.0.251 on interface 172.16.13.147/wlan0/7/256
11-28 15:16:39.997 D/mdns    ( 4397): Received Query from 172.16.13.147  :5353  to 224.0.0.251    :5353  on 0x412B6F38 with  4 Questions,  0 Answers,  4 Authorities,  0 Additionals 172 bytes
11-28 15:16:39.997 D/mdns    ( 4397): SocketDataReady got a packet from FE80:0000:0000:0000:026D:0EFF:FE03:A545 to FF02:0000:0000:0000:0000:0000:0000:00FB on interface 172.16.13.147/wlan0/7/257
11-28 15:16:39.997 D/mdns    ( 4397): Received Query from FE80:0000:0000:0000:026D:0EFF:FE03:A545:5353  to FF02:0000:0000:0000:0000:0000:0000:00FB:5353  on 0x412B6F38 with  4 Questions,  0 Answers,  4 Authorities,  0 Additionals 172 bytes
11-28 15:16:40.037 D/cocos2d-x debug info(14128): trace_frame: 60.276760
11-28 15:16:40.097 D/mdns    ( 4397): mDNS_Execute
11-28 15:16:40.097 D/mdns    ( 4397): mDNS_Execute: Skipping LocalAuthRecord    4 Android-2.local. Addr 172.16.13.147
11-28 15:16:40.097 D/mdns    ( 4397): mDNS_Execute: Skipping LocalAuthRecord   16 Android-2.local. AAAA FE80:0000:0000:0000:026D:0EFF:FE03:A545
11-28 15:16:40.097 D/mdns    ( 4397): mDNS_Execute: Setting NewLocalRecords to    4 Android-2.local. Addr 172.16.13.147
11-28 15:16:40.157 D/cocos2d-x debug info(14128): trace_frame: 60.126614
11-28 15:16:40.217 D/cocos2d-x debug info(14128): JS: HomeMainScene Key down:158
11-28 15:16:40.227 D/cocos2d-x debug info(14128): JS: ItemTypeLayer--203--7
11-28 15:16:40.227 D/cocos2d-x debug info(14128): JS: curSelIndex=9
11-28 15:16:40.227 D/cocos2d-x debug info(14128): JS: lastSelIndex=6
11-28 15:16:40.227 D/cocos2d-x debug info(14128): cocos2d: TextureCache: removing unused texture: /data/data/tv.fun.launcher/files/fun_download/a8/3ebf14e40a33d07ad4e019e5150357.png
11-28 15:16:40.227 D/cocos2d-x debug info(14128): cocos2d: TextureCache: removing unused texture: /data/data/tv.fun.launcher/files/fun_download/8c/cb080c35a2a18022a1abd56e467802.png
11-28 15:16:40.227 D/cocos2d-x debug info(14128): cocos2d: TextureCache: removing unused texture: /data/data/tv.fun.launcher/files/fun_download/f2/957e4e2b89b4d3c1725ce11e309869.png
11-28 15:16:40.227 D/cocos2d-x debug info(14128): cocos2d: TextureCache: removing unused texture: /data/data/tv.fun.launcher/files/fun_download/57/5bc8097fdb73842e44e0060e0a17dc.png
11-28 15:16:40.237 D/cocos2d-x debug info(14128): cocos2d: TextureCache: removing unused texture: /data/data/tv.fun.launcher/files/fun_download/d9/74ba69abd71b0cb388ac8c877f5f96.png
11-28 15:16:40.237 D/cocos2d-x debug info(14128): JS:  HomeMainScene Key up:158
11-28 15:16:40.247 D/mdns    ( 4397): mDNS_Execute
11-28 15:16:40.247 D/mdns    ( 4397): mDNS_Execute: Skipping LocalAuthRecord    4 Android-2.local. Addr 172.16.13.147
11-28 15:16:40.247 D/mdns    ( 4397): mDNS_Execute: Skipping LocalAuthRecord   16 Android-2.local. AAAA FE80:0000:0000:0000:026D:0EFF:FE03:A545
11-28 15:16:40.247 D/mdns    ( 4397): mDNS_Execute: Setting NewLocalRecords to    4 Android-2.local. Addr 172.16.13.147
11-28 15:16:40.247 D/mdns    ( 4397): SendQueries:   Put Question 006d0e03a545@MiniMax._raop._tcp.local. (SRV) probecount 1
11-28 15:16:40.247 D/mdns    ( 4397): SendQueries:   Put Question MiniMax._airplay._tcp.local. (SRV) probecount 1
11-28 15:16:40.247 D/mdns    ( 4397): SendQueries:   Put Question Android-2.local. (Addr) probecount 1
11-28 15:16:40.247 D/mdns    ( 4397): SendQueries:   Put Question Android-2.local. (AAAA) probecount 1
11-28 15:16:40.247 D/mdns    ( 4397): SendQueries:   Sending 4 Questions 0 Answers 4 Updates on 412B6F38
11-28 15:16:40.247 D/mdns    ( 4397): SocketDataReady got a packet from 172.16.13.147 to 224.0.0.251 on interface 172.16.13.147/wlan0/7/256
11-28 15:16:40.247 D/mdns    ( 4397): Received Query from 172.16.13.147  :5353  to 224.0.0.251    :5353  on 0x412B6F38 with  4 Questions,  0 Answers,  4 Authorities,  0 Additionals 172 bytes
11-28 15:16:40.247 D/mdns    ( 4397): SocketDataReady got a packet from FE80:0000:0000:0000:026D:0EFF:FE03:A545 to FF02:0000:0000:0000:0000:0000:0000:00FB on interface 172.16.13.147/wlan0/7/257
11-28 15:16:40.247 D/mdns    ( 4397): Received Query from FE80:0000:0000:0000:026D:0EFF:FE03:A545:5353  to FF02:0000:0000:0000:0000:0000:0000:00FB:5353  on 0x412B6F38 with  4 Questions,  0 Answers,  4 Authorities,  0 Additionals 172 bytes
11-28 15:16:40.257 D/cocos2d-x debug info(14128): trace_frame: 59.705055
11-28 15:16:40.337 D/cocos2d-x debug info(14128): JS: SettingLayer show
11-28 15:16:40.337 D/JniHelper(14128): JniHelper::getJavaVM(), pthread_self() = 1529184920
11-28 15:16:40.337 D/JniHelper(14128): JniHelper::getJavaVM(), pthread_self() = 1529184920
11-28 15:16:40.337 D/JniHelper(14128): JniHelper::getJavaVM(), pthread_self() = 1529184920
11-28 15:16:40.347 D/mdns    ( 4397): mDNS_Execute
11-28 15:16:40.347 D/mdns    ( 4397): mDNS_Execute: Skipping LocalAuthRecord    4 Android-2.local. Addr 172.16.13.147
11-28 15:16:40.347 D/mdns    ( 4397): mDNS_Execute: Skipping LocalAuthRecord   16 Android-2.local. AAAA FE80:0000:0000:0000:026D:0EFF:FE03:A545
11-28 15:16:40.347 D/mdns    ( 4397): mDNS_Execute: Setting NewLocalRecords to    4 Android-2.local. Addr 172.16.13.147
11-28 15:16:40.367 D/cocos2d-x debug info(14128): trace_frame: 60.251331
11-28 15:16:40.467 D/cocos2d-x debug info(14128): trace_frame: 59.978405
11-28 15:16:40.497 D/mdns    ( 4397): mDNS_Execute
11-28 15:16:40.497 D/mdns    ( 4397): mDNS_Execute: Skipping LocalAuthRecord    4 Android-2.local. Addr 172.16.13.147
11-28 15:16:40.497 D/mdns    ( 4397): mDNS_Execute: Skipping LocalAuthRecord   16 Android-2.local. AAAA FE80:0000:0000:0000:026D:0EFF:FE03:A545
11-28 15:16:40.497 D/mdns    ( 4397): mDNS_Execute: Setting NewLocalRecords to    4 Android-2.local. Addr 172.16.13.147
11-28 15:16:40.497 D/mdns    ( 4397): mDNS_HostNameCallback: Android-2.local. (Addr) Name registered (0)
11-28 15:16:40.497 D/mdns    ( 4397): mDNS_HostNameCallback: Android-2.local. (AAAA) Name registered (0)
11-28 15:16:40.497 D/mdns    ( 4397): SendQueries:   Put Question 006d0e03a545@MiniMax._raop._tcp.local. (SRV) probecount 0
11-28 15:16:40.497 D/mdns    ( 4397): SendQueries:   Put Question MiniMax._airplay._tcp.local. (SRV) probecount 0
11-28 15:16:40.497 D/mdns    ( 4397): SendQueries:   Put Question Android-2.local. (Addr) probecount 0
11-28 15:16:40.497 D/mdns    ( 4397): SendQueries:   Put Question Android-2.local. (AAAA) probecount 0
11-28 15:16:40.497 D/mdns    ( 4397): SendQueries:   Sending 4 Questions 0 Answers 4 Updates on 412B6F38
11-28 15:16:40.497 D/mdns    ( 4397): SocketDataReady got a packet from 172.16.13.147 to 224.0.0.251 on interface 172.16.13.147/wlan0/7/256
11-28 15:16:40.497 D/mdns    ( 4397): Received Query from 172.16.13.147  :5353  to 224.0.0.251    :5353  on 0x412B6F38 with  4 Questions,  0 Answers,  4 Authorities,  0 Additionals 172 bytes
11-28 15:16:40.497 D/mdns    ( 4397): SocketDataReady got a packet from FE80:0000:0000:0000:026D:0EFF:FE03:A545 to FF02:0000:0000:0000:0000:0000:0000:00FB on interface 172.16.13.147/wlan0/7/257
11-28 15:16:40.497 D/mdns    ( 4397): Received Query from FE80:0000:0000:0000:026D:0EFF:FE03:A545:5353  to FF02:0000:0000:0000:0000:0000:0000:00FB:5353  on 0x412B6F38 with  4 Questions,  0 Answers,  4 Authorities,  0 Additionals 172 bytes
11-28 15:16:40.567 D/cocos2d-x debug info(14128): trace_frame: 59.901764
11-28 15:16:40.597 D/mdns    ( 4397): mDNS_Execute
11-28 15:16:40.597 D/mdns    ( 4397): mDNS_Execute: Skipping LocalAuthRecord    4 Android-2.local. Addr 172.16.13.147
11-28 15:16:40.597 D/mdns    ( 4397): mDNS_Execute: Skipping LocalAuthRecord   16 Android-2.local. AAAA FE80:0000:0000:0000:026D:0EFF:FE03:A545
11-28 15:16:40.597 D/mdns    ( 4397): mDNS_Execute: Setting NewLocalRecords to    4 Android-2.local. Addr 172.16.13.147
11-28 15:16:40.677 D/mdns    ( 4397): mDNS_Execute
11-28 15:16:40.677 D/mdns    ( 4397): mDNS_Execute: Skipping LocalAuthRecord    4 Android-2.local. Addr 172.16.13.147
11-28 15:16:40.677 D/mdns    ( 4397): mDNS_Execute: Skipping LocalAuthRecord   16 Android-2.local. AAAA FE80:0000:0000:0000:026D:0EFF:FE03:A545
11-28 15:16:40.677 D/mdns    ( 4397): mDNS_Execute: Setting NewLocalRecords to    4 Android-2.local. Addr 172.16.13.147
11-28 15:16:40.677 D/mdns    ( 4397): SendResponses: Next in 325 ticks
11-28 15:16:40.687 D/cocos2d-x debug info(14128): trace_frame: 60.034821
11-28 15:16:40.717 D/launcher_auto(14128): launcher_auto: sendkey and wait.
11-28 15:16:40.747 D/mdns    ( 4397): mDNS_Execute
11-28 15:16:40.747 D/mdns    ( 4397): mDNS_Execute: Skipping LocalAuthRecord    4 Android-2.local. Addr 172.16.13.147
11-28 15:16:40.747 D/mdns    ( 4397): mDNS_Execute: Skipping LocalAuthRecord   16 Android-2.local. AAAA FE80:0000:0000:0000:026D:0EFF:FE03:A545
11-28 15:16:40.747 D/mdns    ( 4397): mDNS_Execute: Setting NewLocalRecords to    4 Android-2.local. Addr 172.16.13.147
11-28 15:16:40.747 D/mdns    ( 4397): Announcing 006d0e03a545@MiniMax._raop._tcp.local. (TXT) 7
11-28 15:16:40.747 D/mdns    ( 4397): Announcing _services._dns-sd._udp.local. (PTR) 7
11-28 15:16:40.747 D/mdns    ( 4397): Announcing _raop._tcp.local. (PTR) 7
11-28 15:16:40.747 D/mdns    ( 4397): Announcing MiniMax._airplay._tcp.local. (TXT) 7
11-28 15:16:40.747 D/mdns    ( 4397): Announcing _services._dns-sd._udp.local. (PTR) 7
11-28 15:16:40.747 D/mdns    ( 4397): Announcing _airplay._tcp.local. (PTR) 7
11-28 15:16:40.747 D/mdns    ( 4397): Announcing 006d0e03a545@MiniMax._raop._tcp.local. (SRV) 7
11-28 15:16:40.747 D/mdns    ( 4397): Announcing MiniMax._airplay._tcp.local. (SRV) 7
11-28 15:16:40.747 D/mdns    ( 4397): Announcing 147.13.16.172.in-addr.arpa. (PTR) 7
11-28 15:16:40.747 D/mdns    ( 4397): Announcing 5.4.5.A.3.0.E.F.F.F.E.0.D.6.2.0.0.0.0.0.0.0.0.0.0.0.0.0.0.8.E.F.ip6.arpa. (PTR) 7
11-28 15:16:40.747 D/mdns    ( 4397): Announcing Android-2.local. (Addr) 7
11-28 15:16:40.747 D/mdns    ( 4397): Announcing Android-2.local. (AAAA) 7
11-28 15:16:40.747 D/mdns    ( 4397): SendResponses: Sending 0 Deregistrations, 12 Announcements, 0 Answers, 5 Additionals on 412B6F38
11-28 15:16:40.747 D/mdns    ( 4397): SendResponses: Next in 1024 ticks
11-28 15:16:40.747 D/mdns    ( 4397): mDNS_Execute
11-28 15:16:40.747 D/mdns    ( 4397): mDNS_Execute: Delivering Add event with LocalAuthRecord    4 Android-2.local. Addr 172.16.13.147
11-28 15:16:40.747 D/mdns    ( 4397): mDNS_Execute: Delivering Add event with LocalAuthRecord   16 Android-2.local. AAAA FE80:0000:0000:0000:026D:0EFF:FE03:A545
11-28 15:16:40.747 D/mdns    ( 4397): mDNS_Execute: Setting NewLocalRecords to NULL
11-28 15:16:40.747 D/mdns    ( 4397): SocketDataReady got a packet from 172.16.13.147 to 224.0.0.251 on interface 172.16.13.147/wlan0/7/256
11-28 15:16:40.747 D/mdns    ( 4397): Received Response from 172.16.13.147   addressed to 224.0.0.251     on 412B6F38 with  0 Questions, 12 Answers,  0 Authorities,  5 Additionals 661 bytes LLQType 0
11-28 15:16:40.747 D/mdns    ( 4397): SocketDataReady got a packet from FE80:0000:0000:0000:026D:0EFF:FE03:A545 to FF02:0000:0000:0000:0000:0000:0000:00FB on interface 172.16.13.147/wlan0/7/257
11-28 15:16:40.747 D/mdns    ( 4397): Received Response from FE80:0000:0000:0000:026D:0EFF:FE03:A545 addressed to FF02:0000:0000:0000:0000:0000:0000:00FB on 412B6F38 with  0 Questions, 12 Answers,  0 Authorities,  5 Additionals 661 bytes LLQType 0
11-28 15:16:40.747 D/mdns    ( 4397): Found record size   115 interface 412B6F38 already in cache:  115 006d0e03a545@MiniMax._raop._tcp.local. TXT ch=2¦cn=0,1¦da=true¦ek=1¦et=0,1¦md=0,1,2¦pw=false¦sm=false¦sr=44100¦ss=16¦sv=false¦tp=UDP¦txtvers=
11-28 15:16:40.747 D/mdns    ( 4397): Found record size    75 interface 412B6F38 already in cache:   75 MiniMax._airplay._tcp.local. TXT deviceid=00:6d:0e:03:a5:45¦features=0x2077¦model=AppleTV2,1¦srcvers=101.28
11-28 15:16:40.747 D/mdns    ( 4397): Found record size    78 interface 412B6F38 already in cache:   78 5.4.5.A.3.0.E.F.F.F.E.0.D.6.2.0.0.0.0.0.0.0.0.0.0.0.0.0.0.8.E.F.ip6.arpa. NSEC PTR 
11-28 15:16:40.787 D/cocos2d-x debug info(14128): trace_frame: 59.063839
11-28 15:16:40.797 D/dalvikvm(22184): GC_CONCURRENT freed 716K, 18% free 6655K/8116K, paused 4ms+4ms, total 48ms
11-28 15:16:40.847 D/mdns    ( 4397): mDNS_Execute
11-28 15:16:40.847 D/mdns    ( 4397): mDNS_Execute: Setting NewLocalRecords to NULL
11-28 15:16:40.897 D/mdns    ( 4397): SocketDataReady got a packet from 172.16.13.187 to 224.0.0.251 on interface 172.16.13.147/wlan0/7/256
11-28 15:16:40.897 D/mdns    ( 4397): Received Response from 172.16.13.187   addressed to 224.0.0.251     on 412B6F38 with  0 Questions,  3 Answers,  0 Authorities,  0 Additionals 232 bytes LLQType 0
11-28 15:16:40.907 D/cocos2d-x debug info(14128): trace_frame: 60.497108
11-28 15:16:41.017 D/cocos2d-x debug info(14128): trace_frame: 60.313103
11-28 15:16:41.117 D/cocos2d-x debug info(14128): trace_frame: 59.882038
11-28 15:16:41.217 D/cocos2d-x debug info(14128): JS: HomeMainScene Key down:158
11-28 15:16:41.227 D/cocos2d-x debug info(14128): JS: ItemTypeLayer--203--6
11-28 15:16:41.227 D/cocos2d-x debug info(14128): JS: curSelIndex=8
11-28 15:16:41.227 D/cocos2d-x debug info(14128): JS: lastSelIndex=9
11-28 15:16:41.227 D/cocos2d-x debug info(14128): cocos2d: TextureCache: removing unused texture: /data/data/tv.fun.launcher/files/fun_download/e0/4e3c9761e9227f6a5e1723c7c26e90.png
11-28 15:16:41.227 D/cocos2d-x debug info(14128): cocos2d: TextureCache: removing unused texture: /data/data/tv.fun.launcher/files/fun_download/cb/cac0ef74d5d451b3a1e7a655f9cbea.png
11-28 15:16:41.227 D/cocos2d-x debug info(14128): cocos2d: TextureCache: removing unused texture: /data/data/tv.fun.launcher/files/fun_download/e9/02f986a0fd93124c2491a0e164f345.png
11-28 15:16:41.227 D/cocos2d-x debug info(14128): cocos2d: TextureCache: removing unused texture: /data/data/tv.fun.launcher/files/fun_download/90/c2a2ddfe2422257d39bd0c9f5d84fc.png
11-28 15:16:41.227 D/cocos2d-x debug info(14128): JS: updateStatus--（20141123期）
11-28 15:16:41.227 D/cocos2d-x debug info(14128): JS: begin home url=http://img.funshion.com/pictures/media/list/115/335/115335_530_298_ott_still.jpg?1416895126
11-28 15:16:41.237 D/cocos2d-x debug info(14128): JS: mImageNode equal imageInfo.mUrl=http://img.funshion.com/pictures/media/list/115/335/115335_530_298_ott_still.jpg?1416895126
11-28 15:16:41.237 D/cocos2d-x debug info(14128): JS: funtv.ImageLoader.sImagePath=/data/data/tv.fun.launcher/files/fun_download/6c/522cd54e6aad2df611914a26e634f6.png
11-28 15:16:41.237 D/cocos2d-x debug info(14128): JS: updateStatus--（20140208期）
11-28 15:16:41.237 D/cocos2d-x debug info(14128): JS: begin home url=http://img.funshion.com/pictures/media/list/928/66/92866_530_298_ott_still.jpg?1405357710
11-28 15:16:41.237 D/cocos2d-x debug info(14128): JS: mImageNode equal imageInfo.mUrl=http://img.funshion.com/pictures/media/list/928/66/92866_530_298_ott_still.jpg?1405357710
11-28 15:16:41.237 D/cocos2d-x debug info(14128): JS: funtv.ImageLoader.sImagePath=/data/data/tv.fun.launcher/files/fun_download/da/403a7f6c2f9f6e8ba2afed6c4f4c80.png
11-28 15:16:41.237 D/cocos2d-x debug info(14128): JS: updateStatus--（20141122期）
11-28 15:16:41.237 D/cocos2d-x debug info(14128): JS: begin home url=http://img.funshion.com/pictures/media/list/117/118/117118_530_298_ott_still.jpg?1416817400
11-28 15:16:41.237 D/cocos2d-x debug info(14128): JS: mImageNode equal imageInfo.mUrl=http://img.funshion.com/pictures/media/list/117/118/117118_530_298_ott_still.jpg?1416817400
11-28 15:16:41.237 D/cocos2d-x debug info(14128): JS: funtv.ImageLoader.sImagePath=/data/data/tv.fun.launcher/files/fun_download/ba/fd59dbb7de96cca259096ccce39994.png
11-28 15:16:41.247 D/cocos2d-x debug info(14128): JS:  HomeMainScene Key up:158
11-28 15:16:41.247 D/cocos2d-x debug info(14128): trace_frame: 48.581818
11-28 15:16:41.357 D/cocos2d-x debug info(14128): JS: SettingLayer hide
11-28 15:16:41.357 D/cocos2d-x debug info(14128): JS: App on Show
11-28 15:16:41.357 D/cocos2d-x debug info(14128): trace_frame: 72.842499
11-28 15:16:41.457 D/cocos2d-x debug info(14128): trace_frame: 59.994595
11-28 15:16:41.557 D/cocos2d-x debug info(14128): trace_frame: 59.330750
11-28 15:16:41.667 D/cocos2d-x debug info(14128): trace_frame: 60.782360
11-28 15:16:41.717 D/launcher_auto(14128): launcher_auto: sendkey and wait.
11-28 15:16:41.747 D/mdns    ( 4397): mDNS_Execute
11-28 15:16:41.747 D/mdns    ( 4397): mDNS_Execute: Setting NewLocalRecords to NULL
11-28 15:16:41.747 D/mdns    ( 4397): Announcing 006d0e03a545@MiniMax._raop._tcp.local. (TXT) 6
11-28 15:16:41.747 D/mdns    ( 4397): Announcing _services._dns-sd._udp.local. (PTR) 6
11-28 15:16:41.747 D/mdns    ( 4397): Announcing _raop._tcp.local. (PTR) 6
11-28 15:16:41.747 D/mdns    ( 4397): Announcing MiniMax._airplay._tcp.local. (TXT) 6
11-28 15:16:41.747 D/mdns    ( 4397): Announcing _services._dns-sd._udp.local. (PTR) 6
11-28 15:16:41.747 D/mdns    ( 4397): Announcing _airplay._tcp.local. (PTR) 6
11-28 15:16:41.747 D/mdns    ( 4397): Announcing 006d0e03a545@MiniMax._raop._tcp.local. (SRV) 6
11-28 15:16:41.747 D/mdns    ( 4397): Announcing MiniMax._airplay._tcp.local. (SRV) 6
11-28 15:16:41.747 D/mdns    ( 4397): Announcing 147.13.16.172.in-addr.arpa. (PTR) 6
11-28 15:16:41.747 D/mdns    ( 4397): Announcing 5.4.5.A.3.0.E.F.F.F.E.0.D.6.2.0.0.0.0.0.0.0.0.0.0.0.0.0.0.8.E.F.ip6.arpa. (PTR) 6
11-28 15:16:41.747 D/mdns    ( 4397): Announcing Android-2.local. (Addr) 6
11-28 15:16:41.747 D/mdns    ( 4397): Announcing Android-2.local. (AAAA) 6
11-28 15:16:41.747 D/mdns    ( 4397): SendResponses: Sending 0 Deregistrations, 12 Announcements, 0 Answers, 5 Additionals on 412B6F38
11-28 15:16:41.747 D/mdns    ( 4397): SendResponses: Next in 2048 ticks
11-28 15:16:41.747 D/mdns    ( 4397): SocketDataReady got a packet from 172.16.13.147 to 224.0.0.251 on interface 172.16.13.147/wlan0/7/256
11-28 15:16:41.747 D/mdns    ( 4397): Received Response from 172.16.13.147   addressed to 224.0.0.251     on 412B6F38 with  0 Questions, 12 Answers,  0 Authorities,  5 Additionals 661 bytes LLQType 0
11-28 15:16:41.747 D/mdns    ( 4397): Found record size   115 interface 412B6F38 already in cache:  115 006d0e03a545@MiniMax._raop._tcp.local. TXT ch=2¦cn=0,1¦da=true¦ek=1¦et=0,1¦md=0,1,2¦pw=false¦sm=false¦sr=44100¦ss=16¦sv=false¦tp=UDP¦txtvers=
11-28 15:16:41.747 D/mdns    ( 4397): Found record size    75 interface 412B6F38 already in cache:   75 MiniMax._airplay._tcp.local. TXT deviceid=00:6d:0e:03:a5:45¦features=0x2077¦model=AppleTV2,1¦srcvers=101.28
