11-28 15:18:39.527 D/mdns    ( 4397): m->NextCacheCheck   22 Slot 207 c80e7740c781@åœŸè±†å¤§å±å¹•._raop._tcp.local.
11-28 15:18:39.527 D/mdns    ( 4397): CheckCacheExpiration: Deleting  61447       0 00000000   27 c80e7740c781@åœŸè±†å¤§å±å¹•._raop._tcp.local. SRV 0 0 47349 172-16-13-146.local.
11-28 15:18:39.527 D/mdns    ( 4397): CheckCacheExpiration: Deleting  61447       0 00000000  146 c80e7740c781@åœŸè±†å¤§å±å¹•._raop._tcp.local. TXT tp=UDPÂ¦sm=falseÂ¦sv=falseÂ¦ek=1Â¦et=0,1Â¦cn=0,1Â¦ch=2Â¦ss=16Â¦sr=44100Â¦pw=falseÂ¦vn=3Â¦txtvers=1Â¦da
11-28 15:18:39.527 D/mdns    ( 4397): CheckCacheExpiration: Updating CacheGroup tail from 400D3C50 to 400D4708
11-28 15:18:39.527 D/mdns    ( 4397): m->NextCacheCheck   23 Slot 209 _raop._tcp.local.
11-28 15:18:39.527 D/mdns    ( 4397): CheckCacheExpiration: Deleting  61447       0 00000000   39 _raop._tcp.local. PTR 006d0e03a545@MiniMax._raop._tcp.local.
11-28 15:18:39.527 D/mdns    ( 4397): CheckCacheExpiration: Deleting  61447       0 00000000   38 _raop._tcp.local. PTR 1048b1282220@qqwwee._raop._tcp.local.
11-28 15:18:39.527 D/mdns    ( 4397): CheckCacheExpiration: Deleting  61447       0 00000000   53 _raop._tcp.local. PTR 1048b15135aa@å®¢å…çš„å°ç±³ç›’å­._raop._tcp.local.
11-28 15:18:39.527 D/mdns    ( 4397): CheckCacheExpiration: Deleting  61447       0 00000000   39 _raop._tcp.local. PTR 00ce39bedf82@MiniMax._raop._tcp.local.
11-28 15:18:39.527 D/mdns    ( 4397): CheckCacheExpiration: Deleting  61447       0 00000000   44 _raop._tcp.local. PTR 006d0e03a545@ä¼˜é…·ç”µè§†._raop._tcp.local.
11-28 15:18:39.527 D/mdns    ( 4397): CheckCacheExpiration: Deleting  61447       0 00000000   53 _raop._tcp.local. PTR 1048b11ad489@å®¢å…çš„å°ç±³ç›’å­._raop._tcp.local.
11-28 15:18:39.527 D/mdns    ( 4397): CheckCacheExpiration: Deleting  61447       0 00000000   53 _raop._tcp.local. PTR 1048b111c283@å®¢å…çš„å°ç±³ç›’å­._raop._tcp.local.
11-28 15:18:39.527 D/mdns    ( 4397): CheckCacheExpiration: Deleting  61447       0 00000000   53 _raop._tcp.local. PTR 1048b14f6932@å®¢å…çš„å°ç±³ç›’å­._raop._tcp.local.
11-28 15:18:39.527 D/mdns    ( 4397): CheckCacheExpiration: Deleting  61447       0 00000000   47 _raop._tcp.local. PTR c80e7740c781@åœŸè±†å¤§å±å¹•._raop._tcp.local.
11-28 15:18:39.527 D/mdns    ( 4397): CheckCacheExpiration: Deleting  61447       0 00000000   43 _raop._tcp.local. PTR 1048b118a129@hello\032mibox._raop._tcp.local.
11-28 15:18:39.527 D/mdns    ( 4397): CheckCacheExpiration: Deleting  61447       0 00000000   39 _raop._tcp.local. PTR c80e7740c781@LetvBox._raop._tcp.local.
11-28 15:18:39.527 D/mdns    ( 4397): CheckCacheExpiration: Deleting  61447       0 00000000   53 _raop._tcp.local. PTR 1048b11cf011@å®¢å…çš„å°ç±³ç›’å­._raop._tcp.local.
11-28 15:18:39.527 D/mdns    ( 4397): CheckCacheExpiration: Deleting  61447       0 00000000   53 _raop._tcp.local. PTR 1048b152aa81@å®¢å…çš„å°ç±³ç›’å­._raop._tcp.local.
11-28 15:18:39.527 D/mdns    ( 4397): CheckCacheExpiration: Updating CacheGroup tail from 400D9BE8 to 400D9990
11-28 15:18:39.527 D/mdns    ( 4397): m->NextCacheCheck   24 Slot 217 _airplay._tcp.local.
11-28 15:18:39.527 D/mdns    ( 4397): CheckCacheExpiration: Deleting  61447       0 00000000   43 _airplay._tcp.local. PTR å®¢å…çš„å°ç±³ç›’å­._airplay._tcp.local.
11-28 15:18:39.527 D/mdns    ( 4397): CheckCacheExpiration: Deleting  61447       0 00000000   28 _airplay._tcp.local. PTR qqwwee._airplay._tcp.local.
11-28 15:18:39.527 D/mdns    ( 4397): CheckCacheExpiration: Deleting  61447       0 00000000   29 _airplay._tcp.local. PTR MiniMax._airplay._tcp.local.
11-28 15:18:39.527 D/mdns    ( 4397): CheckCacheExpiration: Deleting  61447       0 00000000   33 _airplay._tcp.local. PTR MiniMax\032(3)._airplay._tcp.local.
11-28 15:18:39.527 D/mdns    ( 4397): CheckCacheExpiration: Deleting  61447       0 00000000   38 _airplay._tcp.local. PTR ä¼˜é…·ç”µè§†\032(2)._airplay._tcp.local.
11-28 15:18:39.527 D/mdns    ( 4397): CheckCacheExpiration: Deleting  61447       0 00000000   47 _airplay._tcp.local. PTR å®¢å…çš„å°ç±³ç›’å­\032(5)._airplay._tcp.local.
11-28 15:18:39.527 D/mdns    ( 4397): CheckCacheExpiration: Deleting  61447       0 00000000   47 _airplay._tcp.local. PTR å®¢å…çš„å°ç±³ç›’å­\032(2)._airplay._tcp.local.
11-28 15:18:39.527 D/mdns    ( 4397): CheckCacheExpiration: Deleting  61447       0 00000000   47 _airplay._tcp.local. PTR å®¢å…çš„å°ç±³ç›’å­\032(6)._airplay._tcp.local.
11-28 15:18:39.527 D/mdns    ( 4397): CheckCacheExpiration: Deleting  61447       0 00000000   37 _airplay._tcp.local. PTR åœŸè±†å¤§å±å¹•._airplay._tcp.local.
11-28 15:18:39.537 D/mdns    ( 4397): CheckCacheExpiration: Deleting  61447       0 00000000   33 _airplay._tcp.local. PTR hello\032mibox._airplay._tcp.local.
11-28 15:18:39.537 D/mdns    ( 4397): CheckCacheExpiration: Deleting  61447       0 00000000   29 _airplay._tcp.local. PTR LetvBox._airplay._tcp.local.
11-28 15:18:39.537 D/mdns    ( 4397): CheckCacheExpiration: Deleting  61447       0 00000000   47 _airplay._tcp.local. PTR å®¢å…çš„å°ç±³ç›’å­\032(4)._airplay._tcp.local.
11-28 15:18:39.537 D/mdns    ( 4397): CheckCacheExpiration: Deleting  61447       0 00000000   47 _airplay._tcp.local. PTR å®¢å…çš„å°ç±³ç›’å­\032(3)._airplay._tcp.local.
11-28 15:18:39.537 D/mdns    ( 4397): CheckCacheExpiration: Updating CacheGroup tail from 400DA308 to 400D5380
11-28 15:18:39.537 D/mdns    ( 4397): m->NextCacheCheck   25 Slot 220 milink-254969319.local.
11-28 15:18:39.537 D/mdns    ( 4397): CheckCacheExpiration: Deleting  61447       0 00000000    4 milink-254969319.local. Addr 172.16.13.203
11-28 15:18:39.537 D/mdns    ( 4397): CheckCacheExpiration: Updating CacheGroup tail from 400D7680 to 400D6BD8
11-28 15:18:39.537 D/mdns    ( 4397): m->NextCacheCheck   26 Slot 249 milink-199704365.local.
11-28 15:18:39.537 D/mdns    ( 4397): CheckCacheExpiration: Deleting  61447       0 00000000    4 milink-199704365.local. Addr 172.16.13.14
11-28 15:18:39.537 D/mdns    ( 4397): CheckCacheExpiration: Updating CacheGroup tail from 400D7E38 to 400D6848
11-28 15:18:39.537 D/mdns    ( 4397): m->NextCacheCheck   27 Slot 264 milink-185090187.local.
11-28 15:18:39.537 D/mdns    ( 4397): CheckCacheExpiration: Deleting  61447       0 00000000    4 milink-185090187.local. Addr 172.16.13.167
11-28 15:18:39.537 D/mdns    ( 4397): CheckCacheExpiration: Updating CacheGroup tail from 400D8688 to 400D4E28
11-28 15:18:39.537 D/mdns    ( 4397): m->NextCacheCheck   28 Slot 274 milink-203107814.local.
11-28 15:18:39.537 D/mdns    ( 4397): CheckCacheExpiration: Deleting  61447       0 00000000    4 milink-203107814.local. Addr 172.16.13.34
11-28 15:18:39.537 D/mdns    ( 4397): CheckCacheExpiration: Updating CacheGroup tail from 400D8BE0 to 400D2B20
11-28 15:18:39.537 D/mdns    ( 4397): m->NextCacheCheck   29 Slot 283 Android-3.local.
11-28 15:18:39.537 D/mdns    ( 4397): CheckCacheExpiration: Deleting  61447       0 00000000    4 Android-3.local. Addr 172.16.13.146
11-28 15:18:39.537 D/mdns    ( 4397): CheckCacheExpiration: Deleting  61447       0 00000000   16 Android-3.local. AAAA FE80:0000:0000:0000:CA0E:77FF:FE40:C781
11-28 15:18:39.537 D/mdns    ( 4397): CheckCacheExpiration: Deleting  61447       0 00000000   23 Android-3.local. NSEC Addr AAAA 
11-28 15:18:39.537 D/mdns    ( 4397): CheckCacheExpiration: Updating CacheGroup tail from 400D03E8 to 400DA998
11-28 15:18:39.537 D/mdns    ( 4397): m->NextCacheCheck   30 Slot 286 milink-199855756.local.
11-28 15:18:39.537 D/mdns    ( 4397): CheckCacheExpiration: Deleting  61447       0 00000000    4 milink-199855756.local. Addr 172.16.13.131
11-28 15:18:39.537 D/mdns    ( 4397): CheckCacheExpiration: Updating CacheGroup tail from 400D98F0 to 400D8EE0
11-28 15:18:39.537 D/mdns    ( 4397): m->NextCacheCheck   31 Slot 287 1048b1282220@qqwwee._raop._tcp.local.
11-28 15:18:39.537 D/mdns    ( 4397): CheckCacheExpiration: Deleting  61447       0 00000000   30 1048b1282220@qqwwee._raop._tcp.local. SRV 0 0 5000 milink-203107814.local.
11-28 15:18:39.537 D/mdns    ( 4397): CheckCacheExpiration: Deleting  61447       0 00000000  176 1048b1282220@qqwwee._raop._tcp.local. TXT tp=UDPÂ¦sm=falseÂ¦sv=falseÂ¦ek=1Â¦et=0,3,5Â¦cn=0,1Â¦ch=2Â¦ss=16Â¦sr=44100Â¦pw=falseÂ¦vn=3Â¦txtvers=1Â¦da=trueÂ¦
11-28 15:18:39.537 D/mdns    ( 4397): CheckCacheExpiration: Updating CacheGroup tail from 400D74B8 to 400D6718
11-28 15:18:39.537 D/mdns    ( 4397): m->NextCacheCheck   32 Slot 297 _services._dns-sd._udp.local.
11-28 15:18:39.537 D/mdns    ( 4397): CheckCacheExpiration: Deleting  61447       0 00000000   18 _services._dns-sd._udp.local. PTR _raop._tcp.local.
11-28 15:18:39.537 D/mdns    ( 4397): CheckCacheExpiration: Deleting  61447       0 00000000   21 _services._dns-sd._udp.local. PTR _airplay._tcp.local.
11-28 15:18:39.537 D/mdns    ( 4397): CheckCacheExpiration: Updating CacheGroup tail from 400D49F8 to 400D2C50
11-28 15:18:39.537 D/mdns    ( 4397): m->NextCacheCheck   33 Slot 310 1048b11cf011@å®¢å…çš„å°ç±³ç›’å­._raop._tcp.local.
11-28 15:18:39.537 D/mdns    ( 4397): CheckCacheExpiration: Deleting  61447       0 00000000  176 1048b11cf011@å®¢å…çš„å°ç±³ç›’å­._raop._tcp.local. TXT tp=UDPÂ¦sm=falseÂ¦sv=falseÂ¦ek=1Â¦et=0,3,5Â¦cn=0,1Â¦ch=2Â¦ss=16Â¦sr=44100Â¦pw=falseÂ¦vn=3Â¦txtve
11-28 15:18:39.537 D/mdns    ( 4397): CheckCacheExpiration: Deleting  61447       0 00000000   30 1048b11cf011@å®¢å…çš„å°ç±³ç›’å­._raop._tcp.local. SRV 0 0 5000 milink-199704365.local.
11-28 15:18:39.537 D/mdns    ( 4397): CheckCacheExpiration: Updating CacheGroup tail from 400DAB58 to 400D47A0
11-28 15:18:39.537 D/mdns    ( 4397): m->NextCacheCheck   34 Slot 325 å®¢å…çš„å°ç±³ç›’å­\032(2)._airplay._tcp.local.
11-28 15:18:39.537 D/mdns    ( 4397): CheckCacheExpiration: Deleting  61447       0 00000000   30 å®¢å…çš„å°ç±³ç›’å­\032(2)._airplay._tcp.local. SRV 0 0 7000 milink-200077498.local.
11-28 15:18:39.537 D/mdns    ( 4397): CheckCacheExpiration: Deleting  61447       0 00000000   94 å®¢å…çš„å°ç±³ç›’å­\032(2)._airplay._tcp.local. TXT deviceid=10:48:b1:11:c2:83Â¦features=0x100029ffÂ¦flags=0x4Â¦model=AppleTV3,1Â¦srcvers=150.33Â¦vv=1
11-28 15:18:39.537 D/mdns    ( 4397): CheckCacheExpiration: Updating CacheGroup tail from 400D0350 to 400D84C8
11-28 15:18:39.537 D/mdns    ( 4397): m->NextCacheCheck   35 Slot 333 å®¢å…çš„å°ç±³ç›’å­\032(6)._airkan._tcp.local.
11-28 15:18:39.537 D/mdns    ( 4397): CheckCacheExpiration: Deleting  61447       0 00000000   30 å®¢å…çš„å°ç±³ç›’å­\032(6)._airkan._tcp.local. SRV 0 0 6088 milink-199422877.local.
11-28 15:18:39.537 D/mdns    ( 4397): CheckCacheExpiration: Deleting  61447       0 00000000  126 å®¢å…çš„å°ç±³ç›’å­\032(6)._airkan._tcp.local. TXT photoport=6089Â¦scrnw=1920Â¦scrnh=1080Â¦protver=16777984Â¦prottext=Airkan Protocol Version 1.03Â¦pla
11-28 15:18:39.537 D/mdns    ( 4397): CheckCacheExpiration: Updating CacheGroup tail from 400D10F8 to 400D3960
11-28 15:18:39.537 D/mdns    ( 4397): m->NextCacheCheck   36 Slot 334 _airkan._tcp.local.
11-28 15:18:39.537 D/mdns    ( 4397): CheckCacheExpiration: Deleting  61447       0 00000000   46 _airkan._tcp.local. PTR å®¢å…çš„å°ç±³ç›’å­\032(4)._airkan._tcp.local.
11-28 15:18:39.537 D/mdns    ( 4397): CheckCacheExpiration: Deleting  61447       0 00000000   32 _airkan._tcp.local. PTR hello\032mibox._airkan._tcp.local.
11-28 15:18:39.537 D/mdns    ( 4397): CheckCacheExpiration: Deleting  61447       0 00000000   46 _airkan._tcp.local. PTR å®¢å…çš„å°ç±³ç›’å­\032(7)._airkan._tcp.local.
11-28 15:18:39.537 D/mdns    ( 4397): CheckCacheExpiration: Deleting  61447       0 00000000   46 _airkan._tcp.local. PTR å®¢å…çš„å°ç±³ç›’å­\032(6)._airkan._tcp.local.
11-28 15:18:39.537 D/mdns    ( 4397): CheckCacheExpiration: Updating CacheGroup tail from 400D2D78 to 400D2070
11-28 15:18:39.537 D/mdns    ( 4397): m->NextCacheCheck   37 Slot 338 å®¢å…çš„å°ç±³ç›’å­\032(3)._airplay._tcp.local.
11-28 15:18:39.537 D/mdns    ( 4397): CheckCacheExpiration: Deleting  61447       0 00000000   30 å®¢å…çš„å°ç±³ç›’å­\032(3)._airplay._tcp.local. SRV 0 0 7000 milink-254969319.local.
11-28 15:18:39.537 D/mdns    ( 4397): CheckCacheExpiration: Deleting  61447       0 00000000   94 å®¢å…çš„å°ç±³ç›’å­\032(3)._airplay._tcp.local. TXT deviceid=10:48:b1:52:aa:81Â¦features=0x100029ffÂ¦flags=0x4Â¦model=AppleTV3,1Â¦srcvers=150.33Â¦vv=1
11-28 15:18:39.537 D/mdns    ( 4397): CheckCacheExpiration: Updating CacheGroup tail from 400D2E10 to 400D1A80
11-28 15:18:39.537 D/mdns    ( 4397): m->NextCacheCheck   38 Slot 348 LetvBox._airplay._tcp.local.
11-28 15:18:39.537 D/mdns    ( 4397): CheckCacheExpiration: Deleting  61447       0 00000000   73 LetvBox._airplay._tcp.local. TXT deviceid=c8:0e:77:40:c7:81Â¦features=0x77Â¦model=AppleTV2,1Â¦srcvers=101.28
11-28 15:18:39.537 D/mdns    ( 4397): CheckCacheExpiration: Deleting  61447       0 00000000   23 LetvBox._airplay._tcp.local. SRV 0 0 36667 Android-3.local.
11-28 15:18:39.537 D/mdns    ( 4397): CheckCacheExpiration: Deleting  61447       0 00000000   36 LetvBox._airplay._tcp.local. NSEC TXT SRV 
11-28 15:18:39.537 D/WifiSetting(14128): handleEvent action:android.net.wifi.SCAN_RESULTS
11-28 15:18:39.537 D/mdns    ( 4397): CheckCacheExpiration: Updating CacheGroup tail from 400D71C0 to 400D2EB0
11-28 15:18:39.537 D/mdns    ( 4397): m->NextCacheCheck   39 Slot 348 åœŸè±†å¤§å±å¹•._airplay._tcp.local.
11-28 15:18:39.537 D/mdns    ( 4397): CheckCacheExpiration: Deleting  61447       0 00000000   27 åœŸè±†å¤§å±å¹•._airplay._tcp.local. SRV 0 0 38401 172-16-13-146.local.
11-28 15:18:39.537 D/mdns    ( 4397): CheckCacheExpiration: Deleting  61447       0 00000000   75 åœŸè±†å¤§å±å¹•._airplay._tcp.local. TXT deviceid=c8:0e:77:40:c7:81Â¦features=0x0011Â¦model=AppleTV3,1Â¦srcvers=150.33
11-28 15:18:39.537 D/mdns    ( 4397): CheckCacheExpiration: Updating CacheGroup tail from 400D2820 to 400D4378
11-28 15:18:39.537 D/mdns    ( 4397): m->NextCacheCheck   40 Slot 351 å®¢å…çš„å°ç±³ç›’å­\032(4)._airplay._tcp.local.
11-28 15:18:39.537 D/mdns    ( 4397): CheckCacheExpiration: Deleting  61447       0 00000000   30 å®¢å…çš„å°ç±³ç›’å­\032(4)._airplay._tcp.local. SRV 0 0 7000 milink-199704365.local.
11-28 15:18:39.537 D/mdns    ( 4397): CheckCacheExpiration: Deleting  61447       0 00000000   94 å®¢å…çš„å°ç±³ç›’å­\032(4)._airplay._tcp.local. TXT deviceid=10:48:b1:1c:f0:11Â¦features=0x100029ffÂ¦flags=0x4Â¦model=AppleTV3,1Â¦srcvers=150.33Â¦vv=1
11-28 15:18:39.537 D/mdns    ( 4397): CheckCacheExpiration: Updating CacheGroup tail from 400D0220 to 400D38C8
11-28 15:18:39.537 D/mdns    ( 4397): m->NextCacheCheck   41 Slot 364 å®¢å…çš„å°ç±³ç›’å­\032(5)._airplay._tcp.local.
11-28 15:18:39.537 D/mdns    ( 4397): CheckCacheExpiration: Deleting  61447       0 00000000   94 å®¢å…çš„å°ç±³ç›’å­\032(5)._airplay._tcp.local. TXT deviceid=10:48:b1:1a:d4:89Â¦features=0x100029ffÂ¦flags=0x4Â¦model=AppleTV3,1Â¦srcvers=150.33Â¦vv=1
11-28 15:18:39.537 D/mdns    ( 4397): CheckCacheExpiration: Deleting  61447       0 00000000   30 å®¢å…çš„å°ç±³ç›’å­\032(5)._airplay._tcp.local. SRV 0 0 7000 milink-199422877.local.
11-28 15:18:39.537 D/mdns    ( 4397): CheckCacheExpiration: Updating CacheGroup tail from 400D3108 to 400D6420
11-28 15:18:39.537 D/mdns    ( 4397): m->NextCacheCheck   42 Slot 366 1048b15135aa@å®¢å…çš„å°ç±³ç›’å­._raop._tcp.local.
11-28 15:18:39.537 D/mdns    ( 4397): CheckCacheExpiration: Deleting  61447       0 00000000   30 1048b15135aa@å®¢å…çš„å°ç±³ç›’å­._raop._tcp.local. SRV 0 0 5000 milink-199855756.local.
11-28 15:18:39.537 D/mdns    ( 4397): CheckCacheExpiration: Deleting  61447       0 00000000  176 1048b15135aa@å®¢å…çš„å°ç±³ç›’å­._raop._tcp.local. TXT tp=UDPÂ¦sm=falseÂ¦sv=falseÂ¦ek=1Â¦et=0,3,5Â¦cn=0,1Â¦ch=2Â¦ss=16Â¦sr=44100Â¦pw=falseÂ¦vn=3Â¦txtve
11-28 15:18:39.537 D/mdns    ( 4397): CheckCacheExpiration: Updating CacheGroup tail from 400D88E8 to 400D51B8
11-28 15:18:39.537 D/mdns    ( 4397): m->NextCacheCheck   43 Slot 372 5.4.5.A.3.0.E.F.F.F.E.0.D.6.2.0.0.0.0.0.0.0.0.0.0.0.0.0.0.8.E.F.ip6.arpa.
11-28 15:18:39.537 D/mdns    ( 4397): CheckCacheExpiration: Deleting  61447       0 00000000   17 5.4.5.A.3.0.E.F.F.F.E.0.D.6.2.0.0.0.0.0.0.0.0.0.0.0.0.0.0.8.E.F.ip6.arpa. PTR Android-2.local.
11-28 15:18:39.537 D/mdns    ( 4397): CheckCacheExpiration: Deleting  61447       0 00000000   78 5.4.5.A.3.0.E.F.F.F.E.0.D.6.2.0.0.0.0.0.0.0.0.0.0.0.0.0.0.8.E.F.ip6.arpa. NSEC PTR 
11-28 15:18:39.537 D/mdns    ( 4397): CheckCacheExpiration: Updating CacheGroup tail from 400D2528 to 400D4EC0
11-28 15:18:39.537 D/mdns    ( 4397): m->NextCacheCheck   44 Slot 377 å®¢å…çš„å°ç±³ç›’å­\032(6)._airplay._tcp.local.
11-28 15:18:39.537 D/mdns    ( 4397): CheckCacheExpiration: Deleting  61447       0 00000000   94 å®¢å…çš„å°ç±³ç›’å­\032(6)._airplay._tcp.local. TXT deviceid=10:48:b1:4f:69:32Â¦features=0x100029ffÂ¦flags=0x4Â¦model=AppleTV3,1Â¦srcvers=150.33Â¦vv=1
11-28 15:18:39.537 D/mdns    ( 4397): CheckCacheExpiration: Deleting  61447       0 00000000   30 å®¢å…çš„å°ç±³ç›’å­\032(6)._airplay._tcp.local. SRV 0 0 7000 milink-184250014.local.
11-28 15:18:39.537 D/mdns    ( 4397): CheckCacheExpiration: Updating CacheGroup tail from 400D95F8 to 400D9F80
11-28 15:18:39.537 D/mdns    ( 4397): m->NextCacheCheck   45 Slot 386 006d0e03a545@ä¼˜é…·ç”µè§†._raop._tcp.local.
11-28 15:18:39.537 D/mdns    ( 4397): CheckCacheExpiration: Deleting  61447       0 00000000   27 006d0e03a545@ä¼˜é…·ç”µè§†._raop._tcp.local. SRV 0 0 5000 172-16-13-147.local.
11-28 15:18:39.537 D/mdns    ( 4397): CheckCacheExpiration: Deleting  61447       0 00000000  146 006d0e03a545@ä¼˜é…·ç”µè§†._raop._tcp.local. TXT tp=UDPÂ¦sm=falseÂ¦sv=falseÂ¦ek=1Â¦et=0,1Â¦cn=0,1Â¦ch=2Â¦ss=16Â¦sr=44100Â¦pw=falseÂ¦vn=3Â¦txtvers=1Â¦da=tr
11-28 15:18:39.537 D/mdns    ( 4397): CheckCacheExpiration: Updating CacheGroup tail from 400D28B8 to 400D0D70
11-28 15:18:39.537 D/mdns    ( 4397): m->NextCacheCheck   46 Slot 395 hello\032mibox._airkan._tcp.local.
11-28 15:18:39.537 D/mdns    ( 4397): CheckCacheExpiration: Deleting  61447       0 00000000   30 hello\032mibox._airkan._tcp.local. SRV 0 0 6088 milink-185090187.local.
11-28 15:18:39.537 D/mdns    ( 4397): CheckCacheExpiration: Deleting  61447       0 00000000  125 hello\032mibox._airkan._tcp.local. TXT photoport=6089Â¦scrnw=1280Â¦scrnh=720Â¦protver=16777984Â¦prottext=Airkan Protocol Version 1.03Â¦platform_id=205Â¦m
11-28 15:18:39.537 D/mdns    ( 4397): CheckCacheExpiration: Updating CacheGroup tail from 400D9E48 to 400DA0B0
11-28 15:18:39.537 D/mdns    ( 4397): m->NextCacheCheck   47 Slot 397 å®¢å…çš„å°ç±³ç›’å­\032(7)._airkan._tcp.local.
11-28 15:18:39.537 D/mdns    ( 4397): CheckCacheExpiration: Deleting  61447       0 00000000   30 å®¢å…çš„å°ç±³ç›’å­\032(7)._airkan._tcp.local. SRV 0 0 6088 milink-184250014.local.
11-28 15:18:39.537 D/mdns    ( 4397): CheckCacheExpiration: Deleting  61447       0 00000000  125 å®¢å…çš„å°ç±³ç›’å­\032(7)._airkan._tcp.local. TXT photoport=6089Â¦scrnw=1280Â¦scrnh=720Â¦protver=16777984Â¦prottext=Airkan Protocol Version 1.03Â¦plat
11-28 15:18:39.537 D/mdns    ( 4397): CheckCacheExpiration: Updating CacheGroup tail from 400D1358 to 400D78E8
11-28 15:18:39.537 D/mdns    ( 4397): m->NextCacheCheck   48 Slot 404 c80e7740c781@LetvBox._raop._tcp.local.
11-28 15:18:39.537 D/mdns    ( 4397): CheckCacheExpiration: Deleting  61447       0 00000000  133 c80e7740c781@LetvBox._raop._tcp.local. TXT txtvers=1Â¦cn=0,1Â¦ch=2Â¦ek=1Â¦et=0,1Â¦sv=falseÂ¦tp=UDPÂ¦sm=falseÂ¦ss=16Â¦sr=44100Â¦pw=falseÂ¦vn=65537Â¦da=tru
11-28 15:18:39.537 D/mdns    ( 4397): CheckCacheExpiration: Deleting  61447       0 00000000   23 c80e7740c781@LetvBox._raop._tcp.local. SRV 0 0 36666 Android-3.local.
11-28 15:18:39.537 D/mdns    ( 4397): CheckCacheExpiration: Deleting  61447       0 00000000   46 c80e7740c781@LetvBox._raop._tcp.local. NSEC TXT SRV 
11-28 15:18:39.537 D/mdns    ( 4397): CheckCacheExpiration: Updating CacheGroup tail from 400D7ED0 to 400D9A28
11-28 15:18:39.537 D/mdns    ( 4397): m->NextCacheCheck   49 Slot 409 ä¼˜é…·ç”µè§†\032(2)._airplay._tcp.local.
11-28 15:18:39.537 D/mdns    ( 4397): CheckCacheExpiration: Deleting  61447       0 00000000   75 ä¼˜é…·ç”µè§†\032(2)._airplay._tcp.local. TXT deviceid=00:6d:0e:03:a5:45Â¦features=0x0011Â¦model=AppleTV3,1Â¦srcvers=150.33
11-28 15:18:39.537 D/mdns    ( 4397): CheckCacheExpiration: Deleting  61447       0 00000000   27 ä¼˜é…·ç”µè§†\032(2)._airplay._tcp.local. SRV 0 0 7000 172-16-13-147.local.
11-28 15:18:39.537 D/mdns    ( 4397): CheckCacheExpiration: Updating CacheGroup tail from 400D8B48 to 400D4540
11-28 15:18:39.537 D/mdns    ( 4397): m->NextCacheCheck   50 Slot 415 1048b118a129@hello\032mibox._raop._tcp.local.
11-28 15:18:39.537 D/mdns    ( 4397): CheckCacheExpiration: Deleting  61447       0 00000000  176 1048b118a129@hello\032mibox._raop._tcp.local. TXT tp=UDPÂ¦sm=falseÂ¦sv=falseÂ¦ek=1Â¦et=0,3,5Â¦cn=0,1Â¦ch=2Â¦ss=16Â¦sr=44100Â¦pw=falseÂ¦vn=3Â¦txtvers=1Â¦d
11-28 15:18:39.537 D/mdns    ( 4397): CheckCacheExpiration: Deleting  61447       0 00000000   30 1048b118a129@hello\032mibox._raop._tcp.local. SRV 0 0 5000 milink-185090187.local.
11-28 15:18:39.537 D/mdns    ( 4397): CheckCacheExpiration: Updating CacheGroup tail from 400D39F0 to 400D7850
11-28 15:18:39.537 D/mdns    ( 4397): m->NextCacheCheck   51 Slot 440 MiniMax\032(3)._airplay._tcp.local.
11-28 15:18:39.537 D/mdns    ( 4397): CheckCacheExpiration: Deleting  61447       0 00000000   75 MiniMax\032(3)._airplay._tcp.local. TXT deviceid=00:ce:39:be:df:82Â¦features=0x2077Â¦model=AppleTV2,1Â¦srcvers=101.28
11-28 15:18:39.537 D/mdns    ( 4397): CheckCacheExpiration: Deleting  61447       0 00000000   21 MiniMax\032(3)._airplay._tcp.local. SRV 0 0 38421 Android.local.
11-28 15:18:39.537 D/mdns    ( 4397): CheckCacheExpiration: Deleting  61447       0 00000000   40 MiniMax\032(3)._airplay._tcp.local. NSEC TXT SRV 
11-28 15:18:39.537 D/mdns    ( 4397): CheckCacheExpiration: Updating CacheGroup tail from 400D3790 to 400D5EC8
11-28 15:18:39.537 D/mdns    ( 4397): m->NextCacheCheck   52 Slot 446 00ce39bedf82@MiniMax._raop._tcp.local.
11-28 15:18:39.537 D/mdns    ( 4397): CheckCacheExpiration: Deleting  61447       0 00000000  115 00ce39bedf82@MiniMax._raop._tcp.local. TXT ch=2Â¦cn=0,1Â¦da=trueÂ¦ek=1Â¦et=0,1Â¦md=0,1,2Â¦pw=falseÂ¦sm=falseÂ¦sr=44100Â¦ss=16Â¦sv=falseÂ¦tp=UDPÂ¦txtvers=
11-28 15:18:39.537 D/mdns    ( 4397): CheckCacheExpiration: Deleting  61447       0 00000000   21 00ce39bedf82@MiniMax._raop._tcp.local. SRV 0 0 38431 Android.local.
11-28 15:18:39.537 D/mdns    ( 4397): CheckCacheExpiration: Deleting  61447       0 00000000   46 00ce39bedf82@MiniMax._raop._tcp.local. NSEC TXT SRV 
11-28 15:18:39.537 D/mdns    ( 4397): CheckCacheExpiration: Updating CacheGroup tail from 400D6088 to 400D3700
11-28 15:18:39.537 D/mdns    ( 4397): m->NextCacheCheck   53 Slot 447 milink-200077498.local.
11-28 15:18:39.537 D/mdns    ( 4397): CheckCacheExpiration: Deleting  61447       0 00000000    4 milink-200077498.local. Addr 172.16.13.187
11-28 15:18:39.537 D/mdns    ( 4397): CheckCacheExpiration: Updating CacheGroup tail from 400D9AB8 to 400D8E48
11-28 15:18:39.537 D/mdns    ( 4397): m->NextCacheCheck   54 Slot 463 1048b14f6932@å®¢å…çš„å°ç±³ç›’å­._raop._tcp.local.
11-28 15:18:39.537 D/mdns    ( 4397): CheckCacheExpiration: Deleting  61447       0 00000000   30 1048b14f6932@å®¢å…çš„å°ç±³ç›’å­._raop._tcp.local. SRV 0 0 5000 milink-184250014.local.
11-28 15:18:39.537 D/mdns    ( 4397): CheckCacheExpiration: Deleting  61447       0 00000000  176 1048b14f6932@å®¢å…çš„å°ç±³ç›’å­._raop._tcp.local. TXT tp=UDPÂ¦sm=falseÂ¦sv=falseÂ¦ek=1Â¦et=0,3,5Â¦cn=0,1Â¦ch=2Â¦ss=16Â¦sr=44100Â¦pw=falseÂ¦vn=3Â¦txtve
11-28 15:18:39.537 D/mdns    ( 4397): CheckCacheExpiration: Updating CacheGroup tail from 400D00F0 to 400D93A0
11-28 15:18:39.537 D/mdns    ( 4397): m->NextCacheCheck   55 Slot 485 qqwwee._rc._tcp.local.
11-28 15:18:39.537 D/mdns    ( 4397): CheckCacheExpiration: Deleting  61447       0 00000000   30 qqwwee._rc._tcp.local. SRV 0 0 6091 milink-203107814.local.
11-28 15:18:39.537 D/mdns    ( 4397): CheckCacheExpiration: Deleting  61447       0 00000000  230 qqwwee._rc._tcp.local. TXT protver=16777472Â¦prottext=Remote Controller Protocol Version 1.0.1.0Â¦platform_id=205Â¦scrnw=1280Â¦scrnh=720Â¦server_address=
11-28 15:18:39.537 D/mdns    ( 4397): CheckCacheExpiration: Updating CacheGroup tail from 400D4BC0 to 400D1950
11-28 15:18:39.537 D/mdns    ( 4397): m->NextCacheCheck   56 checked, next in 1071519612
11-28 15:18:39.537 D/mdns    ( 4397): mDNS_Execute: Skipping LocalAuthRecord    4 Android-2.local. Addr 172.16.13.147
11-28 15:18:39.537 D/mdns    ( 4397): mDNS_Execute: Delivering Add event with LocalAuthRecord   17 147.13.16.172.in-addr.arpa. PTR Android-2.local.
11-28 15:18:39.537 D/mdns    ( 4397): mDNS_Execute: Skipping LocalAuthRecord   16 Android-2.local. AAAA FE80:0000:0000:0000:026D:0EFF:FE03:A545
11-28 15:18:39.537 D/mdns    ( 4397): mDNS_Execute: Delivering Add event with LocalAuthRecord   17 5.4.5.A.3.0.E.F.F.F.E.0.D.6.2.0.0.0.0.0.0.0.0.0.0.0.0.0.0.8.E.F.ip6.arpa. PTR Android-2.local.
11-28 15:18:39.537 D/mdns    ( 4397): mDNS_Execute: Setting NewLocalRecords to    4 Android-2.local. Addr 172.16.13.147
11-28 15:18:39.597 D/mdns    ( 4397): mDNS_Execute
11-28 15:18:39.617 D/mdns    ( 4397): mDNS_Execute: Skipping LocalAuthRecord    4 Android-2.local. Addr 172.16.13.147
11-28 15:18:39.617 D/mdns    ( 4397): mDNS_Execute: Skipping LocalAuthRecord   16 Android-2.local. AAAA FE80:0000:0000:0000:026D:0EFF:FE03:A545
11-28 15:18:39.617 D/mdns    ( 4397): mDNS_Execute: Setting NewLocalRecords to    4 Android-2.local. Addr 172.16.13.147
11-28 15:18:39.627 D/cocos2d-x debug info(14128): JS: startAsyncTask AsyncLoaderSceneStatic.setBack-{"retCode":"200","retMsg":"ok","totalnum":"791","data":[{"mediaid":"112833","name_cn":"ç¾äººé‚¦","adword":"å››å§å¦¹ä¸Šæ¼”è´¥å¥³å¤§ç¿»èº«","plots":"ã€Šç¾äººé‚¦ã€‹åªè¦ä½ æ˜¯ä¸€ä¸ªå¤©é¹…è›‹ï¼Œå“ªæ€•ç”Ÿæ´»åœ¨å…»é¸­åœºä¹Ÿæ²¡æœ‰å…³ç³»ã€‚å››ä¸ªä¸ªæ€§è¿¥å¼‚çš„å§å¦¹ï¼Œåœ¨ä¸€ä¸ªå……æ»¡å‹åŠ›ã€ç«äº‰ã€é‡‘é’±ã€ è¯±æƒ‘çš„æ—¶å°šç¾ä¸½é›†å›¢ï¼Œå¥¹ä»¬æ£’æ‰“æ¸£ç”·ã€å¼•è¯±ç”·ç¥ã€å¾æœèŒåœºã€åä¸½èœ•å˜ã€‚å¥¹ä»¬æˆ–è®¸å‘å¾®ã€èŠ±ç—´ã€å‚²å¨‡ï¼Œä½†æ˜¯å¥¹ä»¬æ›´åŠ è‡ªä¿¡ã€æ—¶å°šã€è±è¾¾ã€‚å¦‚æœä¸è®¤å‘½ï¼Œé‚£å°±å»æ‹¼å‘½ï¼å››å§å¦¹æºæ‰‹è¸ä¸Šäº†ä¸€åœºå¦™è¶£æ¨ªç”Ÿçš„ç¾ä¸½ä¹‹æ—…ã€‚","clarity":"super-dvd","releasedate":"2014-08-28","mtype":"movie","action_type":"@media_detail_page","karma":"9.0","action_data":"http://ott-api.fun.tv/api/v2/subject/112833","item_style":"retrive_movie","vip_tag":"","p_pic":"http://img.funshion.com/pictures/media/list/112/833/112833_360_504_ott_poster.jpg?1415986515","s_pic":"http://img.funshion.com/pictures/media/list/112/833/112833
11-28 15:18:39.637 D/cocos2d-x debug info(14128): JS: setInitParam:beginLoading instanceof FilterSceneNew
11-28 15:18:39.637 D/cocos2d-x debug info(14128): JS: setInitParam:canStopLoading2
11-28 15:18:39.637 D/cocos2d-x debug info(14128): JS: can StopLoading
11-28 15:18:39.637 D/cocos2d-x debug info(14128): JS: setInitParam:endLoading:0
11-28 15:18:39.637 D/cocos2d-x debug info(14128): JS: setInitParam:endLoading:1-2
11-28 15:18:39.637 D/cocos2d-x debug info(14128): JS: setupParamAccordingToActionDataNew[http://ott-api.fun.tv/api/v2/retrive?mtype=movie&region=chn&tag=all&rdate=all&order=daynum&statdate=all&pg=1&pz=100&pv=101&show_tb=0]
11-28 15:18:39.647 D/cocos2d-x debug info(14128): JS: setupParamAccordingToActionDataNew result[{"retCode":"200","retMsg":"ok","totalnum":"791","data":[{"mediaid":"112833","name_cn":"ç¾äººé‚¦","adword":"å››å§å¦¹ä¸Šæ¼”è´¥å¥³å¤§ç¿»èº«","plots":"ã€Šç¾äººé‚¦ã€‹åªè¦ä½ æ˜¯ä¸€ä¸ªå¤©é¹…è›‹ï¼Œå“ªæ€•ç”Ÿæ´»åœ¨å…»é¸­åœºä¹Ÿæ²¡æœ‰å…³ç³»ã€‚å››ä¸ªä¸ªæ€§è¿¥å¼‚çš„å§å¦¹ï¼Œåœ¨ä¸€ä¸ªå……æ»¡å‹åŠ›ã€ç«äº‰ã€é‡‘é’±ã€ è¯±æƒ‘çš„æ—¶å°šç¾ä¸½é›†å›¢ï¼Œå¥¹ä»¬æ£’æ‰“æ¸£ç”·ã€å¼•è¯±ç”·ç¥ã€å¾æœèŒåœºã€åä¸½èœ•å˜ã€‚å¥¹ä»¬æˆ–è®¸å‘å¾®ã€èŠ±ç—´ã€å‚²å¨‡ï¼Œä½†æ˜¯å¥¹ä»¬æ›´åŠ è‡ªä¿¡ã€æ—¶å°šã€è±è¾¾ã€‚å¦‚æœä¸è®¤å‘½ï¼Œé‚£å°±å»æ‹¼å‘½ï¼å››å§å¦¹æºæ‰‹è¸ä¸Šäº†ä¸€åœºå¦™è¶£æ¨ªç”Ÿçš„ç¾ä¸½ä¹‹æ—…ã€‚","clarity":"super-dvd","releasedate":"2014-08-28","mtype":"movie","action_type":"@media_detail_page","karma":"9.0","action_data":"http://ott-api.fun.tv/api/v2/subject/112833","item_style":"retrive_movie","vip_tag":"","p_pic":"http://img.funshion.com/pictures/media/list/112/833/112833_360_504_ott_poster.jpg?1415986515","s_pic":"http://img.funshion.com/pictures/media/list/112/833/112833_530
11-28 15:18:39.647 D/cocos2d-x debug info(14128): JS: setupParamAccordingToActionDataNew focus tab Index[2]
11-28 15:18:39.657 D/cocos2d-x debug info(14128): JS: LRUCache, contains key http://ott-api.fun.tv/api/v2/retrive?mtype=movie&region=chn&tag=all&rdate=all&order=daynum&statdate=all&pg=1&pz=100&pv=101&show_tb=0
11-28 15:18:39.657 D/cocos2d-x debug info(14128): JS: getFocusId:2
11-28 15:18:39.657 D/cocos2d-x debug info(14128): JS: this.mTabIndicator.getFocusId():2
11-28 15:18:39.657 D/cocos2d-x debug info(14128): JS: isVarietyActionData:put[http://ott-api.fun.tv/api/v2/retrive?mtype=movie&region=chn&tag=all&rdate=all&order=daynum&statdate=all&pg=1&pz=100&pv=101]
11-28 15:18:39.657 D/cocos2d-x debug info(14128): JS: isStaffActionData:put[http://ott-api.fun.tv/api/v2/retrive?mtype=movie&region=chn&tag=all&rdate=all&order=daynum&statdate=all&pg=1&pz=100&pv=101]
11-28 15:18:39.657 D/cocos2d-x debug info(14128): JS: getNetworkPageIndexFromActionData:1
11-28 15:18:39.657 D/cocos2d-x debug info(14128): JS: startAsyncTast.setNetworkPageSize:[100] this.mNetworkPageIndex-[0]
11-28 15:18:39.657 D/cocos2d-x debug info(14128): JS: RetrieveList fadeIn
11-28 15:18:39.657 D/cocos2d-x debug info(14128): JS: this.mList.initByData this.mTotalMedia-{791} this.mNetworkPageSize-[100] this.mNetworkPageIndex-{0}
11-28 15:18:39.657 D/cocos2d-x debug info(14128): JS: RetrieveList initByData!
11-28 15:18:39.667 D/cocos2d-x debug info(14128): JS: RetrieveListAdapter: init totalSize=791,curPageSize=100,curPageIdx=0
11-28 15:18:39.667 D/cocos2d-x debug info(14128): JS: FunTableView setAdapter
11-28 15:18:39.667 D/cocos2d-x debug info(14128): JS: RetrieveListAdapter: isItemTypeOf(0)=true
11-28 15:18:39.667 D/cocos2d-x debug info(14128): JS: funImageLoader.loadImage: url=http://img.funshion.com/pictures/media/list/112/833/112833_360_504_ott_poster.jpg?1415986515
11-28 15:18:39.667 D/JniHelper(14128): JniHelper::getJavaVM(), pthread_self() = 1529184920
11-28 15:18:39.667 D/cocos2d-x debug info(14128): JS: RetrieveListAdapter: isItemTypeOf(1)=true
11-28 15:18:39.667 D/cocos2d-x debug info(14128): JS: funImageLoader.loadImage: url=http://img.funshion.com/pictures/media/list/111/054/111054_360_504_ott_poster.jpg?1415953979
11-28 15:18:39.677 D/JniHelper(14128): JniHelper::getJavaVM(), pthread_self() = 1529184920
11-28 15:18:39.677 D/cocos2d-x debug info(14128): JS: RetrieveListAdapter: isItemTypeOf(2)=true
11-28 15:18:39.677 D/cocos2d-x debug info(14128): JS: funImageLoader.loadImage: url=http://img.funshion.com/pictures/media/list/113/562/113562_360_504_ott_poster.jpg?1416798988
11-28 15:18:39.677 D/JniHelper(14128): JniHelper::getJavaVM(), pthread_self() = 1529184920
11-28 15:18:39.677 D/cocos2d-x debug info(14128): JS: RetrieveListAdapter: isItemTypeOf(3)=true
11-28 15:18:39.677 D/cocos2d-x debug info(14128): JS: funImageLoader.loadImage: url=http://img.funshion.com/pictures/media/list/114/977/114977_360_504_ott_poster.jpg?1416555966
11-28 15:18:39.677 D/JniHelper(14128): JniHelper::getJavaVM(), pthread_self() = 1529184920
11-28 15:18:39.677 D/cocos2d-x debug info(14128): JS: RetrieveListAdapter: isItemTypeOf(4)=true
11-28 15:18:39.677 D/cocos2d-x debug info(14128): JS: funImageLoader.loadImage: url=http://img.funshion.com/pictures/media/list/116/173/116173_360_504_ott_poster.jpg?1416730820
11-28 15:18:39.677 D/JniHelper(14128): JniHelper::getJavaVM(), pthread_self() = 1529184920
11-28 15:18:39.677 D/cocos2d-x debug info(14128): JS: RetrieveListAdapter: isItemTypeOf(5)=true
11-28 15:18:39.677 D/cocos2d-x debug info(14128): JS: funImageLoader.loadImage: url=http://img.funshion.com/pictures/media/list/106/356/106356_360_504_ott_poster.jpg?1416968683
11-28 15:18:39.677 D/JniHelper(14128): JniHelper::getJavaVM(), pthread_self() = 1529184920
11-28 15:18:39.677 D/cocos2d-x debug info(14128): JS: RetrieveListAdapter: isItemTypeOf(6)=true
11-28 15:18:39.677 D/cocos2d-x debug info(14128): JS: funImageLoader.loadImage: url=http://img.funshion.com/pictures/media/list/104/848/104848_360_504_ott_poster.jpg?1416845927
11-28 15:18:39.687 D/JniHelper(14128): JniHelper::getJavaVM(), pthread_self() = 1529184920
11-28 15:18:39.687 D/cocos2d-x debug info(14128): JS: RetrieveListAdapter: isItemTypeOf(7)=true
11-28 15:18:39.687 D/cocos2d-x debug info(14128): JS: funImageLoader.loadImage: url=http://img.funshion.com/pictures/media/list/106/940/106940_360_504_ott_poster.jpg?1413946029
11-28 15:18:39.687 D/JniHelper(14128): JniHelper::getJavaVM(), pthread_self() = 1529184920
11-28 15:18:39.687 D/cocos2d-x debug info(14128): JS: RetrieveListAdapter: isItemTypeOf(8)=true
11-28 15:18:39.687 D/cocos2d-x debug info(14128): JS: funImageLoader.loadImage: url=http://img.funshion.com/pictures/media/list/115/808/115808_360_504_ott_poster.jpg?1414996487
11-28 15:18:39.687 D/JniHelper(14128): JniHelper::getJavaVM(), pthread_self() = 1529184920
11-28 15:18:39.687 D/cocos2d-x debug info(14128): JS: RetrieveListAdapter: isItemTypeOf(9)=true
11-28 15:18:39.687 D/cocos2d-x debug info(14128): JS: funImageLoader.loadImage: url=http://img.funshion.com/pictures/media/list/116/694/116694_360_504_ott_poster.jpg?1415849476
11-28 15:18:39.687 D/JniHelper(14128): JniHelper::getJavaVM(), pthread_self() = 1529184920
11-28 15:18:39.687 D/cocos2d-x debug info(14128): JS: RetrieveListAdapter: isItemTypeOf(10)=true
11-28 15:18:39.687 D/cocos2d-x debug info(14128): JS: funImageLoader.loadImage: url=http://img.funshion.com/pictures/media/list/112/239/112239_360_504_ott_poster.jpg?1415464683
11-28 15:18:39.687 D/JniHelper(14128): JniHelper::getJavaVM(), pthread_self() = 1529184920
11-28 15:18:39.687 D/cocos2d-x debug info(14128): JS: RetrieveListAdapter: isItemTypeOf(11)=true
11-28 15:18:39.687 D/cocos2d-x debug info(14128): JS: funImageLoader.loadImage: url=http://img.funshion.com/pictures/media/list/906/00/90600_360_504_ott_poster.jpg?1416968238
11-28 15:18:39.697 D/JniHelper(14128): JniHelper::getJavaVM(), pthread_self() = 1529184920
11-28 15:18:39.697 D/cocos2d-x debug info(14128): JS: RetrieveListAdapter: isItemTypeOf(12)=true
11-28 15:18:39.697 D/cocos2d-x debug info(14128): JS: funImageLoader.loadImage: url=http://img.funshion.com/pictures/media/list/103/904/103904_360_504_ott_poster.jpg?1407924711
11-28 15:18:39.697 D/JniHelper(14128): JniHelper::getJavaVM(), pthread_self() = 1529184920
11-28 15:18:39.697 D/cocos2d-x debug info(14128): JS: RetrieveListAdapter: isItemTypeOf(13)=true
11-28 15:18:39.697 D/cocos2d-x debug info(14128): JS: funImageLoader.loadImage: url=http://img.funshion.com/pictures/media/list/109/043/109043_360_504_ott_poster.jpg?1407382954
11-28 15:18:39.697 D/JniHelper(14128): JniHelper::getJavaVM(), pthread_self() = 1529184920
11-28 15:18:39.697 D/cocos2d-x debug info(14128): JS: RetrieveListAdapter: isItemTypeOf(14)=true
11-28 15:18:39.697 D/cocos2d-x debug info(14128): JS: funImageLoader.loadImage: url=http://img.funshion.com/pictures/media/list/115/508/115508_360_504_ott_poster.jpg?1409915492
11-28 15:18:39.697 D/JniHelper(14128): JniHelper::getJavaVM(), pthread_self() = 1529184920
11-28 15:18:39.697 D/cocos2d-x debug info(14128): JS: RetrieveListAdapter: isItemTypeOf(15)=true
11-28 15:18:39.697 D/cocos2d-x debug info(14128): JS: funImageLoader.loadImage: url=http://img.funshion.com/pictures/media/list/107/243/107243_360_504_ott_poster.jpg?1407807451
11-28 15:18:39.697 D/JniHelper(14128): JniHelper::getJavaVM(), pthread_self() = 1529184920
11-28 15:18:39.697 D/cocos2d-x debug info(14128): JS: RetrieveListAdapter: isItemTypeOf(16)=true
11-28 15:18:39.697 D/cocos2d-x debug info(14128): JS: funImageLoader.loadImage: url=http://img.funshion.com/pictures/media/list/104/112/104112_360_504_ott_poster.jpg?1414116559
11-28 15:18:39.707 D/JniHelper(14128): JniHelper::getJavaVM(), pthread_self() = 1529184920
11-28 15:18:39.707 D/cocos2d-x debug info(14128): JS: RetrieveListAdapter: isItemTypeOf(17)=true
11-28 15:18:39.707 D/cocos2d-x debug info(14128): JS: funImageLoader.loadImage: url=http://img.funshion.com/pictures/media/list/116/794/116794_360_504_ott_poster.jpg?1415848942
11-28 15:18:39.707 D/JniHelper(14128): JniHelper::getJavaVM(), pthread_self() = 1529184920
11-28 15:18:39.707 D/cocos2d-x debug info(14128): JS: RetrieveListAdapter: isItemTypeOf(18)=true
11-28 15:18:39.707 D/cocos2d-x debug info(14128): JS: funImageLoader.loadImage: url=http://img.funshion.com/pictures/media/list/111/592/111592_360_504_ott_poster.jpg?1415934848
11-28 15:18:39.707 D/JniHelper(14128): JniHelper::getJavaVM(), pthread_self() = 1529184920
11-28 15:18:39.707 D/cocos2d-x debug info(14128): JS: zhangmd:FunTableView:setFocusImageSize, size is:(310,512)
11-28 15:18:39.707 D/cocos2d-x debug info(14128): JS: zhangmd:FunTableView:setFocusImageSize, focussize is:(340,542)
11-28 15:18:39.707 D/cocos2d-x debug info(14128): cocos2d: fullPathForFilename: No file found at Arial. Possible missing file.
11-28 15:18:39.707 D/cocos2d-x debug info(14128): cocos2d: fullPathForFilename: No file found at Arial. Possible missing file.
11-28 15:18:39.717 D/cocos2d-x debug info(14128): JS: zhangmd:FunTableView:calculateFullVisibleIndex begain,startidx=0,endidx=0,startidx2=0,endidx2=0
11-28 15:18:39.717 D/cocos2d-x debug info(14128): JS: calculateLastPageIndex 1
11-28 15:18:39.717 D/cocos2d-x debug info(14128): CCScheduler#scheduleSelector. Selector already scheduled. Updating interval from: 0.0000 to 0.0000
11-28 15:18:39.717 D/cocos2d-x debug info(14128): JS: getFocusId:2
11-28 15:18:39.717 D/cocos2d-x debug info(14128): JS: updateQueryDescription:2-6
11-28 15:18:39.717 D/cocos2d-x debug info(14128): JS: isStaffActionData:put[http://ott-api.fun.tv/api/v2/retrive?mtype=movie&region=chn&tag=all&rdate=all&order=daynum&statdate=all&pg=1&pz=100&pv=101]
11-28 15:18:39.717 D/JniHelper(14128): JniHelper::getJavaVM(), pthread_self() = 1529184920
11-28 15:18:39.717 D/cocos2d-x debug info(14128): JS: getMediaTypeValue:put[movie,ç”µå½±]
11-28 15:18:39.717 D/cocos2d-x debug info(14128): JS: getMediaTypeValue:put[daynum,æŒ‰è§‚çœ‹
11-28 15:18:39.717 D/cocos2d-x debug info(14128): JS: [/2014] {/ä¸­å›½} (/å–œå‰§)
11-28 15:18:39.727 D/cocos2d-x debug info(14128): cocos2d: fullPathForFilename: No file found at Arial. Possible missing file.
11-28 15:18:39.737 D/mdns    ( 4397): mDNS_Execute
11-28 15:18:39.737 D/mdns    ( 4397): mDNS_Execute: Skipping LocalAuthRecord    4 Android-2.local. Addr 172.16.13.147
11-28 15:18:39.737 D/mdns    ( 4397): mDNS_Execute: Skipping LocalAuthRecord   16 Android-2.local. AAAA FE80:0000:0000:0000:026D:0EFF:FE03:A545
11-28 15:18:39.737 D/mdns    ( 4397): mDNS_Execute: Setting NewLocalRecords to    4 Android-2.local. Addr 172.16.13.147
11-28 15:18:39.747 D/dalvikvm(14128): GC_FOR_ALLOC freed 1563K, 46% free 10086K/18508K, paused 23ms, total 23ms
11-28 15:18:39.777 D/dalvikvm(14128): GC_FOR_ALLOC freed 10K, 41% free 11092K/18508K, paused 22ms, total 22ms
11-28 15:18:39.787 D/launcher_auto(14128): launcher_auto: sendkey and wait.
11-28 15:18:39.797 D/cocos2d-x debug info(14128): JS: updateMediaDescription:[] 8
11-28 15:18:39.797 D/cocos2d-x debug info(14128): JS: updateMediaRelateVisibility:true
11-28 15:18:39.797 D/cocos2d-x debug info(14128): cocos2d: fullPathForFilename: No file found at Arial. Possible missing file.
11-28 15:18:39.797 D/cocos2d-x debug info(14128): cocos2d: fullPathForFilename: No file found at Arial. Possible missing file.
11-28 15:18:39.807 D/cocos2d-x debug info(14128): cocos2d: fullPathForFilename: No file found at Arial. Possible missing file.
11-28 15:18:39.807 D/cocos2d-x debug info(14128): cocos2d: fullPathForFilename: No file found at Arial. Possible missing file.
11-28 15:18:39.807 D/cocos2d-x debug info(14128): cocos2d: fullPathForFilename: No file found at Arial. Possible missing file.
11-28 15:18:39.807 D/cocos2d-x debug info(14128): cocos2d: fullPathForFilename: No file found at Arial. Possible missing file.
11-28 15:18:39.817 D/cocos2d-x debug info(14128): cocos2d: fullPathForFilename: No file found at Arial. Possible missing file.
11-28 15:18:39.817 D/cocos2d-x debug info(14128): cocos2d: fullPathForFilename: No file found at Arial. Possible missing file.
11-28 15:18:39.817 D/cocos2d-x debug info(14128): cocos2d: fullPathForFilename: No file found at Arial. Possible missing file.
11-28 15:18:39.837 D/dalvikvm(14128): GC_CONCURRENT freed 2854K, 45% free 10254K/18508K, paused 2ms+2ms, total 26ms
11-28 15:18:39.837 D/dalvikvm(14128): WAIT_FOR_CONCURRENT_GC blocked 22ms
11-28 15:18:39.847 D/cocos2d-x debug info(14128): cocos2d: fullPathForFilename: No file found at Arial. Possible missing file.
11-28 15:18:39.847 D/cocos2d-x debug info(14128): cocos2d: fullPathForFilename: No file found at Arial. Possible missing file.
11-28 15:18:39.847 D/cocos2d-x debug info(14128): cocos2d: fullPathForFilename: No file found at Arial. Possible missing file.
11-28 15:18:39.847 D/cocos2d-x debug info(14128): cocos2d: fullPathForFilename: No file found at Arial. Possible missing file.
11-28 15:18:39.847 D/cocos2d-x debug info(14128): cocos2d: fullPathForFilename: No file found at Arial. Possible missing file.
11-28 15:18:39.857 D/cocos2d-x debug info(14128): cocos2d: fullPathForFilename: No file found at Arial. Possible missing file.
11-28 15:18:39.857 D/cocos2d-x debug info(14128): cocos2d: fullPathForFilename: No file found at Arial. Possible missing file.
11-28 15:18:39.857 D/cocos2d-x debug info(14128): cocos2d: fullPathForFilename: No file found at Arial. Possible missing file.
11-28 15:18:39.857 D/cocos2d-x debug info(14128): cocos2d: fullPathForFilename: No file found at Arial. Possible missing file.
11-28 15:18:39.867 D/cocos2d-x debug info(14128): cocos2d: fullPathForFilename: No file found at Arial. Possible missing file.
11-28 15:18:39.867 D/cocos2d-x debug info(14128): cocos2d: fullPathForFilename: No file found at Arial. Possible missing file.
11-28 15:18:39.867 D/mdns    ( 4397): SocketDataReady got a packet from 172.16.13.164 to 224.0.0.251 on interface 172.16.13.147/wlan0/7/272
11-28 15:18:39.867 D/mdns    ( 4397): Received Response from 172.16.13.164   addressed to 224.0.0.251     on 412B7F58 with  0 Questions,  3 Answers,  0 Authorities,  0 Additionals 333 bytes LLQType 0
11-28 15:18:39.867 D/cocos2d-x debug info(14128): cocos2d: fullPathForFilename: No file found at Arial. Possible missing file.
11-28 15:18:39.877 D/cocos2d-x debug info(14128): cocos2d: fullPathForFilename: No file found at Arial. Possible missing file.
11-28 15:18:39.897 D/cocos2d-x debug info(14128): JS: launcher.eventCenter.onWifiStateChanged
11-28 15:18:39.897 D/cocos2d-x debug info(14128): nativeTes2Callback  [000]funImageLoader.callback('/data/data/tv.fun.launcher/files/fun_download/b0/359a27fd3f9d17d9eef4556d7667fa.png', 'b0359a27fd3f9d17d9eef4556d7667fa')
11-28 15:18:39.897 D/cocos2d-x debug info(14128): nativeTes2Callback  [000]funImageLoader.callback('/data/data/tv.fun.launcher/files/fun_download/f2/957e4e2b89b4d3c1725ce11e309869.png', 'f2957e4e2b89b4d3c1725ce11e309869')
11-28 15:18:39.897 D/cocos2d-x debug info(14128): nativeTes2Callback  [000]funImageLoader.callback('/data/data/tv.fun.launcher/files/fun_download/d9/74ba69abd71b0cb388ac8c877f5f96.png', 'd974ba69abd71b0cb388ac8c877f5f96')
11-28 15:18:39.897 D/cocos2d-x debug info(14128): nativeTes2Callback  [000]funImageLoader.callback('/data/data/tv.fun.launcher/files/fun_download/e0/4e3c9761e9227f6a5e1723c7c26e90.png', 'e04e3c9761e9227f6a5e1723c7c26e90')
11-28 15:18:39.897 D/cocos2d-x debug info(14128): nativeTes2Callback  [000]funImageLoader.callback('/data/data/tv.fun.launcher/files/fun_download/81/1e608519e72ad43f08e5bc955768ae.png', '811e608519e72ad43f08e5bc955768ae')
11-28 15:18:39.897 D/cocos2d-x debug info(14128): nativeTes2Callback  [001]funImageLoader.callback('/data/data/tv.fun.launcher/files/fun_download/5e/78551918eb48d45da15c518d28c39a.png', '5e78551918eb48d45da15c518d28c39a')
11-28 15:18:39.897 D/cocos2d-x debug info(14128): nativeTes2Callback  [000]funImageLoader.callback('/data/data/tv.fun.launcher/files/fun_download/df/e981fbe81f99927f142bfdf3173c65.png', 'dfe981fbe81f99927f142bfdf3173c65')
11-28 15:18:39.897 D/cocos2d-x debug info(14128): nativeTes2Callback  [001]funImageLoader.callback('/data/data/tv.fun.launcher/files/fun_download/ac/6f860752669c68bc0b7a15143f961d.png', 'ac6f860752669c68bc0b7a15143f961d')
11-28 15:18:39.897 D/cocos2d-x debug info(14128): nativeTes2Callback  [000]funImageLoader.callback('/data/data/tv.fun.launcher/files/fun_download/04/fc7c4ccf095889a904df84b786a8a9.png', '04fc7c4ccf095889a904df84b786a8a9')
11-28 15:18:39.897 D/cocos2d-x debug info(14128): nativeTes2Callback  [001]funImageLoader.callback('/data/data/tv.fun.launcher/files/fun_download/74/1769913d67c31335f0454bf7b3ee7c.png', '741769913d67c31335f0454bf7b3ee7c')
11-28 15:18:39.907 D/cocos2d-x debug info(14128): nativeTes2Callback  [000]funImageLoader.callback('/data/data/tv.fun.launcher/files/fun_download/66/84411ad879f1a45dcdfdbff34acdb4.png', '6684411ad879f1a45dcdfdbff34acdb4')
11-28 15:18:39.907 D/cocos2d-x debug info(14128): nativeTes2Callback  [000]funImageLoader.callback('/data/data/tv.fun.launcher/files/fun_download/06/06d1f852d0d1d82b247c0213c8dcb6.png', '0606d1f852d0d1d82b247c0213c8dcb6')
11-28 15:18:39.907 D/cocos2d-x debug info(14128): nativeTes2Callback  [001]funImageLoader.callback('/data/data/tv.fun.launcher/files/fun_download/67/e0f2a46b32a3facd1179c30c6998e6.png', '67e0f2a46b32a3facd1179c30c6998e6')
11-28 15:18:39.907 D/cocos2d-x debug info(14128): nativeTes2Callback  [000]funImageLoader.callback('/data/data/tv.fun.launcher/files/fun_download/09/354869f06018ee57bc531cc6c741d1.png', '09354869f06018ee57bc531cc6c741d1')
11-28 15:18:39.907 D/cocos2d-x debug info(14128): nativeTes2Callback  [001]funImageLoader.callback('/data/data/tv.fun.launcher/files/fun_download/2f/502286b3bf394d88f8fecb8c98e69d.png', '2f502286b3bf394d88f8fecb8c98e69d')
11-28 15:18:39.907 D/cocos2d-x debug info(14128): nativeTes2Callback  [002]funImageLoader.callback('/data/data/tv.fun.launcher/files/fun_download/22/fdb5b768380180b1a7cced455a06a4.png', '22fdb5b768380180b1a7cced455a06a4')
11-28 15:18:39.907 D/cocos2d-x debug info(14128): nativeTes2Callback  [001]funImageLoader.callback('/data/data/tv.fun.launcher/files/fun_download/eb/701a686102a6aa0a684dcbd0796ee3.png', 'eb701a686102a6aa0a684dcbd0796ee3')
11-28 15:18:39.907 D/cocos2d-x debug info(14128): nativeTes2Callback  [001]funImageLoader.callback('/data/data/tv.fun.launcher/files/fun_download/ba/a1a3116d0f28509cedbeb432aec338.png', 'baa1a3116d0f28509cedbeb432aec338')
11-28 15:18:39.907 D/cocos2d-x debug info(14128): nativeTes2Callback  [000]funImageLoader.callback('/data/data/tv.fun.launcher/files/fun_download/a9/1895df03762f60a149ef998a2b5dd1.png', 'a91895df03762f60a149ef998a2b5dd1')
11-28 15:18:39.937 D/cocos2d-x debug info(14128): trace_frame: 72.748650
11-28 15:18:40.027 D/mdns    ( 4397): mDNS_Execute
11-28 15:18:40.027 D/mdns    ( 4397): mDNS_Execute: Skipping LocalAuthRecord    4 Android-2.local. Addr 172.16.13.147
11-28 15:18:40.027 D/mdns    ( 4397): mDNS_Execute: Skipping LocalAuthRecord   16 Android-2.local. AAAA FE80:0000:0000:0000:026D:0EFF:FE03:A545
11-28 15:18:40.027 D/mdns    ( 4397): mDNS_Execute: Setting NewLocalRecords to    4 Android-2.local. Addr 172.16.13.147
11-28 15:18:40.027 D/mdns    ( 4397): SendQueries:   Put Question 006d0e03a545@MiniMax._raop._tcp.local. (SRV) probecount 2
11-28 15:18:40.027 D/mdns    ( 4397): SendQueries:   Put Question MiniMax._airplay._tcp.local. (SRV) probecount 2
11-28 15:18:40.027 D/mdns    ( 4397): SendQueries:   Put Question Android-2.local. (Addr) probecount 2
11-28 15:18:40.027 D/mdns    ( 4397): SendQueries:   Put Question Android-2.local. (AAAA) probecount 2
11-28 15:18:40.027 D/mdns    ( 4397): SendQueries putting   24 . OPT Max 1440 Vers 0 Seq   0 MAC 00:00:00:00:00:00 I-MAC 2D:32:05:6C:6F:63
11-28 15:18:40.027 D/mdns    ( 4397): SendQueries:   Sending 4 Questions 0 Answers 4 Updates on 412B7F58
11-28 15:18:40.027 D/mdns    ( 4397): SocketDataReady got a packet from 172.16.13.147 to 224.0.0.251 on interface 172.16.13.147/wlan0/7/272
11-28 15:18:40.027 D/mdns    ( 4397): Received Query from 172.16.13.147  :5353  to 224.0.0.251    :5353  on 0x412B7F58 with  4 Questions,  0 Answers,  4 Authorities,  1 Additional  201 bytes
11-28 15:18:40.037 D/mdns    ( 4397): SocketDataReady got a packet from FE80:0000:0000:0000:026D:0EFF:FE03:A545 to FF02:0000:0000:0000:0000:0000:0000:00FB on interface 172.16.13.147/wlan0/7/273
11-28 15:18:40.037 D/mdns    ( 4397): Received Query from FE80:0000:0000:0000:026D:0EFF:FE03:A545:5353  to FF02:0000:0000:0000:0000:0000:0000:00FB:5353  on 0x412B7F58 with  4 Questions,  0 Answers,  4 Authorities,  1 Additional  201 bytes
11-28 15:18:40.047 D/cocos2d-x debug info(14128): trace_frame: 58.402115
11-28 15:18:40.097 D/dalvikvm(22184): GC_CONCURRENT freed 814K, 18% free 6656K/8116K, paused 3ms+5ms, total 61ms
11-28 15:18:40.127 D/mdns    ( 4397): mDNS_Execute
11-28 15:18:40.127 D/mdns    ( 4397): mDNS_Execute: Skipping LocalAuthRecord    4 Android-2.local. Addr 172.16.13.147
11-28 15:18:40.127 D/mdns    ( 4397): mDNS_Execute: Skipping LocalAuthRecord   16 Android-2.local. AAAA FE80:0000:0000:0000:026D:0EFF:FE03:A545
11-28 15:18:40.127 D/mdns    ( 4397): mDNS_Execute: Setting NewLocalRecords to    4 Android-2.local. Addr 172.16.13.147
11-28 15:18:40.157 D/cocos2d-x debug info(14128): trace_frame: 61.497375
11-28 15:18:40.267 D/cocos2d-x debug info(14128): trace_frame: 60.040485
11-28 15:18:40.277 D/mdns    ( 4397): mDNS_Execute
11-28 15:18:40.277 D/mdns    ( 4397): mDNS_Execute: Skipping LocalAuthRecord    4 Android-2.local. Addr 172.16.13.147
11-28 15:18:40.277 D/mdns    ( 4397): mDNS_Execute: Skipping LocalAuthRecord   16 Android-2.local. AAAA FE80:0000:0000:0000:026D:0EFF:FE03:A545
