--------- beginning of /dev/log/main
11-28 15:18:17.787 D/mdns    ( 4397): mDNS_Execute
11-28 15:18:17.787 D/mdns    ( 4397): mDNS_Execute: Setting NewLocalRecords to NULL
11-28 15:18:17.787 D/mdns    ( 4397): Announcing 006d0e03a545@MiniMax._raop._tcp.local. (TXT) 4
11-28 15:18:17.787 D/mdns    ( 4397): Announcing _services._dns-sd._udp.local. (PTR) 4
11-28 15:18:17.787 D/mdns    ( 4397): Announcing _raop._tcp.local. (PTR) 4
11-28 15:18:17.787 D/mdns    ( 4397): Announcing MiniMax._airplay._tcp.local. (TXT) 4
11-28 15:18:17.787 D/mdns    ( 4397): Announcing _services._dns-sd._udp.local. (PTR) 4
11-28 15:18:17.787 D/mdns    ( 4397): Announcing _airplay._tcp.local. (PTR) 4
11-28 15:18:17.787 D/mdns    ( 4397): Announcing 006d0e03a545@MiniMax._raop._tcp.local. (SRV) 4
11-28 15:18:17.787 D/mdns    ( 4397): Announcing MiniMax._airplay._tcp.local. (SRV) 4
11-28 15:18:17.787 D/mdns    ( 4397): Announcing 147.13.16.172.in-addr.arpa. (PTR) 4
11-28 15:18:17.787 D/mdns    ( 4397): Announcing 5.4.5.A.3.0.E.F.F.F.E.0.D.6.2.0.0.0.0.0.0.0.0.0.0.0.0.0.0.8.E.F.ip6.arpa. (PTR) 4
11-28 15:18:17.787 D/mdns    ( 4397): Announcing Android-2.local. (Addr) 4
11-28 15:18:17.787 D/mdns    ( 4397): Announcing Android-2.local. (AAAA) 4
11-28 15:18:17.787 D/mdns    ( 4397): SendResponses put     24 . OPT Max 1440 Vers 0 Seq   0 MAC 00:00:00:00:00:00 I-MAC 2D:32:05:6C:6F:63
11-28 15:18:17.787 D/mdns    ( 4397): SendResponses: Sending 0 Deregistrations, 12 Announcements, 0 Answers, 6 Additionals on 412B7B50
11-28 15:18:17.787 D/mdns    ( 4397): SendResponses: Next in 8192 ticks
11-28 15:18:17.787 D/mdns    ( 4397): SocketDataReady got a packet from 172.16.13.147 to 224.0.0.251 on interface 172.16.13.147/wlan0/7/268
11-28 15:18:17.787 D/mdns    ( 4397): Received Response from 172.16.13.147   addressed to 224.0.0.251     on 412B7B50 with  0 Questions, 12 Answers,  0 Authorities,  6 Additionals 690 bytes LLQType 0
11-28 15:18:17.787 D/mdns    ( 4397): Found record size   115 interface 412B7B50 already in cache:  115 006d0e03a545@MiniMax._raop._tcp.local. TXT ch=2Â¦cn=0,1Â¦da=trueÂ¦ek=1Â¦et=0,1Â¦md=0,1,2Â¦pw=falseÂ¦sm=falseÂ¦sr=44100Â¦ss=16Â¦sv=falseÂ¦tp=UDPÂ¦txtvers=
11-28 15:18:17.787 D/mdns    ( 4397): Found record size    75 interface 412B7B50 already in cache:   75 MiniMax._airplay._tcp.local. TXT deviceid=00:6d:0e:03:a5:45Â¦features=0x2077Â¦model=AppleTV2,1Â¦srcvers=101.28
11-28 15:18:17.787 D/mdns    ( 4397): Found record size    78 interface 412B7B50 already in cache:   78 5.4.5.A.3.0.E.F.F.F.E.0.D.6.2.0.0.0.0.0.0.0.0.0.0.0.0.0.0.8.E.F.ip6.arpa. NSEC PTR 
11-28 15:18:17.787 D/mdns    ( 4397): SocketDataReady got a packet from FE80:0000:0000:0000:026D:0EFF:FE03:A545 to FF02:0000:0000:0000:0000:0000:0000:00FB on interface 172.16.13.147/wlan0/7/269
11-28 15:18:17.787 D/mdns    ( 4397): Received Response from FE80:0000:0000:0000:026D:0EFF:FE03:A545 addressed to FF02:0000:0000:0000:0000:0000:0000:00FB on 412B7B50 with  0 Questions, 12 Answers,  0 Authorities,  6 Additionals 690 bytes LLQType 0
11-28 15:18:17.787 D/mdns    ( 4397): Found record size   115 interface 412B7B50 already in cache:  115 006d0e03a545@MiniMax._raop._tcp.local. TXT ch=2Â¦cn=0,1Â¦da=trueÂ¦ek=1Â¦et=0,1Â¦md=0,1,2Â¦pw=falseÂ¦sm=falseÂ¦sr=44100Â¦ss=16Â¦sv=falseÂ¦tp=UDPÂ¦txtvers=
11-28 15:18:17.787 D/mdns    ( 4397): Found record size    75 interface 412B7B50 already in cache:   75 MiniMax._airplay._tcp.local. TXT deviceid=00:6d:0e:03:a5:45Â¦features=0x2077Â¦model=AppleTV2,1Â¦srcvers=101.28
11-28 15:18:17.787 D/mdns    ( 4397): Found record size    78 interface 412B7B50 already in cache:   78 5.4.5.A.3.0.E.F.F.F.E.0.D.6.2.0.0.0.0.0.0.0.0.0.0.0.0.0.0.8.E.F.ip6.arpa. NSEC PTR 
11-28 15:18:17.807 D/cocos2d-x debug info(14128): trace_frame: 60.793964
11-28 15:18:17.887 D/mdns    ( 4397): mDNS_Execute
11-28 15:18:17.887 D/mdns    ( 4397): mDNS_Execute: Setting NewLocalRecords to NULL
11-28 15:18:17.917 D/cocos2d-x debug info(14128): trace_frame: 60.196930
11-28 15:18:17.947 D/mdns    ( 4397): SocketDataReady got a packet from 172.16.13.131 to 224.0.0.251 on interface 172.16.13.147/wlan0/7/268
11-28 15:18:17.947 D/mdns    ( 4397): Received Response from 172.16.13.131   addressed to 224.0.0.251     on 412B7B50 with  0 Questions,  1 Answer,   0 Authorities,  0 Additionals 38 bytes LLQType 0
11-28 15:18:18.017 D/cocos2d-x debug info(14128): trace_frame: 59.998199
11-28 15:18:18.117 D/cocos2d-x debug info(14128): trace_frame: 59.999401
11-28 15:18:18.217 D/cocos2d-x debug info(14128): trace_frame: 59.989201
11-28 15:18:18.337 D/cocos2d-x debug info(14128): trace_frame: 60.015259
11-28 15:18:18.457 D/cocos2d-x debug info(14128): trace_frame: 60.030190
11-28 15:18:18.557 D/cocos2d-x debug info(14128): trace_frame: 59.980804
11-28 15:18:18.657 D/cocos2d-x debug info(14128): trace_frame: 59.985004
11-28 15:18:18.687 D/launcher_auto(14128): launcher_auto: sendkey and wait.
11-28 15:18:18.767 D/cocos2d-x debug info(14128): trace_frame: 59.924324
11-28 15:18:18.847 D/dalvikvm(22184): GC_CONCURRENT freed 836K, 19% free 6636K/8116K, paused 2ms+5ms, total 47ms
11-28 15:18:18.847 D/dalvikvm(22184): WAIT_FOR_CONCURRENT_GC blocked 16ms
11-28 15:18:18.867 D/cocos2d-x debug info(14128): trace_frame: 59.895184
11-28 15:18:18.987 D/cocos2d-x debug info(14128): trace_frame: 60.141075
11-28 15:18:19.107 D/cocos2d-x debug info(14128): trace_frame: 60.036373
11-28 15:18:19.207 D/cocos2d-x debug info(14128): JS: HomeMainScene Key down:161
11-28 15:18:19.207 D/cocos2d-x debug info(14128): JS:  HomeMainScene Key up:161
11-28 15:18:19.217 W/AudioCache( 1334): Battery track warning: refCount is already 0
11-28 15:18:19.217 V/audio_hw_primary( 1334): start_output_stream, line: 1353
11-28 15:18:19.217 V/codec_audio_pad( 1334): in normal mode, headset or speaker on,****LINE:54,FUNC:set_normal_path
11-28 15:18:19.217 V/audio_hw_primary( 1334): normal mode , speaker,****LINE:1284,FUNC:select_output_device
11-28 15:18:19.217 V/audio_hw_primary( 1334): use AUDIO_HDMI to playback audio
11-28 15:18:19.217 V/audio_hw_primary( 1334): do not use out resampler
11-28 15:18:19.227 D/cocos2d-x debug info(14128): JS: HomeMoreH--45false
11-28 15:18:19.227 D/cocos2d-x debug info(14128): JS: è¿›å…¥æ£€ç´¢é¡µé¢
11-28 15:18:19.227 D/cocos2d-x debug info(14128): JS: setInitParam:1
11-28 15:18:19.227 D/cocos2d-x debug info(14128): JS: showFilterScene: cc.Scene[http://ott-api.fun.tv/api/v2/retrive?mtype=movie&region=all&tag=all&rdate=all&order=daynum&statdate=all&pg=1&pz=100&pv=101&show_tb=1]
11-28 15:18:19.227 D/CCFileUtilsAndroid.cpp(14128): relative path = res/img/icon_loading_buffer.png
11-28 15:18:19.247 D/cocos2d-x debug info(14128): JS: setInitParam:beginLoading1
11-28 15:18:19.247 D/cocos2d-x debug info(14128): JS: setInitParam:beginLoading instanceof NOT FilterSceneNew
11-28 15:18:19.247 D/cocos2d-x debug info(14128): JS: startAsyncTaskNew[http://ott-api.fun.tv/api/v2/retrive?mtype=movie&region=all&tag=all&rdate=all&order=daynum&statdate=all&pg=1&pz=100&pv=101&show_tb=1]
11-28 15:18:19.247 D/JniHelper(14128): JniHelper::getJavaVM(), pthread_self() = 1529184920
11-28 15:18:19.277 D/dalvikvm(14128): GC_FOR_ALLOC freed 527K, 53% free 8803K/18508K, paused 22ms, total 22ms
11-28 15:18:19.307 D/cocos2d-x debug info(14128): JS: startAsyncTask AsyncLoaderSceneStatic.setBack-{"retCode":"200","retMsg":"ok","totalnum":"2124","data":[{"mediaid":"107885","name_cn":"ç»å¯†è·Ÿè¸ª","adword":"ä¼—æ˜Ÿé›†ç»“æ‰“é€ çƒ§è„‘å¤§ç‰‡","plots":"ã€Šç›‘è§†è€…ä»¬ã€‹â€œç‰¹æ®ŠçŠ¯ç½ªç»„ç›‘è§†ç­â€æ˜¯è­¦å±€å†…éƒ¨çš„ç§˜å¯†ç»„ç»‡ï¼Œä¸“é—¨è¿½è¸ªæ­¦è£…çŠ¯ç½ªç»„ç»‡çš„è››ä¸é©¬è¿¹ã€‚ç›‘è§†ç­â€œé»„ç­é•¿â€ï¼Œç»éªŒä¸°å¯Œï¼Œçœ¼ç¥å¦‚é¹°ï¼Œé¢å¯¹çŠ¯ç½ªç»ä¸å¿ƒæ€æ‰‹è½¯ï¼Œä½†æ€§æ ¼å†²åŠ¨ã€‚æ²³å…ç ä½œä¸ºç›‘è§†ç­çš„æ–°äººï¼Œæ‹¥æœ‰è¶…æ•æ„Ÿçš„ç›´è§‰åŠç»ä½³çš„è®°å¿†åŠ›ï¼Œå…»æˆäº†è¿‡ç›®ä¸å¿˜çš„è¶…çº§æœ¬é¢†ã€‚å¦ä¸€ä½å¹´è½»çš„ç›‘è§†ä¸“å®¶â€œæ¾é¼ â€ï¼Œå¹³æ—¥å˜»å“ˆæç¬‘ï¼Œä½†å·¥ä½œæ—¶åˆ†ï¼Œå´èƒ½å‘æŒ¥ä»¤äººå¹æœçš„è¶…å¼ºå®åŠ›ã€‚ç›‘è§†ç­æ­¤æ¬¡çš„è·Ÿè¸ªå¯¹è±¡å†·é…·ç¿æ™ºçš„çŠ¯ç½ªç»„ç»‡å¤´ç›®â€”â€”è©¹å§†æ–¯ã€‚ä½œä¸ºæ™ºå•†è¶…é«˜çš„çŠ¯ç½ªç­–åˆ’è€…ï¼Œä»–æ‹¥æœ‰æ•é”çš„åˆ¤æ–­åŠ›å’Œåä¾¦å¯Ÿèƒ½åŠ›ï¼Œå‡ ä¹æ¯æ¬¡éƒ½èƒ½å·§å¦™è„±ç¦»ç›‘è§†ç­çš„è·Ÿè¸ªã€‚åœ¨ä¸ç›‘è§†ç­æ–—æ™ºæ–—å‹‡çš„è¿‡ç¨‹ä¸­ï¼Œé™©è±¡ç¯ç”Ÿï¼Œç©¶ç«Ÿæ­£ä¹‰æ˜¯å¦èƒ½å¤Ÿæˆ˜èƒœé‚ªæ¶å‘¢ï¼Ÿ","clarity":"sup
11-28 15:18:19.317 D/cocos2d-x debug info(14128): nativeTes2Callback  [038]AsyncLoaderSceneStatic.setBack('{"retCode":"200","retMsg":"ok","totalnum":"2124","data":[{"mediaid":"107885","name_cn":"\u7edd\u5bc6\u8ddf\u8e2a","adword":"\u4f17\u661f\u96c6\u7ed3\u6253\u9020\u70e7\u8111\u5927\u7247","plots":"\u300a\u76d1\u89c6\u8005\u4eec\u300b\u201c\u7279\u6b8a\u72af\u7f6a\u7ec4\u76d1\u89c6\u73ed\u201d\u662f\u8b66\u5c40\u5185\u90e8\u7684\u79d8\u5bc6\u7ec4\u7ec7\uff0c\u4e13\u95e8\u8ffd\u8e2a\u6b66\u88c5\u72af\u7f6a\u7ec4\u7ec7\u7684\u86db\u4e1d\u9a6c\u8ff9\u3002\u76d1\u89c6\u73ed\u201c\u9ec4\u73ed\u957f\u201d\uff0c\u7ecf\u9a8c\u4e30\u5bcc\uff0c\u773c\u795e\u5982\u9e70\uff0c\u9762\u5bf9\u72af\u7f6a\u7edd\u4e0d\u5fc3\u601d\u624b\u8f6f\uff0c\u4f46\u6027\u683c\u51b2\u52a8\u3002\u6cb3\u5141\u73e0\u4f5c\u4e3a\u76d1\u89c6\u73ed\u7684\u65b0\u4eba\uff0c\u62e5\u6709\u8d85\u654f\u611f\u7684\u76f4\u89c9\u53ca\u7edd\u4f73\u7684\u8bb0\u5fc6\u529b\uff0c\u517b\u6210\u4e86\u8fc7\u76ee\u4e0d\u5fd8\u7684\u8d85\u7ea7\u672c\u9886\u3002\u53e6\u4e00\u4f4d\u5e74\u8f7b\u7684\u76d1\u89c6\u4
11-28 15:18:19.317 D/cocos2d-x debug info(14128): JS: setInitParam:canStopLoading1
11-28 15:18:19.317 D/cocos2d-x debug info(14128): JS: can StopLoading
11-28 15:18:19.317 D/cocos2d-x debug info(14128): JS: setInitParam:endLoading:0
11-28 15:18:19.317 D/cocos2d-x debug info(14128): JS: setInitParam:endLoading:2-1
11-28 15:18:19.317 D/cocos2d-x debug info(14128): JS: setupParamAccordingToActionDataNew[http://ott-api.fun.tv/api/v2/retrive?mtype=movie&region=all&tag=all&rdate=all&order=daynum&statdate=all&pg=1&pz=100&pv=101&show_tb=1]
11-28 15:18:19.327 D/cocos2d-x debug info(14128): JS: setupParamAccordingToActionDataNew result[{"retCode":"200","retMsg":"ok","totalnum":"2124","data":[{"mediaid":"107885","name_cn":"ç»å¯†è·Ÿè¸ª","adword":"ä¼—æ˜Ÿé›†ç»“æ‰“é€ çƒ§è„‘å¤§ç‰‡","plots":"ã€Šç›‘è§†è€…ä»¬ã€‹â€œç‰¹æ®ŠçŠ¯ç½ªç»„ç›‘è§†ç­â€æ˜¯è­¦å±€å†…éƒ¨çš„ç§˜å¯†ç»„ç»‡ï¼Œä¸“é—¨è¿½è¸ªæ­¦è£…çŠ¯ç½ªç»„ç»‡çš„è››ä¸é©¬è¿¹ã€‚ç›‘è§†ç­â€œé»„ç­é•¿â€ï¼Œç»éªŒä¸°å¯Œï¼Œçœ¼ç¥å¦‚é¹°ï¼Œé¢å¯¹çŠ¯ç½ªç»ä¸å¿ƒæ€æ‰‹è½¯ï¼Œä½†æ€§æ ¼å†²åŠ¨ã€‚æ²³å…ç ä½œä¸ºç›‘è§†ç­çš„æ–°äººï¼Œæ‹¥æœ‰è¶…æ•æ„Ÿçš„ç›´è§‰åŠç»ä½³çš„è®°å¿†åŠ›ï¼Œå…»æˆäº†è¿‡ç›®ä¸å¿˜çš„è¶…çº§æœ¬é¢†ã€‚å¦ä¸€ä½å¹´è½»çš„ç›‘è§†ä¸“å®¶â€œæ¾é¼ â€ï¼Œå¹³æ—¥å˜»å“ˆæç¬‘ï¼Œä½†å·¥ä½œæ—¶åˆ†ï¼Œå´èƒ½å‘æŒ¥ä»¤äººå¹æœçš„è¶…å¼ºå®åŠ›ã€‚ç›‘è§†ç­æ­¤æ¬¡çš„è·Ÿè¸ªå¯¹è±¡å†·é…·ç¿æ™ºçš„çŠ¯ç½ªç»„ç»‡å¤´ç›®â€”â€”è©¹å§†æ–¯ã€‚ä½œä¸ºæ™ºå•†è¶…é«˜çš„çŠ¯ç½ªç­–åˆ’è€…ï¼Œä»–æ‹¥æœ‰æ•é”çš„åˆ¤æ–­åŠ›å’Œåä¾¦å¯Ÿèƒ½åŠ›ï¼Œå‡ ä¹æ¯æ¬¡éƒ½èƒ½å·§å¦™è„±ç¦»ç›‘è§†ç­çš„è·Ÿè¸ªã€‚åœ¨ä¸ç›‘è§†ç­æ–—æ™ºæ–—å‹‡çš„è¿‡ç¨‹ä¸­ï¼Œé™©è±¡ç¯ç”Ÿï¼Œç©¶ç«Ÿæ­£ä¹‰æ˜¯å¦èƒ½å¤Ÿæˆ˜èƒœé‚ªæ¶å‘¢ï¼Ÿ","clarity":"super-d
11-28 15:18:19.327 D/cocos2d-x debug info(14128): JS: setupParamAccordingToActionDataNew focus tab Index[1]
11-28 15:18:19.347 D/cocos2d-x debug info(14128): JS: LRUCache, set item key is http://ott-api.fun.tv/api/v2/retrive?mtype=movie&region=all&tag=all&rdate=all&order=daynum&statdate=all&pg=1&pz=100&pv=101&show_tb=1, value is {"retCode":"200","retMsg":"ok","totalnum":"2124","data":[{"mediaid":"107885","name_cn":"ç»å¯†è·Ÿè¸ª","adword":"ä¼—æ˜Ÿé›†ç»“æ‰“é€ çƒ§è„‘å¤§ç‰‡","plots":"ã€Šç›‘è§†è€…ä»¬ã€‹â€œç‰¹æ®ŠçŠ¯ç½ªç»„ç›‘è§†ç­â€æ˜¯è­¦å±€å†…éƒ¨çš„ç§˜å¯†ç»„ç»‡ï¼Œä¸“é—¨è¿½è¸ªæ­¦è£…çŠ¯ç½ªç»„ç»‡çš„è››ä¸é©¬è¿¹ã€‚ç›‘è§†ç­â€œé»„ç­é•¿â€ï¼Œç»éªŒä¸°å¯Œï¼Œçœ¼ç¥å¦‚é¹°ï¼Œé¢å¯¹çŠ¯ç½ªç»ä¸å¿ƒæ€æ‰‹è½¯ï¼Œä½†æ€§æ ¼å†²åŠ¨ã€‚æ²³å…ç ä½œä¸ºç›‘è§†ç­çš„æ–°äººï¼Œæ‹¥æœ‰è¶…æ•æ„Ÿçš„ç›´è§‰åŠç»ä½³çš„è®°å¿†åŠ›ï¼Œå…»æˆäº†è¿‡ç›®ä¸å¿˜çš„è¶…çº§æœ¬é¢†ã€‚å¦ä¸€ä½å¹´è½»çš„ç›‘è§†ä¸“å®¶â€œæ¾é¼ â€ï¼Œå¹³æ—¥å˜»å“ˆæç¬‘ï¼Œä½†å·¥ä½œæ—¶åˆ†ï¼Œå´èƒ½å‘æŒ¥ä»¤äººå¹æœçš„è¶…å¼ºå®åŠ›ã€‚ç›‘è§†ç­æ­¤æ¬¡çš„è·Ÿè¸ªå¯¹è±¡å†·é…·ç¿æ™ºçš„çŠ¯ç½ªç»„ç»‡å¤´ç›®â€”â€”è©¹å§†æ–¯ã€‚ä½œä¸ºæ™ºå•†è¶…é«˜çš„çŠ¯ç½ªç­–åˆ’è€…ï¼Œä»–æ‹¥æœ‰æ•é”çš„åˆ¤æ–­åŠ›å’Œåä¾¦å¯Ÿèƒ½åŠ›ï¼Œå‡ ä¹æ¯æ¬¡éƒ½èƒ½å·§å¦™è„±ç¦»ç›‘è§†ç­çš„è
11-28 15:18:19.347 D/cocos2d-x debug info(14128): JS: LRUCache, set item current size is 0
11-28 15:18:19.347 D/cocos2d-x debug info(14128): JS: FunTableView ctor
11-28 15:18:19.347 D/cocos2d-x debug info(14128): JS: adjustTabParam+[{"name":"ç­›é€‰","action_data":"http://ott-api.fun.tv/api/v2/retrive?mtype=movie&region=all&tag=all&rdate=all&order=daynum&statdate=all&pg=1&pz=100&pv=101","action_type": "@retrive"}]
11-28 15:18:19.357 D/cocos2d-x debug info(14128): JS: adjustTabParam [6]
11-28 15:18:19.357 D/CCFileUtilsAndroid.cpp(14128): relative path = res/Focus_tab.png
11-28 15:18:19.377 D/CCFileUtilsAndroid.cpp(14128): relative path = res/img/Focus_white.png
11-28 15:18:19.417 D/cocos2d-x debug info(14128): JS: getFocusId:1
11-28 15:18:19.417 D/cocos2d-x debug info(14128): JS: this.mTabIndicator.getFocusId():1
11-28 15:18:19.417 D/cocos2d-x debug info(14128): JS: isVarietyActionData:put[http://ott-api.fun.tv/api/v2/retrive?mtype=movie&region=all&tag=all&rdate=all&order=daynum&statdate=all&pg=1&pz=100&pv=101]
11-28 15:18:19.417 D/cocos2d-x debug info(14128): JS: isStaffActionData:put[http://ott-api.fun.tv/api/v2/retrive?mtype=movie&region=all&tag=all&rdate=all&order=daynum&statdate=all&pg=1&pz=100&pv=101]
11-28 15:18:19.417 D/cocos2d-x debug info(14128): JS: getNetworkPageIndexFromActionData:1
11-28 15:18:19.417 D/cocos2d-x debug info(14128): JS: startAsyncTast.setNetworkPageSize:[100] this.mNetworkPageIndex-[0]
11-28 15:18:19.417 D/cocos2d-x debug info(14128): JS: RetrieveList fadeIn
11-28 15:18:19.417 D/cocos2d-x debug info(14128): JS: this.mList.initByData this.mTotalMedia-{2124} this.mNetworkPageSize-[100] this.mNetworkPageIndex-{0}
11-28 15:18:19.417 D/cocos2d-x debug info(14128): JS: RetrieveList initByData!
11-28 15:18:19.417 D/cocos2d-x debug info(14128): JS: RetrieveListAdapter: init totalSize=2124,curPageSize=100,curPageIdx=0
11-28 15:18:19.417 D/cocos2d-x debug info(14128): JS: FunTableView setAdapter
11-28 15:18:19.427 D/cocos2d-x debug info(14128): cocos2d: fullPathForFilename: No file found at Arial. Possible missing file.
11-28 15:18:19.437 D/cocos2d-x debug info(14128): JS: funImageLoader.loadImage: url=http://img.funshion.com/pictures/media/list/107/885/107885_360_504_ott_poster.jpg?1416678784
11-28 15:18:19.437 D/JniHelper(14128): JniHelper::getJavaVM(), pthread_self() = 1529184920
11-28 15:18:19.447 D/cocos2d-x debug info(14128): cocos2d: fullPathForFilename: No file found at Arial. Possible missing file.
11-28 15:18:19.447 D/cocos2d-x debug info(14128): JS: æ·»åŠ è§’æ ‡
11-28 15:18:19.447 D/cocos2d-x debug info(14128): JS: funImageLoader.loadImage: url=http://img.funshion.com/pictures/media/list/113/877/113877_360_504_ott_poster.jpg?1417152520
11-28 15:18:19.447 D/JniHelper(14128): JniHelper::getJavaVM(), pthread_self() = 1529184920
11-28 15:18:19.447 D/cocos2d-x debug info(14128): cocos2d: fullPathForFilename: No file found at Arial. Possible missing file.
11-28 15:18:19.457 D/cocos2d-x debug info(14128): JS: funImageLoader.loadImage: url=http://img.funshion.com/pictures/media/list/112/833/112833_360_504_ott_poster.jpg?1415986515
11-28 15:18:19.457 D/JniHelper(14128): JniHelper::getJavaVM(), pthread_self() = 1529184920
11-28 15:18:19.467 D/cocos2d-x debug info(14128): cocos2d: fullPathForFilename: No file found at Arial. Possible missing file.
11-28 15:18:19.467 D/cocos2d-x debug info(14128): JS: funImageLoader.loadImage: url=http://img.funshion.com/pictures/media/list/111/054/111054_360_504_ott_poster.jpg?1415953979
11-28 15:18:19.467 D/JniHelper(14128): JniHelper::getJavaVM(), pthread_self() = 1529184920
11-28 15:18:19.467 D/cocos2d-x debug info(14128): cocos2d: fullPathForFilename: No file found at Arial. Possible missing file.
11-28 15:18:19.477 D/cocos2d-x debug info(14128): JS: funImageLoader.loadImage: url=http://img.funshion.com/pictures/media/list/113/562/113562_360_504_ott_poster.jpg?1416798988
11-28 15:18:19.477 D/JniHelper(14128): JniHelper::getJavaVM(), pthread_self() = 1529184920
11-28 15:18:19.477 D/cocos2d-x debug info(14128): cocos2d: fullPathForFilename: No file found at Arial. Possible missing file.
11-28 15:18:19.477 D/cocos2d-x debug info(14128): JS: funImageLoader.loadImage: url=http://img.funshion.com/pictures/media/list/114/977/114977_360_504_ott_poster.jpg?1416555966
11-28 15:18:19.487 D/JniHelper(14128): JniHelper::getJavaVM(), pthread_self() = 1529184920
11-28 15:18:19.487 D/cocos2d-x debug info(14128): cocos2d: fullPathForFilename: No file found at Arial. Possible missing file.
11-28 15:18:19.487 D/cocos2d-x debug info(14128): JS: funImageLoader.loadImage: url=http://img.funshion.com/pictures/media/list/116/173/116173_360_504_ott_poster.jpg?1416730820
11-28 15:18:19.487 D/JniHelper(14128): JniHelper::getJavaVM(), pthread_self() = 1529184920
11-28 15:18:19.497 D/cocos2d-x debug info(14128): cocos2d: fullPathForFilename: No file found at Arial. Possible missing file.
11-28 15:18:19.497 D/cocos2d-x debug info(14128): JS: funImageLoader.loadImage: url=http://img.funshion.com/pictures/media/list/106/356/106356_360_504_ott_poster.jpg?1416968683
11-28 15:18:19.497 D/JniHelper(14128): JniHelper::getJavaVM(), pthread_self() = 1529184920
11-28 15:18:19.497 D/cocos2d-x debug info(14128): cocos2d: fullPathForFilename: No file found at Arial. Possible missing file.
11-28 15:18:19.497 D/cocos2d-x debug info(14128): JS: funImageLoader.loadImage: url=http://img.funshion.com/pictures/media/list/115/189/115189_360_504_ott_poster.jpg?1415464917
11-28 15:18:19.507 D/JniHelper(14128): JniHelper::getJavaVM(), pthread_self() = 1529184920
11-28 15:18:19.507 D/cocos2d-x debug info(14128): cocos2d: fullPathForFilename: No file found at Arial. Possible missing file.
11-28 15:18:19.507 D/cocos2d-x debug info(14128): JS: funImageLoader.loadImage: url=http://img.funshion.com/pictures/media/list/104/848/104848_360_504_ott_poster.jpg?1416845927
11-28 15:18:19.507 D/JniHelper(14128): JniHelper::getJavaVM(), pthread_self() = 1529184920
11-28 15:18:19.517 D/cocos2d-x debug info(14128): cocos2d: fullPathForFilename: No file found at Arial. Possible missing file.
11-28 15:18:19.517 D/cocos2d-x debug info(14128): JS: funImageLoader.loadImage: url=http://img.funshion.com/pictures/media/list/106/940/106940_360_504_ott_poster.jpg?1413946029
11-28 15:18:19.527 D/JniHelper(14128): JniHelper::getJavaVM(), pthread_self() = 1529184920
11-28 15:18:19.527 D/cocos2d-x debug info(14128): cocos2d: fullPathForFilename: No file found at Arial. Possible missing file.
11-28 15:18:19.527 D/cocos2d-x debug info(14128): JS: funImageLoader.loadImage: url=http://img.funshion.com/pictures/media/list/115/808/115808_360_504_ott_poster.jpg?1414996487
11-28 15:18:19.527 D/JniHelper(14128): JniHelper::getJavaVM(), pthread_self() = 1529184920
11-28 15:18:19.527 D/cocos2d-x debug info(14128): cocos2d: fullPathForFilename: No file found at Arial. Possible missing file.
11-28 15:18:19.537 D/cocos2d-x debug info(14128): JS: funImageLoader.loadImage: url=http://img.funshion.com/pictures/media/list/732/82/73282_360_504_ott_poster.jpg?1415587330
11-28 15:18:19.537 D/JniHelper(14128): JniHelper::getJavaVM(), pthread_self() = 1529184920
11-28 15:18:19.537 D/cocos2d-x debug info(14128): cocos2d: fullPathForFilename: No file found at Arial. Possible missing file.
11-28 15:18:19.547 D/cocos2d-x debug info(14128): JS: funImageLoader.loadImage: url=http://img.funshion.com/pictures/media/list/116/694/116694_360_504_ott_poster.jpg?1415849476
11-28 15:18:19.547 D/JniHelper(14128): JniHelper::getJavaVM(), pthread_self() = 1529184920
11-28 15:18:19.547 D/cocos2d-x debug info(14128): cocos2d: fullPathForFilename: No file found at Arial. Possible missing file.
11-28 15:18:19.547 D/cocos2d-x debug info(14128): JS: funImageLoader.loadImage: url=http://img.funshion.com/pictures/media/list/112/239/112239_360_504_ott_poster.jpg?1415464683
11-28 15:18:19.547 D/JniHelper(14128): JniHelper::getJavaVM(), pthread_self() = 1529184920
11-28 15:18:19.557 D/cocos2d-x debug info(14128): cocos2d: fullPathForFilename: No file found at Arial. Possible missing file.
11-28 15:18:19.557 D/cocos2d-x debug info(14128): JS: funImageLoader.loadImage: url=http://img.funshion.com/pictures/media/list/114/040/114040_360_504_ott_poster.jpg?1415806782
11-28 15:18:19.557 D/JniHelper(14128): JniHelper::getJavaVM(), pthread_self() = 1529184920
11-28 15:18:19.557 D/cocos2d-x debug info(14128): cocos2d: fullPathForFilename: No file found at Arial. Possible missing file.
11-28 15:18:19.567 D/cocos2d-x debug info(14128): JS: funImageLoader.loadImage: url=http://img.funshion.com/pictures/media/list/852/59/85259_360_504_ott_poster.jpg?1410161878
11-28 15:18:19.567 D/JniHelper(14128): JniHelper::getJavaVM(), pthread_self() = 1529184920
11-28 15:18:19.567 D/cocos2d-x debug info(14128): cocos2d: fullPathForFilename: No file found at Arial. Possible missing file.
11-28 15:18:19.567 D/cocos2d-x debug info(14128): JS: funImageLoader.loadImage: url=http://img.funshion.com/pictures/media/list/115/456/115456_360_504_ott_poster.jpg?1411480058
11-28 15:18:19.567 D/JniHelper(14128): JniHelper::getJavaVM(), pthread_self() = 1529184920
11-28 15:18:19.577 D/cocos2d-x debug info(14128): cocos2d: fullPathForFilename: No file found at Arial. Possible missing file.
11-28 15:18:19.577 D/cocos2d-x debug info(14128): JS: funImageLoader.loadImage: url=http://img.funshion.com/pictures/media/list/906/00/90600_360_504_ott_poster.jpg?1416968238
11-28 15:18:19.577 D/JniHelper(14128): JniHelper::getJavaVM(), pthread_self() = 1529184920
11-28 15:18:19.577 D/dalvikvm(14128): GC_CONCURRENT freed 2179K, 56% free 8188K/18508K, paused 2ms+3ms, total 29ms
11-28 15:18:19.587 D/cocos2d-x debug info(14128): JS: zhangmd:FunTableView:setFocusImageSize, size is:(310,512)
11-28 15:18:19.587 D/cocos2d-x debug info(14128): JS: zhangmd:FunTableView:setFocusImageSize, focussize is:(340,542)
11-28 15:18:19.587 D/cocos2d-x debug info(14128): cocos2d: fullPathForFilename: No file found at Arial. Possible missing file.
11-28 15:18:19.587 D/cocos2d-x debug info(14128): cocos2d: fullPathForFilename: No file found at Arial. Possible missing file.
11-28 15:18:19.597 D/cocos2d-x debug info(14128): JS: zhangmd:FunTableView:calculateFullVisibleIndex begain,startidx=0,endidx=0,startidx2=0,endidx2=0
11-28 15:18:19.597 D/cocos2d-x debug info(14128): JS: calculateLastPageIndex 1
11-28 15:18:19.597 D/cocos2d-x debug info(14128): CCScheduler#scheduleSelector. Selector already scheduled. Updating interval from: 0.0000 to 0.0000
11-28 15:18:19.597 D/cocos2d-x debug info(14128): CCScheduler#scheduleSelector. Selector already scheduled. Updating interval from: 0.0000 to 0.0000
11-28 15:18:19.597 D/cocos2d-x debug info(14128): JS: getFocusId:1
11-28 15:18:19.597 D/cocos2d-x debug info(14128): JS: updateQueryDescription:1-6
11-28 15:18:19.597 D/cocos2d-x debug info(14128): JS: isStaffActionData:put[http://ott-api.fun.tv/api/v2/retrive?mtype=movie&region=all&tag=all&rdate=all&order=daynum&statdate=all&pg=1&pz=100&pv=101]
11-28 15:18:19.597 D/JniHelper(14128): JniHelper::getJavaVM(), pthread_self() = 1529184920
11-28 15:18:19.597 D/cocos2d-x debug info(14128): JS: getMediaTypeValue:put[movie,ç”µå½±]
11-28 15:18:19.597 D/cocos2d-x debug info(14128): JS: getMediaTypeValue:put[daynum,æŒ‰è§‚çœ‹
11-28 15:18:19.617 D/cocos2d-x debug info(14128): JS: [/2013] {/éŸ©å›½} (/åŠ¨ä½œ)
11-28 15:18:19.617 D/cocos2d-x debug info(14128): cocos2d: fullPathForFilename: No file found at Arial. Possible missing file.
11-28 15:18:19.657 D/dalvikvm(14128): GC_FOR_ALLOC freed 432K, 56% free 8154K/18508K, paused 22ms, total 22ms
11-28 15:18:19.687 D/dalvikvm(14128): GC_FOR_ALLOC freed 3K, 51% free 9166K/18508K, paused 21ms, total 21ms
11-28 15:18:19.707 D/cocos2d-x debug info(14128): JS: updateMediaDescription:[] 8
11-28 15:18:19.707 D/cocos2d-x debug info(14128): JS: updateMediaRelateVisibility:true
11-28 15:18:19.707 D/cocos2d-x debug info(14128): JS: easeActionConfig, this is release version, can not get Action tpye
11-28 15:18:19.717 D/cocos2d-x debug info(14128): nativeTes2Callback  [004]funImageLoader.callback('/data/data/tv.fun.launcher/files/fun_download/be/e5b32df19a369e82bd7f58fac89d97.png', 'bee5b32df19a369e82bd7f58fac89d97')
11-28 15:18:19.717 D/cocos2d-x debug info(14128): nativeTes2Callback  [000]funImageLoader.callback('/data/data/tv.fun.launcher/files/fun_download/f5/2fa14df2ee58f6d219da98b171208e.png', 'f52fa14df2ee58f6d219da98b171208e')
11-28 15:18:19.717 D/cocos2d-x debug info(14128): nativeTes2Callback  [002]funImageLoader.callback('/data/data/tv.fun.launcher/files/fun_download/b0/359a27fd3f9d17d9eef4556d7667fa.png', 'b0359a27fd3f9d17d9eef4556d7667fa')
11-28 15:18:19.717 D/cocos2d-x debug info(14128): nativeTes2Callback  [002]funImageLoader.callback('/data/data/tv.fun.launcher/files/fun_download/f2/957e4e2b89b4d3c1725ce11e309869.png', 'f2957e4e2b89b4d3c1725ce11e309869')
11-28 15:18:19.717 D/cocos2d-x debug info(14128): nativeTes2Callback  [001]funImageLoader.callback('/data/data/tv.fun.launcher/files/fun_download/d9/74ba69abd71b0cb388ac8c877f5f96.png', 'd974ba69abd71b0cb388ac8c877f5f96')
11-28 15:18:19.727 D/cocos2d-x debug info(14128): nativeTes2Callback  [001]funImageLoader.callback('/data/data/tv.fun.launcher/files/fun_download/e0/4e3c9761e9227f6a5e1723c7c26e90.png', 'e04e3c9761e9227f6a5e1723c7c26e90')
11-28 15:18:19.727 D/cocos2d-x debug info(14128): nativeTes2Callback  [001]funImageLoader.callback('/data/data/tv.fun.launcher/files/fun_download/81/1e608519e72ad43f08e5bc955768ae.png', '811e608519e72ad43f08e5bc955768ae')
11-28 15:18:19.727 D/cocos2d-x debug info(14128): nativeTes2Callback  [000]funImageLoader.callback('/data/data/tv.fun.launcher/files/fun_download/5e/78551918eb48d45da15c518d28c39a.png', '5e78551918eb48d45da15c518d28c39a')
11-28 15:18:19.727 D/cocos2d-x debug info(14128): nativeTes2Callback  [000]funImageLoader.callback('/data/data/tv.fun.launcher/files/fun_download/14/da38afe508cfd174440045a57efa25.png', '14da38afe508cfd174440045a57efa25')
11-28 15:18:19.727 D/cocos2d-x debug info(14128): nativeTes2Callback  [001]funImageLoader.callback('/data/data/tv.fun.launcher/files/fun_download/df/e981fbe81f99927f142bfdf3173c65.png', 'dfe981fbe81f99927f142bfdf3173c65')
11-28 15:18:19.727 D/cocos2d-x debug info(14128): nativeTes2Callback  [001]funImageLoader.callback('/data/data/tv.fun.launcher/files/fun_download/ac/6f860752669c68bc0b7a15143f961d.png', 'ac6f860752669c68bc0b7a15143f961d')
11-28 15:18:19.727 D/cocos2d-x debug info(14128): nativeTes2Callback  [000]funImageLoader.callback('/data/data/tv.fun.launcher/files/fun_download/04/fc7c4ccf095889a904df84b786a8a9.png', '04fc7c4ccf095889a904df84b786a8a9')
11-28 15:18:19.737 D/cocos2d-x debug info(14128): nativeTes2Callback  [000]funImageLoader.callback('/data/data/tv.fun.launcher/files/fun_download/98/396960f0cf607d06ecc99414c4527e.png', '98396960f0cf607d06ecc99414c4527e')
11-28 15:18:19.737 D/cocos2d-x debug info(14128): nativeTes2Callback  [001]funImageLoader.callback('/data/data/tv.fun.launcher/files/fun_download/74/1769913d67c31335f0454bf7b3ee7c.png', '741769913d67c31335f0454bf7b3ee7c')
11-28 15:18:19.737 D/cocos2d-x debug info(14128): nativeTes2Callback  [001]funImageLoader.callback('/data/data/tv.fun.launcher/files/fun_download/66/84411ad879f1a45dcdfdbff34acdb4.png', '6684411ad879f1a45dcdfdbff34acdb4')
11-28 15:18:19.737 D/cocos2d-x debug info(14128): nativeTes2Callback  [001]funImageLoader.callback('/data/data/tv.fun.launcher/files/fun_download/e6/5da6d05f5cbe19bca0e35fe0a5f184.png', 'e65da6d05f5cbe19bca0e35fe0a5f184')
11-28 15:18:19.737 D/cocos2d-x debug info(14128): nativeTes2Callback  [000]funImageLoader.callback('/data/data/tv.fun.launcher/files/fun_download/42/82d07789c0991d766ccce708483e42.png', '4282d07789c0991d766ccce708483e42')
11-28 15:18:19.737 D/cocos2d-x debug info(14128): nativeTes2Callback  [001]funImageLoader.callback('/data/data/tv.fun.launcher/files/fun_download/f3/ecf40f25dfc0421e52a9eff4e354f1.png', 'f3ecf40f25dfc0421e52a9eff4e354f1')
11-28 15:18:19.737 D/cocos2d-x debug info(14128): nativeTes2Callback  [001]funImageLoader.callback('/data/data/tv.fun.launcher/files/fun_download/06/06d1f852d0d1d82b247c0213c8dcb6.png', '0606d1f852d0d1d82b247c0213c8dcb6')
11-28 15:18:19.747 D/cocos2d-x debug info(14128): JS: RetrieveList: onEnter
11-28 15:18:19.757 D/cocos2d-x debug info(14128): trace_frame: 59.961823
11-28 15:18:19.857 D/cocos2d-x debug info(14128): trace_frame: 62.499439
11-28 15:18:19.977 D/cocos2d-x debug info(14128): cocos2d: fullPathForFilename: No file found at Arial. Possible missing file.
11-28 15:18:19.977 D/cocos2d-x debug info(14128): cocos2d: fullPathForFilename: No file found at Arial. Possible missing file.
11-28 15:18:19.987 D/cocos2d-x debug info(14128): cocos2d: fullPathForFilename: No file found at Arial. Possible missing file.
11-28 15:18:19.997 D/cocos2d-x debug info(14128): cocos2d: fullPathForFilename: No file found at Arial. Possible missing file.
11-28 15:18:19.997 D/cocos2d-x debug info(14128): cocos2d: fullPathForFilename: No file found at Arial. Possible missing file.
11-28 15:18:20.007 D/cocos2d-x debug info(14128): cocos2d: fullPathForFilename: No file found at Arial. Possible missing file.
11-28 15:18:20.027 D/dalvikvm(14128): GC_CONCURRENT freed 2588K, 56% free 8208K/18508K, paused 2ms+2ms, total 25ms
11-28 15:18:20.027 D/dalvikvm(14128): WAIT_FOR_CONCURRENT_GC blocked 19ms
11-28 15:18:20.037 D/cocos2d-x debug info(14128): cocos2d: fullPathForFilename: No file found at Arial. Possible missing file.
11-28 15:18:20.037 D/cocos2d-x debug info(14128): cocos2d: fullPathForFilename: No file found at Arial. Possible missing file.
11-28 15:18:20.047 D/cocos2d-x debug info(14128): cocos2d: fullPathForFilename: No file found at Arial. Possible missing file.
11-28 15:18:20.047 D/cocos2d-x debug info(14128): cocos2d: fullPathForFilename: No file found at Arial. Possible missing file.
11-28 15:18:20.057 D/cocos2d-x debug info(14128): cocos2d: fullPathForFilename: No file found at Arial. Possible missing file.
11-28 15:18:20.057 D/cocos2d-x debug info(14128): cocos2d: fullPathForFilename: No file found at Arial. Possible missing file.
11-28 15:18:20.057 D/cocos2d-x debug info(14128): cocos2d: fullPathForFilename: No file found at Arial. Possible missing file.
11-28 15:18:20.067 D/cocos2d-x debug info(14128): cocos2d: fullPathForFilename: No file found at Arial. Possible missing file.
11-28 15:18:20.067 D/cocos2d-x debug info(14128): cocos2d: fullPathForFilename: No file found at Arial. Possible missing file.
11-28 15:18:20.077 D/cocos2d-x debug info(14128): cocos2d: fullPathForFilename: No file found at Arial. Possible missing file.
11-28 15:18:20.077 D/cocos2d-x debug info(14128): cocos2d: fullPathForFilename: No file found at Arial. Possible missing file.
11-28 15:18:20.087 D/cocos2d-x debug info(14128): cocos2d: fullPathForFilename: No file found at Arial. Possible missing file.
11-28 15:18:20.087 D/cocos2d-x debug info(14128): cocos2d: fullPathForFilename: No file found at Arial. Possible missing file.
11-28 15:18:20.117 D/dalvikvm(14128): GC_CONCURRENT freed 1199K, 55% free 8342K/18508K, paused 2ms+3ms, total 25ms
11-28 15:18:20.117 D/dalvikvm(14128): WAIT_FOR_CONCURRENT_GC blocked 18ms
11-28 15:18:20.117 D/cocos2d-x debug info(14128): cocos2d: fullPathForFilename: No file found at Arial. Possible missing file.
11-28 15:18:20.117 D/cocos2d-x debug info(14128): cocos2d: fullPathForFilename: No file found at Arial. Possible missing file.
11-28 15:18:20.127 D/cocos2d-x debug info(14128): cocos2d: fullPathForFilename: No file found at Arial. Possible missing file.
11-28 15:18:20.127 D/cocos2d-x debug info(14128): trace_frame: 60.022465
11-28 15:18:20.167 D/cocos2d-x debug info(14128): trace_frame: 5.342793
11-28 15:18:20.277 D/cocos2d-x debug info(14128): JS: RetrieveList fadeIn end
11-28 15:18:20.277 D/cocos2d-x debug info(14128): trace_frame: 59.947414
11-28 15:18:20.387 D/cocos2d-x debug info(14128): trace_frame: 61.977070
11-28 15:18:20.517 D/cocos2d-x debug info(14128): trace_frame: 60.153481
11-28 15:18:20.617 D/mdns    ( 4397): SocketDataReady got a packet from 172.16.13.104 to 224.0.0.251 on interface 172.16.13.147/wlan0/7/268
11-28 15:18:20.617 D/mdns    ( 4397): Received Query from 172.16.13.104  :5353  to 224.0.0.251    :5353  on 0x412B7B50 with  1 Question,   0 Answers,  0 Authorities,  0 Additionals 30 bytes
11-28 15:18:20.617 D/mdns    ( 4397): SocketDataReady got a packet from FE80:0000:0000:0000:6A5B:35FF:FE81:AA9B to FF02:0000:0000:0000:0000:0000:0000:00FB on interface 172.16.13.147/wlan0/7/269
11-28 15:18:20.617 D/mdns    ( 4397): Received Query from FE80:0000:0000:0000:6A5B:35FF:FE81:AA9B:5353  to FF02:0000:0000:0000:0000:0000:0000:00FB:5353  on 0x412B7B50 with  1 Question,   0 Answers,  0 Authorities,  0 Additionals 30 bytes
11-28 15:18:20.627 D/cocos2d-x debug info(14128): trace_frame: 58.984627
11-28 15:18:20.667 D/mdns    ( 4397): mDNS_Execute
11-28 15:18:20.667 D/mdns    ( 4397): mDNS_Execute: Setting NewLocalRecords to NULL
11-28 15:18:20.737 D/cocos2d-x debug info(14128): trace_frame: 61.062313
11-28 15:18:20.837 D/cocos2d-x debug info(14128): trace_frame: 59.946644
11-28 15:18:20.957 D/cocos2d-x debug info(14128): trace_frame: 60.054394
11-28 15:18:21.017 D/mdns    ( 4397): SocketDataReady got a packet from 172.16.13.104 to 224.0.0.251 on interface 172.16.13.147/wlan0/7/268
11-28 15:18:21.017 D/mdns    ( 4397): Received Query from 172.16.13.104  :5353  to 224.0.0.251    :5353  on 0x412B7B50 with  1 Question,   0 Answers,  0 Authorities,  0 Additionals 45 bytes
11-28 15:18:21.027 D/mdns    ( 4397): SocketDataReady got a packet from FE80:0000:0000:0000:6A5B:35FF:FE81:AA9B to FF02:0000:0000:0000:0000:0000:0000:00FB on interface 172.16.13.147/wlan0/7/269
11-28 15:18:21.027 D/mdns    ( 4397): Received Query from FE80:0000:0000:0000:6A5B:35FF:FE81:AA9B:5353  to FF02:0000:0000:0000:0000:0000:0000:00FB:5353  on 0x412B7B50 with  1 Question,   0 Answers,  0 Authorities,  0 Additionals 45 bytes
11-28 15:18:21.057 D/cocos2d-x debug info(14128): trace_frame: 59.536221
11-28 15:18:21.087 D/dalvikvm(22184): GC_CONCURRENT freed 719K, 19% free 6643K/8116K, paused 2ms+4ms, total 49ms
11-28 15:18:21.117 D/mdns    ( 4397): mDNS_Execute
11-28 15:18:21.117 D/mdns    ( 4397): mDNS_Execute: Setting NewLocalRecords to NULL
11-28 15:18:21.157 D/cocos2d-x debug info(14128): trace_frame: 59.796097
11-28 15:18:21.277 D/cocos2d-x debug info(14128): trace_frame: 60.477776
11-28 15:18:21.387 D/cocos2d-x debug info(14128): trace_frame: 60.104408
11-28 15:18:21.487 D/cocos2d-x debug info(14128): trace_frame: 59.960426
11-28 15:18:21.607 D/cocos2d-x debug info(14128): trace_frame: 60.028126
11-28 15:18:21.637 D/mdns    ( 4397): SocketDataReady got a packet from 172.16.13.131 to 224.0.0.251 on interface 172.16.13.147/wlan0/7/268
11-28 15:18:21.637 D/mdns    ( 4397): Received Response from 172.16.13.131   addressed to 224.0.0.251     on 412B7B50 with  0 Questions,  3 Answers,  0 Authorities,  0 Additionals 232 bytes LLQType 0
11-28 15:18:21.727 D/cocos2d-x debug info(14128): trace_frame: 59.999828
11-28 15:18:21.827 D/cocos2d-x debug info(14128): trace_frame: 59.672401
11-28 15:18:21.847 D/dalvikvm(22184): GC_FOR_ALLOC freed 554K, 19% free 6635K/8116K, paused 43ms, total 43ms
11-28 15:18:21.897 D/dalvikvm(22184): GC_FOR_ALLOC freed 113K, 19% free 6619K/8116K, paused 40ms, total 41ms
11-28 15:18:21.937 D/cocos2d-x debug info(14128): trace_frame: 60.043056
11-28 15:18:21.947 D/dalvikvm(22184): GC_FOR_ALLOC freed 203K, 19% free 6615K/8116K, paused 41ms, total 41ms
11-28 15:18:22.037 D/cocos2d-x debug info(14128): trace_frame: 59.844383
11-28 15:18:22.137 D/cocos2d-x debug info(14128): trace_frame: 59.774059
11-28 15:18:22.227 D/audio_hw_primary( 1334): do_output_standby
11-28 15:18:22.227 D/audio_hw_primary( 1334): goes there..........
11-28 15:18:22.227 D/audio_hw_primary( 1334): do output standby, set standby to 1
11-28 15:18:22.257 D/cocos2d-x debug info(14128): trace_frame: 60.583508
11-28 15:18:22.357 D/cocos2d-x debug info(14128): trace_frame: 59.943058
11-28 15:18:22.467 D/cocos2d-x debug info(14128): trace_frame: 60.058517
11-28 15:18:22.587 D/cocos2d-x debug info(14128): trace_frame: 59.905350
11-28 15:18:22.707 D/cocos2d-x debug info(14128): trace_frame: 60.033276
11-28 15:18:22.817 D/cocos2d-x debug info(14128): trace_frame: 60.029156
11-28 15:18:22.927 D/cocos2d-x debug info(14128): trace_frame: 59.931675
11-28 15:18:23.037 D/cocos2d-x debug info(14128): trace_frame: 60.119392
11-28 15:18:23.137 D/cocos2d-x debug info(14128): trace_frame: 59.973614
11-28 15:18:23.257 D/cocos2d-x debug info(14128): trace_frame: 60.045120
11-28 15:18:23.357 D/cocos2d-x debug info(14128): trace_frame: 59.851566
11-28 15:18:23.467 D/cocos2d-x debug info(14128): trace_frame: 60.078098
11-28 15:18:23.587 D/cocos2d-x debug info(14128): trace_frame: 60.012173
11-28 15:18:23.687 D/cocos2d-x debug info(14128): trace_frame: 59.965816
11-28 15:18:23.787 D/cocos2d-x debug info(14128): trace_frame: 59.996399
11-28 15:18:23.887 D/mdns    ( 4397): SocketDataReady got a packet from 172.16.13.104 to 224.0.0.251 on interface 172.16.13.147/wlan0/7/268
11-28 15:18:23.887 D/mdns    ( 4397): Received Query from 172.16.13.104  :5353  to 224.0.0.251    :5353  on 0x412B7B50 with  1 Question,   0 Answers,  0 Authorities,  0 Additionals 57 bytes
11-28 15:18:23.897 D/mdns    ( 4397): SocketDataReady got a packet from FE80:0000:0000:0000:6A5B:35FF:FE81:AA9B to FF02:0000:0000:0000:0000:0000:0000:00FB on interface 172.16.13.147/wlan0/7/269
11-28 15:18:23.897 D/mdns    ( 4397): Received Query from FE80:0000:0000:0000:6A5B:35FF:FE81:AA9B:5353  to FF02:0000:0000:0000:0000:0000:0000:00FB:5353  on 0x412B7B50 with  1 Question,   0 Answers,  0 Authorities,  0 Additionals 57 bytes
11-28 15:18:23.907 D/cocos2d-x debug info(14128): trace_frame: 59.963337
11-28 15:18:23.937 D/mdns    ( 4397): mDNS_Execute
11-28 15:18:23.937 D/mdns    ( 4397): mDNS_Execute: Setting NewLocalRecords to NULL
11-28 15:18:24.027 D/cocos2d-x debug info(14128): trace_frame: 59.996738
11-28 15:18:24.127 D/cocos2d-x debug info(14128): trace_frame: 59.912525
11-28 15:18:24.197 D/launcher_auto(14128): launcher_auto: sendkey and wait.
11-28 15:18:24.227 D/cocos2d-x debug info(14128): trace_frame: 59.980808
11-28 15:18:24.337 D/cocos2d-x debug info(14128): trace_frame: 60.153992
11-28 15:18:24.437 D/cocos2d-x debug info(14128): trace_frame: 59.980804
11-28 15:18:24.537 D/cocos2d-x debug info(14128): trace_frame: 59.780605
11-28 15:18:24.657 D/cocos2d-x debug info(14128): trace_frame: 60.177788
11-28 15:18:24.707 D/cocos2d-x debug info(14128): JS: loadActionData:onKeyPress begin
11-28 15:18:24.707 D/cocos2d-x debug info(14128): JS: mTabFocusChangeCallaback:handleDirectionKey-ddd
11-28 15:18:24.707 D/cocos2d-x debug info(14128): JS: loadActionData:onKeyPress end
11-28 15:18:24.707 D/cocos2d-x debug info(14128): JS: loadActionData:handleRepeatKey begin
11-28 15:18:24.757 D/cocos2d-x debug info(14128): trace_frame: 59.961624
11-28 15:18:24.867 D/cocos2d-x debug info(14128): trace_frame: 60.062637
11-28 15:18:24.967 D/cocos2d-x debug info(14128): trace_frame: 59.929287
11-28 15:18:25.087 D/cocos2d-x debug info(14128): trace_frame: 60.077068
11-28 15:18:25.117 D/mdns    ( 4397): SocketDataReady got a packet from 172.16.13.167 to 224.0.0.251 on interface 172.16.13.147/wlan0/7/268
11-28 15:18:25.117 D/mdns    ( 4397): Received Response from 172.16.13.167   addressed to 224.0.0.251     on 412B7B50 with  0 Questions,  1 Answer,   0 Authorities,  0 Additionals 38 bytes LLQType 0
11-28 15:18:25.187 D/cocos2d-x debug info(14128): trace_frame: 59.947247
11-28 15:18:25.307 D/cocos2d-x debug info(14128): trace_frame: 60.030186
11-28 15:18:25.407 D/cocos2d-x debug info(14128): trace_frame: 59.919708
11-28 15:18:25.517 D/cocos2d-x debug info(14128): trace_frame: 60.087387
11-28 15:18:25.627 D/cocos2d-x debug info(14128): trace_frame: 59.159935
11-28 15:18:25.697 D/launcher_auto(14128): launcher_auto: sendkey and wait.
11-28 15:18:25.737 D/cocos2d-x debug info(14128): trace_frame: 60.711193
11-28 15:18:25.787 D/mdns    ( 4397): mDNS_Execute
11-28 15:18:25.787 D/mdns    ( 4397): mDNS_Execute: Setting NewLocalRecords to NULL
11-28 15:18:25.787 D/mdns    ( 4397): Announcing 006d0e03a545@MiniMax._raop._tcp.local. (TXT) 3
11-28 15:18:25.787 D/mdns    ( 4397): Announcing _services._dns-sd._udp.local. (PTR) 3
11-28 15:18:25.787 D/mdns    ( 4397): Announcing _raop._tcp.local. (PTR) 3
11-28 15:18:25.787 D/mdns    ( 4397): Announcing MiniMax._airplay._tcp.local. (TXT) 3
11-28 15:18:25.787 D/mdns    ( 4397): Announcing _services._dns-sd._udp.local. (PTR) 3
11-28 15:18:25.787 D/mdns    ( 4397): Announcing _airplay._tcp.local. (PTR) 3
11-28 15:18:25.787 D/mdns    ( 4397): Announcing 006d0e03a545@MiniMax._raop._tcp.local. (SRV) 3
11-28 15:18:25.787 D/mdns    ( 4397): Announcing MiniMax._airplay._tcp.local. (SRV) 3
11-28 15:18:25.787 D/mdns    ( 4397): Announcing 147.13.16.172.in-addr.arpa. (PTR) 3
11-28 15:18:25.787 D/mdns    ( 4397): Announcing 5.4.5.A.3.0.E.F.F.F.E.0.D.6.2.0.0.0.0.0.0.0.0.0.0.0.0.0.0.8.E.F.ip6.arpa. (PTR) 3
11-28 15:18:25.787 D/mdns    ( 4397): Announcing Android-2.local. (Addr) 3
11-28 15:18:25.787 D/mdns    ( 4397): Announcing Android-2.local. (AAAA) 3
11-28 15:18:25.787 D/mdns    ( 4397): SendResponses put     24 . OPT Max 1440 Vers 0 Seq   0 MAC 00:00:00:00:00:00 I-MAC 2D:32:05:6C:6F:63
11-28 15:18:25.787 D/mdns    ( 4397): SendResponses: Sending 0 Deregistrations, 12 Announcements, 0 Answers, 6 Additionals on 412B7B50
11-28 15:18:25.797 D/mdns    ( 4397): SendResponses: Next in 16384 ticks
11-28 15:18:25.797 D/mdns    ( 4397): SocketDataReady got a packet from 172.16.13.147 to 224.0.0.251 on interface 172.16.13.147/wlan0/7/268
11-28 15:18:25.797 D/mdns    ( 4397): Received Response from 172.16.13.147   addressed to 224.0.0.251     on 412B7B50 with  0 Questions, 12 Answers,  0 Authorities,  6 Additionals 690 bytes LLQType 0
11-28 15:18:25.797 D/mdns    ( 4397): Found record size   115 interface 412B7B50 already in cache:  115 006d0e03a545@MiniMax._raop._tcp.local. TXT ch=2Â¦cn=0,1Â¦da=trueÂ¦ek=1Â¦et=0,1Â¦md=0,1,2Â¦pw=falseÂ¦sm=falseÂ¦sr=44100Â¦ss=16Â¦sv=falseÂ¦tp=UDPÂ¦txtvers=
11-28 15:18:25.797 D/mdns    ( 4397): Found record size    75 interface 412B7B50 already in cache:   75 MiniMax._airplay._tcp.local. TXT deviceid=00:6d:0e:03:a5:45Â¦features=0x2077Â¦model=AppleTV2,1Â¦srcvers=101.28
11-28 15:18:25.797 D/mdns    ( 4397): Found record size    78 interface 412B7B50 already in cache:   78 5.4.5.A.3.0.E.F.F.F.E.0.D.6.2.0.0.0.0.0.0.0.0.0.0.0.0.0.0.8.E.F.ip6.arpa. NSEC PTR 
11-28 15:18:25.797 D/mdns    ( 4397): SocketDataReady got a packet from FE80:0000:0000:0000:026D:0EFF:FE03:A545 to FF02:0000:0000:0000:0000:0000:0000:00FB on interface 172.16.13.147/wlan0/7/269
11-28 15:18:25.797 D/mdns    ( 4397): Received Response from FE80:0000:0000:0000:026D:0EFF:FE03:A545 addressed to FF02:0000:0000:0000:0000:0000:0000:00FB on 412B7B50 with  0 Questions, 12 Answers,  0 Authorities,  6 Additionals 690 bytes LLQType 0
11-28 15:18:25.797 D/mdns    ( 4397): Found record size   115 interface 412B7B50 already in cache:  115 006d0e03a545@MiniMax._raop._tcp.local. TXT ch=2Â¦cn=0,1Â¦da=trueÂ¦ek=1Â¦et=0,1Â¦md=0,1,2Â¦pw=falseÂ¦sm=falseÂ¦sr=44100Â¦ss=16Â¦sv=falseÂ¦tp=UDPÂ¦txtvers=
11-28 15:18:25.797 D/mdns    ( 4397): Found record size    75 interface 412B7B50 already in cache:   75 MiniMax._airplay._tcp.local. TXT deviceid=00:6d:0e:03:a5:45Â¦features=0x2077Â¦model=AppleTV2,1Â¦srcvers=101.28
11-28 15:18:25.797 D/mdns    ( 4397): Found record size    78 interface 412B7B50 already in cache:   78 5.4.5.A.3.0.E.F.F.F.E.0.D.6.2.0.0.0.0.0.0.0.0.0.0.0.0.0.0.8.E.F.ip6.arpa. NSEC PTR 
11-28 15:18:25.857 D/cocos2d-x debug info(14128): trace_frame: 60.009602
11-28 15:18:25.887 D/mdns    ( 4397): mDNS_Execute
11-28 15:18:25.887 D/mdns    ( 4397): mDNS_Execute: Setting NewLocalRecords to NULL
11-28 15:18:25.957 D/cocos2d-x debug info(14128): trace_frame: 59.987404
11-28 15:18:26.067 D/cocos2d-x debug info(14128): trace_frame: 60.007553
11-28 15:18:26.137 D/mdns    ( 4397): SocketDataReady got a packet from 172.16.13.193 to 224.0.0.251 on interface 172.16.13.147/wlan0/7/268
11-28 15:18:26.137 D/mdns    ( 4397): Received Response from 172.16.13.193   addressed to 224.0.0.251     on 412B7B50 with  0 Questions,  1 Answer,   0 Authorities,  0 Additionals 38 bytes LLQType 0
11-28 15:18:26.167 D/cocos2d-x debug info(14128): trace_frame: 59.967621
11-28 15:18:26.207 D/cocos2d-x debug info(14128): JS: loadActionData:onKeyPress begin
11-28 15:18:26.207 D/cocos2d-x debug info(14128): JS: loadActionData:onKeyPress end
11-28 15:18:26.207 D/cocos2d-x debug info(14128): JS: loadActionData:handleRepeatKey begin
11-28 15:18:26.207 D/cocos2d-x debug info(14128): JS: mTabFocusChangeCallaback:handleDirectionKey-ddd
11-28 15:18:26.207 D/cocos2d-x debug info(14128): JS: loadActionData:mTabFocusChangeCallaback begin
11-28 15:18:26.207 D/cocos2d-x debug info(14128): JS: mTabFocusChangeCallaback:cb endåè¯­é™¢çº¿
11-28 15:18:26.207 D/cocos2d-x debug info(14128): JS: loadActionData:mTabFocusChangeCallaback[2]
11-28 15:18:26.287 D/cocos2d-x debug info(14128): trace_frame: 60.022465
11-28 15:18:26.317 D/cocos2d-x debug info(14128): JS: updateMediaDescription:focusChangeCallback[0] 
11-28 15:18:26.317 D/cocos2d-x debug info(14128): JS: [/2013] {/éŸ©å›½} (/åŠ¨ä½œ)
11-28 15:18:26.327 D/cocos2d-x debug info(14128): JS: updateMediaDescription:[] 8
11-28 15:18:26.387 D/cocos2d-x debug info(14128): trace_frame: 59.990402
11-28 15:18:26.417 D/cocos2d-x debug info(14128): JS: getFocusId:2
11-28 15:18:26.417 D/cocos2d-x debug info(14128): JS: updateQueryDescription:2-6
11-28 15:18:26.427 D/cocos2d-x debug info(14128): JS: isStaffActionData:put[http://ott-api.fun.tv/api/v2/retrive?mtype=movie&region=chn&tag=all&rdate=all&order=daynum&statdate=all&pg=1&pz=100&pv=101]
11-28 15:18:26.427 D/JniHelper(14128): JniHelper::getJavaVM(), pthread_self() = 1529184920
11-28 15:18:26.437 D/cocos2d-x debug info(14128): JS: getMediaTypeValue:put[movie,ç”µå½±]
11-28 15:18:26.437 D/cocos2d-x debug info(14128): JS: getMediaTypeValue:put[daynum,æŒ‰è§‚çœ‹
11-28 15:18:26.437 D/cocos2d-x debug info(14128): JS: mTabFocusChangeCallaback:do query
11-28 15:18:26.437 D/cocos2d-x debug info(14128): JS: getFocusId:2
11-28 15:18:26.437 D/cocos2d-x debug info(14128): JS: loadActionData:do load datahttp://ott-api.fun.tv/api/v2/retrive?mtype=movie&region=chn&tag=all&rdate=all&order=daynum&statdate=all&pg=1&pz=100&pv=101
11-28 15:18:26.437 D/cocos2d-x debug info(14128): JS: RetrieveList fadeOut
11-28 15:18:26.437 D/cocos2d-x debug info(14128): JS: setInitParam:2
11-28 15:18:26.437 D/cocos2d-x debug info(14128): JS: showFilterScene: cc.Scene[http://ott-api.fun.tv/api/v2/retrive?mtype=movie&region=chn&tag=all&rdate=all&order=daynum&statdate=all&pg=1&pz=100&pv=101&show_tb=0]
11-28 15:18:26.447 D/cocos2d-x debug info(14128): JS: setInitParam:beginLoading2
11-28 15:18:26.447 D/cocos2d-x debug info(14128): JS: startAsyncTaskNew[http://ott-api.fun.tv/api/v2/retrive?mtype=movie&region=chn&tag=all&rdate=all&order=daynum&statdate=all&pg=1&pz=100&pv=101&show_tb=0]
11-28 15:18:26.447 D/JniHelper(14128): JniHelper::getJavaVM(), pthread_self() = 1529184920
11-28 15:18:26.447 D/cocos2d-x debug info(14128): JS: setInitParam:beginLoading instanceof FilterSceneNew
11-28 15:18:26.447 D/cocos2d-x debug info(14128): JS: setInitParam:canStopLoading2
11-28 15:18:26.447 D/cocos2d-x debug info(14128): JS: can NOT StopLoading [1]
11-28 15:18:26.447 D/cocos2d-x debug info(14128): JS: startFunLoading start
11-28 15:18:26.487 D/cocos2d-x debug info(14128): trace_frame: 49.992500
11-28 15:18:26.607 D/cocos2d-x debug info(14128): trace_frame: 60.008060
11-28 15:18:26.707 D/launcher_auto(14128): launcher_auto: sendkey and wait.
11-28 15:18:26.707 D/cocos2d-x debug info(14128): trace_frame: 59.993999
11-28 15:18:26.757 D/mdns    ( 4397): SocketDataReady got a packet from 172.16.13.159 to 224.0.0.251 on interface 172.16.13.147/wlan0/7/268
11-28 15:18:26.757 D/mdns    ( 4397): Received Query from 172.16.13.159  :5353  to 224.0.0.251    :5353  on 0x412B7B50 with  3 Questions,  1 Answer,   0 Authorities,  0 Additionals 65 bytes
11-28 15:18:26.757 D/mdns    ( 4397): AddRecordToResponseList: _raop._tcp.local. (PTR) already in list
11-28 15:18:26.757 D/mdns    ( 4397): AddRecordToResponseList: MiniMax._airplay._tcp.local. (TXT) already in list
11-28 15:18:26.757 D/mdns    ( 4397): AddRecordToResponseList: _airplay._tcp.local. (PTR) already in list
11-28 15:18:26.757 D/mdns    ( 4397): AddRecordToResponseList: 006d0e03a545@MiniMax._raop._tcp.local. (SRV) already in list
11-28 15:18:26.757 D/mdns    ( 4397): AddRecordToResponseList: 006d0e03a545@MiniMax._raop._tcp.local. (TXT) already in list
11-28 15:18:26.757 D/mdns    ( 4397): AddRecordToResponseList: MiniMax._airplay._tcp.local. (SRV) already in list
11-28 15:18:26.757 D/mdns    ( 4397): AddRecordToResponseList: MiniMax._airplay._tcp.local. (TXT) already in list
11-28 15:18:26.757 D/mdns    ( 4397): AddRecordToResponseList: Android-2.local. (Addr) already in list
11-28 15:18:26.757 D/mdns    ( 4397): AddRecordToResponseList: Android-2.local. (AAAA) already in list
11-28 15:18:26.757 D/mdns    ( 4397): AddRecordToResponseList: Android-2.local. (Addr) already in list
11-28 15:18:26.757 D/mdns    ( 4397): AddRecordToResponseList: Android-2.local. (AAAA) already in list
11-28 15:18:26.757 D/mdns    ( 4397): AddRecordToResponseList: Android-2.local. (Addr) already in list
11-28 15:18:26.757 D/mdns    ( 4397): AddRecordToResponseList: Android-2.local. (AAAA) already in list
11-28 15:18:26.757 D/mdns    ( 4397): AddRecordToResponseList: Android-2.local. (Addr) already in list
11-28 15:18:26.757 D/mdns    ( 4397): AddRecordToResponseList: Android-2.local. (AAAA) already in list
11-28 15:18:26.767 D/mdns    ( 4397): SocketDataReady got a packet from 172.16.13.183 to 224.0.0.251 on interface 172.16.13.147/wlan0/7/268
