11-28 15:17:49.837 D/JniHelper(14128): JniHelper::getJavaVM(), pthread_self() = 1529184920
11-28 15:17:49.847 D/cocos2d-x debug info(14128): cocos2d: TextureCache: removing unused texture: /data/data/tv.fun.launcher/files/fun_download/a9/2b61f918d4eb8b5cda2b486976feaf.png
11-28 15:17:49.847 D/cocos2d-x debug info(14128): cocos2d: TextureCache: removing unused texture: /data/data/tv.fun.launcher/files/fun_download/65/33b4d830971e2e48386e81d2e907d2.png
11-28 15:17:49.847 D/cocos2d-x debug info(14128): cocos2d: TextureCache: removing unused texture: /data/data/tv.fun.launcher/files/fun_download/f7/e1bd0ce4cca97c393f3c8587839836.png
11-28 15:17:49.867 D/cocos2d-x debug info(14128): trace_frame: 54.348808
11-28 15:17:49.897 D/mdns    ( 4397): SocketDataReady got a packet from 172.16.13.14 to 224.0.0.251 on interface 172.16.13.147/wlan0/7/264
11-28 15:17:49.897 D/mdns    ( 4397): Received Response from 172.16.13.14    addressed to 224.0.0.251     on 412B7748 with  0 Questions,  1 Answer,   0 Authorities,  0 Additionals 38 bytes LLQType 0
11-28 15:17:49.977 D/cocos2d-x debug info(14128): trace_frame: 66.476105
11-28 15:17:50.087 D/cocos2d-x debug info(14128): trace_frame: 59.830070
11-28 15:17:50.207 D/cocos2d-x debug info(14128): trace_frame: 60.266380
11-28 15:17:50.307 D/cocos2d-x debug info(14128): JS: HomeMainScene Key down:156
11-28 15:17:50.307 D/cocos2d-x debug info(14128): JS: FunTableView:onClick key=156, isPress=true
11-28 15:17:50.307 D/cocos2d-x debug info(14128): JS: OnClick: Direction_Left press...
11-28 15:17:50.307 D/cocos2d-x debug info(14128): JS: onKeyPressLeft
11-28 15:17:50.317 D/cocos2d-x debug info(14128): JS: moveFocus
11-28 15:17:50.317 D/cocos2d-x debug info(14128): JS: HomeMovTVCarVarH--setSelectedItem--false
11-28 15:17:50.317 D/cocos2d-x debug info(14128): JS: zhangmd:FunTableView:moveFocus, fromsize is:(340,562),tosize is:(340,562)
11-28 15:17:50.317 D/cocos2d-x debug info(14128): JS:  HomeMainScene Key up:156
11-28 15:17:50.317 D/cocos2d-x debug info(14128): JS: FunTableView:onClick key=156, isPress=false
11-28 15:17:50.317 D/cocos2d-x debug info(14128): trace_frame: 51.901768
11-28 15:17:50.417 D/cocos2d-x debug info(14128): trace_frame: 69.304871
11-28 15:17:50.527 D/cocos2d-x debug info(14128): trace_frame: 59.989201
11-28 15:17:50.537 D/cocos2d-x debug info(14128): JS: HomeMovTVCarVarH--setSelectedItem--true
11-28 15:17:50.617 D/cocos2d-x debug info(14128): trace_frame: 59.990402
11-28 15:17:50.727 D/cocos2d-x debug info(14128): trace_frame: 59.900566
11-28 15:17:50.807 D/launcher_auto(14128): launcher_auto: sendkey and wait.
11-28 15:17:50.837 D/cocos2d-x debug info(14128): trace_frame: 60.097698
11-28 15:17:50.937 D/cocos2d-x debug info(14128): trace_frame: 59.998203
11-28 15:17:51.057 D/cocos2d-x debug info(14128): trace_frame: 60.028625
11-28 15:17:51.157 D/cocos2d-x debug info(14128): trace_frame: 59.963421
11-28 15:17:51.277 D/cocos2d-x debug info(14128): trace_frame: 59.975662
11-28 15:17:51.317 D/cocos2d-x debug info(14128): JS: HomeMainScene Key down:156
11-28 15:17:51.317 D/cocos2d-x debug info(14128): JS: FunTableView:onClick key=156, isPress=true
11-28 15:17:51.327 D/cocos2d-x debug info(14128): JS: OnClick: Direction_Left press...
11-28 15:17:51.327 D/cocos2d-x debug info(14128): JS: onKeyPressLeft
11-28 15:17:51.327 D/cocos2d-x debug info(14128): JS: moveFocus
11-28 15:17:51.327 D/cocos2d-x debug info(14128): JS: HomeMovTVCarVarH--setSelectedItem--false
11-28 15:17:51.327 D/cocos2d-x debug info(14128): JS: zhangmd:FunTableView:moveFocus, fromsize is:(340,562),tosize is:(340,562)
11-28 15:17:51.327 D/cocos2d-x debug info(14128): JS:  HomeMainScene Key up:156
11-28 15:17:51.327 D/cocos2d-x debug info(14128): JS: FunTableView:onClick key=156, isPress=false
11-28 15:17:51.377 D/cocos2d-x debug info(14128): trace_frame: 59.969414
11-28 15:17:51.477 D/cocos2d-x debug info(14128): trace_frame: 59.961029
11-28 15:17:51.557 D/cocos2d-x debug info(14128): JS: HomeMovTVCarVarH--setSelectedItem--true
11-28 15:17:51.587 D/cocos2d-x debug info(14128): trace_frame: 60.080166
11-28 15:17:51.687 D/cocos2d-x debug info(14128): trace_frame: 59.915516
11-28 15:17:51.807 D/cocos2d-x debug info(14128): trace_frame: 59.356747
11-28 15:17:51.807 D/launcher_auto(14128): launcher_auto: sendkey and wait.
11-28 15:17:51.847 D/dalvikvm(22184): GC_FOR_ALLOC freed 535K, 19% free 6600K/8116K, paused 45ms, total 45ms
11-28 15:17:51.897 D/dalvikvm(22184): GC_FOR_ALLOC freed 203K, 20% free 6554K/8116K, paused 39ms, total 39ms
11-28 15:17:51.907 D/cocos2d-x debug info(14128): trace_frame: 59.856945
11-28 15:17:52.017 D/cocos2d-x debug info(14128): trace_frame: 60.870098
11-28 15:17:52.137 D/cocos2d-x debug info(14128): trace_frame: 60.001884
11-28 15:17:52.257 D/cocos2d-x debug info(14128): trace_frame: 59.996231
11-28 15:17:52.317 D/cocos2d-x debug info(14128): JS: HomeMainScene Key down:156
11-28 15:17:52.317 D/cocos2d-x debug info(14128): JS: FunTableView:onClick key=156, isPress=true
11-28 15:17:52.327 D/cocos2d-x debug info(14128): JS: OnClick: Direction_Left press...
11-28 15:17:52.327 D/cocos2d-x debug info(14128): JS: onKeyPressLeft
11-28 15:17:52.327 D/cocos2d-x debug info(14128): JS: moveFocus
11-28 15:17:52.327 D/cocos2d-x debug info(14128): JS: HomeMovTVCarVarH--setSelectedItem--false
11-28 15:17:52.327 D/cocos2d-x debug info(14128): JS: zhangmd:FunTableView:moveFocus, fromsize is:(340,562),tosize is:(340,562)
11-28 15:17:52.327 D/cocos2d-x debug info(14128): JS:  HomeMainScene Key up:156
11-28 15:17:52.327 D/cocos2d-x debug info(14128): JS: FunTableView:onClick key=156, isPress=false
11-28 15:17:52.357 D/cocos2d-x debug info(14128): trace_frame: 59.365383
11-28 15:17:52.467 D/cocos2d-x debug info(14128): trace_frame: 60.540016
11-28 15:17:52.557 D/cocos2d-x debug info(14128): JS: HomeMovTVCarVarH--setSelectedItem--true
11-28 15:17:52.577 D/cocos2d-x debug info(14128): trace_frame: 59.940060
11-28 15:17:52.687 D/cocos2d-x debug info(14128): trace_frame: 60.019379
11-28 15:17:52.787 D/cocos2d-x debug info(14128): trace_frame: 59.231178
11-28 15:17:52.817 D/launcher_auto(14128): launcher_auto: sendkey and wait.
11-28 15:17:52.847 D/dalvikvm(22184): GC_CONCURRENT freed 672K, 19% free 6628K/8116K, paused 3ms+5ms, total 49ms
11-28 15:17:52.907 D/cocos2d-x debug info(14128): trace_frame: 60.652275
11-28 15:17:53.007 D/cocos2d-x debug info(14128): trace_frame: 59.873680
11-28 15:17:53.127 D/cocos2d-x debug info(14128): trace_frame: 60.150375
11-28 15:17:53.177 D/mdns    ( 4397): SocketDataReady got a packet from 172.16.13.14 to 224.0.0.251 on interface 172.16.13.147/wlan0/7/264
11-28 15:17:53.177 D/mdns    ( 4397): Received Response from 172.16.13.14    addressed to 224.0.0.251     on 412B7748 with  0 Questions,  3 Answers,  0 Authorities,  0 Additionals 232 bytes LLQType 0
11-28 15:17:53.227 D/cocos2d-x debug info(14128): trace_frame: 59.973614
11-28 15:17:53.317 D/cocos2d-x debug info(14128): JS: HomeMainScene Key down:156
11-28 15:17:53.317 D/cocos2d-x debug info(14128): JS: FunTableView:onClick key=156, isPress=true
11-28 15:17:53.327 D/cocos2d-x debug info(14128): JS: OnClick: Direction_Left press...
11-28 15:17:53.327 D/cocos2d-x debug info(14128): JS: onKeyPressLeft
11-28 15:17:53.327 D/cocos2d-x debug info(14128): JS: moveFocus
11-28 15:17:53.327 D/cocos2d-x debug info(14128): JS: HomeMovTVCarVarH--setSelectedItem--false
11-28 15:17:53.327 D/cocos2d-x debug info(14128): JS: zhangmd:FunTableView:moveFocus, fromsize is:(340,562),tosize is:(340,562)
11-28 15:17:53.327 D/cocos2d-x debug info(14128): JS:  HomeMainScene Key up:156
11-28 15:17:53.327 D/cocos2d-x debug info(14128): JS: FunTableView:onClick key=156, isPress=false
11-28 15:17:53.327 D/cocos2d-x debug info(14128): trace_frame: 54.717068
11-28 15:17:53.437 D/cocos2d-x debug info(14128): trace_frame: 65.454201
11-28 15:17:53.537 D/cocos2d-x debug info(14128): trace_frame: 59.931080
11-28 15:17:53.557 D/cocos2d-x debug info(14128): JS: HomeMovTVCarVarH--setSelectedItem--true
11-28 15:17:53.657 D/cocos2d-x debug info(14128): trace_frame: 60.084293
11-28 15:17:53.757 D/cocos2d-x debug info(14128): trace_frame: 59.995197
11-28 15:17:53.817 D/launcher_auto(14128): launcher_auto: sendkey and wait.
11-28 15:17:53.857 D/cocos2d-x debug info(14128): trace_frame: 59.901161
11-28 15:17:53.967 D/cocos2d-x debug info(14128): trace_frame: 60.077587
11-28 15:17:54.087 D/cocos2d-x debug info(14128): trace_frame: 59.942783
11-28 15:17:54.207 D/cocos2d-x debug info(14128): trace_frame: 60.038937
11-28 15:17:54.307 D/cocos2d-x debug info(14128): trace_frame: 59.998207
11-28 15:17:54.327 D/cocos2d-x debug info(14128): JS: HomeMainScene Key down:156
11-28 15:17:54.327 D/cocos2d-x debug info(14128): JS: FunTableView:onClick key=156, isPress=true
11-28 15:17:54.327 D/cocos2d-x debug info(14128): JS: OnClick: Direction_Left press...
11-28 15:17:54.327 D/cocos2d-x debug info(14128): JS: onKeyPressLeft
11-28 15:17:54.327 D/cocos2d-x debug info(14128): JS: turnPage: toRight false
11-28 15:17:54.327 D/cocos2d-x debug info(14128): JS: jumpFocus
11-28 15:17:54.327 D/cocos2d-x debug info(14128): JS: HomeMovTVCarVarH--setSelectedItem--false
11-28 15:17:54.337 D/cocos2d-x debug info(14128): JS: zhangmd:FunTableView:calculateFullVisibleIndex begain,startidx=25,endidx=29,startidx2=20,endidx2=24
11-28 15:17:54.337 D/cocos2d-x debug info(14128): JS:  HomeMainScene Key up:156
11-28 15:17:54.337 D/cocos2d-x debug info(14128): JS: FunTableView:onClick key=156, isPress=false
11-28 15:17:54.347 D/cocos2d-x debug info(14128): JS: HomeListAdapter: isItemTypeOf(18)=true
11-28 15:17:54.347 D/cocos2d-x debug info(14128): JS: updateStatus--
11-28 15:17:54.347 D/cocos2d-x debug info(14128): JS: begin home url=http://img.funshion.com/pictures/media/list/732/82/73282_360_504_ott_poster.jpg?1415587330
11-28 15:17:54.347 D/cocos2d-x debug info(14128): JS: mImageNode equal imageInfo.mUrl=http://img.funshion.com/pictures/media/list/732/82/73282_360_504_ott_poster.jpg?1415587330
11-28 15:17:54.347 D/cocos2d-x debug info(14128): JS: funtv.ImageLoader.sImagePath=/data/data/tv.fun.launcher/files/fun_download/98/396960f0cf607d06ecc99414c4527e.png
11-28 15:17:54.347 D/cocos2d-x debug info(14128): cocos2d: fullPathForFilename: No file found at Arial. Possible missing file.
11-28 15:17:54.357 D/cocos2d-x debug info(14128): cocos2d: fullPathForFilename: No file found at Arial. Possible missing file.
11-28 15:17:54.377 D/cocos2d-x debug info(14128): JS: ImageLoader:cancelImageLoad url=http://img.funshion.com/pictures/media/list/110/324/110324_360_504_ott_poster.jpg?1414741959
11-28 15:17:54.407 D/cocos2d-x debug info(14128): JS: HomeListAdapter: isItemTypeOf(17)=true
11-28 15:17:54.407 D/cocos2d-x debug info(14128): JS: updateStatus--
11-28 15:17:54.407 D/cocos2d-x debug info(14128): JS: begin home url=http://img.funshion.com/pictures/media/list/106/940/106940_360_504_ott_poster.jpg?1413946029
11-28 15:17:54.407 D/cocos2d-x debug info(14128): JS: mImageNode equal imageInfo.mUrl=http://img.funshion.com/pictures/media/list/106/940/106940_360_504_ott_poster.jpg?1413946029
11-28 15:17:54.407 D/cocos2d-x debug info(14128): JS: funtv.ImageLoader.sImagePath=/data/data/tv.fun.launcher/files/fun_download/ac/6f860752669c68bc0b7a15143f961d.png
11-28 15:17:54.417 D/cocos2d-x debug info(14128): cocos2d: fullPathForFilename: No file found at Arial. Possible missing file.
11-28 15:17:54.417 D/cocos2d-x debug info(14128): cocos2d: fullPathForFilename: No file found at Arial. Possible missing file.
11-28 15:17:54.447 D/dalvikvm(14128): GC_CONCURRENT freed 1362K, 57% free 8111K/18508K, paused 2ms+3ms, total 29ms
11-28 15:17:54.447 D/dalvikvm(14128): WAIT_FOR_CONCURRENT_GC blocked 25ms
11-28 15:17:54.447 D/cocos2d-x debug info(14128): trace_frame: 59.821732
11-28 15:17:54.457 D/cocos2d-x debug info(14128): JS: ImageLoader:cancelImageLoad url=http://img.funshion.com/pictures/media/list/108/792/108792_360_504_ott_poster.jpg?1406605060
11-28 15:17:54.477 D/cocos2d-x debug info(14128): JS: HomeListAdapter: isItemTypeOf(16)=true
11-28 15:17:54.477 D/cocos2d-x debug info(14128): JS: updateStatus--
11-28 15:17:54.477 D/cocos2d-x debug info(14128): JS: 添加角标
11-28 15:17:54.477 D/cocos2d-x debug info(14128): JS: begin home url=http://img.funshion.com/pictures/media/list/115/328/115328_360_504_ott_poster.jpg?1416365769
11-28 15:17:54.487 D/cocos2d-x debug info(14128): JS: mImageNode equal imageInfo.mUrl=http://img.funshion.com/pictures/media/list/115/328/115328_360_504_ott_poster.jpg?1416365769
11-28 15:17:54.487 D/cocos2d-x debug info(14128): JS: funtv.ImageLoader.sImagePath=/data/data/tv.fun.launcher/files/fun_download/bd/76bffbfd3ae06dce8d18aa85030e72.png
11-28 15:17:54.487 D/cocos2d-x debug info(14128): cocos2d: fullPathForFilename: No file found at Arial. Possible missing file.
11-28 15:17:54.497 D/cocos2d-x debug info(14128): cocos2d: fullPathForFilename: No file found at Arial. Possible missing file.
11-28 15:17:54.507 D/cocos2d-x debug info(14128): JS: ImageLoader:cancelImageLoad url=http://img.funshion.com/pictures/media/list/113/007/113007_360_504_ott_poster.jpg?1409217657
11-28 15:17:54.517 D/cocos2d-x debug info(14128): trace_frame: 37.978409
11-28 15:17:54.557 D/cocos2d-x debug info(14128): JS: HomeListAdapter: isItemTypeOf(15)=true
11-28 15:17:54.557 D/cocos2d-x debug info(14128): JS: updateStatus--
11-28 15:17:54.557 D/cocos2d-x debug info(14128): JS: begin home url=http://img.funshion.com/pictures/media/list/116/173/116173_360_504_ott_poster.jpg?1416730820
11-28 15:17:54.557 D/cocos2d-x debug info(14128): JS: mImageNode equal imageInfo.mUrl=http://img.funshion.com/pictures/media/list/116/173/116173_360_504_ott_poster.jpg?1416730820
11-28 15:17:54.557 D/cocos2d-x debug info(14128): JS: funtv.ImageLoader.sImagePath=/data/data/tv.fun.launcher/files/fun_download/81/1e608519e72ad43f08e5bc955768ae.png
11-28 15:17:54.567 D/cocos2d-x debug info(14128): cocos2d: fullPathForFilename: No file found at Arial. Possible missing file.
11-28 15:17:54.577 D/cocos2d-x debug info(14128): cocos2d: fullPathForFilename: No file found at Arial. Possible missing file.
11-28 15:17:54.597 D/cocos2d-x debug info(14128): JS: ImageLoader:cancelImageLoad url=http://img.funshion.com/pictures/media/list/994/97/99497_360_504_ott_poster.jpg?1415260433
11-28 15:17:54.617 D/cocos2d-x debug info(14128): trace_frame: 59.003429
11-28 15:17:54.637 D/cocos2d-x debug info(14128): JS: HomeListAdapter: isItemTypeOf(14)=true
11-28 15:17:54.637 D/cocos2d-x debug info(14128): JS: updateStatus--
11-28 15:17:54.637 D/cocos2d-x debug info(14128): JS: begin home url=http://img.funshion.com/pictures/media/list/116/694/116694_360_504_ott_poster.jpg?1415849476
11-28 15:17:54.637 D/cocos2d-x debug info(14128): JS: mImageNode equal imageInfo.mUrl=http://img.funshion.com/pictures/media/list/116/694/116694_360_504_ott_poster.jpg?1415849476
11-28 15:17:54.647 D/cocos2d-x debug info(14128): JS: funtv.ImageLoader.sImagePath=/data/data/tv.fun.launcher/files/fun_download/74/1769913d67c31335f0454bf7b3ee7c.png
11-28 15:17:54.657 D/cocos2d-x debug info(14128): cocos2d: fullPathForFilename: No file found at Arial. Possible missing file.
11-28 15:17:54.657 D/cocos2d-x debug info(14128): cocos2d: fullPathForFilename: No file found at Arial. Possible missing file.
11-28 15:17:54.707 D/cocos2d-x debug info(14128): JS: ImageLoader:cancelImageLoad url=http://img.funshion.com/pictures/media/list/103/904/103904_360_504_ott_poster.jpg?1407924711
11-28 15:17:54.727 D/cocos2d-x debug info(14128): trace_frame: 63.966671
11-28 15:17:54.827 D/launcher_auto(14128): launcher_auto: sendkey and wait.
11-28 15:17:54.837 D/cocos2d-x debug info(14128): trace_frame: 59.897148
11-28 15:17:54.857 D/cocos2d-x debug info(14128): JS: HomeMovTVCarVarH--setSelectedItem--true
11-28 15:17:54.857 D/cocos2d-x debug info(14128): JS: HomeListAdapter: onTurnPage
11-28 15:17:54.857 D/JniHelper(14128): JniHelper::getJavaVM(), pthread_self() = 1529184920
11-28 15:17:54.857 D/cocos2d-x debug info(14128): cocos2d: TextureCache: removing unused texture: /data/data/tv.fun.launcher/files/fun_download/f6/59de714bca008935ed073dfd29282b.png
11-28 15:17:54.857 D/cocos2d-x debug info(14128): cocos2d: TextureCache: removing unused texture: /data/data/tv.fun.launcher/files/fun_download/bc/a312c2b54c3aaeb473762aa25bc3e3.png
11-28 15:17:54.857 D/cocos2d-x debug info(14128): cocos2d: TextureCache: removing unused texture: /data/data/tv.fun.launcher/files/fun_download/61/e2e094c9164234181e35f88649a31d.png
11-28 15:17:54.857 D/cocos2d-x debug info(14128): cocos2d: TextureCache: removing unused texture: /data/data/tv.fun.launcher/files/fun_download/db/529b9d53e4bfc45e73466dfacb4a79.png
11-28 15:17:54.867 D/cocos2d-x debug info(14128): cocos2d: TextureCache: removing unused texture: /data/data/tv.fun.launcher/files/fun_download/22/275f6a6b881f4c1b9f1583ddf3b8e3.png
11-28 15:17:54.867 D/cocos2d-x debug info(14128): cocos2d: TextureCache: removing unused texture: /data/data/tv.fun.launcher/files/fun_download/b4/48a119829c77d89f0e2ed1e2876879.png
11-28 15:17:54.957 D/cocos2d-x debug info(14128): trace_frame: 59.746845
11-28 15:17:55.067 D/cocos2d-x debug info(14128): trace_frame: 60.383343
11-28 15:17:55.177 D/cocos2d-x debug info(14128): trace_frame: 59.888012
11-28 15:17:55.227 D/dalvikvm(14128): GC_CONCURRENT freed 1330K, 57% free 8069K/18508K, paused 4ms+4ms, total 33ms
11-28 15:17:55.287 D/cocos2d-x debug info(14128): trace_frame: 60.131260
11-28 15:17:55.337 D/cocos2d-x debug info(14128): JS: HomeMainScene Key down:156
11-28 15:17:55.337 D/cocos2d-x debug info(14128): JS: FunTableView:onClick key=156, isPress=true
11-28 15:17:55.337 D/cocos2d-x debug info(14128): JS: OnClick: Direction_Left press...
11-28 15:17:55.337 D/cocos2d-x debug info(14128): JS: onKeyPressLeft
11-28 15:17:55.347 D/cocos2d-x debug info(14128): JS: moveFocus
11-28 15:17:55.347 D/cocos2d-x debug info(14128): JS: HomeMovTVCarVarH--setSelectedItem--false
11-28 15:17:55.347 D/cocos2d-x debug info(14128): JS: zhangmd:FunTableView:moveFocus, fromsize is:(340,562),tosize is:(340,562)
11-28 15:17:55.347 D/cocos2d-x debug info(14128): JS:  HomeMainScene Key up:156
11-28 15:17:55.347 D/cocos2d-x debug info(14128): JS: FunTableView:onClick key=156, isPress=false
11-28 15:17:55.387 D/cocos2d-x debug info(14128): trace_frame: 59.983204
11-28 15:17:55.507 D/cocos2d-x debug info(14128): trace_frame: 59.961281
11-28 15:17:55.567 D/cocos2d-x debug info(14128): JS: HomeMovTVCarVarH--setSelectedItem--true
11-28 15:17:55.617 D/cocos2d-x debug info(14128): trace_frame: 60.068829
11-28 15:17:55.717 D/cocos2d-x debug info(14128): trace_frame: 59.945454
11-28 15:17:55.777 D/mdns    ( 4397): mDNS_Execute
11-28 15:17:55.777 D/mdns    ( 4397): mDNS_Execute: Setting NewLocalRecords to NULL
11-28 15:17:55.777 D/mdns    ( 4397): Announcing 006d0e03a545@MiniMax._raop._tcp.local. (TXT) 3
11-28 15:17:55.777 D/mdns    ( 4397): Announcing _services._dns-sd._udp.local. (PTR) 3
11-28 15:17:55.777 D/mdns    ( 4397): Announcing _raop._tcp.local. (PTR) 3
11-28 15:17:55.777 D/mdns    ( 4397): Announcing MiniMax._airplay._tcp.local. (TXT) 3
11-28 15:17:55.777 D/mdns    ( 4397): Announcing _services._dns-sd._udp.local. (PTR) 3
11-28 15:17:55.777 D/mdns    ( 4397): Announcing _airplay._tcp.local. (PTR) 3
11-28 15:17:55.777 D/mdns    ( 4397): Announcing 006d0e03a545@MiniMax._raop._tcp.local. (SRV) 3
11-28 15:17:55.777 D/mdns    ( 4397): Announcing MiniMax._airplay._tcp.local. (SRV) 3
11-28 15:17:55.777 D/mdns    ( 4397): Announcing 147.13.16.172.in-addr.arpa. (PTR) 3
11-28 15:17:55.777 D/mdns    ( 4397): Announcing 5.4.5.A.3.0.E.F.F.F.E.0.D.6.2.0.0.0.0.0.0.0.0.0.0.0.0.0.0.8.E.F.ip6.arpa. (PTR) 3
11-28 15:17:55.777 D/mdns    ( 4397): Announcing Android-2.local. (Addr) 3
11-28 15:17:55.777 D/mdns    ( 4397): Announcing Android-2.local. (AAAA) 3
11-28 15:17:55.777 D/mdns    ( 4397): SendResponses put     24 . OPT Max 1440 Vers 0 Seq   0 MAC 00:00:00:00:00:00 I-MAC FF:FF:FF:FF:00:00
11-28 15:17:55.777 D/mdns    ( 4397): SendResponses: Sending 0 Deregistrations, 12 Announcements, 0 Answers, 6 Additionals on 412B7748
11-28 15:17:55.777 D/mdns    ( 4397): SendResponses: Next in 16384 ticks
11-28 15:17:55.777 D/mdns    ( 4397): SocketDataReady got a packet from 172.16.13.147 to 224.0.0.251 on interface 172.16.13.147/wlan0/7/264
11-28 15:17:55.777 D/mdns    ( 4397): Received Response from 172.16.13.147   addressed to 224.0.0.251     on 412B7748 with  0 Questions, 12 Answers,  0 Authorities,  6 Additionals 690 bytes LLQType 0
11-28 15:17:55.787 D/mdns    ( 4397): Found record size   115 interface 412B7748 already in cache:  115 006d0e03a545@MiniMax._raop._tcp.local. TXT ch=2¦cn=0,1¦da=true¦ek=1¦et=0,1¦md=0,1,2¦pw=false¦sm=false¦sr=44100¦ss=16¦sv=false¦tp=UDP¦txtvers=
11-28 15:17:55.787 D/mdns    ( 4397): Found record size    75 interface 412B7748 already in cache:   75 MiniMax._airplay._tcp.local. TXT deviceid=00:6d:0e:03:a5:45¦features=0x2077¦model=AppleTV2,1¦srcvers=101.28
11-28 15:17:55.787 D/mdns    ( 4397): Found record size    78 interface 412B7748 already in cache:   78 5.4.5.A.3.0.E.F.F.F.E.0.D.6.2.0.0.0.0.0.0.0.0.0.0.0.0.0.0.8.E.F.ip6.arpa. NSEC PTR 
11-28 15:17:55.787 D/mdns    ( 4397): SocketDataReady got a packet from FE80:0000:0000:0000:026D:0EFF:FE03:A545 to FF02:0000:0000:0000:0000:0000:0000:00FB on interface 172.16.13.147/wlan0/7/265
11-28 15:17:55.787 D/mdns    ( 4397): Received Response from FE80:0000:0000:0000:026D:0EFF:FE03:A545 addressed to FF02:0000:0000:0000:0000:0000:0000:00FB on 412B7748 with  0 Questions, 12 Answers,  0 Authorities,  6 Additionals 690 bytes LLQType 0
11-28 15:17:55.787 D/mdns    ( 4397): Found record size   115 interface 412B7748 already in cache:  115 006d0e03a545@MiniMax._raop._tcp.local. TXT ch=2¦cn=0,1¦da=true¦ek=1¦et=0,1¦md=0,1,2¦pw=false¦sm=false¦sr=44100¦ss=16¦sv=false¦tp=UDP¦txtvers=
11-28 15:17:55.787 D/mdns    ( 4397): Found record size    75 interface 412B7748 already in cache:   75 MiniMax._airplay._tcp.local. TXT deviceid=00:6d:0e:03:a5:45¦features=0x2077¦model=AppleTV2,1¦srcvers=101.28
11-28 15:17:55.787 D/mdns    ( 4397): Found record size    78 interface 412B7748 already in cache:   78 5.4.5.A.3.0.E.F.F.F.E.0.D.6.2.0.0.0.0.0.0.0.0.0.0.0.0.0.0.8.E.F.ip6.arpa. NSEC PTR 
11-28 15:17:55.827 D/launcher_auto(14128): launcher_auto: sendkey and wait.
11-28 15:17:55.837 D/cocos2d-x debug info(14128): trace_frame: 59.691818
11-28 15:17:55.877 D/mdns    ( 4397): mDNS_Execute
11-28 15:17:55.877 D/mdns    ( 4397): mDNS_Execute: Setting NewLocalRecords to NULL
11-28 15:17:55.957 D/cocos2d-x debug info(14128): trace_frame: 60.344830
11-28 15:17:56.037 D/mdns    ( 4397): SocketDataReady got a packet from 172.16.13.4 to 224.0.0.251 on interface 172.16.13.147/wlan0/7/264
11-28 15:17:56.037 D/mdns    ( 4397): Received Query from 172.16.13.4    :5353  to 224.0.0.251    :5353  on 0x412B7748 with  1 Question,  12 Answers,  0 Authorities,  0 Additionals 520 bytes
11-28 15:17:56.047 D/mdns    ( 4397): SocketDataReady got a packet from FE80:0000:0000:0000:EE35:86FF:FE54:AE58 to FF02:0000:0000:0000:0000:0000:0000:00FB on interface 172.16.13.147/wlan0/7/265
11-28 15:17:56.047 D/mdns    ( 4397): Received Query from FE80:0000:0000:0000:EE35:86FF:FE54:AE58:5353  to FF02:0000:0000:0000:0000:0000:0000:00FB:5353  on 0x412B7748 with  1 Question,  12 Answers,  0 Authorities,  0 Additionals 520 bytes
11-28 15:17:56.047 D/mdns    ( 4397): SocketDataReady got a packet from 172.16.13.146 to 224.0.0.251 on interface 172.16.13.147/wlan0/7/264
11-28 15:17:56.047 D/mdns    ( 4397): Received Response from 172.16.13.146   addressed to 224.0.0.251     on 412B7748 with  0 Questions,  4 Answers,  0 Authorities,  0 Additionals 306 bytes LLQType 0
11-28 15:17:56.057 D/cocos2d-x debug info(14128): trace_frame: 59.651642
11-28 15:17:56.127 D/mdns    ( 4397): SocketDataReady got a packet from 172.16.13.147 to 224.0.0.251 on interface 172.16.13.147/wlan0/7/264
11-28 15:17:56.127 D/mdns    ( 4397): Received Response from 172.16.13.147   addressed to 224.0.0.251     on 412B7748 with  0 Questions,  4 Answers,  0 Authorities,  0 Additionals 303 bytes LLQType 0
11-28 15:17:56.157 D/cocos2d-x debug info(14128): trace_frame: 59.342487
11-28 15:17:56.177 D/dalvikvm(22184): GC_CONCURRENT freed 728K, 19% free 6617K/8116K, paused 2ms+4ms, total 49ms
11-28 15:17:56.237 D/mdns    ( 4397): SocketDataReady got a packet from 172.16.13.146 to 224.0.0.251 on interface 172.16.13.147/wlan0/7/264
11-28 15:17:56.237 D/mdns    ( 4397): Received Response from 172.16.13.146   addressed to 224.0.0.251     on 412B7748 with  0 Questions,  4 Answers,  0 Authorities,  0 Additionals 303 bytes LLQType 0
11-28 15:17:56.247 D/mdns    ( 4397): SocketDataReady got a packet from 172.16.13.203 to 224.0.0.251 on interface 172.16.13.147/wlan0/7/264
11-28 15:17:56.247 D/mdns    ( 4397): Received Response from 172.16.13.203   addressed to 224.0.0.251     on 412B7748 with  0 Questions,  3 Answers,  0 Authorities,  0 Additionals 292 bytes LLQType 0
11-28 15:17:56.247 D/mdns    ( 4397): SocketDataReady got a packet from 172.16.13.187 to 224.0.0.251 on interface 172.16.13.147/wlan0/7/264
11-28 15:17:56.247 D/mdns    ( 4397): Received Response from 172.16.13.187   addressed to 224.0.0.251     on 412B7748 with  0 Questions,  3 Answers,  0 Authorities,  0 Additionals 292 bytes LLQType 0
11-28 15:17:56.247 D/mdns    ( 4397): Found record size   176 interface 412B7748 already in cache:  176 1048b111c283@客厅的小米盒子._raop._tcp.local. TXT tp=UDP¦sm=false¦sv=false¦ek=1¦et=0,3,5¦cn=0,1¦ch=2¦ss=16¦sr=44100¦pw=false¦vn=3¦txtve
11-28 15:17:56.257 D/mdns    ( 4397): SocketDataReady got a packet from 172.16.13.164 to 224.0.0.251 on interface 172.16.13.147/wlan0/7/264
11-28 15:17:56.257 D/mdns    ( 4397): Received Response from 172.16.13.164   addressed to 224.0.0.251     on 412B7748 with  0 Questions,  3 Answers,  0 Authorities,  0 Additionals 292 bytes LLQType 0
11-28 15:17:56.257 D/mdns    ( 4397): Found record size   176 interface 412B7748 already in cache:  176 1048b11ad489@客厅的小米盒子._raop._tcp.local. TXT tp=UDP¦sm=false¦sv=false¦ek=1¦et=0,3,5¦cn=0,1¦ch=2¦ss=16¦sr=44100¦pw=false¦vn=3¦txtve
11-28 15:17:56.257 D/mdns    ( 4397): SocketDataReady got a packet from 172.16.13.193 to 224.0.0.251 on interface 172.16.13.147/wlan0/7/264
11-28 15:17:56.257 D/mdns    ( 4397): Received Response from 172.16.13.193   addressed to 224.0.0.251     on 412B7748 with  0 Questions,  3 Answers,  0 Authorities,  0 Additionals 292 bytes LLQType 0
11-28 15:17:56.257 D/mdns    ( 4397): SocketDataReady got a packet from 172.16.13.131 to 224.0.0.251 on interface 172.16.13.147/wlan0/7/264
11-28 15:17:56.257 D/mdns    ( 4397): Received Response from 172.16.13.131   addressed to 224.0.0.251     on 412B7748 with  0 Questions,  4 Answers,  0 Authorities,  0 Additionals 306 bytes LLQType 0
11-28 15:17:56.267 D/mdns    ( 4397): SocketDataReady got a packet from 172.16.13.167 to 224.0.0.251 on interface 172.16.13.147/wlan0/7/264
11-28 15:17:56.267 D/mdns    ( 4397): Received Response from 172.16.13.167   addressed to 224.0.0.251     on 412B7748 with  0 Questions,  3 Answers,  0 Authorities,  0 Additionals 282 bytes LLQType 0
11-28 15:17:56.267 D/mdns    ( 4397): SocketDataReady got a packet from 172.16.13.34 to 224.0.0.251 on interface 172.16.13.147/wlan0/7/264
11-28 15:17:56.267 D/mdns    ( 4397): Received Response from 172.16.13.34    addressed to 224.0.0.251     on 412B7748 with  0 Questions,  4 Answers,  0 Authorities,  0 Additionals 291 bytes LLQType 0
11-28 15:17:56.267 D/mdns    ( 4397): SocketDataReady got a packet from 172.16.13.14 to 224.0.0.251 on interface 172.16.13.147/wlan0/7/264
11-28 15:17:56.267 D/mdns    ( 4397): Received Response from 172.16.13.14    addressed to 224.0.0.251     on 412B7748 with  0 Questions,  4 Answers,  0 Authorities,  0 Additionals 306 bytes LLQType 0
11-28 15:17:56.277 D/cocos2d-x debug info(14128): trace_frame: 60.706451
11-28 15:17:56.337 D/cocos2d-x debug info(14128): JS: HomeMainScene Key down:156
11-28 15:17:56.337 D/cocos2d-x debug info(14128): JS: FunTableView:onClick key=156, isPress=true
11-28 15:17:56.337 D/cocos2d-x debug info(14128): JS: OnClick: Direction_Left press...
11-28 15:17:56.337 D/cocos2d-x debug info(14128): JS: onKeyPressLeft
11-28 15:17:56.347 D/cocos2d-x debug info(14128): JS: moveFocus
11-28 15:17:56.347 D/cocos2d-x debug info(14128): JS: HomeMovTVCarVarH--setSelectedItem--false
11-28 15:17:56.347 D/cocos2d-x debug info(14128): JS: zhangmd:FunTableView:moveFocus, fromsize is:(340,562),tosize is:(340,562)
11-28 15:17:56.347 D/cocos2d-x debug info(14128): JS:  HomeMainScene Key up:156
11-28 15:17:56.347 D/cocos2d-x debug info(14128): JS: FunTableView:onClick key=156, isPress=false
11-28 15:17:56.387 D/cocos2d-x debug info(14128): trace_frame: 60.171574
11-28 15:17:56.507 D/cocos2d-x debug info(14128): trace_frame: 59.949982
11-28 15:17:56.567 D/cocos2d-x debug info(14128): JS: HomeMovTVCarVarH--setSelectedItem--true
11-28 15:17:56.607 D/cocos2d-x debug info(14128): trace_frame: 59.912529
11-28 15:17:56.647 D/mdns    ( 4397): SocketDataReady got a packet from 172.16.13.14 to 224.0.0.251 on interface 172.16.13.147/wlan0/7/264
11-28 15:17:56.647 D/mdns    ( 4397): Received Response from 172.16.13.14    addressed to 224.0.0.251     on 412B7748 with  0 Questions,  3 Answers,  0 Authorities,  0 Additionals 202 bytes LLQType 0
11-28 15:17:56.717 D/cocos2d-x debug info(14128): trace_frame: 60.126095
11-28 15:17:56.817 D/cocos2d-x debug info(14128): trace_frame: 59.982601
11-28 15:17:56.837 D/launcher_auto(14128): launcher_auto: sendkey and wait.
11-28 15:17:56.937 D/cocos2d-x debug info(14128): trace_frame: 60.015770
11-28 15:17:57.037 D/cocos2d-x debug info(14128): trace_frame: 59.990391
11-28 15:17:57.157 D/cocos2d-x debug info(14128): trace_frame: 60.022461
11-28 15:17:57.257 D/cocos2d-x debug info(14128): trace_frame: 59.990398
11-28 15:17:57.337 D/cocos2d-x debug info(14128): JS: HomeMainScene Key down:156
11-28 15:17:57.337 D/cocos2d-x debug info(14128): JS: FunTableView:onClick key=156, isPress=true
11-28 15:17:57.337 D/cocos2d-x debug info(14128): JS: OnClick: Direction_Left press...
11-28 15:17:57.337 D/cocos2d-x debug info(14128): JS: onKeyPressLeft
11-28 15:17:57.347 D/cocos2d-x debug info(14128): JS: moveFocus
11-28 15:17:57.347 D/cocos2d-x debug info(14128): JS: HomeMovTVCarVarH--setSelectedItem--false
11-28 15:17:57.347 D/cocos2d-x debug info(14128): JS: zhangmd:FunTableView:moveFocus, fromsize is:(340,562),tosize is:(340,562)
11-28 15:17:57.347 D/cocos2d-x debug info(14128): JS:  HomeMainScene Key up:156
11-28 15:17:57.347 D/cocos2d-x debug info(14128): JS: FunTableView:onClick key=156, isPress=false
11-28 15:17:57.357 D/cocos2d-x debug info(14128): trace_frame: 59.411232
11-28 15:17:57.467 D/cocos2d-x debug info(14128): trace_frame: 60.499725
11-28 15:17:57.567 D/cocos2d-x debug info(14128): JS: HomeMovTVCarVarH--setSelectedItem--true
11-28 15:17:57.577 D/cocos2d-x debug info(14128): trace_frame: 59.988003
11-28 15:17:57.687 D/mdns    ( 4397): SocketDataReady got a packet from 172.16.13.203 to 224.0.0.251 on interface 172.16.13.147/wlan0/7/264
11-28 15:17:57.687 D/mdns    ( 4397): Received Response from 172.16.13.203   addressed to 224.0.0.251     on 412B7748 with  0 Questions,  3 Answers,  0 Authorities,  0 Additionals 329 bytes LLQType 0
11-28 15:17:57.687 D/cocos2d-x debug info(14128): trace_frame: 59.912525
11-28 15:17:57.807 D/cocos2d-x debug info(14128): trace_frame: 60.093575
11-28 15:17:57.847 D/launcher_auto(14128): launcher_auto: sendkey and wait.
11-28 15:17:57.917 D/cocos2d-x debug info(14128): trace_frame: 60.003429
11-28 15:17:58.017 D/cocos2d-x debug info(14128): trace_frame: 59.995186
11-28 15:17:58.137 D/cocos2d-x debug info(14128): trace_frame: 59.941261
11-28 15:17:58.257 D/cocos2d-x debug info(14128): trace_frame: 60.056454
11-28 15:17:58.357 D/cocos2d-x debug info(14128): JS: HomeMainScene Key down:156
11-28 15:17:58.357 D/cocos2d-x debug info(14128): JS: FunTableView:onClick key=156, isPress=true
11-28 15:17:58.357 D/cocos2d-x debug info(14128): JS: OnClick: Direction_Left press...
11-28 15:17:58.357 D/cocos2d-x debug info(14128): JS: onKeyPressLeft
11-28 15:17:58.357 D/cocos2d-x debug info(14128): JS: moveFocus
11-28 15:17:58.357 D/cocos2d-x debug info(14128): JS: HomeMovTVCarVarH--setSelectedItem--false
11-28 15:17:58.367 D/cocos2d-x debug info(14128): JS: zhangmd:FunTableView:moveFocus, fromsize is:(340,562),tosize is:(340,562)
11-28 15:17:58.367 D/cocos2d-x debug info(14128): JS:  HomeMainScene Key up:156
11-28 15:17:58.367 D/cocos2d-x debug info(14128): JS: FunTableView:onClick key=156, isPress=false
11-28 15:17:58.367 D/cocos2d-x debug info(14128): trace_frame: 54.197117
11-28 15:17:58.467 D/cocos2d-x debug info(14128): trace_frame: 66.075760
11-28 15:17:58.577 D/cocos2d-x debug info(14128): trace_frame: 59.979607
11-28 15:17:58.587 D/cocos2d-x debug info(14128): JS: HomeMovTVCarVarH--setSelectedItem--true
11-28 15:17:58.667 D/cocos2d-x debug info(14128): trace_frame: 59.980209
11-28 15:17:58.767 D/cocos2d-x debug info(14128): trace_frame: 59.993999
11-28 15:17:58.847 D/launcher_auto(14128): launcher_auto: sendkey and wait.
11-28 15:17:58.887 D/cocos2d-x debug info(14128): trace_frame: 60.050266
11-28 15:17:58.987 D/cocos2d-x debug info(14128): trace_frame: 59.992798
11-28 15:17:59.107 D/cocos2d-x debug info(14128): trace_frame: 59.994171
11-28 15:17:59.217 D/cocos2d-x debug info(14128): trace_frame: 60.005482
11-28 15:17:59.327 D/cocos2d-x debug info(14128): trace_frame: 59.918514
11-28 15:17:59.337 D/mdns    ( 4397): SocketDataReady got a packet from 172.16.13.14 to 224.0.0.251 on interface 172.16.13.147/wlan0/7/264
11-28 15:17:59.337 D/mdns    ( 4397): Received Response from 172.16.13.14    addressed to 224.0.0.251     on 412B7748 with  0 Questions,  3 Answers,  0 Authorities,  0 Additionals 290 bytes LLQType 0
11-28 15:17:59.337 D/mdns    ( 4397): Found record size   176 interface 412B7748 already in cache:  176 1048b11cf011@客厅的小米盒子._raop._tcp.local. TXT tp=UDP¦sm=false¦sv=false¦ek=1¦et=0,3,5¦cn=0,1¦ch=2¦ss=16¦sr=44100¦pw=false¦vn=3¦txtve
11-28 15:17:59.357 D/cocos2d-x debug info(14128): JS: HomeMainScene Key down:156
11-28 15:17:59.357 D/cocos2d-x debug info(14128): JS: FunTableView:onClick key=156, isPress=true
11-28 15:17:59.357 D/cocos2d-x debug info(14128): JS: OnClick: Direction_Left press...
11-28 15:17:59.357 D/cocos2d-x debug info(14128): JS: onKeyPressLeft
11-28 15:17:59.367 D/cocos2d-x debug info(14128): JS: turnPage: toRight false
11-28 15:17:59.367 D/cocos2d-x debug info(14128): JS: jumpFocus
11-28 15:17:59.367 D/cocos2d-x debug info(14128): JS: HomeMovTVCarVarH--setSelectedItem--false
11-28 15:17:59.367 D/cocos2d-x debug info(14128): JS: zhangmd:FunTableView:calculateFullVisibleIndex begain,startidx=20,endidx=24,startidx2=15,endidx2=19
11-28 15:17:59.367 D/cocos2d-x debug info(14128): JS:  HomeMainScene Key up:156
11-28 15:17:59.377 D/cocos2d-x debug info(14128): JS: FunTableView:onClick key=156, isPress=false
11-28 15:17:59.387 D/dalvikvm(22184): GC_CONCURRENT freed 698K, 18% free 6664K/8116K, paused 3ms+5ms, total 57ms
11-28 15:17:59.387 D/cocos2d-x debug info(14128): JS: HomeListAdapter: isItemTypeOf(13)=true
11-28 15:17:59.387 D/cocos2d-x debug info(14128): JS: updateStatus--
11-28 15:17:59.387 D/cocos2d-x debug info(14128): JS: begin home url=http://img.funshion.com/pictures/media/list/114/977/114977_360_504_ott_poster.jpg?1416555966
11-28 15:17:59.387 D/cocos2d-x debug info(14128): JS: mImageNode equal imageInfo.mUrl=http://img.funshion.com/pictures/media/list/114/977/114977_360_504_ott_poster.jpg?1416555966
11-28 15:17:59.387 D/cocos2d-x debug info(14128): JS: funtv.ImageLoader.sImagePath=/data/data/tv.fun.launcher/files/fun_download/e0/4e3c9761e9227f6a5e1723c7c26e90.png
11-28 15:17:59.397 D/cocos2d-x debug info(14128): cocos2d: fullPathForFilename: No file found at Arial. Possible missing file.
11-28 15:17:59.397 D/cocos2d-x debug info(14128): cocos2d: fullPathForFilename: No file found at Arial. Possible missing file.
11-28 15:17:59.427 D/cocos2d-x debug info(14128): JS: ImageLoader:cancelImageLoad url=http://img.funshion.com/pictures/media/list/109/043/109043_360_504_ott_poster.jpg?1407382954
11-28 15:17:59.427 D/cocos2d-x debug info(14128): trace_frame: 49.409557
11-28 15:17:59.457 D/cocos2d-x debug info(14128): JS: HomeListAdapter: isItemTypeOf(12)=true
11-28 15:17:59.457 D/cocos2d-x debug info(14128): JS: updateStatus--
11-28 15:17:59.457 D/cocos2d-x debug info(14128): JS: begin home url=http://img.funshion.com/pictures/media/list/107/885/107885_360_504_ott_poster.jpg?1416678784
11-28 15:17:59.457 D/cocos2d-x debug info(14128): JS: mImageNode equal imageInfo.mUrl=http://img.funshion.com/pictures/media/list/107/885/107885_360_504_ott_poster.jpg?1416678784
11-28 15:17:59.457 D/cocos2d-x debug info(14128): JS: funtv.ImageLoader.sImagePath=/data/data/tv.fun.launcher/files/fun_download/be/e5b32df19a369e82bd7f58fac89d97.png
11-28 15:17:59.467 D/cocos2d-x debug info(14128): cocos2d: fullPathForFilename: No file found at Arial. Possible missing file.
11-28 15:17:59.467 D/cocos2d-x debug info(14128): cocos2d: fullPathForFilename: No file found at Arial. Possible missing file.
11-28 15:17:59.487 D/cocos2d-x debug info(14128): JS: ImageLoader:cancelImageLoad url=http://img.funshion.com/pictures/media/list/109/015/109015_360_504_ott_poster.jpg?1407995770
11-28 15:17:59.527 D/cocos2d-x debug info(14128): JS: HomeListAdapter: isItemTypeOf(11)=true
11-28 15:17:59.527 D/cocos2d-x debug info(14128): JS: updateStatus--
11-28 15:17:59.527 D/cocos2d-x debug info(14128): JS: begin home url=http://img.funshion.com/pictures/media/list/114/040/114040_360_504_ott_poster.jpg?1415806782
11-28 15:17:59.527 D/cocos2d-x debug info(14128): JS: mImageNode equal imageInfo.mUrl=http://img.funshion.com/pictures/media/list/114/040/114040_360_504_ott_poster.jpg?1415806782
11-28 15:17:59.527 D/cocos2d-x debug info(14128): JS: funtv.ImageLoader.sImagePath=/data/data/tv.fun.launcher/files/fun_download/e6/5da6d05f5cbe19bca0e35fe0a5f184.png
11-28 15:17:59.537 D/cocos2d-x debug info(14128): cocos2d: fullPathForFilename: No file found at Arial. Possible missing file.
11-28 15:17:59.537 D/cocos2d-x debug info(14128): cocos2d: fullPathForFilename: No file found at Arial. Possible missing file.
11-28 15:17:59.547 D/cocos2d-x debug info(14128): trace_frame: 56.647594
11-28 15:17:59.557 D/cocos2d-x debug info(14128): JS: ImageLoader:cancelImageLoad url=http://img.funshion.com/pictures/media/list/111/823/111823_360_504_ott_poster.jpg?1408092766
11-28 15:17:59.587 D/cocos2d-x debug info(14128): JS: HomeListAdapter: isItemTypeOf(10)=true
11-28 15:17:59.587 D/cocos2d-x debug info(14128): JS: updateStatus--
11-28 15:17:59.597 D/cocos2d-x debug info(14128): JS: begin home url=http://img.funshion.com/pictures/media/list/108/657/108657_360_504_ott_poster.jpg?1415929287
11-28 15:17:59.597 D/JniHelper(14128): JniHelper::getJavaVM(), pthread_self() = 1529184920
11-28 15:17:59.597 D/cocos2d-x debug info(14128): JS: end home url=http://img.funshion.com/pictures/media/list/108/657/108657_360_504_ott_poster.jpg?1415929287
11-28 15:17:59.607 D/cocos2d-x debug info(14128): cocos2d: fullPathForFilename: No file found at Arial. Possible missing file.
11-28 15:17:59.607 D/cocos2d-x debug info(14128): cocos2d: fullPathForFilename: No file found at Arial. Possible missing file.
11-28 15:17:59.627 D/cocos2d-x debug info(14128): JS: funtv.ImageLoader.sImagePath=/data/data/tv.fun.launcher/files/fun_download/a6/eae6dd14cc43ca4e9164b79c316a65.png
11-28 15:17:59.627 D/cocos2d-x debug info(14128): nativeTes2Callback  [002]funtv.ImageLoader.imageCallback('/data/data/tv.fun.launcher/files/fun_download/a6/eae6dd14cc43ca4e9164b79c316a65.png', 0, 114)
11-28 15:17:59.637 D/cocos2d-x debug info(14128): JS: ImageLoader:cancelImageLoad url=http://img.funshion.com/pictures/media/list/106/356/106356_360_504_ott_poster.jpg?1416968683
11-28 15:17:59.637 D/cocos2d-x debug info(14128): trace_frame: 45.635849
11-28 15:17:59.687 D/cocos2d-x debug info(14128): JS: HomeListAdapter: isItemTypeOf(9)=true
11-28 15:17:59.687 D/cocos2d-x debug info(14128): JS: updateStatus--
11-28 15:17:59.687 D/cocos2d-x debug info(14128): JS: begin home url=http://img.funshion.com/pictures/media/list/112/833/112833_360_504_ott_poster.jpg?1415986515
11-28 15:17:59.687 D/JniHelper(14128): JniHelper::getJavaVM(), pthread_self() = 1529184920
11-28 15:17:59.697 D/cocos2d-x debug info(14128): JS: end home url=http://img.funshion.com/pictures/media/list/112/833/112833_360_504_ott_poster.jpg?1415986515
11-28 15:17:59.707 D/cocos2d-x debug info(14128): cocos2d: fullPathForFilename: No file found at Arial. Possible missing file.
11-28 15:17:59.707 D/cocos2d-x debug info(14128): cocos2d: fullPathForFilename: No file found at Arial. Possible missing file.
11-28 15:17:59.737 D/dalvikvm(14128): GC_CONCURRENT freed 1193K, 57% free 8137K/18508K, paused 2ms+3ms, total 25ms
11-28 15:17:59.737 D/dalvikvm(14128): WAIT_FOR_CONCURRENT_GC blocked 23ms
11-28 15:17:59.747 D/cocos2d-x debug info(14128): JS: funtv.ImageLoader.sImagePath=/data/data/tv.fun.launcher/files/fun_download/b0/359a27fd3f9d17d9eef4556d7667fa.png
11-28 15:17:59.747 D/cocos2d-x debug info(14128): nativeTes2Callback  [001]funtv.ImageLoader.imageCallback('/data/data/tv.fun.launcher/files/fun_download/b0/359a27fd3f9d17d9eef4556d7667fa.png', 0, 115)
11-28 15:17:59.747 D/cocos2d-x debug info(14128): JS: ImageLoader:cancelImageLoad url=http://img.funshion.com/pictures/media/list/104/848/104848_360_504_ott_poster.jpg?1416845927
11-28 15:17:59.747 D/cocos2d-x debug info(14128): trace_frame: 37.356644
11-28 15:17:59.857 D/launcher_auto(14128): launcher_auto: sendkey and wait.
11-28 15:17:59.857 D/cocos2d-x debug info(14128): trace_frame: 63.769123
11-28 15:17:59.887 D/cocos2d-x debug info(14128): JS: HomeMovTVCarVarH--setSelectedItem--true
11-28 15:17:59.887 D/cocos2d-x debug info(14128): JS: HomeListAdapter: onTurnPage
11-28 15:17:59.887 D/JniHelper(14128): JniHelper::getJavaVM(), pthread_self() = 1529184920
11-28 15:17:59.897 D/cocos2d-x debug info(14128): cocos2d: TextureCache: removing unused texture: /data/data/tv.fun.launcher/files/fun_download/67/e0f2a46b32a3facd1179c30c6998e6.png
11-28 15:17:59.897 D/cocos2d-x debug info(14128): cocos2d: TextureCache: removing unused texture: /data/data/tv.fun.launcher/files/fun_download/09/354869f06018ee57bc531cc6c741d1.png
11-28 15:17:59.897 D/cocos2d-x debug info(14128): cocos2d: TextureCache: removing unused texture: /data/data/tv.fun.launcher/files/fun_download/d0/da8562a862e3adfb5ae1a8c82d8f8b.png
11-28 15:17:59.897 D/cocos2d-x debug info(14128): cocos2d: TextureCache: removing unused texture: /data/data/tv.fun.launcher/files/fun_download/a5/6b1800ea2391fa9df5cdb2195ad87a.png
11-28 15:17:59.977 D/cocos2d-x debug info(14128): trace_frame: 60.105438
11-28 15:18:00.027 D/XiriVideoService( 5359): --->onReceive
11-28 15:18:00.037 D/ACTION_TIME_TICK( 5359): Get_TIME_TICK
11-28 15:18:00.087 D/cocos2d-x debug info(14128): trace_frame: 60.069862
11-28 15:18:00.187 D/cocos2d-x debug info(14128): trace_frame: 59.620811
11-28 15:18:00.307 D/cocos2d-x debug info(14128): trace_frame: 59.836731
11-28 15:18:00.367 D/cocos2d-x debug info(14128): JS: HomeMainScene Key down:156
11-28 15:18:00.367 D/cocos2d-x debug info(14128): JS: FunTableView:onClick key=156, isPress=true
11-28 15:18:00.367 D/cocos2d-x debug info(14128): JS: OnClick: Direction_Left press...
11-28 15:18:00.367 D/cocos2d-x debug info(14128): JS: onKeyPressLeft
11-28 15:18:00.377 D/cocos2d-x debug info(14128): JS: moveFocus
11-28 15:18:00.377 D/cocos2d-x debug info(14128): JS: HomeMovTVCarVarH--setSelectedItem--false
11-28 15:18:00.377 D/cocos2d-x debug info(14128): JS: zhangmd:FunTableView:moveFocus, fromsize is:(340,562),tosize is:(340,562)
11-28 15:18:00.377 D/cocos2d-x debug info(14128): JS:  HomeMainScene Key up:156
11-28 15:18:00.377 D/cocos2d-x debug info(14128): JS: FunTableView:onClick key=156, isPress=false
11-28 15:18:00.427 D/cocos2d-x debug info(14128): trace_frame: 60.416698
11-28 15:18:00.537 D/cocos2d-x debug info(14128): trace_frame: 59.959232
11-28 15:18:00.607 D/cocos2d-x debug info(14128): JS: HomeMovTVCarVarH--setSelectedItem--true
11-28 15:18:00.657 D/cocos2d-x debug info(14128): trace_frame: 60.109570
11-28 15:18:00.757 D/cocos2d-x debug info(14128): trace_frame: 59.965221
11-28 15:18:00.857 D/cocos2d-x debug info(14128): trace_frame: 59.992199
11-28 15:18:00.857 D/launcher_auto(14128): launcher_auto: sendkey and wait.
11-28 15:18:00.967 D/cocos2d-x debug info(14128): trace_frame: 59.984406
11-28 15:18:01.087 D/cocos2d-x debug info(14128): trace_frame: 60.044079
11-28 15:18:01.187 D/cocos2d-x debug info(14128): trace_frame: 59.161682
11-28 15:18:01.217 D/dalvikvm(22184): GC_CONCURRENT freed 790K, 18% free 6704K/8136K, paused 3ms+5ms, total 50ms
11-28 15:18:01.217 D/dalvikvm(22184): WAIT_FOR_CONCURRENT_GC blocked 14ms
11-28 15:18:01.307 D/cocos2d-x debug info(14128): trace_frame: 60.736481
11-28 15:18:01.367 D/cocos2d-x debug info(14128): JS: HomeMainScene Key down:156
11-28 15:18:01.367 D/cocos2d-x debug info(14128): JS: FunTableView:onClick key=156, isPress=true
11-28 15:18:01.377 D/cocos2d-x debug info(14128): JS: OnClick: Direction_Left press...
11-28 15:18:01.377 D/cocos2d-x debug info(14128): JS: onKeyPressLeft
11-28 15:18:01.377 D/cocos2d-x debug info(14128): JS: moveFocus
11-28 15:18:01.377 D/cocos2d-x debug info(14128): JS: HomeMovTVCarVarH--setSelectedItem--false
11-28 15:18:01.377 D/cocos2d-x debug info(14128): JS: zhangmd:FunTableView:moveFocus, fromsize is:(340,562),tosize is:(340,562)
11-28 15:18:01.377 D/cocos2d-x debug info(14128): JS:  HomeMainScene Key up:156
11-28 15:18:01.377 D/cocos2d-x debug info(14128): JS: FunTableView:onClick key=156, isPress=false
11-28 15:18:01.407 D/cocos2d-x debug info(14128): trace_frame: 59.948441
11-28 15:18:01.507 D/cocos2d-x debug info(14128): trace_frame: 59.970013
11-28 15:18:01.607 D/cocos2d-x debug info(14128): JS: HomeMovTVCarVarH--setSelectedItem--true
11-28 15:18:01.607 D/cocos2d-x debug info(14128): trace_frame: 59.130192
11-28 15:18:01.717 D/cocos2d-x debug info(14128): trace_frame: 60.815102
11-28 15:18:01.827 D/cocos2d-x debug info(14128): trace_frame: 58.988926
11-28 15:18:01.847 D/dalvikvm(22184): GC_FOR_ALLOC freed 737K, 19% free 6633K/8180K, paused 46ms, total 46ms
11-28 15:18:01.867 D/launcher_auto(14128): launcher_auto: sendkey and wait.
11-28 15:18:01.897 D/dalvikvm(22184): GC_FOR_ALLOC freed 44K, 19% free 6627K/8180K, paused 42ms, total 42ms
11-28 15:18:01.927 D/cocos2d-x debug info(14128): trace_frame: 59.961021
11-28 15:18:01.937 D/dalvikvm(22184): GC_FOR_ALLOC freed 101K, 20% free 6604K/8180K, paused 40ms, total 40ms
11-28 15:18:01.997 D/dalvikvm(22184): GC_FOR_ALLOC freed 207K, 20% free 6567K/8180K, paused 42ms, total 42ms
11-28 15:18:02.037 D/cocos2d-x debug info(14128): trace_frame: 60.220253
11-28 15:18:02.157 D/cocos2d-x debug info(14128): trace_frame: 60.726990
11-28 15:18:02.257 D/cocos2d-x debug info(14128): trace_frame: 59.959232
11-28 15:18:02.367 D/cocos2d-x debug info(14128): JS: HomeMainScene Key down:156
11-28 15:18:02.367 D/cocos2d-x debug info(14128): JS: FunTableView:onClick key=156, isPress=true
11-28 15:18:02.377 D/cocos2d-x debug info(14128): JS: OnClick: Direction_Left press...
11-28 15:18:02.377 D/cocos2d-x debug info(14128): JS: onKeyPressLeft
11-28 15:18:02.377 D/cocos2d-x debug info(14128): JS: moveFocus
11-28 15:18:02.377 D/cocos2d-x debug info(14128): JS: HomeMovTVCarVarH--setSelectedItem--false
11-28 15:18:02.377 D/cocos2d-x debug info(14128): JS: zhangmd:FunTableView:moveFocus, fromsize is:(340,562),tosize is:(340,562)
11-28 15:18:02.377 D/cocos2d-x debug info(14128): JS:  HomeMainScene Key up:156
11-28 15:18:02.377 D/cocos2d-x debug info(14128): JS: FunTableView:onClick key=156, isPress=false
11-28 15:18:02.387 D/cocos2d-x debug info(14128): trace_frame: 54.746956
11-28 15:18:02.487 D/cocos2d-x debug info(14128): trace_frame: 66.403580
11-28 15:18:02.587 D/cocos2d-x debug info(14128): trace_frame: 59.994595
11-28 15:18:02.607 D/cocos2d-x debug info(14128): JS: HomeMovTVCarVarH--setSelectedItem--true
11-28 15:18:02.707 D/cocos2d-x debug info(14128): trace_frame: 60.029160
11-28 15:18:02.807 D/cocos2d-x debug info(14128): trace_frame: 59.984398
11-28 15:18:02.867 D/launcher_auto(14128): launcher_auto: sendkey and wait.
11-28 15:18:02.907 D/cocos2d-x debug info(14128): trace_frame: 59.993401
11-28 15:18:03.007 D/cocos2d-x debug info(14128): trace_frame: 59.996414
11-28 15:18:03.107 D/cocos2d-x debug info(14128): trace_frame: 59.987999
11-28 15:18:03.207 D/cocos2d-x debug info(14128): trace_frame: 59.886814
11-28 15:18:03.317 D/cocos2d-x debug info(14128): trace_frame: 60.142620
11-28 15:18:03.377 D/cocos2d-x debug info(14128): JS: HomeMainScene Key down:156
11-28 15:18:03.377 D/cocos2d-x debug info(14128): JS: FunTableView:onClick key=156, isPress=true
11-28 15:18:03.377 D/cocos2d-x debug info(14128): JS: OnClick: Direction_Left press...
11-28 15:18:03.377 D/cocos2d-x debug info(14128): JS: onKeyPressLeft
11-28 15:18:03.377 D/cocos2d-x debug info(14128): JS: moveFocus
11-28 15:18:03.377 D/cocos2d-x debug info(14128): JS: HomeMovTVCarVarH--setSelectedItem--false
11-28 15:18:03.377 D/cocos2d-x debug info(14128): JS: zhangmd:FunTableView:moveFocus, fromsize is:(340,562),tosize is:(340,562)
11-28 15:18:03.377 D/cocos2d-x debug info(14128): JS:  HomeMainScene Key up:156
11-28 15:18:03.387 D/cocos2d-x debug info(14128): JS: FunTableView:onClick key=156, isPress=false
11-28 15:18:03.427 D/cocos2d-x debug info(14128): trace_frame: 59.918514
11-28 15:18:03.527 D/cocos2d-x debug info(14128): trace_frame: 59.744293
11-28 15:18:03.567 D/dalvikvm(22184): GC_CONCURRENT freed 637K, 19% free 6652K/8180K, paused 3ms+5ms, total 55ms
11-28 15:18:03.607 D/cocos2d-x debug info(14128): JS: HomeMovTVCarVarH--setSelectedItem--true
