11-28 15:23:26.787 D/cocos2d-x debug info(14128): trace_frame: 42.945000
11-28 15:23:26.907 D/cocos2d-x debug info(14128): trace_frame: 60.105953
11-28 15:23:27.007 D/cocos2d-x debug info(14128): trace_frame: 59.968807
11-28 15:23:27.117 D/cocos2d-x debug info(14128): trace_frame: 60.005486
11-28 15:23:27.237 D/cocos2d-x debug info(14128): trace_frame: 60.035851
11-28 15:23:27.257 D/cocos2d-x debug info(14128): JS: keyCode : 157
11-28 15:23:27.257 D/cocos2d-x debug info(14128): JS: =======================switchMenu turnLeft : false
11-28 15:23:27.257 D/cocos2d-x debug info(14128): JS: switchMenuState31 currentIndex:2moveDis:768
11-28 15:23:27.257 D/cocos2d-x debug info(14128): JS: =======================switchMenu turnRight time is : 3
11-28 15:23:27.337 D/cocos2d-x debug info(14128): trace_frame: 59.993397
11-28 15:23:27.377 D/cocos2d-x debug info(14128): JS: =======================switchMenuState after getLocalAppsInfo time is : 117
11-28 15:23:27.377 D/cocos2d-x debug info(14128): JS: switchMenuState, lastIndex = 1, currentIndex = 2
11-28 15:23:27.437 D/cocos2d-x debug info(14128): trace_frame: 59.986202
11-28 15:23:27.487 D/cocos2d-x debug info(14128): JS: =======================switchMenuState reloadTabData2
11-28 15:23:27.487 D/cocos2d-x debug info(14128): JS: setData[object Object],[object Object],[object Object],[object Object],[object Object],[object Object],[object Object],[object Object],[object Object]
11-28 15:23:27.487 D/cocos2d-x debug info(14128): JS: this.mFocusImage.x327.5 y:212
11-28 15:23:27.487 D/cocos2d-x debug info(14128): JS: setAppServerInfo appServerInfo : [object Object]
11-28 15:23:27.497 D/cocos2d-x debug info(14128): JS: launcherAppAdapter updateData cell0
11-28 15:23:27.497 D/cocos2d-x debug info(14128): JS: launcherAppAdapter fillData cell0
11-28 15:23:27.497 D/cocos2d-x debug info(14128): JS: this.mData.length90
11-28 15:23:27.497 D/JniHelper(14128): JniHelper::getJavaVM(), pthread_self() = 1529184920
11-28 15:23:27.497 D/FileUtil(14128): getImageFilePathByUrl, url is http://172.16.12.58:8080/meedo-img/83fd98/c4ca42/poster_193PET5MP9JIR_9208c65365a271fde2ef7dfc502240981b97b6e2.png
11-28 15:23:27.497 D/FileUtil(14128): getImageFilePathByUrl, fileName is poster_193PET5MP9JIR_9208c65365a271fde2ef7dfc502240981b97b6e2.png
11-28 15:23:27.497 D/JniHelper(14128): JniHelper::getJavaVM(), pthread_self() = 1529184920
11-28 15:23:27.497 D/cocos2d-x debug info(14128): JS: updateAppInfoStateAndProgress downloadState : 1
11-28 15:23:27.497 D/cocos2d-x debug info(14128): JS: setAppServerInfo appServerInfo : [object Object]
11-28 15:23:27.507 D/cocos2d-x debug info(14128): JS: launcherAppAdapter updateData cell1
11-28 15:23:27.507 D/cocos2d-x debug info(14128): JS: launcherAppAdapter fillData cell1
11-28 15:23:27.507 D/cocos2d-x debug info(14128): JS: this.mData.length91
11-28 15:23:27.507 D/JniHelper(14128): JniHelper::getJavaVM(), pthread_self() = 1529184920
11-28 15:23:27.507 D/FileUtil(14128): getImageFilePathByUrl, url is http://172.16.12.58:8080/meedo-img/a0434e/b6d767/poster_1944JRDNTLUDG_贝瓦儿歌.png
11-28 15:23:27.507 D/FileUtil(14128): getImageFilePathByUrl, fileName is poster_1944JRDNTLUDG_贝瓦儿歌.png
11-28 15:23:27.507 D/JniHelper(14128): JniHelper::getJavaVM(), pthread_self() = 1529184920
11-28 15:23:27.517 D/cocos2d-x debug info(14128): JS: updateAppInfoStateAndProgress downloadState : 1
11-28 15:23:27.517 D/cocos2d-x debug info(14128): JS: setAppServerInfo appServerInfo : [object Object]
11-28 15:23:27.517 D/cocos2d-x debug info(14128): JS: launcherAppAdapter updateData cell2
11-28 15:23:27.517 D/cocos2d-x debug info(14128): JS: launcherAppAdapter fillData cell2
11-28 15:23:27.517 D/cocos2d-x debug info(14128): JS: this.mData.length92
11-28 15:23:27.517 D/JniHelper(14128): JniHelper::getJavaVM(), pthread_self() = 1529184920
11-28 15:23:27.517 D/FileUtil(14128): getImageFilePathByUrl, url is http://172.16.12.58:8080/meedo-img/b22c66/c81e72/poster_197QFGFL1SLNC.png
11-28 15:23:27.517 D/FileUtil(14128): getImageFilePathByUrl, fileName is poster_197QFGFL1SLNC.png
11-28 15:23:27.527 D/JniHelper(14128): JniHelper::getJavaVM(), pthread_self() = 1529184920
11-28 15:23:27.527 D/cocos2d-x debug info(14128): JS: updateAppInfoStateAndProgress downloadState : 1
11-28 15:23:27.527 D/cocos2d-x debug info(14128): JS: setAppServerInfo appServerInfo : [object Object]
11-28 15:23:27.527 D/cocos2d-x debug info(14128): JS: launcherAppAdapter updateData cell3
11-28 15:23:27.527 D/cocos2d-x debug info(14128): JS: launcherAppAdapter fillData cell3
11-28 15:23:27.527 D/cocos2d-x debug info(14128): JS: this.mData.length93
11-28 15:23:27.537 D/JniHelper(14128): JniHelper::getJavaVM(), pthread_self() = 1529184920
11-28 15:23:27.537 D/FileUtil(14128): getImageFilePathByUrl, url is http://172.16.12.58:8080/meedo-img/69d678/c4ca42/poster_193PF0ADD66AI_youku_2.5.0.png
11-28 15:23:27.537 D/FileUtil(14128): getImageFilePathByUrl, fileName is poster_193PF0ADD66AI_youku_2.5.0.png
11-28 15:23:27.537 D/JniHelper(14128): JniHelper::getJavaVM(), pthread_self() = 1529184920
11-28 15:23:27.537 D/cocos2d-x debug info(14128): JS: updateAppInfoStateAndProgress downloadState : 1
11-28 15:23:27.537 D/cocos2d-x debug info(14128): JS: setAppServerInfo appServerInfo : [object Object]
11-28 15:23:27.537 D/cocos2d-x debug info(14128): JS: launcherAppAdapter updateData cell4
11-28 15:23:27.547 D/cocos2d-x debug info(14128): JS: launcherAppAdapter fillData cell4
11-28 15:23:27.547 D/cocos2d-x debug info(14128): JS: this.mData.length94
11-28 15:23:27.547 D/JniHelper(14128): JniHelper::getJavaVM(), pthread_self() = 1529184920
11-28 15:23:27.547 D/FileUtil(14128): getImageFilePathByUrl, url is http://172.16.12.58:8080/meedo-img/cc5b6e/a9b7ba/poster_193PFDJGPF2V1_fengxin_dianying_logo.png
11-28 15:23:27.547 D/FileUtil(14128): getImageFilePathByUrl, fileName is poster_193PFDJGPF2V1_fengxin_dianying_logo.png
11-28 15:23:27.547 D/JniHelper(14128): JniHelper::getJavaVM(), pthread_self() = 1529184920
11-28 15:23:27.547 D/cocos2d-x debug info(14128): JS: updateAppInfoStateAndProgress downloadState : 1
11-28 15:23:27.557 D/cocos2d-x debug info(14128): JS: setAppServerInfo appServerInfo : [object Object]
11-28 15:23:27.557 D/cocos2d-x debug info(14128): JS: launcherAppAdapter updateData cell5
11-28 15:23:27.557 D/cocos2d-x debug info(14128): JS: launcherAppAdapter fillData cell5
11-28 15:23:27.557 D/cocos2d-x debug info(14128): JS: this.mData.length95
11-28 15:23:27.557 D/JniHelper(14128): JniHelper::getJavaVM(), pthread_self() = 1529184920
11-28 15:23:27.557 D/FileUtil(14128): getImageFilePathByUrl, url is http://172.16.12.58:8080/meedo-img/834661/c4ca42/poster_193PEUU07MVI3_71bea120c2e672b01660a8a844c8055b.png
11-28 15:23:27.567 D/FileUtil(14128): getImageFilePathByUrl, fileName is poster_193PEUU07MVI3_71bea120c2e672b01660a8a844c8055b.png
11-28 15:23:27.567 D/JniHelper(14128): JniHelper::getJavaVM(), pthread_self() = 1529184920
11-28 15:23:27.567 D/cocos2d-x debug info(14128): JS: updateAppInfoStateAndProgress downloadState : 1
11-28 15:23:27.587 D/cocos2d-x debug info(14128): JS: switchMenuState, setNotFadingIn
11-28 15:23:27.597 D/cocos2d-x debug info(14128): JS: LRUCache, contains key /data/data/tv.fun.launcher/cache/poster_193PET5MP9JIR_9208c65365a271fde2ef7dfc502240981b97b6e2.png
11-28 15:23:27.597 D/cocos2d-x debug info(14128): trace_frame: 26.589733
11-28 15:23:27.607 D/cocos2d-x debug info(14128): JS: LRUCache, contains key /data/data/tv.fun.launcher/cache/poster_1944JRDNTLUDG_贝瓦儿歌.png
11-28 15:23:27.627 D/cocos2d-x debug info(14128): JS: LRUCache, contains key /data/data/tv.fun.launcher/cache/poster_197QFGFL1SLNC.png
11-28 15:23:27.647 D/cocos2d-x debug info(14128): JS: LRUCache, contains key /data/data/tv.fun.launcher/cache/poster_193PF0ADD66AI_youku_2.5.0.png
11-28 15:23:27.657 D/cocos2d-x debug info(14128): JS: LRUCache, contains key /data/data/tv.fun.launcher/cache/poster_193PFDJGPF2V1_fengxin_dianying_logo.png
11-28 15:23:27.677 D/cocos2d-x debug info(14128): JS: LRUCache, contains key /data/data/tv.fun.launcher/cache/poster_193PEUU07MVI3_71bea120c2e672b01660a8a844c8055b.png
11-28 15:23:27.687 D/cocos2d-x debug info(14128): trace_frame: 58.784344
11-28 15:23:27.747 D/launcher_auto(14128): launcher_auto: sendkey and wait.
11-28 15:23:27.807 D/cocos2d-x debug info(14128): trace_frame: 61.275581
11-28 15:23:27.917 D/cocos2d-x debug info(14128): trace_frame: 60.042027
11-28 15:23:28.007 D/mdns    ( 4397): SocketDataReady got a packet from 172.16.13.167 to 224.0.0.251 on interface 172.16.13.147/wlan0/7/308
11-28 15:23:28.007 D/mdns    ( 4397): Received Response from 172.16.13.167   addressed to 224.0.0.251     on 412BA7A0 with  0 Questions,  3 Answers,  0 Authorities,  0 Additionals 218 bytes LLQType 0
11-28 15:23:28.027 D/cocos2d-x debug info(14128): trace_frame: 59.273300
11-28 15:23:28.137 D/cocos2d-x debug info(14128): trace_frame: 60.657001
11-28 15:23:28.237 D/cocos2d-x debug info(14128): trace_frame: 59.999405
11-28 15:23:28.257 D/cocos2d-x debug info(14128): JS: keyCode : 157
11-28 15:23:28.257 D/cocos2d-x debug info(14128): JS: =======================switchMenu turnLeft : false
11-28 15:23:28.257 D/cocos2d-x debug info(14128): JS: switchMenuState32 currentIndex:3moveDis:1014
11-28 15:23:28.257 D/cocos2d-x debug info(14128): JS: =======================switchMenu turnRight time is : 3
11-28 15:23:28.337 D/cocos2d-x debug info(14128): trace_frame: 59.991001
11-28 15:23:28.367 D/cocos2d-x debug info(14128): JS: =======================switchMenuState after getLocalAppsInfo time is : 116
11-28 15:23:28.377 D/cocos2d-x debug info(14128): JS: switchMenuState, lastIndex = 2, currentIndex = 3
11-28 15:23:28.437 D/cocos2d-x debug info(14128): trace_frame: 59.996994
11-28 15:23:28.467 D/cocos2d-x debug info(14128): JS: =======================switchMenuState reloadTabData2
11-28 15:23:28.467 D/cocos2d-x debug info(14128): JS: setData[object Object],[object Object],[object Object],[object Object],[object Object],[object Object],[object Object],[object Object],[object Object],[object Object],[object Object]
11-28 15:23:28.477 D/cocos2d-x debug info(14128): JS: this.mFocusImage.x327.5 y:212
11-28 15:23:28.477 D/cocos2d-x debug info(14128): JS: setAppServerInfo appServerInfo : [object Object]
11-28 15:23:28.477 D/cocos2d-x debug info(14128): JS: launcherAppAdapter updateData cell0
11-28 15:23:28.477 D/cocos2d-x debug info(14128): JS: launcherAppAdapter fillData cell0
11-28 15:23:28.477 D/cocos2d-x debug info(14128): JS: this.mData.length110
11-28 15:23:28.477 D/JniHelper(14128): JniHelper::getJavaVM(), pthread_self() = 1529184920
11-28 15:23:28.477 D/FileUtil(14128): getImageFilePathByUrl, url is http://172.16.12.58:8080/meedo-img/2cc738/c81e72/poster_1944K8JIGMK9M_美食杰TV版.png
11-28 15:23:28.477 D/FileUtil(14128): getImageFilePathByUrl, fileName is poster_1944K8JIGMK9M_美食杰TV版.png
11-28 15:23:28.477 D/cocos2d-x debug info(14128): JS: LRUCache, contains key /data/data/tv.fun.launcher/cache/poster_1944K8JIGMK9M_美食杰TV版.png
11-28 15:23:28.487 D/JniHelper(14128): JniHelper::getJavaVM(), pthread_self() = 1529184920
11-28 15:23:28.487 D/cocos2d-x debug info(14128): JS: updateAppInfoStateAndProgress downloadState : 1
11-28 15:23:28.487 D/cocos2d-x debug info(14128): JS: setAppServerInfo appServerInfo : [object Object]
11-28 15:23:28.487 D/cocos2d-x debug info(14128): JS: launcherAppAdapter updateData cell1
11-28 15:23:28.487 D/cocos2d-x debug info(14128): JS: launcherAppAdapter fillData cell1
11-28 15:23:28.487 D/cocos2d-x debug info(14128): JS: this.mData.length111
11-28 15:23:28.487 D/JniHelper(14128): JniHelper::getJavaVM(), pthread_self() = 1529184920
11-28 15:23:28.487 D/FileUtil(14128): getImageFilePathByUrl, url is http://172.16.12.58:8080/meedo-img/c97437/167909/poster_1944KI1R9ORE8_万年历.png
11-28 15:23:28.497 D/FileUtil(14128): getImageFilePathByUrl, fileName is poster_1944KI1R9ORE8_万年历.png
11-28 15:23:28.497 D/JniHelper(14128): JniHelper::getJavaVM(), pthread_self() = 1529184920
11-28 15:23:28.497 D/cocos2d-x debug info(14128): JS: updateAppInfoStateAndProgress downloadState : 1
11-28 15:23:28.497 D/cocos2d-x debug info(14128): JS: setAppServerInfo appServerInfo : [object Object]
11-28 15:23:28.497 D/cocos2d-x debug info(14128): JS: launcherAppAdapter updateData cell2
11-28 15:23:28.497 D/cocos2d-x debug info(14128): JS: launcherAppAdapter fillData cell2
11-28 15:23:28.497 D/cocos2d-x debug info(14128): JS: this.mData.length112
11-28 15:23:28.507 D/JniHelper(14128): JniHelper::getJavaVM(), pthread_self() = 1529184920
11-28 15:23:28.507 D/FileUtil(14128): getImageFilePathByUrl, url is http://172.16.12.58:8080/meedo-img/029d27/7dcd34/poster_1944K4NN518LM_春雨医生TV.png
11-28 15:23:28.507 D/FileUtil(14128): getImageFilePathByUrl, fileName is poster_1944K4NN518LM_春雨医生TV.png
11-28 15:23:28.507 D/cocos2d-x debug info(14128): JS: LRUCache, contains key /data/data/tv.fun.launcher/cache/poster_1944K4NN518LM_春雨医生TV.png
11-28 15:23:28.507 D/JniHelper(14128): JniHelper::getJavaVM(), pthread_self() = 1529184920
11-28 15:23:28.507 D/cocos2d-x debug info(14128): JS: updateAppInfoStateAndProgress downloadState : 1
11-28 15:23:28.517 D/cocos2d-x debug info(14128): JS: setAppServerInfo appServerInfo : [object Object]
11-28 15:23:28.517 D/cocos2d-x debug info(14128): JS: launcherAppAdapter updateData cell3
11-28 15:23:28.517 D/cocos2d-x debug info(14128): JS: launcherAppAdapter fillData cell3
11-28 15:23:28.517 D/cocos2d-x debug info(14128): JS: this.mData.length113
11-28 15:23:28.517 D/JniHelper(14128): JniHelper::getJavaVM(), pthread_self() = 1529184920
11-28 15:23:28.517 D/FileUtil(14128): getImageFilePathByUrl, url is http://172.16.12.58:8080/meedo-img/d7a146/c4ca42/poster_193PGO82FFCFM_3ceef2628207244725568320083459ef.png
11-28 15:23:28.517 D/FileUtil(14128): getImageFilePathByUrl, fileName is poster_193PGO82FFCFM_3ceef2628207244725568320083459ef.png
11-28 15:23:28.527 D/JniHelper(14128): JniHelper::getJavaVM(), pthread_self() = 1529184920
11-28 15:23:28.527 D/cocos2d-x debug info(14128): JS: updateAppInfoStateAndProgress downloadState : 1
11-28 15:23:28.527 D/cocos2d-x debug info(14128): JS: setAppServerInfo appServerInfo : [object Object]
11-28 15:23:28.527 D/cocos2d-x debug info(14128): JS: launcherAppAdapter updateData cell4
11-28 15:23:28.527 D/cocos2d-x debug info(14128): JS: launcherAppAdapter fillData cell4
11-28 15:23:28.527 D/cocos2d-x debug info(14128): JS: this.mData.length114
11-28 15:23:28.537 D/JniHelper(14128): JniHelper::getJavaVM(), pthread_self() = 1529184920
11-28 15:23:28.537 D/FileUtil(14128): getImageFilePathByUrl, url is http://172.16.12.58:8080/meedo-img/ba9681/c4ca42/poster_193PGSN6HO3L_b45c3c7e2b6fe877bf8e694029de38d1.png
11-28 15:23:28.537 D/FileUtil(14128): getImageFilePathByUrl, fileName is poster_193PGSN6HO3L_b45c3c7e2b6fe877bf8e694029de38d1.png
11-28 15:23:28.537 D/JniHelper(14128): JniHelper::getJavaVM(), pthread_self() = 1529184920
11-28 15:23:28.537 D/cocos2d-x debug info(14128): JS: updateAppInfoStateAndProgress downloadState : 1
11-28 15:23:28.537 D/cocos2d-x debug info(14128): JS: setAppServerInfo appServerInfo : [object Object]
11-28 15:23:28.537 D/cocos2d-x debug info(14128): JS: launcherAppAdapter updateData cell5
11-28 15:23:28.547 D/cocos2d-x debug info(14128): JS: launcherAppAdapter fillData cell5
11-28 15:23:28.547 D/cocos2d-x debug info(14128): JS: this.mData.length115
11-28 15:23:28.547 D/JniHelper(14128): JniHelper::getJavaVM(), pthread_self() = 1529184920
11-28 15:23:28.547 D/FileUtil(14128): getImageFilePathByUrl, url is http://172.16.12.58:8080/meedo-img/0ebc81/c4ca42/poster_193PHBRTOD0CO_tvassistant_1.3.1.png
11-28 15:23:28.547 D/FileUtil(14128): getImageFilePathByUrl, fileName is poster_193PHBRTOD0CO_tvassistant_1.3.1.png
11-28 15:23:28.547 D/JniHelper(14128): JniHelper::getJavaVM(), pthread_self() = 1529184920
11-28 15:23:28.557 D/cocos2d-x debug info(14128): JS: updateAppInfoStateAndProgress downloadState : 1
11-28 15:23:28.577 D/cocos2d-x debug info(14128): JS: switchMenuState, setNotFadingIn
11-28 15:23:28.587 D/cocos2d-x debug info(14128): JS: LRUCache, contains key /data/data/tv.fun.launcher/cache/poster_1944KI1R9ORE8_万年历.png
11-28 15:23:28.587 D/cocos2d-x debug info(14128): trace_frame: 21.107288
11-28 15:23:28.597 D/dalvikvm(14128): GC_CONCURRENT freed 1190K, 60% free 7431K/18508K, paused 2ms+3ms, total 32ms
11-28 15:23:28.607 D/cocos2d-x debug info(14128): JS: LRUCache, contains key /data/data/tv.fun.launcher/cache/poster_193PGO82FFCFM_3ceef2628207244725568320083459ef.png
11-28 15:23:28.617 D/cocos2d-x debug info(14128): JS: LRUCache, contains key /data/data/tv.fun.launcher/cache/poster_193PGSN6HO3L_b45c3c7e2b6fe877bf8e694029de38d1.png
11-28 15:23:28.617 D/mdns    ( 4397): SocketDataReady got a packet from 172.16.13.193 to 224.0.0.251 on interface 172.16.13.147/wlan0/7/308
11-28 15:23:28.617 D/mdns    ( 4397): Received Response from 172.16.13.193   addressed to 224.0.0.251     on 412BA7A0 with  0 Questions,  3 Answers,  0 Authorities,  0 Additionals 232 bytes LLQType 0
11-28 15:23:28.627 D/cocos2d-x debug info(14128): JS: LRUCache, contains key /data/data/tv.fun.launcher/cache/poster_193PHBRTOD0CO_tvassistant_1.3.1.png
11-28 15:23:28.687 D/cocos2d-x debug info(14128): trace_frame: 64.856850
11-28 15:23:28.747 D/launcher_auto(14128): launcher_auto: sendkey and wait.
11-28 15:23:28.807 D/cocos2d-x debug info(14128): trace_frame: 60.037907
11-28 15:23:28.827 I/GTalkService/c( 3358): [AndroidEndpoint@1105450416] connect: acct=1000000, state=CONNECTING
11-28 15:23:28.907 D/cocos2d-x debug info(14128): trace_frame: 59.964024
11-28 15:23:29.007 D/cocos2d-x debug info(14128): trace_frame: 59.998787
11-28 15:23:29.037 W/System.err( 4158): org.apache.http.conn.ConnectTimeoutException: Connect to /98.137.200.255:80 timed out
11-28 15:23:29.047 W/System.err( 4158): 	at org.apache.http.conn.scheme.PlainSocketFactory.connectSocket(PlainSocketFactory.java:121)
11-28 15:23:29.047 W/System.err( 4158): 	at org.apache.http.impl.conn.DefaultClientConnectionOperator.openConnection(DefaultClientConnectionOperator.java:144)
11-28 15:23:29.047 W/System.err( 4158): 	at org.apache.http.impl.conn.AbstractPoolEntry.open(AbstractPoolEntry.java:164)
11-28 15:23:29.047 W/System.err( 4158): 	at org.apache.http.impl.conn.AbstractPooledConnAdapter.open(AbstractPooledConnAdapter.java:119)
11-28 15:23:29.047 W/System.err( 4158): 	at org.apache.http.impl.client.DefaultRequestDirector.execute(DefaultRequestDirector.java:360)
11-28 15:23:29.047 W/System.err( 4158): 	at org.apache.http.impl.client.AbstractHttpClient.execute(AbstractHttpClient.java:555)
11-28 15:23:29.047 W/System.err( 4158): 	at org.apache.http.impl.client.AbstractHttpClient.execute(AbstractHttpClient.java:487)
11-28 15:23:29.047 W/System.err( 4158): 	at org.apache.http.impl.client.AbstractHttpClient.execute(AbstractHttpClient.java:465)
11-28 15:23:29.047 W/System.err( 4158): 	at com.mele.launcher.service.WebAccessTools.getWebContent(WebAccessTools.java:35)
11-28 15:23:29.047 W/System.err( 4158): 	at com.mele.launcher.service.GetAddressByIp.getCurrentCitycode(GetAddressByIp.java:74)
11-28 15:23:29.047 W/System.err( 4158): 	at com.mele.launcher.service.WeatherService$3.run(WeatherService.java:225)
11-28 15:23:29.107 D/cocos2d-x debug info(14128): trace_frame: 59.919708
11-28 15:23:29.207 D/cocos2d-x debug info(14128): trace_frame: 59.993996
11-28 15:23:29.257 D/cocos2d-x debug info(14128): JS: keyCode : 157
11-28 15:23:29.257 D/cocos2d-x debug info(14128): JS: =======================switchMenu turnLeft : false
11-28 15:23:29.257 D/cocos2d-x debug info(14128): JS: switchMenuState33 currentIndex:4moveDis:1260
11-28 15:23:29.257 D/cocos2d-x debug info(14128): JS: =======================switchMenu turnRight time is : 5
11-28 15:23:29.307 D/cocos2d-x debug info(14128): trace_frame: 59.986801
11-28 15:23:29.367 D/cocos2d-x debug info(14128): JS: =======================switchMenuState after getLocalAppsInfo time is : 112
11-28 15:23:29.377 D/cocos2d-x debug info(14128): JS: switchMenuState, lastIndex = 3, currentIndex = 4
11-28 15:23:29.407 D/cocos2d-x debug info(14128): trace_frame: 59.316669
11-28 15:23:29.467 D/cocos2d-x debug info(14128): JS: =======================switchMenuState reloadTabData2
11-28 15:23:29.467 D/cocos2d-x debug info(14128): JS: setData[object Object],[object Object],[object Object],[object Object],[object Object],[object Object]
11-28 15:23:29.477 D/cocos2d-x debug info(14128): JS: this.mFocusImage.x327.5 y:212
11-28 15:23:29.477 D/cocos2d-x debug info(14128): JS: setAppServerInfo appServerInfo : [object Object]
11-28 15:23:29.477 D/cocos2d-x debug info(14128): JS: launcherAppAdapter updateData cell0
11-28 15:23:29.477 D/cocos2d-x debug info(14128): JS: launcherAppAdapter fillData cell0
11-28 15:23:29.477 D/cocos2d-x debug info(14128): JS: this.mData.length60
11-28 15:23:29.477 D/JniHelper(14128): JniHelper::getJavaVM(), pthread_self() = 1529184920
11-28 15:23:29.477 D/FileUtil(14128): getImageFilePathByUrl, url is http://172.16.12.58:8080/meedo-img/dd798d/eae27d/poster_1944KB87QRJ6O_logo.png
11-28 15:23:29.477 D/FileUtil(14128): getImageFilePathByUrl, fileName is poster_1944KB87QRJ6O_logo.png
11-28 15:23:29.477 D/cocos2d-x debug info(14128): JS: LRUCache, contains key /data/data/tv.fun.launcher/cache/poster_1944KB87QRJ6O_logo.png
11-28 15:23:29.477 D/JniHelper(14128): JniHelper::getJavaVM(), pthread_self() = 1529184920
11-28 15:23:29.487 D/cocos2d-x debug info(14128): JS: updateAppInfoStateAndProgress downloadState : 1
11-28 15:23:29.487 D/cocos2d-x debug info(14128): JS: setAppServerInfo appServerInfo : [object Object]
11-28 15:23:29.487 D/cocos2d-x debug info(14128): JS: launcherAppAdapter updateData cell1
11-28 15:23:29.487 D/cocos2d-x debug info(14128): JS: launcherAppAdapter fillData cell1
11-28 15:23:29.487 D/cocos2d-x debug info(14128): JS: this.mData.length61
11-28 15:23:29.487 D/JniHelper(14128): JniHelper::getJavaVM(), pthread_self() = 1529184920
11-28 15:23:29.497 D/FileUtil(14128): getImageFilePathByUrl, url is http://172.16.12.58:8080/meedo-img/1eca69/42a0e1/poster_1944KF3BH8P0U_同花顺.png
11-28 15:23:29.497 D/FileUtil(14128): getImageFilePathByUrl, fileName is poster_1944KF3BH8P0U_同花顺.png
11-28 15:23:29.497 D/cocos2d-x debug info(14128): JS: LRUCache, contains key /data/data/tv.fun.launcher/cache/poster_1944KF3BH8P0U_同花顺.png
11-28 15:23:29.497 D/JniHelper(14128): JniHelper::getJavaVM(), pthread_self() = 1529184920
11-28 15:23:29.497 D/cocos2d-x debug info(14128): JS: updateAppInfoStateAndProgress downloadState : 1
11-28 15:23:29.497 D/cocos2d-x debug info(14128): JS: setAppServerInfo appServerInfo : [object Object]
11-28 15:23:29.497 D/cocos2d-x debug info(14128): JS: launcherAppAdapter updateData cell2
11-28 15:23:29.507 D/cocos2d-x debug info(14128): JS: launcherAppAdapter fillData cell2
11-28 15:23:29.507 D/cocos2d-x debug info(14128): JS: this.mData.length62
11-28 15:23:29.507 D/JniHelper(14128): JniHelper::getJavaVM(), pthread_self() = 1529184920
11-28 15:23:29.507 D/FileUtil(14128): getImageFilePathByUrl, url is http://172.16.12.58:8080/meedo-img/173bc2/c4ca42/poster_197G8MSRJTHAV_pic1.jpg
11-28 15:23:29.507 D/FileUtil(14128): getImageFilePathByUrl, fileName is poster_197G8MSRJTHAV_pic1.jpg
11-28 15:23:29.507 D/JniHelper(14128): JniHelper::getJavaVM(), pthread_self() = 1529184920
11-28 15:23:29.507 D/cocos2d-x debug info(14128): JS: updateAppInfoStateAndProgress downloadState : 1
11-28 15:23:29.517 D/cocos2d-x debug info(14128): JS: setAppServerInfo appServerInfo : [object Object]
11-28 15:23:29.517 D/cocos2d-x debug info(14128): JS: launcherAppAdapter updateData cell3
11-28 15:23:29.517 D/cocos2d-x debug info(14128): JS: launcherAppAdapter fillData cell3
11-28 15:23:29.517 D/cocos2d-x debug info(14128): JS: this.mData.length63
11-28 15:23:29.517 D/JniHelper(14128): JniHelper::getJavaVM(), pthread_self() = 1529184920
11-28 15:23:29.517 D/FileUtil(14128): getImageFilePathByUrl, url is http://172.16.12.58:8080/meedo-img/341921/c4ca42/poster_193PH0FUVHC6T_d0961116183ae56f74100deae687d38b94893a43.png
11-28 15:23:29.517 D/FileUtil(14128): getImageFilePathByUrl, fileName is poster_193PH0FUVHC6T_d0961116183ae56f74100deae687d38b94893a43.png
11-28 15:23:29.527 D/JniHelper(14128): JniHelper::getJavaVM(), pthread_self() = 1529184920
11-28 15:23:29.527 D/cocos2d-x debug info(14128): JS: updateAppInfoStateAndProgress downloadState : 1
11-28 15:23:29.527 D/cocos2d-x debug info(14128): JS: setAppServerInfo appServerInfo : [object Object]
11-28 15:23:29.527 D/cocos2d-x debug info(14128): JS: launcherAppAdapter updateData cell4
11-28 15:23:29.527 D/cocos2d-x debug info(14128): JS: launcherAppAdapter fillData cell4
11-28 15:23:29.527 D/cocos2d-x debug info(14128): JS: this.mData.length64
11-28 15:23:29.527 D/JniHelper(14128): JniHelper::getJavaVM(), pthread_self() = 1529184920
11-28 15:23:29.527 D/FileUtil(14128): getImageFilePathByUrl, url is http://172.16.12.58:8080/meedo-img/4fda5f/c81e72/poster_197QE7M2R1N3M.jpg
11-28 15:23:29.527 D/FileUtil(14128): getImageFilePathByUrl, fileName is poster_197QE7M2R1N3M.jpg
11-28 15:23:29.537 D/JniHelper(14128): JniHelper::getJavaVM(), pthread_self() = 1529184920
11-28 15:23:29.537 D/cocos2d-x debug info(14128): JS: updateAppInfoStateAndProgress downloadState : 1
11-28 15:23:29.537 D/cocos2d-x debug info(14128): JS: setAppServerInfo appServerInfo : [object Object]
11-28 15:23:29.537 D/cocos2d-x debug info(14128): JS: launcherAppAdapter updateData cell5
11-28 15:23:29.537 D/cocos2d-x debug info(14128): JS: launcherAppAdapter fillData cell5
11-28 15:23:29.537 D/cocos2d-x debug info(14128): JS: this.mData.length65
11-28 15:23:29.537 D/JniHelper(14128): JniHelper::getJavaVM(), pthread_self() = 1529184920
11-28 15:23:29.547 D/FileUtil(14128): getImageFilePathByUrl, url is http://172.16.12.58:8080/meedo-img/c97437/167909/poster_1944KI1R9ORE8_万年历.png
11-28 15:23:29.547 D/FileUtil(14128): getImageFilePathByUrl, fileName is poster_1944KI1R9ORE8_万年历.png
11-28 15:23:29.547 D/cocos2d-x debug info(14128): JS: LRUCache, contains key /data/data/tv.fun.launcher/cache/poster_1944KI1R9ORE8_万年历.png
11-28 15:23:29.547 D/JniHelper(14128): JniHelper::getJavaVM(), pthread_self() = 1529184920
11-28 15:23:29.547 D/cocos2d-x debug info(14128): JS: updateAppInfoStateAndProgress downloadState : 1
11-28 15:23:29.567 D/cocos2d-x debug info(14128): trace_frame: 31.004675
11-28 15:23:29.577 D/cocos2d-x debug info(14128): JS: switchMenuState, setNotFadingIn
11-28 15:23:29.627 D/cocos2d-x debug info(14128): JS: LRUCache, set item key is /data/data/tv.fun.launcher/cache/poster_197G8MSRJTHAV_pic1.jpg, value is undefined
11-28 15:23:29.627 D/cocos2d-x debug info(14128): JS: LRUCache, set item current size is 15
11-28 15:23:29.637 D/cocos2d-x debug info(14128): JS: LRUCache, deleted item key is /data/data/tv.fun.launcher/cache/poster_197G8MSRJTHAV_pic1.jpg, value is undefined
11-28 15:23:29.647 D/cocos2d-x debug info(14128): JS: LRUCache, set item key is /data/data/tv.fun.launcher/cache/poster_193PH0FUVHC6T_d0961116183ae56f74100deae687d38b94893a43.png, value is undefined
11-28 15:23:29.647 D/cocos2d-x debug info(14128): JS: LRUCache, set item current size is 15
11-28 15:23:29.647 D/cocos2d-x debug info(14128): JS: LRUCache, deleted item key is /data/data/tv.fun.launcher/cache/poster_193PH0FUVHC6T_d0961116183ae56f74100deae687d38b94893a43.png, value is undefined
11-28 15:23:29.667 D/cocos2d-x debug info(14128): trace_frame: 67.098007
11-28 15:23:29.727 D/cocos2d-x debug info(14128): JS: LRUCache, set item key is /data/data/tv.fun.launcher/cache/poster_197QE7M2R1N3M.jpg, value is undefined
11-28 15:23:29.727 D/cocos2d-x debug info(14128): JS: LRUCache, set item current size is 15
11-28 15:23:29.727 D/cocos2d-x debug info(14128): JS: LRUCache, deleted item key is /data/data/tv.fun.launcher/cache/poster_197QE7M2R1N3M.jpg, value is undefined
11-28 15:23:29.757 D/launcher_auto(14128): launcher_auto: sendkey and wait.
11-28 15:23:29.787 D/cocos2d-x debug info(14128): trace_frame: 60.121445
11-28 15:23:29.907 D/cocos2d-x debug info(14128): trace_frame: 60.028126
11-28 15:23:30.007 D/cocos2d-x debug info(14128): trace_frame: 59.974812
11-28 15:23:30.117 D/cocos2d-x debug info(14128): trace_frame: 59.985428
11-28 15:23:30.237 D/cocos2d-x debug info(14128): trace_frame: 60.022976
11-28 15:23:30.267 D/cocos2d-x debug info(14128): JS: keyCode : 157
11-28 15:23:30.277 D/cocos2d-x debug info(14128): JS: =======================switchMenu turnLeft : false
11-28 15:23:30.277 D/cocos2d-x debug info(14128): JS: switchMenuState34 currentIndex:5moveDis:1506
11-28 15:23:30.277 D/mdns    ( 4397): SocketDataReady got a packet from 172.16.13.123 to 224.0.0.251 on interface 172.16.13.147/wlan0/7/308
11-28 15:23:30.277 D/mdns    ( 4397): Received Query from 172.16.13.123  :5353  to 224.0.0.251    :5353  on 0x412BA7A0 with  1 Question,   0 Answers,  0 Authorities,  0 Additionals 45 bytes
11-28 15:23:30.277 D/cocos2d-x debug info(14128): JS: =======================switchMenu turnRight time is : 6
11-28 15:23:30.307 D/mdns    ( 4397): mDNS_Execute
11-28 15:23:30.307 D/mdns    ( 4397): mDNS_Execute: Setting NewLocalRecords to NULL
11-28 15:23:30.337 D/dalvikvm(22184): GC_CONCURRENT freed 790K, 22% free 6714K/8544K, paused 3ms+4ms, total 52ms
11-28 15:23:30.337 D/cocos2d-x debug info(14128): trace_frame: 59.704464
11-28 15:23:30.387 D/cocos2d-x debug info(14128): JS: =======================switchMenuState after getLocalAppsInfo time is : 113
11-28 15:23:30.387 D/cocos2d-x debug info(14128): JS: switchMenuState, lastIndex = 4, currentIndex = 5
11-28 15:23:30.457 D/cocos2d-x debug info(14128): trace_frame: 60.238373
11-28 15:23:30.507 D/cocos2d-x debug info(14128): JS: =======================switchMenuState reloadTabData2
11-28 15:23:30.507 D/cocos2d-x debug info(14128): JS: setData[object Object],[object Object],[object Object],[object Object],[object Object],[object Object],[object Object]
11-28 15:23:30.517 D/cocos2d-x debug info(14128): JS: this.mFocusImage.x327.5 y:212
11-28 15:23:30.527 D/cocos2d-x debug info(14128): JS: setAppServerInfo appServerInfo : [object Object]
11-28 15:23:30.527 D/cocos2d-x debug info(14128): JS: launcherAppAdapter updateData cell0
11-28 15:23:30.527 D/cocos2d-x debug info(14128): JS: launcherAppAdapter fillData cell0
11-28 15:23:30.527 D/cocos2d-x debug info(14128): JS: this.mData.length70
11-28 15:23:30.527 D/JniHelper(14128): JniHelper::getJavaVM(), pthread_self() = 1529184920
11-28 15:23:30.527 D/FileUtil(14128): getImageFilePathByUrl, url is http://172.16.12.58:8080/meedo-img/bc77fe/8e98d8/poster_193PFJAJMMVHD_7c60453a66568b1b27e79ccbb2c3b50ee62f5b14.png
11-28 15:23:30.527 D/FileUtil(14128): getImageFilePathByUrl, fileName is poster_193PFJAJMMVHD_7c60453a66568b1b27e79ccbb2c3b50ee62f5b14.png
11-28 15:23:30.527 D/cocos2d-x debug info(14128): JS: LRUCache, set item key is /data/data/tv.fun.launcher/cache/poster_193PFJAJMMVHD_7c60453a66568b1b27e79ccbb2c3b50ee62f5b14.png, value is undefined
11-28 15:23:30.527 D/cocos2d-x debug info(14128): JS: LRUCache, set item current size is 15
11-28 15:23:30.527 D/cocos2d-x debug info(14128): JS: LRUCache, deleted item key is /data/data/tv.fun.launcher/cache/poster_193PFJAJMMVHD_7c60453a66568b1b27e79ccbb2c3b50ee62f5b14.png, value is undefined
11-28 15:23:30.527 D/JniHelper(14128): JniHelper::getJavaVM(), pthread_self() = 1529184920
11-28 15:23:30.537 D/cocos2d-x debug info(14128): JS: updateAppInfoStateAndProgress downloadState : 1
11-28 15:23:30.537 D/cocos2d-x debug info(14128): JS: setAppServerInfo appServerInfo : [object Object]
11-28 15:23:30.537 D/cocos2d-x debug info(14128): JS: launcherAppAdapter updateData cell1
11-28 15:23:30.537 D/cocos2d-x debug info(14128): JS: launcherAppAdapter fillData cell1
11-28 15:23:30.537 D/cocos2d-x debug info(14128): JS: this.mData.length71
11-28 15:23:30.537 D/JniHelper(14128): JniHelper::getJavaVM(), pthread_self() = 1529184920
11-28 15:23:30.537 D/FileUtil(14128): getImageFilePathByUrl, url is http://172.16.12.58:8080/meedo-img/a0434e/b6d767/poster_1944JRDNTLUDG_贝瓦儿歌.png
11-28 15:23:30.537 D/FileUtil(14128): getImageFilePathByUrl, fileName is poster_1944JRDNTLUDG_贝瓦儿歌.png
11-28 15:23:30.537 D/cocos2d-x debug info(14128): JS: LRUCache, contains key /data/data/tv.fun.launcher/cache/poster_1944JRDNTLUDG_贝瓦儿歌.png
11-28 15:23:30.547 D/JniHelper(14128): JniHelper::getJavaVM(), pthread_self() = 1529184920
11-28 15:23:30.547 D/cocos2d-x debug info(14128): JS: updateAppInfoStateAndProgress downloadState : 1
11-28 15:23:30.547 D/cocos2d-x debug info(14128): JS: setAppServerInfo appServerInfo : [object Object]
11-28 15:23:30.547 D/cocos2d-x debug info(14128): JS: launcherAppAdapter updateData cell2
11-28 15:23:30.547 D/cocos2d-x debug info(14128): JS: launcherAppAdapter fillData cell2
11-28 15:23:30.547 D/cocos2d-x debug info(14128): JS: this.mData.length72
11-28 15:23:30.547 D/JniHelper(14128): JniHelper::getJavaVM(), pthread_self() = 1529184920
11-28 15:23:30.547 D/FileUtil(14128): getImageFilePathByUrl, url is http://172.16.12.58:8080/meedo-img/119b94/c51ce4/poster_193PFF3EMCBEK_be6aa7f734744ecd782d3e8ec5bc7800102d720c.png
11-28 15:23:30.547 D/FileUtil(14128): getImageFilePathByUrl, fileName is poster_193PFF3EMCBEK_be6aa7f734744ecd782d3e8ec5bc7800102d720c.png
11-28 15:23:30.547 D/cocos2d-x debug info(14128): JS: LRUCache, set item key is /data/data/tv.fun.launcher/cache/poster_193PFF3EMCBEK_be6aa7f734744ecd782d3e8ec5bc7800102d720c.png, value is undefined
11-28 15:23:30.547 D/cocos2d-x debug info(14128): JS: LRUCache, set item current size is 15
11-28 15:23:30.557 D/cocos2d-x debug info(14128): JS: LRUCache, deleted item key is /data/data/tv.fun.launcher/cache/poster_193PFF3EMCBEK_be6aa7f734744ecd782d3e8ec5bc7800102d720c.png, value is undefined
11-28 15:23:30.557 D/JniHelper(14128): JniHelper::getJavaVM(), pthread_self() = 1529184920
11-28 15:23:30.557 D/cocos2d-x debug info(14128): JS: updateAppInfoStateAndProgress downloadState : 1
11-28 15:23:30.557 D/cocos2d-x debug info(14128): JS: setAppServerInfo appServerInfo : [object Object]
11-28 15:23:30.557 D/cocos2d-x debug info(14128): JS: launcherAppAdapter updateData cell3
11-28 15:23:30.557 D/cocos2d-x debug info(14128): JS: launcherAppAdapter fillData cell3
11-28 15:23:30.557 D/cocos2d-x debug info(14128): JS: this.mData.length73
11-28 15:23:30.557 D/JniHelper(14128): JniHelper::getJavaVM(), pthread_self() = 1529184920
11-28 15:23:30.557 D/FileUtil(14128): getImageFilePathByUrl, url is http://172.16.12.58:8080/meedo-img/010063/6ea9ab/poster_193PFH61C9178_a9d4eb222859f423773274335986cad2de055cb8.png
11-28 15:23:30.557 D/FileUtil(14128): getImageFilePathByUrl, fileName is poster_193PFH61C9178_a9d4eb222859f423773274335986cad2de055cb8.png
11-28 15:23:30.567 D/cocos2d-x debug info(14128): JS: LRUCache, set item key is /data/data/tv.fun.launcher/cache/poster_193PFH61C9178_a9d4eb222859f423773274335986cad2de055cb8.png, value is undefined
11-28 15:23:30.567 D/cocos2d-x debug info(14128): JS: LRUCache, set item current size is 15
11-28 15:23:30.567 D/cocos2d-x debug info(14128): JS: LRUCache, deleted item key is /data/data/tv.fun.launcher/cache/poster_193PFH61C9178_a9d4eb222859f423773274335986cad2de055cb8.png, value is undefined
11-28 15:23:30.567 D/JniHelper(14128): JniHelper::getJavaVM(), pthread_self() = 1529184920
11-28 15:23:30.567 D/cocos2d-x debug info(14128): JS: updateAppInfoStateAndProgress downloadState : 1
11-28 15:23:30.567 D/cocos2d-x debug info(14128): JS: setAppServerInfo appServerInfo : [object Object]
11-28 15:23:30.567 D/cocos2d-x debug info(14128): JS: launcherAppAdapter updateData cell4
11-28 15:23:30.567 D/cocos2d-x debug info(14128): JS: launcherAppAdapter fillData cell4
11-28 15:23:30.577 D/cocos2d-x debug info(14128): JS: this.mData.length74
11-28 15:23:30.577 D/JniHelper(14128): JniHelper::getJavaVM(), pthread_self() = 1529184920
11-28 15:23:30.577 D/FileUtil(14128): getImageFilePathByUrl, url is http://172.16.12.58:8080/meedo-img/be7c86/c4ca42/poster_193PFO34PISFA_mingshiketang_2.2.4.png
11-28 15:23:30.577 D/FileUtil(14128): getImageFilePathByUrl, fileName is poster_193PFO34PISFA_mingshiketang_2.2.4.png
11-28 15:23:30.577 D/cocos2d-x debug info(14128): JS: LRUCache, set item key is /data/data/tv.fun.launcher/cache/poster_193PFO34PISFA_mingshiketang_2.2.4.png, value is undefined
11-28 15:23:30.577 D/cocos2d-x debug info(14128): JS: LRUCache, set item current size is 15
11-28 15:23:30.577 D/cocos2d-x debug info(14128): JS: LRUCache, deleted item key is /data/data/tv.fun.launcher/cache/poster_193PFO34PISFA_mingshiketang_2.2.4.png, value is undefined
11-28 15:23:30.577 D/JniHelper(14128): JniHelper::getJavaVM(), pthread_self() = 1529184920
11-28 15:23:30.577 D/cocos2d-x debug info(14128): JS: updateAppInfoStateAndProgress downloadState : 1
11-28 15:23:30.577 D/cocos2d-x debug info(14128): JS: setAppServerInfo appServerInfo : [object Object]
11-28 15:23:30.587 D/cocos2d-x debug info(14128): JS: launcherAppAdapter updateData cell5
11-28 15:23:30.587 D/cocos2d-x debug info(14128): JS: launcherAppAdapter fillData cell5
11-28 15:23:30.587 D/cocos2d-x debug info(14128): JS: this.mData.length75
11-28 15:23:30.587 D/JniHelper(14128): JniHelper::getJavaVM(), pthread_self() = 1529184920
11-28 15:23:30.587 D/FileUtil(14128): getImageFilePathByUrl, url is http://172.16.12.58:8080/meedo-img/b24888/c4ca42/poster_193PFKD8DP785_cn.cheerz.ia_2.0.png
11-28 15:23:30.587 D/FileUtil(14128): getImageFilePathByUrl, fileName is poster_193PFKD8DP785_cn.cheerz.ia_2.0.png
11-28 15:23:30.587 D/cocos2d-x debug info(14128): JS: LRUCache, set item key is /data/data/tv.fun.launcher/cache/poster_193PFKD8DP785_cn.cheerz.ia_2.0.png, value is undefined
11-28 15:23:30.587 D/cocos2d-x debug info(14128): JS: LRUCache, set item current size is 15
11-28 15:23:30.587 D/cocos2d-x debug info(14128): JS: LRUCache, deleted item key is /data/data/tv.fun.launcher/cache/poster_193PFKD8DP785_cn.cheerz.ia_2.0.png, value is undefined
11-28 15:23:30.587 D/JniHelper(14128): JniHelper::getJavaVM(), pthread_self() = 1529184920
11-28 15:23:30.597 D/cocos2d-x debug info(14128): JS: updateAppInfoStateAndProgress downloadState : 1
11-28 15:23:30.627 D/dalvikvm(14128): GC_CONCURRENT freed 961K, 60% free 7524K/18508K, paused 2ms+3ms, total 25ms
11-28 15:23:30.627 D/dalvikvm(14128): WAIT_FOR_CONCURRENT_GC blocked 21ms
11-28 15:23:30.637 D/cocos2d-x debug info(14128): JS: switchMenuState, setNotFadingIn
11-28 15:23:30.637 D/cocos2d-x debug info(14128): trace_frame: 21.646660
11-28 15:23:30.667 D/mdns    ( 4397): SocketDataReady got a packet from 172.16.13.167 to 224.0.0.251 on interface 172.16.13.147/wlan0/7/308
11-28 15:23:30.667 D/mdns    ( 4397): Received Response from 172.16.13.167   addressed to 224.0.0.251     on 412BA7A0 with  0 Questions,  3 Answers,  0 Authorities,  0 Additionals 188 bytes LLQType 0
11-28 15:23:30.757 D/cocos2d-x debug info(14128): trace_frame: 60.714344
11-28 15:23:30.767 D/launcher_auto(14128): launcher_auto: sendkey and wait.
11-28 15:23:30.867 D/mdns    ( 4397): SocketDataReady got a packet from 172.16.13.164 to 224.0.0.251 on interface 172.16.13.147/wlan0/7/308
11-28 15:23:30.867 D/mdns    ( 4397): Received Response from 172.16.13.164   addressed to 224.0.0.251     on 412BA7A0 with  0 Questions,  1 Answer,   0 Authorities,  0 Additionals 38 bytes LLQType 0
11-28 15:23:30.867 D/cocos2d-x debug info(14128): trace_frame: 59.983379
11-28 15:23:30.987 D/cocos2d-x debug info(14128): trace_frame: 60.060066
11-28 15:23:31.087 D/cocos2d-x debug info(14128): trace_frame: 59.975391
11-28 15:23:31.187 D/cocos2d-x debug info(14128): trace_frame: 59.159348
11-28 15:23:31.267 D/cocos2d-x debug info(14128): JS: keyCode : 157
11-28 15:23:31.267 D/cocos2d-x debug info(14128): JS: =======================switchMenu turnLeft : false
11-28 15:23:31.277 D/cocos2d-x debug info(14128): JS: switchMenuState35 currentIndex:6moveDis:1752
11-28 15:23:31.277 D/cocos2d-x debug info(14128): JS: =======================switchMenu turnRight time is : 3
11-28 15:23:31.307 D/cocos2d-x debug info(14128): trace_frame: 60.657005
11-28 15:23:31.387 D/cocos2d-x debug info(14128): JS: =======================switchMenuState after getLocalAppsInfo time is : 116
11-28 15:23:31.387 D/cocos2d-x debug info(14128): JS: switchMenuState, lastIndex = 5, currentIndex = 6
11-28 15:23:31.407 D/cocos2d-x debug info(14128): trace_frame: 59.871880
11-28 15:23:31.487 D/mdns    ( 4397): SocketDataReady got a packet from 172.16.13.193 to 224.0.0.251 on interface 172.16.13.147/wlan0/7/308
11-28 15:23:31.487 D/mdns    ( 4397): Received Response from 172.16.13.193   addressed to 224.0.0.251     on 412BA7A0 with  0 Questions,  3 Answers,  0 Authorities,  0 Additionals 333 bytes LLQType 0
11-28 15:23:31.487 D/cocos2d-x debug info(14128): JS: =======================switchMenuState reloadTabData2
11-28 15:23:31.487 D/mdns    ( 4397): SocketDataReady got a packet from 172.16.13.203 to 224.0.0.251 on interface 172.16.13.147/wlan0/7/308
11-28 15:23:31.487 D/mdns    ( 4397): Received Response from 172.16.13.203   addressed to 224.0.0.251     on 412BA7A0 with  0 Questions,  3 Answers,  0 Authorities,  0 Additionals 202 bytes LLQType 0
11-28 15:23:31.497 D/cocos2d-x debug info(14128): JS: setData[object Object],[object Object],[object Object],[object Object],[object Object],[object Object],[object Object],[object Object],[object Object]
11-28 15:23:31.497 D/cocos2d-x debug info(14128): JS: this.mFocusImage.x327.5 y:212
11-28 15:23:31.497 D/cocos2d-x debug info(14128): JS: setAppServerInfo appServerInfo : [object Object]
11-28 15:23:31.497 D/cocos2d-x debug info(14128): JS: launcherAppAdapter updateData cell0
11-28 15:23:31.497 D/cocos2d-x debug info(14128): JS: launcherAppAdapter fillData cell0
11-28 15:23:31.497 D/cocos2d-x debug info(14128): JS: this.mData.length90
11-28 15:23:31.497 D/JniHelper(14128): JniHelper::getJavaVM(), pthread_self() = 1529184920
11-28 15:23:31.497 D/FileUtil(14128): getImageFilePathByUrl, url is http://172.16.12.58:8080/meedo-img/351587/d78382/poster_1944K3CHVTDV2_波克斗地主.png
11-28 15:23:31.507 D/FileUtil(14128): getImageFilePathByUrl, fileName is poster_1944K3CHVTDV2_波克斗地主.png
11-28 15:23:31.507 D/cocos2d-x debug info(14128): JS: LRUCache, contains key /data/data/tv.fun.launcher/cache/poster_1944K3CHVTDV2_波克斗地主.png
11-28 15:23:31.507 D/JniHelper(14128): JniHelper::getJavaVM(), pthread_self() = 1529184920
11-28 15:23:31.507 D/cocos2d-x debug info(14128): JS: updateAppInfoStateAndProgress downloadState : 1
11-28 15:23:31.507 D/cocos2d-x debug info(14128): JS: setAppServerInfo appServerInfo : [object Object]
11-28 15:23:31.507 D/cocos2d-x debug info(14128): JS: launcherAppAdapter updateData cell1
11-28 15:23:31.517 D/cocos2d-x debug info(14128): JS: launcherAppAdapter fillData cell1
11-28 15:23:31.517 D/cocos2d-x debug info(14128): JS: this.mData.length91
11-28 15:23:31.517 D/JniHelper(14128): JniHelper::getJavaVM(), pthread_self() = 1529184920
11-28 15:23:31.517 D/FileUtil(14128): getImageFilePathByUrl, url is http://172.16.12.58:8080/meedo-img/f4b460/c4ca42/poster_193POHKFHIIIH_f4bd5da387c8c4f84ed110ce8f0a52fa.png
11-28 15:23:31.517 D/FileUtil(14128): getImageFilePathByUrl, fileName is poster_193POHKFHIIIH_f4bd5da387c8c4f84ed110ce8f0a52fa.png
11-28 15:23:31.517 D/JniHelper(14128): JniHelper::getJavaVM(), pthread_self() = 1529184920
11-28 15:23:31.517 D/cocos2d-x debug info(14128): JS: updateAppInfoStateAndProgress downloadState : 1
11-28 15:23:31.517 D/cocos2d-x debug info(14128): JS: setAppServerInfo appServerInfo : [object Object]
11-28 15:23:31.527 D/cocos2d-x debug info(14128): JS: launcherAppAdapter updateData cell2
11-28 15:23:31.527 D/cocos2d-x debug info(14128): JS: launcherAppAdapter fillData cell2
11-28 15:23:31.527 D/cocos2d-x debug info(14128): JS: this.mData.length92
11-28 15:23:31.527 D/JniHelper(14128): JniHelper::getJavaVM(), pthread_self() = 1529184920
11-28 15:23:31.527 D/FileUtil(14128): getImageFilePathByUrl, url is http://172.16.12.58:8080/meedo-img/819039/04caa2/poster_1944KD2RME1PN_腾讯电视游戏.png
11-28 15:23:31.527 D/FileUtil(14128): getImageFilePathByUrl, fileName is poster_1944KD2RME1PN_腾讯电视游戏.png
11-28 15:23:31.537 D/JniHelper(14128): JniHelper::getJavaVM(), pthread_self() = 1529184920
11-28 15:23:31.537 D/cocos2d-x debug info(14128): JS: updateAppInfoStateAndProgress downloadState : 1
11-28 15:23:31.537 D/cocos2d-x debug info(14128): JS: setAppServerInfo appServerInfo : [object Object]
11-28 15:23:31.537 D/cocos2d-x debug info(14128): JS: launcherAppAdapter updateData cell3
11-28 15:23:31.547 D/cocos2d-x debug info(14128): JS: launcherAppAdapter fillData cell3
11-28 15:23:31.547 D/cocos2d-x debug info(14128): JS: this.mData.length93
11-28 15:23:31.547 D/JniHelper(14128): JniHelper::getJavaVM(), pthread_self() = 1529184920
11-28 15:23:31.547 D/FileUtil(14128): getImageFilePathByUrl, url is http://172.16.12.58:8080/meedo-img/4e8209/bfebf2/poster_193POKI429Q1J_doudizhu.png
11-28 15:23:31.547 D/FileUtil(14128): getImageFilePathByUrl, fileName is poster_193POKI429Q1J_doudizhu.png
11-28 15:23:31.547 D/JniHelper(14128): JniHelper::getJavaVM(), pthread_self() = 1529184920
11-28 15:23:31.557 D/cocos2d-x debug info(14128): JS: updateAppInfoStateAndProgress downloadState : 1
11-28 15:23:31.557 D/cocos2d-x debug info(14128): JS: setAppServerInfo appServerInfo : [object Object]
11-28 15:23:31.557 D/cocos2d-x debug info(14128): JS: launcherAppAdapter updateData cell4
11-28 15:23:31.557 D/cocos2d-x debug info(14128): JS: launcherAppAdapter fillData cell4
11-28 15:23:31.557 D/cocos2d-x debug info(14128): JS: this.mData.length94
11-28 15:23:31.557 D/JniHelper(14128): JniHelper::getJavaVM(), pthread_self() = 1529184920
11-28 15:23:31.557 D/FileUtil(14128): getImageFilePathByUrl, url is http://172.16.12.58:8080/meedo-img/0fd389/c4ca42/poster_193POED01SJN4_69d9f2f46bfc45050f5789df3da7f808.png
11-28 15:23:31.557 D/FileUtil(14128): getImageFilePathByUrl, fileName is poster_193POED01SJN4_69d9f2f46bfc45050f5789df3da7f808.png
11-28 15:23:31.567 D/JniHelper(14128): JniHelper::getJavaVM(), pthread_self() = 1529184920
11-28 15:23:31.567 D/cocos2d-x debug info(14128): JS: updateAppInfoStateAndProgress downloadState : 1
11-28 15:23:31.567 D/cocos2d-x debug info(14128): JS: setAppServerInfo appServerInfo : [object Object]
11-28 15:23:31.567 D/cocos2d-x debug info(14128): JS: launcherAppAdapter updateData cell5
11-28 15:23:31.567 D/cocos2d-x debug info(14128): JS: launcherAppAdapter fillData cell5
11-28 15:23:31.567 D/cocos2d-x debug info(14128): JS: this.mData.length95
11-28 15:23:31.567 D/JniHelper(14128): JniHelper::getJavaVM(), pthread_self() = 1529184920
11-28 15:23:31.567 D/FileUtil(14128): getImageFilePathByUrl, url is http://172.16.12.58:8080/meedo-img/6120ea/6f4922/poster_193POISPM49C3_2048.png
11-28 15:23:31.577 D/FileUtil(14128): getImageFilePathByUrl, fileName is poster_193POISPM49C3_2048.png
11-28 15:23:31.577 D/JniHelper(14128): JniHelper::getJavaVM(), pthread_self() = 1529184920
11-28 15:23:31.577 D/cocos2d-x debug info(14128): JS: updateAppInfoStateAndProgress downloadState : 1
11-28 15:23:31.597 D/cocos2d-x debug info(14128): JS: switchMenuState, setNotFadingIn
11-28 15:23:31.597 D/cocos2d-x debug info(14128): JS: LRUCache, set item key is /data/data/tv.fun.launcher/cache/poster_193POHKFHIIIH_f4bd5da387c8c4f84ed110ce8f0a52fa.png, value is undefined
11-28 15:23:31.607 D/cocos2d-x debug info(14128): JS: LRUCache, set item current size is 15
11-28 15:23:31.607 D/cocos2d-x debug info(14128): JS: LRUCache, deleted item key is /data/data/tv.fun.launcher/cache/poster_193POHKFHIIIH_f4bd5da387c8c4f84ed110ce8f0a52fa.png, value is undefined
11-28 15:23:31.607 D/cocos2d-x debug info(14128): trace_frame: 31.206928
11-28 15:23:31.617 D/cocos2d-x debug info(14128): JS: LRUCache, set item key is /data/data/tv.fun.launcher/cache/poster_1944KD2RME1PN_腾讯电视游戏.png, value is undefined
11-28 15:23:31.627 D/cocos2d-x debug info(14128): JS: LRUCache, set item current size is 15
11-28 15:23:31.627 D/cocos2d-x debug info(14128): JS: LRUCache, deleted item key is /data/data/tv.fun.launcher/cache/poster_1944KD2RME1PN_腾讯电视游戏.png, value is undefined
11-28 15:23:31.647 D/cocos2d-x debug info(14128): JS: LRUCache, set item key is /data/data/tv.fun.launcher/cache/poster_193POKI429Q1J_doudizhu.png, value is undefined
11-28 15:23:31.647 D/cocos2d-x debug info(14128): JS: LRUCache, set item current size is 15
11-28 15:23:31.647 D/cocos2d-x debug info(14128): JS: LRUCache, deleted item key is /data/data/tv.fun.launcher/cache/poster_193POKI429Q1J_doudizhu.png, value is undefined
11-28 15:23:31.657 D/cocos2d-x debug info(14128): JS: LRUCache, set item key is /data/data/tv.fun.launcher/cache/poster_193POED01SJN4_69d9f2f46bfc45050f5789df3da7f808.png, value is undefined
11-28 15:23:31.657 D/cocos2d-x debug info(14128): JS: LRUCache, set item current size is 15
11-28 15:23:31.667 D/cocos2d-x debug info(14128): JS: LRUCache, deleted item key is /data/data/tv.fun.launcher/cache/poster_193POED01SJN4_69d9f2f46bfc45050f5789df3da7f808.png, value is undefined
11-28 15:23:31.697 D/cocos2d-x debug info(14128): JS: LRUCache, set item key is /data/data/tv.fun.launcher/cache/poster_193POISPM49C3_2048.png, value is undefined
11-28 15:23:31.697 D/cocos2d-x debug info(14128): JS: LRUCache, set item current size is 15
11-28 15:23:31.697 D/cocos2d-x debug info(14128): JS: LRUCache, deleted item key is /data/data/tv.fun.launcher/cache/poster_193POISPM49C3_2048.png, value is undefined
11-28 15:23:31.707 D/cocos2d-x debug info(14128): trace_frame: 64.180733
11-28 15:23:31.767 D/launcher_auto(14128): launcher_auto: sendkey and wait.
11-28 15:23:31.827 D/cocos2d-x debug info(14128): trace_frame: 60.068821
11-28 15:23:31.897 D/mdns    ( 4397): SocketDataReady got a packet from 172.16.13.74 to 224.0.0.251 on interface 172.16.13.147/wlan0/7/308
11-28 15:23:31.897 D/mdns    ( 4397): Received Response from 172.16.13.74    addressed to 224.0.0.251     on 412BA7A0 with  0 Questions,  1 Answer,   0 Authorities,  0 Additionals 71 bytes LLQType 0
