11-28 15:16:17.137 D/cocos2d-x debug info(14128): JS: HomeListAdapter: isItemTypeOf(3)=true
11-28 15:16:17.137 D/cocos2d-x debug info(14128): JS: updateStatus--
11-28 15:16:17.137 D/cocos2d-x debug info(14128): JS: begin home url=http://img.funshion.com/pictures/media/list/115/817/115817_360_504_ott_poster.jpg?1407307022
11-28 15:16:17.137 D/cocos2d-x debug info(14128): JS: mImageNode equal imageInfo.mUrl=http://img.funshion.com/pictures/media/list/115/817/115817_360_504_ott_poster.jpg?1407307022
11-28 15:16:17.137 D/cocos2d-x debug info(14128): JS: funtv.ImageLoader.sImagePath=/data/data/tv.fun.launcher/files/fun_download/e9/02f986a0fd93124c2491a0e164f345.png
11-28 15:16:17.137 D/cocos2d-x debug info(14128): JS: HomeListAdapter: isItemTypeOf(4)=true
11-28 15:16:17.137 D/cocos2d-x debug info(14128): JS: updateStatus--
11-28 15:16:17.137 D/cocos2d-x debug info(14128): JS: begin home url=http://img.funshion.com/pictures/media/list/115/335/115335_360_504_ott_poster.jpg?1416895126
11-28 15:16:17.137 D/cocos2d-x debug info(14128): JS: mImageNode equal imageInfo.mUrl=http://img.funshion.com/pictures/media/list/115/335/115335_360_504_ott_poster.jpg?1416895126
11-28 15:16:17.137 D/cocos2d-x debug info(14128): JS: funtv.ImageLoader.sImagePath=/data/data/tv.fun.launcher/files/fun_download/cb/cac0ef74d5d451b3a1e7a655f9cbea.png
11-28 15:16:17.137 D/cocos2d-x debug info(14128): JS: zhangmd:FunTableView:setFocusImageSize, size is:(340,562)
11-28 15:16:17.137 D/cocos2d-x debug info(14128): JS: zhangmd:FunTableView:setFocusImageSize, focussize is:(370,592)
11-28 15:16:17.137 D/cocos2d-x debug info(14128): JS: HomeMoreH--45true
11-28 15:16:17.137 D/cocos2d-x debug info(14128): JS: zhangmd:FunTableView:calculateFullVisibleIndex begain,startidx=0,endidx=0,startidx2=0,endidx2=0
11-28 15:16:17.147 D/cocos2d-x debug info(14128): JS: curSelIndex=6
11-28 15:16:17.147 D/cocos2d-x debug info(14128): JS: lastSelIndex=9
11-28 15:16:17.147 D/cocos2d-x debug info(14128): JS: updateStatus--
11-28 15:16:17.147 D/cocos2d-x debug info(14128): JS: 添加角标
11-28 15:16:17.147 D/cocos2d-x debug info(14128): JS: begin home url=http://img1.funshion.com/pictures/pocket/201411/aaef14ed2f0.png
11-28 15:16:17.147 D/cocos2d-x debug info(14128): JS: mImageNode equal imageInfo.mUrl=http://img1.funshion.com/pictures/pocket/201411/aaef14ed2f0.png
11-28 15:16:17.147 D/cocos2d-x debug info(14128): JS: funtv.ImageLoader.sImagePath=/data/data/tv.fun.launcher/files/fun_download/57/5bc8097fdb73842e44e0060e0a17dc.png
11-28 15:16:17.147 D/cocos2d-x debug info(14128): JS: updateStatus--（30集全）
11-28 15:16:17.147 D/cocos2d-x debug info(14128): JS: begin home url=http://img.funshion.com/pictures/media/list/106/858/106858_360_504_ott_poster.jpg?1411059812
11-28 15:16:17.147 D/cocos2d-x debug info(14128): JS: mImageNode equal imageInfo.mUrl=http://img.funshion.com/pictures/media/list/106/858/106858_360_504_ott_poster.jpg?1411059812
11-28 15:16:17.147 D/cocos2d-x debug info(14128): JS: funtv.ImageLoader.sImagePath=/data/data/tv.fun.launcher/files/fun_download/8c/cb080c35a2a18022a1abd56e467802.png
11-28 15:16:17.147 D/cocos2d-x debug info(14128): JS: updateStatus--（43集全）
11-28 15:16:17.147 D/cocos2d-x debug info(14128): JS: begin home url=http://img.funshion.com/pictures/media/list/113/031/113031_360_504_ott_poster.jpg?1406796893
11-28 15:16:17.157 D/cocos2d-x debug info(14128): JS: mImageNode equal imageInfo.mUrl=http://img.funshion.com/pictures/media/list/113/031/113031_360_504_ott_poster.jpg?1406796893
11-28 15:16:17.157 D/cocos2d-x debug info(14128): JS: funtv.ImageLoader.sImagePath=/data/data/tv.fun.launcher/files/fun_download/a8/3ebf14e40a33d07ad4e019e5150357.png
11-28 15:16:17.157 D/cocos2d-x debug info(14128): JS: updateStatus--
11-28 15:16:17.157 D/cocos2d-x debug info(14128): JS: begin home url=http://img.funshion.com/pictures/media/list/113/562/113562_360_504_ott_poster.jpg?1416798988
11-28 15:16:17.157 D/cocos2d-x debug info(14128): JS: mImageNode equal imageInfo.mUrl=http://img.funshion.com/pictures/media/list/113/562/113562_360_504_ott_poster.jpg?1416798988
11-28 15:16:17.157 D/cocos2d-x debug info(14128): JS: funtv.ImageLoader.sImagePath=/data/data/tv.fun.launcher/files/fun_download/d9/74ba69abd71b0cb388ac8c877f5f96.png
11-28 15:16:17.157 D/cocos2d-x debug info(14128): JS: updateStatus--（20141123期）
11-28 15:16:17.157 D/cocos2d-x debug info(14128): JS: begin home url=http://img.funshion.com/pictures/media/list/115/335/115335_360_504_ott_poster.jpg?1416895126
11-28 15:16:17.157 D/cocos2d-x debug info(14128): JS: mImageNode equal imageInfo.mUrl=http://img.funshion.com/pictures/media/list/115/335/115335_360_504_ott_poster.jpg?1416895126
11-28 15:16:17.157 D/cocos2d-x debug info(14128): JS: funtv.ImageLoader.sImagePath=/data/data/tv.fun.launcher/files/fun_download/cb/cac0ef74d5d451b3a1e7a655f9cbea.png
11-28 15:16:17.157 D/cocos2d-x debug info(14128): JS: updateStatus--
11-28 15:16:17.157 D/cocos2d-x debug info(14128): JS: begin home url=http://img.funshion.com/pictures/media/list/111/054/111054_360_504_ott_poster.jpg?1415953979
11-28 15:16:17.167 D/cocos2d-x debug info(14128): JS: mImageNode equal imageInfo.mUrl=http://img.funshion.com/pictures/media/list/111/054/111054_360_504_ott_poster.jpg?1415953979
11-28 15:16:17.167 D/cocos2d-x debug info(14128): JS: funtv.ImageLoader.sImagePath=/data/data/tv.fun.launcher/files/fun_download/f2/957e4e2b89b4d3c1725ce11e309869.png
11-28 15:16:17.167 D/JniHelper(14128): JniHelper::getJavaVM(), pthread_self() = 1529184920
11-28 15:16:17.167 D/cocos2d-x debug info(14128): JS:  HomeMainScene Key up:159
11-28 15:16:17.167 D/cocos2d-x debug info(14128): trace_frame: 30.526196
11-28 15:16:17.267 D/cocos2d-x debug info(14128): JS: SettingLayer hide
11-28 15:16:17.277 D/cocos2d-x debug info(14128): trace_frame: 68.293343
11-28 15:16:17.347 D/mdns    ( 4397): SocketDataReady got a packet from 172.16.13.131 to 224.0.0.251 on interface 172.16.13.147/wlan0/7/252
11-28 15:16:17.347 D/mdns    ( 4397): Received Response from 172.16.13.131   addressed to 224.0.0.251     on 412B6F38 with  0 Questions,  3 Answers,  0 Authorities,  0 Additionals 290 bytes LLQType 0
11-28 15:16:17.387 D/cocos2d-x debug info(14128): trace_frame: 58.932156
11-28 15:16:17.387 D/dalvikvm(22184): GC_CONCURRENT freed 792K, 19% free 6629K/8116K, paused 2ms+4ms, total 56ms
11-28 15:16:17.447 D/dalvikvm(21595): GC_CONCURRENT freed 391K, 17% free 5273K/6284K, paused 1ms+3ms, total 20ms
11-28 15:16:17.487 D/cocos2d-x debug info(14128): trace_frame: 60.872738
11-28 15:16:17.597 D/launcher_auto(14128): launcher_auto: sendkey and wait.
11-28 15:16:17.607 D/cocos2d-x debug info(14128): trace_frame: 59.918682
11-28 15:16:17.717 D/cocos2d-x debug info(14128): trace_frame: 60.219200
11-28 15:16:17.757 D/mdns    ( 4397): mDNS_Execute
11-28 15:16:17.757 D/mdns    ( 4397): mDNS_Execute: Setting NewLocalRecords to NULL
11-28 15:16:17.757 D/mdns    ( 4397): Announcing 006d0e03a545@MiniMax._raop._tcp.local. (TXT) 4
11-28 15:16:17.757 D/mdns    ( 4397): Announcing _services._dns-sd._udp.local. (PTR) 4
11-28 15:16:17.757 D/mdns    ( 4397): Announcing _raop._tcp.local. (PTR) 4
11-28 15:16:17.757 D/mdns    ( 4397): Announcing MiniMax._airplay._tcp.local. (TXT) 4
11-28 15:16:17.757 D/mdns    ( 4397): Announcing _services._dns-sd._udp.local. (PTR) 4
11-28 15:16:17.757 D/mdns    ( 4397): Announcing _airplay._tcp.local. (PTR) 4
11-28 15:16:17.757 D/mdns    ( 4397): Announcing 006d0e03a545@MiniMax._raop._tcp.local. (SRV) 4
11-28 15:16:17.757 D/mdns    ( 4397): Announcing MiniMax._airplay._tcp.local. (SRV) 4
11-28 15:16:17.757 D/mdns    ( 4397): Announcing 147.13.16.172.in-addr.arpa. (PTR) 4
11-28 15:16:17.757 D/mdns    ( 4397): Announcing 5.4.5.A.3.0.E.F.F.F.E.0.D.6.2.0.0.0.0.0.0.0.0.0.0.0.0.0.0.8.E.F.ip6.arpa. (PTR) 4
11-28 15:16:17.757 D/mdns    ( 4397): Announcing Android-2.local. (Addr) 4
11-28 15:16:17.757 D/mdns    ( 4397): Announcing Android-2.local. (AAAA) 4
11-28 15:16:17.757 D/mdns    ( 4397): SendResponses: Sending 0 Deregistrations, 12 Announcements, 0 Answers, 5 Additionals on 412B6F38
11-28 15:16:17.757 D/mdns    ( 4397): SendResponses: Next in 8192 ticks
11-28 15:16:17.757 D/mdns    ( 4397): SocketDataReady got a packet from 172.16.13.147 to 224.0.0.251 on interface 172.16.13.147/wlan0/7/252
11-28 15:16:17.757 D/mdns    ( 4397): Received Response from 172.16.13.147   addressed to 224.0.0.251     on 412B6F38 with  0 Questions, 12 Answers,  0 Authorities,  5 Additionals 661 bytes LLQType 0
11-28 15:16:17.757 D/mdns    ( 4397): Found record size   115 interface 412B6F38 already in cache:  115 006d0e03a545@MiniMax._raop._tcp.local. TXT ch=2¦cn=0,1¦da=true¦ek=1¦et=0,1¦md=0,1,2¦pw=false¦sm=false¦sr=44100¦ss=16¦sv=false¦tp=UDP¦txtvers=
11-28 15:16:17.757 D/mdns    ( 4397): Found record size    75 interface 412B6F38 already in cache:   75 MiniMax._airplay._tcp.local. TXT deviceid=00:6d:0e:03:a5:45¦features=0x2077¦model=AppleTV2,1¦srcvers=101.28
11-28 15:16:17.757 D/mdns    ( 4397): Found record size    78 interface 412B6F38 already in cache:   78 5.4.5.A.3.0.E.F.F.F.E.0.D.6.2.0.0.0.0.0.0.0.0.0.0.0.0.0.0.8.E.F.ip6.arpa. NSEC PTR 
11-28 15:16:17.757 D/mdns    ( 4397): SocketDataReady got a packet from FE80:0000:0000:0000:026D:0EFF:FE03:A545 to FF02:0000:0000:0000:0000:0000:0000:00FB on interface 172.16.13.147/wlan0/7/253
11-28 15:16:17.757 D/mdns    ( 4397): Received Response from FE80:0000:0000:0000:026D:0EFF:FE03:A545 addressed to FF02:0000:0000:0000:0000:0000:0000:00FB on 412B6F38 with  0 Questions, 12 Answers,  0 Authorities,  5 Additionals 661 bytes LLQType 0
11-28 15:16:17.757 D/mdns    ( 4397): Found record size   115 interface 412B6F38 already in cache:  115 006d0e03a545@MiniMax._raop._tcp.local. TXT ch=2¦cn=0,1¦da=true¦ek=1¦et=0,1¦md=0,1,2¦pw=false¦sm=false¦sr=44100¦ss=16¦sv=false¦tp=UDP¦txtvers=
11-28 15:16:17.757 D/mdns    ( 4397): Found record size    75 interface 412B6F38 already in cache:   75 MiniMax._airplay._tcp.local. TXT deviceid=00:6d:0e:03:a5:45¦features=0x2077¦model=AppleTV2,1¦srcvers=101.28
11-28 15:16:17.757 D/mdns    ( 4397): Found record size    78 interface 412B6F38 already in cache:   78 5.4.5.A.3.0.E.F.F.F.E.0.D.6.2.0.0.0.0.0.0.0.0.0.0.0.0.0.0.8.E.F.ip6.arpa. NSEC PTR 
11-28 15:16:17.817 D/cocos2d-x debug info(14128): trace_frame: 59.985004
11-28 15:16:17.857 D/mdns    ( 4397): mDNS_Execute
11-28 15:16:17.857 D/mdns    ( 4397): mDNS_Execute: Setting NewLocalRecords to NULL
11-28 15:16:17.937 D/cocos2d-x debug info(14128): trace_frame: 59.872044
11-28 15:16:17.947 D/mdns    ( 4397): SocketDataReady got a packet from 172.16.13.131 to 224.0.0.251 on interface 172.16.13.147/wlan0/7/252
11-28 15:16:17.947 D/mdns    ( 4397): Received Response from 172.16.13.131   addressed to 224.0.0.251     on 412B6F38 with  0 Questions,  1 Answer,   0 Authorities,  0 Additionals 38 bytes LLQType 0
11-28 15:16:18.057 D/cocos2d-x debug info(14128): trace_frame: 60.124023
11-28 15:16:18.107 D/cocos2d-x debug info(14128): JS: HomeMainScene Key down:159
11-28 15:16:18.107 D/cocos2d-x debug info(14128): JS: ItemTypeLayer--203--1
11-28 15:16:18.107 D/cocos2d-x debug info(14128): JS: curSelIndex=0
11-28 15:16:18.107 D/cocos2d-x debug info(14128): JS: lastSelIndex=6
11-28 15:16:18.117 D/cocos2d-x debug info(14128): JS: updateStatus--（更新至28集）
11-28 15:16:18.117 D/cocos2d-x debug info(14128): JS: begin home url=http://img.funshion.com/pictures/media/list/110/571/110571_360_504_ott_poster.jpg?1411029898
11-28 15:16:18.117 D/cocos2d-x debug info(14128): JS: mImageNode equal imageInfo.mUrl=http://img.funshion.com/pictures/media/list/110/571/110571_360_504_ott_poster.jpg?1411029898
11-28 15:16:18.117 D/cocos2d-x debug info(14128): JS: funtv.ImageLoader.sImagePath=/data/data/tv.fun.launcher/files/fun_download/2a/77d0779260ab9da7b3f99e6f45e176.png
11-28 15:16:18.117 D/cocos2d-x debug info(14128): JS: updateStatus--（91集全）
11-28 15:16:18.117 D/cocos2d-x debug info(14128): JS: begin home url=http://img.funshion.com/pictures/media/list/959/08/95908_360_504_ott_poster.jpg?1405569337
11-28 15:16:18.117 D/cocos2d-x debug info(14128): JS: mImageNode equal imageInfo.mUrl=http://img.funshion.com/pictures/media/list/959/08/95908_360_504_ott_poster.jpg?1405569337
11-28 15:16:18.127 D/cocos2d-x debug info(14128): JS: funtv.ImageLoader.sImagePath=/data/data/tv.fun.launcher/files/fun_download/a9/b9752ecf3eb9f66bab4d707650ee8a.png
11-28 15:16:18.127 D/cocos2d-x debug info(14128): JS: updateStatus--（52集全）
11-28 15:16:18.127 D/cocos2d-x debug info(14128): JS: begin home url=http://img.funshion.com/pictures/media/list/115/462/115462_360_504_ott_poster.jpg?1405065293
11-28 15:16:18.127 D/cocos2d-x debug info(14128): JS: mImageNode equal imageInfo.mUrl=http://img.funshion.com/pictures/media/list/115/462/115462_360_504_ott_poster.jpg?1405065293
11-28 15:16:18.127 D/cocos2d-x debug info(14128): JS: funtv.ImageLoader.sImagePath=/data/data/tv.fun.launcher/files/fun_download/fc/ec841cbfc9e1d252996afea68edca1.png
11-28 15:16:18.127 D/cocos2d-x debug info(14128): JS: updateStatus--
11-28 15:16:18.127 D/cocos2d-x debug info(14128): JS: begin home url=http://img.funshion.com/pictures/media/list/112/833/112833_360_504_ott_poster.jpg?1415986515
11-28 15:16:18.127 D/cocos2d-x debug info(14128): JS: mImageNode equal imageInfo.mUrl=http://img.funshion.com/pictures/media/list/112/833/112833_360_504_ott_poster.jpg?1415986515
11-28 15:16:18.127 D/cocos2d-x debug info(14128): JS: funtv.ImageLoader.sImagePath=/data/data/tv.fun.launcher/files/fun_download/b0/359a27fd3f9d17d9eef4556d7667fa.png
11-28 15:16:18.127 D/cocos2d-x debug info(14128): JS: updateStatus--（157集全）
11-28 15:16:18.127 D/cocos2d-x debug info(14128): JS: begin home url=http://img.funshion.com/pictures/media/list/879/54/87954_360_504_ott_poster.jpg?1406705790
11-28 15:16:18.137 D/cocos2d-x debug info(14128): JS: mImageNode equal imageInfo.mUrl=http://img.funshion.com/pictures/media/list/879/54/87954_360_504_ott_poster.jpg?1406705790
11-28 15:16:18.137 D/cocos2d-x debug info(14128): JS: funtv.ImageLoader.sImagePath=/data/data/tv.fun.launcher/files/fun_download/1a/5ad647dae91adaffa33d7ec0aa31cc.png
11-28 15:16:18.137 D/cocos2d-x debug info(14128): JS: updateStatus--
11-28 15:16:18.137 D/cocos2d-x debug info(14128): JS: begin home url=http://img.funshion.com/pictures/media/list/113/562/113562_360_504_ott_poster.jpg?1416798988
11-28 15:16:18.137 D/cocos2d-x debug info(14128): JS: mImageNode equal imageInfo.mUrl=http://img.funshion.com/pictures/media/list/113/562/113562_360_504_ott_poster.jpg?1416798988
11-28 15:16:18.137 D/cocos2d-x debug info(14128): JS: funtv.ImageLoader.sImagePath=/data/data/tv.fun.launcher/files/fun_download/d9/74ba69abd71b0cb388ac8c877f5f96.png
11-28 15:16:18.137 D/cocos2d-x debug info(14128): JS: updateStatus--
11-28 15:16:18.137 D/cocos2d-x debug info(14128): JS: begin home url=http://img.funshion.com/pictures/media/list/111/054/111054_360_504_ott_poster.jpg?1415953979
11-28 15:16:18.137 D/cocos2d-x debug info(14128): JS: mImageNode equal imageInfo.mUrl=http://img.funshion.com/pictures/media/list/111/054/111054_360_504_ott_poster.jpg?1415953979
11-28 15:16:18.137 D/cocos2d-x debug info(14128): JS: funtv.ImageLoader.sImagePath=/data/data/tv.fun.launcher/files/fun_download/f2/957e4e2b89b4d3c1725ce11e309869.png
11-28 15:16:18.147 D/cocos2d-x debug info(14128): JS: updateStatus--
11-28 15:16:18.147 D/cocos2d-x debug info(14128): JS: begin home url=http://img.funshion.com/pictures/media/list/109/978/109978_360_504_ott_poster.jpg?1415990605
11-28 15:16:18.147 D/cocos2d-x debug info(14128): JS: mImageNode equal imageInfo.mUrl=http://img.funshion.com/pictures/media/list/109/978/109978_360_504_ott_poster.jpg?1415990605
11-28 15:16:18.147 D/cocos2d-x debug info(14128): JS: funtv.ImageLoader.sImagePath=/data/data/tv.fun.launcher/files/fun_download/89/b81234e7e43dc287bca28642f04cee.png
11-28 15:16:18.147 D/cocos2d-x debug info(14128): JS: updateStatus--
11-28 15:16:18.147 D/cocos2d-x debug info(14128): JS: begin home url=http://img.funshion.com/pictures/media/list/111/592/111592_360_504_ott_poster.jpg?1415934848
11-28 15:16:18.147 D/cocos2d-x debug info(14128): JS: mImageNode equal imageInfo.mUrl=http://img.funshion.com/pictures/media/list/111/592/111592_360_504_ott_poster.jpg?1415934848
11-28 15:16:18.147 D/cocos2d-x debug info(14128): JS: funtv.ImageLoader.sImagePath=/data/data/tv.fun.launcher/files/fun_download/a9/1895df03762f60a149ef998a2b5dd1.png
11-28 15:16:18.147 D/cocos2d-x debug info(14128): JS: updateStatus--
11-28 15:16:18.147 D/cocos2d-x debug info(14128): JS: begin home url=http://img.funshion.com/pictures/media/list/115/712/115712_360_504_ott_poster.jpg?1416374592
11-28 15:16:18.147 D/cocos2d-x debug info(14128): JS: mImageNode equal imageInfo.mUrl=http://img.funshion.com/pictures/media/list/115/712/115712_360_504_ott_poster.jpg?1416374592
11-28 15:16:18.147 D/cocos2d-x debug info(14128): JS: funtv.ImageLoader.sImagePath=/data/data/tv.fun.launcher/files/fun_download/d0/556da1dd8f77b2a81556b495a9f932.png
11-28 15:16:18.147 D/JniHelper(14128): JniHelper::getJavaVM(), pthread_self() = 1529184920
11-28 15:16:18.157 D/cocos2d-x debug info(14128): JS:  HomeMainScene Key up:159
11-28 15:16:18.157 D/cocos2d-x debug info(14128): trace_frame: 38.652943
11-28 15:16:18.277 D/cocos2d-x debug info(14128): trace_frame: 61.548203
11-28 15:16:18.377 D/cocos2d-x debug info(14128): trace_frame: 59.678333
11-28 15:16:18.487 D/cocos2d-x debug info(14128): trace_frame: 59.902275
11-28 15:16:18.607 D/launcher_auto(14128): launcher_auto: sendkey and wait.
11-28 15:16:18.607 D/cocos2d-x debug info(14128): trace_frame: 60.503380
11-28 15:16:18.727 D/cocos2d-x debug info(14128): trace_frame: 59.604397
11-28 15:16:18.837 D/cocos2d-x debug info(14128): trace_frame: 60.519081
11-28 15:16:18.957 D/cocos2d-x debug info(14128): trace_frame: 60.037395
11-28 15:16:19.067 D/cocos2d-x debug info(14128): trace_frame: 60.007553
11-28 15:16:19.117 D/cocos2d-x debug info(14128): JS: HomeMainScene Key down:159
11-28 15:16:19.127 D/cocos2d-x debug info(14128): JS: ItemTypeLayer--203--2
11-28 15:16:19.127 D/cocos2d-x debug info(14128): JS: curSelIndex=1
11-28 15:16:19.127 D/cocos2d-x debug info(14128): JS: lastSelIndex=0
11-28 15:16:19.127 D/cocos2d-x debug info(14128): cocos2d: TextureCache: removing unused texture: /data/data/tv.fun.launcher/files/fun_download/e0/4e3c9761e9227f6a5e1723c7c26e90.png
11-28 15:16:19.127 D/cocos2d-x debug info(14128): cocos2d: TextureCache: removing unused texture: /data/data/tv.fun.launcher/files/fun_download/e9/02f986a0fd93124c2491a0e164f345.png
11-28 15:16:19.127 D/cocos2d-x debug info(14128): cocos2d: TextureCache: removing unused texture: /data/data/tv.fun.launcher/files/fun_download/90/c2a2ddfe2422257d39bd0c9f5d84fc.png
11-28 15:16:19.127 D/cocos2d-x debug info(14128): cocos2d: TextureCache: removing unused texture: /data/data/tv.fun.launcher/files/fun_download/1a/5ad647dae91adaffa33d7ec0aa31cc.png
11-28 15:16:19.137 D/cocos2d-x debug info(14128): cocos2d: TextureCache: removing unused texture: /data/data/tv.fun.launcher/files/fun_download/b0/359a27fd3f9d17d9eef4556d7667fa.png
11-28 15:16:19.137 D/cocos2d-x debug info(14128): cocos2d: TextureCache: removing unused texture: /data/data/tv.fun.launcher/files/fun_download/fc/ec841cbfc9e1d252996afea68edca1.png
11-28 15:16:19.137 D/cocos2d-x debug info(14128): cocos2d: TextureCache: removing unused texture: /data/data/tv.fun.launcher/files/fun_download/a9/b9752ecf3eb9f66bab4d707650ee8a.png
11-28 15:16:19.137 D/cocos2d-x debug info(14128): cocos2d: TextureCache: removing unused texture: /data/data/tv.fun.launcher/files/fun_download/2a/77d0779260ab9da7b3f99e6f45e176.png
11-28 15:16:19.137 D/cocos2d-x debug info(14128): JS: updateStatus--
11-28 15:16:19.137 D/cocos2d-x debug info(14128): JS: begin home url=http://img.funshion.com/pictures/media/list/106/935/106935_360_504_ott_poster.jpg?1415934630
11-28 15:16:19.137 D/cocos2d-x debug info(14128): JS: mImageNode equal imageInfo.mUrl=http://img.funshion.com/pictures/media/list/106/935/106935_360_504_ott_poster.jpg?1415934630
11-28 15:16:19.137 D/cocos2d-x debug info(14128): JS: funtv.ImageLoader.sImagePath=/data/data/tv.fun.launcher/files/fun_download/68/68f0364c1cfcf280eefe57ad00192f.png
11-28 15:16:19.137 D/cocos2d-x debug info(14128): JS: updateStatus--
11-28 15:16:19.147 D/cocos2d-x debug info(14128): JS: begin home url=http://img.funshion.com/pictures/media/list/115/582/115582_360_504_ott_poster.jpg?1415954943
11-28 15:16:19.147 D/cocos2d-x debug info(14128): JS: mImageNode equal imageInfo.mUrl=http://img.funshion.com/pictures/media/list/115/582/115582_360_504_ott_poster.jpg?1415954943
11-28 15:16:19.147 D/cocos2d-x debug info(14128): JS: funtv.ImageLoader.sImagePath=/data/data/tv.fun.launcher/files/fun_download/65/ddb4f7f5aedc24be9cfff281747e0b.png
11-28 15:16:19.147 D/cocos2d-x debug info(14128): JS: updateStatus--
11-28 15:16:19.147 D/cocos2d-x debug info(14128): JS: begin home url=http://img.funshion.com/pictures/media/list/115/456/115456_360_504_ott_poster.jpg?1411480058
11-28 15:16:19.147 D/cocos2d-x debug info(14128): JS: mImageNode equal imageInfo.mUrl=http://img.funshion.com/pictures/media/list/115/456/115456_360_504_ott_poster.jpg?1411480058
11-28 15:16:19.147 D/cocos2d-x debug info(14128): JS: funtv.ImageLoader.sImagePath=/data/data/tv.fun.launcher/files/fun_download/f3/ecf40f25dfc0421e52a9eff4e354f1.png
11-28 15:16:19.147 D/cocos2d-x debug info(14128): JS: updateStatus--
11-28 15:16:19.147 D/cocos2d-x debug info(14128): JS: begin home url=http://img.funshion.com/pictures/media/list/112/833/112833_360_504_ott_poster.jpg?1415986515
11-28 15:16:19.147 D/cocos2d-x debug info(14128): JS: mImageNode equal imageInfo.mUrl=http://img.funshion.com/pictures/media/list/112/833/112833_360_504_ott_poster.jpg?1415986515
11-28 15:16:19.147 D/cocos2d-x debug info(14128): JS: funtv.ImageLoader.sImagePath=/data/data/tv.fun.launcher/files/fun_download/b0/359a27fd3f9d17d9eef4556d7667fa.png
11-28 15:16:19.147 D/cocos2d-x debug info(14128): JS: updateStatus--
11-28 15:16:19.147 D/cocos2d-x debug info(14128): JS: begin home url=http://img.funshion.com/pictures/media/list/108/657/108657_360_504_ott_poster.jpg?1415929287
11-28 15:16:19.157 D/cocos2d-x debug info(14128): JS: mImageNode equal imageInfo.mUrl=http://img.funshion.com/pictures/media/list/108/657/108657_360_504_ott_poster.jpg?1415929287
11-28 15:16:19.157 D/cocos2d-x debug info(14128): JS: funtv.ImageLoader.sImagePath=/data/data/tv.fun.launcher/files/fun_download/a6/eae6dd14cc43ca4e9164b79c316a65.png
11-28 15:16:19.157 D/cocos2d-x debug info(14128): JS: updateStatus--（36集全）
11-28 15:16:19.157 D/cocos2d-x debug info(14128): JS: begin home url=http://img.funshion.com/pictures/media/list/115/982/115982_360_504_ott_poster.jpg?1409709778
11-28 15:16:19.157 D/cocos2d-x debug info(14128): JS: mImageNode equal imageInfo.mUrl=http://img.funshion.com/pictures/media/list/115/982/115982_360_504_ott_poster.jpg?1409709778
11-28 15:16:19.157 D/cocos2d-x debug info(14128): JS: funtv.ImageLoader.sImagePath=/data/data/tv.fun.launcher/files/fun_download/f6/9a813427674cc4bdaeca5bc1acb4cd.png
11-28 15:16:19.157 D/cocos2d-x debug info(14128): JS: updateStatus--（44集全）
11-28 15:16:19.157 D/cocos2d-x debug info(14128): JS: begin home url=http://img.funshion.com/pictures/media/list/106/898/106898_360_504_ott_poster.jpg?1405927517
11-28 15:16:19.157 D/cocos2d-x debug info(14128): JS: mImageNode equal imageInfo.mUrl=http://img.funshion.com/pictures/media/list/106/898/106898_360_504_ott_poster.jpg?1405927517
11-28 15:16:19.157 D/cocos2d-x debug info(14128): JS: funtv.ImageLoader.sImagePath=/data/data/tv.fun.launcher/files/fun_download/64/597529be08f60454c7776c442d284f.png
11-28 15:16:19.157 D/cocos2d-x debug info(14128): JS: updateStatus--（30集全）
11-28 15:16:19.157 D/cocos2d-x debug info(14128): JS: begin home url=http://img.funshion.com/pictures/media/list/106/858/106858_360_504_ott_poster.jpg?1411059812
11-28 15:16:19.167 D/cocos2d-x debug info(14128): JS: mImageNode equal imageInfo.mUrl=http://img.funshion.com/pictures/media/list/106/858/106858_360_504_ott_poster.jpg?1411059812
11-28 15:16:19.167 D/cocos2d-x debug info(14128): JS: funtv.ImageLoader.sImagePath=/data/data/tv.fun.launcher/files/fun_download/8c/cb080c35a2a18022a1abd56e467802.png
11-28 15:16:19.167 D/cocos2d-x debug info(14128): JS: updateStatus--（36集全）
11-28 15:16:19.167 D/cocos2d-x debug info(14128): JS: begin home url=http://img.funshion.com/pictures/media/list/110/126/110126_360_504_ott_poster.jpg?1410968786
11-28 15:16:19.167 D/cocos2d-x debug info(14128): JS: mImageNode equal imageInfo.mUrl=http://img.funshion.com/pictures/media/list/110/126/110126_360_504_ott_poster.jpg?1410968786
11-28 15:16:19.167 D/cocos2d-x debug info(14128): JS: funtv.ImageLoader.sImagePath=/data/data/tv.fun.launcher/files/fun_download/30/9fa9fee2e658d71db1257691b19066.png
11-28 15:16:19.167 D/cocos2d-x debug info(14128): JS: updateStatus--（39集全）
11-28 15:16:19.167 D/cocos2d-x debug info(14128): JS: begin home url=http://img.funshion.com/pictures/media/list/851/25/85125_360_504_ott_poster.jpg?1411545853
11-28 15:16:19.167 D/cocos2d-x debug info(14128): JS: mImageNode equal imageInfo.mUrl=http://img.funshion.com/pictures/media/list/851/25/85125_360_504_ott_poster.jpg?1411545853
11-28 15:16:19.167 D/cocos2d-x debug info(14128): JS: funtv.ImageLoader.sImagePath=/data/data/tv.fun.launcher/files/fun_download/60/2345333cf8254a80a3f8931d5e7869.png
11-28 15:16:19.177 D/JniHelper(14128): JniHelper::getJavaVM(), pthread_self() = 1529184920
11-28 15:16:19.177 D/cocos2d-x debug info(14128): JS:  HomeMainScene Key up:159
11-28 15:16:19.177 D/cocos2d-x debug info(14128): trace_frame: 28.648916
11-28 15:16:19.287 D/cocos2d-x debug info(14128): trace_frame: 70.867325
11-28 15:16:19.387 D/cocos2d-x debug info(14128): trace_frame: 59.958031
11-28 15:16:19.487 D/cocos2d-x debug info(14128): trace_frame: 59.995796
11-28 15:16:19.587 D/cocos2d-x debug info(14128): trace_frame: 59.826508
11-28 15:16:19.607 D/launcher_auto(14128): launcher_auto: sendkey and wait.
11-28 15:16:19.707 D/cocos2d-x debug info(14128): trace_frame: 60.122478
11-28 15:16:19.817 D/cocos2d-x debug info(14128): trace_frame: 60.456360
11-28 15:16:19.937 D/cocos2d-x debug info(14128): trace_frame: 60.041000
11-28 15:16:20.057 D/cocos2d-x debug info(14128): trace_frame: 60.062122
11-28 15:16:20.117 D/cocos2d-x debug info(14128): JS: HomeMainScene Key down:159
11-28 15:16:20.127 D/cocos2d-x debug info(14128): JS: ItemTypeLayer--203--3
11-28 15:16:20.127 D/cocos2d-x debug info(14128): JS: curSelIndex=2
11-28 15:16:20.127 D/cocos2d-x debug info(14128): JS: lastSelIndex=1
11-28 15:16:20.127 D/cocos2d-x debug info(14128): cocos2d: TextureCache: removing unused texture: /data/data/tv.fun.launcher/files/fun_download/a8/3ebf14e40a33d07ad4e019e5150357.png
11-28 15:16:20.127 D/cocos2d-x debug info(14128): cocos2d: TextureCache: removing unused texture: /data/data/tv.fun.launcher/files/fun_download/cb/cac0ef74d5d451b3a1e7a655f9cbea.png
11-28 15:16:20.127 D/cocos2d-x debug info(14128): cocos2d: TextureCache: removing unused texture: /data/data/tv.fun.launcher/files/fun_download/57/5bc8097fdb73842e44e0060e0a17dc.png
11-28 15:16:20.137 D/cocos2d-x debug info(14128): cocos2d: TextureCache: removing unused texture: /data/data/tv.fun.launcher/files/fun_download/a6/eae6dd14cc43ca4e9164b79c316a65.png
11-28 15:16:20.137 D/cocos2d-x debug info(14128): cocos2d: TextureCache: removing unused texture: /data/data/tv.fun.launcher/files/fun_download/f3/ecf40f25dfc0421e52a9eff4e354f1.png
11-28 15:16:20.137 D/cocos2d-x debug info(14128): cocos2d: TextureCache: removing unused texture: /data/data/tv.fun.launcher/files/fun_download/65/ddb4f7f5aedc24be9cfff281747e0b.png
11-28 15:16:20.137 D/cocos2d-x debug info(14128): cocos2d: TextureCache: removing unused texture: /data/data/tv.fun.launcher/files/fun_download/68/68f0364c1cfcf280eefe57ad00192f.png
11-28 15:16:20.137 D/cocos2d-x debug info(14128): cocos2d: TextureCache: removing unused texture: /data/data/tv.fun.launcher/files/fun_download/b0/359a27fd3f9d17d9eef4556d7667fa.png
11-28 15:16:20.137 D/cocos2d-x debug info(14128): JS: updateStatus--（41集全）
11-28 15:16:20.137 D/cocos2d-x debug info(14128): JS: begin home url=http://img.funshion.com/pictures/media/list/116/277/116277_360_504_ott_poster.jpg?1411899242
11-28 15:16:20.137 D/cocos2d-x debug info(14128): JS: mImageNode equal imageInfo.mUrl=http://img.funshion.com/pictures/media/list/116/277/116277_360_504_ott_poster.jpg?1411899242
11-28 15:16:20.137 D/cocos2d-x debug info(14128): JS: funtv.ImageLoader.sImagePath=/data/data/tv.fun.launcher/files/fun_download/90/c2a2ddfe2422257d39bd0c9f5d84fc.png
11-28 15:16:20.147 D/cocos2d-x debug info(14128): JS: updateStatus--（30集全）
11-28 15:16:20.147 D/cocos2d-x debug info(14128): JS: begin home url=http://img.funshion.com/pictures/media/list/111/363/111363_360_504_ott_poster.jpg?1414599907
11-28 15:16:20.147 D/cocos2d-x debug info(14128): JS: mImageNode equal imageInfo.mUrl=http://img.funshion.com/pictures/media/list/111/363/111363_360_504_ott_poster.jpg?1414599907
11-28 15:16:20.147 D/cocos2d-x debug info(14128): JS: funtv.ImageLoader.sImagePath=/data/data/tv.fun.launcher/files/fun_download/49/a5823e16a92140fc02b5d65c97c48d.png
11-28 15:16:20.147 D/cocos2d-x debug info(14128): JS: updateStatus--（更新至48集）
11-28 15:16:20.147 D/cocos2d-x debug info(14128): JS: begin home url=http://img.funshion.com/pictures/media/list/117/107/117107_360_504_ott_poster.jpg?1417052988
11-28 15:16:20.147 D/cocos2d-x debug info(14128): JS: mImageNode equal imageInfo.mUrl=http://img.funshion.com/pictures/media/list/117/107/117107_360_504_ott_poster.jpg?1417052988
11-28 15:16:20.147 D/cocos2d-x debug info(14128): JS: funtv.ImageLoader.sImagePath=/data/data/tv.fun.launcher/files/fun_download/51/f9ee2497f25e9ec058874bcb13ded6.png
11-28 15:16:20.147 D/cocos2d-x debug info(14128): JS: updateStatus--（更新至28集）
11-28 15:16:20.147 D/cocos2d-x debug info(14128): JS: begin home url=http://img.funshion.com/pictures/media/list/117/081/117081_360_504_ott_poster.jpg?1417101723
11-28 15:16:20.147 D/cocos2d-x debug info(14128): JS: mImageNode equal imageInfo.mUrl=http://img.funshion.com/pictures/media/list/117/081/117081_360_504_ott_poster.jpg?1417101723
11-28 15:16:20.147 D/cocos2d-x debug info(14128): JS: funtv.ImageLoader.sImagePath=/data/data/tv.fun.launcher/files/fun_download/dd/f188eb6c1b4abec88dfd9b17e8c2c6.png
11-28 15:16:20.157 D/cocos2d-x debug info(14128): JS: updateStatus--（更新至28集）
11-28 15:16:20.157 D/cocos2d-x debug info(14128): JS: begin home url=http://img.funshion.com/pictures/media/list/117/216/117216_360_504_ott_poster.jpg?1417101478
11-28 15:16:20.157 D/cocos2d-x debug info(14128): JS: mImageNode equal imageInfo.mUrl=http://img.funshion.com/pictures/media/list/117/216/117216_360_504_ott_poster.jpg?1417101478
11-28 15:16:20.157 D/cocos2d-x debug info(14128): JS: funtv.ImageLoader.sImagePath=/data/data/tv.fun.launcher/files/fun_download/cf/d18296e3b8803ad224c49153e8aa00.png
11-28 15:16:20.157 D/cocos2d-x debug info(14128): JS: updateStatus--
11-28 15:16:20.157 D/cocos2d-x debug info(14128): JS: 添加角标
11-28 15:16:20.157 D/cocos2d-x debug info(14128): JS: begin home url=http://img1.funshion.com/pictures/pocket/201411/24001e39a03.png
11-28 15:16:20.157 D/cocos2d-x debug info(14128): JS: mImageNode equal imageInfo.mUrl=http://img1.funshion.com/pictures/pocket/201411/24001e39a03.png
11-28 15:16:20.157 D/cocos2d-x debug info(14128): JS: funtv.ImageLoader.sImagePath=/data/data/tv.fun.launcher/files/fun_download/7a/e72b02b44a6d53a20a9174ea64f043.png
11-28 15:16:20.157 D/cocos2d-x debug info(14128): JS: updateStatus--（52集全）
11-28 15:16:20.157 D/cocos2d-x debug info(14128): JS: begin home url=http://img.funshion.com/pictures/media/list/104/730/104730_360_504_ott_poster.jpg?1409819870
11-28 15:16:20.167 D/cocos2d-x debug info(14128): JS: mImageNode equal imageInfo.mUrl=http://img.funshion.com/pictures/media/list/104/730/104730_360_504_ott_poster.jpg?1409819870
11-28 15:16:20.167 D/cocos2d-x debug info(14128): JS: funtv.ImageLoader.sImagePath=/data/data/tv.fun.launcher/files/fun_download/62/6a26497ae3319c719b013a73806abd.png
11-28 15:16:20.167 D/cocos2d-x debug info(14128): JS: updateStatus--（1集全）
11-28 15:16:20.167 D/cocos2d-x debug info(14128): JS: begin home url=http://img.funshion.com/pictures/media/list/891/28/89128_360_504_ott_poster.jpg?1406707718
11-28 15:16:20.167 D/cocos2d-x debug info(14128): JS: mImageNode equal imageInfo.mUrl=http://img.funshion.com/pictures/media/list/891/28/89128_360_504_ott_poster.jpg?1406707718
11-28 15:16:20.167 D/cocos2d-x debug info(14128): JS: funtv.ImageLoader.sImagePath=/data/data/tv.fun.launcher/files/fun_download/27/8facff3a1055ad2cade38fb8598312.png
11-28 15:16:20.167 D/cocos2d-x debug info(14128): JS: updateStatus--（52集全）
11-28 15:16:20.167 D/cocos2d-x debug info(14128): JS: begin home url=http://img.funshion.com/pictures/media/list/114/036/114036_360_504_ott_poster.jpg?1409820155
11-28 15:16:20.167 D/cocos2d-x debug info(14128): JS: mImageNode equal imageInfo.mUrl=http://img.funshion.com/pictures/media/list/114/036/114036_360_504_ott_poster.jpg?1409820155
11-28 15:16:20.167 D/cocos2d-x debug info(14128): JS: funtv.ImageLoader.sImagePath=/data/data/tv.fun.launcher/files/fun_download/0b/7cadd1cb4919fe951eff0526578ef0.png
11-28 15:16:20.167 D/cocos2d-x debug info(14128): JS: updateStatus--（1集全）
11-28 15:16:20.167 D/cocos2d-x debug info(14128): JS: begin home url=http://img.funshion.com/pictures/media/list/110/349/110349_360_504_ott_poster.jpg?1406704818
11-28 15:16:20.167 D/cocos2d-x debug info(14128): JS: mImageNode equal imageInfo.mUrl=http://img.funshion.com/pictures/media/list/110/349/110349_360_504_ott_poster.jpg?1406704818
11-28 15:16:20.177 D/cocos2d-x debug info(14128): JS: funtv.ImageLoader.sImagePath=/data/data/tv.fun.launcher/files/fun_download/ca/c72353a2f88bd06d003d3f670487c5.png
11-28 15:16:20.177 D/JniHelper(14128): JniHelper::getJavaVM(), pthread_self() = 1529184920
11-28 15:16:20.177 D/cocos2d-x debug info(14128): JS:  HomeMainScene Key up:159
11-28 15:16:20.177 D/cocos2d-x debug info(14128): trace_frame: 32.639206
11-28 15:16:20.277 D/dalvikvm(22184): GC_CONCURRENT freed 822K, 19% free 6649K/8116K, paused 5ms+4ms, total 60ms
11-28 15:16:20.277 D/dalvikvm(22184): WAIT_FOR_CONCURRENT_GC blocked 27ms
11-28 15:16:20.297 D/cocos2d-x debug info(14128): trace_frame: 71.296806
11-28 15:16:20.417 D/cocos2d-x debug info(14128): trace_frame: 59.877678
11-28 15:16:20.527 D/cocos2d-x debug info(14128): trace_frame: 60.358353
11-28 15:16:20.617 D/launcher_auto(14128): launcher_auto: sendkey and wait.
11-28 15:16:20.627 D/cocos2d-x debug info(14128): trace_frame: 59.871277
11-28 15:16:20.737 D/cocos2d-x debug info(14128): trace_frame: 60.499210
11-28 15:16:20.857 D/cocos2d-x debug info(14128): trace_frame: 60.096672
11-28 15:16:20.957 D/cocos2d-x debug info(14128): trace_frame: 59.577000
11-28 15:16:21.067 D/cocos2d-x debug info(14128): trace_frame: 60.386978
11-28 15:16:21.117 D/cocos2d-x debug info(14128): JS: HomeMainScene Key down:159
11-28 15:16:21.127 D/cocos2d-x debug info(14128): JS: ItemTypeLayer--203--4
11-28 15:16:21.127 D/cocos2d-x debug info(14128): JS: curSelIndex=3
11-28 15:16:21.127 D/cocos2d-x debug info(14128): JS: lastSelIndex=2
11-28 15:16:21.127 D/cocos2d-x debug info(14128): cocos2d: TextureCache: removing unused texture: /data/data/tv.fun.launcher/files/fun_download/d0/556da1dd8f77b2a81556b495a9f932.png
11-28 15:16:21.127 D/cocos2d-x debug info(14128): cocos2d: TextureCache: removing unused texture: /data/data/tv.fun.launcher/files/fun_download/89/b81234e7e43dc287bca28642f04cee.png
11-28 15:16:21.127 D/cocos2d-x debug info(14128): cocos2d: TextureCache: removing unused texture: /data/data/tv.fun.launcher/files/fun_download/a9/1895df03762f60a149ef998a2b5dd1.png
11-28 15:16:21.127 D/cocos2d-x debug info(14128): cocos2d: TextureCache: removing unused texture: /data/data/tv.fun.launcher/files/fun_download/f2/957e4e2b89b4d3c1725ce11e309869.png
11-28 15:16:21.127 D/cocos2d-x debug info(14128): cocos2d: TextureCache: removing unused texture: /data/data/tv.fun.launcher/files/fun_download/d9/74ba69abd71b0cb388ac8c877f5f96.png
11-28 15:16:21.137 D/cocos2d-x debug info(14128): cocos2d: TextureCache: removing unused texture: /data/data/tv.fun.launcher/files/fun_download/51/f9ee2497f25e9ec058874bcb13ded6.png
11-28 15:16:21.137 D/cocos2d-x debug info(14128): cocos2d: TextureCache: removing unused texture: /data/data/tv.fun.launcher/files/fun_download/cf/d18296e3b8803ad224c49153e8aa00.png
11-28 15:16:21.137 D/cocos2d-x debug info(14128): cocos2d: TextureCache: removing unused texture: /data/data/tv.fun.launcher/files/fun_download/49/a5823e16a92140fc02b5d65c97c48d.png
11-28 15:16:21.137 D/cocos2d-x debug info(14128): cocos2d: TextureCache: removing unused texture: /data/data/tv.fun.launcher/files/fun_download/dd/f188eb6c1b4abec88dfd9b17e8c2c6.png
11-28 15:16:21.137 D/cocos2d-x debug info(14128): cocos2d: TextureCache: removing unused texture: /data/data/tv.fun.launcher/files/fun_download/90/c2a2ddfe2422257d39bd0c9f5d84fc.png
11-28 15:16:21.137 D/cocos2d-x debug info(14128): JS: updateStatus--（108集全）
11-28 15:16:21.137 D/cocos2d-x debug info(14128): JS: begin home url=http://img.funshion.com/pictures/media/list/946/19/94619_360_504_ott_poster.jpg?1404874362
11-28 15:16:21.137 D/cocos2d-x debug info(14128): JS: mImageNode equal imageInfo.mUrl=http://img.funshion.com/pictures/media/list/946/19/94619_360_504_ott_poster.jpg?1404874362
11-28 15:16:21.137 D/cocos2d-x debug info(14128): JS: funtv.ImageLoader.sImagePath=/data/data/tv.fun.launcher/files/fun_download/f0/9e453cb89720303827007b4e13cf6b.png
11-28 15:16:21.137 D/cocos2d-x debug info(14128): JS: updateStatus--（52集全）
11-28 15:16:21.147 D/cocos2d-x debug info(14128): JS: begin home url=http://img.funshion.com/pictures/media/list/109/656/109656_360_504_ott_poster.jpg?1407378109
11-28 15:16:21.147 D/cocos2d-x debug info(14128): JS: mImageNode equal imageInfo.mUrl=http://img.funshion.com/pictures/media/list/109/656/109656_360_504_ott_poster.jpg?1407378109
11-28 15:16:21.147 D/cocos2d-x debug info(14128): JS: funtv.ImageLoader.sImagePath=/data/data/tv.fun.launcher/files/fun_download/13/88241065de95b5ddc93aad8b4ef693.png
11-28 15:16:21.147 D/cocos2d-x debug info(14128): JS: updateStatus--（1集全）
11-28 15:16:21.147 D/cocos2d-x debug info(14128): JS: begin home url=http://img.funshion.com/pictures/media/list/115/147/115147_360_504_ott_poster.jpg?1407204970
11-28 15:16:21.147 D/cocos2d-x debug info(14128): JS: mImageNode equal imageInfo.mUrl=http://img.funshion.com/pictures/media/list/115/147/115147_360_504_ott_poster.jpg?1407204970
11-28 15:16:21.157 D/cocos2d-x debug info(14128): JS: funtv.ImageLoader.sImagePath=/data/data/tv.fun.launcher/files/fun_download/ba/863e3b35c0ebc2fd3f9d96c51a64dc.png
11-28 15:16:21.157 D/cocos2d-x debug info(14128): JS: updateStatus--（1集全）
11-28 15:16:21.157 D/cocos2d-x debug info(14128): JS: begin home url=http://img.funshion.com/pictures/media/list/110/378/110378_360_504_ott_poster.jpg?1404871332
11-28 15:16:21.157 D/cocos2d-x debug info(14128): JS: mImageNode equal imageInfo.mUrl=http://img.funshion.com/pictures/media/list/110/378/110378_360_504_ott_poster.jpg?1404871332
11-28 15:16:21.157 D/cocos2d-x debug info(14128): JS: funtv.ImageLoader.sImagePath=/data/data/tv.fun.launcher/files/fun_download/4f/71b06a19fb1a8064d7a7f3e35cf7b1.png
11-28 15:16:21.157 D/cocos2d-x debug info(14128): JS: updateStatus--（26集全）
11-28 15:16:21.157 D/cocos2d-x debug info(14128): JS: begin home url=http://img.funshion.com/pictures/media/list/944/69/94469_360_504_ott_poster.jpg?1404872887
11-28 15:16:21.157 D/cocos2d-x debug info(14128): JS: mImageNode equal imageInfo.mUrl=http://img.funshion.com/pictures/media/list/944/69/94469_360_504_ott_poster.jpg?1404872887
11-28 15:16:21.157 D/cocos2d-x debug info(14128): JS: funtv.ImageLoader.sImagePath=/data/data/tv.fun.launcher/files/fun_download/5b/e6d51c3574c44b173adfc47cce4f1d.png
11-28 15:16:21.157 D/cocos2d-x debug info(14128): JS: updateStatus--（20141123期）
11-28 15:16:21.157 D/cocos2d-x debug info(14128): JS: begin home url=http://img.funshion.com/pictures/media/list/115/335/115335_530_298_ott_still.jpg?1416895126
11-28 15:16:21.167 D/cocos2d-x debug info(14128): JS: mImageNode equal imageInfo.mUrl=http://img.funshion.com/pictures/media/list/115/335/115335_530_298_ott_still.jpg?1416895126
11-28 15:16:21.167 D/cocos2d-x debug info(14128): JS: funtv.ImageLoader.sImagePath=/data/data/tv.fun.launcher/files/fun_download/6c/522cd54e6aad2df611914a26e634f6.png
11-28 15:16:21.167 D/cocos2d-x debug info(14128): JS: updateStatus--（20140208期）
11-28 15:16:21.167 D/cocos2d-x debug info(14128): JS: begin home url=http://img.funshion.com/pictures/media/list/928/66/92866_530_298_ott_still.jpg?1405357710
11-28 15:16:21.167 D/cocos2d-x debug info(14128): JS: mImageNode equal imageInfo.mUrl=http://img.funshion.com/pictures/media/list/928/66/92866_530_298_ott_still.jpg?1405357710
11-28 15:16:21.167 D/cocos2d-x debug info(14128): JS: funtv.ImageLoader.sImagePath=/data/data/tv.fun.launcher/files/fun_download/da/403a7f6c2f9f6e8ba2afed6c4f4c80.png
11-28 15:16:21.167 D/cocos2d-x debug info(14128): JS: updateStatus--（20141122期）
11-28 15:16:21.167 D/cocos2d-x debug info(14128): JS: begin home url=http://img.funshion.com/pictures/media/list/117/118/117118_530_298_ott_still.jpg?1416817400
11-28 15:16:21.167 D/cocos2d-x debug info(14128): JS: mImageNode equal imageInfo.mUrl=http://img.funshion.com/pictures/media/list/117/118/117118_530_298_ott_still.jpg?1416817400
11-28 15:16:21.167 D/cocos2d-x debug info(14128): JS: funtv.ImageLoader.sImagePath=/data/data/tv.fun.launcher/files/fun_download/ba/fd59dbb7de96cca259096ccce39994.png
11-28 15:16:21.167 D/JniHelper(14128): JniHelper::getJavaVM(), pthread_self() = 1529184920
11-28 15:16:21.177 D/cocos2d-x debug info(14128): JS:  HomeMainScene Key up:159
11-28 15:16:21.177 D/cocos2d-x debug info(14128): trace_frame: 28.771736
11-28 15:16:21.287 D/cocos2d-x debug info(14128): trace_frame: 70.299385
11-28 15:16:21.407 D/cocos2d-x debug info(14128): trace_frame: 60.077072
11-28 15:16:21.507 D/cocos2d-x debug info(14128): trace_frame: 59.851570
11-28 15:16:21.617 D/launcher_auto(14128): launcher_auto: sendkey and wait.
11-28 15:16:21.627 D/cocos2d-x debug info(14128): trace_frame: 60.258598
11-28 15:16:21.627 D/mdns    ( 4397): SocketDataReady got a packet from 172.16.13.131 to 224.0.0.251 on interface 172.16.13.147/wlan0/7/252
11-28 15:16:21.627 D/mdns    ( 4397): Received Response from 172.16.13.131   addressed to 224.0.0.251     on 412B6F38 with  0 Questions,  3 Answers,  0 Authorities,  0 Additionals 232 bytes LLQType 0
11-28 15:16:21.727 D/cocos2d-x debug info(14128): trace_frame: 59.782993
11-28 15:16:21.837 D/cocos2d-x debug info(14128): trace_frame: 60.448524
11-28 15:16:21.847 D/dalvikvm(22184): GC_FOR_ALLOC freed 661K, 19% free 6648K/8116K, paused 42ms, total 44ms
11-28 15:16:21.887 D/dalvikvm(22184): GC_FOR_ALLOC freed 123K, 19% free 6619K/8116K, paused 38ms, total 38ms
11-28 15:16:21.937 D/dalvikvm(22184): GC_FOR_ALLOC freed 146K, 19% free 6591K/8116K, paused 37ms, total 37ms
11-28 15:16:21.957 D/cocos2d-x debug info(14128): trace_frame: 59.999313
11-28 15:16:21.977 D/dalvikvm(22184): GC_FOR_ALLOC freed 161K, 20% free 6573K/8116K, paused 39ms, total 39ms
11-28 15:16:22.067 D/cocos2d-x debug info(14128): trace_frame: 60.233196
11-28 15:16:22.127 D/cocos2d-x debug info(14128): JS: HomeMainScene Key down:159
11-28 15:16:22.127 D/cocos2d-x debug info(14128): JS: ItemTypeLayer--203--5
11-28 15:16:22.127 D/cocos2d-x debug info(14128): JS: curSelIndex=4
11-28 15:16:22.127 D/cocos2d-x debug info(14128): JS: lastSelIndex=3
11-28 15:16:22.127 D/cocos2d-x debug info(14128): cocos2d: TextureCache: removing unused texture: /data/data/tv.fun.launcher/files/fun_download/60/2345333cf8254a80a3f8931d5e7869.png
11-28 15:16:22.127 D/cocos2d-x debug info(14128): cocos2d: TextureCache: removing unused texture: /data/data/tv.fun.launcher/files/fun_download/30/9fa9fee2e658d71db1257691b19066.png
11-28 15:16:22.127 D/cocos2d-x debug info(14128): cocos2d: TextureCache: removing unused texture: /data/data/tv.fun.launcher/files/fun_download/8c/cb080c35a2a18022a1abd56e467802.png
11-28 15:16:22.137 D/cocos2d-x debug info(14128): cocos2d: TextureCache: removing unused texture: /data/data/tv.fun.launcher/files/fun_download/64/597529be08f60454c7776c442d284f.png
11-28 15:16:22.137 D/cocos2d-x debug info(14128): cocos2d: TextureCache: removing unused texture: /data/data/tv.fun.launcher/files/fun_download/f6/9a813427674cc4bdaeca5bc1acb4cd.png
11-28 15:16:22.137 D/cocos2d-x debug info(14128): cocos2d: TextureCache: removing unused texture: /data/data/tv.fun.launcher/files/fun_download/4f/71b06a19fb1a8064d7a7f3e35cf7b1.png
11-28 15:16:22.137 D/cocos2d-x debug info(14128): cocos2d: TextureCache: removing unused texture: /data/data/tv.fun.launcher/files/fun_download/ba/863e3b35c0ebc2fd3f9d96c51a64dc.png
11-28 15:16:22.137 D/cocos2d-x debug info(14128): cocos2d: TextureCache: removing unused texture: /data/data/tv.fun.launcher/files/fun_download/13/88241065de95b5ddc93aad8b4ef693.png
11-28 15:16:22.137 D/cocos2d-x debug info(14128): cocos2d: TextureCache: removing unused texture: /data/data/tv.fun.launcher/files/fun_download/f0/9e453cb89720303827007b4e13cf6b.png
11-28 15:16:22.137 D/cocos2d-x debug info(14128): cocos2d: TextureCache: removing unused texture: /data/data/tv.fun.launcher/files/fun_download/5b/e6d51c3574c44b173adfc47cce4f1d.png
11-28 15:16:22.137 D/cocos2d-x debug info(14128): JS: updateStatus--（20140831期）
11-28 15:16:22.137 D/cocos2d-x debug info(14128): JS: begin home url=http://img.funshion.com/pictures/media/list/115/048/115048_530_298_ott_still.jpg?1413341526
11-28 15:16:22.137 D/cocos2d-x debug info(14128): JS: mImageNode equal imageInfo.mUrl=http://img.funshion.com/pictures/media/list/115/048/115048_530_298_ott_still.jpg?1413341526
11-28 15:16:22.137 D/cocos2d-x debug info(14128): JS: funtv.ImageLoader.sImagePath=/data/data/tv.fun.launcher/files/fun_download/83/95ce6bcf579ae576c1f410679aad55.png
11-28 15:16:22.147 D/cocos2d-x debug info(14128): JS: updateStatus--（20141127期）
11-28 15:16:22.147 D/cocos2d-x debug info(14128): JS: begin home url=http://img.funshion.com/pictures/media/list/115/270/115270_530_298_ott_still.jpg?1417110652
11-28 15:16:22.147 D/cocos2d-x debug info(14128): JS: mImageNode equal imageInfo.mUrl=http://img.funshion.com/pictures/media/list/115/270/115270_530_298_ott_still.jpg?1417110652
11-28 15:16:22.147 D/cocos2d-x debug info(14128): JS: funtv.ImageLoader.sImagePath=/data/data/tv.fun.launcher/files/fun_download/29/9cf4402e090a096f725619d9aec33e.png
11-28 15:16:22.147 D/cocos2d-x debug info(14128): JS: updateStatus--（20141122期）
11-28 15:16:22.147 D/cocos2d-x debug info(14128): JS: begin home url=http://img.funshion.com/pictures/media/list/116/280/116280_530_298_ott_still.jpg?1416708707
11-28 15:16:22.147 D/cocos2d-x debug info(14128): JS: mImageNode equal imageInfo.mUrl=http://img.funshion.com/pictures/media/list/116/280/116280_530_298_ott_still.jpg?1416708707
11-28 15:16:22.147 D/cocos2d-x debug info(14128): JS: funtv.ImageLoader.sImagePath=/data/data/tv.fun.launcher/files/fun_download/21/78dcabb275220c675170399433a06a.png
11-28 15:16:22.147 D/JniHelper(14128): JniHelper::getJavaVM(), pthread_self() = 1529184920
11-28 15:16:22.147 D/cocos2d-x debug info(14128): JS:  HomeMainScene Key up:159
11-28 15:16:22.177 D/cocos2d-x debug info(14128): trace_frame: 49.893723
11-28 15:16:22.277 D/cocos2d-x debug info(14128): trace_frame: 59.519085
11-28 15:16:22.377 D/cocos2d-x debug info(14128): trace_frame: 59.668835
11-28 15:16:22.487 D/cocos2d-x debug info(14128): trace_frame: 60.804531
11-28 15:16:22.607 D/cocos2d-x debug info(14128): trace_frame: 60.053364
11-28 15:16:22.627 D/launcher_auto(14128): launcher_auto: sendkey and wait.
11-28 15:16:22.707 D/cocos2d-x debug info(14128): trace_frame: 59.953835
11-28 15:16:22.817 D/cocos2d-x debug info(14128): trace_frame: 60.021950
11-28 15:16:22.937 D/cocos2d-x debug info(14128): trace_frame: 60.039455
11-28 15:16:23.037 D/cocos2d-x debug info(14128): trace_frame: 59.496655
11-28 15:16:23.137 D/cocos2d-x debug info(14128): JS: HomeMainScene Key down:159
11-28 15:16:23.137 D/cocos2d-x debug info(14128): JS: ItemTypeLayer--203--6
11-28 15:16:23.147 D/cocos2d-x debug info(14128): JS: curSelIndex=8
11-28 15:16:23.147 D/cocos2d-x debug info(14128): JS: lastSelIndex=4
11-28 15:16:23.147 D/cocos2d-x debug info(14128): cocos2d: TextureCache: removing unused texture: /data/data/tv.fun.launcher/files/fun_download/ca/c72353a2f88bd06d003d3f670487c5.png
11-28 15:16:23.147 D/cocos2d-x debug info(14128): cocos2d: TextureCache: removing unused texture: /data/data/tv.fun.launcher/files/fun_download/27/8facff3a1055ad2cade38fb8598312.png
11-28 15:16:23.147 D/cocos2d-x debug info(14128): cocos2d: TextureCache: removing unused texture: /data/data/tv.fun.launcher/files/fun_download/62/6a26497ae3319c719b013a73806abd.png
11-28 15:16:23.147 D/cocos2d-x debug info(14128): cocos2d: TextureCache: removing unused texture: /data/data/tv.fun.launcher/files/fun_download/7a/e72b02b44a6d53a20a9174ea64f043.png
11-28 15:16:23.147 D/cocos2d-x debug info(14128): cocos2d: TextureCache: removing unused texture: /data/data/tv.fun.launcher/files/fun_download/0b/7cadd1cb4919fe951eff0526578ef0.png
11-28 15:16:23.147 D/cocos2d-x debug info(14128): cocos2d: TextureCache: removing unused texture: /data/data/tv.fun.launcher/files/fun_download/21/78dcabb275220c675170399433a06a.png
11-28 15:16:23.147 D/cocos2d-x debug info(14128): cocos2d: TextureCache: removing unused texture: /data/data/tv.fun.launcher/files/fun_download/29/9cf4402e090a096f725619d9aec33e.png
11-28 15:16:23.147 D/cocos2d-x debug info(14128): cocos2d: TextureCache: removing unused texture: /data/data/tv.fun.launcher/files/fun_download/83/95ce6bcf579ae576c1f410679aad55.png
