11-28 15:22:32.997 D/cocos2d-x debug info(14128): JS: no Icon cache for com.android.vending
11-28 15:22:32.997 D/JniHelper(14128): JniHelper::getJavaVM(), pthread_self() = 1529184920
11-28 15:22:32.997 D/cocos2d-x debug info(14128): JS: local app: appIcon begin4
11-28 15:22:33.007 D/LoadIconAsyncTask(14128): start load pkgName is com.android.vending
11-28 15:22:33.007 D/JniHelper(14128): JniHelper::getJavaVM(), pthread_self() = 1529184920
11-28 15:22:33.007 D/LoadIconAsyncTask(14128): com.android.vending load result is true
11-28 15:22:33.027 D/AppStoreManager(14128): javaCallJs.run()------------------------------------------------
11-28 15:22:33.027 D/AppStoreManager(14128): callbackStr : launcher.eventCenter.onImageLoaded({"url":"\/data\/data\/tv.fun.launcher\/files\/com.android.vending"})
11-28 15:22:33.027 D/cocos2d-x debug info(14128): JS: launcher.eventCenter.onImageLoaded
11-28 15:22:33.027 D/cocos2d-x debug info(14128): JS: onImageLoaded url:/data/data/tv.fun.launcher/files/com.android.vending
11-28 15:22:33.027 D/JniHelper(14128): JniHelper::getJavaVM(), pthread_self() = 1529184920
11-28 15:22:33.027 D/FileUtil(14128): getImageFilePathByUrl, url is /data/data/tv.fun.launcher/files/com.android.vending
11-28 15:22:33.027 D/FileUtil(14128): getImageFilePathByUrl, fileName is com.android.vending
11-28 15:22:33.037 D/cocos2d-x debug info(14128): JS: onLoadImage end
11-28 15:22:33.057 D/cocos2d-x debug info(14128): trace_frame: 54.205921
11-28 15:22:33.077 D/cocos2d-x debug info(14128): JS: launcherAppAdapter updateData cell38
11-28 15:22:33.077 D/cocos2d-x debug info(14128): JS: launcherAppAdapter fillData cell38
11-28 15:22:33.077 D/cocos2d-x debug info(14128): JS: this.mData.length4338
11-28 15:22:33.077 D/cocos2d-x debug info(14128): JS: local app:com.android.music
11-28 15:22:33.077 D/JniHelper(14128): JniHelper::getJavaVM(), pthread_self() = 1529184920
11-28 15:22:33.077 D/FileUtil(14128): getImageFilePathByUrl, url is /data/data/tv.fun.launcher/files/com.android.music
11-28 15:22:33.077 D/FileUtil(14128): getImageFilePathByUrl, fileName is com.android.music
11-28 15:22:33.077 D/cocos2d-x debug info(14128): JS: no Icon cache for com.android.music
11-28 15:22:33.077 D/JniHelper(14128): JniHelper::getJavaVM(), pthread_self() = 1529184920
11-28 15:22:33.077 D/cocos2d-x debug info(14128): JS: local app: appIcon begin4
11-28 15:22:33.077 D/LoadIconAsyncTask(14128): start load pkgName is com.android.music
11-28 15:22:33.087 D/JniHelper(14128): JniHelper::getJavaVM(), pthread_self() = 1529184920
11-28 15:22:33.087 D/LoadIconAsyncTask(14128): com.android.music load result is true
11-28 15:22:33.107 D/AppStoreManager(14128): javaCallJs.run()------------------------------------------------
11-28 15:22:33.107 D/AppStoreManager(14128): callbackStr : launcher.eventCenter.onImageLoaded({"url":"\/data\/data\/tv.fun.launcher\/files\/com.android.music"})
11-28 15:22:33.107 D/cocos2d-x debug info(14128): JS: launcher.eventCenter.onImageLoaded
11-28 15:22:33.107 D/cocos2d-x debug info(14128): JS: onImageLoaded url:/data/data/tv.fun.launcher/files/com.android.music
11-28 15:22:33.107 D/JniHelper(14128): JniHelper::getJavaVM(), pthread_self() = 1529184920
11-28 15:22:33.107 D/FileUtil(14128): getImageFilePathByUrl, url is /data/data/tv.fun.launcher/files/com.android.music
11-28 15:22:33.107 D/FileUtil(14128): getImageFilePathByUrl, fileName is com.android.music
11-28 15:22:33.107 D/cocos2d-x debug info(14128): JS: onLoadImage end
11-28 15:22:33.167 D/cocos2d-x debug info(14128): trace_frame: 51.878433
11-28 15:22:33.237 D/cocos2d-x debug info(14128): JS: launcherAppAdapter updateData cell39
11-28 15:22:33.237 D/cocos2d-x debug info(14128): JS: launcherAppAdapter fillData cell39
11-28 15:22:33.237 D/cocos2d-x debug info(14128): JS: this.mData.length4339
11-28 15:22:33.247 D/cocos2d-x debug info(14128): JS: local app:com.mele.settings
11-28 15:22:33.247 D/JniHelper(14128): JniHelper::getJavaVM(), pthread_self() = 1529184920
11-28 15:22:33.247 D/FileUtil(14128): getImageFilePathByUrl, url is /data/data/tv.fun.launcher/files/com.mele.settings
11-28 15:22:33.247 D/FileUtil(14128): getImageFilePathByUrl, fileName is com.mele.settings
11-28 15:22:33.247 D/cocos2d-x debug info(14128): JS: no Icon cache for com.mele.settings
11-28 15:22:33.247 D/JniHelper(14128): JniHelper::getJavaVM(), pthread_self() = 1529184920
11-28 15:22:33.247 D/LoadIconAsyncTask(14128): start load pkgName is com.mele.settings
11-28 15:22:33.247 D/cocos2d-x debug info(14128): JS: local app: appIcon begin4
11-28 15:22:33.247 D/JniHelper(14128): JniHelper::getJavaVM(), pthread_self() = 1529184920
11-28 15:22:33.247 D/LoadIconAsyncTask(14128): com.mele.settings load result is true
11-28 15:22:33.257 D/AppStoreManager(14128): javaCallJs.run()------------------------------------------------
11-28 15:22:33.257 D/AppStoreManager(14128): callbackStr : launcher.eventCenter.onImageLoaded({"url":"\/data\/data\/tv.fun.launcher\/files\/com.mele.settings"})
11-28 15:22:33.267 D/cocos2d-x debug info(14128): JS: launcher.eventCenter.onImageLoaded
11-28 15:22:33.267 D/cocos2d-x debug info(14128): JS: onImageLoaded url:/data/data/tv.fun.launcher/files/com.mele.settings
11-28 15:22:33.267 D/JniHelper(14128): JniHelper::getJavaVM(), pthread_self() = 1529184920
11-28 15:22:33.267 D/launcher_auto(14128): launcher_auto: sendkey and wait.
11-28 15:22:33.267 D/FileUtil(14128): getImageFilePathByUrl, url is /data/data/tv.fun.launcher/files/com.mele.settings
11-28 15:22:33.267 D/FileUtil(14128): getImageFilePathByUrl, fileName is com.mele.settings
11-28 15:22:33.267 D/cocos2d-x debug info(14128): JS: onLoadImage end
11-28 15:22:33.277 D/cocos2d-x debug info(14128): trace_frame: 57.780647
11-28 15:22:33.337 D/mdns    ( 4397): SocketDataReady got a packet from 172.16.13.167 to 224.0.0.251 on interface 172.16.13.147/wlan0/7/300
11-28 15:22:33.337 D/mdns    ( 4397): Received Response from 172.16.13.167   addressed to 224.0.0.251     on 412B9F90 with  0 Questions,  3 Answers,  0 Authorities,  0 Additionals 280 bytes LLQType 0
11-28 15:22:33.337 D/mdns    ( 4397): Found record size   176 interface 412B9F90 already in cache:  176 1048b118a129@hello\032mibox._raop._tcp.local. TXT tp=UDP¦sm=false¦sv=false¦ek=1¦et=0,3,5¦cn=0,1¦ch=2¦ss=16¦sr=44100¦pw=false¦vn=3¦txtvers=1¦d
11-28 15:22:33.387 D/cocos2d-x debug info(14128): trace_frame: 61.986401
11-28 15:22:33.487 D/cocos2d-x debug info(14128): trace_frame: 59.506687
11-28 15:22:33.607 D/cocos2d-x debug info(14128): trace_frame: 60.462101
11-28 15:22:33.707 D/cocos2d-x debug info(14128): trace_frame: 59.995800
11-28 15:22:33.767 D/cocos2d-x debug info(14128): JS: HomeMainScene Key down:156
11-28 15:22:33.767 D/cocos2d-x debug info(14128): JS: turnPage: toRight false
11-28 15:22:33.777 D/cocos2d-x debug info(14128): JS: jumpFocus4
11-28 15:22:33.777 D/cocos2d-x debug info(14128): JS: toXPosition1530y-16
11-28 15:22:33.777 D/cocos2d-x debug info(14128): JS: left button clicked. currentIndex:34
11-28 15:22:33.777 D/cocos2d-x debug info(14128): JS:  HomeMainScene Key up:156
11-28 15:22:33.807 D/cocos2d-x debug info(14128): trace_frame: 59.992203
11-28 15:22:33.817 D/cocos2d-x debug info(14128): JS: launcherAppAdapter updateData cell32
11-28 15:22:33.817 D/cocos2d-x debug info(14128): JS: launcherAppAdapter fillData cell32
11-28 15:22:33.827 D/cocos2d-x debug info(14128): JS: this.mData.length4332
11-28 15:22:33.827 D/cocos2d-x debug info(14128): JS: local app:com.softwinner.wifidisplayreceiver
11-28 15:22:33.827 D/JniHelper(14128): JniHelper::getJavaVM(), pthread_self() = 1529184920
11-28 15:22:33.827 D/FileUtil(14128): getImageFilePathByUrl, url is /data/data/tv.fun.launcher/files/com.softwinner.wifidisplayreceiver
11-28 15:22:33.827 D/FileUtil(14128): getImageFilePathByUrl, fileName is com.softwinner.wifidisplayreceiver
11-28 15:22:33.827 D/cocos2d-x debug info(14128): JS: no Icon cache for com.softwinner.wifidisplayreceiver
11-28 15:22:33.827 D/JniHelper(14128): JniHelper::getJavaVM(), pthread_self() = 1529184920
11-28 15:22:33.827 D/LoadIconAsyncTask(14128): start load pkgName is com.softwinner.wifidisplayreceiver
11-28 15:22:33.827 D/cocos2d-x debug info(14128): JS: local app: appIcon begin4
11-28 15:22:33.827 D/JniHelper(14128): JniHelper::getJavaVM(), pthread_self() = 1529184920
11-28 15:22:33.827 D/LoadIconAsyncTask(14128): com.softwinner.wifidisplayreceiver load result is true
11-28 15:22:33.847 D/AppStoreManager(14128): javaCallJs.run()------------------------------------------------
11-28 15:22:33.847 D/AppStoreManager(14128): callbackStr : launcher.eventCenter.onImageLoaded({"url":"\/data\/data\/tv.fun.launcher\/files\/com.softwinner.wifidisplayreceiver"})
11-28 15:22:33.847 D/cocos2d-x debug info(14128): JS: launcher.eventCenter.onImageLoaded
11-28 15:22:33.847 D/cocos2d-x debug info(14128): JS: onImageLoaded url:/data/data/tv.fun.launcher/files/com.softwinner.wifidisplayreceiver
11-28 15:22:33.847 D/JniHelper(14128): JniHelper::getJavaVM(), pthread_self() = 1529184920
11-28 15:22:33.857 D/FileUtil(14128): getImageFilePathByUrl, url is /data/data/tv.fun.launcher/files/com.softwinner.wifidisplayreceiver
11-28 15:22:33.857 D/FileUtil(14128): getImageFilePathByUrl, fileName is com.softwinner.wifidisplayreceiver
11-28 15:22:33.857 D/cocos2d-x debug info(14128): JS: onLoadImage end
11-28 15:22:33.867 D/dalvikvm(14128): GC_CONCURRENT freed 985K, 61% free 7389K/18508K, paused 3ms+3ms, total 34ms
11-28 15:22:33.887 D/cocos2d-x debug info(14128): JS: launcherAppAdapter updateData cell31
11-28 15:22:33.887 D/cocos2d-x debug info(14128): JS: launcherAppAdapter fillData cell31
11-28 15:22:33.887 D/cocos2d-x debug info(14128): JS: this.mData.length4331
11-28 15:22:33.887 D/cocos2d-x debug info(14128): JS: local app:com.istudio.appstore
11-28 15:22:33.887 D/JniHelper(14128): JniHelper::getJavaVM(), pthread_self() = 1529184920
11-28 15:22:33.897 D/FileUtil(14128): getImageFilePathByUrl, url is /data/data/tv.fun.launcher/files/com.istudio.appstore
11-28 15:22:33.897 D/FileUtil(14128): getImageFilePathByUrl, fileName is com.istudio.appstore
11-28 15:22:33.897 D/cocos2d-x debug info(14128): JS: no Icon cache for com.istudio.appstore
11-28 15:22:33.897 D/JniHelper(14128): JniHelper::getJavaVM(), pthread_self() = 1529184920
11-28 15:22:33.897 D/LoadIconAsyncTask(14128): start load pkgName is com.istudio.appstore
11-28 15:22:33.897 D/cocos2d-x debug info(14128): JS: local app: appIcon begin4
11-28 15:22:33.897 D/JniHelper(14128): JniHelper::getJavaVM(), pthread_self() = 1529184920
11-28 15:22:33.897 D/LoadIconAsyncTask(14128): com.istudio.appstore load result is true
11-28 15:22:33.907 D/AppStoreManager(14128): javaCallJs.run()------------------------------------------------
11-28 15:22:33.907 D/AppStoreManager(14128): callbackStr : launcher.eventCenter.onImageLoaded({"url":"\/data\/data\/tv.fun.launcher\/files\/com.istudio.appstore"})
11-28 15:22:33.907 D/cocos2d-x debug info(14128): JS: launcher.eventCenter.onImageLoaded
11-28 15:22:33.907 D/cocos2d-x debug info(14128): JS: onImageLoaded url:/data/data/tv.fun.launcher/files/com.istudio.appstore
11-28 15:22:33.907 D/JniHelper(14128): JniHelper::getJavaVM(), pthread_self() = 1529184920
11-28 15:22:33.917 D/FileUtil(14128): getImageFilePathByUrl, url is /data/data/tv.fun.launcher/files/com.istudio.appstore
11-28 15:22:33.917 D/FileUtil(14128): getImageFilePathByUrl, fileName is com.istudio.appstore
11-28 15:22:33.917 D/cocos2d-x debug info(14128): JS: onLoadImage end
11-28 15:22:33.917 D/cocos2d-x debug info(14128): trace_frame: 53.256176
11-28 15:22:33.947 D/mdns    ( 4397): SocketDataReady got a packet from 172.16.13.193 to 224.0.0.251 on interface 172.16.13.147/wlan0/7/300
11-28 15:22:33.947 D/mdns    ( 4397): Received Response from 172.16.13.193   addressed to 224.0.0.251     on 412B9F90 with  0 Questions,  3 Answers,  0 Authorities,  0 Additionals 202 bytes LLQType 0
11-28 15:22:33.957 D/cocos2d-x debug info(14128): JS: launcherAppAdapter updateData cell30
11-28 15:22:33.957 D/cocos2d-x debug info(14128): JS: launcherAppAdapter fillData cell30
11-28 15:22:33.957 D/cocos2d-x debug info(14128): JS: this.mData.length4330
11-28 15:22:33.957 D/cocos2d-x debug info(14128): JS: local app:com.softwinner.MeleFileManager
11-28 15:22:33.957 D/JniHelper(14128): JniHelper::getJavaVM(), pthread_self() = 1529184920
11-28 15:22:33.957 D/FileUtil(14128): getImageFilePathByUrl, url is /data/data/tv.fun.launcher/files/com.softwinner.MeleFileManager
11-28 15:22:33.967 D/FileUtil(14128): getImageFilePathByUrl, fileName is com.softwinner.MeleFileManager
11-28 15:22:33.967 D/cocos2d-x debug info(14128): JS: no Icon cache for com.softwinner.MeleFileManager
11-28 15:22:33.967 D/JniHelper(14128): JniHelper::getJavaVM(), pthread_self() = 1529184920
11-28 15:22:33.967 D/LoadIconAsyncTask(14128): start load pkgName is com.softwinner.MeleFileManager
11-28 15:22:33.967 D/cocos2d-x debug info(14128): JS: local app: appIcon begin4
11-28 15:22:33.967 D/JniHelper(14128): JniHelper::getJavaVM(), pthread_self() = 1529184920
11-28 15:22:33.967 D/LoadIconAsyncTask(14128): com.softwinner.MeleFileManager load result is true
11-28 15:22:33.977 D/AppStoreManager(14128): javaCallJs.run()------------------------------------------------
11-28 15:22:33.977 D/AppStoreManager(14128): callbackStr : launcher.eventCenter.onImageLoaded({"url":"\/data\/data\/tv.fun.launcher\/files\/com.softwinner.MeleFileManager"})
11-28 15:22:33.977 D/cocos2d-x debug info(14128): JS: launcher.eventCenter.onImageLoaded
11-28 15:22:33.977 D/cocos2d-x debug info(14128): JS: onImageLoaded url:/data/data/tv.fun.launcher/files/com.softwinner.MeleFileManager
11-28 15:22:33.977 D/JniHelper(14128): JniHelper::getJavaVM(), pthread_self() = 1529184920
11-28 15:22:33.987 D/FileUtil(14128): getImageFilePathByUrl, url is /data/data/tv.fun.launcher/files/com.softwinner.MeleFileManager
11-28 15:22:33.987 D/FileUtil(14128): getImageFilePathByUrl, fileName is com.softwinner.MeleFileManager
11-28 15:22:33.987 D/cocos2d-x debug info(14128): JS: onLoadImage end
11-28 15:22:34.017 D/cocos2d-x debug info(14128): trace_frame: 67.292175
11-28 15:22:34.037 D/cocos2d-x debug info(14128): JS: launcherAppAdapter updateData cell29
11-28 15:22:34.037 D/cocos2d-x debug info(14128): JS: launcherAppAdapter fillData cell29
11-28 15:22:34.037 D/cocos2d-x debug info(14128): JS: this.mData.length4329
11-28 15:22:34.037 D/cocos2d-x debug info(14128): JS: local app:com.mele.melesystemupdate
11-28 15:22:34.037 D/JniHelper(14128): JniHelper::getJavaVM(), pthread_self() = 1529184920
11-28 15:22:34.047 D/FileUtil(14128): getImageFilePathByUrl, url is /data/data/tv.fun.launcher/files/com.mele.melesystemupdate
11-28 15:22:34.047 D/FileUtil(14128): getImageFilePathByUrl, fileName is com.mele.melesystemupdate
11-28 15:22:34.047 D/cocos2d-x debug info(14128): JS: no Icon cache for com.mele.melesystemupdate
11-28 15:22:34.047 D/JniHelper(14128): JniHelper::getJavaVM(), pthread_self() = 1529184920
11-28 15:22:34.047 D/cocos2d-x debug info(14128): JS: local app: appIcon begin4
11-28 15:22:34.047 D/JniHelper(14128): JniHelper::getJavaVM(), pthread_self() = 1529184920
11-28 15:22:34.047 D/LoadIconAsyncTask(14128): start load pkgName is com.mele.melesystemupdate
11-28 15:22:34.047 D/LoadIconAsyncTask(14128): com.mele.melesystemupdate load result is true
11-28 15:22:34.057 D/AppStoreManager(14128): javaCallJs.run()------------------------------------------------
11-28 15:22:34.057 D/AppStoreManager(14128): callbackStr : launcher.eventCenter.onImageLoaded({"url":"\/data\/data\/tv.fun.launcher\/files\/com.mele.melesystemupdate"})
11-28 15:22:34.057 D/cocos2d-x debug info(14128): JS: launcher.eventCenter.onImageLoaded
11-28 15:22:34.057 D/cocos2d-x debug info(14128): JS: onImageLoaded url:/data/data/tv.fun.launcher/files/com.mele.melesystemupdate
11-28 15:22:34.057 D/JniHelper(14128): JniHelper::getJavaVM(), pthread_self() = 1529184920
11-28 15:22:34.067 D/FileUtil(14128): getImageFilePathByUrl, url is /data/data/tv.fun.launcher/files/com.mele.melesystemupdate
11-28 15:22:34.067 D/FileUtil(14128): getImageFilePathByUrl, fileName is com.mele.melesystemupdate
11-28 15:22:34.067 D/cocos2d-x debug info(14128): JS: onLoadImage end
11-28 15:22:34.137 D/cocos2d-x debug info(14128): trace_frame: 59.910477
11-28 15:22:34.147 D/mdns    ( 4397): SocketDataReady got a packet from 172.16.13.164 to 224.0.0.251 on interface 172.16.13.147/wlan0/7/300
11-28 15:22:34.147 D/mdns    ( 4397): Received Response from 172.16.13.164   addressed to 224.0.0.251     on 412B9F90 with  0 Questions,  3 Answers,  0 Authorities,  0 Additionals 233 bytes LLQType 0
11-28 15:22:34.157 D/cocos2d-x debug info(14128): JS: launcherAppAdapter updateData cell28
11-28 15:22:34.157 D/cocos2d-x debug info(14128): JS: launcherAppAdapter fillData cell28
11-28 15:22:34.157 D/cocos2d-x debug info(14128): JS: this.mData.length4328
11-28 15:22:34.157 D/cocos2d-x debug info(14128): JS: local app:com.softwinner.miracastReceiver
11-28 15:22:34.157 D/JniHelper(14128): JniHelper::getJavaVM(), pthread_self() = 1529184920
11-28 15:22:34.157 D/FileUtil(14128): getImageFilePathByUrl, url is /data/data/tv.fun.launcher/files/com.softwinner.miracastReceiver
11-28 15:22:34.157 D/FileUtil(14128): getImageFilePathByUrl, fileName is com.softwinner.miracastReceiver
11-28 15:22:34.157 D/cocos2d-x debug info(14128): JS: no Icon cache for com.softwinner.miracastReceiver
11-28 15:22:34.157 D/JniHelper(14128): JniHelper::getJavaVM(), pthread_self() = 1529184920
11-28 15:22:34.167 D/LoadIconAsyncTask(14128): start load pkgName is com.softwinner.miracastReceiver
11-28 15:22:34.167 D/cocos2d-x debug info(14128): JS: local app: appIcon begin4
11-28 15:22:34.167 D/JniHelper(14128): JniHelper::getJavaVM(), pthread_self() = 1529184920
11-28 15:22:34.167 D/LoadIconAsyncTask(14128): com.softwinner.miracastReceiver load result is true
11-28 15:22:34.177 D/AppStoreManager(14128): javaCallJs.run()------------------------------------------------
11-28 15:22:34.177 D/AppStoreManager(14128): callbackStr : launcher.eventCenter.onImageLoaded({"url":"\/data\/data\/tv.fun.launcher\/files\/com.softwinner.miracastReceiver"})
11-28 15:22:34.177 D/cocos2d-x debug info(14128): JS: launcher.eventCenter.onImageLoaded
11-28 15:22:34.177 D/cocos2d-x debug info(14128): JS: onImageLoaded url:/data/data/tv.fun.launcher/files/com.softwinner.miracastReceiver
11-28 15:22:34.177 D/JniHelper(14128): JniHelper::getJavaVM(), pthread_self() = 1529184920
11-28 15:22:34.177 D/FileUtil(14128): getImageFilePathByUrl, url is /data/data/tv.fun.launcher/files/com.softwinner.miracastReceiver
11-28 15:22:34.177 D/FileUtil(14128): getImageFilePathByUrl, fileName is com.softwinner.miracastReceiver
11-28 15:22:34.177 D/cocos2d-x debug info(14128): JS: onLoadImage end
11-28 15:22:34.257 D/cocos2d-x debug info(14128): trace_frame: 60.058517
11-28 15:22:34.267 D/launcher_auto(14128): launcher_auto: sendkey and wait.
11-28 15:22:34.367 D/mdns    ( 4397): SocketDataReady got a packet from 172.16.13.131 to 224.0.0.251 on interface 172.16.13.147/wlan0/7/300
11-28 15:22:34.367 D/mdns    ( 4397): Received Response from 172.16.13.131   addressed to 224.0.0.251     on 412B9F90 with  0 Questions,  3 Answers,  0 Authorities,  0 Additionals 333 bytes LLQType 0
11-28 15:22:34.367 D/cocos2d-x debug info(14128): trace_frame: 59.860268
11-28 15:22:34.487 D/cocos2d-x debug info(14128): trace_frame: 60.194859
11-28 15:22:34.587 D/cocos2d-x debug info(14128): trace_frame: 59.995800
11-28 15:22:34.687 D/cocos2d-x debug info(14128): trace_frame: 59.949039
11-28 15:22:34.787 D/cocos2d-x debug info(14128): JS: HomeMainScene Key down:156
11-28 15:22:34.787 D/cocos2d-x debug info(14128): JS: left button clicked. currentIndex:33
11-28 15:22:34.797 D/cocos2d-x debug info(14128): JS:  HomeMainScene Key up:156
11-28 15:22:34.797 D/cocos2d-x debug info(14128): trace_frame: 56.924915
11-28 15:22:34.907 D/cocos2d-x debug info(14128): trace_frame: 62.973427
11-28 15:22:34.967 D/mdns    ( 4397): SocketDataReady got a packet from 172.16.13.4 to 224.0.0.251 on interface 172.16.13.147/wlan0/7/300
11-28 15:22:34.967 D/mdns    ( 4397): Received Query from 172.16.13.4    :5353  to 224.0.0.251    :5353  on 0x412B9F90 with  1 Question,  13 Answers,  0 Authorities,  0 Additionals 416 bytes
11-28 15:22:34.967 D/mdns    ( 4397): AddRecordToResponseList: _airplay._tcp.local. (PTR) already in list
11-28 15:22:34.967 D/mdns    ( 4397): AddRecordToResponseList: MiniMax._airplay._tcp.local. (SRV) already in list
11-28 15:22:34.967 D/mdns    ( 4397): AddRecordToResponseList: MiniMax._airplay._tcp.local. (TXT) already in list
11-28 15:22:34.967 D/mdns    ( 4397): AddRecordToResponseList: Android-2.local. (Addr) already in list
11-28 15:22:34.967 D/mdns    ( 4397): AddRecordToResponseList: Android-2.local. (AAAA) already in list
11-28 15:22:34.967 D/mdns    ( 4397): AddRecordToResponseList: Android-2.local. (Addr) already in list
11-28 15:22:34.967 D/mdns    ( 4397): AddRecordToResponseList: Android-2.local. (AAAA) already in list
11-28 15:22:34.967 D/mdns    ( 4397): AddRecordToResponseList: Android-2.local. (Addr) already in list
11-28 15:22:34.967 D/mdns    ( 4397): AddRecordToResponseList: Android-2.local. (AAAA) already in list
11-28 15:22:34.967 D/mdns    ( 4397): SocketDataReady got a packet from FE80:0000:0000:0000:EE35:86FF:FE54:AE58 to FF02:0000:0000:0000:0000:0000:0000:00FB on interface 172.16.13.147/wlan0/7/301
11-28 15:22:34.967 D/mdns    ( 4397): Received Query from FE80:0000:0000:0000:EE35:86FF:FE54:AE58:5353  to FF02:0000:0000:0000:0000:0000:0000:00FB:5353  on 0x412B9F90 with  1 Question,  13 Answers,  0 Authorities,  0 Additionals 416 bytes
11-28 15:22:34.967 D/mdns    ( 4397): AddRecordToResponseList: _airplay._tcp.local. (PTR) already in list
11-28 15:22:34.967 D/mdns    ( 4397): AddRecordToResponseList: MiniMax._airplay._tcp.local. (SRV) already in list
11-28 15:22:34.967 D/mdns    ( 4397): AddRecordToResponseList: MiniMax._airplay._tcp.local. (TXT) already in list
11-28 15:22:34.967 D/mdns    ( 4397): AddRecordToResponseList: Android-2.local. (Addr) already in list
11-28 15:22:34.967 D/mdns    ( 4397): AddRecordToResponseList: Android-2.local. (AAAA) already in list
11-28 15:22:34.967 D/mdns    ( 4397): AddRecordToResponseList: Android-2.local. (Addr) already in list
11-28 15:22:34.967 D/mdns    ( 4397): AddRecordToResponseList: Android-2.local. (AAAA) already in list
11-28 15:22:34.967 D/mdns    ( 4397): AddRecordToResponseList: Android-2.local. (Addr) already in list
11-28 15:22:34.967 D/mdns    ( 4397): AddRecordToResponseList: Android-2.local. (AAAA) already in list
11-28 15:22:34.967 D/mdns    ( 4397): SocketDataReady got a packet from 172.16.13.167 to 224.0.0.251 on interface 172.16.13.147/wlan0/7/300
11-28 15:22:34.967 D/mdns    ( 4397): Received Response from 172.16.13.167   addressed to 224.0.0.251     on 412B9F90 with  0 Questions,  3 Answers,  0 Authorities,  0 Additionals 190 bytes LLQType 0
11-28 15:22:34.967 D/mdns    ( 4397): Found record size    94 interface 412B9F90 already in cache:   94 hello\032mibox._airplay._tcp.local. TXT deviceid=10:48:b1:18:a1:29¦features=0x100029ff¦flags=0x4¦model=AppleTV3,1¦srcvers=150.33¦vv=1
11-28 15:22:34.977 D/mdns    ( 4397): SocketDataReady got a packet from 172.16.13.187 to 224.0.0.251 on interface 172.16.13.147/wlan0/7/300
11-28 15:22:34.977 D/mdns    ( 4397): Received Response from 172.16.13.187   addressed to 224.0.0.251     on 412B9F90 with  0 Questions,  3 Answers,  0 Authorities,  0 Additionals 204 bytes LLQType 0
11-28 15:22:34.977 D/mdns    ( 4397): SocketDataReady got a packet from 172.16.13.203 to 224.0.0.251 on interface 172.16.13.147/wlan0/7/300
11-28 15:22:34.977 D/mdns    ( 4397): Received Response from 172.16.13.203   addressed to 224.0.0.251     on 412B9F90 with  0 Questions,  3 Answers,  0 Authorities,  0 Additionals 204 bytes LLQType 0
11-28 15:22:34.977 D/mdns    ( 4397): Found record size    94 interface 412B9F90 already in cache:   94 客厅的小米盒子\032(3)._airplay._tcp.local. TXT deviceid=10:48:b1:52:aa:81¦features=0x100029ff¦flags=0x4¦model=AppleTV3,1¦srcvers=150.33¦vv=1
11-28 15:22:34.977 D/mdns    ( 4397): SocketDataReady got a packet from 172.16.13.164 to 224.0.0.251 on interface 172.16.13.147/wlan0/7/300
11-28 15:22:34.977 D/mdns    ( 4397): Received Response from 172.16.13.164   addressed to 224.0.0.251     on 412B9F90 with  0 Questions,  3 Answers,  0 Authorities,  0 Additionals 204 bytes LLQType 0
11-28 15:22:34.987 D/mdns    ( 4397): SocketDataReady got a packet from 172.16.13.14 to 224.0.0.251 on interface 172.16.13.147/wlan0/7/300
11-28 15:22:34.987 D/mdns    ( 4397): Received Response from 172.16.13.14    addressed to 224.0.0.251     on 412B9F90 with  0 Questions,  4 Answers,  0 Authorities,  0 Additionals 218 bytes LLQType 0
11-28 15:22:34.987 D/mdns    ( 4397): SocketDataReady got a packet from 172.16.13.146 to 224.0.0.251 on interface 172.16.13.147/wlan0/7/300
11-28 15:22:34.987 D/mdns    ( 4397): Received Response from 172.16.13.146   addressed to 224.0.0.251     on 412B9F90 with  0 Questions,  4 Answers,  0 Authorities,  0 Additionals 222 bytes LLQType 0
11-28 15:22:34.987 D/mdns    ( 4397): SocketDataReady got a packet from 172.16.13.146 to 224.0.0.251 on interface 172.16.13.147/wlan0/7/300
11-28 15:22:34.987 D/mdns    ( 4397): Received Response from 172.16.13.146   addressed to 224.0.0.251     on 412B9F90 with  0 Questions,  4 Answers,  0 Authorities,  0 Additionals 225 bytes LLQType 0
11-28 15:22:34.997 D/mdns    ( 4397): SocketDataReady got a packet from 172.16.13.193 to 224.0.0.251 on interface 172.16.13.147/wlan0/7/300
11-28 15:22:34.997 D/mdns    ( 4397): Received Response from 172.16.13.193   addressed to 224.0.0.251     on 412B9F90 with  0 Questions,  3 Answers,  0 Authorities,  0 Additionals 204 bytes LLQType 0
11-28 15:22:34.997 D/mdns    ( 4397): Found record size    94 interface 412B9F90 already in cache:   94 客厅的小米盒子\032(6)._airplay._tcp.local. TXT deviceid=10:48:b1:4f:69:32¦features=0x100029ff¦flags=0x4¦model=AppleTV3,1¦srcvers=150.33¦vv=1
11-28 15:22:34.997 D/mdns    ( 4397): SocketDataReady got a packet from 172.16.13.131 to 224.0.0.251 on interface 172.16.13.147/wlan0/7/300
11-28 15:22:34.997 D/mdns    ( 4397): Received Response from 172.16.13.131   addressed to 224.0.0.251     on 412B9F90 with  0 Questions,  4 Answers,  0 Authorities,  0 Additionals 214 bytes LLQType 0
11-28 15:22:34.997 D/mdns    ( 4397): Found record size    94 interface 412B9F90 already in cache:   94 客厅的小米盒子._airplay._tcp.local. TXT deviceid=10:48:b1:51:35:aa¦features=0x100029ff¦flags=0x4¦model=AppleTV3,1¦srcvers=150.33¦vv=1
11-28 15:22:35.007 D/cocos2d-x debug info(14128): trace_frame: 59.401245
11-28 15:22:35.067 D/mdns    ( 4397): SocketDataReady got a packet from 172.16.13.147 to 224.0.0.251 on interface 172.16.13.147/wlan0/7/300
11-28 15:22:35.067 D/mdns    ( 4397): Received Response from 172.16.13.147   addressed to 224.0.0.251     on 412B9F90 with  0 Questions,  4 Answers,  0 Authorities,  0 Additionals 226 bytes LLQType 0
11-28 15:22:35.117 D/cocos2d-x debug info(14128): trace_frame: 60.527454
11-28 15:22:35.177 D/mdns    ( 4397): SocketDataReady got a packet from 172.16.13.34 to 224.0.0.251 on interface 172.16.13.147/wlan0/7/300
11-28 15:22:35.177 D/mdns    ( 4397): Received Response from 172.16.13.34    addressed to 224.0.0.251     on 412B9F90 with  0 Questions,  3 Answers,  0 Authorities,  0 Additionals 185 bytes LLQType 0
11-28 15:22:35.177 D/mdns    ( 4397): Found record size    94 interface 412B9F90 already in cache:   94 qqwwee._airplay._tcp.local. TXT deviceid=10:48:b1:28:22:20¦features=0x100029ff¦flags=0x4¦model=AppleTV3,1¦srcvers=150.33¦vv=1
11-28 15:22:35.217 D/cocos2d-x debug info(14128): trace_frame: 59.996395
11-28 15:22:35.277 D/launcher_auto(14128): launcher_auto: sendkey and wait.
11-28 15:22:35.317 D/cocos2d-x debug info(14128): trace_frame: 59.997005
11-28 15:22:35.417 D/cocos2d-x debug info(14128): trace_frame: 59.928085
11-28 15:22:35.537 D/cocos2d-x debug info(14128): trace_frame: 59.978241
11-28 15:22:35.637 D/dalvikvm(22184): GC_CONCURRENT freed 815K, 22% free 6682K/8544K, paused 6ms+3ms, total 47ms
11-28 15:22:35.637 D/cocos2d-x debug info(14128): trace_frame: 59.140106
11-28 15:22:35.757 D/cocos2d-x debug info(14128): trace_frame: 60.056454
11-28 15:22:35.787 D/cocos2d-x debug info(14128): JS: HomeMainScene Key down:156
11-28 15:22:35.787 D/cocos2d-x debug info(14128): JS: left button clicked. currentIndex:32
11-28 15:22:35.787 D/cocos2d-x debug info(14128): JS:  HomeMainScene Key up:156
11-28 15:22:35.867 D/cocos2d-x debug info(14128): trace_frame: 60.650166
11-28 15:22:35.987 D/mdns    ( 4397): SocketDataReady got a packet from 172.16.13.167 to 224.0.0.251 on interface 172.16.13.147/wlan0/7/300
11-28 15:22:35.987 D/mdns    ( 4397): Received Response from 172.16.13.167   addressed to 224.0.0.251     on 412B9F90 with  0 Questions,  3 Answers,  0 Authorities,  0 Additionals 247 bytes LLQType 0
11-28 15:22:35.987 D/cocos2d-x debug info(14128): trace_frame: 59.955109
11-28 15:22:36.107 D/cocos2d-x debug info(14128): trace_frame: 60.216095
11-28 15:22:36.207 D/cocos2d-x debug info(14128): trace_frame: 59.952637
11-28 15:22:36.277 D/launcher_auto(14128): launcher_auto: sendkey and wait.
11-28 15:22:36.317 D/cocos2d-x debug info(14128): trace_frame: 60.031216
11-28 15:22:36.417 D/cocos2d-x debug info(14128): trace_frame: 59.943653
11-28 15:22:36.537 D/cocos2d-x debug info(14128): trace_frame: 60.024529
11-28 15:22:36.637 D/cocos2d-x debug info(14128): trace_frame: 59.820545
11-28 15:22:36.757 D/cocos2d-x debug info(14128): trace_frame: 60.139530
11-28 15:22:36.787 D/cocos2d-x debug info(14128): JS: HomeMainScene Key down:156
11-28 15:22:36.787 D/cocos2d-x debug info(14128): JS: left button clicked. currentIndex:31
11-28 15:22:36.787 D/cocos2d-x debug info(14128): JS:  HomeMainScene Key up:156
11-28 15:22:36.807 D/mdns    ( 4397): SocketDataReady got a packet from 172.16.13.193 to 224.0.0.251 on interface 172.16.13.147/wlan0/7/300
11-28 15:22:36.807 D/mdns    ( 4397): Received Response from 172.16.13.193   addressed to 224.0.0.251     on 412B9F90 with  0 Questions,  3 Answers,  0 Authorities,  0 Additionals 290 bytes LLQType 0
11-28 15:22:36.807 D/mdns    ( 4397): Found record size   176 interface 412B9F90 already in cache:  176 1048b14f6932@客厅的小米盒子._raop._tcp.local. TXT tp=UDP¦sm=false¦sv=false¦ek=1¦et=0,3,5¦cn=0,1¦ch=2¦ss=16¦sr=44100¦pw=false¦vn=3¦txtve
11-28 15:22:36.867 D/cocos2d-x debug info(14128): trace_frame: 60.041515
11-28 15:22:36.987 D/cocos2d-x debug info(14128): trace_frame: 60.004974
11-28 15:22:37.087 D/cocos2d-x debug info(14128): trace_frame: 59.958031
11-28 15:22:37.207 D/cocos2d-x debug info(14128): trace_frame: 60.011139
11-28 15:22:37.287 D/launcher_auto(14128): launcher_auto: sendkey and wait.
11-28 15:22:37.307 D/cocos2d-x debug info(14128): trace_frame: 59.947250
11-28 15:22:37.407 D/cocos2d-x debug info(14128): trace_frame: 59.993999
11-28 15:22:37.507 D/cocos2d-x debug info(14128): trace_frame: 59.950844
11-28 15:22:37.617 D/cocos2d-x debug info(14128): trace_frame: 60.080162
11-28 15:22:37.627 D/mdns    ( 4397): SocketDataReady got a packet from 172.16.13.187 to 224.0.0.251 on interface 172.16.13.147/wlan0/7/300
11-28 15:22:37.627 D/mdns    ( 4397): Received Response from 172.16.13.187   addressed to 224.0.0.251     on 412B9F90 with  0 Questions,  1 Answer,   0 Authorities,  0 Additionals 38 bytes LLQType 0
11-28 15:22:37.737 D/cocos2d-x debug info(14128): trace_frame: 60.026585
11-28 15:22:37.787 D/cocos2d-x debug info(14128): JS: HomeMainScene Key down:156
11-28 15:22:37.787 D/cocos2d-x debug info(14128): JS: left button clicked. currentIndex:30
11-28 15:22:37.787 D/cocos2d-x debug info(14128): JS:  HomeMainScene Key up:156
11-28 15:22:37.837 D/cocos2d-x debug info(14128): trace_frame: 59.223579
11-28 15:22:37.957 D/cocos2d-x debug info(14128): trace_frame: 60.670143
11-28 15:22:38.057 D/cocos2d-x debug info(14128): trace_frame: 59.946663
11-28 15:22:38.157 D/cocos2d-x debug info(14128): trace_frame: 59.865303
11-28 15:22:38.167 D/WifiSetting(14128): Scanner handleMessage:msg{ what=0 when=0 }
11-28 15:22:38.257 D/cocos2d-x debug info(14128): trace_frame: 59.651047
11-28 15:22:38.287 D/launcher_auto(14128): launcher_auto: sendkey and wait.
11-28 15:22:38.367 D/cocos2d-x debug info(14128): trace_frame: 60.416706
11-28 15:22:38.487 D/cocos2d-x debug info(14128): trace_frame: 60.047695
11-28 15:22:38.587 D/cocos2d-x debug info(14128): trace_frame: 59.989204
11-28 15:22:38.707 D/cocos2d-x debug info(14128): trace_frame: 60.029675
11-28 15:22:38.807 D/cocos2d-x debug info(14128): JS: HomeMainScene Key down:156
11-28 15:22:38.807 D/cocos2d-x debug info(14128): JS: turnPage: toRight false
11-28 15:22:38.807 D/cocos2d-x debug info(14128): JS: jumpFocus4
11-28 15:22:38.807 D/cocos2d-x debug info(14128): JS: toXPosition1530y-16
11-28 15:22:38.807 D/cocos2d-x debug info(14128): JS: left button clicked. currentIndex:29
11-28 15:22:38.807 D/cocos2d-x debug info(14128): JS:  HomeMainScene Key up:156
11-28 15:22:38.807 D/cocos2d-x debug info(14128): trace_frame: 56.352844
11-28 15:22:38.857 D/cocos2d-x debug info(14128): JS: launcherAppAdapter updateData cell27
11-28 15:22:38.857 D/cocos2d-x debug info(14128): JS: launcherAppAdapter fillData cell27
11-28 15:22:38.857 D/cocos2d-x debug info(14128): JS: this.mData.length4327
11-28 15:22:38.857 D/cocos2d-x debug info(14128): JS: local app:com.mele.webnav
11-28 15:22:38.857 D/JniHelper(14128): JniHelper::getJavaVM(), pthread_self() = 1529184920
11-28 15:22:38.857 D/FileUtil(14128): getImageFilePathByUrl, url is /data/data/tv.fun.launcher/files/com.mele.webnav
11-28 15:22:38.857 D/FileUtil(14128): getImageFilePathByUrl, fileName is com.mele.webnav
11-28 15:22:38.857 D/cocos2d-x debug info(14128): JS: no Icon cache for com.mele.webnav
11-28 15:22:38.857 D/JniHelper(14128): JniHelper::getJavaVM(), pthread_self() = 1529184920
11-28 15:22:38.867 D/cocos2d-x debug info(14128): JS: local app: appIcon begin4
11-28 15:22:38.867 D/LoadIconAsyncTask(14128): start load pkgName is com.mele.webnav
11-28 15:22:38.867 D/LoadIconAsyncTask(14128): com.mele.webnav load result is true
11-28 15:22:38.867 D/JniHelper(14128): JniHelper::getJavaVM(), pthread_self() = 1529184920
11-28 15:22:38.877 D/AppStoreManager(14128): javaCallJs.run()------------------------------------------------
11-28 15:22:38.897 D/AppStoreManager(14128): callbackStr : launcher.eventCenter.onImageLoaded({"url":"\/data\/data\/tv.fun.launcher\/files\/com.mele.webnav"})
11-28 15:22:38.897 D/cocos2d-x debug info(14128): JS: launcher.eventCenter.onImageLoaded
11-28 15:22:38.897 D/cocos2d-x debug info(14128): JS: onImageLoaded url:/data/data/tv.fun.launcher/files/com.mele.webnav
11-28 15:22:38.897 D/JniHelper(14128): JniHelper::getJavaVM(), pthread_self() = 1529184920
11-28 15:22:38.897 D/FileUtil(14128): getImageFilePathByUrl, url is /data/data/tv.fun.launcher/files/com.mele.webnav
11-28 15:22:38.897 D/FileUtil(14128): getImageFilePathByUrl, fileName is com.mele.webnav
11-28 15:22:38.897 D/cocos2d-x debug info(14128): JS: onLoadImage end
11-28 15:22:38.917 D/cocos2d-x debug info(14128): JS: launcherAppAdapter updateData cell26
11-28 15:22:38.917 D/cocos2d-x debug info(14128): JS: launcherAppAdapter fillData cell26
11-28 15:22:38.927 D/cocos2d-x debug info(14128): JS: this.mData.length4326
11-28 15:22:38.927 D/cocos2d-x debug info(14128): JS: local app:com.mele.settingswizard
11-28 15:22:38.927 D/JniHelper(14128): JniHelper::getJavaVM(), pthread_self() = 1529184920
11-28 15:22:38.927 D/FileUtil(14128): getImageFilePathByUrl, url is /data/data/tv.fun.launcher/files/com.mele.settingswizard
11-28 15:22:38.927 D/FileUtil(14128): getImageFilePathByUrl, fileName is com.mele.settingswizard
11-28 15:22:38.927 D/cocos2d-x debug info(14128): JS: no Icon cache for com.mele.settingswizard
11-28 15:22:38.927 D/JniHelper(14128): JniHelper::getJavaVM(), pthread_self() = 1529184920
11-28 15:22:38.927 D/LoadIconAsyncTask(14128): start load pkgName is com.mele.settingswizard
11-28 15:22:38.927 D/cocos2d-x debug info(14128): JS: local app: appIcon begin4
11-28 15:22:38.927 D/JniHelper(14128): JniHelper::getJavaVM(), pthread_self() = 1529184920
11-28 15:22:38.927 D/LoadIconAsyncTask(14128): com.mele.settingswizard load result is true
11-28 15:22:38.937 D/cocos2d-x debug info(14128): trace_frame: 54.380833
11-28 15:22:38.947 D/AppStoreManager(14128): javaCallJs.run()------------------------------------------------
11-28 15:22:38.947 D/AppStoreManager(14128): callbackStr : launcher.eventCenter.onImageLoaded({"url":"\/data\/data\/tv.fun.launcher\/files\/com.mele.settingswizard"})
11-28 15:22:38.947 D/cocos2d-x debug info(14128): JS: launcher.eventCenter.onImageLoaded
11-28 15:22:38.947 D/cocos2d-x debug info(14128): JS: onImageLoaded url:/data/data/tv.fun.launcher/files/com.mele.settingswizard
11-28 15:22:38.947 D/JniHelper(14128): JniHelper::getJavaVM(), pthread_self() = 1529184920
11-28 15:22:38.947 D/FileUtil(14128): getImageFilePathByUrl, url is /data/data/tv.fun.launcher/files/com.mele.settingswizard
11-28 15:22:38.947 D/FileUtil(14128): getImageFilePathByUrl, fileName is com.mele.settingswizard
11-28 15:22:38.947 D/cocos2d-x debug info(14128): JS: onLoadImage end
11-28 15:22:38.987 D/cocos2d-x debug info(14128): JS: launcherAppAdapter updateData cell25
11-28 15:22:38.987 D/cocos2d-x debug info(14128): JS: launcherAppAdapter fillData cell25
11-28 15:22:38.987 D/cocos2d-x debug info(14128): JS: this.mData.length4325
11-28 15:22:38.987 D/cocos2d-x debug info(14128): JS: local app:com.zbmv
11-28 15:22:38.987 D/JniHelper(14128): JniHelper::getJavaVM(), pthread_self() = 1529184920
11-28 15:22:38.997 D/FileUtil(14128): getImageFilePathByUrl, url is /data/data/tv.fun.launcher/files/com.zbmv
11-28 15:22:38.997 D/FileUtil(14128): getImageFilePathByUrl, fileName is com.zbmv
11-28 15:22:38.997 D/cocos2d-x debug info(14128): JS: no Icon cache for com.zbmv
11-28 15:22:38.997 D/JniHelper(14128): JniHelper::getJavaVM(), pthread_self() = 1529184920
11-28 15:22:38.997 D/LoadIconAsyncTask(14128): start load pkgName is com.zbmv
11-28 15:22:38.997 D/cocos2d-x debug info(14128): JS: local app: appIcon begin4
11-28 15:22:38.997 D/JniHelper(14128): JniHelper::getJavaVM(), pthread_self() = 1529184920
11-28 15:22:38.997 D/LoadIconAsyncTask(14128): com.zbmv load result is true
11-28 15:22:39.007 D/AppStoreManager(14128): javaCallJs.run()------------------------------------------------
11-28 15:22:39.007 D/AppStoreManager(14128): callbackStr : launcher.eventCenter.onImageLoaded({"url":"\/data\/data\/tv.fun.launcher\/files\/com.zbmv"})
11-28 15:22:39.007 D/cocos2d-x debug info(14128): JS: launcher.eventCenter.onImageLoaded
11-28 15:22:39.007 D/cocos2d-x debug info(14128): JS: onImageLoaded url:/data/data/tv.fun.launcher/files/com.zbmv
11-28 15:22:39.007 D/JniHelper(14128): JniHelper::getJavaVM(), pthread_self() = 1529184920
11-28 15:22:39.017 D/FileUtil(14128): getImageFilePathByUrl, url is /data/data/tv.fun.launcher/files/com.zbmv
11-28 15:22:39.017 D/FileUtil(14128): getImageFilePathByUrl, fileName is com.zbmv
11-28 15:22:39.037 D/cocos2d-x debug info(14128): JS: onLoadImage end
11-28 15:22:39.037 D/cocos2d-x debug info(14128): trace_frame: 43.937511
11-28 15:22:39.067 D/cocos2d-x debug info(14128): JS: launcherAppAdapter updateData cell24
11-28 15:22:39.067 D/cocos2d-x debug info(14128): JS: launcherAppAdapter fillData cell24
11-28 15:22:39.077 D/cocos2d-x debug info(14128): JS: this.mData.length4324
11-28 15:22:39.077 D/cocos2d-x debug info(14128): JS: local app:com.iflytek.xiri
11-28 15:22:39.077 D/JniHelper(14128): JniHelper::getJavaVM(), pthread_self() = 1529184920
11-28 15:22:39.077 D/FileUtil(14128): getImageFilePathByUrl, url is /data/data/tv.fun.launcher/files/com.iflytek.xiri
11-28 15:22:39.077 D/FileUtil(14128): getImageFilePathByUrl, fileName is com.iflytek.xiri
11-28 15:22:39.077 D/cocos2d-x debug info(14128): JS: no Icon cache for com.iflytek.xiri
11-28 15:22:39.077 D/JniHelper(14128): JniHelper::getJavaVM(), pthread_self() = 1529184920
11-28 15:22:39.077 D/LoadIconAsyncTask(14128): start load pkgName is com.iflytek.xiri
11-28 15:22:39.077 D/cocos2d-x debug info(14128): JS: local app: appIcon begin4
11-28 15:22:39.077 D/JniHelper(14128): JniHelper::getJavaVM(), pthread_self() = 1529184920
11-28 15:22:39.077 D/LoadIconAsyncTask(14128): com.iflytek.xiri load result is true
11-28 15:22:39.087 D/AppStoreManager(14128): javaCallJs.run()------------------------------------------------
11-28 15:22:39.087 D/AppStoreManager(14128): callbackStr : launcher.eventCenter.onImageLoaded({"url":"\/data\/data\/tv.fun.launcher\/files\/com.iflytek.xiri"})
11-28 15:22:39.097 D/cocos2d-x debug info(14128): JS: launcher.eventCenter.onImageLoaded
11-28 15:22:39.097 D/cocos2d-x debug info(14128): JS: onImageLoaded url:/data/data/tv.fun.launcher/files/com.iflytek.xiri
11-28 15:22:39.097 D/JniHelper(14128): JniHelper::getJavaVM(), pthread_self() = 1529184920
11-28 15:22:39.097 D/FileUtil(14128): getImageFilePathByUrl, url is /data/data/tv.fun.launcher/files/com.iflytek.xiri
11-28 15:22:39.097 D/FileUtil(14128): getImageFilePathByUrl, fileName is com.iflytek.xiri
11-28 15:22:39.097 D/cocos2d-x debug info(14128): JS: onLoadImage end
11-28 15:22:39.137 D/cocos2d-x debug info(14128): trace_frame: 68.108620
11-28 15:22:39.187 D/cocos2d-x debug info(14128): JS: launcherAppAdapter updateData cell23
11-28 15:22:39.187 D/cocos2d-x debug info(14128): JS: launcherAppAdapter fillData cell23
11-28 15:22:39.187 D/cocos2d-x debug info(14128): JS: this.mData.length4323
11-28 15:22:39.187 D/cocos2d-x debug info(14128): JS: local app:com.mele.autostart
11-28 15:22:39.187 D/JniHelper(14128): JniHelper::getJavaVM(), pthread_self() = 1529184920
11-28 15:22:39.197 D/FileUtil(14128): getImageFilePathByUrl, url is /data/data/tv.fun.launcher/files/com.mele.autostart
11-28 15:22:39.197 D/FileUtil(14128): getImageFilePathByUrl, fileName is com.mele.autostart
11-28 15:22:39.197 D/cocos2d-x debug info(14128): JS: no Icon cache for com.mele.autostart
11-28 15:22:39.197 D/JniHelper(14128): JniHelper::getJavaVM(), pthread_self() = 1529184920
11-28 15:22:39.197 D/LoadIconAsyncTask(14128): start load pkgName is com.mele.autostart
11-28 15:22:39.197 D/cocos2d-x debug info(14128): JS: local app: appIcon begin4
11-28 15:22:39.197 D/JniHelper(14128): JniHelper::getJavaVM(), pthread_self() = 1529184920
11-28 15:22:39.197 D/LoadIconAsyncTask(14128): com.mele.autostart load result is true
11-28 15:22:39.207 D/AppStoreManager(14128): javaCallJs.run()------------------------------------------------
11-28 15:22:39.207 D/AppStoreManager(14128): callbackStr : launcher.eventCenter.onImageLoaded({"url":"\/data\/data\/tv.fun.launcher\/files\/com.mele.autostart"})
11-28 15:22:39.207 D/cocos2d-x debug info(14128): JS: launcher.eventCenter.onImageLoaded
11-28 15:22:39.207 D/cocos2d-x debug info(14128): JS: onImageLoaded url:/data/data/tv.fun.launcher/files/com.mele.autostart
11-28 15:22:39.207 D/JniHelper(14128): JniHelper::getJavaVM(), pthread_self() = 1529184920
11-28 15:22:39.217 D/FileUtil(14128): getImageFilePathByUrl, url is /data/data/tv.fun.launcher/files/com.mele.autostart
11-28 15:22:39.217 D/FileUtil(14128): getImageFilePathByUrl, fileName is com.mele.autostart
11-28 15:22:39.217 D/cocos2d-x debug info(14128): JS: onLoadImage end
11-28 15:22:39.237 D/cocos2d-x debug info(14128): trace_frame: 59.802654
11-28 15:22:39.297 D/launcher_auto(14128): launcher_auto: sendkey and wait.
11-28 15:22:39.357 D/cocos2d-x debug info(14128): trace_frame: 60.160198
11-28 15:22:39.457 D/cocos2d-x debug info(14128): trace_frame: 59.982006
11-28 15:22:39.547 I/mdns    ( 4397): mDNS_DeregisterInterface: Another representative of InterfaceID 412B9F90 wlan0 (172.16.13.147) exists; making it active
11-28 15:22:39.547 D/mdns    ( 4397): mDNS_Deregister_internal: Deleting record for    4 Android-2.local. Addr 172.16.13.147
11-28 15:22:39.547 I/mdns    ( 4397): mDNS_Deregister_internal: mStatus_MemFree for    4 Android-2.local. Addr 172.16.13.147
11-28 15:22:39.547 D/mdns    ( 4397): mDNS_HostNameCallback: Android-2.local. (Addr) Unknown result (-65792)
11-28 15:22:39.547 D/mdns    ( 4397): mDNS_HostNameCallback: MemFree (ignored)
11-28 15:22:39.547 D/mdns    ( 4397): mDNS_Deregister_internal: Deleting record for   17 147.13.16.172.in-addr.arpa. PTR Android-2.local.
11-28 15:22:39.547 I/mdns    ( 4397): mDNS_Deregister_internal: mStatus_MemFree for   17 147.13.16.172.in-addr.arpa. PTR Android-2.local.
11-28 15:22:39.547 D/mdns    ( 4397): mDNS_Reconfirm_internal: 37035 ticks to go for   30 qqwwee._airplay._tcp.local. SRV 0 0 7000 milink-203107814.local. 00000000
11-28 15:22:39.547 D/mdns    ( 4397): mDNS_Reconfirm_internal: 37035 ticks to go for   94 qqwwee._airplay._tcp.local. TXT deviceid=10:48:b1:28:22:20¦features=0x100029ff¦flags=0x4¦model=AppleTV3,1¦srcvers=150.33¦vv=1 00000000
11-28 15:22:39.547 D/mdns    ( 4397): mDNS_Reconfirm_internal: 37035 ticks to go for   30 1048b111c283@客厅的小米盒子._raop._tcp.local. SRV 0 0 5000 milink-200077498.local. 00000000
11-28 15:22:39.547 D/mdns    ( 4397): mDNS_Reconfirm_internal: 37035 ticks to go for  176 1048b111c283@客厅的小米盒子._raop._tcp.local. TXT tp=UDP¦sm=false¦sv=false¦ek=1¦et=0,3,5¦cn=0,1¦ch=2¦ss=16¦sr=44100¦pw=false¦vn=3¦txtve 00000000
11-28 15:22:39.547 D/mdns    ( 4397): mDNS_Reconfirm_internal: 37035 ticks to go for    4 172-16-13-146.local. Addr 172.16.13.146 00000000
11-28 15:22:39.547 D/mdns    ( 4397): mDNS_Reconfirm_internal: 37035 ticks to go for   15 44.13.16.172.in-addr.arpa. PTR Android.local. 00000000
11-28 15:22:39.547 D/mdns    ( 4397): mDNS_Reconfirm_internal: 37035 ticks to go for   31 44.13.16.172.in-addr.arpa. NSEC PTR  00000000
11-28 15:22:39.547 D/mdns    ( 4397): mDNS_Reconfirm_internal: 37035 ticks to go for  115 006d0e03a545@MiniMax._raop._tcp.local. TXT ch=2¦cn=0,1¦da=true¦ek=1¦et=0,1¦md=0,1,2¦pw=false¦sm=false¦sr=44100¦ss=16¦sv=false¦tp=UDP¦txtvers= 00000000
11-28 15:22:39.547 D/mdns    ( 4397): mDNS_Reconfirm_internal: 37035 ticks to go for   23 006d0e03a545@MiniMax._raop._tcp.local. SRV 0 0 38431 Android-2.local. 00000000
11-28 15:22:39.547 D/mdns    ( 4397): mDNS_Reconfirm_internal: 37035 ticks to go for   46 006d0e03a545@MiniMax._raop._tcp.local. NSEC TXT SRV  00000000
11-28 15:22:39.547 D/mdns    ( 4397): mDNS_Reconfirm_internal: 37035 ticks to go for   27 优酷电视._airplay._tcp.local. SRV 0 0 7000 172-16-13-146.local. 00000000
11-28 15:22:39.547 D/mdns    ( 4397): mDNS_Reconfirm_internal: 37035 ticks to go for   75 优酷电视._airplay._tcp.local. TXT deviceid=c8:0e:77:40:c7:81¦features=0x0011¦model=AppleTV3,1¦srcvers=150.33 00000000
11-28 15:22:39.547 D/mdns    ( 4397): mDNS_Reconfirm_internal: 37035 ticks to go for   42 _rc._tcp.local. PTR 客厅的小米盒子\032(7)._rc._tcp.local. 00000000
11-28 15:22:39.547 D/mdns    ( 4397): mDNS_Reconfirm_internal: 37035 ticks to go for   42 _rc._tcp.local. PTR 客厅的小米盒子\032(4)._rc._tcp.local. 00000000
11-28 15:22:39.547 D/mdns    ( 4397): mDNS_Reconfirm_internal: 37035 ticks to go for   28 _rc._tcp.local. PTR hello\032mibox._rc._tcp.local. 00000000
11-28 15:22:39.547 D/mdns    ( 4397): mDNS_Reconfirm_internal: 37035 ticks to go for   30 客厅的小米盒子._airplay._tcp.local. SRV 0 0 7000 milink-199855756.local. 00000000
11-28 15:22:39.547 D/mdns    ( 4397): mDNS_Reconfirm_internal: 37035 ticks to go for   94 客厅的小米盒子._airplay._tcp.local. TXT deviceid=10:48:b1:51:35:aa¦features=0x100029ff¦flags=0x4¦model=AppleTV3,1¦srcvers=150.33¦vv=1 00000000
11-28 15:22:39.547 D/mdns    ( 4397): mDNS_Reconfirm_internal: 37035 ticks to go for    4 milink-199422877.local. Addr 172.16.13.164 00000000
11-28 15:22:39.547 D/mdns    ( 4397): mDNS_Reconfirm_internal: 37035 ticks to go for   17 147.13.16.172.in-addr.arpa. PTR Android-2.local. 00000000
11-28 15:22:39.547 D/mdns    ( 4397): mDNS_Reconfirm_internal: 37035 ticks to go for   32 147.13.16.172.in-addr.arpa. NSEC PTR  00000000
11-28 15:22:39.547 D/mdns    ( 4397): mDNS_Reconfirm_internal: 37035 ticks to go for   30 hello\032mibox._rc._tcp.local. SRV 0 0 6091 milink-185090187.local. 00000000
11-28 15:22:39.547 D/mdns    ( 4397): mDNS_Reconfirm_internal: 37035 ticks to go for  158 hello\032mibox._rc._tcp.local. TXT protver=16777216¦prottext=Remote Controller Protocol Version 1.0¦platform_id=205¦scrnw=1280¦scrnh=720¦server_addr 00000000
11-28 15:22:39.547 D/mdns    ( 4397): mDNS_Reconfirm_internal: 37035 ticks to go for   75 MiniMax._airplay._tcp.local. TXT deviceid=00:6d:0e:03:a5:45¦features=0x2077¦model=AppleTV2,1¦srcvers=101.28 00000000
11-28 15:22:39.547 D/mdns    ( 4397): mDNS_Reconfirm_internal: 37035 ticks to go for   23 MiniMax._airplay._tcp.local. SRV 0 0 38421 Android-2.local. 00000000
11-28 15:22:39.547 D/mdns    ( 4397): mDNS_Reconfirm_internal: 37035 ticks to go for   36 MiniMax._airplay._tcp.local. NSEC TXT SRV  00000000
11-28 15:22:39.547 D/mdns    ( 4397): mDNS_Reconfirm_internal: 37035 ticks to go for    4 Android.local. Addr 172.16.13.44 00000000
11-28 15:22:39.547 D/mdns    ( 4397): mDNS_Reconfirm_internal: 37035 ticks to go for   16 Android.local. AAAA FE80:0000:0000:0000:02CE:39FF:FEBE:DB23 00000000
11-28 15:22:39.547 D/mdns    ( 4397): mDNS_Reconfirm_internal: 37035 ticks to go for   21 Android.local. NSEC Addr AAAA  00000000
11-28 15:22:39.547 D/mdns    ( 4397): mDNS_Reconfirm_internal: 37035 ticks to go for   30 1048b11ad489@客厅的小米盒子._raop._tcp.local. SRV 0 0 5000 milink-199422877.local. 00000000
11-28 15:22:39.547 D/mdns    ( 4397): mDNS_Reconfirm_internal: 37035 ticks to go for  176 1048b11ad489@客厅的小米盒子._raop._tcp.local. TXT tp=UDP¦sm=false¦sv=false¦ek=1¦et=0,3,5¦cn=0,1¦ch=2¦ss=16¦sr=44100¦pw=false¦vn=3¦txtve 00000000
11-28 15:22:39.547 D/mdns    ( 4397): mDNS_Reconfirm_internal: 37035 ticks to go for    4 172-16-13-147.local. Addr 172.16.13.147 00000000
