11-28 15:26:17.887 D/mdns    ( 4397): SendResponses put     24 . OPT Max 1440 Vers 0 Seq   0 MAC 00:00:00:00:00:00 I-MAC 61:38:63:64:32:65
11-28 15:26:17.887 D/mdns    ( 4397): SendResponses: Sending 0 Deregistrations, 12 Announcements, 0 Answers, 6 Additionals on 412BC868
11-28 15:26:17.887 D/mdns    ( 4397): SendResponses: Next in 8192 ticks
11-28 15:26:17.887 D/mdns    ( 4397): SocketDataReady got a packet from 172.16.13.147 to 224.0.0.251 on interface 172.16.13.147/wlan0/7/332
11-28 15:26:17.887 D/mdns    ( 4397): Received Response from 172.16.13.147   addressed to 224.0.0.251     on 412BC868 with  0 Questions, 12 Answers,  0 Authorities,  6 Additionals 690 bytes LLQType 0
11-28 15:26:17.887 D/mdns    ( 4397): Found record size   115 interface 412BC868 already in cache:  115 006d0e03a545@MiniMax._raop._tcp.local. TXT ch=2¦cn=0,1¦da=true¦ek=1¦et=0,1¦md=0,1,2¦pw=false¦sm=false¦sr=44100¦ss=16¦sv=false¦tp=UDP¦txtvers=
11-28 15:26:17.887 D/mdns    ( 4397): Found record size    75 interface 412BC868 already in cache:   75 MiniMax._airplay._tcp.local. TXT deviceid=00:6d:0e:03:a5:45¦features=0x2077¦model=AppleTV2,1¦srcvers=101.28
11-28 15:26:17.887 D/mdns    ( 4397): Found record size    78 interface 412BC868 already in cache:   78 5.4.5.A.3.0.E.F.F.F.E.0.D.6.2.0.0.0.0.0.0.0.0.0.0.0.0.0.0.8.E.F.ip6.arpa. NSEC PTR 
11-28 15:26:17.887 D/mdns    ( 4397): SocketDataReady got a packet from FE80:0000:0000:0000:026D:0EFF:FE03:A545 to FF02:0000:0000:0000:0000:0000:0000:00FB on interface 172.16.13.147/wlan0/7/333
11-28 15:26:17.887 D/mdns    ( 4397): Received Response from FE80:0000:0000:0000:026D:0EFF:FE03:A545 addressed to FF02:0000:0000:0000:0000:0000:0000:00FB on 412BC868 with  0 Questions, 12 Answers,  0 Authorities,  6 Additionals 690 bytes LLQType 0
11-28 15:26:17.887 D/mdns    ( 4397): Found record size   115 interface 412BC868 already in cache:  115 006d0e03a545@MiniMax._raop._tcp.local. TXT ch=2¦cn=0,1¦da=true¦ek=1¦et=0,1¦md=0,1,2¦pw=false¦sm=false¦sr=44100¦ss=16¦sv=false¦tp=UDP¦txtvers=
11-28 15:26:17.887 D/mdns    ( 4397): Found record size    75 interface 412BC868 already in cache:   75 MiniMax._airplay._tcp.local. TXT deviceid=00:6d:0e:03:a5:45¦features=0x2077¦model=AppleTV2,1¦srcvers=101.28
11-28 15:26:17.887 D/mdns    ( 4397): Found record size    78 interface 412BC868 already in cache:   78 5.4.5.A.3.0.E.F.F.F.E.0.D.6.2.0.0.0.0.0.0.0.0.0.0.0.0.0.0.8.E.F.ip6.arpa. NSEC PTR 
11-28 15:26:17.987 D/cocos2d-x debug info(14128): trace_frame: 59.936626
11-28 15:26:17.987 D/mdns    ( 4397): mDNS_Execute
11-28 15:26:17.987 D/mdns    ( 4397): mDNS_Execute: Setting NewLocalRecords to NULL
11-28 15:26:18.107 D/cocos2d-x debug info(14128): trace_frame: 60.042545
11-28 15:26:18.207 D/cocos2d-x debug info(14128): trace_frame: 59.770485
11-28 15:26:18.317 D/cocos2d-x debug info(14128): trace_frame: 60.249260
11-28 15:26:18.437 D/cocos2d-x debug info(14128): trace_frame: 60.039963
11-28 15:26:18.537 D/launcher_auto(14128): launcher_auto: sendkey and wait.
11-28 15:26:18.537 D/cocos2d-x debug info(14128): trace_frame: 59.840229
11-28 15:26:18.657 D/cocos2d-x debug info(14128): trace_frame: 60.149860
11-28 15:26:18.757 D/cocos2d-x debug info(14128): trace_frame: 59.983799
11-28 15:26:18.857 D/cocos2d-x debug info(14128): trace_frame: 59.963421
11-28 15:26:18.967 D/cocos2d-x debug info(14128): trace_frame: 60.030704
11-28 15:26:19.057 D/cocos2d-x debug info(14128): JS: keyCode : 157
11-28 15:26:19.057 D/cocos2d-x debug info(14128): JS: right button clicked. lastIndex:9
11-28 15:26:19.057 D/cocos2d-x debug info(14128): JS: turnPage: toRight true
11-28 15:26:19.057 D/cocos2d-x debug info(14128): JS: jumpFocus0
11-28 15:26:19.057 D/cocos2d-x debug info(14128): JS: toXPosition327.5y212
11-28 15:26:19.067 D/cocos2d-x debug info(14128): JS: right button clicked. currentIndex:10
11-28 15:26:19.077 D/cocos2d-x debug info(14128): trace_frame: 59.056854
11-28 15:26:19.077 D/mdns    ( 4397): SocketDataReady got a packet from 172.16.13.4 to 224.0.0.251 on interface 172.16.13.147/wlan0/7/332
11-28 15:26:19.077 D/mdns    ( 4397): Received Query from 172.16.13.4    :5353  to 224.0.0.251    :5353  on 0x412BC868 with  1 Question,  14 Answers,  0 Authorities,  0 Additionals 452 bytes
11-28 15:26:19.077 D/mdns    ( 4397): AddRecordToResponseList: _airplay._tcp.local. (PTR) already in list
11-28 15:26:19.077 D/mdns    ( 4397): AddRecordToResponseList: MiniMax._airplay._tcp.local. (SRV) already in list
11-28 15:26:19.077 D/mdns    ( 4397): AddRecordToResponseList: MiniMax._airplay._tcp.local. (TXT) already in list
11-28 15:26:19.077 D/mdns    ( 4397): AddRecordToResponseList: Android-2.local. (Addr) already in list
11-28 15:26:19.077 D/mdns    ( 4397): AddRecordToResponseList: Android-2.local. (AAAA) already in list
11-28 15:26:19.077 D/mdns    ( 4397): AddRecordToResponseList: Android-2.local. (Addr) already in list
11-28 15:26:19.077 D/mdns    ( 4397): AddRecordToResponseList: Android-2.local. (AAAA) already in list
11-28 15:26:19.077 D/mdns    ( 4397): AddRecordToResponseList: Android-2.local. (Addr) already in list
11-28 15:26:19.077 D/mdns    ( 4397): AddRecordToResponseList: Android-2.local. (AAAA) already in list
11-28 15:26:19.077 D/mdns    ( 4397): SocketDataReady got a packet from FE80:0000:0000:0000:EE35:86FF:FE54:AE58 to FF02:0000:0000:0000:0000:0000:0000:00FB on interface 172.16.13.147/wlan0/7/333
11-28 15:26:19.077 D/mdns    ( 4397): Received Query from FE80:0000:0000:0000:EE35:86FF:FE54:AE58:5353  to FF02:0000:0000:0000:0000:0000:0000:00FB:5353  on 0x412BC868 with  1 Question,  14 Answers,  0 Authorities,  0 Additionals 452 bytes
11-28 15:26:19.077 D/mdns    ( 4397): AddRecordToResponseList: _airplay._tcp.local. (PTR) already in list
11-28 15:26:19.077 D/mdns    ( 4397): AddRecordToResponseList: MiniMax._airplay._tcp.local. (SRV) already in list
11-28 15:26:19.077 D/mdns    ( 4397): AddRecordToResponseList: MiniMax._airplay._tcp.local. (TXT) already in list
11-28 15:26:19.077 D/mdns    ( 4397): AddRecordToResponseList: Android-2.local. (Addr) already in list
11-28 15:26:19.077 D/mdns    ( 4397): AddRecordToResponseList: Android-2.local. (AAAA) already in list
11-28 15:26:19.077 D/mdns    ( 4397): AddRecordToResponseList: Android-2.local. (Addr) already in list
11-28 15:26:19.077 D/mdns    ( 4397): AddRecordToResponseList: Android-2.local. (AAAA) already in list
11-28 15:26:19.077 D/mdns    ( 4397): AddRecordToResponseList: Android-2.local. (Addr) already in list
11-28 15:26:19.077 D/mdns    ( 4397): AddRecordToResponseList: Android-2.local. (AAAA) already in list
11-28 15:26:19.097 D/mdns    ( 4397): SocketDataReady got a packet from 172.16.13.187 to 224.0.0.251 on interface 172.16.13.147/wlan0/7/332
11-28 15:26:19.097 D/mdns    ( 4397): Received Response from 172.16.13.187   addressed to 224.0.0.251     on 412BC868 with  0 Questions,  3 Answers,  0 Authorities,  0 Additionals 204 bytes LLQType 0
11-28 15:26:19.097 D/mdns    ( 4397): SocketDataReady got a packet from 172.16.13.203 to 224.0.0.251 on interface 172.16.13.147/wlan0/7/332
11-28 15:26:19.097 D/mdns    ( 4397): Received Response from 172.16.13.203   addressed to 224.0.0.251     on 412BC868 with  0 Questions,  3 Answers,  0 Authorities,  0 Additionals 204 bytes LLQType 0
11-28 15:26:19.107 D/mdns    ( 4397): SocketDataReady got a packet from 172.16.13.193 to 224.0.0.251 on interface 172.16.13.147/wlan0/7/332
11-28 15:26:19.107 D/mdns    ( 4397): Received Response from 172.16.13.193   addressed to 224.0.0.251     on 412BC868 with  0 Questions,  4 Answers,  0 Authorities,  0 Additionals 218 bytes LLQType 0
11-28 15:26:19.137 D/dalvikvm(22184): GC_CONCURRENT freed 870K, 21% free 6775K/8544K, paused 4ms+6ms, total 70ms
11-28 15:26:19.137 D/dalvikvm(22184): WAIT_FOR_CONCURRENT_GC blocked 21ms
11-28 15:26:19.137 D/cocos2d-x debug info(14128): JS: setAppServerInfo appServerInfo : [object Object]
11-28 15:26:19.147 D/cocos2d-x debug info(14128): JS: setAppServerInfo app.serverInfo : undefined
11-28 15:26:19.147 D/cocos2d-x debug info(14128): JS: _initAppInstallState packageName : com.example.test.three
11-28 15:26:19.147 D/JniHelper(14128): JniHelper::getJavaVM(), pthread_self() = 1529184920
11-28 15:26:19.147 I/PackageUtil(14128): getPackageInfo, packageName not found, name is com.example.test.three
11-28 15:26:19.147 D/JniHelper(14128): JniHelper::getJavaVM(), pthread_self() = 1529184920
11-28 15:26:19.147 D/mdns    ( 4397): SocketDataReady got a packet from 172.16.13.147 to 224.0.0.251 on interface 172.16.13.147/wlan0/7/332
11-28 15:26:19.147 D/mdns    ( 4397): Received Response from 172.16.13.147   addressed to 224.0.0.251     on 412BC868 with  0 Questions,  4 Answers,  0 Authorities,  0 Additionals 226 bytes LLQType 0
11-28 15:26:19.157 D/dalvikvm(22184): WAIT_FOR_CONCURRENT_GC blocked 38ms
11-28 15:26:19.157 D/cocos2d-x debug info(14128): JS: setAppServerInfo appServerInfo : [object Object]
11-28 15:26:19.157 D/cocos2d-x debug info(14128): JS: launcherAppAdapter updateData cell11
11-28 15:26:19.157 D/cocos2d-x debug info(14128): JS: launcherAppAdapter fillData cell11
11-28 15:26:19.157 D/cocos2d-x debug info(14128): JS: this.mData.length1311
11-28 15:26:19.157 D/JniHelper(14128): JniHelper::getJavaVM(), pthread_self() = 1529184920
11-28 15:26:19.167 D/FileUtil(14128): getImageFilePathByUrl, url is http://172.16.12.58:8080/meedo-img/42d5fa/c81e72/poster_197QFK8D98HV.png
11-28 15:26:19.167 D/FileUtil(14128): getImageFilePathByUrl, fileName is poster_197QFK8D98HV.png
11-28 15:26:19.167 D/JniHelper(14128): JniHelper::getJavaVM(), pthread_self() = 1529184920
11-28 15:26:19.177 D/cocos2d-x debug info(14128): JS: updateAppInfoStateAndProgress downloadState : 1
11-28 15:26:19.187 D/cocos2d-x debug info(14128): JS: LRUCache, set item key is /data/data/tv.fun.launcher/cache/poster_197QFK8D98HV.png, value is undefined
11-28 15:26:19.187 D/cocos2d-x debug info(14128): JS: LRUCache, set item current size is 11
11-28 15:26:19.197 D/cocos2d-x debug info(14128): trace_frame: 43.752186
11-28 15:26:19.197 D/cocos2d-x debug info(14128): JS: setAppServerInfo appServerInfo : [object Object]
11-28 15:26:19.197 D/cocos2d-x debug info(14128): JS: launcherAppAdapter updateData cell12
11-28 15:26:19.197 D/cocos2d-x debug info(14128): JS: launcherAppAdapter fillData cell12
11-28 15:26:19.197 D/cocos2d-x debug info(14128): JS: this.mData.length1312
11-28 15:26:19.207 D/JniHelper(14128): JniHelper::getJavaVM(), pthread_self() = 1529184920
11-28 15:26:19.207 D/FileUtil(14128): getImageFilePathByUrl, url is http://172.16.12.58:8080/meedo-img/c57300/d3d944/poster_1944JNJJ2SSDU_百度地图.png
11-28 15:26:19.207 D/FileUtil(14128): getImageFilePathByUrl, fileName is poster_1944JNJJ2SSDU_百度地图.png
11-28 15:26:19.207 D/JniHelper(14128): JniHelper::getJavaVM(), pthread_self() = 1529184920
11-28 15:26:19.207 D/mdns    ( 4397): SocketDataReady got a packet from 172.16.13.131 to 224.0.0.251 on interface 172.16.13.147/wlan0/7/332
11-28 15:26:19.207 D/mdns    ( 4397): Received Response from 172.16.13.131   addressed to 224.0.0.251     on 412BC868 with  0 Questions,  3 Answers,  0 Authorities,  0 Additionals 200 bytes LLQType 0
11-28 15:26:19.207 D/mdns    ( 4397): Found record size    94 interface 412BC868 already in cache:   94 客厅的小米盒子._airplay._tcp.local. TXT deviceid=10:48:b1:51:35:aa¦features=0x100029ff¦flags=0x4¦model=AppleTV3,1¦srcvers=150.33¦vv=1
11-28 15:26:19.207 D/mdns    ( 4397): SocketDataReady got a packet from 172.16.13.167 to 224.0.0.251 on interface 172.16.13.147/wlan0/7/332
11-28 15:26:19.207 D/mdns    ( 4397): Received Response from 172.16.13.167   addressed to 224.0.0.251     on 412BC868 with  0 Questions,  3 Answers,  0 Authorities,  0 Additionals 190 bytes LLQType 0
11-28 15:26:19.217 D/mdns    ( 4397): SocketDataReady got a packet from 172.16.13.14 to 224.0.0.251 on interface 172.16.13.147/wlan0/7/332
11-28 15:26:19.217 D/mdns    ( 4397): Received Response from 172.16.13.14    addressed to 224.0.0.251     on 412BC868 with  0 Questions,  3 Answers,  0 Authorities,  0 Additionals 204 bytes LLQType 0
11-28 15:26:19.217 D/mdns    ( 4397): SocketDataReady got a packet from 172.16.13.164 to 224.0.0.251 on interface 172.16.13.147/wlan0/7/332
11-28 15:26:19.217 D/mdns    ( 4397): Received Response from 172.16.13.164   addressed to 224.0.0.251     on 412BC868 with  0 Questions,  3 Answers,  0 Authorities,  0 Additionals 204 bytes LLQType 0
11-28 15:26:19.217 D/mdns    ( 4397): SocketDataReady got a packet from 172.16.13.146 to 224.0.0.251 on interface 172.16.13.147/wlan0/7/332
11-28 15:26:19.217 D/mdns    ( 4397): Received Response from 172.16.13.146   addressed to 224.0.0.251     on 412BC868 with  0 Questions,  4 Answers,  0 Authorities,  0 Additionals 225 bytes LLQType 0
11-28 15:26:19.217 D/mdns    ( 4397): SocketDataReady got a packet from 172.16.13.146 to 224.0.0.251 on interface 172.16.13.147/wlan0/7/332
11-28 15:26:19.217 D/mdns    ( 4397): Received Response from 172.16.13.146   addressed to 224.0.0.251     on 412BC868 with  0 Questions,  4 Answers,  0 Authorities,  0 Additionals 222 bytes LLQType 0
11-28 15:26:19.227 D/cocos2d-x debug info(14128): JS: updateAppInfoStateAndProgress downloadState : 1
11-28 15:26:19.257 D/cocos2d-x debug info(14128): JS: LRUCache, set item key is /data/data/tv.fun.launcher/cache/poster_1944JNJJ2SSDU_百度地图.png, value is undefined
11-28 15:26:19.257 D/cocos2d-x debug info(14128): JS: LRUCache, set item current size is 12
11-28 15:26:19.287 D/cocos2d-x debug info(14128): trace_frame: 49.506908
11-28 15:26:19.407 D/cocos2d-x debug info(14128): trace_frame: 60.076553
11-28 15:26:19.517 D/cocos2d-x debug info(14128): trace_frame: 60.041512
11-28 15:26:19.547 D/launcher_auto(14128): launcher_auto: sendkey and wait.
11-28 15:26:19.587 D/cocos2d-x debug info(14128): JS: tableMoveFinished 
11-28 15:26:19.587 D/cocos2d-x debug info(14128): JS: updateAppInfo, cellIndex = 10
11-28 15:26:19.597 D/cocos2d-x debug info(14128): JS: updateAppButtonPosition appButton : [object Object]
11-28 15:26:19.597 D/cocos2d-x debug info(14128): JS: updateAppButtonPosition appButton : [object Object]
11-28 15:26:19.597 D/JniHelper(14128): JniHelper::getJavaVM(), pthread_self() = 1529184920
11-28 15:26:19.597 D/FileUtil(14128): getImageFilePathByUrl, url is http://172.16.12.58:8080/meedo-img/a0434e/b6d767/snapshots_1944JRJMQR1RH_海报1.png
11-28 15:26:19.597 D/FileUtil(14128): getImageFilePathByUrl, fileName is snapshots_1944JRJMQR1RH_海报1.png
11-28 15:26:19.607 D/JniHelper(14128): JniHelper::getJavaVM(), pthread_self() = 1529184920
11-28 15:26:19.607 D/FileUtil(14128): getImageFilePathByUrl, url is http://172.16.12.58:8080/meedo-img/a0434e/b6d767/snapshots_1944JRJMSSLBH_海报2.png
11-28 15:26:19.607 D/FileUtil(14128): getImageFilePathByUrl, fileName is snapshots_1944JRJMSSLBH_海报2.png
11-28 15:26:19.607 D/JniHelper(14128): JniHelper::getJavaVM(), pthread_self() = 1529184920
11-28 15:26:19.607 D/FileUtil(14128): getImageFilePathByUrl, url is http://172.16.12.58:8080/meedo-img/a0434e/b6d767/snapshots_1944JRJMUI83J_海报3.png
11-28 15:26:19.607 D/FileUtil(14128): getImageFilePathByUrl, fileName is snapshots_1944JRJMUI83J_海报3.png
11-28 15:26:19.607 D/cocos2d-x debug info(14128): JS: updateAppButtonState cellIndex : 10
11-28 15:26:19.617 D/cocos2d-x debug info(14128): JS: setAppButtons typeArray : 1,2
11-28 15:26:19.617 D/cocos2d-x debug info(14128): JS: setAppButtons appButtons : [object Object],[object Object]
11-28 15:26:19.617 D/cocos2d-x debug info(14128): JS: setButtonText text : 打开
11-28 15:26:19.617 D/cocos2d-x debug info(14128): cocos2d: fullPathForFilename: No file found at Arial. Possible missing file.
11-28 15:26:19.617 D/cocos2d-x debug info(14128): JS: setButtonText text : 卸载
11-28 15:26:19.687 D/dalvikvm(14128): GC_FOR_ALLOC freed 1491K, 61% free 7367K/18508K, paused 22ms, total 22ms
11-28 15:26:19.707 D/cocos2d-x debug info(14128): trace_frame: 27.156939
11-28 15:26:19.817 D/cocos2d-x debug info(14128): trace_frame: 60.378139
11-28 15:26:19.917 D/cocos2d-x debug info(14128): trace_frame: 59.986198
11-28 15:26:20.037 D/cocos2d-x debug info(14128): trace_frame: 60.036358
11-28 15:26:20.057 D/cocos2d-x debug info(14128): JS: keyCode : 161
11-28 15:26:20.057 D/cocos2d-x debug info(14128): JS: AppStoreMainLayer onExit
11-28 15:26:20.057 D/cocos2d-x debug info(14128): JS: AppStoreScene onExit
11-28 15:26:20.067 D/cocos2d-x debug info(14128): JS: AppDetail createIconSprite
11-28 15:26:20.067 D/cocos2d-x debug info(14128): JS: AppDetailScene initIcon
11-28 15:26:20.067 D/JniHelper(14128): JniHelper::getJavaVM(), pthread_self() = 1529184920
11-28 15:26:20.067 D/FileUtil(14128): getImageFilePathByUrl, url is http://172.16.12.58:8080/meedo-img/a0434e/b6d767/poster_1944JRDNTLUDG_贝瓦儿歌.png
11-28 15:26:20.067 D/FileUtil(14128): getImageFilePathByUrl, fileName is poster_1944JRDNTLUDG_贝瓦儿歌.png
11-28 15:26:20.067 D/cocos2d-x debug info(14128): JS: AppDetail createAppNameLabel
11-28 15:26:20.077 D/cocos2d-x debug info(14128): JS: AppDetail createVersionNameLabel
11-28 15:26:20.077 D/JniHelper(14128): JniHelper::getJavaVM(), pthread_self() = 1529184920
11-28 15:26:20.077 D/cocos2d-x debug info(14128): JS: version name from pm: 2.1.0
11-28 15:26:20.087 D/cocos2d-x debug info(14128): JS: createBriefAndUpdateContentLabel
11-28 15:26:20.097 D/JniHelper(14128): JniHelper::getJavaVM(), pthread_self() = 1529184920
11-28 15:26:20.097 D/cocos2d-x debug info(14128): JS: hasNewVersion, localVersion: 22, server code: 22
11-28 15:26:20.117 D/dalvikvm(14128): GC_CONCURRENT freed 842K, 60% free 7501K/18508K, paused 3ms+3ms, total 29ms
11-28 15:26:20.117 D/dalvikvm(14128): WAIT_FOR_CONCURRENT_GC blocked 18ms
11-28 15:26:20.117 D/JniHelper(14128): JniHelper::getJavaVM(), pthread_self() = 1529184920
11-28 15:26:20.127 D/cocos2d-x debug info(14128): JS: hasNewVersion, localVersion: 22, server code: 22
11-28 15:26:20.127 D/cocos2d-x debug info(14128): JS: initState packageName : com.slanissue.tv.erge
11-28 15:26:20.127 D/cocos2d-x debug info(14128): JS: initState app : [object Object]
11-28 15:26:20.127 D/cocos2d-x debug info(14128): JS: initState downloadState : 1
11-28 15:26:20.127 D/cocos2d-x debug info(14128): JS: updateButtonsByDownloadState downloadState : 1
11-28 15:26:20.127 D/cocos2d-x debug info(14128): JS: updateButtonsByDownloadState progress : undefined
11-28 15:26:20.127 D/cocos2d-x debug info(14128): JS: newlength: 2, oldlength: 0
11-28 15:26:20.127 D/cocos2d-x debug info(14128): JS: setAppStateBtns : this.installLayoutPoint.x : 568
11-28 15:26:20.137 D/cocos2d-x debug info(14128): JS: setAppStateBtns : this.installLayoutPoint.x : 568
11-28 15:26:20.137 D/cocos2d-x debug info(14128): JS: bts 0: [object Object], type: 1
11-28 15:26:20.137 D/cocos2d-x debug info(14128): JS: setButtonText text : 打开
11-28 15:26:20.137 D/cocos2d-x debug info(14128): cocos2d: fullPathForFilename: No file found at Arial. Possible missing file.
11-28 15:26:20.137 D/cocos2d-x debug info(14128): JS: bts 1: [object Object], type: 2
11-28 15:26:20.137 D/cocos2d-x debug info(14128): JS: setButtonText text : 卸载
11-28 15:26:20.137 D/cocos2d-x debug info(14128): cocos2d: fullPathForFilename: No file found at Arial. Possible missing file.
11-28 15:26:20.147 D/cocos2d-x debug info(14128): JS: --------------------------------------------this.registerStateHandler this.stateHandlers : [object Object],[object Object],[object Object]
11-28 15:26:20.147 D/cocos2d-x debug info(14128): JS: appManager.registerStateHandler(appStateHandler);
11-28 15:26:20.147 D/cocos2d-x debug info(14128): JS: createButtonFocus : this.installLayoutPoint.x : 568
11-28 15:26:20.147 D/cocos2d-x debug info(14128): JS: createImageTableView
11-28 15:26:20.147 D/cocos2d-x debug info(14128): JS: tablecellatindex idx: 0, rect: 0, 63, 2094, 387
11-28 15:26:20.157 D/JniHelper(14128): JniHelper::getJavaVM(), pthread_self() = 1529184920
11-28 15:26:20.157 D/FileUtil(14128): getImageFilePathByUrl, url is http://172.16.12.58:8080/meedo-img/a0434e/b6d767/snapshots_1944JRJMQR1RH_海报1.png
11-28 15:26:20.157 D/FileUtil(14128): getImageFilePathByUrl, fileName is snapshots_1944JRJMQR1RH_海报1.png
11-28 15:26:20.157 D/cocos2d-x debug info(14128): JS: screenshot exist in local: 0
11-28 15:26:20.157 D/cocos2d-x debug info(14128): JS: tablecellatindex idx: 1, rect: 0, 63, 2094, 387
11-28 15:26:20.157 D/JniHelper(14128): JniHelper::getJavaVM(), pthread_self() = 1529184920
11-28 15:26:20.157 D/FileUtil(14128): getImageFilePathByUrl, url is http://172.16.12.58:8080/meedo-img/a0434e/b6d767/snapshots_1944JRJMSSLBH_海报2.png
11-28 15:26:20.157 D/FileUtil(14128): getImageFilePathByUrl, fileName is snapshots_1944JRJMSSLBH_海报2.png
11-28 15:26:20.167 D/cocos2d-x debug info(14128): JS: screenshot exist in local: 1
11-28 15:26:20.167 D/cocos2d-x debug info(14128): JS: tablecellatindex idx: 2, rect: 0, 63, 2094, 387
11-28 15:26:20.167 D/JniHelper(14128): JniHelper::getJavaVM(), pthread_self() = 1529184920
11-28 15:26:20.167 D/FileUtil(14128): getImageFilePathByUrl, url is http://172.16.12.58:8080/meedo-img/a0434e/b6d767/snapshots_1944JRJMUI83J_海报3.png
11-28 15:26:20.167 D/FileUtil(14128): getImageFilePathByUrl, fileName is snapshots_1944JRJMUI83J_海报3.png
11-28 15:26:20.167 D/cocos2d-x debug info(14128): JS: screenshot exist in local: 2
11-28 15:26:20.167 D/cocos2d-x debug info(14128): JS: AppDetailScene registerListeners
11-28 15:26:20.247 D/dalvikvm(14128): GC_FOR_ALLOC freed 564K, 61% free 7367K/18508K, paused 22ms, total 22ms
11-28 15:26:20.287 D/dalvikvm(14128): GC_FOR_ALLOC freed 3K, 57% free 8111K/18508K, paused 22ms, total 22ms
11-28 15:26:20.367 D/cocos2d-x debug info(14128): trace_frame: 57.823708
11-28 15:26:20.467 D/cocos2d-x debug info(14128): trace_frame: 59.958031
11-28 15:26:20.567 D/cocos2d-x debug info(14128): trace_frame: 59.911331
11-28 15:26:20.637 D/cocos2d-x debug info(14128): JS: load screenshot from local success: 0
11-28 15:26:20.677 D/cocos2d-x debug info(14128): trace_frame: 49.579071
11-28 15:26:20.787 D/cocos2d-x debug info(14128): trace_frame: 60.551540
11-28 15:26:20.887 D/cocos2d-x debug info(14128): trace_frame: 59.935867
11-28 15:26:20.987 D/cocos2d-x debug info(14128): trace_frame: 59.488419
11-28 15:26:21.087 D/cocos2d-x debug info(14128): JS: load screenshot from local success: 1
11-28 15:26:21.107 D/cocos2d-x debug info(14128): trace_frame: 42.545223
11-28 15:26:21.137 D/dalvikvm(22184): GC_CONCURRENT freed 802K, 22% free 6747K/8544K, paused 2ms+3ms, total 51ms
11-28 15:26:21.217 D/cocos2d-x debug info(14128): trace_frame: 60.959679
11-28 15:26:21.327 D/cocos2d-x debug info(14128): trace_frame: 59.461281
11-28 15:26:21.427 D/cocos2d-x debug info(14128): trace_frame: 59.979607
11-28 15:26:21.537 D/cocos2d-x debug info(14128): JS: load screenshot from local success: 2
11-28 15:26:21.557 D/cocos2d-x debug info(14128): trace_frame: 45.191612
11-28 15:26:21.667 D/mdns    ( 4397): SocketDataReady got a packet from 172.16.13.131 to 224.0.0.251 on interface 172.16.13.147/wlan0/7/332
11-28 15:26:21.667 D/mdns    ( 4397): Received Response from 172.16.13.131   addressed to 224.0.0.251     on 412BC868 with  0 Questions,  3 Answers,  0 Authorities,  0 Additionals 232 bytes LLQType 0
11-28 15:26:21.667 D/cocos2d-x debug info(14128): trace_frame: 60.053364
11-28 15:26:21.787 D/cocos2d-x debug info(14128): trace_frame: 60.177265
11-28 15:26:21.867 D/dalvikvm(22184): GC_FOR_ALLOC freed 582K, 22% free 6707K/8544K, paused 40ms, total 40ms
11-28 15:26:21.887 D/cocos2d-x debug info(14128): trace_frame: 59.893387
11-28 15:26:22.007 D/cocos2d-x debug info(14128): trace_frame: 60.158649
11-28 15:26:22.047 D/launcher_auto(14128): launcher_auto: sendkey back and wait.
11-28 15:26:22.107 D/cocos2d-x debug info(14128): trace_frame: 59.792522
11-28 15:26:22.217 D/cocos2d-x debug info(14128): trace_frame: 60.180885
11-28 15:26:22.337 D/cocos2d-x debug info(14128): trace_frame: 59.897144
11-28 15:26:22.437 D/cocos2d-x debug info(14128): trace_frame: 59.282093
11-28 15:26:22.557 D/cocos2d-x debug info(14128): trace_frame: 60.599762
11-28 15:26:22.667 D/cocos2d-x debug info(14128): trace_frame: 60.148312
11-28 15:26:22.767 D/cocos2d-x debug info(14128): trace_frame: 59.985603
11-28 15:26:22.807 D/mdns    ( 4397): mDNS_Execute
11-28 15:26:22.807 D/mdns    ( 4397): mDNS_Execute: Setting NewLocalRecords to NULL
11-28 15:26:22.807 D/mdns    ( 4397): SendQueries: _sleep-proxy._udp.local. (PTR) next interval 27 seconds RequestUnicast = 0
11-28 15:26:22.807 D/mdns    ( 4397): SendQueries: Putting     question for _sleep-proxy._udp.local. (PTR) at 0 forecast total 29
11-28 15:26:22.807 D/mdns    ( 4397): SendQueries putting   24 . OPT Max 1440 Vers 0 Seq   0 MAC 00:00:00:00:00:00 I-MAC 61:38:63:64:32:65
11-28 15:26:22.807 D/mdns    ( 4397): SendQueries:   Sending 1 Question 0 Answers 0 Updates on 412BC868
11-28 15:26:22.807 D/mdns    ( 4397): SocketDataReady got a packet from 172.16.13.147 to 224.0.0.251 on interface 172.16.13.147/wlan0/7/332
11-28 15:26:22.807 D/mdns    ( 4397): Received Query from 172.16.13.147  :5353  to 224.0.0.251    :5353  on 0x412BC868 with  1 Question,   0 Answers,  0 Authorities,  1 Additional  58 bytes
11-28 15:26:22.807 D/mdns    ( 4397): SocketDataReady got a packet from FE80:0000:0000:0000:026D:0EFF:FE03:A545 to FF02:0000:0000:0000:0000:0000:0000:00FB on interface 172.16.13.147/wlan0/7/333
11-28 15:26:22.807 D/mdns    ( 4397): Received Query from FE80:0000:0000:0000:026D:0EFF:FE03:A545:5353  to FF02:0000:0000:0000:0000:0000:0000:00FB:5353  on 0x412BC868 with  1 Question,   0 Answers,  0 Authorities,  1 Additional  58 bytes
11-28 15:26:22.867 D/cocos2d-x debug info(14128): trace_frame: 59.923897
11-28 15:26:22.907 D/mdns    ( 4397): mDNS_Execute
11-28 15:26:22.907 D/mdns    ( 4397): mDNS_Execute: Setting NewLocalRecords to NULL
11-28 15:26:22.967 D/cocos2d-x debug info(14128): trace_frame: 59.756790
11-28 15:26:23.057 D/cocos2d-x debug info(14128): JS: keyCode : 6
11-28 15:26:23.057 D/cocos2d-x debug info(14128): JS: AppDetailScene onExit
11-28 15:26:23.057 D/cocos2d-x debug info(14128): JS: --------------------------------------------this.unregisterStateHandler this.stateHandlers : [object Object],[object Object]
11-28 15:26:23.057 D/cocos2d-x debug info(14128): JS: appManager.unregisterStateHandler(appDetailLayer.appStateHandler);
11-28 15:26:23.067 D/cocos2d-x debug info(14128): JS: AppStoreMainLayer onEnter
11-28 15:26:23.067 D/cocos2d-x debug info(14128): JS: AppStoreScene onEnter
11-28 15:26:23.067 D/cocos2d-x debug info(14128): cocos2d: TextureCache: removing unused texture: /data/data/tv.fun.launcher/cache/snapshots_1944JRJMSSLBH_海报2.png
11-28 15:26:23.067 D/cocos2d-x debug info(14128): cocos2d: TextureCache: removing unused texture: /data/data/tv.fun.launcher/cache/snapshots_1944JRJMQR1RH_海报1.png
11-28 15:26:23.077 D/cocos2d-x debug info(14128): cocos2d: TextureCache: removing unused texture: /data/data/tv.fun.launcher/cache/poster_1944KI1R9ORE8_万年历.png
11-28 15:26:23.077 D/cocos2d-x debug info(14128): cocos2d: TextureCache: removing unused texture: /data/data/tv.fun.launcher/cache/poster_1944KB87QRJ6O_logo.png
11-28 15:26:23.077 D/cocos2d-x debug info(14128): cocos2d: TextureCache: removing unused texture: /data/data/tv.fun.launcher/cache/snapshots_1944JRJMUI83J_海报3.png
11-28 15:26:23.077 D/cocos2d-x debug info(14128): cocos2d: TextureCache: removing unused texture: /cc_2x2_white_image
11-28 15:26:23.087 D/cocos2d-x debug info(14128): trace_frame: 52.583160
11-28 15:26:23.187 D/cocos2d-x debug info(14128): trace_frame: 68.575005
11-28 15:26:23.287 D/cocos2d-x debug info(14128): trace_frame: 59.988003
11-28 15:26:23.407 D/cocos2d-x debug info(14128): trace_frame: 59.977211
11-28 15:26:23.507 D/cocos2d-x debug info(14128): trace_frame: 59.946648
11-28 15:26:23.617 D/cocos2d-x debug info(14128): trace_frame: 60.061607
11-28 15:26:23.737 D/cocos2d-x debug info(14128): trace_frame: 60.009605
11-28 15:26:23.837 D/cocos2d-x debug info(14128): trace_frame: 59.974216
11-28 15:26:23.937 D/cocos2d-x debug info(14128): trace_frame: 59.986805
11-28 15:26:24.057 D/launcher_auto(14128): launcher_auto: sendkey back and wait.
11-28 15:26:24.057 D/cocos2d-x debug info(14128): trace_frame: 60.021938
11-28 15:26:24.167 D/cocos2d-x debug info(14128): trace_frame: 60.041515
11-28 15:26:24.267 D/cocos2d-x debug info(14128): trace_frame: 59.990402
11-28 15:26:24.367 D/cocos2d-x debug info(14128): trace_frame: 59.853359
11-28 15:26:24.467 D/cocos2d-x debug info(14128): trace_frame: 59.999397
11-28 15:26:24.567 D/cocos2d-x debug info(14128): trace_frame: 59.986202
11-28 15:26:24.687 D/cocos2d-x debug info(14128): trace_frame: 60.126095
11-28 15:26:24.787 D/cocos2d-x debug info(14128): trace_frame: 59.990402
11-28 15:26:24.907 D/cocos2d-x debug info(14128): trace_frame: 59.977722
11-28 15:26:25.017 D/cocos2d-x debug info(14128): trace_frame: 60.016800
11-28 15:26:25.067 D/cocos2d-x debug info(14128): JS: keyCode : 6
11-28 15:26:25.077 D/cocos2d-x debug info(14128): JS: --------------------------------------------this.unregisterStateHandler this.stateHandlers : [object Object]
11-28 15:26:25.077 D/cocos2d-x debug info(14128): JS: refreshTableView, app list refresh json:  begin
11-28 15:26:25.077 D/JniHelper(14128): JniHelper::getJavaVM(), pthread_self() = 1529184920
11-28 15:26:25.077 D/JniHelper(14128): JniHelper::getJavaVM(), pthread_self() = 1529184920
11-28 15:26:25.077 D/cocos2d-x debug info(14128): JS: AppStoreMainLayer onExit
11-28 15:26:25.077 D/cocos2d-x debug info(14128): JS: AppStoreScene onExit
11-28 15:26:25.097 D/JniHelper(14128): JniHelper::getJavaVM(), pthread_self() = 1529184920
11-28 15:26:25.107 D/cocos2d-x debug info(14128): JS: HomeMainScene--onEnter--lifan
11-28 15:26:25.107 D/JniHelper(14128): JniHelper::getJavaVM(), pthread_self() = 1529184920
11-28 15:26:25.107 D/JniHelper(14128): JniHelper::getJavaVM(), pthread_self() = 1529184920
11-28 15:26:25.107 D/JniHelper(14128): JniHelper::getJavaVM(), pthread_self() = 1529184920
11-28 15:26:25.107 D/JniHelper(14128): JniHelper::getJavaVM(), pthread_self() = 1529184920
11-28 15:26:25.107 D/JniHelper(14128): JniHelper::getJavaVM(), pthread_self() = 1529184920
11-28 15:26:25.107 D/JniHelper(14128): JniHelper::getJavaVM(), pthread_self() = 1529184920
11-28 15:26:25.107 D/JniHelper(14128): JniHelper::getJavaVM(), pthread_self() = 1529184920
11-28 15:26:25.117 D/JniHelper(14128): JniHelper::getJavaVM(), pthread_self() = 1529184920
11-28 15:26:25.117 D/JniHelper(14128): JniHelper::getJavaVM(), pthread_self() = 1529184920
11-28 15:26:25.117 D/JniHelper(14128): JniHelper::getJavaVM(), pthread_self() = 1529184920
11-28 15:26:25.117 D/JniHelper(14128): JniHelper::getJavaVM(), pthread_self() = 1529184920
11-28 15:26:25.117 D/LocalAppsHelper(14128): app infos:[{"date":1417157060482,"downloadState":-1,"hasUpdate":false,"iconPath":"/data/data/tv.fun.launcher/files/com.fun.tv","name":"百视通TV","packageName":"com.fun.tv","permission":false,"posterUrl":"","progress":-1,"versionCode":8,"versionName":"1.0.0.10"},{"date":1417157060478,"downloadState":-1,"hasUpdate":false,"iconPath":"/data/data/tv.fun.launcher/files/com.hexin.plat.androidTV","name":"同花顺","packageName":"com.hexin.plat.androidTV","permission":true,"posterUrl":"http://172.16.12.58:8080/meedo-img/1eca69/42a0e1/poster_1944KF3BH8P0U_同花顺.png","progress":-1,"versionCode":136,"versionName":"1.3.2"},{"date":1417157060468,"downloadState":-1,"hasUpdate":false,"iconPath":"/data/data/tv.fun.launcher/files/com.trans.gamehall","name":"迈乐游戏中心","packageName":"com.trans.gamehall","permission":false,"posterUrl":"","progress":-1,"versionCode":161,"versionName":"3.1.4"},{"date":1417157060464,"downloadState":-1,"hasUpdate":false,"iconPath":"/data/data/tv.fun.launcher/files/st.com.xiami","name":"虾米音乐","packageName":"st.com.xiami","permission":false,"posterUrl":"","progress":-1,"versionCode":3,"versionName":"1.0.2"},{"date":1417157060461,"downloadState":-1,"hasUpdate":false,"iconPath":"/data/data/tv.fun.launcher/files/com.tencent.qqlivehd","name":"腾讯视频","packageName":"com.tencent.qqlivehd","permission":false,"posterUrl":"","progress":-1,"versionCode":3,"versionName":"1.1.1.6174"},{"date":1417157060448,"downloadState":-1,"hasUpdate":false,"iconPath":"/data/data/tv.fun.launcher/files/me.chunyu.ChunyuDoctor","name":"春雨医生","packageName":"me.chunyu.ChunyuDoctor","permission":true,"posterUrl":"http://172.16.12.58:8080/meedo-img/029d27/7dcd34/poster_1944K4NN518LM_春雨医生TV.png","progress":-1,"versionCode":542,"versionName":"5.4.2"},{"date":1417157060443,"downloadState":-1,"hasUpdate":false,"iconPath":"/data/data/tv.fun.launcher/files/com.duomi.androidtv","name":"多米音乐","packageName":"com.duomi.androidtv","permission":false,"posterUrl":"","progress":-1,"versionCode":2000000,"versionName":"2.0.0.00"},{"date":1417157060439,"downloadState":-1,"hasUpdate":false,"iconPath":"/data/data/tv.fun.launcher/files/com.netease.qa.emmagee","name":"Emmagee","packageName":"com.netease.qa.emmagee","permission":false,"posterUrl":"","progress":-1,"versionCode":1,"versionName":"1.0"},{"date":1417157060436,"downloadState":-1,"hasUpdate":false,"iconPath":"/data/data/tv.fun.launcher/files/com.adobe.flashplayer","name":"Adobe Flash Player 11.1","packageName":"com.adobe.flashplayer","permission":false,"posterUrl":"","progress":-1,"versionCode":111115034,"versionName":"11.1.115.34"},{"date":1417157060434,"downloadState":-1,"hasUpdate":false,"iconPath":"/data/data/tv.fun.launcher/files/com.youloft.calendar.tv","name":"万年历","packageName":"com.youloft.calendar.tv","permission":true,"posterUrl":"http://172.16.12.58:8080/meedo-img/c97437/167909/poster_1944KI1R9ORE8_万年历.png","progress":-1,"versionCode":6,"versionName":"1.0.5"},{"date":1417157060430,"downloadState":-1,"hasUpdate":false,"iconPath":"/data/data/tv.fun.launcher/files/com.example.helloworld","name":"HelloWorld","packageName":"com.example.helloworld","permission":false,"posterUrl":"","progress":-1,"versionCode":1,"versionName":"1.0"},{"date":1417157060426,"downloadState":-1,"hasUpdate":false,"iconPath":"/data/data/tv.fun.launcher/files/cn.com.wasu.main","name":"华数TV2.0","packageName":"cn.com.wasu.main","permission":false,"posterUrl":"","progress":-1,"versionCode":20,"versionName":"Test-1.0.0.20"},{"date":1417157060422,"downloadState":-1,"hasUpdate":false,"iconPath":"/data/data/tv.fun.launcher/files/com.qiyi.video","name":"爱奇艺影视","packageName":"com.qiyi.video","permission":false,"posterUrl":"","progress":-1,"versionCode":1,"versionName":"3.0"},{"date":1417157060416,"downloadState":-1,"hasUpdate":false,"iconPath":"/data/data/tv.fun.launcher/files/com.slanissue.tv.erge","name":"贝瓦儿歌","packageName":"com.slanissue.tv.erge","permission":true,"posterUrl":"http://172.16.12.58:8080/meedo-
11-28 15:26:25.137 D/JniHelper(14128): JniHelper::getJavaVM(), pthread_self() = 1529184920
11-28 15:26:25.137 D/JniHelper(14128): JniHelper::getJavaVM(), pthread_self() = 1529184920
11-28 15:26:25.147 D/JniHelper(14128): JniHelper::getJavaVM(), pthread_self() = 1529184920
11-28 15:26:25.147 D/JniHelper(14128): JniHelper::getJavaVM(), pthread_self() = 1529184920
11-28 15:26:25.147 D/JniHelper(14128): JniHelper::getJavaVM(), pthread_self() = 1529184920
11-28 15:26:25.147 D/JniHelper(14128): JniHelper::getJavaVM(), pthread_self() = 1529184920
11-28 15:26:25.147 D/JniHelper(14128): JniHelper::getJavaVM(), pthread_self() = 1529184920
11-28 15:26:25.147 D/JniHelper(14128): JniHelper::getJavaVM(), pthread_self() = 1529184920
11-28 15:26:25.147 D/JniHelper(14128): JniHelper::getJavaVM(), pthread_self() = 1529184920
11-28 15:26:25.147 D/JniHelper(14128): JniHelper::getJavaVM(), pthread_self() = 1529184920
11-28 15:26:25.147 D/JniHelper(14128): JniHelper::getJavaVM(), pthread_self() = 1529184920
11-28 15:26:25.157 D/JniHelper(14128): JniHelper::getJavaVM(), pthread_self() = 1529184920
11-28 15:26:25.157 D/JniHelper(14128): JniHelper::getJavaVM(), pthread_self() = 1529184920
11-28 15:26:25.157 D/mdns    ( 4397): SocketDataReady got a packet from 172.16.13.167 to 224.0.0.251 on interface 172.16.13.147/wlan0/7/332
11-28 15:26:25.157 D/mdns    ( 4397): Received Response from 172.16.13.167   addressed to 224.0.0.251     on 412BC868 with  0 Questions,  1 Answer,   0 Authorities,  0 Additionals 38 bytes LLQType 0
11-28 15:26:25.157 D/cocos2d-x debug info(14128): JS: HomeMainScene--383
11-28 15:26:25.157 D/JniHelper(14128): JniHelper::getJavaVM(), pthread_self() = 1529184920
11-28 15:26:25.157 D/cocos2d-x debug info(14128): JS: 789
11-28 15:26:25.167 D/cocos2d-x debug info(14128): JS: 123456789
11-28 15:26:25.177 D/cocos2d-x debug info(14128): JS: funtv.ImageLoader.sImagePath=/data/data/tv.fun.launcher/files/fun_download/90/c2a2ddfe2422257d39bd0c9f5d84fc.png
11-28 15:26:25.177 D/cocos2d-x debug info(14128): nativeTes2Callback  [002]funtv.ImageLoader.imageCallback('/data/data/tv.fun.launcher/files/fun_download/90/c2a2ddfe2422257d39bd0c9f5d84fc.png', 0,11)
11-28 15:26:25.177 D/cocos2d-x debug info(14128): JS: funtv.ImageLoader.sImagePath=/data/data/tv.fun.launcher/files/fun_download/8f/43a9c097dfd231f46ed3870313a982.png
11-28 15:26:25.177 D/cocos2d-x debug info(14128): nativeTes2Callback  [001]funtv.ImageLoader.imageCallback('/data/data/tv.fun.launcher/files/fun_download/8f/43a9c097dfd231f46ed3870313a982.png', 0,12)
11-28 15:26:25.177 D/cocos2d-x debug info(14128): JS: funtv.ImageLoader.sImagePath=/data/data/tv.fun.launcher/files/fun_download/f6/9a813427674cc4bdaeca5bc1acb4cd.png
11-28 15:26:25.177 D/cocos2d-x debug info(14128): nativeTes2Callback  [002]funtv.ImageLoader.imageCallback('/data/data/tv.fun.launcher/files/fun_download/f6/9a813427674cc4bdaeca5bc1acb4cd.png', 0,13)
11-28 15:26:25.177 D/cocos2d-x debug info(14128): JS: funtv.ImageLoader.sImagePath=/data/data/tv.fun.launcher/files/fun_download/d9/32582dc75e2e18a1a5091ace155775.png
11-28 15:26:25.177 D/cocos2d-x debug info(14128): nativeTes2Callback  [001]funtv.ImageLoader.imageCallback('/data/data/tv.fun.launcher/files/fun_download/d9/32582dc75e2e18a1a5091ace155775.png', 0,14)
11-28 15:26:25.187 D/cocos2d-x debug info(14128): JS: funtv.ImageLoader.sImagePath=/data/data/tv.fun.launcher/files/fun_download/ac/6f860752669c68bc0b7a15143f961d.png
11-28 15:26:25.187 D/cocos2d-x debug info(14128): nativeTes2Callback  [002]funtv.ImageLoader.imageCallback('/data/data/tv.fun.launcher/files/fun_download/ac/6f860752669c68bc0b7a15143f961d.png', 0,15)
11-28 15:26:25.187 D/cocos2d-x debug info(14128): JS: funtv.ImageLoader.sImagePath=/data/data/tv.fun.launcher/files/fun_download/f3/ecf40f25dfc0421e52a9eff4e354f1.png
11-28 15:26:25.187 D/cocos2d-x debug info(14128): nativeTes2Callback  [001]funtv.ImageLoader.imageCallback('/data/data/tv.fun.launcher/files/fun_download/f3/ecf40f25dfc0421e52a9eff4e354f1.png', 0,16)
11-28 15:26:25.187 D/cocos2d-x debug info(14128): JS: funtv.ImageLoader.sImagePath=/data/data/tv.fun.launcher/files/fun_download/e6/5da6d05f5cbe19bca0e35fe0a5f184.png
11-28 15:26:25.187 D/cocos2d-x debug info(14128): nativeTes2Callback  [002]funtv.ImageLoader.imageCallback('/data/data/tv.fun.launcher/files/fun_download/e6/5da6d05f5cbe19bca0e35fe0a5f184.png', 0,31)
11-28 15:26:25.197 D/cocos2d-x debug info(14128): JS: funtv.ImageLoader.sImagePath=/data/data/tv.fun.launcher/files/fun_download/be/e5b32df19a369e82bd7f58fac89d97.png
11-28 15:26:25.197 D/cocos2d-x debug info(14128): nativeTes2Callback  [002]funtv.ImageLoader.imageCallback('/data/data/tv.fun.launcher/files/fun_download/be/e5b32df19a369e82bd7f58fac89d97.png', 0,32)
11-28 15:26:25.197 D/cocos2d-x debug info(14128): JS: funtv.ImageLoader.sImagePath=/data/data/tv.fun.launcher/files/fun_download/e0/4e3c9761e9227f6a5e1723c7c26e90.png
11-28 15:26:25.197 D/cocos2d-x debug info(14128): nativeTes2Callback  [001]funtv.ImageLoader.imageCallback('/data/data/tv.fun.launcher/files/fun_download/e0/4e3c9761e9227f6a5e1723c7c26e90.png', 0,33)
11-28 15:26:25.197 D/cocos2d-x debug info(14128): JS: funtv.ImageLoader.sImagePath=/data/data/tv.fun.launcher/files/fun_download/74/1769913d67c31335f0454bf7b3ee7c.png
11-28 15:26:25.207 D/cocos2d-x debug info(14128): nativeTes2Callback  [002]funtv.ImageLoader.imageCallback('/data/data/tv.fun.launcher/files/fun_download/74/1769913d67c31335f0454bf7b3ee7c.png', 0,34)
11-28 15:26:25.207 D/cocos2d-x debug info(14128): JS: funtv.ImageLoader.sImagePath=/data/data/tv.fun.launcher/files/fun_download/81/1e608519e72ad43f08e5bc955768ae.png
11-28 15:26:25.207 D/cocos2d-x debug info(14128): nativeTes2Callback  [001]funtv.ImageLoader.imageCallback('/data/data/tv.fun.launcher/files/fun_download/81/1e608519e72ad43f08e5bc955768ae.png', 0,35)
11-28 15:26:25.207 D/cocos2d-x debug info(14128): JS: funtv.ImageLoader.sImagePath=/data/data/tv.fun.launcher/files/fun_download/bd/76bffbfd3ae06dce8d18aa85030e72.png
11-28 15:26:25.207 D/cocos2d-x debug info(14128): nativeTes2Callback  [001]funtv.ImageLoader.imageCallback('/data/data/tv.fun.launcher/files/fun_download/bd/76bffbfd3ae06dce8d18aa85030e72.png', 0,36)
11-28 15:26:25.207 D/cocos2d-x debug info(14128): JS: funtv.ImageLoader.sImagePath=/data/data/tv.fun.launcher/files/fun_download/a4/86ef73e1d8fee5884faa83ab8f109f.png
11-28 15:26:25.207 D/cocos2d-x debug info(14128): nativeTes2Callback  [002]funtv.ImageLoader.imageCallback('/data/data/tv.fun.launcher/files/fun_download/a4/86ef73e1d8fee5884faa83ab8f109f.png', 0,47)
11-28 15:26:25.217 D/cocos2d-x debug info(14128): JS: funtv.ImageLoader.sImagePath=/data/data/tv.fun.launcher/files/fun_download/4c/2eab0addd8c574bcfaba66fc02e9e9.png
11-28 15:26:25.217 D/cocos2d-x debug info(14128): nativeTes2Callback  [002]funtv.ImageLoader.imageCallback('/data/data/tv.fun.launcher/files/fun_download/4c/2eab0addd8c574bcfaba66fc02e9e9.png', 0,48)
11-28 15:26:25.217 D/cocos2d-x debug info(14128): JS: funtv.ImageLoader.sImagePath=/data/data/tv.fun.launcher/files/fun_download/89/f1d896e04a12059a43cceb25002c9e.png
11-28 15:26:25.217 D/cocos2d-x debug info(14128): nativeTes2Callback  [002]funtv.ImageLoader.imageCallback('/data/data/tv.fun.launcher/files/fun_download/89/f1d896e04a12059a43cceb25002c9e.png', 0,49)
11-28 15:26:25.217 D/cocos2d-x debug info(14128): JS: funtv.ImageLoader.sImagePath=/data/data/tv.fun.launcher/files/fun_download/2e/94ba606d5ecf8ccf7fbb957a07996f.png
11-28 15:26:25.217 D/cocos2d-x debug info(14128): nativeTes2Callback  [001]funtv.ImageLoader.imageCallback('/data/data/tv.fun.launcher/files/fun_download/2e/94ba606d5ecf8ccf7fbb957a07996f.png', 0,50)
11-28 15:26:25.227 D/cocos2d-x debug info(14128): JS: funtv.ImageLoader.sImagePath=/data/data/tv.fun.launcher/files/fun_download/d9/32582dc75e2e18a1a5091ace155775.png
11-28 15:26:25.227 D/cocos2d-x debug info(14128): nativeTes2Callback  [002]funtv.ImageLoader.imageCallback('/data/data/tv.fun.launcher/files/fun_download/d9/32582dc75e2e18a1a5091ace155775.png', 0,51)
11-28 15:26:25.227 D/cocos2d-x debug info(14128): JS: funtv.ImageLoader.sImagePath=/data/data/tv.fun.launcher/files/fun_download/60/c5434a5bc4843dd1e4d162cdc88f44.png
11-28 15:26:25.227 D/cocos2d-x debug info(14128): nativeTes2Callback  [001]funtv.ImageLoader.imageCallback('/data/data/tv.fun.launcher/files/fun_download/60/c5434a5bc4843dd1e4d162cdc88f44.png', 0,52)
11-28 15:26:25.227 D/cocos2d-x debug info(14128): JS: funtv.ImageLoader.sImagePath=/data/data/tv.fun.launcher/files/fun_download/e1/a257a2f676d205b45a717d1d31d3ba.png
11-28 15:26:25.227 D/cocos2d-x debug info(14128): nativeTes2Callback  [001]funtv.ImageLoader.imageCallback('/data/data/tv.fun.launcher/files/fun_download/e1/a257a2f676d205b45a717d1d31d3ba.png', 0,63)
11-28 15:26:25.227 D/cocos2d-x debug info(14128): JS: funtv.ImageLoader.sImagePath=/data/data/tv.fun.launcher/files/fun_download/09/a237d17af5238badd7c2cbd444bc49.png
11-28 15:26:25.237 D/cocos2d-x debug info(14128): nativeTes2Callback  [003]funtv.ImageLoader.imageCallback('/data/data/tv.fun.launcher/files/fun_download/09/a237d17af5238badd7c2cbd444bc49.png', 0,64)
11-28 15:26:25.237 D/cocos2d-x debug info(14128): JS: funtv.ImageLoader.sImagePath=/data/data/tv.fun.launcher/files/fun_download/38/636f8d14af4eabcc5597942fb19fff.png
11-28 15:26:25.237 D/cocos2d-x debug info(14128): nativeTes2Callback  [001]funtv.ImageLoader.imageCallback('/data/data/tv.fun.launcher/files/fun_download/38/636f8d14af4eabcc5597942fb19fff.png', 0,65)
11-28 15:26:25.237 D/cocos2d-x debug info(14128): JS: funtv.ImageLoader.sImagePath=/data/data/tv.fun.launcher/files/fun_download/4a/d2af471869c9211aa0677aadbd8c5e.png
11-28 15:26:25.237 D/cocos2d-x debug info(14128): nativeTes2Callback  [002]funtv.ImageLoader.imageCallback('/data/data/tv.fun.launcher/files/fun_download/4a/d2af471869c9211aa0677aadbd8c5e.png', 0,66)
11-28 15:26:25.237 D/cocos2d-x debug info(14128): JS: funtv.ImageLoader.sImagePath=/data/data/tv.fun.launcher/files/fun_download/d7/8383b46fde0ad58e6f2c9937046a3e.png
11-28 15:26:25.237 D/cocos2d-x debug info(14128): nativeTes2Callback  [002]funtv.ImageLoader.imageCallback('/data/data/tv.fun.launcher/files/fun_download/d7/8383b46fde0ad58e6f2c9937046a3e.png', 0,67)
11-28 15:26:25.247 D/cocos2d-x debug info(14128): JS: funtv.ImageLoader.sImagePath=/data/data/tv.fun.launcher/files/fun_download/9f/ee7d502ad3b836ab7a8e327cf7ba6f.png
11-28 15:26:25.247 D/cocos2d-x debug info(14128): nativeTes2Callback  [002]funtv.ImageLoader.imageCallback('/data/data/tv.fun.launcher/files/fun_download/9f/ee7d502ad3b836ab7a8e327cf7ba6f.png', 0,68)
11-28 15:26:25.257 D/cocos2d-x debug info(14128): JS: launcher.eventCenter.onGetLocalApps
11-28 15:26:25.257 D/cocos2d-x debug info(14128): JS: onAppsGot, result is [object Object],[object Object],[object Object],[object Object],[object Object],[object Object],[object Object],[object Object],[object Object],[object Object],[object Object],[object Object],[object Object],[object Object],[object Object],[object Object],[object Object],[object Object],[object Object],[object Object],[object Object],[object Object],[object Object],[object Object],[object Object],[object Object],[object Object],[object Object],[object Object],[object Object],[object Object],[object Object],[object Object],[object Object],[object Object],[object Object],[object Object],[object Object],[object Object],[object Object],[object Object],[object Object],[object Object]
11-28 15:26:25.257 D/cocos2d-x debug info(14128): JS: setData[object Object],[object Object],[object Object],[object Object],[object Object],[object Object],[object Object],[object Object],[object Object],[object Object],[object Object],[object Object],[object Object],[object Object],[object Object],[object Object],[object Object],[object Object],[object Object],[object Object],[object Object],[object Object],[object Object],[object Object],[object Object],[object Object],[object Object],[object Object],[object Object],[object Object],[object Object],[object Object],[object Object],[object Object],[object Object],[object Object],[object Object],[object Object],[object Object],[object Object],[object Object],[object Object],[object Object]
11-28 15:26:25.257 D/cocos2d-x debug info(14128): JS: this.mFocusImage.x138 y:-16
11-28 15:26:25.267 D/cocos2d-x debug info(14128): JS: launcherAppAdapter updateData cell0
11-28 15:26:25.267 D/cocos2d-x debug info(14128): JS: launcherAppAdapter createBaseAppView0
11-28 15:26:25.277 D/cocos2d-x debug info(14128): JS: launcherAppAdapter fillData cell0
11-28 15:26:25.277 D/cocos2d-x debug info(14128): JS: this.mData.length430
11-28 15:26:25.277 D/cocos2d-x debug info(14128): JS: local app:com.fun.tv
11-28 15:26:25.277 D/dalvikvm(14128): GC_CONCURRENT freed 1950K, 60% free 7456K/18508K, paused 3ms+3ms, total 32ms
11-28 15:26:25.277 D/JniHelper(14128): JniHelper::getJavaVM(), pthread_self() = 1529184920
11-28 15:26:25.277 D/FileUtil(14128): getImageFilePathByUrl, url is /data/data/tv.fun.launcher/files/com.fun.tv
11-28 15:26:25.277 D/FileUtil(14128): getImageFilePathByUrl, fileName is com.fun.tv
11-28 15:26:25.287 D/cocos2d-x debug info(14128): JS: no Icon cache for com.fun.tv
11-28 15:26:25.287 D/JniHelper(14128): JniHelper::getJavaVM(), pthread_self() = 1529184920
11-28 15:26:25.287 D/cocos2d-x debug info(14128): JS: local app: appIcon begin4
11-28 15:26:25.287 D/LoadIconAsyncTask(14128): start load pkgName is com.fun.tv
11-28 15:26:25.287 D/LoadIconAsyncTask(14128): com.fun.tv load result is true
11-28 15:26:25.287 D/JniHelper(14128): JniHelper::getJavaVM(), pthread_self() = 1529184920
11-28 15:26:25.297 D/cocos2d-x debug info(14128): JS: launcherAppAdapter updateData cell1
11-28 15:26:25.297 D/cocos2d-x debug info(14128): JS: launcherAppAdapter fillData cell1
11-28 15:26:25.297 D/cocos2d-x debug info(14128): JS: this.mData.length431
11-28 15:26:25.297 D/JniHelper(14128): JniHelper::getJavaVM(), pthread_self() = 1529184920
11-28 15:26:25.297 D/FileUtil(14128): getImageFilePathByUrl, url is http://172.16.12.58:8080/meedo-img/1eca69/42a0e1/poster_1944KF3BH8P0U_同花顺.png
11-28 15:26:25.297 D/FileUtil(14128): getImageFilePathByUrl, fileName is poster_1944KF3BH8P0U_同花顺.png
11-28 15:26:25.297 D/cocos2d-x debug info(14128): JS: LRUCache, set item key is /data/data/tv.fun.launcher/cache/poster_1944KF3BH8P0U_同花顺.png, value is undefined
11-28 15:26:25.307 D/cocos2d-x debug info(14128): JS: LRUCache, set item current size is 0
11-28 15:26:25.307 D/JniHelper(14128): JniHelper::getJavaVM(), pthread_self() = 1529184920
11-28 15:26:25.307 D/cocos2d-x debug info(14128): JS: launcherAppAdapter updateData cell2
11-28 15:26:25.307 D/cocos2d-x debug info(14128): JS: launcherAppAdapter fillData cell2
11-28 15:26:25.307 D/cocos2d-x debug info(14128): JS: this.mData.length432
11-28 15:26:25.307 D/cocos2d-x debug info(14128): JS: local app:com.trans.gamehall
11-28 15:26:25.307 D/JniHelper(14128): JniHelper::getJavaVM(), pthread_self() = 1529184920
11-28 15:26:25.317 D/FileUtil(14128): getImageFilePathByUrl, url is /data/data/tv.fun.launcher/files/com.trans.gamehall
11-28 15:26:25.317 D/FileUtil(14128): getImageFilePathByUrl, fileName is com.trans.gamehall
11-28 15:26:25.317 D/cocos2d-x debug info(14128): JS: no Icon cache for com.trans.gamehall
