--------- beginning of /dev/log/main
11-28 15:21:54.057 W/System.err(14128): 	at libcore.io.Posix.fsync(Native Method)
11-28 15:21:54.067 W/System.err(14128): 	at libcore.io.BlockGuardOs.fsync(BlockGuardOs.java:97)
11-28 15:21:54.067 W/System.err(14128): 	at java.io.FileDescriptor.sync(FileDescriptor.java:74)
11-28 15:21:54.067 W/System.err(14128): 	... 22 more
11-28 15:21:54.087 D/cocos2d-x debug info(14128): trace_frame: 52.165745
11-28 15:21:54.207 D/cocos2d-x debug info(14128): trace_frame: 60.050785
11-28 15:21:54.307 D/cocos2d-x debug info(14128): trace_frame: 59.991001
11-28 15:21:54.407 D/cocos2d-x debug info(14128): trace_frame: 59.988598
11-28 15:21:54.427 D/mdns    ( 4397): mDNS_Execute
11-28 15:21:54.427 D/mdns    ( 4397): mDNS_Execute: Setting NewLocalRecords to NULL
11-28 15:21:54.427 D/mdns    ( 4397): Announcing 006d0e03a545@MiniMax._raop._tcp.local. (TXT) 3
11-28 15:21:54.427 D/mdns    ( 4397): Announcing _services._dns-sd._udp.local. (PTR) 3
11-28 15:21:54.427 D/mdns    ( 4397): Announcing _raop._tcp.local. (PTR) 3
11-28 15:21:54.427 D/mdns    ( 4397): Announcing MiniMax._airplay._tcp.local. (TXT) 3
11-28 15:21:54.427 D/mdns    ( 4397): Announcing _services._dns-sd._udp.local. (PTR) 3
11-28 15:21:54.427 D/mdns    ( 4397): Announcing _airplay._tcp.local. (PTR) 3
11-28 15:21:54.427 D/mdns    ( 4397): Announcing 006d0e03a545@MiniMax._raop._tcp.local. (SRV) 3
11-28 15:21:54.427 D/mdns    ( 4397): Announcing MiniMax._airplay._tcp.local. (SRV) 3
11-28 15:21:54.427 D/mdns    ( 4397): Announcing 147.13.16.172.in-addr.arpa. (PTR) 3
11-28 15:21:54.427 D/mdns    ( 4397): Announcing 5.4.5.A.3.0.E.F.F.F.E.0.D.6.2.0.0.0.0.0.0.0.0.0.0.0.0.0.0.8.E.F.ip6.arpa. (PTR) 3
11-28 15:21:54.427 D/mdns    ( 4397): Announcing Android-2.local. (Addr) 3
11-28 15:21:54.427 D/mdns    ( 4397): Announcing Android-2.local. (AAAA) 3
11-28 15:21:54.427 D/mdns    ( 4397): SendResponses put     24 . OPT Max 1440 Vers 0 Seq   0 MAC 00:00:00:00:00:00 I-MAC 28:00:00:00:00:00
11-28 15:21:54.427 D/mdns    ( 4397): SendResponses: Sending 0 Deregistrations, 12 Announcements, 0 Answers, 6 Additionals on 412B9B88
11-28 15:21:54.427 D/mdns    ( 4397): SendResponses: Next in 16384 ticks
11-28 15:21:54.427 D/mdns    ( 4397): SocketDataReady got a packet from 172.16.13.147 to 224.0.0.251 on interface 172.16.13.147/wlan0/7/296
11-28 15:21:54.427 D/mdns    ( 4397): Received Response from 172.16.13.147   addressed to 224.0.0.251     on 412B9B88 with  0 Questions, 12 Answers,  0 Authorities,  6 Additionals 690 bytes LLQType 0
11-28 15:21:54.427 D/mdns    ( 4397): Found record size   115 interface 412B9B88 already in cache:  115 006d0e03a545@MiniMax._raop._tcp.local. TXT ch=2¦cn=0,1¦da=true¦ek=1¦et=0,1¦md=0,1,2¦pw=false¦sm=false¦sr=44100¦ss=16¦sv=false¦tp=UDP¦txtvers=
11-28 15:21:54.427 D/mdns    ( 4397): Found record size    75 interface 412B9B88 already in cache:   75 MiniMax._airplay._tcp.local. TXT deviceid=00:6d:0e:03:a5:45¦features=0x2077¦model=AppleTV2,1¦srcvers=101.28
11-28 15:21:54.427 D/mdns    ( 4397): Found record size    78 interface 412B9B88 already in cache:   78 5.4.5.A.3.0.E.F.F.F.E.0.D.6.2.0.0.0.0.0.0.0.0.0.0.0.0.0.0.8.E.F.ip6.arpa. NSEC PTR 
11-28 15:21:54.427 D/mdns    ( 4397): SocketDataReady got a packet from FE80:0000:0000:0000:026D:0EFF:FE03:A545 to FF02:0000:0000:0000:0000:0000:0000:00FB on interface 172.16.13.147/wlan0/7/297
11-28 15:21:54.427 D/mdns    ( 4397): Received Response from FE80:0000:0000:0000:026D:0EFF:FE03:A545 addressed to FF02:0000:0000:0000:0000:0000:0000:00FB on 412B9B88 with  0 Questions, 12 Answers,  0 Authorities,  6 Additionals 690 bytes LLQType 0
11-28 15:21:54.427 D/mdns    ( 4397): Found record size   115 interface 412B9B88 already in cache:  115 006d0e03a545@MiniMax._raop._tcp.local. TXT ch=2¦cn=0,1¦da=true¦ek=1¦et=0,1¦md=0,1,2¦pw=false¦sm=false¦sr=44100¦ss=16¦sv=false¦tp=UDP¦txtvers=
11-28 15:21:54.427 D/mdns    ( 4397): Found record size    75 interface 412B9B88 already in cache:   75 MiniMax._airplay._tcp.local. TXT deviceid=00:6d:0e:03:a5:45¦features=0x2077¦model=AppleTV2,1¦srcvers=101.28
11-28 15:21:54.427 D/mdns    ( 4397): Found record size    78 interface 412B9B88 already in cache:   78 5.4.5.A.3.0.E.F.F.F.E.0.D.6.2.0.0.0.0.0.0.0.0.0.0.0.0.0.0.8.E.F.ip6.arpa. NSEC PTR 
11-28 15:21:54.497 D/dalvikvm(22184): GC_CONCURRENT freed 744K, 24% free 6754K/8788K, paused 4ms+4ms, total 57ms
11-28 15:21:54.507 D/cocos2d-x debug info(14128): trace_frame: 59.674179
11-28 15:21:54.527 D/mdns    ( 4397): mDNS_Execute
11-28 15:21:54.527 D/mdns    ( 4397): mDNS_Execute: Setting NewLocalRecords to NULL
11-28 15:21:54.617 D/cocos2d-x debug info(14128): trace_frame: 60.268970
11-28 15:21:54.717 D/cocos2d-x debug info(14128): trace_frame: 59.889801
11-28 15:21:54.837 D/cocos2d-x debug info(14128): trace_frame: 60.092537
11-28 15:21:54.937 D/cocos2d-x debug info(14128): trace_frame: 59.994602
11-28 15:21:55.057 D/cocos2d-x debug info(14128): trace_frame: 60.026588
11-28 15:21:55.067 D/launcher_auto(14128): launcher_auto: sendkey and wait.
11-28 15:21:55.157 D/cocos2d-x debug info(14128): trace_frame: 59.896381
11-28 15:21:55.267 D/cocos2d-x debug info(14128): trace_frame: 60.043060
11-28 15:21:55.387 D/cocos2d-x debug info(14128): trace_frame: 60.035851
11-28 15:21:55.507 D/cocos2d-x debug info(14128): trace_frame: 59.977722
11-28 15:21:55.587 D/cocos2d-x debug info(14128): JS: HomeMainScene Key down:158
11-28 15:21:55.597 V/audio_hw_primary( 1334): start_output_stream, line: 1353
11-28 15:21:55.597 V/codec_audio_pad( 1334): in normal mode, headset or speaker on,****LINE:54,FUNC:set_normal_path
11-28 15:21:55.597 V/audio_hw_primary( 1334): normal mode , speaker,****LINE:1284,FUNC:select_output_device
11-28 15:21:55.597 V/audio_hw_primary( 1334): use AUDIO_HDMI to playback audio
11-28 15:21:55.597 V/audio_hw_primary( 1334): do not use out resampler
11-28 15:21:55.597 D/cocos2d-x debug info(14128): JS: ItemTypeLayer--203--0
11-28 15:21:55.607 D/JniHelper(14128): JniHelper::getJavaVM(), pthread_self() = 1529184920
11-28 15:21:55.907 D/cocos2d-x debug info(14128): JS: getHomeSearchRecord={"items":[]}
11-28 15:21:55.907 D/cocos2d-x debug info(14128): JS: getHomeSearchRecord jsonString=0
11-28 15:21:55.907 D/cocos2d-x debug info(14128): JS: mergeHomeSearchData: items=4
11-28 15:21:55.907 D/cocos2d-x debug info(14128): JS: FunTableView setAdapter
11-28 15:21:55.907 D/cocos2d-x debug info(14128): JS: HomeMoreH--45false
11-28 15:21:55.917 D/cocos2d-x debug info(14128): JS: ImageLoader:cancelImageLoad url=http://img.funshion.com/pictures/media/list/116/277/116277_360_504_ott_poster.jpg?1411899242
11-28 15:21:55.917 D/cocos2d-x debug info(14128): JS: ImageLoader:cancelImageLoad url=http://img.funshion.com/pictures/media/list/114/977/114977_360_504_ott_poster.jpg?1416555966
11-28 15:21:55.917 D/cocos2d-x debug info(14128): JS: ImageLoader:cancelImageLoad url=http://img.funshion.com/pictures/media/list/115/817/115817_360_504_ott_poster.jpg?1407307022
11-28 15:21:55.917 D/cocos2d-x debug info(14128): JS: ImageLoader:cancelImageLoad url=http://img.funshion.com/pictures/media/list/115/335/115335_360_504_ott_poster.jpg?1416895126
11-28 15:21:55.917 D/cocos2d-x debug info(14128): JS: HomeListAdapter: isItemTypeOf(0)=true
11-28 15:21:55.917 D/cocos2d-x debug info(14128): JS: HomeListAdapter: isItemTypeOf(1)=true
11-28 15:21:55.917 D/cocos2d-x debug info(14128): JS: updateStatus--
11-28 15:21:55.917 D/cocos2d-x debug info(14128): JS: begin home url=http://img.funshion.com/pictures/media/list/116/277/116277_360_504_ott_poster.jpg?1411899242
11-28 15:21:55.927 D/cocos2d-x debug info(14128): JS: mImageNode equal imageInfo.mUrl=http://img.funshion.com/pictures/media/list/116/277/116277_360_504_ott_poster.jpg?1411899242
11-28 15:21:55.927 D/cocos2d-x debug info(14128): JS: funtv.ImageLoader.sImagePath=/data/data/tv.fun.launcher/files/fun_download/90/c2a2ddfe2422257d39bd0c9f5d84fc.png
11-28 15:21:55.927 D/cocos2d-x debug info(14128): JS: HomeListAdapter: isItemTypeOf(2)=true
11-28 15:21:55.927 D/cocos2d-x debug info(14128): JS: updateStatus--
11-28 15:21:55.927 D/cocos2d-x debug info(14128): JS: begin home url=http://img.funshion.com/pictures/media/list/114/977/114977_360_504_ott_poster.jpg?1416555966
11-28 15:21:55.927 D/cocos2d-x debug info(14128): JS: mImageNode equal imageInfo.mUrl=http://img.funshion.com/pictures/media/list/114/977/114977_360_504_ott_poster.jpg?1416555966
11-28 15:21:55.927 D/cocos2d-x debug info(14128): JS: funtv.ImageLoader.sImagePath=/data/data/tv.fun.launcher/files/fun_download/e0/4e3c9761e9227f6a5e1723c7c26e90.png
11-28 15:21:55.927 D/cocos2d-x debug info(14128): JS: HomeListAdapter: isItemTypeOf(3)=true
11-28 15:21:55.927 D/cocos2d-x debug info(14128): JS: updateStatus--
11-28 15:21:55.937 D/cocos2d-x debug info(14128): JS: begin home url=http://img.funshion.com/pictures/media/list/115/817/115817_360_504_ott_poster.jpg?1407307022
11-28 15:21:55.937 D/cocos2d-x debug info(14128): JS: mImageNode equal imageInfo.mUrl=http://img.funshion.com/pictures/media/list/115/817/115817_360_504_ott_poster.jpg?1407307022
11-28 15:21:55.937 D/cocos2d-x debug info(14128): JS: funtv.ImageLoader.sImagePath=/data/data/tv.fun.launcher/files/fun_download/e9/02f986a0fd93124c2491a0e164f345.png
11-28 15:21:55.937 D/cocos2d-x debug info(14128): JS: HomeListAdapter: isItemTypeOf(4)=true
11-28 15:21:55.937 D/cocos2d-x debug info(14128): JS: updateStatus--
11-28 15:21:55.937 D/cocos2d-x debug info(14128): JS: begin home url=http://img.funshion.com/pictures/media/list/115/335/115335_360_504_ott_poster.jpg?1416895126
11-28 15:21:55.937 D/cocos2d-x debug info(14128): JS: mImageNode equal imageInfo.mUrl=http://img.funshion.com/pictures/media/list/115/335/115335_360_504_ott_poster.jpg?1416895126
11-28 15:21:55.937 D/cocos2d-x debug info(14128): JS: funtv.ImageLoader.sImagePath=/data/data/tv.fun.launcher/files/fun_download/cb/cac0ef74d5d451b3a1e7a655f9cbea.png
11-28 15:21:55.937 D/cocos2d-x debug info(14128): JS: zhangmd:FunTableView:setFocusImageSize, size is:(340,562)
11-28 15:21:55.937 D/cocos2d-x debug info(14128): JS: zhangmd:FunTableView:setFocusImageSize, focussize is:(370,592)
11-28 15:21:55.937 D/cocos2d-x debug info(14128): JS: HomeMoreH--45true
11-28 15:21:55.947 D/cocos2d-x debug info(14128): JS: zhangmd:FunTableView:calculateFullVisibleIndex begain,startidx=0,endidx=0,startidx2=0,endidx2=0
11-28 15:21:55.947 D/cocos2d-x debug info(14128): JS: curSelIndex=6
11-28 15:21:55.947 D/cocos2d-x debug info(14128): JS: lastSelIndex=0
11-28 15:21:55.947 D/cocos2d-x debug info(14128): cocos2d: TextureCache: removing unused texture: /data/data/tv.fun.launcher/files/fun_download/1a/5ad647dae91adaffa33d7ec0aa31cc.png
11-28 15:21:55.947 D/cocos2d-x debug info(14128): cocos2d: TextureCache: removing unused texture: /data/data/tv.fun.launcher/files/fun_download/fc/ec841cbfc9e1d252996afea68edca1.png
11-28 15:21:55.947 D/cocos2d-x debug info(14128): cocos2d: TextureCache: removing unused texture: /data/data/tv.fun.launcher/files/fun_download/2a/77d0779260ab9da7b3f99e6f45e176.png
11-28 15:21:55.947 D/cocos2d-x debug info(14128): cocos2d: TextureCache: removing unused texture: /data/data/tv.fun.launcher/files/fun_download/b0/359a27fd3f9d17d9eef4556d7667fa.png
11-28 15:21:55.947 D/cocos2d-x debug info(14128): cocos2d: TextureCache: removing unused texture: /data/data/tv.fun.launcher/files/fun_download/a9/b9752ecf3eb9f66bab4d707650ee8a.png
11-28 15:21:55.947 D/cocos2d-x debug info(14128): cocos2d: TextureCache: removing unused texture: /data/data/tv.fun.launcher/files/fun_download/d0/556da1dd8f77b2a81556b495a9f932.png
11-28 15:21:55.957 D/cocos2d-x debug info(14128): cocos2d: TextureCache: removing unused texture: /data/data/tv.fun.launcher/files/fun_download/89/b81234e7e43dc287bca28642f04cee.png
11-28 15:21:55.957 D/cocos2d-x debug info(14128): cocos2d: TextureCache: removing unused texture: /data/data/tv.fun.launcher/files/fun_download/a9/1895df03762f60a149ef998a2b5dd1.png
11-28 15:21:55.957 D/JniHelper(14128): JniHelper::getJavaVM(), pthread_self() = 1529184920
11-28 15:21:55.957 D/cocos2d-x debug info(14128): JS:  HomeMainScene Key up:158
11-28 15:21:55.987 D/cocos2d-x debug info(14128): trace_frame: 72.519806
11-28 15:21:56.077 D/launcher_auto(14128): launcher_auto: sendkey and wait.
11-28 15:21:56.087 D/cocos2d-x debug info(14128): trace_frame: 59.831871
11-28 15:21:56.207 D/cocos2d-x debug info(14128): trace_frame: 60.184509
11-28 15:21:56.307 D/cocos2d-x debug info(14128): trace_frame: 59.649265
11-28 15:21:56.417 D/cocos2d-x debug info(14128): trace_frame: 60.289215
11-28 15:21:56.517 D/cocos2d-x debug info(14128): trace_frame: 59.988003
11-28 15:21:56.587 D/cocos2d-x debug info(14128): JS: HomeMainScene Key down:158
11-28 15:21:56.597 D/cocos2d-x debug info(14128): JS: ItemTypeLayer--203--7
11-28 15:21:56.597 D/cocos2d-x debug info(14128): JS: curSelIndex=9
11-28 15:21:56.597 D/cocos2d-x debug info(14128): JS: lastSelIndex=6
11-28 15:21:56.597 D/cocos2d-x debug info(14128): cocos2d: TextureCache: removing unused texture: /data/data/tv.fun.launcher/files/fun_download/57/5bc8097fdb73842e44e0060e0a17dc.png
11-28 15:21:56.597 D/cocos2d-x debug info(14128): cocos2d: TextureCache: removing unused texture: /data/data/tv.fun.launcher/files/fun_download/a8/3ebf14e40a33d07ad4e019e5150357.png
11-28 15:21:56.597 D/cocos2d-x debug info(14128): cocos2d: TextureCache: removing unused texture: /data/data/tv.fun.launcher/files/fun_download/8c/cb080c35a2a18022a1abd56e467802.png
11-28 15:21:56.597 D/cocos2d-x debug info(14128): cocos2d: TextureCache: removing unused texture: /data/data/tv.fun.launcher/files/fun_download/f2/957e4e2b89b4d3c1725ce11e309869.png
11-28 15:21:56.607 D/cocos2d-x debug info(14128): cocos2d: TextureCache: removing unused texture: /data/data/tv.fun.launcher/files/fun_download/d9/74ba69abd71b0cb388ac8c877f5f96.png
11-28 15:21:56.607 D/cocos2d-x debug info(14128): JS:  HomeMainScene Key up:158
11-28 15:21:56.617 D/cocos2d-x debug info(14128): trace_frame: 59.925690
11-28 15:21:56.667 D/mdns    ( 4397): SocketDataReady got a packet from 172.16.13.14 to 224.0.0.251 on interface 172.16.13.147/wlan0/7/296
11-28 15:21:56.667 D/mdns    ( 4397): Received Response from 172.16.13.14    addressed to 224.0.0.251     on 412B9B88 with  0 Questions,  3 Answers,  0 Authorities,  0 Additionals 202 bytes LLQType 0
11-28 15:21:56.717 D/cocos2d-x debug info(14128): JS: SettingLayer show
11-28 15:21:56.717 D/JniHelper(14128): JniHelper::getJavaVM(), pthread_self() = 1529184920
11-28 15:21:56.727 D/JniHelper(14128): JniHelper::getJavaVM(), pthread_self() = 1529184920
11-28 15:21:56.727 D/JniHelper(14128): JniHelper::getJavaVM(), pthread_self() = 1529184920
11-28 15:21:56.737 D/cocos2d-x debug info(14128): trace_frame: 60.001377
11-28 15:21:56.837 D/cocos2d-x debug info(14128): trace_frame: 59.964619
11-28 15:21:56.937 D/cocos2d-x debug info(14128): trace_frame: 59.996399
11-28 15:21:57.057 D/cocos2d-x debug info(14128): trace_frame: 60.137978
11-28 15:21:57.077 D/launcher_auto(14128): launcher_auto: sendkey and wait.
11-28 15:21:57.157 D/cocos2d-x debug info(14128): trace_frame: 59.935272
11-28 15:21:57.267 D/cocos2d-x debug info(14128): trace_frame: 60.054390
11-28 15:21:57.367 D/cocos2d-x debug info(14128): trace_frame: 59.959232
11-28 15:21:57.487 D/cocos2d-x debug info(14128): trace_frame: 59.416698
11-28 15:21:57.587 D/cocos2d-x debug info(14128): JS: HomeMainScene Key down:158
11-28 15:21:57.587 D/cocos2d-x debug info(14128): JS: ItemTypeLayer--203--6
11-28 15:21:57.597 D/cocos2d-x debug info(14128): JS: curSelIndex=8
11-28 15:21:57.597 D/cocos2d-x debug info(14128): JS: lastSelIndex=9
11-28 15:21:57.597 D/cocos2d-x debug info(14128): cocos2d: TextureCache: removing unused texture: /data/data/tv.fun.launcher/files/fun_download/90/c2a2ddfe2422257d39bd0c9f5d84fc.png
11-28 15:21:57.597 D/cocos2d-x debug info(14128): cocos2d: TextureCache: removing unused texture: /data/data/tv.fun.launcher/files/fun_download/e9/02f986a0fd93124c2491a0e164f345.png
11-28 15:21:57.597 D/cocos2d-x debug info(14128): cocos2d: TextureCache: removing unused texture: /data/data/tv.fun.launcher/files/fun_download/cb/cac0ef74d5d451b3a1e7a655f9cbea.png
11-28 15:21:57.607 D/cocos2d-x debug info(14128): JS: updateStatus--（20141123期）
11-28 15:21:57.607 D/cocos2d-x debug info(14128): JS: begin home url=http://img.funshion.com/pictures/media/list/115/335/115335_530_298_ott_still.jpg?1416895126
11-28 15:21:57.607 D/cocos2d-x debug info(14128): JS: mImageNode equal imageInfo.mUrl=http://img.funshion.com/pictures/media/list/115/335/115335_530_298_ott_still.jpg?1416895126
11-28 15:21:57.607 D/cocos2d-x debug info(14128): JS: funtv.ImageLoader.sImagePath=/data/data/tv.fun.launcher/files/fun_download/6c/522cd54e6aad2df611914a26e634f6.png
11-28 15:21:57.607 D/cocos2d-x debug info(14128): JS: updateStatus--（20140208期）
11-28 15:21:57.607 D/cocos2d-x debug info(14128): JS: begin home url=http://img.funshion.com/pictures/media/list/928/66/92866_530_298_ott_still.jpg?1405357710
11-28 15:21:57.607 D/cocos2d-x debug info(14128): JS: mImageNode equal imageInfo.mUrl=http://img.funshion.com/pictures/media/list/928/66/92866_530_298_ott_still.jpg?1405357710
11-28 15:21:57.617 D/cocos2d-x debug info(14128): JS: funtv.ImageLoader.sImagePath=/data/data/tv.fun.launcher/files/fun_download/da/403a7f6c2f9f6e8ba2afed6c4f4c80.png
11-28 15:21:57.617 D/cocos2d-x debug info(14128): JS: updateStatus--（20141122期）
11-28 15:21:57.617 D/cocos2d-x debug info(14128): JS: begin home url=http://img.funshion.com/pictures/media/list/117/118/117118_530_298_ott_still.jpg?1416817400
11-28 15:21:57.617 D/cocos2d-x debug info(14128): JS: mImageNode equal imageInfo.mUrl=http://img.funshion.com/pictures/media/list/117/118/117118_530_298_ott_still.jpg?1416817400
11-28 15:21:57.617 D/cocos2d-x debug info(14128): JS: funtv.ImageLoader.sImagePath=/data/data/tv.fun.launcher/files/fun_download/ba/fd59dbb7de96cca259096ccce39994.png
11-28 15:21:57.617 D/cocos2d-x debug info(14128): JS:  HomeMainScene Key up:158
11-28 15:21:57.617 D/cocos2d-x debug info(14128): trace_frame: 45.216137
11-28 15:21:57.697 D/mdns    ( 4397): SocketDataReady got a packet from 172.16.13.203 to 224.0.0.251 on interface 172.16.13.147/wlan0/7/296
11-28 15:21:57.697 D/mdns    ( 4397): Received Response from 172.16.13.203   addressed to 224.0.0.251     on 412B9B88 with  0 Questions,  3 Answers,  0 Authorities,  0 Additionals 329 bytes LLQType 0
11-28 15:21:57.737 D/cocos2d-x debug info(14128): JS: SettingLayer hide
11-28 15:21:57.737 D/cocos2d-x debug info(14128): JS: App on Show
11-28 15:21:57.747 D/cocos2d-x debug info(14128): trace_frame: 68.269287
11-28 15:21:57.857 D/cocos2d-x debug info(14128): trace_frame: 60.424004
11-28 15:21:57.967 D/cocos2d-x debug info(14128): trace_frame: 60.102348
11-28 15:21:58.087 D/launcher_auto(14128): launcher_auto: sendkey and wait.
11-28 15:21:58.087 D/cocos2d-x debug info(14128): trace_frame: 59.996758
11-28 15:21:58.207 D/cocos2d-x debug info(14128): trace_frame: 59.985943
11-28 15:21:58.327 D/cocos2d-x debug info(14128): trace_frame: 59.393513
11-28 15:21:58.437 D/cocos2d-x debug info(14128): trace_frame: 60.654377
11-28 15:21:58.537 D/cocos2d-x debug info(14128): trace_frame: 59.997597
11-28 15:21:58.587 D/cocos2d-x debug info(14128): JS: HomeMainScene Key down:157
11-28 15:21:58.587 D/cocos2d-x debug info(14128): JS: right button clicked. lastIndex:0
11-28 15:21:58.597 D/cocos2d-x debug info(14128): JS: right button clicked. currentIndex:1
11-28 15:21:58.597 D/cocos2d-x debug info(14128): JS:  HomeMainScene Key up:157
11-28 15:21:58.637 D/cocos2d-x debug info(14128): trace_frame: 59.985600
11-28 15:21:58.737 D/cocos2d-x debug info(14128): trace_frame: 59.926891
11-28 15:21:58.857 D/cocos2d-x debug info(14128): trace_frame: 60.085835
11-28 15:21:58.957 D/cocos2d-x debug info(14128): trace_frame: 59.973614
11-28 15:21:59.067 D/cocos2d-x debug info(14128): trace_frame: 60.015266
11-28 15:21:59.087 D/launcher_auto(14128): launcher_auto: sendkey and wait.
11-28 15:21:59.167 D/cocos2d-x debug info(14128): trace_frame: 59.985004
11-28 15:21:59.287 D/cocos2d-x debug info(14128): trace_frame: 60.010628
11-28 15:21:59.337 D/mdns    ( 4397): SocketDataReady got a packet from 172.16.13.14 to 224.0.0.251 on interface 172.16.13.147/wlan0/7/296
11-28 15:21:59.337 D/mdns    ( 4397): Received Response from 172.16.13.14    addressed to 224.0.0.251     on 412B9B88 with  0 Questions,  3 Answers,  0 Authorities,  0 Additionals 290 bytes LLQType 0
11-28 15:21:59.387 D/cocos2d-x debug info(14128): trace_frame: 59.967621
11-28 15:21:59.487 D/cocos2d-x debug info(14128): trace_frame: 59.944248
11-28 15:21:59.607 D/cocos2d-x debug info(14128): JS: HomeMainScene Key down:157
11-28 15:21:59.607 D/cocos2d-x debug info(14128): JS: right button clicked. lastIndex:1
11-28 15:21:59.607 D/cocos2d-x debug info(14128): JS: right button clicked. currentIndex:2
11-28 15:21:59.607 D/cocos2d-x debug info(14128): JS:  HomeMainScene Key up:157
11-28 15:21:59.607 D/cocos2d-x debug info(14128): trace_frame: 57.374229
11-28 15:21:59.697 D/dalvikvm(22184): GC_CONCURRENT freed 868K, 21% free 6770K/8544K, paused 2ms+6ms, total 53ms
11-28 15:21:59.697 D/dalvikvm(22184): WAIT_FOR_CONCURRENT_GC blocked 29ms
11-28 15:21:59.717 D/cocos2d-x debug info(14128): trace_frame: 62.758877
11-28 15:21:59.837 D/cocos2d-x debug info(14128): trace_frame: 60.133324
11-28 15:21:59.957 D/cocos2d-x debug info(14128): trace_frame: 60.029671
11-28 15:22:00.037 D/XiriVideoService( 5359): --->onReceive
11-28 15:22:00.037 D/ACTION_TIME_TICK( 5359): Get_TIME_TICK
11-28 15:22:00.057 D/cocos2d-x debug info(14128): trace_frame: 59.960442
11-28 15:22:00.097 D/launcher_auto(14128): launcher_auto: sendkey and wait.
11-28 15:22:00.157 D/cocos2d-x debug info(14128): trace_frame: 59.957432
11-28 15:22:00.257 D/cocos2d-x debug info(14128): trace_frame: 59.977215
11-28 15:22:00.367 D/cocos2d-x debug info(14128): trace_frame: 59.972580
11-28 15:22:00.487 D/cocos2d-x debug info(14128): trace_frame: 60.159164
11-28 15:22:00.587 D/cocos2d-x debug info(14128): trace_frame: 59.423004
11-28 15:22:00.607 D/cocos2d-x debug info(14128): JS: HomeMainScene Key down:157
11-28 15:22:00.607 D/cocos2d-x debug info(14128): JS: right button clicked. lastIndex:2
11-28 15:22:00.607 D/cocos2d-x debug info(14128): JS: right button clicked. currentIndex:3
11-28 15:22:00.607 D/cocos2d-x debug info(14128): JS:  HomeMainScene Key up:157
11-28 15:22:00.707 D/cocos2d-x debug info(14128): trace_frame: 60.509666
11-28 15:22:00.727 D/audio_hw_primary( 1334): do_output_standby
11-28 15:22:00.737 D/audio_hw_primary( 1334): goes there..........
11-28 15:22:00.737 D/audio_hw_primary( 1334): do output standby, set standby to 1
11-28 15:22:00.817 D/cocos2d-x debug info(14128): trace_frame: 60.002399
11-28 15:22:00.937 D/cocos2d-x debug info(14128): trace_frame: 59.980297
11-28 15:22:01.057 D/cocos2d-x debug info(14128): trace_frame: 59.975666
11-28 15:22:01.107 D/launcher_auto(14128): launcher_auto: sendkey and wait.
11-28 15:22:01.167 D/cocos2d-x debug info(14128): trace_frame: 60.023499
11-28 15:22:01.247 D/dalvikvm(22184): GC_CONCURRENT freed 823K, 21% free 6791K/8544K, paused 3ms+6ms, total 55ms
11-28 15:22:01.267 D/cocos2d-x debug info(14128): trace_frame: 59.692581
11-28 15:22:01.387 D/cocos2d-x debug info(14128): trace_frame: 60.161232
11-28 15:22:01.507 D/cocos2d-x debug info(14128): trace_frame: 60.054909
11-28 15:22:01.607 D/cocos2d-x debug info(14128): trace_frame: 59.671803
11-28 15:22:01.617 D/cocos2d-x debug info(14128): JS: HomeMainScene Key down:157
11-28 15:22:01.617 D/cocos2d-x debug info(14128): JS: right button clicked. lastIndex:3
11-28 15:22:01.627 D/cocos2d-x debug info(14128): JS: right button clicked. currentIndex:4
11-28 15:22:01.627 D/cocos2d-x debug info(14128): JS:  HomeMainScene Key up:157
11-28 15:22:01.717 D/cocos2d-x debug info(14128): trace_frame: 60.328182
11-28 15:22:01.817 D/cocos2d-x debug info(14128): trace_frame: 59.694363
11-28 15:22:01.857 D/dalvikvm(22184): GC_FOR_ALLOC freed 506K, 22% free 6694K/8544K, paused 45ms, total 45ms
11-28 15:22:01.937 D/cocos2d-x debug info(14128): trace_frame: 60.239929
11-28 15:22:02.057 D/cocos2d-x debug info(14128): trace_frame: 60.025024
11-28 15:22:02.107 D/launcher_auto(14128): launcher_auto: sendkey and wait.
11-28 15:22:02.167 D/cocos2d-x debug info(14128): trace_frame: 59.945366
11-28 15:22:02.287 D/cocos2d-x debug info(14128): trace_frame: 60.092545
11-28 15:22:02.387 D/cocos2d-x debug info(14128): trace_frame: 59.666466
11-28 15:22:02.397 D/dalvikvm(21595): GC_CONCURRENT freed 390K, 17% free 5273K/6284K, paused 2ms+5ms, total 23ms
11-28 15:22:02.507 D/cocos2d-x debug info(14128): trace_frame: 60.262222
11-28 15:22:02.607 D/cocos2d-x debug info(14128): trace_frame: 59.971813
11-28 15:22:02.617 D/cocos2d-x debug info(14128): JS: HomeMainScene Key down:157
11-28 15:22:02.617 D/cocos2d-x debug info(14128): JS: right button clicked. lastIndex:4
11-28 15:22:02.627 D/cocos2d-x debug info(14128): JS: turnPage: toRight true
11-28 15:22:02.627 D/cocos2d-x debug info(14128): JS: jumpFocus0
11-28 15:22:02.627 D/cocos2d-x debug info(14128): JS: toXPosition138y-16
11-28 15:22:02.627 D/cocos2d-x debug info(14128): JS: right button clicked. currentIndex:5
11-28 15:22:02.627 D/cocos2d-x debug info(14128): JS:  HomeMainScene Key up:157
11-28 15:22:02.707 D/cocos2d-x debug info(14128): JS: launcherAppAdapter updateData cell5
11-28 15:22:02.707 D/cocos2d-x debug info(14128): JS: launcherAppAdapter createBaseAppView5
11-28 15:22:02.707 D/cocos2d-x debug info(14128): JS: launcherAppAdapter fillData cell5
11-28 15:22:02.707 D/cocos2d-x debug info(14128): JS: this.mData.length435
11-28 15:22:02.707 D/JniHelper(14128): JniHelper::getJavaVM(), pthread_self() = 1529184920
11-28 15:22:02.707 D/FileUtil(14128): getImageFilePathByUrl, url is http://172.16.12.58:8080/meedo-img/029d27/7dcd34/poster_1944K4NN518LM_春雨医生TV.png
11-28 15:22:02.707 D/FileUtil(14128): getImageFilePathByUrl, fileName is poster_1944K4NN518LM_春雨医生TV.png
11-28 15:22:02.717 D/JniHelper(14128): JniHelper::getJavaVM(), pthread_self() = 1529184920
11-28 15:22:02.727 D/cocos2d-x debug info(14128): trace_frame: 55.561291
11-28 15:22:02.777 D/cocos2d-x debug info(14128): JS: launcherAppAdapter updateData cell6
11-28 15:22:02.777 D/cocos2d-x debug info(14128): JS: launcherAppAdapter createBaseAppView6
11-28 15:22:02.777 D/cocos2d-x debug info(14128): JS: launcherAppAdapter fillData cell6
11-28 15:22:02.777 D/cocos2d-x debug info(14128): JS: this.mData.length436
11-28 15:22:02.777 D/cocos2d-x debug info(14128): JS: local app:com.duomi.androidtv
11-28 15:22:02.777 D/JniHelper(14128): JniHelper::getJavaVM(), pthread_self() = 1529184920
11-28 15:22:02.777 D/FileUtil(14128): getImageFilePathByUrl, url is /data/data/tv.fun.launcher/files/com.duomi.androidtv
11-28 15:22:02.777 D/FileUtil(14128): getImageFilePathByUrl, fileName is com.duomi.androidtv
11-28 15:22:02.777 D/cocos2d-x debug info(14128): JS: no Icon cache for com.duomi.androidtv
11-28 15:22:02.787 D/JniHelper(14128): JniHelper::getJavaVM(), pthread_self() = 1529184920
11-28 15:22:02.787 D/LoadIconAsyncTask(14128): start load pkgName is com.duomi.androidtv
11-28 15:22:02.787 D/cocos2d-x debug info(14128): JS: local app: appIcon begin4
11-28 15:22:02.787 D/JniHelper(14128): JniHelper::getJavaVM(), pthread_self() = 1529184920
11-28 15:22:02.787 D/LoadIconAsyncTask(14128): com.duomi.androidtv load result is true
11-28 15:22:02.797 D/cocos2d-x debug info(14128): JS: LRUCache, set item key is /data/data/tv.fun.launcher/cache/poster_1944K4NN518LM_春雨医生TV.png, value is undefined
11-28 15:22:02.797 D/cocos2d-x debug info(14128): JS: LRUCache, set item current size is 1
11-28 15:22:02.807 D/AppStoreManager(14128): javaCallJs.run()------------------------------------------------
11-28 15:22:02.807 D/AppStoreManager(14128): callbackStr : launcher.eventCenter.onImageLoaded({"url":"\/data\/data\/tv.fun.launcher\/files\/com.duomi.androidtv"})
11-28 15:22:02.807 D/cocos2d-x debug info(14128): JS: launcher.eventCenter.onImageLoaded
11-28 15:22:02.817 D/cocos2d-x debug info(14128): JS: onImageLoaded url:/data/data/tv.fun.launcher/files/com.duomi.androidtv
11-28 15:22:02.817 D/JniHelper(14128): JniHelper::getJavaVM(), pthread_self() = 1529184920
11-28 15:22:02.817 D/FileUtil(14128): getImageFilePathByUrl, url is /data/data/tv.fun.launcher/files/com.duomi.androidtv
11-28 15:22:02.817 D/FileUtil(14128): getImageFilePathByUrl, fileName is com.duomi.androidtv
11-28 15:22:02.817 D/cocos2d-x debug info(14128): JS: onLoadImage end
11-28 15:22:02.837 D/cocos2d-x debug info(14128): JS: launcherAppAdapter updateData cell7
11-28 15:22:02.837 D/cocos2d-x debug info(14128): JS: launcherAppAdapter fillData cell7
11-28 15:22:02.837 D/cocos2d-x debug info(14128): JS: this.mData.length437
11-28 15:22:02.837 D/cocos2d-x debug info(14128): JS: local app:com.netease.qa.emmagee
11-28 15:22:02.837 D/JniHelper(14128): JniHelper::getJavaVM(), pthread_self() = 1529184920
11-28 15:22:02.847 D/FileUtil(14128): getImageFilePathByUrl, url is /data/data/tv.fun.launcher/files/com.netease.qa.emmagee
11-28 15:22:02.857 D/FileUtil(14128): getImageFilePathByUrl, fileName is com.netease.qa.emmagee
11-28 15:22:02.857 D/cocos2d-x debug info(14128): JS: no Icon cache for com.netease.qa.emmagee
11-28 15:22:02.857 D/JniHelper(14128): JniHelper::getJavaVM(), pthread_self() = 1529184920
11-28 15:22:02.857 D/cocos2d-x debug info(14128): JS: local app: appIcon begin4
11-28 15:22:02.857 D/LoadIconAsyncTask(14128): start load pkgName is com.netease.qa.emmagee
11-28 15:22:02.857 D/JniHelper(14128): JniHelper::getJavaVM(), pthread_self() = 1529184920
11-28 15:22:02.857 D/LoadIconAsyncTask(14128): com.netease.qa.emmagee load result is true
11-28 15:22:02.867 D/cocos2d-x debug info(14128): trace_frame: 55.875286
11-28 15:22:02.867 D/AppStoreManager(14128): javaCallJs.run()------------------------------------------------
11-28 15:22:02.877 D/AppStoreManager(14128): callbackStr : launcher.eventCenter.onImageLoaded({"url":"\/data\/data\/tv.fun.launcher\/files\/com.netease.qa.emmagee"})
11-28 15:22:02.877 D/cocos2d-x debug info(14128): JS: launcher.eventCenter.onImageLoaded
11-28 15:22:02.877 D/cocos2d-x debug info(14128): JS: onImageLoaded url:/data/data/tv.fun.launcher/files/com.netease.qa.emmagee
11-28 15:22:02.877 D/JniHelper(14128): JniHelper::getJavaVM(), pthread_self() = 1529184920
11-28 15:22:02.877 D/FileUtil(14128): getImageFilePathByUrl, url is /data/data/tv.fun.launcher/files/com.netease.qa.emmagee
11-28 15:22:02.877 D/FileUtil(14128): getImageFilePathByUrl, fileName is com.netease.qa.emmagee
11-28 15:22:02.877 D/cocos2d-x debug info(14128): JS: onLoadImage end
11-28 15:22:02.917 D/cocos2d-x debug info(14128): JS: launcherAppAdapter updateData cell8
11-28 15:22:02.917 D/cocos2d-x debug info(14128): JS: launcherAppAdapter fillData cell8
11-28 15:22:02.927 D/cocos2d-x debug info(14128): JS: this.mData.length438
11-28 15:22:02.927 D/cocos2d-x debug info(14128): JS: local app:com.adobe.flashplayer
11-28 15:22:02.927 D/JniHelper(14128): JniHelper::getJavaVM(), pthread_self() = 1529184920
11-28 15:22:02.927 D/FileUtil(14128): getImageFilePathByUrl, url is /data/data/tv.fun.launcher/files/com.adobe.flashplayer
11-28 15:22:02.927 D/FileUtil(14128): getImageFilePathByUrl, fileName is com.adobe.flashplayer
11-28 15:22:02.927 D/cocos2d-x debug info(14128): JS: no Icon cache for com.adobe.flashplayer
11-28 15:22:02.927 D/JniHelper(14128): JniHelper::getJavaVM(), pthread_self() = 1529184920
11-28 15:22:02.927 D/LoadIconAsyncTask(14128): start load pkgName is com.adobe.flashplayer
11-28 15:22:02.937 D/cocos2d-x debug info(14128): JS: local app: appIcon begin4
11-28 15:22:02.937 D/LoadIconAsyncTask(14128): com.adobe.flashplayer load result is true
11-28 15:22:02.937 D/JniHelper(14128): JniHelper::getJavaVM(), pthread_self() = 1529184920
11-28 15:22:02.957 D/AppStoreManager(14128): javaCallJs.run()------------------------------------------------
11-28 15:22:02.957 D/AppStoreManager(14128): callbackStr : launcher.eventCenter.onImageLoaded({"url":"\/data\/data\/tv.fun.launcher\/files\/com.adobe.flashplayer"})
11-28 15:22:02.957 D/cocos2d-x debug info(14128): JS: launcher.eventCenter.onImageLoaded
11-28 15:22:02.957 D/cocos2d-x debug info(14128): JS: onImageLoaded url:/data/data/tv.fun.launcher/files/com.adobe.flashplayer
11-28 15:22:02.957 D/JniHelper(14128): JniHelper::getJavaVM(), pthread_self() = 1529184920
11-28 15:22:02.957 D/FileUtil(14128): getImageFilePathByUrl, url is /data/data/tv.fun.launcher/files/com.adobe.flashplayer
11-28 15:22:02.957 D/FileUtil(14128): getImageFilePathByUrl, fileName is com.adobe.flashplayer
11-28 15:22:02.957 D/cocos2d-x debug info(14128): JS: onLoadImage end
11-28 15:22:02.967 D/cocos2d-x debug info(14128): trace_frame: 40.101700
11-28 15:22:03.067 D/cocos2d-x debug info(14128): trace_frame: 64.474548
11-28 15:22:03.087 D/cocos2d-x debug info(14128): JS: launcherAppAdapter updateData cell9
11-28 15:22:03.087 D/cocos2d-x debug info(14128): JS: launcherAppAdapter fillData cell9
11-28 15:22:03.087 D/cocos2d-x debug info(14128): JS: this.mData.length439
11-28 15:22:03.087 D/JniHelper(14128): JniHelper::getJavaVM(), pthread_self() = 1529184920
11-28 15:22:03.097 D/FileUtil(14128): getImageFilePathByUrl, url is http://172.16.12.58:8080/meedo-img/c97437/167909/poster_1944KI1R9ORE8_万年历.png
11-28 15:22:03.097 D/FileUtil(14128): getImageFilePathByUrl, fileName is poster_1944KI1R9ORE8_万年历.png
11-28 15:22:03.097 D/JniHelper(14128): JniHelper::getJavaVM(), pthread_self() = 1529184920
11-28 15:22:03.117 D/launcher_auto(14128): launcher_auto: sendkey and wait.
11-28 15:22:03.147 D/cocos2d-x debug info(14128): JS: LRUCache, set item key is /data/data/tv.fun.launcher/cache/poster_1944KI1R9ORE8_万年历.png, value is undefined
11-28 15:22:03.147 D/cocos2d-x debug info(14128): JS: LRUCache, set item current size is 2
11-28 15:22:03.167 D/cocos2d-x debug info(14128): trace_frame: 59.976604
11-28 15:22:03.277 D/cocos2d-x debug info(14128): trace_frame: 59.320774
11-28 15:22:03.387 D/cocos2d-x debug info(14128): trace_frame: 60.540012
11-28 15:22:03.507 D/cocos2d-x debug info(14128): trace_frame: 60.051819
11-28 15:22:03.617 D/cocos2d-x debug info(14128): JS: HomeMainScene Key down:157
11-28 15:22:03.627 D/cocos2d-x debug info(14128): JS: right button clicked. lastIndex:5
11-28 15:22:03.627 D/cocos2d-x debug info(14128): JS: right button clicked. currentIndex:6
11-28 15:22:03.627 D/cocos2d-x debug info(14128): JS:  HomeMainScene Key up:157
11-28 15:22:03.627 D/cocos2d-x debug info(14128): trace_frame: 56.856022
11-28 15:22:03.737 D/cocos2d-x debug info(14128): trace_frame: 63.516262
11-28 15:22:03.857 D/cocos2d-x debug info(14128): trace_frame: 59.993660
11-28 15:22:03.967 D/cocos2d-x debug info(14128): trace_frame: 60.054386
11-28 15:22:04.067 D/cocos2d-x debug info(14128): trace_frame: 59.914936
11-28 15:22:04.117 D/launcher_auto(14128): launcher_auto: sendkey and wait.
11-28 15:22:04.187 D/cocos2d-x debug info(14128): trace_frame: 60.022984
11-28 15:22:04.287 D/cocos2d-x debug info(14128): trace_frame: 59.705059
11-28 15:22:04.297 D/dalvikvm(22184): GC_CONCURRENT freed 774K, 22% free 6713K/8544K, paused 2ms+5ms, total 47ms
11-28 15:22:04.407 D/cocos2d-x debug info(14128): trace_frame: 60.244072
11-28 15:22:04.517 D/cocos2d-x debug info(14128): trace_frame: 59.996735
11-28 15:22:04.627 D/cocos2d-x debug info(14128): JS: HomeMainScene Key down:157
11-28 15:22:04.627 D/cocos2d-x debug info(14128): JS: right button clicked. lastIndex:6
11-28 15:22:04.627 D/cocos2d-x debug info(14128): JS: right button clicked. currentIndex:7
11-28 15:22:04.627 D/cocos2d-x debug info(14128): JS:  HomeMainScene Key up:157
11-28 15:22:04.627 D/cocos2d-x debug info(14128): trace_frame: 55.616837
11-28 15:22:04.737 D/cocos2d-x debug info(14128): trace_frame: 64.389130
11-28 15:22:04.857 D/cocos2d-x debug info(14128): trace_frame: 60.003429
11-28 15:22:04.957 D/cocos2d-x debug info(14128): trace_frame: 59.989201
11-28 15:22:05.067 D/cocos2d-x debug info(14128): trace_frame: 59.885883
11-28 15:22:05.127 D/launcher_auto(14128): launcher_auto: sendkey and wait.
11-28 15:22:05.187 D/cocos2d-x debug info(14128): trace_frame: 60.098217
11-28 15:22:05.267 D/mdns    ( 4397): SocketDataReady got a packet from 172.16.13.34 to 224.0.0.251 on interface 172.16.13.147/wlan0/7/296
11-28 15:22:05.267 D/mdns    ( 4397): Received Response from 172.16.13.34    addressed to 224.0.0.251     on 412B9B88 with  0 Questions,  1 Answer,   0 Authorities,  0 Additionals 38 bytes LLQType 0
11-28 15:22:05.287 D/cocos2d-x debug info(14128): trace_frame: 59.955627
11-28 15:22:05.407 D/cocos2d-x debug info(14128): trace_frame: 59.980804
11-28 15:22:05.477 D/mdns    ( 4397): SocketDataReady got a packet from 172.16.13.14 to 224.0.0.251 on interface 172.16.13.147/wlan0/7/296
11-28 15:22:05.477 D/mdns    ( 4397): Received Response from 172.16.13.14    addressed to 224.0.0.251     on 412B9B88 with  0 Questions,  3 Answers,  0 Authorities,  0 Additionals 333 bytes LLQType 0
11-28 15:22:05.517 D/cocos2d-x debug info(14128): trace_frame: 60.099762
11-28 15:22:05.617 D/cocos2d-x debug info(14128): trace_frame: 59.922100
11-28 15:22:05.637 D/cocos2d-x debug info(14128): JS: HomeMainScene Key down:157
11-28 15:22:05.637 D/cocos2d-x debug info(14128): JS: right button clicked. lastIndex:7
11-28 15:22:05.637 D/cocos2d-x debug info(14128): JS: right button clicked. currentIndex:8
11-28 15:22:05.647 D/cocos2d-x debug info(14128): JS:  HomeMainScene Key up:157
11-28 15:22:05.737 D/cocos2d-x debug info(14128): trace_frame: 60.056454
11-28 15:22:05.837 D/cocos2d-x debug info(14128): trace_frame: 59.998798
11-28 15:22:05.937 D/cocos2d-x debug info(14128): trace_frame: 59.968819
11-28 15:22:06.037 D/cocos2d-x debug info(14128): trace_frame: 59.980202
11-28 15:22:06.127 D/launcher_auto(14128): launcher_auto: sendkey and wait.
11-28 15:22:06.137 D/cocos2d-x debug info(14128): trace_frame: 59.955029
11-28 15:22:06.257 D/cocos2d-x debug info(14128): trace_frame: 60.046154
11-28 15:22:06.357 D/cocos2d-x debug info(14128): trace_frame: 59.916119
11-28 15:22:06.467 D/cocos2d-x debug info(14128): trace_frame: 60.088417
11-28 15:22:06.567 D/cocos2d-x debug info(14128): trace_frame: 59.989204
11-28 15:22:06.637 D/cocos2d-x debug info(14128): JS: HomeMainScene Key down:157
11-28 15:22:06.637 D/cocos2d-x debug info(14128): JS: right button clicked. lastIndex:8
11-28 15:22:06.637 D/cocos2d-x debug info(14128): JS: right button clicked. currentIndex:9
11-28 15:22:06.637 D/cocos2d-x debug info(14128): JS:  HomeMainScene Key up:157
11-28 15:22:06.667 D/cocos2d-x debug info(14128): trace_frame: 59.965218
11-28 15:22:06.787 D/cocos2d-x debug info(14128): trace_frame: 60.043579
11-28 15:22:06.887 D/cocos2d-x debug info(14128): trace_frame: 59.410053
11-28 15:22:07.007 D/cocos2d-x debug info(14128): trace_frame: 60.499187
11-28 15:22:07.117 D/cocos2d-x debug info(14128): trace_frame: 60.006516
11-28 15:22:07.137 D/launcher_auto(14128): launcher_auto: sendkey and wait.
11-28 15:22:07.237 D/cocos2d-x debug info(14128): trace_frame: 59.976692
11-28 15:22:07.357 D/cocos2d-x debug info(14128): trace_frame: 60.033279
11-28 15:22:07.457 D/cocos2d-x debug info(14128): trace_frame: 59.975410
11-28 15:22:07.557 D/cocos2d-x debug info(14128): trace_frame: 59.968819
11-28 15:22:07.637 D/cocos2d-x debug info(14128): JS: HomeMainScene Key down:157
11-28 15:22:07.637 D/cocos2d-x debug info(14128): JS: right button clicked. lastIndex:9
11-28 15:22:07.637 D/cocos2d-x debug info(14128): JS: turnPage: toRight true
11-28 15:22:07.637 D/cocos2d-x debug info(14128): JS: jumpFocus0
11-28 15:22:07.647 D/cocos2d-x debug info(14128): JS: toXPosition138y-16
11-28 15:22:07.647 D/cocos2d-x debug info(14128): JS: right button clicked. currentIndex:10
11-28 15:22:07.647 D/cocos2d-x debug info(14128): JS:  HomeMainScene Key up:157
11-28 15:22:07.667 D/cocos2d-x debug info(14128): trace_frame: 60.006519
11-28 15:22:07.717 D/cocos2d-x debug info(14128): JS: launcherAppAdapter updateData cell10
11-28 15:22:07.717 D/cocos2d-x debug info(14128): JS: launcherAppAdapter fillData cell10
11-28 15:22:07.727 D/cocos2d-x debug info(14128): JS: this.mData.length4310
11-28 15:22:07.727 D/cocos2d-x debug info(14128): JS: local app:com.example.helloworld
11-28 15:22:07.727 D/JniHelper(14128): JniHelper::getJavaVM(), pthread_self() = 1529184920
11-28 15:22:07.727 D/FileUtil(14128): getImageFilePathByUrl, url is /data/data/tv.fun.launcher/files/com.example.helloworld
11-28 15:22:07.727 D/FileUtil(14128): getImageFilePathByUrl, fileName is com.example.helloworld
11-28 15:22:07.727 D/cocos2d-x debug info(14128): JS: no Icon cache for com.example.helloworld
11-28 15:22:07.727 D/JniHelper(14128): JniHelper::getJavaVM(), pthread_self() = 1529184920
11-28 15:22:07.727 D/LoadIconAsyncTask(14128): start load pkgName is com.example.helloworld
11-28 15:22:07.737 D/cocos2d-x debug info(14128): JS: local app: appIcon begin4
11-28 15:22:07.737 D/JniHelper(14128): JniHelper::getJavaVM(), pthread_self() = 1529184920
11-28 15:22:07.737 D/LoadIconAsyncTask(14128): com.example.helloworld load result is true
11-28 15:22:07.747 D/AppStoreManager(14128): javaCallJs.run()------------------------------------------------
11-28 15:22:07.747 D/AppStoreManager(14128): callbackStr : launcher.eventCenter.onImageLoaded({"url":"\/data\/data\/tv.fun.launcher\/files\/com.example.helloworld"})
11-28 15:22:07.747 D/cocos2d-x debug info(14128): JS: launcher.eventCenter.onImageLoaded
11-28 15:22:07.747 D/cocos2d-x debug info(14128): JS: onImageLoaded url:/data/data/tv.fun.launcher/files/com.example.helloworld
11-28 15:22:07.757 D/JniHelper(14128): JniHelper::getJavaVM(), pthread_self() = 1529184920
11-28 15:22:07.757 D/FileUtil(14128): getImageFilePathByUrl, url is /data/data/tv.fun.launcher/files/com.example.helloworld
11-28 15:22:07.757 D/FileUtil(14128): getImageFilePathByUrl, fileName is com.example.helloworld
11-28 15:22:07.757 D/cocos2d-x debug info(14128): JS: onLoadImage end
11-28 15:22:07.767 D/cocos2d-x debug info(14128): trace_frame: 59.957432
11-28 15:22:07.787 D/cocos2d-x debug info(14128): JS: launcherAppAdapter updateData cell11
11-28 15:22:07.787 D/cocos2d-x debug info(14128): JS: launcherAppAdapter fillData cell11
11-28 15:22:07.787 D/cocos2d-x debug info(14128): JS: this.mData.length4311
11-28 15:22:07.787 D/cocos2d-x debug info(14128): JS: local app:cn.com.wasu.main
11-28 15:22:07.797 D/JniHelper(14128): JniHelper::getJavaVM(), pthread_self() = 1529184920
11-28 15:22:07.797 D/FileUtil(14128): getImageFilePathByUrl, url is /data/data/tv.fun.launcher/files/cn.com.wasu.main
11-28 15:22:07.797 D/FileUtil(14128): getImageFilePathByUrl, fileName is cn.com.wasu.main
11-28 15:22:07.797 D/cocos2d-x debug info(14128): JS: no Icon cache for cn.com.wasu.main
11-28 15:22:07.797 D/JniHelper(14128): JniHelper::getJavaVM(), pthread_self() = 1529184920
11-28 15:22:07.797 D/LoadIconAsyncTask(14128): start load pkgName is cn.com.wasu.main
11-28 15:22:07.797 D/cocos2d-x debug info(14128): JS: local app: appIcon begin4
11-28 15:22:07.797 D/JniHelper(14128): JniHelper::getJavaVM(), pthread_self() = 1529184920
11-28 15:22:07.797 D/LoadIconAsyncTask(14128): cn.com.wasu.main load result is true
11-28 15:22:07.817 D/AppStoreManager(14128): javaCallJs.run()------------------------------------------------
11-28 15:22:07.817 D/AppStoreManager(14128): callbackStr : launcher.eventCenter.onImageLoaded({"url":"\/data\/data\/tv.fun.launcher\/files\/cn.com.wasu.main"})
11-28 15:22:07.817 D/cocos2d-x debug info(14128): JS: launcher.eventCenter.onImageLoaded
11-28 15:22:07.817 D/cocos2d-x debug info(14128): JS: onImageLoaded url:/data/data/tv.fun.launcher/files/cn.com.wasu.main
11-28 15:22:07.827 D/JniHelper(14128): JniHelper::getJavaVM(), pthread_self() = 1529184920
11-28 15:22:07.827 D/FileUtil(14128): getImageFilePathByUrl, url is /data/data/tv.fun.launcher/files/cn.com.wasu.main
11-28 15:22:07.827 D/FileUtil(14128): getImageFilePathByUrl, fileName is cn.com.wasu.main
11-28 15:22:07.827 D/cocos2d-x debug info(14128): JS: onLoadImage end
11-28 15:22:07.847 D/dalvikvm(14128): GC_CONCURRENT freed 870K, 61% free 7348K/18508K, paused 2ms+4ms, total 39ms
11-28 15:22:07.857 D/cocos2d-x debug info(14128): JS: launcherAppAdapter updateData cell12
11-28 15:22:07.857 D/cocos2d-x debug info(14128): JS: launcherAppAdapter fillData cell12
11-28 15:22:07.857 D/cocos2d-x debug info(14128): JS: this.mData.length4312
11-28 15:22:07.857 D/cocos2d-x debug info(14128): JS: local app:com.qiyi.video
11-28 15:22:07.857 D/JniHelper(14128): JniHelper::getJavaVM(), pthread_self() = 1529184920
11-28 15:22:07.857 D/FileUtil(14128): getImageFilePathByUrl, url is /data/data/tv.fun.launcher/files/com.qiyi.video
11-28 15:22:07.857 D/FileUtil(14128): getImageFilePathByUrl, fileName is com.qiyi.video
11-28 15:22:07.867 D/cocos2d-x debug info(14128): JS: no Icon cache for com.qiyi.video
11-28 15:22:07.867 D/JniHelper(14128): JniHelper::getJavaVM(), pthread_self() = 1529184920
11-28 15:22:07.867 D/LoadIconAsyncTask(14128): start load pkgName is com.qiyi.video
11-28 15:22:07.867 D/cocos2d-x debug info(14128): JS: local app: appIcon begin4
11-28 15:22:07.867 D/JniHelper(14128): JniHelper::getJavaVM(), pthread_self() = 1529184920
11-28 15:22:07.867 D/LoadIconAsyncTask(14128): com.qiyi.video load result is true
11-28 15:22:07.877 D/AppStoreManager(14128): javaCallJs.run()------------------------------------------------
11-28 15:22:07.877 D/AppStoreManager(14128): callbackStr : launcher.eventCenter.onImageLoaded({"url":"\/data\/data\/tv.fun.launcher\/files\/com.qiyi.video"})
11-28 15:22:07.887 D/cocos2d-x debug info(14128): JS: launcher.eventCenter.onImageLoaded
11-28 15:22:07.887 D/cocos2d-x debug info(14128): JS: onImageLoaded url:/data/data/tv.fun.launcher/files/com.qiyi.video
11-28 15:22:07.887 D/JniHelper(14128): JniHelper::getJavaVM(), pthread_self() = 1529184920
11-28 15:22:07.887 D/FileUtil(14128): getImageFilePathByUrl, url is /data/data/tv.fun.launcher/files/com.qiyi.video
11-28 15:22:07.887 D/FileUtil(14128): getImageFilePathByUrl, fileName is com.qiyi.video
11-28 15:22:07.887 D/cocos2d-x debug info(14128): JS: onLoadImage end
11-28 15:22:07.887 D/cocos2d-x debug info(14128): trace_frame: 50.727093
11-28 15:22:07.937 D/cocos2d-x debug info(14128): JS: launcherAppAdapter updateData cell13
11-28 15:22:07.937 D/cocos2d-x debug info(14128): JS: launcherAppAdapter fillData cell13
11-28 15:22:07.937 D/cocos2d-x debug info(14128): JS: this.mData.length4313
11-28 15:22:07.947 D/JniHelper(14128): JniHelper::getJavaVM(), pthread_self() = 1529184920
11-28 15:22:07.947 D/FileUtil(14128): getImageFilePathByUrl, url is http://172.16.12.58:8080/meedo-img/a0434e/b6d767/poster_1944JRDNTLUDG_贝瓦儿歌.png
11-28 15:22:07.947 D/FileUtil(14128): getImageFilePathByUrl, fileName is poster_1944JRDNTLUDG_贝瓦儿歌.png
11-28 15:22:07.947 D/JniHelper(14128): JniHelper::getJavaVM(), pthread_self() = 1529184920
11-28 15:22:08.007 D/cocos2d-x debug info(14128): JS: LRUCache, set item key is /data/data/tv.fun.launcher/cache/poster_1944JRDNTLUDG_贝瓦儿歌.png, value is undefined
11-28 15:22:08.007 D/cocos2d-x debug info(14128): JS: LRUCache, set item current size is 3
11-28 15:22:08.017 D/cocos2d-x debug info(14128): trace_frame: 69.548889
11-28 15:22:08.107 D/cocos2d-x debug info(14128): JS: launcherAppAdapter updateData cell14
11-28 15:22:08.107 D/cocos2d-x debug info(14128): JS: launcherAppAdapter fillData cell14
11-28 15:22:08.107 D/cocos2d-x debug info(14128): JS: this.mData.length4314
11-28 15:22:08.107 D/JniHelper(14128): JniHelper::getJavaVM(), pthread_self() = 1529184920
11-28 15:22:08.107 D/FileUtil(14128): getImageFilePathByUrl, url is http://172.16.12.58:8080/meedo-img/2cc738/c81e72/poster_1944K8JIGMK9M_美食杰TV版.png
11-28 15:22:08.107 D/FileUtil(14128): getImageFilePathByUrl, fileName is poster_1944K8JIGMK9M_美食杰TV版.png
11-28 15:22:08.107 D/JniHelper(14128): JniHelper::getJavaVM(), pthread_self() = 1529184920
11-28 15:22:08.117 D/cocos2d-x debug info(14128): trace_frame: 59.728832
11-28 15:22:08.137 D/launcher_auto(14128): launcher_auto: sendkey and wait.
11-28 15:22:08.137 D/mdns    ( 4397): SocketDataReady got a packet from 172.16.13.34 to 224.0.0.251 on interface 172.16.13.147/wlan0/7/296
11-28 15:22:08.137 D/mdns    ( 4397): Received Response from 172.16.13.34    addressed to 224.0.0.251     on 412B9B88 with  0 Questions,  3 Answers,  0 Authorities,  0 Additionals 213 bytes LLQType 0
11-28 15:22:08.167 D/WifiSetting(14128): Scanner handleMessage:msg{ what=0 when=0 }
11-28 15:22:08.197 D/cocos2d-x debug info(14128): JS: LRUCache, set item key is /data/data/tv.fun.launcher/cache/poster_1944K8JIGMK9M_美食杰TV版.png, value is undefined
11-28 15:22:08.197 D/cocos2d-x debug info(14128): JS: LRUCache, set item current size is 4
11-28 15:22:08.217 D/cocos2d-x debug info(14128): trace_frame: 60.298561
11-28 15:22:08.337 D/cocos2d-x debug info(14128): trace_frame: 59.999825
11-28 15:22:08.457 D/cocos2d-x debug info(14128): trace_frame: 59.982353
11-28 15:22:08.567 D/cocos2d-x debug info(14128): trace_frame: 60.023499
11-28 15:22:08.657 D/cocos2d-x debug info(14128): JS: HomeMainScene Key down:157
11-28 15:22:08.657 D/cocos2d-x debug info(14128): JS: right button clicked. lastIndex:10
11-28 15:22:08.657 D/cocos2d-x debug info(14128): JS: right button clicked. currentIndex:11
11-28 15:22:08.657 D/cocos2d-x debug info(14128): JS:  HomeMainScene Key up:157
11-28 15:22:08.667 D/cocos2d-x debug info(14128): trace_frame: 59.869480
11-28 15:22:08.787 D/cocos2d-x debug info(14128): trace_frame: 60.109573
11-28 15:22:08.907 D/cocos2d-x debug info(14128): trace_frame: 60.025040
11-28 15:22:09.007 D/cocos2d-x debug info(14128): trace_frame: 59.969398
11-28 15:22:09.117 D/cocos2d-x debug info(14128): trace_frame: 60.026066
11-28 15:22:09.147 D/launcher_auto(14128): launcher_auto: sendkey and wait.
