11-28 15:18:40.277 D/mdns    ( 4397): mDNS_Execute: Setting NewLocalRecords to    4 Android-2.local. Addr 172.16.13.147
11-28 15:18:40.277 D/mdns    ( 4397): SendQueries:   Put Question 006d0e03a545@MiniMax._raop._tcp.local. (SRV) probecount 1
11-28 15:18:40.277 D/mdns    ( 4397): SendQueries:   Put Question MiniMax._airplay._tcp.local. (SRV) probecount 1
11-28 15:18:40.277 D/mdns    ( 4397): SendQueries:   Put Question Android-2.local. (Addr) probecount 1
11-28 15:18:40.277 D/mdns    ( 4397): SendQueries:   Put Question Android-2.local. (AAAA) probecount 1
11-28 15:18:40.277 D/mdns    ( 4397): SendQueries putting   24 . OPT Max 1440 Vers 0 Seq   0 MAC 00:00:00:00:00:00 I-MAC 2D:32:05:6C:6F:63
11-28 15:18:40.277 D/mdns    ( 4397): SendQueries:   Sending 4 Questions 0 Answers 4 Updates on 412B7F58
11-28 15:18:40.287 D/mdns    ( 4397): SocketDataReady got a packet from 172.16.13.147 to 224.0.0.251 on interface 172.16.13.147/wlan0/7/272
11-28 15:18:40.287 D/mdns    ( 4397): Received Query from 172.16.13.147  :5353  to 224.0.0.251    :5353  on 0x412B7F58 with  4 Questions,  0 Answers,  4 Authorities,  1 Additional  201 bytes
11-28 15:18:40.287 D/mdns    ( 4397): SocketDataReady got a packet from FE80:0000:0000:0000:026D:0EFF:FE03:A545 to FF02:0000:0000:0000:0000:0000:0000:00FB on interface 172.16.13.147/wlan0/7/273
11-28 15:18:40.287 D/mdns    ( 4397): Received Query from FE80:0000:0000:0000:026D:0EFF:FE03:A545:5353  to FF02:0000:0000:0000:0000:0000:0000:00FB:5353  on 0x412B7F58 with  4 Questions,  0 Answers,  4 Authorities,  1 Additional  201 bytes
11-28 15:18:40.307 D/cocos2d-x debug info(14128): JS: loadActionData:onKeyPress begin
11-28 15:18:40.307 D/cocos2d-x debug info(14128): JS: loadActionData:onKeyPress end
11-28 15:18:40.307 D/cocos2d-x debug info(14128): JS: loadActionData:handleRepeatKey begin
11-28 15:18:40.307 D/cocos2d-x debug info(14128): JS: mTabFocusChangeCallaback:handleDirectionKey-ddd
11-28 15:18:40.307 D/cocos2d-x debug info(14128): JS: loadActionData:mTabFocusChangeCallaback begin
11-28 15:18:40.307 D/cocos2d-x debug info(14128): JS: mTabFocusChangeCallaback:cb endç¾å›½å¤§ç‰‡
11-28 15:18:40.307 D/cocos2d-x debug info(14128): JS: loadActionData:mTabFocusChangeCallaback[3]
11-28 15:18:40.377 D/mdns    ( 4397): mDNS_Execute
11-28 15:18:40.377 D/mdns    ( 4397): mDNS_Execute: Skipping LocalAuthRecord    4 Android-2.local. Addr 172.16.13.147
11-28 15:18:40.377 D/mdns    ( 4397): mDNS_Execute: Skipping LocalAuthRecord   16 Android-2.local. AAAA FE80:0000:0000:0000:026D:0EFF:FE03:A545
11-28 15:18:40.377 D/mdns    ( 4397): mDNS_Execute: Setting NewLocalRecords to    4 Android-2.local. Addr 172.16.13.147
11-28 15:18:40.387 D/cocos2d-x debug info(14128): trace_frame: 59.700470
11-28 15:18:40.417 D/cocos2d-x debug info(14128): JS: RetrieveList fadeIn end
11-28 15:18:40.417 D/cocos2d-x debug info(14128): JS: updateMediaDescription:focusChangeCallback[0] 
11-28 15:18:40.427 D/cocos2d-x debug info(14128): JS: [/2014] {/ä¸­å›½} (/å–œå‰§)
11-28 15:18:40.427 D/cocos2d-x debug info(14128): JS: updateMediaDescription:[] 8
11-28 15:18:40.507 D/cocos2d-x debug info(14128): trace_frame: 60.314152
11-28 15:18:40.517 D/cocos2d-x debug info(14128): JS: getFocusId:3
11-28 15:18:40.517 D/cocos2d-x debug info(14128): JS: updateQueryDescription:3-6
11-28 15:18:40.517 D/cocos2d-x debug info(14128): JS: isStaffActionData:put[http://ott-api.fun.tv/api/v2/retrive?mtype=movie&region=usa&tag=all&rdate=all&order=daynum&statdate=all&pg=1&pz=100&pv=101]
11-28 15:18:40.527 D/JniHelper(14128): JniHelper::getJavaVM(), pthread_self() = 1529184920
11-28 15:18:40.527 D/cocos2d-x debug info(14128): JS: getMediaTypeValue:put[movie,ç”µå½±]
11-28 15:18:40.527 D/cocos2d-x debug info(14128): JS: getMediaTypeValue:put[daynum,æŒ‰è§‚çœ‹
11-28 15:18:40.527 D/cocos2d-x debug info(14128): JS: mTabFocusChangeCallaback:do query
11-28 15:18:40.527 D/cocos2d-x debug info(14128): JS: getFocusId:3
11-28 15:18:40.527 D/cocos2d-x debug info(14128): JS: loadActionData:do load datahttp://ott-api.fun.tv/api/v2/retrive?mtype=movie&region=usa&tag=all&rdate=all&order=daynum&statdate=all&pg=1&pz=100&pv=101
11-28 15:18:40.527 D/cocos2d-x debug info(14128): JS: RetrieveList fadeOut
11-28 15:18:40.527 D/mdns    ( 4397): mDNS_Execute
11-28 15:18:40.527 D/mdns    ( 4397): mDNS_Execute: Skipping LocalAuthRecord    4 Android-2.local. Addr 172.16.13.147
11-28 15:18:40.527 D/mdns    ( 4397): mDNS_Execute: Skipping LocalAuthRecord   16 Android-2.local. AAAA FE80:0000:0000:0000:026D:0EFF:FE03:A545
11-28 15:18:40.527 D/mdns    ( 4397): mDNS_Execute: Setting NewLocalRecords to    4 Android-2.local. Addr 172.16.13.147
11-28 15:18:40.527 D/mdns    ( 4397): mDNS_HostNameCallback: Android-2.local. (Addr) Name registered (0)
11-28 15:18:40.527 D/mdns    ( 4397): mDNS_HostNameCallback: Android-2.local. (AAAA) Name registered (0)
11-28 15:18:40.527 D/mdns    ( 4397): SendQueries:   Put Question 006d0e03a545@MiniMax._raop._tcp.local. (SRV) probecount 0
11-28 15:18:40.527 D/mdns    ( 4397): SendQueries:   Put Question MiniMax._airplay._tcp.local. (SRV) probecount 0
11-28 15:18:40.527 D/mdns    ( 4397): SendQueries:   Put Question Android-2.local. (Addr) probecount 0
11-28 15:18:40.527 D/mdns    ( 4397): SendQueries:   Put Question Android-2.local. (AAAA) probecount 0
11-28 15:18:40.527 D/mdns    ( 4397): SendQueries putting   24 . OPT Max 1440 Vers 0 Seq   0 MAC 00:00:00:00:00:00 I-MAC 2D:32:05:6C:6F:63
11-28 15:18:40.527 D/mdns    ( 4397): SendQueries:   Sending 4 Questions 0 Answers 4 Updates on 412B7F58
11-28 15:18:40.527 D/mdns    ( 4397): SocketDataReady got a packet from 172.16.13.147 to 224.0.0.251 on interface 172.16.13.147/wlan0/7/272
11-28 15:18:40.527 D/mdns    ( 4397): Received Query from 172.16.13.147  :5353  to 224.0.0.251    :5353  on 0x412B7F58 with  4 Questions,  0 Answers,  4 Authorities,  1 Additional  201 bytes
11-28 15:18:40.537 D/mdns    ( 4397): SocketDataReady got a packet from FE80:0000:0000:0000:026D:0EFF:FE03:A545 to FF02:0000:0000:0000:0000:0000:0000:00FB on interface 172.16.13.147/wlan0/7/273
11-28 15:18:40.537 D/mdns    ( 4397): Received Query from FE80:0000:0000:0000:026D:0EFF:FE03:A545:5353  to FF02:0000:0000:0000:0000:0000:0000:00FB:5353  on 0x412B7F58 with  4 Questions,  0 Answers,  4 Authorities,  1 Additional  201 bytes
11-28 15:18:40.537 D/cocos2d-x debug info(14128): JS: setInitParam:3
11-28 15:18:40.537 D/cocos2d-x debug info(14128): JS: showFilterScene: cc.Scene[http://ott-api.fun.tv/api/v2/retrive?mtype=movie&region=usa&tag=all&rdate=all&order=daynum&statdate=all&pg=1&pz=100&pv=101&show_tb=0]
11-28 15:18:40.537 D/cocos2d-x debug info(14128): JS: setInitParam:beginLoading3
11-28 15:18:40.537 D/cocos2d-x debug info(14128): JS: startAsyncTaskNew[http://ott-api.fun.tv/api/v2/retrive?mtype=movie&region=usa&tag=all&rdate=all&order=daynum&statdate=all&pg=1&pz=100&pv=101&show_tb=0]
11-28 15:18:40.547 D/cocos2d-x debug info(14128): JS: startAsyncTask AsyncLoaderSceneStatic.setBack-{"retCode":"200","retMsg":"ok","totalnum":"666","data":[{"mediaid":"73282","name_cn":"åºè´æœ«æ—¥","adword":"ç”ŸåŒ–å±æœºå¯¼æ¼”ç¾éš¾æ–°ä½œ","plots":"ã€Šåºè´æœ«æ—¥ã€‹æ•…äº‹å‘ç”Ÿåœ¨å¤ç½—é©¬æ—¶ä»£ï¼Œåœ¨æ‘§æ¯åºè´åŸçš„ç»´è‹å¨ç«å±±çˆ†å‘å‰å¤•ï¼Œå¥´éš¶è§’æ–—å£«å‡¯å°”ç‰¹ï¼ˆåŸºç‰¹Â·å“ˆçµé¡¿é¥°ï¼‰çˆ±ä¸Šäº†ä¸€ä½è´µå¦‡äººã€‚åŒæ—¶ï¼Œä¸€æ¬¡æ„å¤–ï¼Œè®©ä»–ç¢°åˆ°äº†å¤šå¹´å‰å± æ€ä»–å®¶äººçš„ä»‡äººã€‚åºè´åŸä½äºæ„å¤§åˆ©åå¸•å°¼äºšå¹³åŸçš„è¾¹ç¼˜ï¼Œå…¬å…ƒå‰8ä¸–çºªå»ºåŸï¼Œå…¬å…ƒå‰5ä¸–çºªèµ·å±äºè¨è«è¯ºäººã€‚å…¬å…ƒå‰4-3ä¸–çºªï¼Œé€æ¸æˆä¸ºç½—é©¬å…±å’Œå›½çš„ä¸€éƒ¨åˆ†ã€‚æ®æ‚‰ï¼Œç»´è‹å¨ç«å±±çˆ†å‘è‡´ä½¿åºè´åŸæ•°åƒå±…æ°‘é‡éš¾ã€‚","clarity":"super-dvd","releasedate":"2014-02-21","mtype":"movie","action_type":"@media_detail_page","karma":"8.6","action_data":"http://ott-api.fun.tv/api/v2/subject/73282","item_style":"retrive_movie","vip_tag":"","p_pic":"http://img.funshion.com/pictures/media/list/732/82/73282_360_504_ott_poster.jpg?1415587330","s
11-28 15:18:40.557 D/cocos2d-x debug info(14128): JS: setInitParam:beginLoading instanceof FilterSceneNew
11-28 15:18:40.557 D/cocos2d-x debug info(14128): JS: setInitParam:canStopLoading3
11-28 15:18:40.557 D/cocos2d-x debug info(14128): JS: can StopLoading
11-28 15:18:40.557 D/cocos2d-x debug info(14128): JS: setInitParam:endLoading:0
11-28 15:18:40.557 D/cocos2d-x debug info(14128): JS: setInitParam:endLoading:1-3
11-28 15:18:40.557 D/cocos2d-x debug info(14128): JS: setupParamAccordingToActionDataNew[http://ott-api.fun.tv/api/v2/retrive?mtype=movie&region=usa&tag=all&rdate=all&order=daynum&statdate=all&pg=1&pz=100&pv=101&show_tb=0]
11-28 15:18:40.567 D/cocos2d-x debug info(14128): JS: setupParamAccordingToActionDataNew result[{"retCode":"200","retMsg":"ok","totalnum":"666","data":[{"mediaid":"73282","name_cn":"åºè´æœ«æ—¥","adword":"ç”ŸåŒ–å±æœºå¯¼æ¼”ç¾éš¾æ–°ä½œ","plots":"ã€Šåºè´æœ«æ—¥ã€‹æ•…äº‹å‘ç”Ÿåœ¨å¤ç½—é©¬æ—¶ä»£ï¼Œåœ¨æ‘§æ¯åºè´åŸçš„ç»´è‹å¨ç«å±±çˆ†å‘å‰å¤•ï¼Œå¥´éš¶è§’æ–—å£«å‡¯å°”ç‰¹ï¼ˆåŸºç‰¹Â·å“ˆçµé¡¿é¥°ï¼‰çˆ±ä¸Šäº†ä¸€ä½è´µå¦‡äººã€‚åŒæ—¶ï¼Œä¸€æ¬¡æ„å¤–ï¼Œè®©ä»–ç¢°åˆ°äº†å¤šå¹´å‰å± æ€ä»–å®¶äººçš„ä»‡äººã€‚åºè´åŸä½äºæ„å¤§åˆ©åå¸•å°¼äºšå¹³åŸçš„è¾¹ç¼˜ï¼Œå…¬å…ƒå‰8ä¸–çºªå»ºåŸï¼Œå…¬å…ƒå‰5ä¸–çºªèµ·å±äºè¨è«è¯ºäººã€‚å…¬å…ƒå‰4-3ä¸–çºªï¼Œé€æ¸æˆä¸ºç½—é©¬å…±å’Œå›½çš„ä¸€éƒ¨åˆ†ã€‚æ®æ‚‰ï¼Œç»´è‹å¨ç«å±±çˆ†å‘è‡´ä½¿åºè´åŸæ•°åƒå±…æ°‘é‡éš¾ã€‚","clarity":"super-dvd","releasedate":"2014-02-21","mtype":"movie","action_type":"@media_detail_page","karma":"8.6","action_data":"http://ott-api.fun.tv/api/v2/subject/73282","item_style":"retrive_movie","vip_tag":"","p_pic":"http://img.funshion.com/pictures/media/list/732/82/73282_360_504_ott_poster.jpg?1415587330","s_pic
11-28 15:18:40.567 D/cocos2d-x debug info(14128): JS: setupParamAccordingToActionDataNew focus tab Index[3]
11-28 15:18:40.577 D/cocos2d-x debug info(14128): JS: LRUCache, contains key http://ott-api.fun.tv/api/v2/retrive?mtype=movie&region=usa&tag=all&rdate=all&order=daynum&statdate=all&pg=1&pz=100&pv=101&show_tb=0
11-28 15:18:40.577 D/cocos2d-x debug info(14128): JS: getFocusId:3
11-28 15:18:40.577 D/cocos2d-x debug info(14128): JS: this.mTabIndicator.getFocusId():3
11-28 15:18:40.577 D/cocos2d-x debug info(14128): JS: isVarietyActionData:put[http://ott-api.fun.tv/api/v2/retrive?mtype=movie&region=usa&tag=all&rdate=all&order=daynum&statdate=all&pg=1&pz=100&pv=101]
11-28 15:18:40.587 D/cocos2d-x debug info(14128): JS: isStaffActionData:put[http://ott-api.fun.tv/api/v2/retrive?mtype=movie&region=usa&tag=all&rdate=all&order=daynum&statdate=all&pg=1&pz=100&pv=101]
11-28 15:18:40.587 D/cocos2d-x debug info(14128): JS: getNetworkPageIndexFromActionData:1
11-28 15:18:40.587 D/cocos2d-x debug info(14128): JS: startAsyncTast.setNetworkPageSize:[100] this.mNetworkPageIndex-[0]
11-28 15:18:40.587 D/cocos2d-x debug info(14128): JS: RetrieveList fadeIn
11-28 15:18:40.587 D/cocos2d-x debug info(14128): JS: this.mList.initByData this.mTotalMedia-{666} this.mNetworkPageSize-[100] this.mNetworkPageIndex-{0}
11-28 15:18:40.587 D/cocos2d-x debug info(14128): JS: RetrieveList initByData!
11-28 15:18:40.587 D/cocos2d-x debug info(14128): JS: RetrieveListAdapter: init totalSize=666,curPageSize=100,curPageIdx=0
11-28 15:18:40.587 D/cocos2d-x debug info(14128): JS: FunTableView setAdapter
11-28 15:18:40.597 D/cocos2d-x debug info(14128): JS: RetrieveListAdapter: isItemTypeOf(0)=true
11-28 15:18:40.597 D/cocos2d-x debug info(14128): JS: funImageLoader.loadImage: url=http://img.funshion.com/pictures/media/list/732/82/73282_360_504_ott_poster.jpg?1415587330
11-28 15:18:40.597 D/JniHelper(14128): JniHelper::getJavaVM(), pthread_self() = 1529184920
11-28 15:18:40.597 D/cocos2d-x debug info(14128): JS: RetrieveListAdapter: isItemTypeOf(1)=true
11-28 15:18:40.597 D/cocos2d-x debug info(14128): JS: funImageLoader.loadImage: url=http://img.funshion.com/pictures/media/list/114/040/114040_360_504_ott_poster.jpg?1415806782
11-28 15:18:40.597 D/JniHelper(14128): JniHelper::getJavaVM(), pthread_self() = 1529184920
11-28 15:18:40.607 D/cocos2d-x debug info(14128): JS: RetrieveListAdapter: isItemTypeOf(2)=true
11-28 15:18:40.607 D/cocos2d-x debug info(14128): JS: funImageLoader.loadImage: url=http://img.funshion.com/pictures/media/list/852/59/85259_360_504_ott_poster.jpg?1410161878
11-28 15:18:40.607 D/JniHelper(14128): JniHelper::getJavaVM(), pthread_self() = 1529184920
11-28 15:18:40.607 D/cocos2d-x debug info(14128): JS: RetrieveListAdapter: isItemTypeOf(3)=true
11-28 15:18:40.607 D/cocos2d-x debug info(14128): JS: funImageLoader.loadImage: url=http://img.funshion.com/pictures/media/list/906/00/90600_360_504_ott_poster.jpg?1416968238
11-28 15:18:40.607 D/JniHelper(14128): JniHelper::getJavaVM(), pthread_self() = 1529184920
11-28 15:18:40.607 D/cocos2d-x debug info(14128): JS: RetrieveListAdapter: isItemTypeOf(4)=true
11-28 15:18:40.607 D/cocos2d-x debug info(14128): JS: funImageLoader.loadImage: url=http://img.funshion.com/pictures/media/list/994/97/99497_360_504_ott_poster.jpg?1415260433
11-28 15:18:40.617 D/JniHelper(14128): JniHelper::getJavaVM(), pthread_self() = 1529184920
11-28 15:18:40.617 D/cocos2d-x debug info(14128): JS: RetrieveListAdapter: isItemTypeOf(5)=true
11-28 15:18:40.617 D/cocos2d-x debug info(14128): JS: funImageLoader.loadImage: url=http://img.funshion.com/pictures/media/list/103/774/103774_360_504_ott_poster.jpg?1417072237
11-28 15:18:40.617 D/JniHelper(14128): JniHelper::getJavaVM(), pthread_self() = 1529184920
11-28 15:18:40.617 D/cocos2d-x debug info(14128): JS: RetrieveListAdapter: isItemTypeOf(6)=true
11-28 15:18:40.617 D/cocos2d-x debug info(14128): JS: funImageLoader.loadImage: url=http://img.funshion.com/pictures/media/list/996/15/99615_360_504_ott_poster.jpg?1416071498
11-28 15:18:40.617 D/JniHelper(14128): JniHelper::getJavaVM(), pthread_self() = 1529184920
11-28 15:18:40.627 D/cocos2d-x debug info(14128): JS: RetrieveListAdapter: isItemTypeOf(7)=true
11-28 15:18:40.627 D/cocos2d-x debug info(14128): JS: funImageLoader.loadImage: url=http://img.funshion.com/pictures/media/list/113/777/113777_360_504_ott_poster.jpg?1415360178
11-28 15:18:40.627 D/JniHelper(14128): JniHelper::getJavaVM(), pthread_self() = 1529184920
11-28 15:18:40.627 D/cocos2d-x debug info(14128): JS: RetrieveListAdapter: isItemTypeOf(8)=true
11-28 15:18:40.627 D/cocos2d-x debug info(14128): JS: funImageLoader.loadImage: url=http://img.funshion.com/pictures/media/list/104/120/104120_360_504_ott_poster.jpg?1406877943
11-28 15:18:40.627 D/JniHelper(14128): JniHelper::getJavaVM(), pthread_self() = 1529184920
11-28 15:18:40.627 D/cocos2d-x debug info(14128): JS: RetrieveListAdapter: isItemTypeOf(9)=true
11-28 15:18:40.627 D/mdns    ( 4397): mDNS_Execute
11-28 15:18:40.627 D/mdns    ( 4397): mDNS_Execute: Skipping LocalAuthRecord    4 Android-2.local. Addr 172.16.13.147
11-28 15:18:40.627 D/mdns    ( 4397): mDNS_Execute: Skipping LocalAuthRecord   16 Android-2.local. AAAA FE80:0000:0000:0000:026D:0EFF:FE03:A545
11-28 15:18:40.627 D/mdns    ( 4397): mDNS_Execute: Setting NewLocalRecords to    4 Android-2.local. Addr 172.16.13.147
11-28 15:18:40.637 D/cocos2d-x debug info(14128): JS: funImageLoader.loadImage: url=http://img.funshion.com/pictures/media/list/987/13/98713_360_504_ott_poster.jpg?1407125539
11-28 15:18:40.637 D/JniHelper(14128): JniHelper::getJavaVM(), pthread_self() = 1529184920
11-28 15:18:40.637 D/cocos2d-x debug info(14128): JS: RetrieveListAdapter: isItemTypeOf(10)=true
11-28 15:18:40.637 D/cocos2d-x debug info(14128): JS: funImageLoader.loadImage: url=http://img.funshion.com/pictures/media/list/409/2/4092_360_504_ott_poster.jpg?1409977195
11-28 15:18:40.637 D/JniHelper(14128): JniHelper::getJavaVM(), pthread_self() = 1529184920
11-28 15:18:40.637 D/cocos2d-x debug info(14128): JS: RetrieveListAdapter: isItemTypeOf(11)=true
11-28 15:18:40.637 D/cocos2d-x debug info(14128): JS: funImageLoader.loadImage: url=http://img.funshion.com/pictures/media/list/107/388/107388_360_504_ott_poster.jpg?1404962867
11-28 15:18:40.667 D/JniHelper(14128): JniHelper::getJavaVM(), pthread_self() = 1529184920
11-28 15:18:40.667 D/cocos2d-x debug info(14128): JS: RetrieveListAdapter: isItemTypeOf(12)=true
11-28 15:18:40.667 D/cocos2d-x debug info(14128): JS: funImageLoader.loadImage: url=http://img.funshion.com/pictures/media/list/105/158/105158_360_504_ott_poster.jpg?1414252401
11-28 15:18:40.667 D/JniHelper(14128): JniHelper::getJavaVM(), pthread_self() = 1529184920
11-28 15:18:40.667 D/cocos2d-x debug info(14128): JS: RetrieveListAdapter: isItemTypeOf(13)=true
11-28 15:18:40.667 D/cocos2d-x debug info(14128): JS: funImageLoader.loadImage: url=http://img.funshion.com/pictures/media/list/111/639/111639_360_504_ott_poster.jpg?1409816167
11-28 15:18:40.677 D/JniHelper(14128): JniHelper::getJavaVM(), pthread_self() = 1529184920
11-28 15:18:40.677 D/cocos2d-x debug info(14128): JS: RetrieveListAdapter: isItemTypeOf(14)=true
11-28 15:18:40.677 D/cocos2d-x debug info(14128): JS: funImageLoader.loadImage: url=http://img.funshion.com/pictures/media/list/102/960/102960_360_504_ott_poster.jpg?1410083743
11-28 15:18:40.677 D/JniHelper(14128): JniHelper::getJavaVM(), pthread_self() = 1529184920
11-28 15:18:40.677 D/cocos2d-x debug info(14128): JS: RetrieveListAdapter: isItemTypeOf(15)=true
11-28 15:18:40.677 D/cocos2d-x debug info(14128): JS: funImageLoader.loadImage: url=http://img.funshion.com/pictures/media/list/733/69/73369_360_504_ott_poster.jpg?1404887112
11-28 15:18:40.677 D/JniHelper(14128): JniHelper::getJavaVM(), pthread_self() = 1529184920
11-28 15:18:40.677 D/cocos2d-x debug info(14128): JS: RetrieveListAdapter: isItemTypeOf(16)=true
11-28 15:18:40.677 D/cocos2d-x debug info(14128): JS: funImageLoader.loadImage: url=http://img.funshion.com/pictures/media/list/374/00/37400_360_504_ott_poster.jpg?1415672027
11-28 15:18:40.687 D/JniHelper(14128): JniHelper::getJavaVM(), pthread_self() = 1529184920
11-28 15:18:40.687 D/cocos2d-x debug info(14128): JS: RetrieveListAdapter: isItemTypeOf(17)=true
11-28 15:18:40.687 D/cocos2d-x debug info(14128): JS: funImageLoader.loadImage: url=http://img.funshion.com/pictures/media/list/851/56/85156_360_504_ott_poster.jpg?1405912287
11-28 15:18:40.687 D/JniHelper(14128): JniHelper::getJavaVM(), pthread_self() = 1529184920
11-28 15:18:40.687 D/cocos2d-x debug info(14128): JS: RetrieveListAdapter: isItemTypeOf(18)=true
11-28 15:18:40.687 D/cocos2d-x debug info(14128): JS: funImageLoader.loadImage: url=http://img.funshion.com/pictures/media/list/108/792/108792_360_504_ott_poster.jpg?1406605060
11-28 15:18:40.687 D/JniHelper(14128): JniHelper::getJavaVM(), pthread_self() = 1529184920
11-28 15:18:40.697 D/cocos2d-x debug info(14128): JS: zhangmd:FunTableView:setFocusImageSize, size is:(310,512)
11-28 15:18:40.697 D/cocos2d-x debug info(14128): JS: zhangmd:FunTableView:setFocusImageSize, focussize is:(340,542)
11-28 15:18:40.697 D/cocos2d-x debug info(14128): cocos2d: fullPathForFilename: No file found at Arial. Possible missing file.
11-28 15:18:40.697 D/cocos2d-x debug info(14128): cocos2d: fullPathForFilename: No file found at Arial. Possible missing file.
11-28 15:18:40.707 D/cocos2d-x debug info(14128): JS: zhangmd:FunTableView:calculateFullVisibleIndex begain,startidx=0,endidx=0,startidx2=0,endidx2=0
11-28 15:18:40.707 D/cocos2d-x debug info(14128): JS: calculateLastPageIndex 1
11-28 15:18:40.707 D/cocos2d-x debug info(14128): CCScheduler#scheduleSelector. Selector already scheduled. Updating interval from: 0.0000 to 0.0000
11-28 15:18:40.707 D/cocos2d-x debug info(14128): JS: getFocusId:3
11-28 15:18:40.707 D/cocos2d-x debug info(14128): JS: updateQueryDescription:3-6
11-28 15:18:40.707 D/cocos2d-x debug info(14128): JS: isStaffActionData:put[http://ott-api.fun.tv/api/v2/retrive?mtype=movie&region=usa&tag=all&rdate=all&order=daynum&statdate=all&pg=1&pz=100&pv=101]
11-28 15:18:40.707 D/JniHelper(14128): JniHelper::getJavaVM(), pthread_self() = 1529184920
11-28 15:18:40.717 D/cocos2d-x debug info(14128): JS: getMediaTypeValue:put[movie,ç”µå½±]
11-28 15:18:40.717 D/cocos2d-x debug info(14128): JS: getMediaTypeValue:put[daynum,æŒ‰è§‚çœ‹
11-28 15:18:40.727 D/cocos2d-x debug info(14128): JS: [/2014] {/ç¾å›½ } (/å†’é™©)
11-28 15:18:40.727 D/cocos2d-x debug info(14128): cocos2d: fullPathForFilename: No file found at Arial. Possible missing file.
11-28 15:18:40.737 D/mdns    ( 4397): mDNS_Execute
11-28 15:18:40.737 D/mdns    ( 4397): mDNS_Execute: Skipping LocalAuthRecord    4 Android-2.local. Addr 172.16.13.147
11-28 15:18:40.737 D/mdns    ( 4397): mDNS_Execute: Skipping LocalAuthRecord   16 Android-2.local. AAAA FE80:0000:0000:0000:026D:0EFF:FE03:A545
11-28 15:18:40.737 D/mdns    ( 4397): mDNS_Execute: Setting NewLocalRecords to    4 Android-2.local. Addr 172.16.13.147
11-28 15:18:40.737 D/mdns    ( 4397): SendResponses: Next in 297 ticks
11-28 15:18:40.747 D/dalvikvm(14128): GC_CONCURRENT freed 2060K, 46% free 10122K/18508K, paused 2ms+3ms, total 28ms
11-28 15:18:40.757 D/dalvikvm(14128): WAIT_FOR_CONCURRENT_GC blocked 22ms
11-28 15:18:40.777 D/mdns    ( 4397): mDNS_Execute
11-28 15:18:40.777 D/mdns    ( 4397): mDNS_Execute: Skipping LocalAuthRecord    4 Android-2.local. Addr 172.16.13.147
11-28 15:18:40.777 D/mdns    ( 4397): mDNS_Execute: Skipping LocalAuthRecord   16 Android-2.local. AAAA FE80:0000:0000:0000:026D:0EFF:FE03:A545
11-28 15:18:40.777 D/mdns    ( 4397): mDNS_Execute: Setting NewLocalRecords to    4 Android-2.local. Addr 172.16.13.147
11-28 15:18:40.777 D/mdns    ( 4397): Announcing 006d0e03a545@MiniMax._raop._tcp.local. (TXT) 7
11-28 15:18:40.777 D/mdns    ( 4397): Announcing _services._dns-sd._udp.local. (PTR) 7
11-28 15:18:40.777 D/mdns    ( 4397): Announcing _raop._tcp.local. (PTR) 7
11-28 15:18:40.777 D/mdns    ( 4397): Announcing MiniMax._airplay._tcp.local. (TXT) 7
11-28 15:18:40.777 D/mdns    ( 4397): Announcing _services._dns-sd._udp.local. (PTR) 7
11-28 15:18:40.777 D/mdns    ( 4397): Announcing _airplay._tcp.local. (PTR) 7
11-28 15:18:40.777 D/mdns    ( 4397): Announcing 006d0e03a545@MiniMax._raop._tcp.local. (SRV) 7
11-28 15:18:40.777 D/mdns    ( 4397): Announcing MiniMax._airplay._tcp.local. (SRV) 7
11-28 15:18:40.777 D/mdns    ( 4397): Announcing 147.13.16.172.in-addr.arpa. (PTR) 7
11-28 15:18:40.777 D/mdns    ( 4397): Announcing 5.4.5.A.3.0.E.F.F.F.E.0.D.6.2.0.0.0.0.0.0.0.0.0.0.0.0.0.0.8.E.F.ip6.arpa. (PTR) 7
11-28 15:18:40.777 D/mdns    ( 4397): Announcing Android-2.local. (Addr) 7
11-28 15:18:40.777 D/mdns    ( 4397): Announcing Android-2.local. (AAAA) 7
11-28 15:18:40.787 D/mdns    ( 4397): SendResponses put     24 . OPT Max 1440 Vers 0 Seq   0 MAC 00:00:00:00:00:00 I-MAC 2D:32:05:6C:6F:63
11-28 15:18:40.787 D/mdns    ( 4397): SendResponses: Sending 0 Deregistrations, 12 Announcements, 0 Answers, 6 Additionals on 412B7F58
11-28 15:18:40.787 D/mdns    ( 4397): SendResponses: Next in 1024 ticks
11-28 15:18:40.787 D/mdns    ( 4397): mDNS_Execute
11-28 15:18:40.787 D/mdns    ( 4397): mDNS_Execute: Delivering Add event with LocalAuthRecord    4 Android-2.local. Addr 172.16.13.147
11-28 15:18:40.787 D/mdns    ( 4397): mDNS_Execute: Delivering Add event with LocalAuthRecord   16 Android-2.local. AAAA FE80:0000:0000:0000:026D:0EFF:FE03:A545
11-28 15:18:40.787 D/mdns    ( 4397): mDNS_Execute: Setting NewLocalRecords to NULL
11-28 15:18:40.787 D/mdns    ( 4397): SocketDataReady got a packet from 172.16.13.147 to 224.0.0.251 on interface 172.16.13.147/wlan0/7/272
11-28 15:18:40.787 D/mdns    ( 4397): Received Response from 172.16.13.147   addressed to 224.0.0.251     on 412B7F58 with  0 Questions, 12 Answers,  0 Authorities,  6 Additionals 690 bytes LLQType 0
11-28 15:18:40.787 D/mdns    ( 4397): SocketDataReady got a packet from FE80:0000:0000:0000:026D:0EFF:FE03:A545 to FF02:0000:0000:0000:0000:0000:0000:00FB on interface 172.16.13.147/wlan0/7/273
11-28 15:18:40.787 D/mdns    ( 4397): Received Response from FE80:0000:0000:0000:026D:0EFF:FE03:A545 addressed to FF02:0000:0000:0000:0000:0000:0000:00FB on 412B7F58 with  0 Questions, 12 Answers,  0 Authorities,  6 Additionals 690 bytes LLQType 0
11-28 15:18:40.787 D/mdns    ( 4397): Found record size   115 interface 412B7F58 already in cache:  115 006d0e03a545@MiniMax._raop._tcp.local. TXT ch=2Â¦cn=0,1Â¦da=trueÂ¦ek=1Â¦et=0,1Â¦md=0,1,2Â¦pw=falseÂ¦sm=falseÂ¦sr=44100Â¦ss=16Â¦sv=falseÂ¦tp=UDPÂ¦txtvers=
11-28 15:18:40.787 D/mdns    ( 4397): Found record size    75 interface 412B7F58 already in cache:   75 MiniMax._airplay._tcp.local. TXT deviceid=00:6d:0e:03:a5:45Â¦features=0x2077Â¦model=AppleTV2,1Â¦srcvers=101.28
11-28 15:18:40.787 D/mdns    ( 4397): Found record size    78 interface 412B7F58 already in cache:   78 5.4.5.A.3.0.E.F.F.F.E.0.D.6.2.0.0.0.0.0.0.0.0.0.0.0.0.0.0.8.E.F.ip6.arpa. NSEC PTR 
11-28 15:18:40.787 D/dalvikvm(14128): GC_FOR_ALLOC freed 46K, 41% free 11092K/18508K, paused 26ms, total 27ms
11-28 15:18:40.797 D/launcher_auto(14128): launcher_auto: sendkey and wait.
11-28 15:18:40.807 D/cocos2d-x debug info(14128): JS: updateMediaDescription:[] 8
11-28 15:18:40.807 D/cocos2d-x debug info(14128): JS: updateMediaRelateVisibility:true
11-28 15:18:40.807 D/cocos2d-x debug info(14128): cocos2d: fullPathForFilename: No file found at Arial. Possible missing file.
11-28 15:18:40.807 D/cocos2d-x debug info(14128): cocos2d: fullPathForFilename: No file found at Arial. Possible missing file.
11-28 15:18:40.817 D/cocos2d-x debug info(14128): cocos2d: fullPathForFilename: No file found at Arial. Possible missing file.
11-28 15:18:40.817 D/cocos2d-x debug info(14128): cocos2d: fullPathForFilename: No file found at Arial. Possible missing file.
11-28 15:18:40.817 D/cocos2d-x debug info(14128): cocos2d: fullPathForFilename: No file found at Arial. Possible missing file.
11-28 15:18:40.827 D/cocos2d-x debug info(14128): cocos2d: fullPathForFilename: No file found at Arial. Possible missing file.
11-28 15:18:40.827 D/cocos2d-x debug info(14128): cocos2d: fullPathForFilename: No file found at Arial. Possible missing file.
11-28 15:18:40.827 D/cocos2d-x debug info(14128): cocos2d: fullPathForFilename: No file found at Arial. Possible missing file.
11-28 15:18:40.837 D/cocos2d-x debug info(14128): cocos2d: fullPathForFilename: No file found at Arial. Possible missing file.
11-28 15:18:40.837 D/cocos2d-x debug info(14128): cocos2d: fullPathForFilename: No file found at Arial. Possible missing file.
11-28 15:18:40.857 D/dalvikvm(14128): GC_CONCURRENT freed 2849K, 45% free 10289K/18508K, paused 2ms+3ms, total 26ms
11-28 15:18:40.857 D/dalvikvm(14128): WAIT_FOR_CONCURRENT_GC blocked 17ms
11-28 15:18:40.857 D/cocos2d-x debug info(14128): cocos2d: fullPathForFilename: No file found at Arial. Possible missing file.
11-28 15:18:40.867 D/cocos2d-x debug info(14128): cocos2d: fullPathForFilename: No file found at Arial. Possible missing file.
11-28 15:18:40.867 D/cocos2d-x debug info(14128): cocos2d: fullPathForFilename: No file found at Arial. Possible missing file.
11-28 15:18:40.867 D/cocos2d-x debug info(14128): cocos2d: fullPathForFilename: No file found at Arial. Possible missing file.
11-28 15:18:40.877 D/cocos2d-x debug info(14128): cocos2d: fullPathForFilename: No file found at Arial. Possible missing file.
11-28 15:18:40.877 D/cocos2d-x debug info(14128): cocos2d: fullPathForFilename: No file found at Arial. Possible missing file.
11-28 15:18:40.877 D/cocos2d-x debug info(14128): cocos2d: fullPathForFilename: No file found at Arial. Possible missing file.
11-28 15:18:40.887 D/cocos2d-x debug info(14128): cocos2d: fullPathForFilename: No file found at Arial. Possible missing file.
11-28 15:18:40.887 D/mdns    ( 4397): mDNS_Execute
11-28 15:18:40.887 D/mdns    ( 4397): mDNS_Execute: Setting NewLocalRecords to NULL
11-28 15:18:40.887 D/cocos2d-x debug info(14128): cocos2d: fullPathForFilename: No file found at Arial. Possible missing file.
11-28 15:18:40.887 D/cocos2d-x debug info(14128): cocos2d: fullPathForFilename: No file found at Arial. Possible missing file.
11-28 15:18:40.897 D/cocos2d-x debug info(14128): cocos2d: fullPathForFilename: No file found at Arial. Possible missing file.
11-28 15:18:40.897 D/mdns    ( 4397): SocketDataReady got a packet from 172.16.13.187 to 224.0.0.251 on interface 172.16.13.147/wlan0/7/272
11-28 15:18:40.897 D/mdns    ( 4397): Received Response from 172.16.13.187   addressed to 224.0.0.251     on 412B7F58 with  0 Questions,  3 Answers,  0 Authorities,  0 Additionals 232 bytes LLQType 0
11-28 15:18:40.897 D/cocos2d-x debug info(14128): cocos2d: fullPathForFilename: No file found at Arial. Possible missing file.
11-28 15:18:40.927 D/cocos2d-x debug info(14128): nativeTes2Callback  [001]funImageLoader.callback('/data/data/tv.fun.launcher/files/fun_download/98/396960f0cf607d06ecc99414c4527e.png', '98396960f0cf607d06ecc99414c4527e')
11-28 15:18:40.927 D/cocos2d-x debug info(14128): nativeTes2Callback  [001]funImageLoader.callback('/data/data/tv.fun.launcher/files/fun_download/e6/5da6d05f5cbe19bca0e35fe0a5f184.png', 'e65da6d05f5cbe19bca0e35fe0a5f184')
11-28 15:18:40.927 D/cocos2d-x debug info(14128): nativeTes2Callback  [001]funImageLoader.callback('/data/data/tv.fun.launcher/files/fun_download/42/82d07789c0991d766ccce708483e42.png', '4282d07789c0991d766ccce708483e42')
11-28 15:18:40.927 D/cocos2d-x debug info(14128): nativeTes2Callback  [000]funImageLoader.callback('/data/data/tv.fun.launcher/files/fun_download/06/06d1f852d0d1d82b247c0213c8dcb6.png', '0606d1f852d0d1d82b247c0213c8dcb6')
11-28 15:18:40.927 D/cocos2d-x debug info(14128): nativeTes2Callback  [001]funImageLoader.callback('/data/data/tv.fun.launcher/files/fun_download/db/529b9d53e4bfc45e73466dfacb4a79.png', 'db529b9d53e4bfc45e73466dfacb4a79')
11-28 15:18:40.927 D/cocos2d-x debug info(14128): nativeTes2Callback  [000]funImageLoader.callback('/data/data/tv.fun.launcher/files/fun_download/0e/16f10fbdb76f0a5ecba14555357f1c.png', '0e16f10fbdb76f0a5ecba14555357f1c')
11-28 15:18:40.927 D/cocos2d-x debug info(14128): nativeTes2Callback  [000]funImageLoader.callback('/data/data/tv.fun.launcher/files/fun_download/77/186750547ef6a16cf09fdb84592c53.png', '77186750547ef6a16cf09fdb84592c53')
11-28 15:18:40.927 D/cocos2d-x debug info(14128): nativeTes2Callback  [000]funImageLoader.callback('/data/data/tv.fun.launcher/files/fun_download/9d/dd7818281ec44bb572ad14299113d2.png', '9ddd7818281ec44bb572ad14299113d2')
11-28 15:18:40.927 D/cocos2d-x debug info(14128): nativeTes2Callback  [000]funImageLoader.callback('/data/data/tv.fun.launcher/files/fun_download/dc/cd903cc31ee0fa1a81b4c8d4f16ed4.png', 'dccd903cc31ee0fa1a81b4c8d4f16ed4')
11-28 15:18:40.937 D/cocos2d-x debug info(14128): nativeTes2Callback  [000]funImageLoader.callback('/data/data/tv.fun.launcher/files/fun_download/3c/faa3268dc9454256380b54bc2692ff.png', '3cfaa3268dc9454256380b54bc2692ff')
11-28 15:18:40.937 D/cocos2d-x debug info(14128): nativeTes2Callback  [000]funImageLoader.callback('/data/data/tv.fun.launcher/files/fun_download/02/db6795c55c669b42d235f659233d33.png', '02db6795c55c669b42d235f659233d33')
11-28 15:18:40.937 D/cocos2d-x debug info(14128): nativeTes2Callback  [000]funImageLoader.callback('/data/data/tv.fun.launcher/files/fun_download/df/274245d5f1479a92c0d3a1a43f3d2f.png', 'df274245d5f1479a92c0d3a1a43f3d2f')
11-28 15:18:40.937 D/cocos2d-x debug info(14128): nativeTes2Callback  [000]funImageLoader.callback('/data/data/tv.fun.launcher/files/fun_download/6e/8446d592fc5900c0275bc6be7a8e48.png', '6e8446d592fc5900c0275bc6be7a8e48')
11-28 15:18:40.937 D/cocos2d-x debug info(14128): nativeTes2Callback  [000]funImageLoader.callback('/data/data/tv.fun.launcher/files/fun_download/6c/52d0069ef0439e94e68054671936bd.png', '6c52d0069ef0439e94e68054671936bd')
11-28 15:18:40.937 D/cocos2d-x debug info(14128): nativeTes2Callback  [001]funImageLoader.callback('/data/data/tv.fun.launcher/files/fun_download/5b/4c2b1b5f9dbb88f0a07f0fd3649c09.png', '5b4c2b1b5f9dbb88f0a07f0fd3649c09')
11-28 15:18:40.937 D/cocos2d-x debug info(14128): nativeTes2Callback  [001]funImageLoader.callback('/data/data/tv.fun.launcher/files/fun_download/c4/529d061afad5cd557b463dc892f189.png', 'c4529d061afad5cd557b463dc892f189')
11-28 15:18:40.937 D/cocos2d-x debug info(14128): nativeTes2Callback  [001]funImageLoader.callback('/data/data/tv.fun.launcher/files/fun_download/23/04f37e6f08471de3605e2d58af6f50.png', '2304f37e6f08471de3605e2d58af6f50')
11-28 15:18:40.947 D/cocos2d-x debug info(14128): nativeTes2Callback  [000]funImageLoader.callback('/data/data/tv.fun.launcher/files/fun_download/fe/2306938643185df10caea8f56ab2dd.png', 'fe2306938643185df10caea8f56ab2dd')
11-28 15:18:40.947 D/cocos2d-x debug info(14128): nativeTes2Callback  [001]funImageLoader.callback('/data/data/tv.fun.launcher/files/fun_download/61/e2e094c9164234181e35f88649a31d.png', '61e2e094c9164234181e35f88649a31d')
11-28 15:18:41.027 D/cocos2d-x debug info(14128): trace_frame: 73.408836
11-28 15:18:41.127 D/cocos2d-x debug info(14128): trace_frame: 59.938862
11-28 15:18:41.237 D/cocos2d-x debug info(14128): trace_frame: 60.115761
11-28 15:18:41.307 D/cocos2d-x debug info(14128): JS: loadActionData:onKeyPress begin
11-28 15:18:41.307 D/cocos2d-x debug info(14128): JS: loadActionData:onKeyPress end
11-28 15:18:41.307 D/cocos2d-x debug info(14128): JS: loadActionData:handleRepeatKey begin
11-28 15:18:41.307 D/cocos2d-x debug info(14128): JS: mTabFocusChangeCallaback:handleDirectionKey-ddd
11-28 15:18:41.317 D/cocos2d-x debug info(14128): JS: loadActionData:mTabFocusChangeCallaback begin
11-28 15:18:41.317 D/cocos2d-x debug info(14128): JS: mTabFocusChangeCallaback:cb endæ¸¯å°ç»å…¸
11-28 15:18:41.317 D/cocos2d-x debug info(14128): JS: loadActionData:mTabFocusChangeCallaback[4]
11-28 15:18:41.337 D/cocos2d-x debug info(14128): trace_frame: 59.787750
11-28 15:18:41.397 D/dalvikvm(22184): GC_CONCURRENT freed 811K, 18% free 6671K/8124K, paused 2ms+5ms, total 47ms
11-28 15:18:41.397 D/dalvikvm(22184): WAIT_FOR_CONCURRENT_GC blocked 16ms
11-28 15:18:41.417 D/cocos2d-x debug info(14128): JS: updateMediaDescription:focusChangeCallback[0] 
11-28 15:18:41.427 D/cocos2d-x debug info(14128): JS: [/2014] {/ç¾å›½ } (/å†’é™©)
11-28 15:18:41.427 D/cocos2d-x debug info(14128): JS: updateMediaDescription:[] 8
11-28 15:18:41.457 D/cocos2d-x debug info(14128): JS: RetrieveList fadeIn end
11-28 15:18:41.457 D/cocos2d-x debug info(14128): trace_frame: 60.136425
11-28 15:18:41.517 D/cocos2d-x debug info(14128): JS: getFocusId:4
11-28 15:18:41.517 D/cocos2d-x debug info(14128): JS: updateQueryDescription:4-6
11-28 15:18:41.527 D/cocos2d-x debug info(14128): JS: isStaffActionData:put[http://ott-api.fun.tv/api/v2/retrive?mtype=movie&region=gangtai&tag=all&rdate=all&order=daynum&statdate=all&pg=1&pz=100&pv=101]
11-28 15:18:41.527 D/JniHelper(14128): JniHelper::getJavaVM(), pthread_self() = 1529184920
11-28 15:18:41.527 D/cocos2d-x debug info(14128): JS: getMediaTypeValue:put[movie,ç”µå½±]
11-28 15:18:41.527 D/cocos2d-x debug info(14128): JS: getMediaTypeValue:put[daynum,æŒ‰è§‚çœ‹
11-28 15:18:41.527 D/cocos2d-x debug info(14128): JS: mTabFocusChangeCallaback:do query
11-28 15:18:41.527 D/cocos2d-x debug info(14128): JS: getFocusId:4
11-28 15:18:41.527 D/cocos2d-x debug info(14128): JS: loadActionData:do load datahttp://ott-api.fun.tv/api/v2/retrive?mtype=movie&region=gangtai&tag=all&rdate=all&order=daynum&statdate=all&pg=1&pz=100&pv=101
11-28 15:18:41.527 D/cocos2d-x debug info(14128): JS: RetrieveList fadeOut
11-28 15:18:41.527 D/cocos2d-x debug info(14128): JS: setInitParam:4
11-28 15:18:41.527 D/cocos2d-x debug info(14128): JS: showFilterScene: cc.Scene[http://ott-api.fun.tv/api/v2/retrive?mtype=movie&region=gangtai&tag=all&rdate=all&order=daynum&statdate=all&pg=1&pz=100&pv=101&show_tb=0]
11-28 15:18:41.537 D/cocos2d-x debug info(14128): JS: setInitParam:beginLoading4
11-28 15:18:41.537 D/cocos2d-x debug info(14128): JS: startAsyncTaskNew[http://ott-api.fun.tv/api/v2/retrive?mtype=movie&region=gangtai&tag=all&rdate=all&order=daynum&statdate=all&pg=1&pz=100&pv=101&show_tb=0]
11-28 15:18:41.547 D/cocos2d-x debug info(14128): JS: startAsyncTask AsyncLoaderSceneStatic.setBack-{"retCode":"200","retMsg":"ok","totalnum":"424","data":[{"mediaid":"111054","name_cn":"ä¸€ç”Ÿä¸€ä¸– ","adword":"è°¢éœ†é”‹æ¿€æƒ…è™æ‹é«˜åœ†åœ†","plots":"ã€Šä¸€ç”Ÿä¸€ä¸–ã€‹1972å¹´åˆ°2001å¹´ï¼Œå®‰ç„¶å’Œèµµæ°¸è¿œçš„çˆ±æƒ…è·¨è¶Šäº†ä¸–çºªã€‚ä»ä¸¤å°æ— çŒœåˆ°æƒ…çª¦åˆå¼€ï¼Œå½“èµµæ°¸è¿œå†æ¬¡è§åˆ°å®‰ç„¶æ—¶ï¼Œä¸¤äººå°å­˜å¤šå¹´çš„å‹è°Šè¿…é€Ÿè½¬åŒ–æˆçˆ±æƒ…ã€‚æ—¶å…‰æµè½¬è£¹æŒŸç€ä»–ä»¬é—¯å…¥äº†æ–°çš„ä¸–ç•Œï¼Œä»åŒ—äº¬åˆ°çº½çº¦ï¼Œä»å‡Œä¹±çº è‘›åˆ°éš¾èˆéš¾åˆ†ï¼Œä»–ä»¬å‘ç°æœ€éš¾å‰²èˆçš„ä¾ç„¶å¯¹å½¼æ­¤çš„æƒ…æ„Ÿâ€¦â€¦","clarity":"shot","releasedate":"2014-09-05","mtype":"movie","action_type":"@media_detail_page","karma":"6.8","action_data":"http://ott-api.fun.tv/api/v2/subject/111054","item_style":"retrive_movie","vip_tag":"","p_pic":"http://img.funshion.com/pictures/media/list/111/054/111054_360_504_ott_poster.jpg?1415953979","s_pic":"http://img.funshion.com/pictures/media/list/111/054/111054_530_298_ott_still.jpg?1415953979","countries":["ä¸­å›½ "," ä¸­å›½é¦™æ¸¯
11-28 15:18:41.557 D/cocos2d-x debug info(14128): JS: setInitParam:beginLoading instanceof FilterSceneNew
11-28 15:18:41.557 D/cocos2d-x debug info(14128): JS: setInitParam:canStopLoading4
11-28 15:18:41.557 D/cocos2d-x debug info(14128): JS: can StopLoading
11-28 15:18:41.557 D/cocos2d-x debug info(14128): JS: setInitParam:endLoading:0
11-28 15:18:41.557 D/cocos2d-x debug info(14128): JS: setInitParam:endLoading:1-4
11-28 15:18:41.557 D/cocos2d-x debug info(14128): JS: setupParamAccordingToActionDataNew[http://ott-api.fun.tv/api/v2/retrive?mtype=movie&region=gangtai&tag=all&rdate=all&order=daynum&statdate=all&pg=1&pz=100&pv=101&show_tb=0]
11-28 15:18:41.567 D/cocos2d-x debug info(14128): JS: setupParamAccordingToActionDataNew result[{"retCode":"200","retMsg":"ok","totalnum":"424","data":[{"mediaid":"111054","name_cn":"ä¸€ç”Ÿä¸€ä¸– ","adword":"è°¢éœ†é”‹æ¿€æƒ…è™æ‹é«˜åœ†åœ†","plots":"ã€Šä¸€ç”Ÿä¸€ä¸–ã€‹1972å¹´åˆ°2001å¹´ï¼Œå®‰ç„¶å’Œèµµæ°¸è¿œçš„çˆ±æƒ…è·¨è¶Šäº†ä¸–çºªã€‚ä»ä¸¤å°æ— çŒœåˆ°æƒ…çª¦åˆå¼€ï¼Œå½“èµµæ°¸è¿œå†æ¬¡è§åˆ°å®‰ç„¶æ—¶ï¼Œä¸¤äººå°å­˜å¤šå¹´çš„å‹è°Šè¿…é€Ÿè½¬åŒ–æˆçˆ±æƒ…ã€‚æ—¶å…‰æµè½¬è£¹æŒŸç€ä»–ä»¬é—¯å…¥äº†æ–°çš„ä¸–ç•Œï¼Œä»åŒ—äº¬åˆ°çº½çº¦ï¼Œä»å‡Œä¹±çº è‘›åˆ°éš¾èˆéš¾åˆ†ï¼Œä»–ä»¬å‘ç°æœ€éš¾å‰²èˆçš„ä¾ç„¶å¯¹å½¼æ­¤çš„æƒ…æ„Ÿâ€¦â€¦","clarity":"shot","releasedate":"2014-09-05","mtype":"movie","action_type":"@media_detail_page","karma":"6.8","action_data":"http://ott-api.fun.tv/api/v2/subject/111054","item_style":"retrive_movie","vip_tag":"","p_pic":"http://img.funshion.com/pictures/media/list/111/054/111054_360_504_ott_poster.jpg?1415953979","s_pic":"http://img.funshion.com/pictures/media/list/111/054/111054_530_298_ott_still.jpg?1415953979","countries":["ä¸­å›½ "," ä¸­å›½é¦™æ¸¯"],"
11-28 15:18:41.567 D/cocos2d-x debug info(14128): JS: setupParamAccordingToActionDataNew focus tab Index[4]
11-28 15:18:41.577 D/cocos2d-x debug info(14128): JS: LRUCache, contains key http://ott-api.fun.tv/api/v2/retrive?mtype=movie&region=gangtai&tag=all&rdate=all&order=daynum&statdate=all&pg=1&pz=100&pv=101&show_tb=0
11-28 15:18:41.577 D/cocos2d-x debug info(14128): JS: getFocusId:4
11-28 15:18:41.587 D/cocos2d-x debug info(14128): JS: this.mTabIndicator.getFocusId():4
11-28 15:18:41.587 D/cocos2d-x debug info(14128): JS: isVarietyActionData:put[http://ott-api.fun.tv/api/v2/retrive?mtype=movie&region=gangtai&tag=all&rdate=all&order=daynum&statdate=all&pg=1&pz=100&pv=101]
11-28 15:18:41.587 D/cocos2d-x debug info(14128): JS: isStaffActionData:put[http://ott-api.fun.tv/api/v2/retrive?mtype=movie&region=gangtai&tag=all&rdate=all&order=daynum&statdate=all&pg=1&pz=100&pv=101]
11-28 15:18:41.587 D/cocos2d-x debug info(14128): JS: getNetworkPageIndexFromActionData:1
11-28 15:18:41.587 D/cocos2d-x debug info(14128): JS: startAsyncTast.setNetworkPageSize:[100] this.mNetworkPageIndex-[0]
11-28 15:18:41.587 D/cocos2d-x debug info(14128): JS: RetrieveList fadeIn
11-28 15:18:41.587 D/cocos2d-x debug info(14128): JS: this.mList.initByData this.mTotalMedia-{424} this.mNetworkPageSize-[100] this.mNetworkPageIndex-{0}
11-28 15:18:41.587 D/cocos2d-x debug info(14128): JS: RetrieveList initByData!
11-28 15:18:41.587 D/cocos2d-x debug info(14128): JS: RetrieveListAdapter: init totalSize=424,curPageSize=100,curPageIdx=0
11-28 15:18:41.587 D/cocos2d-x debug info(14128): JS: FunTableView setAdapter
11-28 15:18:41.597 D/cocos2d-x debug info(14128): JS: RetrieveListAdapter: isItemTypeOf(0)=true
11-28 15:18:41.597 D/cocos2d-x debug info(14128): JS: funImageLoader.loadImage: url=http://img.funshion.com/pictures/media/list/111/054/111054_360_504_ott_poster.jpg?1415953979
11-28 15:18:41.597 D/JniHelper(14128): JniHelper::getJavaVM(), pthread_self() = 1529184920
11-28 15:18:41.597 D/cocos2d-x debug info(14128): JS: RetrieveListAdapter: isItemTypeOf(1)=true
11-28 15:18:41.597 D/cocos2d-x debug info(14128): JS: funImageLoader.loadImage: url=http://img.funshion.com/pictures/media/list/106/356/106356_360_504_ott_poster.jpg?1416968683
11-28 15:18:41.597 D/JniHelper(14128): JniHelper::getJavaVM(), pthread_self() = 1529184920
11-28 15:18:41.607 D/cocos2d-x debug info(14128): JS: RetrieveListAdapter: isItemTypeOf(2)=true
11-28 15:18:41.607 D/cocos2d-x debug info(14128): JS: funImageLoader.loadImage: url=http://img.funshion.com/pictures/media/list/906/00/90600_360_504_ott_poster.jpg?1416968238
11-28 15:18:41.607 D/JniHelper(14128): JniHelper::getJavaVM(), pthread_self() = 1529184920
11-28 15:18:41.607 D/cocos2d-x debug info(14128): JS: RetrieveListAdapter: isItemTypeOf(3)=true
11-28 15:18:41.607 D/cocos2d-x debug info(14128): JS: funImageLoader.loadImage: url=http://img.funshion.com/pictures/media/list/104/112/104112_360_504_ott_poster.jpg?1414116559
11-28 15:18:41.607 D/JniHelper(14128): JniHelper::getJavaVM(), pthread_self() = 1529184920
11-28 15:18:41.607 D/cocos2d-x debug info(14128): JS: RetrieveListAdapter: isItemTypeOf(4)=true
11-28 15:18:41.607 D/cocos2d-x debug info(14128): JS: funImageLoader.loadImage: url=http://img.funshion.com/pictures/media/list/961/63/96163_360_504_ott_poster.jpg?1406101851
11-28 15:18:41.617 D/JniHelper(14128): JniHelper::getJavaVM(), pthread_self() = 1529184920
11-28 15:18:41.617 D/cocos2d-x debug info(14128): JS: RetrieveListAdapter: isItemTypeOf(5)=true
11-28 15:18:41.617 D/cocos2d-x debug info(14128): JS: funImageLoader.loadImage: url=http://img.funshion.com/pictures/media/list/108/976/108976_360_504_ott_poster.jpg?1404958037
11-28 15:18:41.617 D/JniHelper(14128): JniHelper::getJavaVM(), pthread_self() = 1529184920
11-28 15:18:41.617 D/cocos2d-x debug info(14128): JS: RetrieveListAdapter: isItemTypeOf(6)=true
11-28 15:18:41.617 D/cocos2d-x debug info(14128): JS: funImageLoader.loadImage: url=http://img.funshion.com/pictures/media/list/106/937/106937_360_504_ott_poster.jpg?1407995534
11-28 15:18:41.617 D/JniHelper(14128): JniHelper::getJavaVM(), pthread_self() = 1529184920
11-28 15:18:41.617 D/cocos2d-x debug info(14128): JS: RetrieveListAdapter: isItemTypeOf(7)=true
11-28 15:18:41.617 D/cocos2d-x debug info(14128): JS: funImageLoader.loadImage: url=http://img.funshion.com/pictures/media/list/109/978/109978_360_504_ott_poster.jpg?1415990605
11-28 15:18:41.627 D/JniHelper(14128): JniHelper::getJavaVM(), pthread_self() = 1529184920
11-28 15:18:41.627 D/cocos2d-x debug info(14128): JS: RetrieveListAdapter: isItemTypeOf(8)=true
11-28 15:18:41.627 D/cocos2d-x debug info(14128): JS: funImageLoader.loadImage: url=http://img.funshion.com/pictures/media/list/106/829/106829_360_504_ott_poster.jpg?1406769651
11-28 15:18:41.627 D/JniHelper(14128): JniHelper::getJavaVM(), pthread_self() = 1529184920
11-28 15:18:41.627 D/cocos2d-x debug info(14128): JS: RetrieveListAdapter: isItemTypeOf(9)=true
11-28 15:18:41.627 D/cocos2d-x debug info(14128): JS: funImageLoader.loadImage: url=http://img.funshion.com/pictures/media/list/378/3/3783_360_504_ott_poster.jpg?1415671403
11-28 15:18:41.627 D/JniHelper(14128): JniHelper::getJavaVM(), pthread_self() = 1529184920
11-28 15:18:41.637 D/cocos2d-x debug info(14128): JS: RetrieveListAdapter: isItemTypeOf(10)=true
11-28 15:18:41.637 D/cocos2d-x debug info(14128): JS: funImageLoader.loadImage: url=http://img.funshion.com/pictures/media/list/235/41/23541_360_504_ott_poster.jpg?1408534548
11-28 15:18:41.637 D/JniHelper(14128): JniHelper::getJavaVM(), pthread_self() = 1529184920
11-28 15:18:41.637 D/cocos2d-x debug info(14128): JS: RetrieveListAdapter: isItemTypeOf(11)=true
11-28 15:18:41.637 D/cocos2d-x debug info(14128): JS: funImageLoader.loadImage: url=http://img.funshion.com/pictures/media/list/103/927/103927_360_504_ott_poster.jpg?1416070016
11-28 15:18:41.637 D/JniHelper(14128): JniHelper::getJavaVM(), pthread_self() = 1529184920
11-28 15:18:41.637 D/cocos2d-x debug info(14128): JS: RetrieveListAdapter: isItemTypeOf(12)=true
11-28 15:18:41.637 D/cocos2d-x debug info(14128): JS: æ·»åŠ è§’æ ‡
11-28 15:18:41.647 D/cocos2d-x debug info(14128): JS: funImageLoader.loadImage: url=http://img.funshion.com/pictures/media/list/112/429/112429_360_504_ott_poster.jpg?1417157350
11-28 15:18:41.647 D/JniHelper(14128): JniHelper::getJavaVM(), pthread_self() = 1529184920
11-28 15:18:41.647 D/cocos2d-x debug info(14128): JS: RetrieveListAdapter: isItemTypeOf(13)=true
11-28 15:18:41.647 D/cocos2d-x debug info(14128): JS: funImageLoader.loadImage: url=http://img.funshion.com/pictures/media/list/865/58/86558_360_504_ott_poster.jpg?1407837715
11-28 15:18:41.647 D/JniHelper(14128): JniHelper::getJavaVM(), pthread_self() = 1529184920
11-28 15:18:41.657 D/cocos2d-x debug info(14128): JS: RetrieveListAdapter: isItemTypeOf(14)=true
11-28 15:18:41.657 D/cocos2d-x debug info(14128): JS: funImageLoader.loadImage: url=http://img.funshion.com/pictures/media/list/112/550/112550_360_504_ott_poster.jpg?1409645754
11-28 15:18:41.657 D/JniHelper(14128): JniHelper::getJavaVM(), pthread_self() = 1529184920
11-28 15:18:41.657 D/cocos2d-x debug info(14128): JS: RetrieveListAdapter: isItemTypeOf(15)=true
11-28 15:18:41.657 D/cocos2d-x debug info(14128): JS: funImageLoader.loadImage: url=http://img.funshion.com/pictures/media/list/644/04/64404_360_504_ott_poster.jpg?1408092262
11-28 15:18:41.657 D/JniHelper(14128): JniHelper::getJavaVM(), pthread_self() = 1529184920
11-28 15:18:41.657 D/cocos2d-x debug info(14128): JS: RetrieveListAdapter: isItemTypeOf(16)=true
11-28 15:18:41.657 D/cocos2d-x debug info(14128): JS: funImageLoader.loadImage: url=http://img.funshion.com/pictures/media/list/109/112/109112_360_504_ott_poster.jpg?1406787775
11-28 15:18:41.667 D/JniHelper(14128): JniHelper::getJavaVM(), pthread_self() = 1529184920
11-28 15:18:41.667 D/cocos2d-x debug info(14128): JS: RetrieveListAdapter: isItemTypeOf(17)=true
11-28 15:18:41.667 D/cocos2d-x debug info(14128): JS: funImageLoader.loadImage: url=http://img.funshion.com/pictures/media/list/863/63/86363_360_504_ott_poster.jpg?1407837384
11-28 15:18:41.667 D/JniHelper(14128): JniHelper::getJavaVM(), pthread_self() = 1529184920
11-28 15:18:41.667 D/cocos2d-x debug info(14128): JS: RetrieveListAdapter: isItemTypeOf(18)=true
11-28 15:18:41.667 D/cocos2d-x debug info(14128): JS: funImageLoader.loadImage: url=http://img.funshion.com/pictures/media/list/250/7/2507_360_504_ott_poster.jpg?1406795825
11-28 15:18:41.667 D/JniHelper(14128): JniHelper::getJavaVM(), pthread_self() = 1529184920
11-28 15:18:41.677 D/cocos2d-x debug info(14128): JS: zhangmd:FunTableView:setFocusImageSize, size is:(310,512)
11-28 15:18:41.677 D/cocos2d-x debug info(14128): JS: zhangmd:FunTableView:setFocusImageSize, focussize is:(340,542)
11-28 15:18:41.677 D/cocos2d-x debug info(14128): cocos2d: fullPathForFilename: No file found at Arial. Possible missing file.
11-28 15:18:41.677 D/cocos2d-x debug info(14128): cocos2d: fullPathForFilename: No file found at Arial. Possible missing file.
11-28 15:18:41.677 D/cocos2d-x debug info(14128): JS: zhangmd:FunTableView:calculateFullVisibleIndex begain,startidx=0,endidx=0,startidx2=0,endidx2=0
11-28 15:18:41.677 D/cocos2d-x debug info(14128): JS: calculateLastPageIndex 1
11-28 15:18:41.687 D/cocos2d-x debug info(14128): CCScheduler#scheduleSelector. Selector already scheduled. Updating interval from: 0.0000 to 0.0000
11-28 15:18:41.687 D/cocos2d-x debug info(14128): JS: getFocusId:4
11-28 15:18:41.687 D/cocos2d-x debug info(14128): JS: updateQueryDescription:4-6
11-28 15:18:41.687 D/cocos2d-x debug info(14128): JS: isStaffActionData:put[http://ott-api.fun.tv/api/v2/retrive?mtype=movie&region=gangtai&tag=all&rdate=all&order=daynum&statdate=all&pg=1&pz=100&pv=101]
11-28 15:18:41.687 D/JniHelper(14128): JniHelper::getJavaVM(), pthread_self() = 1529184920
11-28 15:18:41.687 D/cocos2d-x debug info(14128): JS: getMediaTypeValue:put[movie,ç”µå½±]
11-28 15:18:41.687 D/cocos2d-x debug info(14128): JS: getMediaTypeValue:put[daynum,æŒ‰è§‚çœ‹
11-28 15:18:41.707 D/cocos2d-x debug info(14128): JS: [/2014] {/ä¸­å›½ } (/å‰§æƒ…)
11-28 15:18:41.707 D/cocos2d-x debug info(14128): cocos2d: fullPathForFilename: No file found at Arial. Possible missing file.
11-28 15:18:41.757 D/dalvikvm(14128): GC_FOR_ALLOC freed 1880K, 46% free 10088K/18508K, paused 22ms, total 22ms
11-28 15:18:41.787 D/mdns    ( 4397): mDNS_Execute
11-28 15:18:41.787 D/mdns    ( 4397): mDNS_Execute: Setting NewLocalRecords to NULL
11-28 15:18:41.787 D/mdns    ( 4397): Announcing 006d0e03a545@MiniMax._raop._tcp.local. (TXT) 6
11-28 15:18:41.787 D/mdns    ( 4397): Announcing _services._dns-sd._udp.local. (PTR) 6
11-28 15:18:41.787 D/mdns    ( 4397): Announcing _raop._tcp.local. (PTR) 6
11-28 15:18:41.787 D/mdns    ( 4397): Announcing MiniMax._airplay._tcp.local. (TXT) 6
11-28 15:18:41.787 D/mdns    ( 4397): Announcing _services._dns-sd._udp.local. (PTR) 6
11-28 15:18:41.787 D/mdns    ( 4397): Announcing _airplay._tcp.local. (PTR) 6
11-28 15:18:41.787 D/mdns    ( 4397): Announcing 006d0e03a545@MiniMax._raop._tcp.local. (SRV) 6
11-28 15:18:41.787 D/mdns    ( 4397): Announcing MiniMax._airplay._tcp.local. (SRV) 6
11-28 15:18:41.787 D/mdns    ( 4397): Announcing 147.13.16.172.in-addr.arpa. (PTR) 6
11-28 15:18:41.787 D/mdns    ( 4397): Announcing 5.4.5.A.3.0.E.F.F.F.E.0.D.6.2.0.0.0.0.0.0.0.0.0.0.0.0.0.0.8.E.F.ip6.arpa. (PTR) 6
