--------- beginning of /dev/log/main
11-28 15:15:38.297 I/DeviceInfoUtil(14128): isDevicePerformanceOK deviceModel: M8_SDK1.0, contains: false
11-28 15:15:38.297 D/cocos2d-x debug info(14128): JS: 高配置盒子true
11-28 15:15:38.297 W/System.err(14128): 	at libcore.io.Posix.fsync(Native Method)
11-28 15:15:38.297 W/System.err(14128): 	at libcore.io.BlockGuardOs.fsync(BlockGuardOs.java:97)
11-28 15:15:38.297 W/System.err(14128): 	at java.io.FileDescriptor.sync(FileDescriptor.java:74)
11-28 15:15:38.297 W/System.err(14128): 	... 22 more
11-28 15:15:38.297 D/JniHelper(14128): JniHelper::getJavaVM(), pthread_self() = 1529184920
11-28 15:15:38.297 D/cocos2d-x debug info(14128): JS: 看过和收藏模式false
11-28 15:15:38.297 D/cocos2d-x debug info(14128): JS: LoadingLayer..loadingFinished
11-28 15:15:38.297 D/JniHelper(14128): JniHelper::getJavaVM(), pthread_self() = 1529184920
11-28 15:15:38.297 D/cocos2d-x debug info(14128): JS: lifan....requestHomeJson.
11-28 15:15:38.297 D/cocos2d-x debug info(14128): JS: easeActionConfig, this is release version, can not get Action tpye
11-28 15:15:38.307 D/WebDataManager:(14128): getGlobalWriteFilePath()----writeFilePath--/data/data/tv.fun.launcher/files/fun_download/
11-28 15:15:38.367 D/cocos2d-x debug info(14128): JS: loading--begin jumpToHomeMainScene
11-28 15:15:38.367 D/cocos2d-x debug info(14128): JS: create HomeMainScene
11-28 15:15:38.367 D/JniHelper(14128): JniHelper::getJavaVM(), pthread_self() = 1529184920
11-28 15:15:38.377 D/JniHelper(14128): JniHelper::getJavaVM(), pthread_self() = 1529184920
11-28 15:15:38.377 D/WebDataManager:(14128): getGlobalWriteFilePath()----writeFilePath--/data/data/tv.fun.launcher/files/fun_download/
11-28 15:15:38.377 D/cocos2d-x debug info(14128): create rendererRecreatedListener for GLProgramState
11-28 15:15:38.377 D/CCFileUtilsAndroid.cpp(14128): relative path = res/img/bestv.png
11-28 15:15:38.387 D/cocos2d-x debug info(14128): JS: HomeDataSourceManager--53=[object Object],[object Object],[object Object],[object Object],[object Object],[object Object],[object Object],[object Object]
11-28 15:15:38.387 D/cocos2d-x debug info(14128): JS: HomeMainScene--this.dataSource==8
11-28 15:15:38.387 D/cocos2d-x debug info(14128): JS: i--8
11-28 15:15:38.387 D/cocos2d-x debug info(14128): JS: index--8
11-28 15:15:38.387 D/cocos2d-x debug info(14128): JS: len----8
11-28 15:15:38.387 D/cocos2d-x debug info(14128): JS: this.mItemTypeLength8
11-28 15:15:38.387 D/cocos2d-x debug info(14128): JS: this.curSelectItemIndex=1this.mPicHeight562
11-28 15:15:38.397 D/cocos2d-x debug info(14128): JS: i=1
11-28 15:15:38.397 D/cocos2d-x debug info(14128): JS: FunTableView ctor
11-28 15:15:38.397 D/cocos2d-x debug info(14128): JS: FunTableView init
11-28 15:15:38.407 D/cocos2d-x debug info(14128): JS: HomeItemUI-- all--home_movie
11-28 15:15:38.407 D/cocos2d-x debug info(14128): cocos2d: fullPathForFilename: No file found at Arial. Possible missing file.
11-28 15:15:38.417 D/cocos2d-x debug info(14128): JS: updateStatus--
11-28 15:15:38.417 D/cocos2d-x debug info(14128): JS: 添加角标
11-28 15:15:38.417 D/CCFileUtilsAndroid.cpp(14128): relative path = res/img/special.png
11-28 15:15:38.427 D/cocos2d-x debug info(14128): JS: begin home url=http://img1.funshion.com/pictures/pocket/201411/aaef14ed2f0.png
11-28 15:15:38.427 D/JniHelper(14128): JniHelper::getJavaVM(), pthread_self() = 1529184920
11-28 15:15:38.427 D/cocos2d-x debug info(14128): JS: end home url=http://img1.funshion.com/pictures/pocket/201411/aaef14ed2f0.png
11-28 15:15:38.427 D/cocos2d-x debug info(14128): JS: HomeItemUI-- all--home_tv
11-28 15:15:38.437 D/cocos2d-x debug info(14128): cocos2d: fullPathForFilename: No file found at Arial. Possible missing file.
11-28 15:15:38.437 D/cocos2d-x debug info(14128): JS: updateStatus--（30集全）
11-28 15:15:38.437 D/cocos2d-x debug info(14128): JS: begin home url=http://img.funshion.com/pictures/media/list/106/858/106858_360_504_ott_poster.jpg?1411059812
11-28 15:15:38.437 D/JniHelper(14128): JniHelper::getJavaVM(), pthread_self() = 1529184920
11-28 15:15:38.437 D/cocos2d-x debug info(14128): JS: end home url=http://img.funshion.com/pictures/media/list/106/858/106858_360_504_ott_poster.jpg?1411059812
11-28 15:15:38.437 D/cocos2d-x debug info(14128): JS: HomeItemUI-- all--home_tv
11-28 15:15:38.447 D/cocos2d-x debug info(14128): cocos2d: fullPathForFilename: No file found at Arial. Possible missing file.
11-28 15:15:38.447 D/cocos2d-x debug info(14128): JS: updateStatus--（43集全）
11-28 15:15:38.447 D/cocos2d-x debug info(14128): JS: begin home url=http://img.funshion.com/pictures/media/list/113/031/113031_360_504_ott_poster.jpg?1406796893
11-28 15:15:38.447 D/JniHelper(14128): JniHelper::getJavaVM(), pthread_self() = 1529184920
11-28 15:15:38.447 D/cocos2d-x debug info(14128): JS: end home url=http://img.funshion.com/pictures/media/list/113/031/113031_360_504_ott_poster.jpg?1406796893
11-28 15:15:38.447 D/cocos2d-x debug info(14128): JS: HomeItemUI-- all--home_movie
11-28 15:15:38.457 D/cocos2d-x debug info(14128): cocos2d: fullPathForFilename: No file found at Arial. Possible missing file.
11-28 15:15:38.457 D/cocos2d-x debug info(14128): JS: updateStatus--
11-28 15:15:38.457 D/cocos2d-x debug info(14128): JS: begin home url=http://img.funshion.com/pictures/media/list/113/562/113562_360_504_ott_poster.jpg?1416798988
11-28 15:15:38.457 D/JniHelper(14128): JniHelper::getJavaVM(), pthread_self() = 1529184920
11-28 15:15:38.457 D/cocos2d-x debug info(14128): JS: end home url=http://img.funshion.com/pictures/media/list/113/562/113562_360_504_ott_poster.jpg?1416798988
11-28 15:15:38.467 D/cocos2d-x debug info(14128): JS: HomeItemUI-- all--home_variety_h
11-28 15:15:38.467 D/cocos2d-x debug info(14128): cocos2d: fullPathForFilename: No file found at Arial. Possible missing file.
11-28 15:15:38.467 D/mdns    ( 4397): mDNS_Execute
11-28 15:15:38.467 D/mdns    ( 4397): mDNS_Execute: Skipping LocalAuthRecord    4 Android-2.local. Addr 172.16.13.147
11-28 15:15:38.467 D/mdns    ( 4397): mDNS_Execute: Skipping LocalAuthRecord   16 Android-2.local. AAAA FE80:0000:0000:0000:026D:0EFF:FE03:A545
11-28 15:15:38.467 D/mdns    ( 4397): mDNS_Execute: Setting NewLocalRecords to    4 Android-2.local. Addr 172.16.13.147
11-28 15:15:38.467 D/cocos2d-x debug info(14128): JS: updateStatus--（20141123期）
11-28 15:15:38.477 D/cocos2d-x debug info(14128): JS: begin home url=http://img.funshion.com/pictures/media/list/115/335/115335_360_504_ott_poster.jpg?1416895126
11-28 15:15:38.477 D/JniHelper(14128): JniHelper::getJavaVM(), pthread_self() = 1529184920
11-28 15:15:38.477 D/cocos2d-x debug info(14128): JS: end home url=http://img.funshion.com/pictures/media/list/115/335/115335_360_504_ott_poster.jpg?1416895126
11-28 15:15:38.477 D/cocos2d-x debug info(14128): JS: HomeItemUI-- all--home_movie
11-28 15:15:38.477 D/dalvikvm(14128): GC_CONCURRENT freed 1801K, 50% free 9430K/18528K, paused 2ms+3ms, total 28ms
11-28 15:15:38.477 D/cocos2d-x debug info(14128): cocos2d: fullPathForFilename: No file found at Arial. Possible missing file.
11-28 15:15:38.487 D/cocos2d-x debug info(14128): JS: updateStatus--
11-28 15:15:38.487 D/cocos2d-x debug info(14128): JS: begin home url=http://img.funshion.com/pictures/media/list/111/054/111054_360_504_ott_poster.jpg?1415953979
11-28 15:15:38.487 D/JniHelper(14128): JniHelper::getJavaVM(), pthread_self() = 1529184920
11-28 15:15:38.487 D/cocos2d-x debug info(14128): JS: end home url=http://img.funshion.com/pictures/media/list/111/054/111054_360_504_ott_poster.jpg?1415953979
11-28 15:15:38.487 D/cocos2d-x debug info(14128): JS: HomeItemUI-- all--home_tv
11-28 15:15:38.487 D/cocos2d-x debug info(14128): cocos2d: fullPathForFilename: No file found at Arial. Possible missing file.
11-28 15:15:38.487 D/cocos2d-x debug info(14128): JS: updateStatus--（更新至28集）
11-28 15:15:38.497 D/cocos2d-x debug info(14128): JS: begin home url=http://img.funshion.com/pictures/media/list/110/571/110571_360_504_ott_poster.jpg?1411029898
11-28 15:15:38.497 D/JniHelper(14128): JniHelper::getJavaVM(), pthread_self() = 1529184920
11-28 15:15:38.497 D/cocos2d-x debug info(14128): JS: end home url=http://img.funshion.com/pictures/media/list/110/571/110571_360_504_ott_poster.jpg?1411029898
11-28 15:15:38.497 D/cocos2d-x debug info(14128): JS: HomeItemUI-- all--home_cartoon
11-28 15:15:38.497 D/cocos2d-x debug info(14128): cocos2d: fullPathForFilename: No file found at Arial. Possible missing file.
11-28 15:15:38.497 D/cocos2d-x debug info(14128): JS: updateStatus--（91集全）
11-28 15:15:38.497 D/cocos2d-x debug info(14128): JS: begin home url=http://img.funshion.com/pictures/media/list/959/08/95908_360_504_ott_poster.jpg?1405569337
11-28 15:15:38.497 D/JniHelper(14128): JniHelper::getJavaVM(), pthread_self() = 1529184920
11-28 15:15:38.507 D/cocos2d-x debug info(14128): JS: end home url=http://img.funshion.com/pictures/media/list/959/08/95908_360_504_ott_poster.jpg?1405569337
11-28 15:15:38.507 D/cocos2d-x debug info(14128): JS: HomeItemUI-- all--home_cartoon
11-28 15:15:38.507 D/cocos2d-x debug info(14128): cocos2d: fullPathForFilename: No file found at Arial. Possible missing file.
11-28 15:15:38.507 D/cocos2d-x debug info(14128): JS: updateStatus--（52集全）
11-28 15:15:38.507 D/cocos2d-x debug info(14128): JS: begin home url=http://img.funshion.com/pictures/media/list/115/462/115462_360_504_ott_poster.jpg?1405065293
11-28 15:15:38.517 D/JniHelper(14128): JniHelper::getJavaVM(), pthread_self() = 1529184920
11-28 15:15:38.517 D/cocos2d-x debug info(14128): JS: end home url=http://img.funshion.com/pictures/media/list/115/462/115462_360_504_ott_poster.jpg?1405065293
11-28 15:15:38.517 D/cocos2d-x debug info(14128): JS: HomeItemUI-- all--home_movie
11-28 15:15:38.517 D/cocos2d-x debug info(14128): cocos2d: fullPathForFilename: No file found at Arial. Possible missing file.
11-28 15:15:38.517 D/cocos2d-x debug info(14128): JS: updateStatus--
11-28 15:15:38.517 D/cocos2d-x debug info(14128): JS: begin home url=http://img.funshion.com/pictures/media/list/112/833/112833_360_504_ott_poster.jpg?1415986515
11-28 15:15:38.527 D/JniHelper(14128): JniHelper::getJavaVM(), pthread_self() = 1529184920
11-28 15:15:38.527 D/cocos2d-x debug info(14128): JS: end home url=http://img.funshion.com/pictures/media/list/112/833/112833_360_504_ott_poster.jpg?1415986515
11-28 15:15:38.527 D/cocos2d-x debug info(14128): JS: HomeItemUI-- all--home_cartoon
11-28 15:15:38.537 D/cocos2d-x debug info(14128): cocos2d: fullPathForFilename: No file found at Arial. Possible missing file.
11-28 15:15:38.537 D/cocos2d-x debug info(14128): JS: updateStatus--（157集全）
11-28 15:15:38.547 D/cocos2d-x debug info(14128): JS: begin home url=http://img.funshion.com/pictures/media/list/879/54/87954_360_504_ott_poster.jpg?1406705790
11-28 15:15:38.547 D/JniHelper(14128): JniHelper::getJavaVM(), pthread_self() = 1529184920
11-28 15:15:38.547 D/cocos2d-x debug info(14128): JS: end home url=http://img.funshion.com/pictures/media/list/879/54/87954_360_504_ott_poster.jpg?1406705790
11-28 15:15:38.547 D/cocos2d-x debug info(14128): JS: HomeItemUI-- all--home_tv
11-28 15:15:38.547 D/cocos2d-x debug info(14128): cocos2d: fullPathForFilename: No file found at Arial. Possible missing file.
11-28 15:15:38.557 D/cocos2d-x debug info(14128): JS: updateStatus--（41集全）
11-28 15:15:38.557 D/cocos2d-x debug info(14128): JS: begin home url=http://img.funshion.com/pictures/media/list/116/277/116277_360_504_ott_poster.jpg?1411899242
11-28 15:15:38.557 D/JniHelper(14128): JniHelper::getJavaVM(), pthread_self() = 1529184920
11-28 15:15:38.557 D/cocos2d-x debug info(14128): JS: end home url=http://img.funshion.com/pictures/media/list/116/277/116277_360_504_ott_poster.jpg?1411899242
11-28 15:15:38.557 D/cocos2d-x debug info(14128): JS: HomeItemUI-- all--home_variety_h
11-28 15:15:38.557 D/cocos2d-x debug info(14128): cocos2d: fullPathForFilename: No file found at Arial. Possible missing file.
11-28 15:15:38.567 D/cocos2d-x debug info(14128): JS: updateStatus--（20141127期）
11-28 15:15:38.567 D/cocos2d-x debug info(14128): JS: begin home url=http://img.funshion.com/pictures/media/list/115/270/115270_360_504_ott_poster.jpg?1417110652
11-28 15:15:38.567 D/JniHelper(14128): JniHelper::getJavaVM(), pthread_self() = 1529184920
11-28 15:15:38.567 D/cocos2d-x debug info(14128): JS: end home url=http://img.funshion.com/pictures/media/list/115/270/115270_360_504_ott_poster.jpg?1417110652
11-28 15:15:38.567 D/cocos2d-x debug info(14128): JS: HomeItemUI-- all--home_tv
11-28 15:15:38.567 D/cocos2d-x debug info(14128): cocos2d: fullPathForFilename: No file found at Arial. Possible missing file.
11-28 15:15:38.577 D/cocos2d-x debug info(14128): JS: updateStatus--（36集全）
11-28 15:15:38.577 D/cocos2d-x debug info(14128): JS: begin home url=http://img.funshion.com/pictures/media/list/115/982/115982_360_504_ott_poster.jpg?1409709778
11-28 15:15:38.577 D/JniHelper(14128): JniHelper::getJavaVM(), pthread_self() = 1529184920
11-28 15:15:38.577 D/cocos2d-x debug info(14128): JS: end home url=http://img.funshion.com/pictures/media/list/115/982/115982_360_504_ott_poster.jpg?1409709778
11-28 15:15:38.577 D/cocos2d-x debug info(14128): JS: HomeItemUI-- all--home_tv
11-28 15:15:38.577 D/cocos2d-x debug info(14128): cocos2d: fullPathForFilename: No file found at Arial. Possible missing file.
11-28 15:15:38.577 D/cocos2d-x debug info(14128): JS: updateStatus--（46集全）
11-28 15:15:38.577 D/cocos2d-x debug info(14128): JS: begin home url=http://img.funshion.com/pictures/media/list/111/738/111738_360_504_ott_poster.jpg?1411302290
11-28 15:15:38.587 D/JniHelper(14128): JniHelper::getJavaVM(), pthread_self() = 1529184920
11-28 15:15:38.587 D/cocos2d-x debug info(14128): JS: end home url=http://img.funshion.com/pictures/media/list/111/738/111738_360_504_ott_poster.jpg?1411302290
11-28 15:15:38.587 D/cocos2d-x debug info(14128): JS: HomeItemUI-- all--home_movie
11-28 15:15:38.587 D/cocos2d-x debug info(14128): cocos2d: fullPathForFilename: No file found at Arial. Possible missing file.
11-28 15:15:38.597 D/cocos2d-x debug info(14128): JS: updateStatus--
11-28 15:15:38.597 D/cocos2d-x debug info(14128): JS: begin home url=http://img.funshion.com/pictures/media/list/106/940/106940_360_504_ott_poster.jpg?1413946029
11-28 15:15:38.597 D/JniHelper(14128): JniHelper::getJavaVM(), pthread_self() = 1529184920
11-28 15:15:38.597 D/cocos2d-x debug info(14128): JS: end home url=http://img.funshion.com/pictures/media/list/106/940/106940_360_504_ott_poster.jpg?1413946029
11-28 15:15:38.607 D/cocos2d-x debug info(14128): JS: HomeItemUI-- all--home_movie
11-28 15:15:38.607 D/cocos2d-x debug info(14128): cocos2d: fullPathForFilename: No file found at Arial. Possible missing file.
11-28 15:15:38.607 D/cocos2d-x debug info(14128): JS: updateStatus--
11-28 15:15:38.607 D/cocos2d-x debug info(14128): JS: begin home url=http://img.funshion.com/pictures/media/list/115/456/115456_360_504_ott_poster.jpg?1411480058
11-28 15:15:38.607 D/JniHelper(14128): JniHelper::getJavaVM(), pthread_self() = 1529184920
11-28 15:15:38.607 D/cocos2d-x debug info(14128): JS: end home url=http://img.funshion.com/pictures/media/list/115/456/115456_360_504_ott_poster.jpg?1411480058
11-28 15:15:38.607 D/cocos2d-x debug info(14128): JS: ImageLoader:cancelImageLoad url=http://img.funshion.com/pictures/media/list/115/456/115456_360_504_ott_poster.jpg?1411480058
11-28 15:15:38.607 D/cocos2d-x debug info(14128): JS: ImageLoader:cancelImageLoad url=http://img.funshion.com/pictures/media/list/106/940/106940_360_504_ott_poster.jpg?1413946029
11-28 15:15:38.607 D/cocos2d-x debug info(14128): JS: ImageLoader:cancelImageLoad url=http://img.funshion.com/pictures/media/list/111/738/111738_360_504_ott_poster.jpg?1411302290
11-28 15:15:38.607 D/cocos2d-x debug info(14128): JS: ImageLoader:cancelImageLoad url=http://img.funshion.com/pictures/media/list/115/982/115982_360_504_ott_poster.jpg?1409709778
11-28 15:15:38.607 D/cocos2d-x debug info(14128): JS: ImageLoader:cancelImageLoad url=http://img.funshion.com/pictures/media/list/115/270/115270_360_504_ott_poster.jpg?1417110652
11-28 15:15:38.617 D/cocos2d-x debug info(14128): JS: ImageLoader:cancelImageLoad url=http://img.funshion.com/pictures/media/list/116/277/116277_360_504_ott_poster.jpg?1411899242
11-28 15:15:38.617 D/CCFileUtilsAndroid.cpp(14128): relative path = res/img/Focus_card.png
11-28 15:15:38.617 D/cocos2d-x debug info(14128): create rendererRecreatedListener for GLProgramState
11-28 15:15:38.617 D/cocos2d-x debug info(14128): JS: zhangmd:FunTableView:setFocusImageSize, size is:(340,562)
11-28 15:15:38.617 D/cocos2d-x debug info(14128): JS: zhangmd:FunTableView:setFocusImageSize, focussize is:(370,592)
11-28 15:15:38.617 D/cocos2d-x debug info(14128): JS: HomeMovTVCarVarH--setSelectedItem--true
11-28 15:15:38.617 D/cocos2d-x debug info(14128): cocos2d: fullPathForFilename: No file found at Arial. Possible missing file.
11-28 15:15:38.627 D/cocos2d-x debug info(14128): JS: zhangmd:FunTableView:calculateFullVisibleIndex begain,startidx=0,endidx=0,startidx2=0,endidx2=0
11-28 15:15:38.627 D/cocos2d-x debug info(14128): JS: calculateLastPageIndex 1
11-28 15:15:38.627 D/JniHelper(14128): JniHelper::getJavaVM(), pthread_self() = 1529184920
11-28 15:15:38.627 D/cocos2d-x debug info(14128): JS: HomeMainScene--keyboard--lifan.......
11-28 15:15:38.627 D/cocos2d-x debug info(14128): nativeTes2Callback  [290]home.onGetHomeJsonCallBack('{"retCode":"200","retMsg":"ok","rows":[{"row_code":"recommend_medias","row_name":"\u63a8\u8350","row_icon":"icon-recommend","row_style":"1","items":[{"mediaid":"","name_cn":"\u82f1\u8d85\u76f4\u64ad","adword":"\u82f1\u8d85\u7b2c13\u8f6e\u76f4\u64ad","karma":"","clarity":"","mtype":"special","action_type":"@special","item_style":"home_movie","countries":[],"tags":[],"update_status":"","action_data":"http:\/\/ott-api.fun.tv\/api\/v2\/special\/21045480","p_pic":"http:\/\/img1.funshion.com\/pictures\/pocket\/201411\/aaef14ed2f0.png","s_pic":"http:\/\/img1.funshion.com\/pictures\/pocket\/201411\/ce3569a650d.png","vip_tag":""},{"mediaid":"106858","name_cn":"\u5a5a\u59fb\u6599\u7406","adword":"\u7f8e\u53a8\u5a18\u95eb\u59ae\u60c5\u6311\u4e94\u5927\u53d4","karma":"8.2","clarity":"high-dvd","mtype":"tv","action_type":"@media_detail_page","action_data":"http:\/\/ott-api.fun.tv\/api\/v2\/subject\/106858","item_style":"home_tv","vip_tag":"","stp":"ott_cf_media","p_pic
11-28 15:15:38.627 D/cocos2d-x debug info(14128): JS: funtv.ImageLoader.sImagePath=/data/data/tv.fun.launcher/files/fun_download/57/5bc8097fdb73842e44e0060e0a17dc.png
11-28 15:15:38.637 D/cocos2d-x debug info(14128): nativeTes2Callback  [003]funtv.ImageLoader.imageCallback('/data/data/tv.fun.launcher/files/fun_download/57/5bc8097fdb73842e44e0060e0a17dc.png', 0, 0)
11-28 15:15:38.637 D/cocos2d-x debug info(14128): JS: funtv.ImageLoader.sImagePath=/data/data/tv.fun.launcher/files/fun_download/8c/cb080c35a2a18022a1abd56e467802.png
11-28 15:15:38.637 D/cocos2d-x debug info(14128): nativeTes2Callback  [001]funtv.ImageLoader.imageCallback('/data/data/tv.fun.launcher/files/fun_download/8c/cb080c35a2a18022a1abd56e467802.png', 0, 1)
11-28 15:15:38.637 D/cocos2d-x debug info(14128): JS: funtv.ImageLoader.sImagePath=/data/data/tv.fun.launcher/files/fun_download/a8/3ebf14e40a33d07ad4e019e5150357.png
11-28 15:15:38.637 D/cocos2d-x debug info(14128): nativeTes2Callback  [001]funtv.ImageLoader.imageCallback('/data/data/tv.fun.launcher/files/fun_download/a8/3ebf14e40a33d07ad4e019e5150357.png', 0, 2)
11-28 15:15:38.637 D/cocos2d-x debug info(14128): JS: funtv.ImageLoader.sImagePath=/data/data/tv.fun.launcher/files/fun_download/d9/74ba69abd71b0cb388ac8c877f5f96.png
11-28 15:15:38.637 D/cocos2d-x debug info(14128): nativeTes2Callback  [001]funtv.ImageLoader.imageCallback('/data/data/tv.fun.launcher/files/fun_download/d9/74ba69abd71b0cb388ac8c877f5f96.png', 0, 3)
11-28 15:15:38.637 D/cocos2d-x debug info(14128): JS: funtv.ImageLoader.sImagePath=/data/data/tv.fun.launcher/files/fun_download/cb/cac0ef74d5d451b3a1e7a655f9cbea.png
11-28 15:15:38.637 D/cocos2d-x debug info(14128): nativeTes2Callback  [001]funtv.ImageLoader.imageCallback('/data/data/tv.fun.launcher/files/fun_download/cb/cac0ef74d5d451b3a1e7a655f9cbea.png', 0, 4)
11-28 15:15:38.637 D/cocos2d-x debug info(14128): JS: funtv.ImageLoader.sImagePath=/data/data/tv.fun.launcher/files/fun_download/f2/957e4e2b89b4d3c1725ce11e309869.png
11-28 15:15:38.637 D/cocos2d-x debug info(14128): nativeTes2Callback  [001]funtv.ImageLoader.imageCallback('/data/data/tv.fun.launcher/files/fun_download/f2/957e4e2b89b4d3c1725ce11e309869.png', 0, 5)
11-28 15:15:38.637 D/cocos2d-x debug info(14128): JS: funtv.ImageLoader.sImagePath=/data/data/tv.fun.launcher/files/fun_download/2a/77d0779260ab9da7b3f99e6f45e176.png
11-28 15:15:38.637 D/mdns    ( 4397): mDNS_Execute
11-28 15:15:38.637 D/mdns    ( 4397): mDNS_Execute: Skipping LocalAuthRecord    4 Android-2.local. Addr 172.16.13.147
11-28 15:15:38.637 D/mdns    ( 4397): mDNS_Execute: Skipping LocalAuthRecord   16 Android-2.local. AAAA FE80:0000:0000:0000:026D:0EFF:FE03:A545
11-28 15:15:38.637 D/mdns    ( 4397): mDNS_Execute: Setting NewLocalRecords to    4 Android-2.local. Addr 172.16.13.147
11-28 15:15:38.637 D/mdns    ( 4397): SendQueries:   Put Question 006d0e03a545@MiniMax._raop._tcp.local. (SRV) probecount 2
11-28 15:15:38.637 D/mdns    ( 4397): SendQueries:   Put Question MiniMax._airplay._tcp.local. (SRV) probecount 2
11-28 15:15:38.637 D/mdns    ( 4397): SendQueries:   Put Question Android-2.local. (Addr) probecount 2
11-28 15:15:38.637 D/mdns    ( 4397): SendQueries:   Put Question Android-2.local. (AAAA) probecount 2
11-28 15:15:38.637 D/mdns    ( 4397): SendQueries:   Sending 4 Questions 0 Answers 4 Updates on 412B6F38
11-28 15:15:38.637 D/mdns    ( 4397): SocketDataReady got a packet from 172.16.13.147 to 224.0.0.251 on interface 172.16.13.147/wlan0/7/248
11-28 15:15:38.637 D/mdns    ( 4397): Received Query from 172.16.13.147  :5353  to 224.0.0.251    :5353  on 0x412B6F38 with  4 Questions,  0 Answers,  4 Authorities,  0 Additionals 172 bytes
11-28 15:15:38.637 D/mdns    ( 4397): SocketDataReady got a packet from FE80:0000:0000:0000:026D:0EFF:FE03:A545 to FF02:0000:0000:0000:0000:0000:0000:00FB on interface 172.16.13.147/wlan0/7/249
11-28 15:15:38.637 D/mdns    ( 4397): Received Query from FE80:0000:0000:0000:026D:0EFF:FE03:A545:5353  to FF02:0000:0000:0000:0000:0000:0000:00FB:5353  on 0x412B6F38 with  4 Questions,  0 Answers,  4 Authorities,  0 Additionals 172 bytes
11-28 15:15:38.637 D/cocos2d-x debug info(14128): nativeTes2Callback  [003]funtv.ImageLoader.imageCallback('/data/data/tv.fun.launcher/files/fun_download/2a/77d0779260ab9da7b3f99e6f45e176.png', 0, 6)
11-28 15:15:38.647 D/cocos2d-x debug info(14128): JS: funtv.ImageLoader.sImagePath=/data/data/tv.fun.launcher/files/fun_download/a9/b9752ecf3eb9f66bab4d707650ee8a.png
11-28 15:15:38.647 D/cocos2d-x debug info(14128): nativeTes2Callback  [002]funtv.ImageLoader.imageCallback('/data/data/tv.fun.launcher/files/fun_download/a9/b9752ecf3eb9f66bab4d707650ee8a.png', 0, 7)
11-28 15:15:38.647 D/cocos2d-x debug info(14128): JS: funtv.ImageLoader.sImagePath=/data/data/tv.fun.launcher/files/fun_download/fc/ec841cbfc9e1d252996afea68edca1.png
11-28 15:15:38.647 D/cocos2d-x debug info(14128): nativeTes2Callback  [002]funtv.ImageLoader.imageCallback('/data/data/tv.fun.launcher/files/fun_download/fc/ec841cbfc9e1d252996afea68edca1.png', 0, 8)
11-28 15:15:38.647 D/cocos2d-x debug info(14128): JS: funtv.ImageLoader.sImagePath=/data/data/tv.fun.launcher/files/fun_download/b0/359a27fd3f9d17d9eef4556d7667fa.png
11-28 15:15:38.647 D/cocos2d-x debug info(14128): nativeTes2Callback  [001]funtv.ImageLoader.imageCallback('/data/data/tv.fun.launcher/files/fun_download/b0/359a27fd3f9d17d9eef4556d7667fa.png', 0, 9)
11-28 15:15:38.647 D/cocos2d-x debug info(14128): JS: funtv.ImageLoader.sImagePath=/data/data/tv.fun.launcher/files/fun_download/1a/5ad647dae91adaffa33d7ec0aa31cc.png
11-28 15:15:38.657 D/cocos2d-x debug info(14128): nativeTes2Callback  [005]funtv.ImageLoader.imageCallback('/data/data/tv.fun.launcher/files/fun_download/1a/5ad647dae91adaffa33d7ec0aa31cc.png', 0, 10)
11-28 15:15:38.657 D/cocos2d-x debug info(14128): JS: hotSearchRecordCallBack json={"data":[{"action_data":"http://ott-api.fun.tv/api/v2/subject/116277","action_type":"@media_detail_page","cutpictime":1411899242,"from":0,"item_style":"hot_search","mediaid":"116277","mtype":"电视剧","name_cn":"我的特一营","p_pic":"http://img.funshion.com/pictures/media/list/116/277/116277_360_504_ott_poster.jpg?1411899242","releasedate":"2014","to":0,"type":"media"},{"action_data":"http://ott-api.fun.tv/api/v2/subject/114977","action_type":"@media_detail_page","cutpictime":1416555966,"from":0,"item_style":"hot_search","mediaid":"114977","mtype":"电影","name_cn":"老男孩之猛龙过江","p_pic":"http://img.funshion.com/pictures/media/list/114/977/114977_360_504_ott_poster.jpg?1416555966","releasedate":"2014","to":0,"type":"media"},{"action_data":"http://ott-api.fun.tv/api/v2/subject/115817","action_type":"@media_detail_page","cutpictime":1407307022,"from":0,"item_style":"hot_search","mediaid":"115817","mtype":"动漫","name_cn":"沪江网宝宝儿歌大全","p_pic
11-28 15:15:38.657 D/cocos2d-x debug info(14128): nativeTes2Callback  [006]home.hotSearchRecordCallBack('{"data":[{"action_data":"http:\/\/ott-api.fun.tv\/api\/v2\/subject\/116277","action_type":"@media_detail_page","cutpictime":1411899242,"from":0,"item_style":"hot_search","mediaid":"116277","mtype":"\u7535\u89C6\u5267","name_cn":"\u6211\u7684\u7279\u4E00\u8425","p_pic":"http:\/\/img.funshion.com\/pictures\/media\/list\/116\/277\/116277_360_504_ott_poster.jpg?1411899242","releasedate":"2014","to":0,"type":"media"},{"action_data":"http:\/\/ott-api.fun.tv\/api\/v2\/subject\/114977","action_type":"@media_detail_page","cutpictime":1416555966,"from":0,"item_style":"hot_search","mediaid":"114977","mtype":"\u7535\u5F71","name_cn":"\u8001\u7537\u5B69\u4E4B\u731B\u9F99\u8FC7\u6C5F","p_pic":"http:\/\/img.funshion.com\/pictures\/media\/list\/114\/977\/114977_360_504_ott_poster.jpg?1416555966","releasedate":"2014","to":0,"type":"media"},{"action_data":"http:\/\/ott-api.fun.tv\/api\/v2\/subject\/115817","action_type":"@media_detail_page","cutpictime":1407307022,"from":
11-28 15:15:38.657 D/cocos2d-x debug info(14128): JS: funtv.ImageLoader.sImagePath=/data/data/tv.fun.launcher/files/fun_download/90/c2a2ddfe2422257d39bd0c9f5d84fc.png
11-28 15:15:38.657 D/cocos2d-x debug info(14128): nativeTes2Callback  [001]funtv.ImageLoader.imageCallback('/data/data/tv.fun.launcher/files/fun_download/90/c2a2ddfe2422257d39bd0c9f5d84fc.png', 0, 11)
11-28 15:15:38.657 D/cocos2d-x debug info(14128): JS: funtv.ImageLoader.sImagePath=/data/data/tv.fun.launcher/files/fun_download/8f/43a9c097dfd231f46ed3870313a982.png
11-28 15:15:38.657 D/cocos2d-x debug info(14128): nativeTes2Callback  [001]funtv.ImageLoader.imageCallback('/data/data/tv.fun.launcher/files/fun_download/8f/43a9c097dfd231f46ed3870313a982.png', 0, 12)
11-28 15:15:38.667 D/cocos2d-x debug info(14128): JS: funtv.ImageLoader.sImagePath=/data/data/tv.fun.launcher/files/fun_download/f6/9a813427674cc4bdaeca5bc1acb4cd.png
11-28 15:15:38.667 D/cocos2d-x debug info(14128): nativeTes2Callback  [002]funtv.ImageLoader.imageCallback('/data/data/tv.fun.launcher/files/fun_download/f6/9a813427674cc4bdaeca5bc1acb4cd.png', 0, 13)
11-28 15:15:38.667 D/cocos2d-x debug info(14128): JS: funtv.ImageLoader.sImagePath=/data/data/tv.fun.launcher/files/fun_download/d9/32582dc75e2e18a1a5091ace155775.png
11-28 15:15:38.667 D/cocos2d-x debug info(14128): nativeTes2Callback  [002]funtv.ImageLoader.imageCallback('/data/data/tv.fun.launcher/files/fun_download/d9/32582dc75e2e18a1a5091ace155775.png', 0, 14)
11-28 15:15:38.667 D/cocos2d-x debug info(14128): JS: funtv.ImageLoader.sImagePath=/data/data/tv.fun.launcher/files/fun_download/ac/6f860752669c68bc0b7a15143f961d.png
11-28 15:15:38.677 D/cocos2d-x debug info(14128): nativeTes2Callback  [003]funtv.ImageLoader.imageCallback('/data/data/tv.fun.launcher/files/fun_download/ac/6f860752669c68bc0b7a15143f961d.png', 0, 15)
11-28 15:15:38.677 D/cocos2d-x debug info(14128): JS: funtv.ImageLoader.sImagePath=/data/data/tv.fun.launcher/files/fun_download/f3/ecf40f25dfc0421e52a9eff4e354f1.png
11-28 15:15:38.677 D/cocos2d-x debug info(14128): nativeTes2Callback  [002]funtv.ImageLoader.imageCallback('/data/data/tv.fun.launcher/files/fun_download/f3/ecf40f25dfc0421e52a9eff4e354f1.png', 0, 16)
11-28 15:15:38.677 D/JniHelper(14128): JniHelper::getJavaVM(), pthread_self() = 1529184920
11-28 15:15:38.677 D/cocos2d-x debug info(14128): JS: HomeMainScene--onEnter--lifan
11-28 15:15:38.677 D/cocos2d-x debug info(14128): JS: 123456789
11-28 15:15:38.707 E/system  (14128): message: Protocol not found: , cause: null
11-28 15:15:38.717 E/system  (14128): message: Protocol not found: , cause: null
11-28 15:15:38.717 E/system  (14128): message: Protocol not found: , cause: null
11-28 15:15:38.717 D/cocos2d-x debug info(14128): trace_frame: 55.557785
11-28 15:15:38.737 E/system  (14128): message: Protocol not found: , cause: null
11-28 15:15:38.737 E/system  (14128): message: Protocol not found: , cause: null
11-28 15:15:38.737 D/mdns    ( 4397): mDNS_Execute
11-28 15:15:38.737 D/mdns    ( 4397): mDNS_Execute: Skipping LocalAuthRecord    4 Android-2.local. Addr 172.16.13.147
11-28 15:15:38.737 D/mdns    ( 4397): mDNS_Execute: Skipping LocalAuthRecord   16 Android-2.local. AAAA FE80:0000:0000:0000:026D:0EFF:FE03:A545
11-28 15:15:38.737 D/mdns    ( 4397): mDNS_Execute: Setting NewLocalRecords to    4 Android-2.local. Addr 172.16.13.147
11-28 15:15:38.757 E/system  (14128): message: Protocol not found: , cause: null
11-28 15:15:38.767 E/system  (14128): message: Protocol not found: , cause: null
11-28 15:15:38.767 E/system  (14128): message: Protocol not found: , cause: null
11-28 15:15:38.787 E/system  (14128): message: Protocol not found: , cause: null
11-28 15:15:38.787 E/system  (14128): message: Protocol not found: , cause: null
11-28 15:15:38.787 E/system  (14128): message: Protocol not found: , cause: null
11-28 15:15:38.787 E/system  (14128): message: Protocol not found: , cause: null
11-28 15:15:38.787 E/system  (14128): message: Protocol not found: , cause: null
11-28 15:15:38.827 D/dalvikvm(14128): GC_CONCURRENT freed 1725K, 50% free 9418K/18528K, paused 4ms+5ms, total 59ms
11-28 15:15:38.837 D/cocos2d-x debug info(14128): trace_frame: 58.761311
11-28 15:15:38.887 D/mdns    ( 4397): mDNS_Execute
11-28 15:15:38.887 D/mdns    ( 4397): mDNS_Execute: Skipping LocalAuthRecord    4 Android-2.local. Addr 172.16.13.147
11-28 15:15:38.887 D/mdns    ( 4397): mDNS_Execute: Skipping LocalAuthRecord   16 Android-2.local. AAAA FE80:0000:0000:0000:026D:0EFF:FE03:A545
11-28 15:15:38.887 D/mdns    ( 4397): mDNS_Execute: Setting NewLocalRecords to    4 Android-2.local. Addr 172.16.13.147
11-28 15:15:38.887 D/mdns    ( 4397): SendQueries:   Put Question 006d0e03a545@MiniMax._raop._tcp.local. (SRV) probecount 1
11-28 15:15:38.887 D/mdns    ( 4397): SendQueries:   Put Question MiniMax._airplay._tcp.local. (SRV) probecount 1
11-28 15:15:38.887 D/mdns    ( 4397): SendQueries:   Put Question Android-2.local. (Addr) probecount 1
11-28 15:15:38.887 D/mdns    ( 4397): SendQueries:   Put Question Android-2.local. (AAAA) probecount 1
11-28 15:15:38.887 D/mdns    ( 4397): SendQueries:   Sending 4 Questions 0 Answers 4 Updates on 412B6F38
11-28 15:15:38.897 D/mdns    ( 4397): SocketDataReady got a packet from 172.16.13.147 to 224.0.0.251 on interface 172.16.13.147/wlan0/7/248
11-28 15:15:38.897 D/mdns    ( 4397): Received Query from 172.16.13.147  :5353  to 224.0.0.251    :5353  on 0x412B6F38 with  4 Questions,  0 Answers,  4 Authorities,  0 Additionals 172 bytes
11-28 15:15:38.897 D/mdns    ( 4397): SocketDataReady got a packet from FE80:0000:0000:0000:026D:0EFF:FE03:A545 to FF02:0000:0000:0000:0000:0000:0000:00FB on interface 172.16.13.147/wlan0/7/249
11-28 15:15:38.897 D/mdns    ( 4397): Received Query from FE80:0000:0000:0000:026D:0EFF:FE03:A545:5353  to FF02:0000:0000:0000:0000:0000:0000:00FB:5353  on 0x412B6F38 with  4 Questions,  0 Answers,  4 Authorities,  0 Additionals 172 bytes
11-28 15:15:38.897 D/mdns    ( 4397): SocketDataReady got a packet from 172.16.13.203 to 224.0.0.251 on interface 172.16.13.147/wlan0/7/248
11-28 15:15:38.897 D/mdns    ( 4397): Received Response from 172.16.13.203   addressed to 224.0.0.251     on 412B6F38 with  0 Questions,  3 Answers,  0 Authorities,  0 Additionals 290 bytes LLQType 0
11-28 15:15:38.937 D/cocos2d-x debug info(14128): trace_frame: 61.640884
11-28 15:15:38.967 D/dalvikvm(22184): GC_CONCURRENT freed 686K, 19% free 6636K/8128K, paused 13ms+4ms, total 63ms
11-28 15:15:38.987 D/JniHelper(14128): JniHelper::getJavaVM(), pthread_self() = 1529184920
11-28 15:15:38.987 D/mdns    ( 4397): mDNS_Execute
11-28 15:15:38.987 D/mdns    ( 4397): mDNS_Execute: Skipping LocalAuthRecord    4 Android-2.local. Addr 172.16.13.147
11-28 15:15:38.987 D/mdns    ( 4397): mDNS_Execute: Skipping LocalAuthRecord   16 Android-2.local. AAAA FE80:0000:0000:0000:026D:0EFF:FE03:A545
11-28 15:15:38.987 D/mdns    ( 4397): mDNS_Execute: Setting NewLocalRecords to    4 Android-2.local. Addr 172.16.13.147
11-28 15:15:38.997 D/cocos2d-x debug info(14128): JS: getHomeSearchRecord={"items":[]}
11-28 15:15:38.997 D/cocos2d-x debug info(14128): JS: getHomeSearchRecord jsonString=0
11-28 15:15:38.997 D/cocos2d-x debug info(14128): JS: mergeHomeSearchData: items=4
11-28 15:15:38.997 D/cocos2d-x debug info(14128): JS: FunTableView ctor
11-28 15:15:38.997 D/cocos2d-x debug info(14128): JS: FunTableView init
11-28 15:15:39.007 D/cocos2d-x debug info(14128): JS: HomeItemUI-- all--search_style
11-28 15:15:39.007 D/cocos2d-x debug info(14128): JS: HomeMoreH--search
11-28 15:15:39.007 D/cocos2d-x debug info(14128): JS: HomeItemUI-- all--hot_search
11-28 15:15:39.007 D/cocos2d-x debug info(14128): cocos2d: fullPathForFilename: No file found at Arial. Possible missing file.
11-28 15:15:39.017 D/cocos2d-x debug info(14128): JS: updateStatus--
11-28 15:15:39.017 D/cocos2d-x debug info(14128): JS: begin home url=http://img.funshion.com/pictures/media/list/116/277/116277_360_504_ott_poster.jpg?1411899242
11-28 15:15:39.017 D/JniHelper(14128): JniHelper::getJavaVM(), pthread_self() = 1529184920
11-28 15:15:39.017 D/cocos2d-x debug info(14128): JS: end home url=http://img.funshion.com/pictures/media/list/116/277/116277_360_504_ott_poster.jpg?1411899242
11-28 15:15:39.017 D/cocos2d-x debug info(14128): JS: HomeItemUI-- all--hot_search
11-28 15:15:39.027 D/cocos2d-x debug info(14128): cocos2d: fullPathForFilename: No file found at Arial. Possible missing file.
11-28 15:15:39.027 D/cocos2d-x debug info(14128): JS: updateStatus--
11-28 15:15:39.027 D/cocos2d-x debug info(14128): JS: begin home url=http://img.funshion.com/pictures/media/list/114/977/114977_360_504_ott_poster.jpg?1416555966
11-28 15:15:39.027 D/JniHelper(14128): JniHelper::getJavaVM(), pthread_self() = 1529184920
11-28 15:15:39.027 D/cocos2d-x debug info(14128): JS: end home url=http://img.funshion.com/pictures/media/list/114/977/114977_360_504_ott_poster.jpg?1416555966
11-28 15:15:39.027 D/cocos2d-x debug info(14128): JS: HomeItemUI-- all--hot_search
11-28 15:15:39.037 D/cocos2d-x debug info(14128): cocos2d: fullPathForFilename: No file found at Arial. Possible missing file.
11-28 15:15:39.037 D/cocos2d-x debug info(14128): JS: updateStatus--
11-28 15:15:39.037 D/cocos2d-x debug info(14128): JS: begin home url=http://img.funshion.com/pictures/media/list/115/817/115817_360_504_ott_poster.jpg?1407307022
11-28 15:15:39.037 D/JniHelper(14128): JniHelper::getJavaVM(), pthread_self() = 1529184920
11-28 15:15:39.037 D/cocos2d-x debug info(14128): JS: end home url=http://img.funshion.com/pictures/media/list/115/817/115817_360_504_ott_poster.jpg?1407307022
11-28 15:15:39.037 D/cocos2d-x debug info(14128): JS: HomeItemUI-- all--hot_search
11-28 15:15:39.047 D/cocos2d-x debug info(14128): cocos2d: fullPathForFilename: No file found at Arial. Possible missing file.
11-28 15:15:39.047 D/cocos2d-x debug info(14128): JS: updateStatus--
11-28 15:15:39.047 D/cocos2d-x debug info(14128): JS: begin home url=http://img.funshion.com/pictures/media/list/115/335/115335_360_504_ott_poster.jpg?1416895126
11-28 15:15:39.047 D/JniHelper(14128): JniHelper::getJavaVM(), pthread_self() = 1529184920
11-28 15:15:39.047 D/cocos2d-x debug info(14128): JS: end home url=http://img.funshion.com/pictures/media/list/115/335/115335_360_504_ott_poster.jpg?1416895126
11-28 15:15:39.057 D/cocos2d-x debug info(14128): JS: zhangmd:FunTableView:setFocusImageSize, size is:(340,562)
11-28 15:15:39.057 D/cocos2d-x debug info(14128): JS: zhangmd:FunTableView:setFocusImageSize, focussize is:(370,592)
11-28 15:15:39.057 D/cocos2d-x debug info(14128): JS: HomeMoreH--45true
11-28 15:15:39.057 D/cocos2d-x debug info(14128): JS: zhangmd:FunTableView:calculateFullVisibleIndex begain,startidx=0,endidx=0,startidx2=0,endidx2=0
11-28 15:15:39.057 D/cocos2d-x debug info(14128): JS: FunTableView ctor
11-28 15:15:39.057 D/cocos2d-x debug info(14128): JS: FunTableView init
11-28 15:15:39.057 D/cocos2d-x debug info(14128): JS: HomeItemUI-- all--home_more_h
11-28 15:15:39.057 D/cocos2d-x debug info(14128): JS: HomeMoreH--hot_movie
11-28 15:15:39.067 D/cocos2d-x debug info(14128): JS: HomeItemUI-- all--home_movie
11-28 15:15:39.067 D/cocos2d-x debug info(14128): cocos2d: fullPathForFilename: No file found at Arial. Possible missing file.
11-28 15:15:39.067 D/cocos2d-x debug info(14128): JS: updateStatus--
11-28 15:15:39.067 D/cocos2d-x debug info(14128): JS: begin home url=http://img.funshion.com/pictures/media/list/113/562/113562_360_504_ott_poster.jpg?1416798988
11-28 15:15:39.067 D/JniHelper(14128): JniHelper::getJavaVM(), pthread_self() = 1529184920
11-28 15:15:39.067 D/cocos2d-x debug info(14128): JS: end home url=http://img.funshion.com/pictures/media/list/113/562/113562_360_504_ott_poster.jpg?1416798988
11-28 15:15:39.067 D/cocos2d-x debug info(14128): JS: HomeItemUI-- all--home_movie
11-28 15:15:39.077 D/cocos2d-x debug info(14128): cocos2d: fullPathForFilename: No file found at Arial. Possible missing file.
11-28 15:15:39.077 D/cocos2d-x debug info(14128): JS: updateStatus--
11-28 15:15:39.077 D/cocos2d-x debug info(14128): JS: begin home url=http://img.funshion.com/pictures/media/list/111/054/111054_360_504_ott_poster.jpg?1415953979
11-28 15:15:39.077 D/JniHelper(14128): JniHelper::getJavaVM(), pthread_self() = 1529184920
11-28 15:15:39.077 D/cocos2d-x debug info(14128): JS: end home url=http://img.funshion.com/pictures/media/list/111/054/111054_360_504_ott_poster.jpg?1415953979
11-28 15:15:39.077 D/cocos2d-x debug info(14128): JS: HomeItemUI-- all--home_movie
11-28 15:15:39.077 D/cocos2d-x debug info(14128): cocos2d: fullPathForFilename: No file found at Arial. Possible missing file.
11-28 15:15:39.087 D/cocos2d-x debug info(14128): JS: updateStatus--
11-28 15:15:39.087 D/cocos2d-x debug info(14128): JS: begin home url=http://img.funshion.com/pictures/media/list/109/978/109978_360_504_ott_poster.jpg?1415990605
11-28 15:15:39.087 D/JniHelper(14128): JniHelper::getJavaVM(), pthread_self() = 1529184920
11-28 15:15:39.087 D/cocos2d-x debug info(14128): JS: end home url=http://img.funshion.com/pictures/media/list/109/978/109978_360_504_ott_poster.jpg?1415990605
11-28 15:15:39.087 D/cocos2d-x debug info(14128): JS: HomeItemUI-- all--home_movie
11-28 15:15:39.087 D/cocos2d-x debug info(14128): cocos2d: fullPathForFilename: No file found at Arial. Possible missing file.
11-28 15:15:39.087 D/cocos2d-x debug info(14128): JS: updateStatus--
11-28 15:15:39.087 D/cocos2d-x debug info(14128): JS: begin home url=http://img.funshion.com/pictures/media/list/111/592/111592_360_504_ott_poster.jpg?1415934848
11-28 15:15:39.087 D/JniHelper(14128): JniHelper::getJavaVM(), pthread_self() = 1529184920
11-28 15:15:39.097 D/cocos2d-x debug info(14128): JS: end home url=http://img.funshion.com/pictures/media/list/111/592/111592_360_504_ott_poster.jpg?1415934848
11-28 15:15:39.097 D/cocos2d-x debug info(14128): JS: HomeItemUI-- all--home_movie
11-28 15:15:39.097 D/cocos2d-x debug info(14128): cocos2d: fullPathForFilename: No file found at Arial. Possible missing file.
11-28 15:15:39.097 D/cocos2d-x debug info(14128): JS: updateStatus--
11-28 15:15:39.097 D/cocos2d-x debug info(14128): JS: begin home url=http://img.funshion.com/pictures/media/list/115/712/115712_360_504_ott_poster.jpg?1416374592
11-28 15:15:39.097 D/JniHelper(14128): JniHelper::getJavaVM(), pthread_self() = 1529184920
11-28 15:15:39.097 D/cocos2d-x debug info(14128): JS: end home url=http://img.funshion.com/pictures/media/list/115/712/115712_360_504_ott_poster.jpg?1416374592
11-28 15:15:39.097 D/cocos2d-x debug info(14128): JS: HomeItemUI-- all--home_movie
11-28 15:15:39.107 D/cocos2d-x debug info(14128): cocos2d: fullPathForFilename: No file found at Arial. Possible missing file.
11-28 15:15:39.107 D/cocos2d-x debug info(14128): JS: updateStatus--
11-28 15:15:39.107 D/cocos2d-x debug info(14128): JS: begin home url=http://img.funshion.com/pictures/media/list/106/935/106935_360_504_ott_poster.jpg?1415934630
11-28 15:15:39.107 D/JniHelper(14128): JniHelper::getJavaVM(), pthread_self() = 1529184920
11-28 15:15:39.107 D/cocos2d-x debug info(14128): JS: end home url=http://img.funshion.com/pictures/media/list/106/935/106935_360_504_ott_poster.jpg?1415934630
11-28 15:15:39.107 D/cocos2d-x debug info(14128): JS: HomeItemUI-- all--home_movie
11-28 15:15:39.107 D/cocos2d-x debug info(14128): cocos2d: fullPathForFilename: No file found at Arial. Possible missing file.
11-28 15:15:39.117 D/cocos2d-x debug info(14128): JS: updateStatus--
11-28 15:15:39.117 D/cocos2d-x debug info(14128): JS: begin home url=http://img.funshion.com/pictures/media/list/115/582/115582_360_504_ott_poster.jpg?1415954943
11-28 15:15:39.117 D/JniHelper(14128): JniHelper::getJavaVM(), pthread_self() = 1529184920
11-28 15:15:39.117 D/cocos2d-x debug info(14128): JS: end home url=http://img.funshion.com/pictures/media/list/115/582/115582_360_504_ott_poster.jpg?1415954943
11-28 15:15:39.117 D/cocos2d-x debug info(14128): JS: HomeItemUI-- all--home_movie
11-28 15:15:39.117 D/cocos2d-x debug info(14128): cocos2d: fullPathForFilename: No file found at Arial. Possible missing file.
11-28 15:15:39.117 D/cocos2d-x debug info(14128): JS: updateStatus--
11-28 15:15:39.117 D/cocos2d-x debug info(14128): JS: begin home url=http://img.funshion.com/pictures/media/list/115/456/115456_360_504_ott_poster.jpg?1411480058
11-28 15:15:39.117 D/JniHelper(14128): JniHelper::getJavaVM(), pthread_self() = 1529184920
11-28 15:15:39.127 D/cocos2d-x debug info(14128): JS: end home url=http://img.funshion.com/pictures/media/list/115/456/115456_360_504_ott_poster.jpg?1411480058
11-28 15:15:39.127 D/cocos2d-x debug info(14128): JS: HomeItemUI-- all--home_movie
11-28 15:15:39.127 D/cocos2d-x debug info(14128): cocos2d: fullPathForFilename: No file found at Arial. Possible missing file.
11-28 15:15:39.127 D/cocos2d-x debug info(14128): JS: updateStatus--
11-28 15:15:39.127 D/cocos2d-x debug info(14128): JS: begin home url=http://img.funshion.com/pictures/media/list/112/833/112833_360_504_ott_poster.jpg?1415986515
11-28 15:15:39.127 D/JniHelper(14128): JniHelper::getJavaVM(), pthread_self() = 1529184920
11-28 15:15:39.127 D/cocos2d-x debug info(14128): JS: end home url=http://img.funshion.com/pictures/media/list/112/833/112833_360_504_ott_poster.jpg?1415986515
11-28 15:15:39.127 D/cocos2d-x debug info(14128): JS: HomeItemUI-- all--home_movie
11-28 15:15:39.127 D/cocos2d-x debug info(14128): cocos2d: fullPathForFilename: No file found at Arial. Possible missing file.
11-28 15:15:39.137 D/cocos2d-x debug info(14128): JS: updateStatus--
11-28 15:15:39.137 D/cocos2d-x debug info(14128): JS: begin home url=http://img.funshion.com/pictures/media/list/108/657/108657_360_504_ott_poster.jpg?1415929287
11-28 15:15:39.137 D/JniHelper(14128): JniHelper::getJavaVM(), pthread_self() = 1529184920
11-28 15:15:39.137 D/cocos2d-x debug info(14128): JS: end home url=http://img.funshion.com/pictures/media/list/108/657/108657_360_504_ott_poster.jpg?1415929287
11-28 15:15:39.137 D/cocos2d-x debug info(14128): JS: HomeItemUI-- all--home_movie
11-28 15:15:39.137 D/cocos2d-x debug info(14128): cocos2d: fullPathForFilename: No file found at Arial. Possible missing file.
11-28 15:15:39.137 D/mdns    ( 4397): mDNS_Execute
11-28 15:15:39.137 D/mdns    ( 4397): mDNS_Execute: Skipping LocalAuthRecord    4 Android-2.local. Addr 172.16.13.147
11-28 15:15:39.137 D/mdns    ( 4397): mDNS_Execute: Skipping LocalAuthRecord   16 Android-2.local. AAAA FE80:0000:0000:0000:026D:0EFF:FE03:A545
11-28 15:15:39.137 D/mdns    ( 4397): mDNS_Execute: Setting NewLocalRecords to    4 Android-2.local. Addr 172.16.13.147
11-28 15:15:39.137 D/mdns    ( 4397): mDNS_HostNameCallback: Android-2.local. (Addr) Name registered (0)
11-28 15:15:39.137 D/mdns    ( 4397): mDNS_HostNameCallback: Android-2.local. (AAAA) Name registered (0)
11-28 15:15:39.137 D/mdns    ( 4397): SendQueries:   Put Question 006d0e03a545@MiniMax._raop._tcp.local. (SRV) probecount 0
11-28 15:15:39.137 D/mdns    ( 4397): SendQueries:   Put Question MiniMax._airplay._tcp.local. (SRV) probecount 0
11-28 15:15:39.137 D/mdns    ( 4397): SendQueries:   Put Question Android-2.local. (Addr) probecount 0
11-28 15:15:39.137 D/mdns    ( 4397): SendQueries:   Put Question Android-2.local. (AAAA) probecount 0
11-28 15:15:39.137 D/mdns    ( 4397): SendQueries:   Sending 4 Questions 0 Answers 4 Updates on 412B6F38
11-28 15:15:39.147 D/mdns    ( 4397): SocketDataReady got a packet from 172.16.13.147 to 224.0.0.251 on interface 172.16.13.147/wlan0/7/248
11-28 15:15:39.147 D/mdns    ( 4397): Received Query from 172.16.13.147  :5353  to 224.0.0.251    :5353  on 0x412B6F38 with  4 Questions,  0 Answers,  4 Authorities,  0 Additionals 172 bytes
11-28 15:15:39.147 D/mdns    ( 4397): SocketDataReady got a packet from FE80:0000:0000:0000:026D:0EFF:FE03:A545 to FF02:0000:0000:0000:0000:0000:0000:00FB on interface 172.16.13.147/wlan0/7/249
11-28 15:15:39.147 D/mdns    ( 4397): Received Query from FE80:0000:0000:0000:026D:0EFF:FE03:A545:5353  to FF02:0000:0000:0000:0000:0000:0000:00FB:5353  on 0x412B6F38 with  4 Questions,  0 Answers,  4 Authorities,  0 Additionals 172 bytes
11-28 15:15:39.157 D/cocos2d-x debug info(14128): JS: updateStatus--
11-28 15:15:39.157 D/cocos2d-x debug info(14128): JS: begin home url=http://img.funshion.com/pictures/media/list/114/040/114040_360_504_ott_poster.jpg?1415806782
11-28 15:15:39.157 D/dalvikvm(21595): GC_CONCURRENT freed 387K, 17% free 5273K/6280K, paused 3ms+3ms, total 22ms
11-28 15:15:39.157 D/JniHelper(14128): JniHelper::getJavaVM(), pthread_self() = 1529184920
11-28 15:15:39.157 D/cocos2d-x debug info(14128): JS: end home url=http://img.funshion.com/pictures/media/list/114/040/114040_360_504_ott_poster.jpg?1415806782
11-28 15:15:39.167 D/cocos2d-x debug info(14128): JS: HomeItemUI-- all--home_movie
11-28 15:15:39.167 D/cocos2d-x debug info(14128): cocos2d: fullPathForFilename: No file found at Arial. Possible missing file.
11-28 15:15:39.167 D/cocos2d-x debug info(14128): JS: updateStatus--
11-28 15:15:39.167 D/cocos2d-x debug info(14128): JS: begin home url=http://img.funshion.com/pictures/media/list/107/885/107885_360_504_ott_poster.jpg?1416678784
11-28 15:15:39.167 D/JniHelper(14128): JniHelper::getJavaVM(), pthread_self() = 1529184920
11-28 15:15:39.167 D/cocos2d-x debug info(14128): JS: end home url=http://img.funshion.com/pictures/media/list/107/885/107885_360_504_ott_poster.jpg?1416678784
11-28 15:15:39.167 D/cocos2d-x debug info(14128): JS: HomeItemUI-- all--home_movie
11-28 15:15:39.167 D/cocos2d-x debug info(14128): cocos2d: fullPathForFilename: No file found at Arial. Possible missing file.
11-28 15:15:39.177 D/cocos2d-x debug info(14128): JS: updateStatus--
11-28 15:15:39.177 D/cocos2d-x debug info(14128): JS: begin home url=http://img.funshion.com/pictures/media/list/114/977/114977_360_504_ott_poster.jpg?1416555966
11-28 15:15:39.177 D/JniHelper(14128): JniHelper::getJavaVM(), pthread_self() = 1529184920
11-28 15:15:39.177 D/cocos2d-x debug info(14128): JS: end home url=http://img.funshion.com/pictures/media/list/114/977/114977_360_504_ott_poster.jpg?1416555966
11-28 15:15:39.177 D/cocos2d-x debug info(14128): JS: HomeItemUI-- all--home_movie
11-28 15:15:39.177 D/cocos2d-x debug info(14128): cocos2d: fullPathForFilename: No file found at Arial. Possible missing file.
11-28 15:15:39.177 D/cocos2d-x debug info(14128): JS: updateStatus--
11-28 15:15:39.177 D/cocos2d-x debug info(14128): JS: begin home url=http://img.funshion.com/pictures/media/list/116/694/116694_360_504_ott_poster.jpg?1415849476
11-28 15:15:39.187 D/JniHelper(14128): JniHelper::getJavaVM(), pthread_self() = 1529184920
11-28 15:15:39.187 D/cocos2d-x debug info(14128): JS: end home url=http://img.funshion.com/pictures/media/list/116/694/116694_360_504_ott_poster.jpg?1415849476
11-28 15:15:39.187 D/cocos2d-x debug info(14128): JS: HomeItemUI-- all--home_movie
11-28 15:15:39.187 D/cocos2d-x debug info(14128): cocos2d: fullPathForFilename: No file found at Arial. Possible missing file.
11-28 15:15:39.187 D/cocos2d-x debug info(14128): JS: updateStatus--
11-28 15:15:39.187 D/cocos2d-x debug info(14128): JS: begin home url=http://img.funshion.com/pictures/media/list/116/173/116173_360_504_ott_poster.jpg?1416730820
11-28 15:15:39.187 D/JniHelper(14128): JniHelper::getJavaVM(), pthread_self() = 1529184920
11-28 15:15:39.187 D/cocos2d-x debug info(14128): JS: end home url=http://img.funshion.com/pictures/media/list/116/173/116173_360_504_ott_poster.jpg?1416730820
11-28 15:15:39.187 D/cocos2d-x debug info(14128): JS: HomeItemUI-- all--home_movie
