11-28 15:22:09.217 D/cocos2d-x debug info(14128): trace_frame: 59.986202
11-28 15:22:09.317 D/cocos2d-x debug info(14128): trace_frame: 59.808613
11-28 15:22:09.437 D/cocos2d-x debug info(14128): trace_frame: 60.141594
11-28 15:22:09.527 I/mdns    ( 4397): mDNS_DeregisterInterface: Another representative of InterfaceID 412B9B88 wlan0 (172.16.13.147) exists; making it active
11-28 15:22:09.527 D/mdns    ( 4397): mDNS_Deregister_internal: Deleting record for    4 Android-2.local. Addr 172.16.13.147
11-28 15:22:09.527 I/mdns    ( 4397): mDNS_Deregister_internal: mStatus_MemFree for    4 Android-2.local. Addr 172.16.13.147
11-28 15:22:09.527 D/mdns    ( 4397): mDNS_HostNameCallback: Android-2.local. (Addr) Unknown result (-65792)
11-28 15:22:09.527 D/mdns    ( 4397): mDNS_HostNameCallback: MemFree (ignored)
11-28 15:22:09.527 D/mdns    ( 4397): mDNS_Deregister_internal: Deleting record for   17 147.13.16.172.in-addr.arpa. PTR Android-2.local.
11-28 15:22:09.527 I/mdns    ( 4397): mDNS_Deregister_internal: mStatus_MemFree for   17 147.13.16.172.in-addr.arpa. PTR Android-2.local.
11-28 15:22:09.527 D/mdns    ( 4397): mDNS_Reconfirm_internal: 39322 ticks to go for   30 1048b111c283@客厅的小米盒子._raop._tcp.local. SRV 0 0 5000 milink-200077498.local. 00000000
11-28 15:22:09.527 D/mdns    ( 4397): mDNS_Reconfirm_internal: 39322 ticks to go for  176 1048b111c283@客厅的小米盒子._raop._tcp.local. TXT tp=UDP¦sm=false¦sv=false¦ek=1¦et=0,3,5¦cn=0,1¦ch=2¦ss=16¦sr=44100¦pw=false¦vn=3¦txtve 00000000
11-28 15:22:09.527 D/mdns    ( 4397): mDNS_Reconfirm_internal: 39322 ticks to go for    4 172-16-13-146.local. Addr 172.16.13.146 00000000
11-28 15:22:09.527 D/mdns    ( 4397): mDNS_Reconfirm_internal: 39322 ticks to go for  115 006d0e03a545@MiniMax._raop._tcp.local. TXT ch=2¦cn=0,1¦da=true¦ek=1¦et=0,1¦md=0,1,2¦pw=false¦sm=false¦sr=44100¦ss=16¦sv=false¦tp=UDP¦txtvers= 00000000
11-28 15:22:09.527 D/mdns    ( 4397): mDNS_Reconfirm_internal: 39322 ticks to go for   23 006d0e03a545@MiniMax._raop._tcp.local. SRV 0 0 38431 Android-2.local. 00000000
11-28 15:22:09.527 D/mdns    ( 4397): mDNS_Reconfirm_internal: 39322 ticks to go for   46 006d0e03a545@MiniMax._raop._tcp.local. NSEC TXT SRV  00000000
11-28 15:22:09.527 D/mdns    ( 4397): mDNS_Reconfirm_internal: 39322 ticks to go for   42 _rc._tcp.local. PTR 客厅的小米盒子\032(6)._rc._tcp.local. 00000000
11-28 15:22:09.527 D/mdns    ( 4397): mDNS_Reconfirm_internal: 39322 ticks to go for   42 _rc._tcp.local. PTR 客厅的小米盒子\032(3)._rc._tcp.local. 00000000
11-28 15:22:09.527 D/mdns    ( 4397): mDNS_Reconfirm_internal: 39322 ticks to go for   38 _rc._tcp.local. PTR 客厅的小米盒子._rc._tcp.local. 00000000
11-28 15:22:09.527 D/mdns    ( 4397): mDNS_Reconfirm_internal: 39322 ticks to go for   42 _rc._tcp.local. PTR 客厅的小米盒子\032(5)._rc._tcp.local. 00000000
11-28 15:22:09.527 D/mdns    ( 4397): mDNS_Reconfirm_internal: 39322 ticks to go for    4 milink-199422877.local. Addr 172.16.13.164 00000000
11-28 15:22:09.527 D/mdns    ( 4397): mDNS_Reconfirm_internal: 39322 ticks to go for   30 客厅的小米盒子._airkan._tcp.local. SRV 0 0 6088 milink-254969319.local. 00000000
11-28 15:22:09.527 D/mdns    ( 4397): mDNS_Reconfirm_internal: 39322 ticks to go for  125 客厅的小米盒子._airkan._tcp.local. TXT photoport=6089¦scrnw=1280¦scrnh=720¦protver=16777984¦prottext=Airkan Protocol Version 1.03¦platform_id 00000000
11-28 15:22:09.527 D/mdns    ( 4397): mDNS_Reconfirm_internal: 39322 ticks to go for   17 147.13.16.172.in-addr.arpa. PTR Android-2.local. 00000000
11-28 15:22:09.527 D/mdns    ( 4397): mDNS_Reconfirm_internal: 39322 ticks to go for   32 147.13.16.172.in-addr.arpa. NSEC PTR  00000000
11-28 15:22:09.527 D/mdns    ( 4397): mDNS_Reconfirm_internal: 39322 ticks to go for   75 MiniMax._airplay._tcp.local. TXT deviceid=00:6d:0e:03:a5:45¦features=0x2077¦model=AppleTV2,1¦srcvers=101.28 00000000
11-28 15:22:09.527 D/mdns    ( 4397): mDNS_Reconfirm_internal: 39322 ticks to go for   23 MiniMax._airplay._tcp.local. SRV 0 0 38421 Android-2.local. 00000000
11-28 15:22:09.527 D/mdns    ( 4397): mDNS_Reconfirm_internal: 39322 ticks to go for   36 MiniMax._airplay._tcp.local. NSEC TXT SRV  00000000
11-28 15:22:09.527 D/mdns    ( 4397): mDNS_Reconfirm_internal: 39322 ticks to go for   30 1048b11ad489@客厅的小米盒子._raop._tcp.local. SRV 0 0 5000 milink-199422877.local. 00000000
11-28 15:22:09.527 D/mdns    ( 4397): mDNS_Reconfirm_internal: 39322 ticks to go for  176 1048b11ad489@客厅的小米盒子._raop._tcp.local. TXT tp=UDP¦sm=false¦sv=false¦ek=1¦et=0,3,5¦cn=0,1¦ch=2¦ss=16¦sr=44100¦pw=false¦vn=3¦txtve 00000000
11-28 15:22:09.527 D/mdns    ( 4397): mDNS_Reconfirm_internal: 39322 ticks to go for    4 172-16-13-147.local. Addr 172.16.13.147 00000000
11-28 15:22:09.527 D/mdns    ( 4397): mDNS_Reconfirm_internal: 39322 ticks to go for   30 客厅的小米盒子\032(3)._rc._tcp.local. SRV 0 0 6091 milink-200077498.local. 00000000
11-28 15:22:09.527 D/mdns    ( 4397): mDNS_Reconfirm_internal: 39322 ticks to go for  158 客厅的小米盒子\032(3)._rc._tcp.local. TXT protver=16777216¦prottext=Remote Controller Protocol Version 1.0¦platform_id=205¦scrnw=1280¦scrnh=72 00000000
11-28 15:22:09.527 D/mdns    ( 4397): mDNS_Reconfirm_internal: 39322 ticks to go for   30 客厅的小米盒子\032(5)._rc._tcp.local. SRV 0 0 6091 milink-199704365.local. 00000000
11-28 15:22:09.527 D/mdns    ( 4397): mDNS_Reconfirm_internal: 39322 ticks to go for  230 客厅的小米盒子\032(5)._rc._tcp.local. TXT protver=16777472¦prottext=Remote Controller Protocol Version 1.0.1.0¦platform_id=205¦scrnw=1280¦scrn 00000000
11-28 15:22:09.527 D/mdns    ( 4397): mDNS_Reconfirm_internal: 39322 ticks to go for   30 客厅的小米盒子\032(6)._rc._tcp.local. SRV 0 0 6091 milink-199422877.local. 00000000
11-28 15:22:09.527 D/mdns    ( 4397): mDNS_Reconfirm_internal: 39322 ticks to go for  230 客厅的小米盒子\032(6)._rc._tcp.local. TXT protver=16777472¦prottext=Remote Controller Protocol Version 1.0.1.0¦platform_id=205¦scrnw=1280¦scrn 00000000
11-28 15:22:09.527 D/mdns    ( 4397): mDNS_Reconfirm_internal: 39322 ticks to go for   30 客厅的小米盒子\032(3)._airkan._tcp.local. SRV 0 0 6088 milink-200077498.local. 00000000
11-28 15:22:09.527 D/mdns    ( 4397): mDNS_Reconfirm_internal: 39322 ticks to go for  125 客厅的小米盒子\032(3)._airkan._tcp.local. TXT photoport=6089¦scrnw=1280¦scrnh=720¦protver=16777984¦prottext=Airkan Protocol Version 1.03¦plat 00000000
11-28 15:22:09.527 D/mdns    ( 4397): mDNS_Reconfirm_internal: 39322 ticks to go for   30 1048b152aa81@客厅的小米盒子._raop._tcp.local. SRV 0 0 5000 milink-254969319.local. 00000000
11-28 15:22:09.527 D/mdns    ( 4397): mDNS_Reconfirm_internal: 39322 ticks to go for  176 1048b152aa81@客厅的小米盒子._raop._tcp.local. TXT tp=UDP¦sm=false¦sv=false¦ek=1¦et=0,3,5¦cn=0,1¦ch=2¦ss=16¦sr=44100¦pw=false¦vn=3¦txtve 00000000
11-28 15:22:09.527 D/mdns    ( 4397): mDNS_Reconfirm_internal: 39322 ticks to go for    4 milink-184250014.local. Addr 172.16.13.193 00000000
11-28 15:22:09.527 D/mdns    ( 4397): mDNS_Reconfirm_internal: 39322 ticks to go for    4 Android-2.local. Addr 172.16.13.147 00000000
11-28 15:22:09.527 D/mdns    ( 4397): mDNS_Reconfirm_internal: 39322 ticks to go for   16 Android-2.local. AAAA FE80:0000:0000:0000:026D:0EFF:FE03:A545 00000000
11-28 15:22:09.527 D/mdns    ( 4397): mDNS_Reconfirm_internal: 39322 ticks to go for   23 Android-2.local. NSEC Addr AAAA  00000000
11-28 15:22:09.527 D/mdns    ( 4397): mDNS_Reconfirm_internal: 39322 ticks to go for   53 _raop._tcp.local. PTR 1048b152aa81@客厅的小米盒子._raop._tcp.local. 00000000
11-28 15:22:09.527 D/mdns    ( 4397): mDNS_Reconfirm_internal: 39322 ticks to go for   39 _raop._tcp.local. PTR 006d0e03a545@MiniMax._raop._tcp.local. 00000000
11-28 15:22:09.527 D/mdns    ( 4397): mDNS_Reconfirm_internal: 39322 ticks to go for   53 _raop._tcp.local. PTR 1048b11ad489@客厅的小米盒子._raop._tcp.local. 00000000
11-28 15:22:09.527 D/mdns    ( 4397): mDNS_Reconfirm_internal: 39322 ticks to go for   53 _raop._tcp.local. PTR 1048b111c283@客厅的小米盒子._raop._tcp.local. 00000000
11-28 15:22:09.527 D/mdns    ( 4397): mDNS_Reconfirm_internal: 39322 ticks to go for   53 _raop._tcp.local. PTR 1048b11cf011@客厅的小米盒子._raop._tcp.local. 00000000
11-28 15:22:09.527 D/mdns    ( 4397): mDNS_Reconfirm_internal: 39322 ticks to go for   29 _airplay._tcp.local. PTR MiniMax._airplay._tcp.local. 00000000
11-28 15:22:09.527 D/mdns    ( 4397): mDNS_Reconfirm_internal: 39322 ticks to go for   47 _airplay._tcp.local. PTR 客厅的小米盒子\032(5)._airplay._tcp.local. 00000000
11-28 15:22:09.527 D/mdns    ( 4397): mDNS_Reconfirm_internal: 39322 ticks to go for   47 _airplay._tcp.local. PTR 客厅的小米盒子\032(2)._airplay._tcp.local. 00000000
11-28 15:22:09.527 D/mdns    ( 4397): mDNS_Reconfirm_internal: 39322 ticks to go for   47 _airplay._tcp.local. PTR 客厅的小米盒子\032(4)._airplay._tcp.local. 00000000
11-28 15:22:09.527 D/mdns    ( 4397): mDNS_Reconfirm_internal: 39322 ticks to go for    4 milink-254969319.local. Addr 172.16.13.203 00000000
11-28 15:22:09.527 D/mdns    ( 4397): mDNS_Reconfirm_internal: 39322 ticks to go for    4 liutftekiiMac-2.local. Addr 172.16.13.107 00000000
11-28 15:22:09.527 D/mdns    ( 4397): mDNS_Reconfirm_internal: 39322 ticks to go for   16 liutftekiiMac-2.local. AAAA FE80:0000:0000:0000:12DD:B1FF:FEAE:6ACD 00000000
11-28 15:22:09.527 D/mdns    ( 4397): mDNS_Reconfirm_internal: 39322 ticks to go for   29 liutftekiiMac-2.local. NSEC Addr AAAA  00000000
11-28 15:22:09.527 D/mdns    ( 4397): mDNS_Reconfirm_internal: 39322 ticks to go for    4 milink-199704365.local. Addr 172.16.13.14 00000000
11-28 15:22:09.527 D/mdns    ( 4397): mDNS_Reconfirm_internal: 39322 ticks to go for    4 milink-185090187.local. Addr 172.16.13.167 00000000
11-28 15:22:09.527 D/mdns    ( 4397): mDNS_Reconfirm_internal: 39322 ticks to go for   30 客厅的小米盒子\032(5)._airkan._tcp.local. SRV 0 0 6088 milink-199704365.local. 00000000
11-28 15:22:09.527 D/mdns    ( 4397): mDNS_Reconfirm_internal: 39322 ticks to go for  125 客厅的小米盒子\032(5)._airkan._tcp.local. TXT photoport=6089¦scrnw=1280¦scrnh=720¦protver=16777984¦prottext=Airkan Protocol Version 1.03¦plat 00000000
11-28 15:22:09.527 D/mdns    ( 4397): mDNS_Reconfirm_internal: 39322 ticks to go for    4 milink-203107814.local. Addr 172.16.13.34 00000000
11-28 15:22:09.527 D/mdns    ( 4397): mDNS_Reconfirm_internal: 39322 ticks to go for    4 milink-199855756.local. Addr 172.16.13.131 00000000
11-28 15:22:09.527 D/mdns    ( 4397): mDNS_Reconfirm_internal: 39322 ticks to go for   18 _services._dns-sd._udp.local. PTR _raop._tcp.local. 00000000
11-28 15:22:09.527 D/mdns    ( 4397): mDNS_Reconfirm_internal: 39322 ticks to go for   21 _services._dns-sd._udp.local. PTR _airplay._tcp.local. 00000000
11-28 15:22:09.527 D/mdns    ( 4397): mDNS_Reconfirm_internal: 39322 ticks to go for   30 1048b11cf011@客厅的小米盒子._raop._tcp.local. SRV 0 0 5000 milink-199704365.local. 00000000
11-28 15:22:09.527 D/mdns    ( 4397): mDNS_Reconfirm_internal: 39322 ticks to go for  176 1048b11cf011@客厅的小米盒子._raop._tcp.local. TXT tp=UDP¦sm=false¦sv=false¦ek=1¦et=0,3,5¦cn=0,1¦ch=2¦ss=16¦sr=44100¦pw=false¦vn=3¦txtve 00000000
11-28 15:22:09.527 D/mdns    ( 4397): mDNS_Reconfirm_internal: 39322 ticks to go for   30 客厅的小米盒子\032(2)._airplay._tcp.local. SRV 0 0 7000 milink-200077498.local. 00000000
11-28 15:22:09.527 D/mdns    ( 4397): mDNS_Reconfirm_internal: 39322 ticks to go for   94 客厅的小米盒子\032(2)._airplay._tcp.local. TXT deviceid=10:48:b1:11:c2:83¦features=0x100029ff¦flags=0x4¦model=AppleTV3,1¦srcvers=150.33¦vv=1 00000000
11-28 15:22:09.527 D/mdns    ( 4397): mDNS_Reconfirm_internal: 39322 ticks to go for   46 _airkan._tcp.local. PTR 客厅的小米盒子\032(3)._airkan._tcp.local. 00000000
11-28 15:22:09.527 D/mdns    ( 4397): mDNS_Reconfirm_internal: 39322 ticks to go for   42 _airkan._tcp.local. PTR 客厅的小米盒子._airkan._tcp.local. 00000000
11-28 15:22:09.527 D/mdns    ( 4397): mDNS_Reconfirm_internal: 39322 ticks to go for   46 _airkan._tcp.local. PTR 客厅的小米盒子\032(5)._airkan._tcp.local. 00000000
11-28 15:22:09.527 D/mdns    ( 4397): mDNS_Reconfirm_internal: 39322 ticks to go for   27 _airkan._tcp.local. PTR qqwwee._airkan._tcp.local. 00000000
11-28 15:22:09.527 D/mdns    ( 4397): mDNS_Reconfirm_internal: 39322 ticks to go for   30 客厅的小米盒子._rc._tcp.local. SRV 0 0 6091 milink-254969319.local. 00000000
11-28 15:22:09.527 D/mdns    ( 4397): mDNS_Reconfirm_internal: 39322 ticks to go for  230 客厅的小米盒子._rc._tcp.local. TXT protver=16777472¦prottext=Remote Controller Protocol Version 1.0.1.0¦platform_id=205¦scrnw=1280¦scrnh=720¦ 00000000
11-28 15:22:09.527 D/mdns    ( 4397): mDNS_Reconfirm_internal: 39322 ticks to go for   30 客厅的小米盒子\032(4)._airplay._tcp.local. SRV 0 0 7000 milink-199704365.local. 00000000
11-28 15:22:09.527 D/mdns    ( 4397): mDNS_Reconfirm_internal: 39322 ticks to go for   94 客厅的小米盒子\032(4)._airplay._tcp.local. TXT deviceid=10:48:b1:1c:f0:11¦features=0x100029ff¦flags=0x4¦model=AppleTV3,1¦srcvers=150.33¦vv=1 00000000
11-28 15:22:09.527 D/mdns    ( 4397): mDNS_Reconfirm_internal: 39322 ticks to go for   30 客厅的小米盒子\032(5)._airplay._tcp.local. SRV 0 0 7000 milink-199422877.local. 00000000
11-28 15:22:09.527 D/mdns    ( 4397): mDNS_Reconfirm_internal: 39322 ticks to go for   94 客厅的小米盒子\032(5)._airplay._tcp.local. TXT deviceid=10:48:b1:1a:d4:89¦features=0x100029ff¦flags=0x4¦model=AppleTV3,1¦srcvers=150.33¦vv=1 00000000
11-28 15:22:09.527 D/mdns    ( 4397): mDNS_Reconfirm_internal: 39322 ticks to go for   17 5.4.5.A.3.0.E.F.F.F.E.0.D.6.2.0.0.0.0.0.0.0.0.0.0.0.0.0.0.8.E.F.ip6.arpa. PTR Android-2.local. 00000000
11-28 15:22:09.527 D/mdns    ( 4397): mDNS_Reconfirm_internal: 39322 ticks to go for   78 5.4.5.A.3.0.E.F.F.F.E.0.D.6.2.0.0.0.0.0.0.0.0.0.0.0.0.0.0.8.E.F.ip6.arpa. NSEC PTR  00000000
11-28 15:22:09.527 D/mdns    ( 4397): mDNS_Reconfirm_internal: 39322 ticks to go for   30 qqwwee._airkan._tcp.local. SRV 0 0 6088 milink-203107814.local. 00000000
11-28 15:22:09.527 D/mdns    ( 4397): mDNS_Reconfirm_internal: 39322 ticks to go for  125 qqwwee._airkan._tcp.local. TXT photoport=6089¦scrnw=1280¦scrnh=720¦protver=16777984¦prottext=Airkan Protocol Version 1.03¦platform_id=205¦music_ver 00000000
11-28 15:22:09.527 D/mdns    ( 4397): mDNS_Reconfirm_internal: 39322 ticks to go for    4 milink-200077498.local. Addr 172.16.13.187 00000000
11-28 15:22:09.527 I/mdns    ( 4397): mDNS_DeregisterInterface: Last representative of InterfaceID 412B9B88 wlan0 (FE80:0000:0000:0000:026D:0EFF:FE03:A545) deregistered; marking questions etc. dormant
11-28 15:22:09.527 D/mdns    ( 4397): mDNS_Deregister_internal: Deleting record for   16 Android-2.local. AAAA FE80:0000:0000:0000:026D:0EFF:FE03:A545
11-28 15:22:09.527 I/mdns    ( 4397): mDNS_Deregister_internal: mStatus_MemFree for   16 Android-2.local. AAAA FE80:0000:0000:0000:026D:0EFF:FE03:A545
11-28 15:22:09.527 D/mdns    ( 4397): mDNS_HostNameCallback: Android-2.local. (AAAA) Unknown result (-65792)
11-28 15:22:09.527 D/mdns    ( 4397): mDNS_HostNameCallback: MemFree (ignored)
11-28 15:22:09.527 D/mdns    ( 4397): mDNS_Deregister_internal: Deleting record for   17 5.4.5.A.3.0.E.F.F.F.E.0.D.6.2.0.0.0.0.0.0.0.0.0.0.0.0.0.0.8.E.F.ip6.arpa. PTR Android-2.local.
11-28 15:22:09.527 I/mdns    ( 4397): mDNS_Deregister_internal: mStatus_MemFree for   17 5.4.5.A.3.0.E.F.F.F.E.0.D.6.2.0.0.0.0.0.0.0.0.0.0.0.0.0.0.8.E.F.ip6.arpa. PTR Android-2.local.
11-28 15:22:09.527 D/mdns    ( 4397): SetupInterfaceList
11-28 15:22:09.537 D/mdns    ( 4397): mDNS_Register_internal: Adding to active record list    4 Android-2.local. Addr 172.16.13.147
11-28 15:22:09.537 D/mdns    ( 4397): mDNS_Register_internal: Adding to active record list   17 147.13.16.172.in-addr.arpa. PTR Android-2.local.
11-28 15:22:09.537 D/mdns    ( 4397): Not creating HINFO record: platform support layer provided no information
11-28 15:22:09.537 I/mdns    ( 4397): mDNS_RegisterInterface: InterfaceID 412B9F90 wlan0 (172.16.13.147) not represented in list; marking active and retriggering queries
11-28 15:22:09.537 I/mdns    ( 4397): mDNS_RegisterInterface: wlan0 (172.16.13.147) probedelay 512
11-28 15:22:09.537 I/mdns    ( 4397): mDNS_RegisterInterface: Setting AnnounceOwner
11-28 15:22:09.537 I/mdns    ( 4397): RestartRecordGetZoneData: ResourceRecords
11-28 15:22:09.537 D/mdns    ( 4397): SetupOneInterface: wlan0 172.16.13.147 Registered
11-28 15:22:09.537 D/mdns    ( 4397): SetupOneInterface: wlan0 FE80:0000:0000:0000:026D:0EFF:FE03:A545 is an alias of 172.16.13.147
11-28 15:22:09.537 D/mdns    ( 4397): mDNS_Register_internal: Adding to active record list   16 Android-2.local. AAAA FE80:0000:0000:0000:026D:0EFF:FE03:A545
11-28 15:22:09.537 D/mdns    ( 4397): mDNS_Register_internal: Adding to active record list   17 5.4.5.A.3.0.E.F.F.F.E.0.D.6.2.0.0.0.0.0.0.0.0.0.0.0.0.0.0.8.E.F.ip6.arpa. PTR Android-2.local.
11-28 15:22:09.537 D/mdns    ( 4397): Not creating HINFO record: platform support layer provided no information
11-28 15:22:09.537 I/mdns    ( 4397): mDNS_RegisterInterface: InterfaceID 412B9F90 wlan0 (FE80:0000:0000:0000:026D:0EFF:FE03:A545) already represented in list; marking inactive for now
11-28 15:22:09.537 I/mdns    ( 4397): mDNS_RegisterInterface: wlan0 (FE80:0000:0000:0000:026D:0EFF:FE03:A545) probedelay 512
11-28 15:22:09.537 I/mdns    ( 4397): mDNS_RegisterInterface: Setting AnnounceOwner
11-28 15:22:09.537 I/mdns    ( 4397): RestartRecordGetZoneData: ResourceRecords
11-28 15:22:09.537 D/mdns    ( 4397): SetupOneInterface: wlan0 FE80:0000:0000:0000:026D:0EFF:FE03:A545 Registered
11-28 15:22:09.537 D/mdns    ( 4397): mDNS_Execute
11-28 15:22:09.537 D/mdns    ( 4397): m->NextCacheCheck    0 Slot  10 1048b111c283@客厅的小米盒子._raop._tcp.local.
11-28 15:22:09.537 D/mdns    ( 4397): CheckCacheExpiration: Deleting  61441       0 00000000   30 1048b111c283@客厅的小米盒子._raop._tcp.local. SRV 0 0 5000 milink-200077498.local.
11-28 15:22:09.537 D/mdns    ( 4397): CheckCacheExpiration: Deleting  61441       0 00000000  176 1048b111c283@客厅的小米盒子._raop._tcp.local. TXT tp=UDP¦sm=false¦sv=false¦ek=1¦et=0,3,5¦cn=0,1¦ch=2¦ss=16¦sr=44100¦pw=false¦vn=3¦txtve
11-28 15:22:09.537 D/mdns    ( 4397): CheckCacheExpiration: Updating CacheGroup tail from 400D6C68 to 400D6978
11-28 15:22:09.537 D/mdns    ( 4397): m->NextCacheCheck    1 Slot  14 172-16-13-146.local.
11-28 15:22:09.537 D/mdns    ( 4397): CheckCacheExpiration: Deleting  61441       0 00000000    4 172-16-13-146.local. Addr 172.16.13.146
11-28 15:22:09.537 D/mdns    ( 4397): CheckCacheExpiration: Updating CacheGroup tail from 400D0058 to 400D5418
11-28 15:22:09.537 D/mdns    ( 4397): m->NextCacheCheck    2 Slot  35 006d0e03a545@MiniMax._raop._tcp.local.
11-28 15:22:09.537 D/mdns    ( 4397): CheckCacheExpiration: Deleting  61441       0 00000000  115 006d0e03a545@MiniMax._raop._tcp.local. TXT ch=2¦cn=0,1¦da=true¦ek=1¦et=0,1¦md=0,1,2¦pw=false¦sm=false¦sr=44100¦ss=16¦sv=false¦tp=UDP¦txtvers=
11-28 15:22:09.537 D/mdns    ( 4397): CheckCacheExpiration: Deleting  61441       0 00000000   23 006d0e03a545@MiniMax._raop._tcp.local. SRV 0 0 38431 Android-2.local.
11-28 15:22:09.537 D/mdns    ( 4397): CheckCacheExpiration: Deleting  61441       0 00000000   46 006d0e03a545@MiniMax._raop._tcp.local. NSEC TXT SRV 
11-28 15:22:09.537 D/mdns    ( 4397): CheckCacheExpiration: Updating CacheGroup tail from 400DAA28 to 400DAE58
11-28 15:22:09.537 D/mdns    ( 4397): m->NextCacheCheck    3 Slot  58 _rc._tcp.local.
11-28 15:22:09.537 D/mdns    ( 4397): CheckCacheExpiration: Deleting  61441       0 00000000   42 _rc._tcp.local. PTR 客厅的小米盒子\032(6)._rc._tcp.local.
11-28 15:22:09.537 D/mdns    ( 4397): CheckCacheExpiration: Deleting  61441       0 00000000   42 _rc._tcp.local. PTR 客厅的小米盒子\032(3)._rc._tcp.local.
11-28 15:22:09.537 D/mdns    ( 4397): CheckCacheExpiration: Deleting  61441       0 00000000   38 _rc._tcp.local. PTR 客厅的小米盒子._rc._tcp.local.
11-28 15:22:09.537 D/mdns    ( 4397): CheckCacheExpiration: Deleting  61441       0 00000000   42 _rc._tcp.local. PTR 客厅的小米盒子\032(5)._rc._tcp.local.
11-28 15:22:09.537 D/mdns    ( 4397): CheckCacheExpiration: Updating CacheGroup tail from 400D16E8 to 400D2070
11-28 15:22:09.537 D/mdns    ( 4397): m->NextCacheCheck    4 Slot  72 milink-199422877.local.
11-28 15:22:09.537 D/mdns    ( 4397): CheckCacheExpiration: Deleting  61441       0 00000000    4 milink-199422877.local. Addr 172.16.13.164
11-28 15:22:09.537 D/mdns    ( 4397): CheckCacheExpiration: Updating CacheGroup tail from 400D3B20 to 400D1950
11-28 15:22:09.537 D/mdns    ( 4397): m->NextCacheCheck    5 Slot  73 客厅的小米盒子._airkan._tcp.local.
11-28 15:22:09.537 D/mdns    ( 4397): CheckCacheExpiration: Deleting  61441       0 00000000   30 客厅的小米盒子._airkan._tcp.local. SRV 0 0 6088 milink-254969319.local.
11-28 15:22:09.537 D/mdns    ( 4397): CheckCacheExpiration: Deleting  61441       0 00000000  125 客厅的小米盒子._airkan._tcp.local. TXT photoport=6089¦scrnw=1280¦scrnh=720¦protver=16777984¦prottext=Airkan Protocol Version 1.03¦platform_id
11-28 15:22:09.537 D/mdns    ( 4397): CheckCacheExpiration: Updating CacheGroup tail from 400D4EB8 to 400D3960
11-28 15:22:09.537 D/mdns    ( 4397): m->NextCacheCheck    6 Slot  76 147.13.16.172.in-addr.arpa.
11-28 15:22:09.537 D/mdns    ( 4397): CheckCacheExpiration: Deleting  61441       0 00000000   17 147.13.16.172.in-addr.arpa. PTR Android-2.local.
11-28 15:22:09.537 D/mdns    ( 4397): CheckCacheExpiration: Deleting  61441       0 00000000   32 147.13.16.172.in-addr.arpa. NSEC PTR 
11-28 15:22:09.537 D/mdns    ( 4397): CheckCacheExpiration: Updating CacheGroup tail from 400D9EE0 to 400D3240
11-28 15:22:09.537 D/mdns    ( 4397): m->NextCacheCheck    7 Slot  79 MiniMax._airplay._tcp.local.
11-28 15:22:09.537 D/mdns    ( 4397): CheckCacheExpiration: Deleting  61441       0 00000000   75 MiniMax._airplay._tcp.local. TXT deviceid=00:6d:0e:03:a5:45¦features=0x2077¦model=AppleTV2,1¦srcvers=101.28
11-28 15:22:09.537 D/mdns    ( 4397): CheckCacheExpiration: Deleting  61441       0 00000000   23 MiniMax._airplay._tcp.local. SRV 0 0 38421 Android-2.local.
11-28 15:22:09.537 D/mdns    ( 4397): CheckCacheExpiration: Deleting  61441       0 00000000   36 MiniMax._airplay._tcp.local. NSEC TXT SRV 
11-28 15:22:09.537 D/mdns    ( 4397): CheckCacheExpiration: Updating CacheGroup tail from 400DABF0 to 400D1230
11-28 15:22:09.537 D/mdns    ( 4397): m->NextCacheCheck    8 Slot 117 1048b11ad489@客厅的小米盒子._raop._tcp.local.
11-28 15:22:09.537 D/mdns    ( 4397): CheckCacheExpiration: Deleting  61441       0 00000000   30 1048b11ad489@客厅的小米盒子._raop._tcp.local. SRV 0 0 5000 milink-199422877.local.
11-28 15:22:09.537 D/mdns    ( 4397): CheckCacheExpiration: Deleting  61441       0 00000000  176 1048b11ad489@客厅的小米盒子._raop._tcp.local. TXT tp=UDP¦sm=false¦sv=false¦ek=1¦et=0,3,5¦cn=0,1¦ch=2¦ss=16¦sr=44100¦pw=false¦vn=3¦txtve
11-28 15:22:09.537 D/mdns    ( 4397): CheckCacheExpiration: Updating CacheGroup tail from 400D5118 to 400D5A08
11-28 15:22:09.537 D/mdns    ( 4397): m->NextCacheCheck    9 Slot 118 172-16-13-147.local.
11-28 15:22:09.537 D/mdns    ( 4397): CheckCacheExpiration: Deleting  61441       0 00000000    4 172-16-13-147.local. Addr 172.16.13.147
11-28 15:22:09.537 D/mdns    ( 4397): CheckCacheExpiration: Updating CacheGroup tail from 400D71C0 to 400D6D08
11-28 15:22:09.537 D/mdns    ( 4397): m->NextCacheCheck   10 Slot 125 客厅的小米盒子\032(3)._rc._tcp.local.
11-28 15:22:09.537 D/mdns    ( 4397): CheckCacheExpiration: Deleting  61441       0 00000000   30 客厅的小米盒子\032(3)._rc._tcp.local. SRV 0 0 6091 milink-200077498.local.
11-28 15:22:09.537 D/mdns    ( 4397): CheckCacheExpiration: Deleting  61441       0 00000000  158 客厅的小米盒子\032(3)._rc._tcp.local. TXT protver=16777216¦prottext=Remote Controller Protocol Version 1.0¦platform_id=205¦scrnw=1280¦scrnh=72
11-28 15:22:09.537 D/mdns    ( 4397): CheckCacheExpiration: Updating CacheGroup tail from 400D7388 to 400D4A00
11-28 15:22:09.537 D/mdns    ( 4397): m->NextCacheCheck   11 Slot 127 客厅的小米盒子\032(5)._rc._tcp.local.
11-28 15:22:09.537 D/mdns    ( 4397): CheckCacheExpiration: Deleting  61441       0 00000000   30 客厅的小米盒子\032(5)._rc._tcp.local. SRV 0 0 6091 milink-199704365.local.
11-28 15:22:09.537 D/mdns    ( 4397): CheckCacheExpiration: Deleting  61441       0 00000000  230 客厅的小米盒子\032(5)._rc._tcp.local. TXT protver=16777472¦prottext=Remote Controller Protocol Version 1.0.1.0¦platform_id=205¦scrnw=1280¦scrn
11-28 15:22:09.537 D/mdns    ( 4397): CheckCacheExpiration: Updating CacheGroup tail from 400D1520 to 400D6090
11-28 15:22:09.537 D/mdns    ( 4397): m->NextCacheCheck   12 Slot 128 客厅的小米盒子\032(6)._rc._tcp.local.
11-28 15:22:09.537 D/mdns    ( 4397): CheckCacheExpiration: Deleting  61441       0 00000000   30 客厅的小米盒子\032(6)._rc._tcp.local. SRV 0 0 6091 milink-199422877.local.
11-28 15:22:09.537 D/mdns    ( 4397): CheckCacheExpiration: Deleting  61441       0 00000000  230 客厅的小米盒子\032(6)._rc._tcp.local. TXT protver=16777472¦prottext=Remote Controller Protocol Version 1.0.1.0¦platform_id=205¦scrnw=1280¦scrn
11-28 15:22:09.537 D/mdns    ( 4397): CheckCacheExpiration: Updating CacheGroup tail from 400D9F78 to 400D0358
11-28 15:22:09.537 D/mdns    ( 4397): m->NextCacheCheck   13 Slot 141 客厅的小米盒子\032(3)._airkan._tcp.local.
11-28 15:22:09.537 D/mdns    ( 4397): CheckCacheExpiration: Deleting  61441       0 00000000   30 客厅的小米盒子\032(3)._airkan._tcp.local. SRV 0 0 6088 milink-200077498.local.
11-28 15:22:09.537 D/mdns    ( 4397): CheckCacheExpiration: Deleting  61441       0 00000000  125 客厅的小米盒子\032(3)._airkan._tcp.local. TXT photoport=6089¦scrnw=1280¦scrnh=720¦protver=16777984¦prottext=Airkan Protocol Version 1.03¦plat
11-28 15:22:09.537 D/mdns    ( 4397): CheckCacheExpiration: Updating CacheGroup tail from 400DA7C8 to 400D8E48
11-28 15:22:09.537 D/mdns    ( 4397): m->NextCacheCheck   14 Slot 152 1048b152aa81@客厅的小米盒子._raop._tcp.local.
11-28 15:22:09.537 D/mdns    ( 4397): CheckCacheExpiration: Deleting  61441       0 00000000   30 1048b152aa81@客厅的小米盒子._raop._tcp.local. SRV 0 0 5000 milink-254969319.local.
11-28 15:22:09.537 D/mdns    ( 4397): CheckCacheExpiration: Deleting  61441       0 00000000  176 1048b152aa81@客厅的小米盒子._raop._tcp.local. TXT tp=UDP¦sm=false¦sv=false¦ek=1¦et=0,3,5¦cn=0,1¦ch=2¦ss=16¦sr=44100¦pw=false¦vn=3¦txtve
11-28 15:22:09.537 D/mdns    ( 4397): CheckCacheExpiration: Updating CacheGroup tail from 400D32D0 to 400D51B8
11-28 15:22:09.537 D/mdns    ( 4397): m->NextCacheCheck   15 Slot 166 milink-184250014.local.
11-28 15:22:09.537 D/mdns    ( 4397): CheckCacheExpiration: Deleting  61441       0 00000000    4 milink-184250014.local. Addr 172.16.13.193
11-28 15:22:09.537 D/mdns    ( 4397): CheckCacheExpiration: Updating CacheGroup tail from 400D8A18 to 400DAC90
11-28 15:22:09.537 D/mdns    ( 4397): m->NextCacheCheck   16 Slot 179 Android-2.local.
11-28 15:22:09.537 D/mdns    ( 4397): CheckCacheExpiration: Deleting  61441       0 00000000    4 Android-2.local. Addr 172.16.13.147
11-28 15:22:09.537 D/mdns    ( 4397): CheckCacheExpiration: Deleting  61441       0 00000000   16 Android-2.local. AAAA FE80:0000:0000:0000:026D:0EFF:FE03:A545
11-28 15:22:09.537 D/mdns    ( 4397): CheckCacheExpiration: Deleting  61441       0 00000000   23 Android-2.local. NSEC Addr AAAA 
11-28 15:22:09.537 D/mdns    ( 4397): CheckCacheExpiration: Updating CacheGroup tail from 400D2820 to 400D3700
11-28 15:22:09.537 D/mdns    ( 4397): m->NextCacheCheck   17 Slot 209 _raop._tcp.local.
11-28 15:22:09.537 D/mdns    ( 4397): CheckCacheExpiration: Deleting  61441       0 00000000   53 _raop._tcp.local. PTR 1048b152aa81@客厅的小米盒子._raop._tcp.local.
11-28 15:22:09.537 D/mdns    ( 4397): CheckCacheExpiration: Deleting  61441       0 00000000   39 _raop._tcp.local. PTR 006d0e03a545@MiniMax._raop._tcp.local.
11-28 15:22:09.537 D/mdns    ( 4397): CheckCacheExpiration: Deleting  61441       0 00000000   53 _raop._tcp.local. PTR 1048b11ad489@客厅的小米盒子._raop._tcp.local.
11-28 15:22:09.537 D/mdns    ( 4397): CheckCacheExpiration: Deleting  61441       0 00000000   53 _raop._tcp.local. PTR 1048b111c283@客厅的小米盒子._raop._tcp.local.
11-28 15:22:09.537 D/mdns    ( 4397): CheckCacheExpiration: Deleting  61441       0 00000000   53 _raop._tcp.local. PTR 1048b11cf011@客厅的小米盒子._raop._tcp.local.
11-28 15:22:09.537 D/mdns    ( 4397): CheckCacheExpiration: Updating CacheGroup tail from 400D6678 to 400D6718
11-28 15:22:09.537 D/mdns    ( 4397): m->NextCacheCheck   18 Slot 217 _airplay._tcp.local.
11-28 15:22:09.537 D/mdns    ( 4397): CheckCacheExpiration: Deleting  61441       0 00000000   29 _airplay._tcp.local. PTR MiniMax._airplay._tcp.local.
11-28 15:22:09.537 D/mdns    ( 4397): CheckCacheExpiration: Deleting  61441       0 00000000   47 _airplay._tcp.local. PTR 客厅的小米盒子\032(5)._airplay._tcp.local.
11-28 15:22:09.537 D/mdns    ( 4397): CheckCacheExpiration: Deleting  61441       0 00000000   47 _airplay._tcp.local. PTR 客厅的小米盒子\032(2)._airplay._tcp.local.
11-28 15:22:09.537 D/mdns    ( 4397): CheckCacheExpiration: Deleting  61441       0 00000000   47 _airplay._tcp.local. PTR 客厅的小米盒子\032(4)._airplay._tcp.local.
11-28 15:22:09.537 D/mdns    ( 4397): CheckCacheExpiration: Updating CacheGroup tail from 400D8850 to 400D34A0
11-28 15:22:09.537 D/mdns    ( 4397): m->NextCacheCheck   19 Slot 220 milink-254969319.local.
11-28 15:22:09.537 D/mdns    ( 4397): CheckCacheExpiration: Deleting  61441       0 00000000    4 milink-254969319.local. Addr 172.16.13.203
11-28 15:22:09.537 D/mdns    ( 4397): CheckCacheExpiration: Updating CacheGroup tail from 400D5248 to 400D1BB0
11-28 15:22:09.537 D/mdns    ( 4397): m->NextCacheCheck   20 Slot 241 liutftekiiMac-2.local.
11-28 15:22:09.537 D/mdns    ( 4397): CheckCacheExpiration: Deleting  61441       0 00000000    4 liutftekiiMac-2.local. Addr 172.16.13.107
11-28 15:22:09.537 D/mdns    ( 4397): CheckCacheExpiration: Deleting  61441       0 00000000   16 liutftekiiMac-2.local. AAAA FE80:0000:0000:0000:12DD:B1FF:FEAE:6ACD
11-28 15:22:09.537 D/mdns    ( 4397): CheckCacheExpiration: Deleting  61441       0 00000000   29 liutftekiiMac-2.local. NSEC Addr AAAA 
11-28 15:22:09.537 D/mdns    ( 4397): CheckCacheExpiration: Updating CacheGroup tail from 400D13F0 to 400D4838
11-28 15:22:09.537 D/mdns    ( 4397): m->NextCacheCheck   21 Slot 249 milink-199704365.local.
11-28 15:22:09.537 D/mdns    ( 4397): CheckCacheExpiration: Deleting  61441       0 00000000    4 milink-199704365.local. Addr 172.16.13.14
11-28 15:22:09.537 D/mdns    ( 4397): CheckCacheExpiration: Updating CacheGroup tail from 400D0220 to 400DA018
11-28 15:22:09.537 D/mdns    ( 4397): m->NextCacheCheck   22 Slot 264 milink-185090187.local.
11-28 15:22:09.537 D/mdns    ( 4397): CheckCacheExpiration: Deleting  61441       0 00000000    4 milink-185090187.local. Addr 172.16.13.167
11-28 15:22:09.537 D/mdns    ( 4397): CheckCacheExpiration: Updating CacheGroup tail from 400D81C8 to 400D1B18
11-28 15:22:09.537 D/mdns    ( 4397): m->NextCacheCheck   23 Slot 269 客厅的小米盒子\032(5)._airkan._tcp.local.
11-28 15:22:09.537 D/mdns    ( 4397): CheckCacheExpiration: Deleting  61441       0 00000000   30 客厅的小米盒子\032(5)._airkan._tcp.local. SRV 0 0 6088 milink-199704365.local.
11-28 15:22:09.537 D/mdns    ( 4397): CheckCacheExpiration: Deleting  61441       0 00000000  125 客厅的小米盒子\032(5)._airkan._tcp.local. TXT photoport=6089¦scrnw=1280¦scrnh=720¦protver=16777984¦prottext=Airkan Protocol Version 1.03¦plat
11-28 15:22:09.537 D/mdns    ( 4397): CheckCacheExpiration: Updating CacheGroup tail from 400D2B18 to 400D4378
11-28 15:22:09.537 D/mdns    ( 4397): m->NextCacheCheck   24 Slot 274 milink-203107814.local.
11-28 15:22:09.537 D/mdns    ( 4397): CheckCacheExpiration: Deleting  61441       0 00000000    4 milink-203107814.local. Addr 172.16.13.34
11-28 15:22:09.537 D/mdns    ( 4397): CheckCacheExpiration: Updating CacheGroup tail from 400DA698 to 400D68E0
11-28 15:22:09.537 D/mdns    ( 4397): m->NextCacheCheck   25 Slot 286 milink-199855756.local.
11-28 15:22:09.537 D/mdns    ( 4397): CheckCacheExpiration: Deleting  61441       0 00000000    4 milink-199855756.local. Addr 172.16.13.131
11-28 15:22:09.537 D/mdns    ( 4397): CheckCacheExpiration: Updating CacheGroup tail from 400D2C48 to 400D88F0
11-28 15:22:09.537 D/mdns    ( 4397): m->NextCacheCheck   26 Slot 297 _services._dns-sd._udp.local.
11-28 15:22:09.537 D/mdns    ( 4397): CheckCacheExpiration: Deleting  61441       0 00000000   18 _services._dns-sd._udp.local. PTR _raop._tcp.local.
11-28 15:22:09.537 D/mdns    ( 4397): CheckCacheExpiration: Deleting  61441       0 00000000   21 _services._dns-sd._udp.local. PTR _airplay._tcp.local.
11-28 15:22:09.537 D/mdns    ( 4397): CheckCacheExpiration: Updating CacheGroup tail from 400D87B8 to 400D4248
11-28 15:22:09.537 D/mdns    ( 4397): m->NextCacheCheck   27 Slot 310 1048b11cf011@客厅的小米盒子._raop._tcp.local.
11-28 15:22:09.537 D/mdns    ( 4397): CheckCacheExpiration: Deleting  61441       0 00000000   30 1048b11cf011@客厅的小米盒子._raop._tcp.local. SRV 0 0 5000 milink-199704365.local.
11-28 15:22:09.537 D/mdns    ( 4397): CheckCacheExpiration: Deleting  61441       0 00000000  176 1048b11cf011@客厅的小米盒子._raop._tcp.local. TXT tp=UDP¦sm=false¦sv=false¦ek=1¦et=0,3,5¦cn=0,1¦ch=2¦ss=16¦sr=44100¦pw=false¦vn=3¦txtve
11-28 15:22:09.537 D/mdns    ( 4397): CheckCacheExpiration: Updating CacheGroup tail from 400D3828 to 400D4FF0
11-28 15:22:09.537 D/mdns    ( 4397): m->NextCacheCheck   28 Slot 325 客厅的小米盒子\032(2)._airplay._tcp.local.
11-28 15:22:09.537 D/mdns    ( 4397): CheckCacheExpiration: Deleting  61441       0 00000000   30 客厅的小米盒子\032(2)._airplay._tcp.local. SRV 0 0 7000 milink-200077498.local.
11-28 15:22:09.537 D/mdns    ( 4397): CheckCacheExpiration: Deleting  61441       0 00000000   94 客厅的小米盒子\032(2)._airplay._tcp.local. TXT deviceid=10:48:b1:11:c2:83¦features=0x100029ff¦flags=0x4¦model=AppleTV3,1¦srcvers=150.33¦vv=1
11-28 15:22:09.537 D/mdns    ( 4397): CheckCacheExpiration: Updating CacheGroup tail from 400D5F58 to 400D84C8
11-28 15:22:09.537 D/mdns    ( 4397): m->NextCacheCheck   29 Slot 334 _airkan._tcp.local.
11-28 15:22:09.537 D/mdns    ( 4397): CheckCacheExpiration: Deleting  61441       0 00000000   46 _airkan._tcp.local. PTR 客厅的小米盒子\032(3)._airkan._tcp.local.
11-28 15:22:09.537 D/mdns    ( 4397): CheckCacheExpiration: Deleting  61441       0 00000000   42 _airkan._tcp.local. PTR 客厅的小米盒子._airkan._tcp.local.
11-28 15:22:09.537 D/mdns    ( 4397): CheckCacheExpiration: Deleting  61441       0 00000000   46 _airkan._tcp.local. PTR 客厅的小米盒子\032(5)._airkan._tcp.local.
11-28 15:22:09.537 D/mdns    ( 4397): CheckCacheExpiration: Deleting  61441       0 00000000   27 _airkan._tcp.local. PTR qqwwee._airkan._tcp.local.
11-28 15:22:09.537 D/mdns    ( 4397): CheckCacheExpiration: Updating CacheGroup tail from 400D8000 to 400D25C8
11-28 15:22:09.537 D/mdns    ( 4397): m->NextCacheCheck   30 Slot 337 客厅的小米盒子._rc._tcp.local.
11-28 15:22:09.537 D/mdns    ( 4397): CheckCacheExpiration: Deleting  61441       0 00000000   30 客厅的小米盒子._rc._tcp.local. SRV 0 0 6091 milink-254969319.local.
11-28 15:22:09.537 D/mdns    ( 4397): CheckCacheExpiration: Deleting  61441       0 00000000  230 客厅的小米盒子._rc._tcp.local. TXT protver=16777472¦prottext=Remote Controller Protocol Version 1.0.1.0¦platform_id=205¦scrnw=1280¦scrnh=720¦
11-28 15:22:09.537 D/mdns    ( 4397): CheckCacheExpiration: Updating CacheGroup tail from 400D3EB0 to 400D58D8
11-28 15:22:09.537 D/mdns    ( 4397): m->NextCacheCheck   31 Slot 351 客厅的小米盒子\032(4)._airplay._tcp.local.
11-28 15:22:09.537 D/mdns    ( 4397): CheckCacheExpiration: Deleting  61441       0 00000000   30 客厅的小米盒子\032(4)._airplay._tcp.local. SRV 0 0 7000 milink-199704365.local.
11-28 15:22:09.537 D/mdns    ( 4397): CheckCacheExpiration: Deleting  61441       0 00000000   94 客厅的小米盒子\032(4)._airplay._tcp.local. TXT deviceid=10:48:b1:1c:f0:11¦features=0x100029ff¦flags=0x4¦model=AppleTV3,1¦srcvers=150.33¦vv=1
11-28 15:22:09.537 D/mdns    ( 4397): CheckCacheExpiration: Updating CacheGroup tail from 400D28B8 to 400DA998
11-28 15:22:09.537 D/mdns    ( 4397): m->NextCacheCheck   32 Slot 364 客厅的小米盒子\032(5)._airplay._tcp.local.
11-28 15:22:09.537 D/mdns    ( 4397): CheckCacheExpiration: Deleting  61441       0 00000000   30 客厅的小米盒子\032(5)._airplay._tcp.local. SRV 0 0 7000 milink-199422877.local.
11-28 15:22:09.537 D/mdns    ( 4397): CheckCacheExpiration: Deleting  61441       0 00000000   94 客厅的小米盒子\032(5)._airplay._tcp.local. TXT deviceid=10:48:b1:1a:d4:89¦features=0x100029ff¦flags=0x4¦model=AppleTV3,1¦srcvers=150.33¦vv=1
11-28 15:22:09.537 D/mdns    ( 4397): CheckCacheExpiration: Updating CacheGroup tail from 400D8BE0 to 400D47A0
11-28 15:22:09.537 D/mdns    ( 4397): m->NextCacheCheck   33 Slot 372 5.4.5.A.3.0.E.F.F.F.E.0.D.6.2.0.0.0.0.0.0.0.0.0.0.0.0.0.0.8.E.F.ip6.arpa.
11-28 15:22:09.537 D/mdns    ( 4397): CheckCacheExpiration: Deleting  61441       0 00000000   17 5.4.5.A.3.0.E.F.F.F.E.0.D.6.2.0.0.0.0.0.0.0.0.0.0.0.0.0.0.8.E.F.ip6.arpa. PTR Android-2.local.
11-28 15:22:09.537 D/mdns    ( 4397): CheckCacheExpiration: Deleting  61441       0 00000000   78 5.4.5.A.3.0.E.F.F.F.E.0.D.6.2.0.0.0.0.0.0.0.0.0.0.0.0.0.0.8.E.F.ip6.arpa. NSEC PTR 
11-28 15:22:09.537 D/mdns    ( 4397): CheckCacheExpiration: Updating CacheGroup tail from 400D02B8 to 400D9010
11-28 15:22:09.537 D/mdns    ( 4397): m->NextCacheCheck   34 Slot 409 qqwwee._airkan._tcp.local.
11-28 15:22:09.537 D/mdns    ( 4397): CheckCacheExpiration: Deleting  61441       0 00000000   30 qqwwee._airkan._tcp.local. SRV 0 0 6088 milink-203107814.local.
11-28 15:22:09.537 D/mdns    ( 4397): CheckCacheExpiration: Deleting  61441       0 00000000  125 qqwwee._airkan._tcp.local. TXT photoport=6089¦scrnw=1280¦scrnh=720¦protver=16777984¦prottext=Airkan Protocol Version 1.03¦platform_id=205¦music_ver
11-28 15:22:09.537 D/mdns    ( 4397): CheckCacheExpiration: Updating CacheGroup tail from 400D0188 to 400D3E20
11-28 15:22:09.537 D/mdns    ( 4397): m->NextCacheCheck   35 Slot 447 milink-200077498.local.
11-28 15:22:09.537 D/mdns    ( 4397): CheckCacheExpiration: Deleting  61441       0 00000000    4 milink-200077498.local. Addr 172.16.13.187
11-28 15:22:09.537 D/mdns    ( 4397): CheckCacheExpiration: Updating CacheGroup tail from 400D3790 to 400D7DA8
11-28 15:22:09.537 D/mdns    ( 4397): m->NextCacheCheck   36 checked, next in 1071304569
11-28 15:22:09.537 D/mdns    ( 4397): mDNS_Execute: Skipping LocalAuthRecord    4 Android-2.local. Addr 172.16.13.147
11-28 15:22:09.537 D/mdns    ( 4397): mDNS_Execute: Delivering Add event with LocalAuthRecord   17 147.13.16.172.in-addr.arpa. PTR Android-2.local.
11-28 15:22:09.537 D/mdns    ( 4397): mDNS_Execute: Skipping LocalAuthRecord   16 Android-2.local. AAAA FE80:0000:0000:0000:026D:0EFF:FE03:A545
11-28 15:22:09.537 D/mdns    ( 4397): mDNS_Execute: Delivering Add event with LocalAuthRecord   17 5.4.5.A.3.0.E.F.F.F.E.0.D.6.2.0.0.0.0.0.0.0.0.0.0.0.0.0.0.8.E.F.ip6.arpa. PTR Android-2.local.
11-28 15:22:09.537 D/mdns    ( 4397): mDNS_Execute: Setting NewLocalRecords to    4 Android-2.local. Addr 172.16.13.147
11-28 15:22:09.607 D/WifiSetting(14128): handleEvent action:android.net.wifi.SCAN_RESULTS
11-28 15:22:09.607 D/cocos2d-x debug info(14128): JS: launcher.eventCenter.onWifiStateChanged
11-28 15:22:09.607 D/cocos2d-x debug info(14128): trace_frame: 35.325916
11-28 15:22:09.657 D/cocos2d-x debug info(14128): JS: HomeMainScene Key down:157
11-28 15:22:09.657 D/cocos2d-x debug info(14128): JS: right button clicked. lastIndex:11
11-28 15:22:09.657 D/cocos2d-x debug info(14128): JS: right button clicked. currentIndex:12
11-28 15:22:09.657 D/cocos2d-x debug info(14128): JS:  HomeMainScene Key up:157
11-28 15:22:09.687 D/mdns    ( 4397): mDNS_Execute
11-28 15:22:09.687 D/mdns    ( 4397): mDNS_Execute: Skipping LocalAuthRecord    4 Android-2.local. Addr 172.16.13.147
11-28 15:22:09.687 D/mdns    ( 4397): mDNS_Execute: Skipping LocalAuthRecord   16 Android-2.local. AAAA FE80:0000:0000:0000:026D:0EFF:FE03:A545
11-28 15:22:09.687 D/mdns    ( 4397): mDNS_Execute: Setting NewLocalRecords to    4 Android-2.local. Addr 172.16.13.147
11-28 15:22:09.717 D/cocos2d-x debug info(14128): trace_frame: 70.508194
11-28 15:22:09.837 D/cocos2d-x debug info(14128): trace_frame: 59.997765
11-28 15:22:09.937 D/cocos2d-x debug info(14128): trace_frame: 59.965816
11-28 15:22:09.977 D/mdns    ( 4397): SocketDataReady got a packet from 172.16.13.131 to 224.0.0.251 on interface 172.16.13.147/wlan0/7/300
11-28 15:22:09.977 D/mdns    ( 4397): Received Response from 172.16.13.131   addressed to 224.0.0.251     on 412B9F90 with  0 Questions,  3 Answers,  0 Authorities,  0 Additionals 198 bytes LLQType 0
11-28 15:22:10.037 D/mdns    ( 4397): mDNS_Execute
11-28 15:22:10.037 D/mdns    ( 4397): mDNS_Execute: Skipping LocalAuthRecord    4 Android-2.local. Addr 172.16.13.147
11-28 15:22:10.037 D/mdns    ( 4397): mDNS_Execute: Skipping LocalAuthRecord   16 Android-2.local. AAAA FE80:0000:0000:0000:026D:0EFF:FE03:A545
11-28 15:22:10.037 D/mdns    ( 4397): mDNS_Execute: Setting NewLocalRecords to    4 Android-2.local. Addr 172.16.13.147
11-28 15:22:10.037 D/mdns    ( 4397): SendQueries:   Put Question 006d0e03a545@MiniMax._raop._tcp.local. (SRV) probecount 2
11-28 15:22:10.037 D/mdns    ( 4397): SendQueries:   Put Question MiniMax._airplay._tcp.local. (SRV) probecount 2
11-28 15:22:10.037 D/mdns    ( 4397): SendQueries:   Put Question Android-2.local. (Addr) probecount 2
11-28 15:22:10.037 D/mdns    ( 4397): SendQueries:   Put Question Android-2.local. (AAAA) probecount 2
11-28 15:22:10.037 D/mdns    ( 4397): SendQueries putting   24 . OPT Max 1440 Vers 0 Seq   0 MAC 00:00:00:00:00:00 I-MAC 2D:32:05:6C:6F:63
11-28 15:22:10.037 D/mdns    ( 4397): SendQueries:   Sending 4 Questions 0 Answers 4 Updates on 412B9F90
11-28 15:22:10.037 D/mdns    ( 4397): SocketDataReady got a packet from 172.16.13.147 to 224.0.0.251 on interface 172.16.13.147/wlan0/7/300
11-28 15:22:10.037 D/mdns    ( 4397): Received Query from 172.16.13.147  :5353  to 224.0.0.251    :5353  on 0x412B9F90 with  4 Questions,  0 Answers,  4 Authorities,  1 Additional  201 bytes
11-28 15:22:10.037 D/mdns    ( 4397): SocketDataReady got a packet from FE80:0000:0000:0000:026D:0EFF:FE03:A545 to FF02:0000:0000:0000:0000:0000:0000:00FB on interface 172.16.13.147/wlan0/7/301
11-28 15:22:10.037 D/mdns    ( 4397): Received Query from FE80:0000:0000:0000:026D:0EFF:FE03:A545:5353  to FF02:0000:0000:0000:0000:0000:0000:00FB:5353  on 0x412B9F90 with  4 Questions,  0 Answers,  4 Authorities,  1 Additional  201 bytes
11-28 15:22:10.047 D/cocos2d-x debug info(14128): trace_frame: 57.682327
11-28 15:22:10.137 D/mdns    ( 4397): mDNS_Execute
11-28 15:22:10.137 D/mdns    ( 4397): mDNS_Execute: Skipping LocalAuthRecord    4 Android-2.local. Addr 172.16.13.147
11-28 15:22:10.137 D/mdns    ( 4397): mDNS_Execute: Skipping LocalAuthRecord   16 Android-2.local. AAAA FE80:0000:0000:0000:026D:0EFF:FE03:A545
11-28 15:22:10.137 D/mdns    ( 4397): mDNS_Execute: Setting NewLocalRecords to    4 Android-2.local. Addr 172.16.13.147
11-28 15:22:10.147 D/launcher_auto(14128): launcher_auto: sendkey and wait.
11-28 15:22:10.157 D/cocos2d-x debug info(14128): trace_frame: 61.852207
11-28 15:22:10.267 D/cocos2d-x debug info(14128): trace_frame: 60.306873
11-28 15:22:10.287 D/mdns    ( 4397): mDNS_Execute
11-28 15:22:10.287 D/mdns    ( 4397): mDNS_Execute: Skipping LocalAuthRecord    4 Android-2.local. Addr 172.16.13.147
11-28 15:22:10.287 D/mdns    ( 4397): mDNS_Execute: Skipping LocalAuthRecord   16 Android-2.local. AAAA FE80:0000:0000:0000:026D:0EFF:FE03:A545
11-28 15:22:10.287 D/mdns    ( 4397): mDNS_Execute: Setting NewLocalRecords to    4 Android-2.local. Addr 172.16.13.147
11-28 15:22:10.287 D/mdns    ( 4397): SendQueries:   Put Question 006d0e03a545@MiniMax._raop._tcp.local. (SRV) probecount 1
11-28 15:22:10.287 D/mdns    ( 4397): SendQueries:   Put Question MiniMax._airplay._tcp.local. (SRV) probecount 1
11-28 15:22:10.287 D/mdns    ( 4397): SendQueries:   Put Question Android-2.local. (Addr) probecount 1
11-28 15:22:10.287 D/mdns    ( 4397): SendQueries:   Put Question Android-2.local. (AAAA) probecount 1
11-28 15:22:10.287 D/mdns    ( 4397): SendQueries putting   24 . OPT Max 1440 Vers 0 Seq   0 MAC 00:00:00:00:00:00 I-MAC 2D:32:05:6C:6F:63
11-28 15:22:10.287 D/mdns    ( 4397): SendQueries:   Sending 4 Questions 0 Answers 4 Updates on 412B9F90
11-28 15:22:10.287 D/mdns    ( 4397): SocketDataReady got a packet from 172.16.13.147 to 224.0.0.251 on interface 172.16.13.147/wlan0/7/300
11-28 15:22:10.287 D/mdns    ( 4397): Received Query from 172.16.13.147  :5353  to 224.0.0.251    :5353  on 0x412B9F90 with  4 Questions,  0 Answers,  4 Authorities,  1 Additional  201 bytes
11-28 15:22:10.287 D/mdns    ( 4397): SocketDataReady got a packet from FE80:0000:0000:0000:026D:0EFF:FE03:A545 to FF02:0000:0000:0000:0000:0000:0000:00FB on interface 172.16.13.147/wlan0/7/301
11-28 15:22:10.287 D/mdns    ( 4397): Received Query from FE80:0000:0000:0000:026D:0EFF:FE03:A545:5353  to FF02:0000:0000:0000:0000:0000:0000:00FB:5353  on 0x412B9F90 with  4 Questions,  0 Answers,  4 Authorities,  1 Additional  201 bytes
11-28 15:22:10.387 D/mdns    ( 4397): mDNS_Execute
11-28 15:22:10.387 D/mdns    ( 4397): mDNS_Execute: Skipping LocalAuthRecord    4 Android-2.local. Addr 172.16.13.147
11-28 15:22:10.387 D/mdns    ( 4397): mDNS_Execute: Skipping LocalAuthRecord   16 Android-2.local. AAAA FE80:0000:0000:0000:026D:0EFF:FE03:A545
11-28 15:22:10.387 D/mdns    ( 4397): mDNS_Execute: Setting NewLocalRecords to    4 Android-2.local. Addr 172.16.13.147
11-28 15:22:10.387 D/cocos2d-x debug info(14128): trace_frame: 59.922279
11-28 15:22:10.427 D/mdns    ( 4397): mDNS_Execute
11-28 15:22:10.427 D/mdns    ( 4397): mDNS_Execute: Skipping LocalAuthRecord    4 Android-2.local. Addr 172.16.13.147
11-28 15:22:10.427 D/mdns    ( 4397): mDNS_Execute: Skipping LocalAuthRecord   16 Android-2.local. AAAA FE80:0000:0000:0000:026D:0EFF:FE03:A545
11-28 15:22:10.427 D/mdns    ( 4397): mDNS_Execute: Setting NewLocalRecords to    4 Android-2.local. Addr 172.16.13.147
11-28 15:22:10.427 D/mdns    ( 4397): SendResponses: Next in 621 ticks
11-28 15:22:10.487 D/cocos2d-x debug info(14128): trace_frame: 59.463047
11-28 15:22:10.537 D/mdns    ( 4397): mDNS_Execute
11-28 15:22:10.537 D/mdns    ( 4397): mDNS_Execute: Skipping LocalAuthRecord    4 Android-2.local. Addr 172.16.13.147
11-28 15:22:10.537 D/mdns    ( 4397): mDNS_Execute: Skipping LocalAuthRecord   16 Android-2.local. AAAA FE80:0000:0000:0000:026D:0EFF:FE03:A545
11-28 15:22:10.537 D/mdns    ( 4397): mDNS_Execute: Setting NewLocalRecords to    4 Android-2.local. Addr 172.16.13.147
11-28 15:22:10.537 D/mdns    ( 4397): mDNS_HostNameCallback: Android-2.local. (Addr) Name registered (0)
11-28 15:22:10.537 D/mdns    ( 4397): mDNS_HostNameCallback: Android-2.local. (AAAA) Name registered (0)
11-28 15:22:10.537 D/mdns    ( 4397): SendQueries:   Put Question 006d0e03a545@MiniMax._raop._tcp.local. (SRV) probecount 0
11-28 15:22:10.537 D/mdns    ( 4397): SendQueries:   Put Question MiniMax._airplay._tcp.local. (SRV) probecount 0
11-28 15:22:10.537 D/mdns    ( 4397): SendQueries:   Put Question Android-2.local. (Addr) probecount 0
11-28 15:22:10.537 D/mdns    ( 4397): SendQueries:   Put Question Android-2.local. (AAAA) probecount 0
11-28 15:22:10.537 D/mdns    ( 4397): SendQueries putting   24 . OPT Max 1440 Vers 0 Seq   0 MAC 00:00:00:00:00:00 I-MAC 2D:32:05:6C:6F:63
11-28 15:22:10.537 D/mdns    ( 4397): SendQueries:   Sending 4 Questions 0 Answers 4 Updates on 412B9F90
11-28 15:22:10.537 D/mdns    ( 4397): SocketDataReady got a packet from 172.16.13.147 to 224.0.0.251 on interface 172.16.13.147/wlan0/7/300
11-28 15:22:10.537 D/mdns    ( 4397): Received Query from 172.16.13.147  :5353  to 224.0.0.251    :5353  on 0x412B9F90 with  4 Questions,  0 Answers,  4 Authorities,  1 Additional  201 bytes
11-28 15:22:10.537 D/mdns    ( 4397): SocketDataReady got a packet from FE80:0000:0000:0000:026D:0EFF:FE03:A545 to FF02:0000:0000:0000:0000:0000:0000:00FB on interface 172.16.13.147/wlan0/7/301
11-28 15:22:10.537 D/mdns    ( 4397): Received Query from FE80:0000:0000:0000:026D:0EFF:FE03:A545:5353  to FF02:0000:0000:0000:0000:0000:0000:00FB:5353  on 0x412B9F90 with  4 Questions,  0 Answers,  4 Authorities,  1 Additional  201 bytes
11-28 15:22:10.607 D/mdns    ( 4397): SocketDataReady got a packet from 172.16.13.34 to 224.0.0.251 on interface 172.16.13.147/wlan0/7/300
11-28 15:22:10.607 D/mdns    ( 4397): Received Response from 172.16.13.34    addressed to 224.0.0.251     on 412B9F90 with  0 Questions,  3 Answers,  0 Authorities,  0 Additionals 183 bytes LLQType 0
11-28 15:22:10.607 D/cocos2d-x debug info(14128): trace_frame: 60.181400
11-28 15:22:10.637 D/mdns    ( 4397): mDNS_Execute
11-28 15:22:10.637 D/mdns    ( 4397): mDNS_Execute: Skipping LocalAuthRecord    4 Android-2.local. Addr 172.16.13.147
11-28 15:22:10.637 D/mdns    ( 4397): mDNS_Execute: Skipping LocalAuthRecord   16 Android-2.local. AAAA FE80:0000:0000:0000:026D:0EFF:FE03:A545
11-28 15:22:10.637 D/mdns    ( 4397): mDNS_Execute: Setting NewLocalRecords to    4 Android-2.local. Addr 172.16.13.147
11-28 15:22:10.657 D/cocos2d-x debug info(14128): JS: HomeMainScene Key down:157
11-28 15:22:10.657 D/cocos2d-x debug info(14128): JS: right button clicked. lastIndex:12
11-28 15:22:10.657 D/cocos2d-x debug info(14128): JS: right button clicked. currentIndex:13
11-28 15:22:10.657 D/cocos2d-x debug info(14128): JS:  HomeMainScene Key up:157
11-28 15:22:10.717 D/cocos2d-x debug info(14128): trace_frame: 60.280907
11-28 15:22:10.787 D/mdns    ( 4397): mDNS_Execute
11-28 15:22:10.787 D/mdns    ( 4397): mDNS_Execute: Skipping LocalAuthRecord    4 Android-2.local. Addr 172.16.13.147
11-28 15:22:10.787 D/mdns    ( 4397): mDNS_Execute: Skipping LocalAuthRecord   16 Android-2.local. AAAA FE80:0000:0000:0000:026D:0EFF:FE03:A545
11-28 15:22:10.787 D/mdns    ( 4397): mDNS_Execute: Setting NewLocalRecords to    4 Android-2.local. Addr 172.16.13.147
11-28 15:22:10.787 D/mdns    ( 4397): Announcing 006d0e03a545@MiniMax._raop._tcp.local. (TXT) 7
11-28 15:22:10.787 D/mdns    ( 4397): Announcing _services._dns-sd._udp.local. (PTR) 7
11-28 15:22:10.787 D/mdns    ( 4397): Announcing _raop._tcp.local. (PTR) 7
11-28 15:22:10.787 D/mdns    ( 4397): Announcing MiniMax._airplay._tcp.local. (TXT) 7
