11-28 15:24:43.287 D/cocos2d-x debug info(14128): trace_frame: 60.422440
11-28 15:24:43.377 D/launcher_auto(14128): launcher_auto: sendkey and wait.
11-28 15:24:43.387 D/cocos2d-x debug info(14128): trace_frame: 59.316669
11-28 15:24:43.507 D/cocos2d-x debug info(14128): trace_frame: 60.634937
11-28 15:24:43.617 D/cocos2d-x debug info(14128): trace_frame: 60.029675
11-28 15:24:43.717 D/cocos2d-x debug info(14128): trace_frame: 59.945454
11-28 15:24:43.827 D/mdns    ( 4397): mDNS_Execute
11-28 15:24:43.827 D/mdns    ( 4397): mDNS_Execute: Setting NewLocalRecords to NULL
11-28 15:24:43.827 D/mdns    ( 4397): Announcing 006d0e03a545@MiniMax._raop._tcp.local. (TXT) 5
11-28 15:24:43.827 D/mdns    ( 4397): Announcing _services._dns-sd._udp.local. (PTR) 5
11-28 15:24:43.827 D/mdns    ( 4397): Announcing _raop._tcp.local. (PTR) 5
11-28 15:24:43.827 D/mdns    ( 4397): Announcing MiniMax._airplay._tcp.local. (TXT) 5
11-28 15:24:43.827 D/mdns    ( 4397): Announcing _services._dns-sd._udp.local. (PTR) 5
11-28 15:24:43.827 D/mdns    ( 4397): Announcing _airplay._tcp.local. (PTR) 5
11-28 15:24:43.827 D/mdns    ( 4397): Announcing 006d0e03a545@MiniMax._raop._tcp.local. (SRV) 5
11-28 15:24:43.827 D/mdns    ( 4397): Announcing MiniMax._airplay._tcp.local. (SRV) 5
11-28 15:24:43.827 D/mdns    ( 4397): Announcing 147.13.16.172.in-addr.arpa. (PTR) 5
11-28 15:24:43.827 D/mdns    ( 4397): Announcing 5.4.5.A.3.0.E.F.F.F.E.0.D.6.2.0.0.0.0.0.0.0.0.0.0.0.0.0.0.8.E.F.ip6.arpa. (PTR) 5
11-28 15:24:43.827 D/mdns    ( 4397): Announcing Android-2.local. (Addr) 5
11-28 15:24:43.827 D/mdns    ( 4397): Announcing Android-2.local. (AAAA) 5
11-28 15:24:43.827 D/mdns    ( 4397): SendResponses: Sending 0 Deregistrations, 12 Announcements, 0 Answers, 5 Additionals on 412BB3B8
11-28 15:24:43.827 D/mdns    ( 4397): SendResponses: Next in 4096 ticks
11-28 15:24:43.827 D/mdns    ( 4397): SocketDataReady got a packet from 172.16.13.147 to 224.0.0.251 on interface 172.16.13.147/wlan0/7/320
11-28 15:24:43.827 D/mdns    ( 4397): Received Response from 172.16.13.147   addressed to 224.0.0.251     on 412BB3B8 with  0 Questions, 12 Answers,  0 Authorities,  5 Additionals 661 bytes LLQType 0
11-28 15:24:43.837 D/mdns    ( 4397): Found record size   115 interface 412BB3B8 already in cache:  115 006d0e03a545@MiniMax._raop._tcp.local. TXT ch=2¦cn=0,1¦da=true¦ek=1¦et=0,1¦md=0,1,2¦pw=false¦sm=false¦sr=44100¦ss=16¦sv=false¦tp=UDP¦txtvers=
11-28 15:24:43.837 D/mdns    ( 4397): Found record size    75 interface 412BB3B8 already in cache:   75 MiniMax._airplay._tcp.local. TXT deviceid=00:6d:0e:03:a5:45¦features=0x2077¦model=AppleTV2,1¦srcvers=101.28
11-28 15:24:43.837 D/mdns    ( 4397): Found record size    78 interface 412BB3B8 already in cache:   78 5.4.5.A.3.0.E.F.F.F.E.0.D.6.2.0.0.0.0.0.0.0.0.0.0.0.0.0.0.8.E.F.ip6.arpa. NSEC PTR 
11-28 15:24:43.837 D/mdns    ( 4397): SocketDataReady got a packet from FE80:0000:0000:0000:026D:0EFF:FE03:A545 to FF02:0000:0000:0000:0000:0000:0000:00FB on interface 172.16.13.147/wlan0/7/321
11-28 15:24:43.837 D/mdns    ( 4397): Received Response from FE80:0000:0000:0000:026D:0EFF:FE03:A545 addressed to FF02:0000:0000:0000:0000:0000:0000:00FB on 412BB3B8 with  0 Questions, 12 Answers,  0 Authorities,  5 Additionals 661 bytes LLQType 0
11-28 15:24:43.837 D/mdns    ( 4397): Found record size   115 interface 412BB3B8 already in cache:  115 006d0e03a545@MiniMax._raop._tcp.local. TXT ch=2¦cn=0,1¦da=true¦ek=1¦et=0,1¦md=0,1,2¦pw=false¦sm=false¦sr=44100¦ss=16¦sv=false¦tp=UDP¦txtvers=
11-28 15:24:43.837 D/mdns    ( 4397): Found record size    75 interface 412BB3B8 already in cache:   75 MiniMax._airplay._tcp.local. TXT deviceid=00:6d:0e:03:a5:45¦features=0x2077¦model=AppleTV2,1¦srcvers=101.28
11-28 15:24:43.837 D/mdns    ( 4397): Found record size    78 interface 412BB3B8 already in cache:   78 5.4.5.A.3.0.E.F.F.F.E.0.D.6.2.0.0.0.0.0.0.0.0.0.0.0.0.0.0.8.E.F.ip6.arpa. NSEC PTR 
11-28 15:24:43.837 D/cocos2d-x debug info(14128): trace_frame: 58.862606
11-28 15:24:43.887 D/cocos2d-x debug info(14128): JS: keyCode : 156
11-28 15:24:43.887 D/cocos2d-x debug info(14128): JS: left button clicked. currentIndex:31
11-28 15:24:43.927 D/mdns    ( 4397): mDNS_Execute
11-28 15:24:43.927 D/mdns    ( 4397): mDNS_Execute: Setting NewLocalRecords to NULL
11-28 15:24:43.957 D/cocos2d-x debug info(14128): trace_frame: 61.182926
11-28 15:24:44.067 D/cocos2d-x debug info(14128): trace_frame: 60.005997
11-28 15:24:44.107 D/cocos2d-x debug info(14128): JS: tableMoveFinished 
11-28 15:24:44.107 D/cocos2d-x debug info(14128): JS: updateAppInfo, cellIndex = 31
11-28 15:24:44.107 D/cocos2d-x debug info(14128): JS: updateAppButtonPosition appButton : [object Object]
11-28 15:24:44.107 D/cocos2d-x debug info(14128): JS: updateAppButtonPosition appButton : [object Object]
11-28 15:24:44.117 D/cocos2d-x debug info(14128): JS: updateAppButtonState cellIndex : 31
11-28 15:24:44.117 D/cocos2d-x debug info(14128): JS: setAppButtons typeArray : 1
11-28 15:24:44.187 D/mdns    ( 4397): SocketDataReady got a packet from 172.16.13.187 to 224.0.0.251 on interface 172.16.13.147/wlan0/7/320
11-28 15:24:44.187 D/mdns    ( 4397): Received Response from 172.16.13.187   addressed to 224.0.0.251     on 412BB3B8 with  0 Questions,  3 Answers,  0 Authorities,  0 Additionals 202 bytes LLQType 0
11-28 15:24:44.187 D/cocos2d-x debug info(14128): trace_frame: 59.295906
11-28 15:24:44.307 D/cocos2d-x debug info(14128): trace_frame: 60.213497
11-28 15:24:44.377 D/launcher_auto(14128): launcher_auto: sendkey and wait.
11-28 15:24:44.417 D/cocos2d-x debug info(14128): trace_frame: 60.492409
11-28 15:24:44.537 D/cocos2d-x debug info(14128): trace_frame: 60.022980
11-28 15:24:44.657 D/cocos2d-x debug info(14128): trace_frame: 60.043056
11-28 15:24:44.757 D/cocos2d-x debug info(14128): trace_frame: 59.987999
11-28 15:24:44.857 D/cocos2d-x debug info(14128): trace_frame: 59.947250
11-28 15:24:44.887 D/cocos2d-x debug info(14128): JS: keyCode : 156
11-28 15:24:44.887 D/cocos2d-x debug info(14128): JS: left button clicked. currentIndex:30
11-28 15:24:44.967 D/cocos2d-x debug info(14128): trace_frame: 60.025043
11-28 15:24:45.087 D/cocos2d-x debug info(14128): trace_frame: 59.996750
11-28 15:24:45.107 D/cocos2d-x debug info(14128): JS: tableMoveFinished 
11-28 15:24:45.107 D/cocos2d-x debug info(14128): JS: updateAppInfo, cellIndex = 30
11-28 15:24:45.107 D/cocos2d-x debug info(14128): JS: updateAppButtonPosition appButton : [object Object]
11-28 15:24:45.107 D/cocos2d-x debug info(14128): JS: updateAppButtonPosition appButton : [object Object]
11-28 15:24:45.107 D/cocos2d-x debug info(14128): JS: updateAppButtonState cellIndex : 30
11-28 15:24:45.117 D/cocos2d-x debug info(14128): JS: setAppButtons typeArray : 1
11-28 15:24:45.187 D/cocos2d-x debug info(14128): trace_frame: 59.977203
11-28 15:24:45.287 D/cocos2d-x debug info(14128): trace_frame: 59.866505
11-28 15:24:45.387 D/launcher_auto(14128): launcher_auto: sendkey and wait.
11-28 15:24:45.407 D/cocos2d-x debug info(14128): trace_frame: 60.060574
11-28 15:24:45.417 D/mdns    ( 4397): SocketDataReady got a packet from 172.16.13.164 to 224.0.0.251 on interface 172.16.13.147/wlan0/7/320
11-28 15:24:45.417 D/mdns    ( 4397): Received Response from 172.16.13.164   addressed to 224.0.0.251     on 412BB3B8 with  0 Questions,  3 Answers,  0 Authorities,  0 Additionals 290 bytes LLQType 0
11-28 15:24:45.507 D/cocos2d-x debug info(14128): trace_frame: 59.974213
11-28 15:24:45.617 D/cocos2d-x debug info(14128): trace_frame: 60.100796
11-28 15:24:45.717 D/cocos2d-x debug info(14128): trace_frame: 59.912525
11-28 15:24:45.837 D/cocos2d-x debug info(14128): trace_frame: 60.053879
11-28 15:24:45.887 D/cocos2d-x debug info(14128): JS: keyCode : 156
11-28 15:24:45.887 D/cocos2d-x debug info(14128): JS: turnPage: toRight false
11-28 15:24:45.887 D/cocos2d-x debug info(14128): JS: jumpFocus4
11-28 15:24:45.897 D/cocos2d-x debug info(14128): JS: toXPosition1719.5y212
11-28 15:24:45.897 D/cocos2d-x debug info(14128): JS: left button clicked. currentIndex:29
11-28 15:24:45.937 D/cocos2d-x debug info(14128): JS: setAppServerInfo appServerInfo : [object Object]
11-28 15:24:45.937 D/cocos2d-x debug info(14128): JS: launcherAppAdapter updateData cell28
11-28 15:24:45.937 D/cocos2d-x debug info(14128): JS: launcherAppAdapter fillData cell28
11-28 15:24:45.937 D/cocos2d-x debug info(14128): JS: this.mData.length4328
11-28 15:24:45.947 D/cocos2d-x debug info(14128): JS: local app:com.softwinner.miracastReceiver
11-28 15:24:45.947 D/JniHelper(14128): JniHelper::getJavaVM(), pthread_self() = 1529184920
11-28 15:24:45.947 D/FileUtil(14128): getImageFilePathByUrl, url is /data/data/tv.fun.launcher/files/com.softwinner.miracastReceiver
11-28 15:24:45.947 D/FileUtil(14128): getImageFilePathByUrl, fileName is com.softwinner.miracastReceiver
11-28 15:24:45.947 D/cocos2d-x debug info(14128): JS: no Icon cache for com.softwinner.miracastReceiver
11-28 15:24:45.947 D/JniHelper(14128): JniHelper::getJavaVM(), pthread_self() = 1529184920
11-28 15:24:45.947 D/LoadIconAsyncTask(14128): start load pkgName is com.softwinner.miracastReceiver
11-28 15:24:45.947 D/cocos2d-x debug info(14128): JS: local app: appIcon begin4
11-28 15:24:45.947 D/JniHelper(14128): JniHelper::getJavaVM(), pthread_self() = 1529184920
11-28 15:24:45.947 D/LoadIconAsyncTask(14128): com.softwinner.miracastReceiver load result is true
11-28 15:24:45.957 D/cocos2d-x debug info(14128): JS: updateAppInfoStateAndProgress downloadState : 1
11-28 15:24:45.967 D/cocos2d-x debug info(14128): trace_frame: 59.989204
11-28 15:24:45.967 D/AppStoreManager(14128): javaCallJs.run()------------------------------------------------
11-28 15:24:45.967 D/AppStoreManager(14128): callbackStr : launcher.eventCenter.onImageLoaded({"url":"\/data\/data\/tv.fun.launcher\/files\/com.softwinner.miracastReceiver"})
11-28 15:24:45.967 D/cocos2d-x debug info(14128): JS: launcher.eventCenter.onImageLoaded
11-28 15:24:45.977 D/cocos2d-x debug info(14128): JS: onImageLoaded url:/data/data/tv.fun.launcher/files/com.softwinner.miracastReceiver
11-28 15:24:45.977 D/cocos2d-x debug info(14128): JS: AppsLayer getCellByUrl, return null, url is /data/data/tv.fun.launcher/files/com.softwinner.miracastReceiver
11-28 15:24:45.977 D/cocos2d-x debug info(14128): JS: onLoadImage end
11-28 15:24:45.977 D/cocos2d-x debug info(14128): JS: onLoadImage start:/data/data/tv.fun.launcher/files/com.softwinner.miracastReceiver
11-28 15:24:45.977 D/JniHelper(14128): JniHelper::getJavaVM(), pthread_self() = 1529184920
11-28 15:24:45.977 D/FileUtil(14128): getImageFilePathByUrl, url is /data/data/tv.fun.launcher/files/com.softwinner.miracastReceiver
11-28 15:24:45.977 D/FileUtil(14128): getImageFilePathByUrl, fileName is com.softwinner.miracastReceiver
11-28 15:24:45.987 D/cocos2d-x debug info(14128): JS: onLoadImage end
11-28 15:24:45.997 D/dalvikvm(14128): GC_CONCURRENT freed 1536K, 60% free 7434K/18508K, paused 3ms+3ms, total 37ms
11-28 15:24:46.007 D/cocos2d-x debug info(14128): JS: setAppServerInfo appServerInfo : [object Object]
11-28 15:24:46.007 D/cocos2d-x debug info(14128): JS: launcherAppAdapter updateData cell27
11-28 15:24:46.007 D/cocos2d-x debug info(14128): JS: launcherAppAdapter fillData cell27
11-28 15:24:46.007 D/cocos2d-x debug info(14128): JS: this.mData.length4327
11-28 15:24:46.007 D/cocos2d-x debug info(14128): JS: local app:com.mele.webnav
11-28 15:24:46.007 D/JniHelper(14128): JniHelper::getJavaVM(), pthread_self() = 1529184920
11-28 15:24:46.007 D/FileUtil(14128): getImageFilePathByUrl, url is /data/data/tv.fun.launcher/files/com.mele.webnav
11-28 15:24:46.007 D/FileUtil(14128): getImageFilePathByUrl, fileName is com.mele.webnav
11-28 15:24:46.017 D/cocos2d-x debug info(14128): JS: no Icon cache for com.mele.webnav
11-28 15:24:46.017 D/JniHelper(14128): JniHelper::getJavaVM(), pthread_self() = 1529184920
11-28 15:24:46.017 D/cocos2d-x debug info(14128): JS: local app: appIcon begin4
11-28 15:24:46.017 D/LoadIconAsyncTask(14128): start load pkgName is com.mele.webnav
11-28 15:24:46.017 D/LoadIconAsyncTask(14128): com.mele.webnav load result is true
11-28 15:24:46.017 D/JniHelper(14128): JniHelper::getJavaVM(), pthread_self() = 1529184920
11-28 15:24:46.017 D/cocos2d-x debug info(14128): JS: updateAppInfoStateAndProgress downloadState : 1
11-28 15:24:46.027 D/AppStoreManager(14128): javaCallJs.run()------------------------------------------------
11-28 15:24:46.027 D/AppStoreManager(14128): callbackStr : launcher.eventCenter.onImageLoaded({"url":"\/data\/data\/tv.fun.launcher\/files\/com.mele.webnav"})
11-28 15:24:46.027 D/cocos2d-x debug info(14128): JS: launcher.eventCenter.onImageLoaded
11-28 15:24:46.037 D/cocos2d-x debug info(14128): JS: onImageLoaded url:/data/data/tv.fun.launcher/files/com.mele.webnav
11-28 15:24:46.037 D/cocos2d-x debug info(14128): JS: AppsLayer getCellByUrl, return null, url is /data/data/tv.fun.launcher/files/com.mele.webnav
11-28 15:24:46.037 D/cocos2d-x debug info(14128): JS: onLoadImage end
11-28 15:24:46.037 D/cocos2d-x debug info(14128): JS: onLoadImage start:/data/data/tv.fun.launcher/files/com.mele.webnav
11-28 15:24:46.037 D/mdns    ( 4397): SocketDataReady got a packet from 172.16.13.203 to 224.0.0.251 on interface 172.16.13.147/wlan0/7/320
11-28 15:24:46.037 D/mdns    ( 4397): Received Response from 172.16.13.203   addressed to 224.0.0.251     on 412BB3B8 with  0 Questions,  1 Answer,   0 Authorities,  0 Additionals 38 bytes LLQType 0
11-28 15:24:46.037 D/JniHelper(14128): JniHelper::getJavaVM(), pthread_self() = 1529184920
11-28 15:24:46.037 D/FileUtil(14128): getImageFilePathByUrl, url is /data/data/tv.fun.launcher/files/com.mele.webnav
11-28 15:24:46.037 D/FileUtil(14128): getImageFilePathByUrl, fileName is com.mele.webnav
11-28 15:24:46.047 D/cocos2d-x debug info(14128): JS: onLoadImage end
11-28 15:24:46.047 D/cocos2d-x debug info(14128): trace_frame: 37.794331
11-28 15:24:46.067 D/cocos2d-x debug info(14128): JS: setAppServerInfo appServerInfo : [object Object]
11-28 15:24:46.067 D/cocos2d-x debug info(14128): JS: launcherAppAdapter updateData cell26
11-28 15:24:46.077 D/cocos2d-x debug info(14128): JS: launcherAppAdapter fillData cell26
11-28 15:24:46.077 D/cocos2d-x debug info(14128): JS: this.mData.length4326
11-28 15:24:46.077 D/cocos2d-x debug info(14128): JS: local app:com.mele.settingswizard
11-28 15:24:46.077 D/JniHelper(14128): JniHelper::getJavaVM(), pthread_self() = 1529184920
11-28 15:24:46.077 D/FileUtil(14128): getImageFilePathByUrl, url is /data/data/tv.fun.launcher/files/com.mele.settingswizard
11-28 15:24:46.077 D/FileUtil(14128): getImageFilePathByUrl, fileName is com.mele.settingswizard
11-28 15:24:46.077 D/cocos2d-x debug info(14128): JS: no Icon cache for com.mele.settingswizard
11-28 15:24:46.077 D/JniHelper(14128): JniHelper::getJavaVM(), pthread_self() = 1529184920
11-28 15:24:46.077 D/cocos2d-x debug info(14128): JS: local app: appIcon begin4
11-28 15:24:46.077 D/LoadIconAsyncTask(14128): start load pkgName is com.mele.settingswizard
11-28 15:24:46.087 D/JniHelper(14128): JniHelper::getJavaVM(), pthread_self() = 1529184920
11-28 15:24:46.087 D/cocos2d-x debug info(14128): JS: updateAppInfoStateAndProgress downloadState : 1
11-28 15:24:46.097 D/LoadIconAsyncTask(14128): com.mele.settingswizard load result is true
11-28 15:24:46.097 D/AppStoreManager(14128): javaCallJs.run()------------------------------------------------
11-28 15:24:46.097 D/AppStoreManager(14128): callbackStr : launcher.eventCenter.onImageLoaded({"url":"\/data\/data\/tv.fun.launcher\/files\/com.mele.settingswizard"})
11-28 15:24:46.097 D/cocos2d-x debug info(14128): JS: launcher.eventCenter.onImageLoaded
11-28 15:24:46.097 D/cocos2d-x debug info(14128): JS: onImageLoaded url:/data/data/tv.fun.launcher/files/com.mele.settingswizard
11-28 15:24:46.097 D/cocos2d-x debug info(14128): JS: AppsLayer getCellByUrl, return null, url is /data/data/tv.fun.launcher/files/com.mele.settingswizard
11-28 15:24:46.097 D/cocos2d-x debug info(14128): JS: onLoadImage end
11-28 15:24:46.097 D/cocos2d-x debug info(14128): JS: onLoadImage start:/data/data/tv.fun.launcher/files/com.mele.settingswizard
11-28 15:24:46.107 D/JniHelper(14128): JniHelper::getJavaVM(), pthread_self() = 1529184920
11-28 15:24:46.107 D/FileUtil(14128): getImageFilePathByUrl, url is /data/data/tv.fun.launcher/files/com.mele.settingswizard
11-28 15:24:46.107 D/FileUtil(14128): getImageFilePathByUrl, fileName is com.mele.settingswizard
11-28 15:24:46.107 D/cocos2d-x debug info(14128): JS: onLoadImage end
11-28 15:24:46.157 D/cocos2d-x debug info(14128): JS: setAppServerInfo appServerInfo : [object Object]
11-28 15:24:46.157 D/cocos2d-x debug info(14128): JS: launcherAppAdapter updateData cell25
11-28 15:24:46.157 D/cocos2d-x debug info(14128): JS: launcherAppAdapter fillData cell25
11-28 15:24:46.157 D/cocos2d-x debug info(14128): JS: this.mData.length4325
11-28 15:24:46.157 D/cocos2d-x debug info(14128): JS: local app:com.zbmv
11-28 15:24:46.157 D/JniHelper(14128): JniHelper::getJavaVM(), pthread_self() = 1529184920
11-28 15:24:46.157 D/FileUtil(14128): getImageFilePathByUrl, url is /data/data/tv.fun.launcher/files/com.zbmv
11-28 15:24:46.157 D/FileUtil(14128): getImageFilePathByUrl, fileName is com.zbmv
11-28 15:24:46.167 D/cocos2d-x debug info(14128): JS: no Icon cache for com.zbmv
11-28 15:24:46.167 D/JniHelper(14128): JniHelper::getJavaVM(), pthread_self() = 1529184920
11-28 15:24:46.167 D/LoadIconAsyncTask(14128): start load pkgName is com.zbmv
11-28 15:24:46.167 D/cocos2d-x debug info(14128): JS: local app: appIcon begin4
11-28 15:24:46.167 D/JniHelper(14128): JniHelper::getJavaVM(), pthread_self() = 1529184920
11-28 15:24:46.167 D/LoadIconAsyncTask(14128): com.zbmv load result is true
11-28 15:24:46.167 D/cocos2d-x debug info(14128): JS: updateAppInfoStateAndProgress downloadState : 1
11-28 15:24:46.177 D/cocos2d-x debug info(14128): trace_frame: 72.210640
11-28 15:24:46.177 D/AppStoreManager(14128): javaCallJs.run()------------------------------------------------
11-28 15:24:46.177 D/AppStoreManager(14128): callbackStr : launcher.eventCenter.onImageLoaded({"url":"\/data\/data\/tv.fun.launcher\/files\/com.zbmv"})
11-28 15:24:46.177 D/cocos2d-x debug info(14128): JS: launcher.eventCenter.onImageLoaded
11-28 15:24:46.177 D/cocos2d-x debug info(14128): JS: onImageLoaded url:/data/data/tv.fun.launcher/files/com.zbmv
11-28 15:24:46.187 D/cocos2d-x debug info(14128): JS: AppsLayer getCellByUrl, return null, url is /data/data/tv.fun.launcher/files/com.zbmv
11-28 15:24:46.187 D/cocos2d-x debug info(14128): JS: onLoadImage end
11-28 15:24:46.187 D/cocos2d-x debug info(14128): JS: onLoadImage start:/data/data/tv.fun.launcher/files/com.zbmv
11-28 15:24:46.187 D/JniHelper(14128): JniHelper::getJavaVM(), pthread_self() = 1529184920
11-28 15:24:46.187 D/FileUtil(14128): getImageFilePathByUrl, url is /data/data/tv.fun.launcher/files/com.zbmv
11-28 15:24:46.187 D/FileUtil(14128): getImageFilePathByUrl, fileName is com.zbmv
11-28 15:24:46.187 D/cocos2d-x debug info(14128): JS: onLoadImage end
11-28 15:24:46.267 D/cocos2d-x debug info(14128): JS: setAppServerInfo appServerInfo : [object Object]
11-28 15:24:46.267 D/cocos2d-x debug info(14128): JS: launcherAppAdapter updateData cell24
11-28 15:24:46.277 D/cocos2d-x debug info(14128): JS: launcherAppAdapter fillData cell24
11-28 15:24:46.277 D/cocos2d-x debug info(14128): JS: this.mData.length4324
11-28 15:24:46.277 D/cocos2d-x debug info(14128): JS: local app:com.iflytek.xiri
11-28 15:24:46.277 D/JniHelper(14128): JniHelper::getJavaVM(), pthread_self() = 1529184920
11-28 15:24:46.277 D/FileUtil(14128): getImageFilePathByUrl, url is /data/data/tv.fun.launcher/files/com.iflytek.xiri
11-28 15:24:46.277 D/FileUtil(14128): getImageFilePathByUrl, fileName is com.iflytek.xiri
11-28 15:24:46.277 D/cocos2d-x debug info(14128): JS: no Icon cache for com.iflytek.xiri
11-28 15:24:46.277 D/JniHelper(14128): JniHelper::getJavaVM(), pthread_self() = 1529184920
11-28 15:24:46.277 D/LoadIconAsyncTask(14128): start load pkgName is com.iflytek.xiri
11-28 15:24:46.287 D/LoadIconAsyncTask(14128): com.iflytek.xiri load result is true
11-28 15:24:46.287 D/cocos2d-x debug info(14128): JS: local app: appIcon begin4
11-28 15:24:46.287 D/JniHelper(14128): JniHelper::getJavaVM(), pthread_self() = 1529184920
11-28 15:24:46.287 D/cocos2d-x debug info(14128): JS: updateAppInfoStateAndProgress downloadState : 1
11-28 15:24:46.287 D/cocos2d-x debug info(14128): trace_frame: 59.979259
11-28 15:24:46.297 D/AppStoreManager(14128): javaCallJs.run()------------------------------------------------
11-28 15:24:46.297 D/AppStoreManager(14128): callbackStr : launcher.eventCenter.onImageLoaded({"url":"\/data\/data\/tv.fun.launcher\/files\/com.iflytek.xiri"})
11-28 15:24:46.297 D/cocos2d-x debug info(14128): JS: launcher.eventCenter.onImageLoaded
11-28 15:24:46.297 D/cocos2d-x debug info(14128): JS: onImageLoaded url:/data/data/tv.fun.launcher/files/com.iflytek.xiri
11-28 15:24:46.297 D/cocos2d-x debug info(14128): JS: AppsLayer getCellByUrl, return null, url is /data/data/tv.fun.launcher/files/com.iflytek.xiri
11-28 15:24:46.297 D/cocos2d-x debug info(14128): JS: onLoadImage end
11-28 15:24:46.297 D/cocos2d-x debug info(14128): JS: onLoadImage start:/data/data/tv.fun.launcher/files/com.iflytek.xiri
11-28 15:24:46.297 D/JniHelper(14128): JniHelper::getJavaVM(), pthread_self() = 1529184920
11-28 15:24:46.307 D/FileUtil(14128): getImageFilePathByUrl, url is /data/data/tv.fun.launcher/files/com.iflytek.xiri
11-28 15:24:46.307 D/FileUtil(14128): getImageFilePathByUrl, fileName is com.iflytek.xiri
11-28 15:24:46.307 D/cocos2d-x debug info(14128): JS: onLoadImage end
11-28 15:24:46.387 D/cocos2d-x debug info(14128): trace_frame: 60.012688
11-28 15:24:46.397 D/launcher_auto(14128): launcher_auto: sendkey and wait.
11-28 15:24:46.417 D/cocos2d-x debug info(14128): JS: tableMoveFinished 
11-28 15:24:46.417 D/cocos2d-x debug info(14128): JS: updateAppInfo, cellIndex = 29
11-28 15:24:46.427 D/cocos2d-x debug info(14128): JS: updateAppButtonPosition appButton : [object Object]
11-28 15:24:46.427 D/cocos2d-x debug info(14128): JS: updateAppButtonPosition appButton : [object Object]
11-28 15:24:46.427 D/cocos2d-x debug info(14128): JS: updateAppButtonState cellIndex : 29
11-28 15:24:46.427 D/cocos2d-x debug info(14128): JS: setAppButtons typeArray : 1
11-28 15:24:46.487 D/cocos2d-x debug info(14128): trace_frame: 59.465408
11-28 15:24:46.607 D/cocos2d-x debug info(14128): trace_frame: 60.503387
11-28 15:24:46.647 D/mdns    ( 4397): SocketDataReady got a packet from 172.16.13.187 to 224.0.0.251 on interface 172.16.13.147/wlan0/7/320
11-28 15:24:46.647 D/mdns    ( 4397): Received Response from 172.16.13.187   addressed to 224.0.0.251     on 412BB3B8 with  0 Questions,  3 Answers,  0 Authorities,  0 Additionals 290 bytes LLQType 0
11-28 15:24:46.707 D/cocos2d-x debug info(14128): trace_frame: 59.915520
11-28 15:24:46.807 D/cocos2d-x debug info(14128): trace_frame: 59.877846
11-28 15:24:46.907 D/cocos2d-x debug info(14128): JS: keyCode : 156
11-28 15:24:46.907 D/cocos2d-x debug info(14128): JS: left button clicked. currentIndex:28
11-28 15:24:46.907 D/cocos2d-x debug info(14128): trace_frame: 57.737831
11-28 15:24:47.017 D/cocos2d-x debug info(14128): trace_frame: 62.262051
11-28 15:24:47.117 D/cocos2d-x debug info(14128): JS: tableMoveFinished 
11-28 15:24:47.117 D/cocos2d-x debug info(14128): JS: updateAppInfo, cellIndex = 28
11-28 15:24:47.127 D/cocos2d-x debug info(14128): JS: updateAppButtonPosition appButton : [object Object]
11-28 15:24:47.127 D/cocos2d-x debug info(14128): JS: updateAppButtonPosition appButton : [object Object]
11-28 15:24:47.127 D/cocos2d-x debug info(14128): JS: updateAppButtonState cellIndex : 28
11-28 15:24:47.127 D/cocos2d-x debug info(14128): JS: setAppButtons typeArray : 1
11-28 15:24:47.137 D/cocos2d-x debug info(14128): trace_frame: 59.950245
11-28 15:24:47.237 D/cocos2d-x debug info(14128): trace_frame: 60.036880
11-28 15:24:47.357 D/cocos2d-x debug info(14128): trace_frame: 60.037907
11-28 15:24:47.397 D/launcher_auto(14128): launcher_auto: sendkey and wait.
11-28 15:24:47.457 D/cocos2d-x debug info(14128): trace_frame: 59.976006
11-28 15:24:47.557 D/cocos2d-x debug info(14128): trace_frame: 59.989803
11-28 15:24:47.667 D/cocos2d-x debug info(14128): trace_frame: 60.027096
11-28 15:24:47.767 D/cocos2d-x debug info(14128): trace_frame: 59.855152
11-28 15:24:47.827 D/mdns    ( 4397): mDNS_Execute
11-28 15:24:47.827 D/mdns    ( 4397): mDNS_Execute: Setting NewLocalRecords to NULL
11-28 15:24:47.827 D/mdns    ( 4397): Announcing 006d0e03a545@MiniMax._raop._tcp.local. (TXT) 4
11-28 15:24:47.827 D/mdns    ( 4397): Announcing _services._dns-sd._udp.local. (PTR) 4
11-28 15:24:47.827 D/mdns    ( 4397): Announcing _raop._tcp.local. (PTR) 4
11-28 15:24:47.827 D/mdns    ( 4397): Announcing MiniMax._airplay._tcp.local. (TXT) 4
11-28 15:24:47.827 D/mdns    ( 4397): Announcing _services._dns-sd._udp.local. (PTR) 4
11-28 15:24:47.827 D/mdns    ( 4397): Announcing _airplay._tcp.local. (PTR) 4
11-28 15:24:47.827 D/mdns    ( 4397): Announcing 006d0e03a545@MiniMax._raop._tcp.local. (SRV) 4
11-28 15:24:47.827 D/mdns    ( 4397): Announcing MiniMax._airplay._tcp.local. (SRV) 4
11-28 15:24:47.827 D/mdns    ( 4397): Announcing 147.13.16.172.in-addr.arpa. (PTR) 4
11-28 15:24:47.827 D/mdns    ( 4397): Announcing 5.4.5.A.3.0.E.F.F.F.E.0.D.6.2.0.0.0.0.0.0.0.0.0.0.0.0.0.0.8.E.F.ip6.arpa. (PTR) 4
11-28 15:24:47.827 D/mdns    ( 4397): Announcing Android-2.local. (Addr) 4
11-28 15:24:47.827 D/mdns    ( 4397): Announcing Android-2.local. (AAAA) 4
11-28 15:24:47.827 D/mdns    ( 4397): SendResponses: Sending 0 Deregistrations, 12 Announcements, 0 Answers, 5 Additionals on 412BB3B8
11-28 15:24:47.827 D/mdns    ( 4397): SendResponses: Next in 8192 ticks
11-28 15:24:47.827 D/mdns    ( 4397): SocketDataReady got a packet from 172.16.13.147 to 224.0.0.251 on interface 172.16.13.147/wlan0/7/320
11-28 15:24:47.827 D/mdns    ( 4397): Received Response from 172.16.13.147   addressed to 224.0.0.251     on 412BB3B8 with  0 Questions, 12 Answers,  0 Authorities,  5 Additionals 661 bytes LLQType 0
11-28 15:24:47.827 D/mdns    ( 4397): Found record size   115 interface 412BB3B8 already in cache:  115 006d0e03a545@MiniMax._raop._tcp.local. TXT ch=2¦cn=0,1¦da=true¦ek=1¦et=0,1¦md=0,1,2¦pw=false¦sm=false¦sr=44100¦ss=16¦sv=false¦tp=UDP¦txtvers=
11-28 15:24:47.827 D/mdns    ( 4397): Found record size    75 interface 412BB3B8 already in cache:   75 MiniMax._airplay._tcp.local. TXT deviceid=00:6d:0e:03:a5:45¦features=0x2077¦model=AppleTV2,1¦srcvers=101.28
11-28 15:24:47.827 D/mdns    ( 4397): Found record size    78 interface 412BB3B8 already in cache:   78 5.4.5.A.3.0.E.F.F.F.E.0.D.6.2.0.0.0.0.0.0.0.0.0.0.0.0.0.0.8.E.F.ip6.arpa. NSEC PTR 
11-28 15:24:47.827 D/mdns    ( 4397): SocketDataReady got a packet from FE80:0000:0000:0000:026D:0EFF:FE03:A545 to FF02:0000:0000:0000:0000:0000:0000:00FB on interface 172.16.13.147/wlan0/7/321
11-28 15:24:47.827 D/mdns    ( 4397): Received Response from FE80:0000:0000:0000:026D:0EFF:FE03:A545 addressed to FF02:0000:0000:0000:0000:0000:0000:00FB on 412BB3B8 with  0 Questions, 12 Answers,  0 Authorities,  5 Additionals 661 bytes LLQType 0
11-28 15:24:47.827 D/mdns    ( 4397): Found record size   115 interface 412BB3B8 already in cache:  115 006d0e03a545@MiniMax._raop._tcp.local. TXT ch=2¦cn=0,1¦da=true¦ek=1¦et=0,1¦md=0,1,2¦pw=false¦sm=false¦sr=44100¦ss=16¦sv=false¦tp=UDP¦txtvers=
11-28 15:24:47.827 D/mdns    ( 4397): Found record size    75 interface 412BB3B8 already in cache:   75 MiniMax._airplay._tcp.local. TXT deviceid=00:6d:0e:03:a5:45¦features=0x2077¦model=AppleTV2,1¦srcvers=101.28
11-28 15:24:47.827 D/mdns    ( 4397): Found record size    78 interface 412BB3B8 already in cache:   78 5.4.5.A.3.0.E.F.F.F.E.0.D.6.2.0.0.0.0.0.0.0.0.0.0.0.0.0.0.8.E.F.ip6.arpa. NSEC PTR 
11-28 15:24:47.887 D/cocos2d-x debug info(14128): trace_frame: 60.119377
11-28 15:24:47.907 D/cocos2d-x debug info(14128): JS: keyCode : 156
11-28 15:24:47.907 D/cocos2d-x debug info(14128): JS: left button clicked. currentIndex:27
11-28 15:24:47.927 D/mdns    ( 4397): mDNS_Execute
11-28 15:24:47.927 D/mdns    ( 4397): mDNS_Execute: Setting NewLocalRecords to NULL
11-28 15:24:48.007 D/cocos2d-x debug info(14128): trace_frame: 59.963844
11-28 15:24:48.077 D/mdns    ( 4397): SocketDataReady got a packet from 172.16.13.4 to 224.0.0.251 on interface 172.16.13.147/wlan0/7/320
11-28 15:24:48.077 D/mdns    ( 4397): Received Query from 172.16.13.4    :5353  to 224.0.0.251    :5353  on 0x412BB3B8 with  2 Questions, 12 Answers,  0 Authorities,  0 Additionals 423 bytes
11-28 15:24:48.077 D/mdns    ( 4397): SocketDataReady got a packet from FE80:0000:0000:0000:EE35:86FF:FE54:AE58 to FF02:0000:0000:0000:0000:0000:0000:00FB on interface 172.16.13.147/wlan0/7/321
11-28 15:24:48.087 D/mdns    ( 4397): Received Query from FE80:0000:0000:0000:EE35:86FF:FE54:AE58:5353  to FF02:0000:0000:0000:0000:0000:0000:00FB:5353  on 0x412BB3B8 with  2 Questions, 12 Answers,  0 Authorities,  0 Additionals 423 bytes
11-28 15:24:48.087 D/mdns    ( 4397): SocketDataReady got a packet from 172.16.13.167 to 224.0.0.251 on interface 172.16.13.147/wlan0/7/320
11-28 15:24:48.087 D/mdns    ( 4397): Received Response from 172.16.13.167   addressed to 224.0.0.251     on 412BB3B8 with  0 Questions,  3 Answers,  0 Authorities,  0 Additionals 190 bytes LLQType 0
11-28 15:24:48.097 D/mdns    ( 4397): SocketDataReady got a packet from 172.16.13.164 to 224.0.0.251 on interface 172.16.13.147/wlan0/7/320
11-28 15:24:48.097 D/mdns    ( 4397): Received Response from 172.16.13.164   addressed to 224.0.0.251     on 412BB3B8 with  0 Questions,  3 Answers,  0 Authorities,  0 Additionals 204 bytes LLQType 0
11-28 15:24:48.097 D/mdns    ( 4397): Found record size    94 interface 412BB3B8 already in cache:   94 客厅的小米盒子\032(5)._airplay._tcp.local. TXT deviceid=10:48:b1:1a:d4:89¦features=0x100029ff¦flags=0x4¦model=AppleTV3,1¦srcvers=150.33¦vv=1
11-28 15:24:48.097 D/mdns    ( 4397): SocketDataReady got a packet from 172.16.13.14 to 224.0.0.251 on interface 172.16.13.147/wlan0/7/320
11-28 15:24:48.097 D/mdns    ( 4397): Received Response from 172.16.13.14    addressed to 224.0.0.251     on 412BB3B8 with  0 Questions,  3 Answers,  0 Authorities,  0 Additionals 204 bytes LLQType 0
11-28 15:24:48.097 D/mdns    ( 4397): SocketDataReady got a packet from 172.16.13.187 to 224.0.0.251 on interface 172.16.13.147/wlan0/7/320
11-28 15:24:48.097 D/mdns    ( 4397): Received Response from 172.16.13.187   addressed to 224.0.0.251     on 412BB3B8 with  0 Questions,  4 Answers,  0 Authorities,  0 Additionals 218 bytes LLQType 0
11-28 15:24:48.097 D/mdns    ( 4397): Found record size    94 interface 412BB3B8 already in cache:   94 客厅的小米盒子\032(2)._airplay._tcp.local. TXT deviceid=10:48:b1:11:c2:83¦features=0x100029ff¦flags=0x4¦model=AppleTV3,1¦srcvers=150.33¦vv=1
11-28 15:24:48.097 D/mdns    ( 4397): SocketDataReady got a packet from 172.16.13.146 to 224.0.0.251 on interface 172.16.13.147/wlan0/7/320
11-28 15:24:48.097 D/mdns    ( 4397): Received Response from 172.16.13.146   addressed to 224.0.0.251     on 412BB3B8 with  0 Questions,  4 Answers,  0 Authorities,  0 Additionals 225 bytes LLQType 0
11-28 15:24:48.107 D/mdns    ( 4397): SocketDataReady got a packet from 172.16.13.203 to 224.0.0.251 on interface 172.16.13.147/wlan0/7/320
11-28 15:24:48.107 D/mdns    ( 4397): Received Response from 172.16.13.203   addressed to 224.0.0.251     on 412BB3B8 with  0 Questions,  3 Answers,  0 Authorities,  0 Additionals 204 bytes LLQType 0
11-28 15:24:48.107 D/mdns    ( 4397): mDNS_Execute
11-28 15:24:48.107 D/mdns    ( 4397): mDNS_Execute: Setting NewLocalRecords to NULL
11-28 15:24:48.107 D/mdns    ( 4397): SocketDataReady got a packet from 172.16.13.131 to 224.0.0.251 on interface 172.16.13.147/wlan0/7/320
11-28 15:24:48.107 D/mdns    ( 4397): Received Response from 172.16.13.131   addressed to 224.0.0.251     on 412BB3B8 with  0 Questions,  4 Answers,  0 Authorities,  0 Additionals 214 bytes LLQType 0
11-28 15:24:48.107 D/mdns    ( 4397): SocketDataReady got a packet from 172.16.13.146 to 224.0.0.251 on interface 172.16.13.147/wlan0/7/320
11-28 15:24:48.107 D/mdns    ( 4397): Received Response from 172.16.13.146   addressed to 224.0.0.251     on 412BB3B8 with  0 Questions,  4 Answers,  0 Authorities,  0 Additionals 222 bytes LLQType 0
11-28 15:24:48.107 D/cocos2d-x debug info(14128): JS: tableMoveFinished 
11-28 15:24:48.117 D/cocos2d-x debug info(14128): JS: updateAppInfo, cellIndex = 27
11-28 15:24:48.117 D/mdns    ( 4397): SocketDataReady got a packet from 172.16.13.193 to 224.0.0.251 on interface 172.16.13.147/wlan0/7/320
11-28 15:24:48.117 D/mdns    ( 4397): Received Response from 172.16.13.193   addressed to 224.0.0.251     on 412BB3B8 with  0 Questions,  3 Answers,  0 Authorities,  0 Additionals 204 bytes LLQType 0
11-28 15:24:48.117 D/cocos2d-x debug info(14128): JS: updateAppButtonPosition appButton : [object Object]
11-28 15:24:48.127 D/cocos2d-x debug info(14128): JS: updateAppButtonPosition appButton : [object Object]
11-28 15:24:48.127 D/cocos2d-x debug info(14128): JS: updateAppButtonState cellIndex : 27
11-28 15:24:48.127 D/cocos2d-x debug info(14128): JS: setAppButtons typeArray : 1
11-28 15:24:48.127 D/cocos2d-x debug info(14128): trace_frame: 55.908089
11-28 15:24:48.137 D/mdns    ( 4397): SocketDataReady got a packet from 172.16.13.147 to 224.0.0.251 on interface 172.16.13.147/wlan0/7/320
11-28 15:24:48.137 D/mdns    ( 4397): Received Response from 172.16.13.147   addressed to 224.0.0.251     on 412BB3B8 with  0 Questions,  4 Answers,  0 Authorities,  0 Additionals 226 bytes LLQType 0
11-28 15:24:48.197 D/dalvikvm(22184): GC_CONCURRENT freed 791K, 22% free 6689K/8544K, paused 2ms+3ms, total 45ms
11-28 15:24:48.217 D/cocos2d-x debug info(14128): trace_frame: 63.993561
11-28 15:24:48.287 D/mdns    ( 4397): SocketDataReady got a packet from 172.16.13.34 to 224.0.0.251 on interface 172.16.13.147/wlan0/7/320
11-28 15:24:48.287 D/mdns    ( 4397): Received Response from 172.16.13.34    addressed to 224.0.0.251     on 412BB3B8 with  0 Questions,  4 Answers,  0 Authorities,  0 Additionals 199 bytes LLQType 0
11-28 15:24:48.317 D/cocos2d-x debug info(14128): trace_frame: 59.990402
11-28 15:24:48.397 D/launcher_auto(14128): launcher_auto: sendkey and wait.
11-28 15:24:48.437 D/cocos2d-x debug info(14128): trace_frame: 60.016293
11-28 15:24:48.557 D/cocos2d-x debug info(14128): trace_frame: 60.042542
11-28 15:24:48.667 D/cocos2d-x debug info(14128): trace_frame: 60.010632
11-28 15:24:48.697 D/mdns    ( 4397): SocketDataReady got a packet from 172.16.13.203 to 224.0.0.251 on interface 172.16.13.147/wlan0/7/320
11-28 15:24:48.697 D/mdns    ( 4397): Received Response from 172.16.13.203   addressed to 224.0.0.251     on 412BB3B8 with  0 Questions,  3 Answers,  0 Authorities,  0 Additionals 228 bytes LLQType 0
11-28 15:24:48.767 D/cocos2d-x debug info(14128): trace_frame: 59.984406
11-28 15:24:48.887 D/cocos2d-x debug info(14128): trace_frame: 59.986977
11-28 15:24:48.907 D/cocos2d-x debug info(14128): JS: keyCode : 156
11-28 15:24:48.907 D/cocos2d-x debug info(14128): JS: left button clicked. currentIndex:26
11-28 15:24:48.987 D/cocos2d-x debug info(14128): trace_frame: 59.895767
11-28 15:24:49.107 D/cocos2d-x debug info(14128): trace_frame: 60.079651
11-28 15:24:49.117 D/cocos2d-x debug info(14128): JS: tableMoveFinished 
11-28 15:24:49.117 D/cocos2d-x debug info(14128): JS: updateAppInfo, cellIndex = 26
11-28 15:24:49.127 D/cocos2d-x debug info(14128): JS: updateAppButtonPosition appButton : [object Object]
11-28 15:24:49.127 D/cocos2d-x debug info(14128): JS: updateAppButtonPosition appButton : [object Object]
11-28 15:24:49.127 D/cocos2d-x debug info(14128): JS: updateAppButtonState cellIndex : 26
11-28 15:24:49.127 D/cocos2d-x debug info(14128): JS: setAppButtons typeArray : 1
11-28 15:24:49.217 D/cocos2d-x debug info(14128): trace_frame: 60.028130
11-28 15:24:49.317 D/cocos2d-x debug info(14128): trace_frame: 59.728828
11-28 15:24:49.407 D/launcher_auto(14128): launcher_auto: sendkey and wait.
11-28 15:24:49.437 D/cocos2d-x debug info(14128): trace_frame: 60.221272
11-28 15:24:49.537 D/cocos2d-x debug info(14128): trace_frame: 59.947845
11-28 15:24:49.657 D/cocos2d-x debug info(14128): trace_frame: 60.052334
11-28 15:24:49.717 D/mdns    ( 4397): SocketDataReady got a packet from 172.16.13.187 to 224.0.0.251 on interface 172.16.13.147/wlan0/7/320
11-28 15:24:49.717 D/mdns    ( 4397): Received Response from 172.16.13.187   addressed to 224.0.0.251     on 412BB3B8 with  0 Questions,  3 Answers,  0 Authorities,  0 Additionals 261 bytes LLQType 0
11-28 15:24:49.757 D/cocos2d-x debug info(14128): trace_frame: 59.873669
11-28 15:24:49.867 D/cocos2d-x debug info(14128): trace_frame: 60.104408
11-28 15:24:49.917 D/cocos2d-x debug info(14128): JS: keyCode : 156
11-28 15:24:49.927 D/cocos2d-x debug info(14128): JS: left button clicked. currentIndex:25
11-28 15:24:49.927 D/mdns    ( 4397): SocketDataReady got a packet from 172.16.13.14 to 224.0.0.251 on interface 172.16.13.147/wlan0/7/320
11-28 15:24:49.927 D/mdns    ( 4397): Received Response from 172.16.13.14    addressed to 224.0.0.251     on 412BB3B8 with  0 Questions,  1 Answer,   0 Authorities,  0 Additionals 38 bytes LLQType 0
11-28 15:24:49.967 D/cocos2d-x debug info(14128): trace_frame: 59.978409
11-28 15:24:50.087 D/cocos2d-x debug info(14128): trace_frame: 60.032761
11-28 15:24:50.137 D/cocos2d-x debug info(14128): JS: tableMoveFinished 
11-28 15:24:50.137 D/cocos2d-x debug info(14128): JS: updateAppInfo, cellIndex = 25
11-28 15:24:50.147 D/cocos2d-x debug info(14128): JS: updateAppButtonPosition appButton : [object Object]
11-28 15:24:50.147 D/cocos2d-x debug info(14128): JS: updateAppButtonPosition appButton : [object Object]
11-28 15:24:50.147 D/cocos2d-x debug info(14128): JS: updateAppButtonState cellIndex : 25
11-28 15:24:50.147 D/cocos2d-x debug info(14128): JS: setAppButtons typeArray : 1
11-28 15:24:50.177 D/dalvikvm(14128): GC_CONCURRENT freed 1034K, 60% free 7447K/18508K, paused 3ms+3ms, total 33ms
11-28 15:24:50.187 D/cocos2d-x debug info(14128): trace_frame: 59.874268
11-28 15:24:50.307 D/cocos2d-x debug info(14128): trace_frame: 60.097187
11-28 15:24:50.417 D/launcher_auto(14128): launcher_auto: sendkey and wait.
11-28 15:24:50.417 D/cocos2d-x debug info(14128): trace_frame: 59.909962
11-28 15:24:50.537 D/cocos2d-x debug info(14128): trace_frame: 60.063156
11-28 15:24:50.657 D/cocos2d-x debug info(14128): trace_frame: 60.026588
11-28 15:24:50.767 D/cocos2d-x debug info(14128): trace_frame: 59.996227
11-28 15:24:50.867 D/cocos2d-x debug info(14128): trace_frame: 59.965820
11-28 15:24:50.917 D/cocos2d-x debug info(14128): JS: keyCode : 156
11-28 15:24:50.917 D/cocos2d-x debug info(14128): JS: turnPage: toRight false
11-28 15:24:50.927 D/cocos2d-x debug info(14128): JS: jumpFocus4
11-28 15:24:50.927 D/cocos2d-x debug info(14128): JS: toXPosition1719.5y212
11-28 15:24:50.927 D/cocos2d-x debug info(14128): JS: left button clicked. currentIndex:24
11-28 15:24:50.967 D/cocos2d-x debug info(14128): JS: setAppServerInfo appServerInfo : [object Object]
11-28 15:24:50.967 D/cocos2d-x debug info(14128): JS: launcherAppAdapter updateData cell23
11-28 15:24:50.977 D/cocos2d-x debug info(14128): JS: launcherAppAdapter fillData cell23
11-28 15:24:50.977 D/cocos2d-x debug info(14128): JS: this.mData.length4323
11-28 15:24:50.977 D/cocos2d-x debug info(14128): JS: local app:com.mele.autostart
11-28 15:24:50.977 D/JniHelper(14128): JniHelper::getJavaVM(), pthread_self() = 1529184920
11-28 15:24:50.977 D/FileUtil(14128): getImageFilePathByUrl, url is /data/data/tv.fun.launcher/files/com.mele.autostart
11-28 15:24:50.977 D/FileUtil(14128): getImageFilePathByUrl, fileName is com.mele.autostart
11-28 15:24:50.977 D/cocos2d-x debug info(14128): JS: no Icon cache for com.mele.autostart
11-28 15:24:50.977 D/JniHelper(14128): JniHelper::getJavaVM(), pthread_self() = 1529184920
11-28 15:24:50.977 D/cocos2d-x debug info(14128): JS: local app: appIcon begin4
11-28 15:24:50.987 D/LoadIconAsyncTask(14128): start load pkgName is com.mele.autostart
11-28 15:24:50.987 D/LoadIconAsyncTask(14128): com.mele.autostart load result is true
11-28 15:24:50.987 D/JniHelper(14128): JniHelper::getJavaVM(), pthread_self() = 1529184920
11-28 15:24:50.987 D/cocos2d-x debug info(14128): JS: updateAppInfoStateAndProgress downloadState : 1
11-28 15:24:50.997 D/AppStoreManager(14128): javaCallJs.run()------------------------------------------------
11-28 15:24:50.997 D/AppStoreManager(14128): callbackStr : launcher.eventCenter.onImageLoaded({"url":"\/data\/data\/tv.fun.launcher\/files\/com.mele.autostart"})
11-28 15:24:50.997 D/cocos2d-x debug info(14128): JS: launcher.eventCenter.onImageLoaded
11-28 15:24:50.997 D/cocos2d-x debug info(14128): JS: onImageLoaded url:/data/data/tv.fun.launcher/files/com.mele.autostart
11-28 15:24:50.997 D/cocos2d-x debug info(14128): JS: AppsLayer getCellByUrl, return null, url is /data/data/tv.fun.launcher/files/com.mele.autostart
11-28 15:24:50.997 D/cocos2d-x debug info(14128): JS: onLoadImage end
11-28 15:24:50.997 D/cocos2d-x debug info(14128): JS: onLoadImage start:/data/data/tv.fun.launcher/files/com.mele.autostart
11-28 15:24:51.007 D/JniHelper(14128): JniHelper::getJavaVM(), pthread_self() = 1529184920
11-28 15:24:51.007 D/FileUtil(14128): getImageFilePathByUrl, url is /data/data/tv.fun.launcher/files/com.mele.autostart
11-28 15:24:51.007 D/FileUtil(14128): getImageFilePathByUrl, fileName is com.mele.autostart
11-28 15:24:51.007 D/cocos2d-x debug info(14128): JS: onLoadImage end
11-28 15:24:51.007 D/cocos2d-x debug info(14128): trace_frame: 50.966179
11-28 15:24:51.037 D/cocos2d-x debug info(14128): JS: setAppServerInfo appServerInfo : [object Object]
11-28 15:24:51.037 D/cocos2d-x debug info(14128): JS: launcherAppAdapter updateData cell22
11-28 15:24:51.037 D/cocos2d-x debug info(14128): JS: launcherAppAdapter fillData cell22
11-28 15:24:51.037 D/cocos2d-x debug info(14128): JS: this.mData.length4322
11-28 15:24:51.037 D/cocos2d-x debug info(14128): JS: local app:cn.mele.control.simutouch
11-28 15:24:51.047 D/JniHelper(14128): JniHelper::getJavaVM(), pthread_self() = 1529184920
11-28 15:24:51.047 D/FileUtil(14128): getImageFilePathByUrl, url is /data/data/tv.fun.launcher/files/cn.mele.control.simutouch
11-28 15:24:51.047 D/FileUtil(14128): getImageFilePathByUrl, fileName is cn.mele.control.simutouch
11-28 15:24:51.047 D/cocos2d-x debug info(14128): JS: no Icon cache for cn.mele.control.simutouch
11-28 15:24:51.047 D/JniHelper(14128): JniHelper::getJavaVM(), pthread_self() = 1529184920
11-28 15:24:51.047 D/cocos2d-x debug info(14128): JS: local app: appIcon begin4
11-28 15:24:51.047 D/LoadIconAsyncTask(14128): start load pkgName is cn.mele.control.simutouch
11-28 15:24:51.047 D/LoadIconAsyncTask(14128): cn.mele.control.simutouch load result is true
11-28 15:24:51.047 D/JniHelper(14128): JniHelper::getJavaVM(), pthread_self() = 1529184920
11-28 15:24:51.047 D/cocos2d-x debug info(14128): JS: updateAppInfoStateAndProgress downloadState : 1
11-28 15:24:51.057 D/AppStoreManager(14128): javaCallJs.run()------------------------------------------------
11-28 15:24:51.057 D/AppStoreManager(14128): callbackStr : launcher.eventCenter.onImageLoaded({"url":"\/data\/data\/tv.fun.launcher\/files\/cn.mele.control.simutouch"})
11-28 15:24:51.067 D/cocos2d-x debug info(14128): JS: launcher.eventCenter.onImageLoaded
11-28 15:24:51.067 D/cocos2d-x debug info(14128): JS: onImageLoaded url:/data/data/tv.fun.launcher/files/cn.mele.control.simutouch
11-28 15:24:51.067 D/cocos2d-x debug info(14128): JS: AppsLayer getCellByUrl, return null, url is /data/data/tv.fun.launcher/files/cn.mele.control.simutouch
11-28 15:24:51.067 D/cocos2d-x debug info(14128): JS: onLoadImage end
11-28 15:24:51.067 D/cocos2d-x debug info(14128): JS: onLoadImage start:/data/data/tv.fun.launcher/files/cn.mele.control.simutouch
11-28 15:24:51.067 D/JniHelper(14128): JniHelper::getJavaVM(), pthread_self() = 1529184920
11-28 15:24:51.067 D/FileUtil(14128): getImageFilePathByUrl, url is /data/data/tv.fun.launcher/files/cn.mele.control.simutouch
11-28 15:24:51.067 D/FileUtil(14128): getImageFilePathByUrl, fileName is cn.mele.control.simutouch
11-28 15:24:51.077 D/cocos2d-x debug info(14128): JS: onLoadImage end
11-28 15:24:51.107 D/cocos2d-x debug info(14128): JS: setAppServerInfo appServerInfo : [object Object]
11-28 15:24:51.107 D/cocos2d-x debug info(14128): JS: launcherAppAdapter updateData cell21
11-28 15:24:51.107 D/cocos2d-x debug info(14128): JS: launcherAppAdapter fillData cell21
11-28 15:24:51.107 D/cocos2d-x debug info(14128): JS: this.mData.length4321
11-28 15:24:51.107 D/cocos2d-x debug info(14128): JS: local app:com.trans.chess
11-28 15:24:51.107 D/JniHelper(14128): JniHelper::getJavaVM(), pthread_self() = 1529184920
11-28 15:24:51.107 D/FileUtil(14128): getImageFilePathByUrl, url is /data/data/tv.fun.launcher/files/com.trans.chess
11-28 15:24:51.107 D/FileUtil(14128): getImageFilePathByUrl, fileName is com.trans.chess
11-28 15:24:51.117 D/cocos2d-x debug info(14128): JS: no Icon cache for com.trans.chess
11-28 15:24:51.117 D/JniHelper(14128): JniHelper::getJavaVM(), pthread_self() = 1529184920
11-28 15:24:51.117 D/cocos2d-x debug info(14128): JS: local app: appIcon begin4
11-28 15:24:51.117 D/LoadIconAsyncTask(14128): start load pkgName is com.trans.chess
11-28 15:24:51.117 D/JniHelper(14128): JniHelper::getJavaVM(), pthread_self() = 1529184920
11-28 15:24:51.117 D/LoadIconAsyncTask(14128): com.trans.chess load result is true
11-28 15:24:51.117 D/cocos2d-x debug info(14128): JS: updateAppInfoStateAndProgress downloadState : 1
11-28 15:24:51.127 D/AppStoreManager(14128): javaCallJs.run()------------------------------------------------
11-28 15:24:51.127 D/AppStoreManager(14128): callbackStr : launcher.eventCenter.onImageLoaded({"url":"\/data\/data\/tv.fun.launcher\/files\/com.trans.chess"})
11-28 15:24:51.127 D/cocos2d-x debug info(14128): JS: launcher.eventCenter.onImageLoaded
11-28 15:24:51.127 D/cocos2d-x debug info(14128): JS: onImageLoaded url:/data/data/tv.fun.launcher/files/com.trans.chess
11-28 15:24:51.127 D/cocos2d-x debug info(14128): JS: AppsLayer getCellByUrl, return null, url is /data/data/tv.fun.launcher/files/com.trans.chess
11-28 15:24:51.137 D/cocos2d-x debug info(14128): JS: onLoadImage end
11-28 15:24:51.137 D/cocos2d-x debug info(14128): JS: onLoadImage start:/data/data/tv.fun.launcher/files/com.trans.chess
11-28 15:24:51.137 D/JniHelper(14128): JniHelper::getJavaVM(), pthread_self() = 1529184920
11-28 15:24:51.137 D/FileUtil(14128): getImageFilePathByUrl, url is /data/data/tv.fun.launcher/files/com.trans.chess
11-28 15:24:51.137 D/FileUtil(14128): getImageFilePathByUrl, fileName is com.trans.chess
11-28 15:24:51.137 D/cocos2d-x debug info(14128): JS: onLoadImage end
11-28 15:24:51.137 D/cocos2d-x debug info(14128): trace_frame: 60.273643
11-28 15:24:51.187 D/cocos2d-x debug info(14128): JS: setAppServerInfo appServerInfo : [object Object]
11-28 15:24:51.187 D/cocos2d-x debug info(14128): JS: launcherAppAdapter updateData cell20
11-28 15:24:51.187 D/cocos2d-x debug info(14128): JS: launcherAppAdapter fillData cell20
11-28 15:24:51.187 D/cocos2d-x debug info(14128): JS: this.mData.length4320
11-28 15:24:51.197 D/JniHelper(14128): JniHelper::getJavaVM(), pthread_self() = 1529184920
11-28 15:24:51.197 D/FileUtil(14128): getImageFilePathByUrl, url is http://172.16.12.58:8080/meedo-img/c57300/d3d944/poster_1944JNJJ2SSDU_百度地图.png
11-28 15:24:51.197 D/FileUtil(14128): getImageFilePathByUrl, fileName is poster_1944JNJJ2SSDU_百度地图.png
11-28 15:24:51.197 D/cocos2d-x debug info(14128): JS: LRUCache, contains key /data/data/tv.fun.launcher/cache/poster_1944JNJJ2SSDU_百度地图.png
11-28 15:24:51.197 D/JniHelper(14128): JniHelper::getJavaVM(), pthread_self() = 1529184920
11-28 15:24:51.197 D/cocos2d-x debug info(14128): JS: updateAppInfoStateAndProgress downloadState : 1
11-28 15:24:51.257 D/cocos2d-x debug info(14128): trace_frame: 70.637672
11-28 15:24:51.307 D/cocos2d-x debug info(14128): JS: setAppServerInfo appServerInfo : [object Object]
11-28 15:24:51.307 D/cocos2d-x debug info(14128): JS: launcherAppAdapter updateData cell19
11-28 15:24:51.307 D/cocos2d-x debug info(14128): JS: launcherAppAdapter fillData cell19
11-28 15:24:51.307 D/cocos2d-x debug info(14128): JS: this.mData.length4319
11-28 15:24:51.307 D/JniHelper(14128): JniHelper::getJavaVM(), pthread_self() = 1529184920
11-28 15:24:51.307 D/FileUtil(14128): getImageFilePathByUrl, url is http://172.16.12.58:8080/meedo-img/351587/d78382/poster_1944K3CHVTDV2_波克斗地主.png
11-28 15:24:51.307 D/FileUtil(14128): getImageFilePathByUrl, fileName is poster_1944K3CHVTDV2_波克斗地主.png
11-28 15:24:51.307 D/cocos2d-x debug info(14128): JS: LRUCache, contains key /data/data/tv.fun.launcher/cache/poster_1944K3CHVTDV2_波克斗地主.png
11-28 15:24:51.317 D/JniHelper(14128): JniHelper::getJavaVM(), pthread_self() = 1529184920
11-28 15:24:51.317 D/cocos2d-x debug info(14128): JS: updateAppInfoStateAndProgress downloadState : 1
11-28 15:24:51.367 D/cocos2d-x debug info(14128): trace_frame: 60.017834
11-28 15:24:51.417 D/launcher_auto(14128): launcher_auto: sendkey and wait.
11-28 15:24:51.437 D/cocos2d-x debug info(14128): JS: tableMoveFinished 
11-28 15:24:51.437 D/cocos2d-x debug info(14128): JS: updateAppInfo, cellIndex = 24
11-28 15:24:51.447 D/cocos2d-x debug info(14128): JS: updateAppButtonPosition appButton : [object Object]
11-28 15:24:51.447 D/cocos2d-x debug info(14128): JS: updateAppButtonPosition appButton : [object Object]
11-28 15:24:51.447 D/cocos2d-x debug info(14128): JS: updateAppButtonState cellIndex : 24
11-28 15:24:51.447 D/cocos2d-x debug info(14128): JS: setAppButtons typeArray : 1
