08-01 14:13:54.413 I/tvos    ( 1110): [DIPC][DestroyTravelingReceiveDataMonitor 10084]listFreeMemoryPool:not empty, item num 5
08-01 14:13:54.413 I/tvos    ( 1110): [DIPC][TravelingSendDataMonitor 10145] Traveling memory manager task exit
08-01 14:13:54.413 W/DIPC    ( 1124): [DIPC][DestroyTravelingSendDataMonitor][10123] end...
08-01 14:13:54.423 W/DIPC    ( 1124): ---FinalizeTravelingMode:9437[1] end, ret=1
08-01 14:13:54.423 I/tvos    ( 1110): DIP already Opened
08-01 14:13:54.423 I/tvos    ( 1110): MDrv_CMD_DIP_RELEASE_RESOURCE[0]   start
08-01 14:13:54.423 I/tvos    ( 1110): MDrv_CMD_DIP_RELEASE_RESOURCE[0]   end
08-01 14:13:54.423 I/CameraClient( 1106): Destroying camera 5
08-01 14:13:54.463 I/ActivityManager( 1697): TR2) TaskRecord{42585b08 #9 A=tv.fun.settings.task5 U=0 sz=1}
08-01 14:13:54.463 I/ActivityManager( 1697): TR1) TaskRecord{42377030 #2 A=com.bestv U=0 sz=1}
08-01 14:13:54.583 I/ActivityManager( 1697): TR2) TaskRecord{42585b08 #9 A=tv.fun.settings.task5 U=0 sz=1}
08-01 14:13:54.583 I/ActivityManager( 1697): TR1) TaskRecord{42377030 #2 A=com.bestv U=0 sz=1}
08-01 14:13:54.623 I/tvos    ( 1110): [37m[INFO] No Need to Change CPU Power[m
08-01 14:13:54.633 I/tvos    ( 1110): [37m[INFO] No Need to Change Core Power[m
08-01 14:13:54.703 I/dalvikvm-heap(15413): Grow heap (frag case) to 12.526MB for 8294416-byte allocation
08-01 14:13:55.333 I/System.out( 1939): editor :: 2131623973 # null # tv.fun.settings
08-01 14:13:55.333 I/System.out( 1939): editor :: null # null
08-01 14:13:55.333 I/System.out( 1939): editor :: -1 # -1
08-01 14:13:55.333 I/System.out( 1939): Screen size :: 1920 # 1080
08-01 14:13:55.333 I/System.out( 1939): Screen size :: 2.0 # 3.3
08-01 14:13:55.333 I/System.out( 1939): load new skin :: 0 # false # 0 # 0
08-01 14:13:55.583 I/ActivityManager( 1697): Displayed tv.fun.settings/.about.AboutActivity: +1s190ms
08-01 14:13:55.693 I/tvos    ( 1110): [37m[INFO] No Need to Change CPU Power[m
08-01 14:13:55.693 I/tvos    ( 1110): [37m[INFO] No Need to Change Core Power[m
08-01 14:13:58.553 I/Capture ( 3475): startCameraCapture mStartPreview = false
08-01 14:13:58.563 E/MediaPlayerService( 1106): setDataSource(/system/media/audio/ui/camera_click.ogg)
08-01 14:13:58.563 I/AwesomePlayer( 1106): setDataSource_l(URL suppressed)
08-01 14:13:58.573 E/MediaPlayerService( 1106): setDataSource(/system/media/audio/ui/VideoRecord.ogg)
08-01 14:13:58.573 I/AwesomePlayer( 1106): setDataSource_l(URL suppressed)
08-01 14:13:58.593 I/CameraClient( 1106): Opening camera 5
08-01 14:13:58.593 I/CameraHAL( 1106): camera_device open
08-01 14:13:58.593 I/Capture ( 3475): mCamera = android.hardware.Camera@4211b220
08-01 14:13:58.593 I/Capture ( 3475): isValidTraveling = trueopenCameraSuccess = true
08-01 14:13:58.603 I/dalvikvm-heap( 3475): Grow heap (frag case) to 6.393MB for 1658896-byte allocation
08-01 14:13:58.623 E/XCDipHardware_einstein( 1106): NULL window object
08-01 14:13:58.623 E/mbootenv_nand( 1106): open fail!!!!
08-01 14:13:58.653 I/tvos    ( 1110): D/PipManagerService( 1124 1669): initTravelingModeTv(callingPid 1106, clientPid 1106), sizeof=56
08-01 14:13:58.653 W/DIPC    ( 1124): ---InitTravelingMode:8769[1] start, Para=0xa200000(Addr), 0x800000, 256, 3(enTravelingSource), 0(bOSD), 720, 576, 2(Format), 0(frame rate X10),        0(MemoryPitch), CustCapWin[x:y=0:0 w:h=0:0], Win=0, src:Main[34], Sub[44], Current[44]
08-01 14:13:58.653 W/DIPC    ( 1124): [1]Memory config: addr=0xa200000, set size=0x800000, current size=800000
08-01 14:13:58.653 I/tvos    ( 1110): DIP already Opened
08-01 14:13:58.653 I/tvos    ( 1110): MDrv_CMD_DIP_GET_RESOURCE[0]   start
08-01 14:13:58.653 I/tvos    ( 1110): MDrv_CMD_DIP_GET_RESOURCE[0]   end
08-01 14:13:58.653 I/tvos    ( 1110): DIP already Opened
08-01 14:13:58.653 W/DIPC    ( 1124): SetTravelingFRC:7858 bCaptureIP=0, PipMode=0, u16InputVFreq=600, XC Input/Output=600/6000, I=0, DIPFrcRatio=1
08-01 14:13:58.653 W/DIPC    ( 1124): SetTravelingFRC:7875 Final DIPFrcRatio=1, DIPFramerate 0,request framerate 600
08-01 14:13:58.653 W/DIPC    ( 1124): cust window parameter is negative
08-01 14:13:58.653 W/DIPC    ( 1124): TravelingSetCSC:7714 DIPFormat=2,bInputYUV=0 Config XC CSC manually
08-01 14:13:58.653 W/DIPC    ( 1124): SetTravelingConfig:7345 ,DIP capture window x,y,w,h=0,0,3840,2160, interlace=0,captureStage=6
08-01 14:13:58.653 W/DIPC    ( 1124): SetTravelingConfig:7347 Traveling bOSD=0, DIP Ouput=720x576
08-01 14:13:58.653 W/DIPC    ( 1124): [SetTravelingConfig 7367]DIP MemoryPitch = 2880
08-01 14:13:58.653 W/DIPC    ( 1124): SetTravelingConfig:7410 SetDIPWindow x,y,w,h=0,0,3840,2160
08-01 14:13:58.653 W/DIPC    ( 1124): SetTravelingConfig:7411 PreScalingH[1] src,dst =3840,720
08-01 14:13:58.653 W/DIPC    ( 1124): SetTravelingConfig:7412 PreScalingV[1] src,dst =2160,576
08-01 14:13:58.653 W/DIPC    ( 1124): SetTravelingConfig:7512, HMirror=0   VMirror=0
08-01 14:13:58.653 W/DIPC    ( 1124): TravelingAllocateMemory:7597 : Allocate Condition: Mirror=0,0, I=0, TravelingPitch=0, DIPPitch=2880, BytePer2Pixel=8, DIP OutPut=720x576@2, TravelingOutPut=720x576@2
08-01 14:13:58.653 W/DIPC    ( 1124): TravelingAllocateMemory:7705 : Allocate Result: DIPAddr=0xa200000, DIPSize=0x800000, DIPBufCnt=5, DIPFrameSize=1658880, bGEScaling=0, GEAddr0=0x0, GEBufCnt=0,GEFrameSize=0
08-01 14:13:58.653 W/DIPC    ( 1124): SetTravelingConfig:7572, MemoryPitch=2880, DIP bufcount=5, output w,h=720,576
08-01 14:13:58.653 W/DIPC    ( 1124): ---InitTravelingMode:9171[1] end : bMirrorH=0, bMirrorV=0, m_bNeedGEScaling[enEngineType]=0
08-01 14:13:58.663 W/DIPC    ( 1124): ---StartTravelingMode:9184[1] start
08-01 14:13:58.663 W/DIPC    ( 1124): ---EnableTravelingMute:7166[1] start, mute=0
08-01 14:13:58.663 W/DIPC    ( 1124): [ThreadHandleMemoryConfigChange][9945] is need GE scaling 0
08-01 14:13:58.663 W/DIPC    ( 1124): ---EnableTravelingMute:7284[1] end, bRet=1 
08-01 14:13:58.663 W/DIPC    ( 1124): ---StartTravelingMode:9272[1] end, bRet=1 
08-01 14:13:58.713 I/dalvikvm-heap( 3475): Grow heap (frag case) to 7.579MB for 1244176-byte allocation
08-01 14:13:59.093 W/DIPC    ( 1124): ---EnableTravelingMute:7166[1] start, mute=1
08-01 14:13:59.093 W/DIPC    ( 1124): ---EnableTravelingMute:7284[1] end, bRet=1 
08-01 14:13:59.093 W/DIPC    ( 1124): ---StopTravelingMode:9298[1] bRet=1
08-01 14:13:59.093 W/DIPC    ( 1124): Try StopTravelingMode, but traveling not Started yet.
08-01 14:13:59.093 W/DIPC    ( 1124): ---FinalizeTravelingMode:9326[1] start
08-01 14:13:59.093 W/DIPC    ( 1124): Try StopTravelingMode, but traveling not Started yet.
08-01 14:13:59.093 W/DIPC    ( 1124): [DIPC][DestroyTravelingReceiveDataMonitor][10041] start...
08-01 14:13:59.093 I/tvos    ( 1110): [DIPC][TravelingReceiveDataMonitor 10175] Traveling memory manager task exit
08-01 14:13:59.093 W/DIPC    ( 1124): [DIPC][DestroyTravelingReceiveDataMonitor][10094] end...
08-01 14:13:59.093 W/DIPC    ( 1124): [DIPC][DestroyTravelingSendDataMonitor][10101] start...
08-01 14:13:59.103 I/tvos    ( 1110): [DIPC][DestroyTravelingReceiveDataMonitor 10084]listFreeMemoryPool:not empty, item num 5
08-01 14:13:59.103 I/tvos    ( 1110): [DIPC][TravelingSendDataMonitor 10145] Traveling memory manager task exit
08-01 14:13:59.103 W/DIPC    ( 1124): [DIPC][DestroyTravelingSendDataMonitor][10123] end...
08-01 14:13:59.103 W/DIPC    ( 1124): ---FinalizeTravelingMode:9437[1] end, ret=1
08-01 14:13:59.103 I/tvos    ( 1110): DIP already Opened
08-01 14:13:59.103 I/tvos    ( 1110): MDrv_CMD_DIP_RELEASE_RESOURCE[0]   start
08-01 14:13:59.103 I/tvos    ( 1110): MDrv_CMD_DIP_RELEASE_RESOURCE[0]   end
08-01 14:13:59.103 I/CameraClient( 1106): Destroying camera 5
08-01 14:13:59.403 W/WindowManager( 1697): device name is Virtual
08-01 14:13:59.403 I/packageName(15413): tv.fun.settings
08-01 14:13:59.403 I/currentClassName(15413): tv.fun.settings.about.AboutActivity
08-01 14:13:59.413 W/WindowManager( 1697): device name is Virtual
08-01 14:13:59.693 I/tvos    ( 1110): [37m[INFO] Change to Voltage: 1100 mV (0x3C)[m
08-01 14:13:59.693 I/tvos    ( 1110): [37m[INFO] Change to Voltage: 1100 mV (0x39)[m
08-01 14:13:59.693 I/tvos    ( 1110): [37m[INFO] Change to Voltage: 1100 mV (0x36)[m
08-01 14:13:59.693 I/tvos    ( 1110): [37m[INFO] Change to Voltage: 1100 mV (0x33)[m
08-01 14:13:59.693 I/tvos    ( 1110): [37m[INFO] Change to Voltage: 1100 mV (0x30)[m
08-01 14:13:59.693 I/tvos    ( 1110): [37m[INFO] Change to Voltage: 1100 mV (0x2D)[m
08-01 14:13:59.693 I/tvos    ( 1110): [37m[INFO] Change to Voltage: 1100 mV (0x2B)[m
08-01 14:13:59.693 I/tvos    ( 1110): [37m[INFO] No Need to Change Core Power[m
08-01 14:14:00.013 E/MyDataReported( 3383): ***action=android.intent.action.TIME_TICK
08-01 14:14:00.983 W/WindowManager( 1697): device name is Virtual
08-01 14:14:01.003 W/WindowManager( 1697): device name is Virtual
08-01 14:14:01.013 I/ActivityManager( 1697): START u0 {cmp=tv.fun.settings/.about.AboutProductInfo} from pid 15413
08-01 14:14:01.023 I/ActivityManager( 1697): TR2) TaskRecord{42585b08 #9 A=tv.fun.settings.task5 U=0 sz=2}
08-01 14:14:01.023 I/ActivityManager( 1697): TR1) TaskRecord{42377030 #2 A=com.bestv U=0 sz=1}
08-01 14:14:01.233 I/System.out( 1939): editor :: -1 # null # tv.fun.settings
08-01 14:14:01.233 I/System.out( 1939): editor :: null # null
08-01 14:14:01.233 I/System.out( 1939): editor :: -1 # -1
08-01 14:14:01.233 I/System.out( 1939): Screen size :: 1920 # 1080
08-01 14:14:01.233 I/System.out( 1939): Screen size :: 2.0 # 3.3
08-01 14:14:01.233 I/System.out( 1939): load new skin :: 0 # false # 0 # 0
08-01 14:14:01.293 I/tvos    ( 1110): [37m[INFO] Change to Voltage: 1270 mV (0x2B)[m
08-01 14:14:01.293 I/tvos    ( 1110): [37m[INFO] Change to Voltage: 1270 mV (0x2E)[m
08-01 14:14:01.293 I/tvos    ( 1110): [37m[INFO] Change to Voltage: 1270 mV (0x31)[m
08-01 14:14:01.293 I/tvos    ( 1110): [37m[INFO] Change to Voltage: 1270 mV (0x34)[m
08-01 14:14:01.293 I/tvos    ( 1110): [37m[INFO] Change to Voltage: 1270 mV (0x37)[m
08-01 14:14:01.293 I/tvos    ( 1110): [37m[INFO] Change to Voltage: 1270 mV (0x3A)[m
08-01 14:14:01.293 I/tvos    ( 1110): [37m[INFO] Change to Voltage: 1270 mV (0x3C)[m
08-01 14:14:01.303 I/tvos    ( 1110): [37m[INFO] No Need to Change Core Power[m
08-01 14:14:01.333 I/ActivityManager( 1697): Displayed tv.fun.settings/.about.AboutProductInfo: +311ms
08-01 14:14:01.493 I/tvos    ( 1110): [37m[INFO] Change to Voltage: 1100 mV (0x3C)[m
08-01 14:14:01.493 I/tvos    ( 1110): [37m[INFO] Change to Voltage: 1100 mV (0x39)[m
08-01 14:14:01.493 I/tvos    ( 1110): [37m[INFO] Change to Voltage: 1100 mV (0x36)[m
08-01 14:14:01.493 I/tvos    ( 1110): [37m[INFO] Change to Voltage: 1100 mV (0x33)[m
08-01 14:14:01.493 I/tvos    ( 1110): [37m[INFO] Change to Voltage: 1100 mV (0x30)[m
08-01 14:14:01.493 I/tvos    ( 1110): [37m[INFO] Change to Voltage: 1100 mV (0x2D)[m
08-01 14:14:01.493 I/tvos    ( 1110): [37m[INFO] Change to Voltage: 1100 mV (0x2B)[m
08-01 14:14:01.493 I/tvos    ( 1110): [37m[INFO] No Need to Change Core Power[m
08-01 14:14:03.563 I/Capture ( 3475): startCameraCapture mStartPreview = false
08-01 14:14:03.563 E/MediaPlayerService( 1106): setDataSource(/system/media/audio/ui/camera_click.ogg)
08-01 14:14:03.563 I/AwesomePlayer( 1106): setDataSource_l(URL suppressed)
08-01 14:14:03.583 E/MediaPlayerService( 1106): setDataSource(/system/media/audio/ui/VideoRecord.ogg)
08-01 14:14:03.583 I/AwesomePlayer( 1106): setDataSource_l(URL suppressed)
08-01 14:14:03.603 I/CameraClient( 1106): Opening camera 5
08-01 14:14:03.603 I/CameraHAL( 1106): camera_device open
08-01 14:14:03.603 I/Capture ( 3475): mCamera = android.hardware.Camera@4213e5e8
08-01 14:14:03.603 I/Capture ( 3475): isValidTraveling = trueopenCameraSuccess = true
08-01 14:14:03.623 I/dalvikvm-heap( 3475): Grow heap (frag case) to 6.393MB for 1658896-byte allocation
08-01 14:14:03.633 E/XCDipHardware_einstein( 1106): NULL window object
08-01 14:14:03.643 E/mbootenv_nand( 1106): open fail!!!!
08-01 14:14:03.673 I/tvos    ( 1110): D/PipManagerService( 1124 24702): initTravelingModeTv(callingPid 1106, clientPid 1106), sizeof=56
08-01 14:14:03.673 W/DIPC    ( 1124): ---InitTravelingMode:8769[1] start, Para=0xa200000(Addr), 0x800000, 256, 3(enTravelingSource), 0(bOSD), 720, 576, 2(Format), 0(frame rate X10),        0(MemoryPitch), CustCapWin[x:y=0:0 w:h=0:0], Win=0, src:Main[34], Sub[44], Current[44]
08-01 14:14:03.673 W/DIPC    ( 1124): [1]Memory config: addr=0xa200000, set size=0x800000, current size=800000
08-01 14:14:03.673 I/tvos    ( 1110): DIP already Opened
08-01 14:14:03.673 I/tvos    ( 1110): MDrv_CMD_DIP_GET_RESOURCE[0]   start
08-01 14:14:03.673 I/tvos    ( 1110): MDrv_CMD_DIP_GET_RESOURCE[0]   end
08-01 14:14:03.673 I/tvos    ( 1110): DIP already Opened
08-01 14:14:03.673 W/DIPC    ( 1124): SetTravelingFRC:7858 bCaptureIP=0, PipMode=0, u16InputVFreq=600, XC Input/Output=600/6000, I=0, DIPFrcRatio=1
08-01 14:14:03.673 W/DIPC    ( 1124): SetTravelingFRC:7875 Final DIPFrcRatio=1, DIPFramerate 0,request framerate 600
08-01 14:14:03.673 W/DIPC    ( 1124): cust window parameter is negative
08-01 14:14:03.673 W/DIPC    ( 1124): TravelingSetCSC:7714 DIPFormat=2,bInputYUV=0 Config XC CSC manually
08-01 14:14:03.673 W/DIPC    ( 1124): SetTravelingConfig:7345 ,DIP capture window x,y,w,h=0,0,3840,2160, interlace=0,captureStage=6
08-01 14:14:03.673 W/DIPC    ( 1124): SetTravelingConfig:7347 Traveling bOSD=0, DIP Ouput=720x576
08-01 14:14:03.673 W/DIPC    ( 1124): [SetTravelingConfig 7367]DIP MemoryPitch = 2880
08-01 14:14:03.673 W/DIPC    ( 1124): SetTravelingConfig:7410 SetDIPWindow x,y,w,h=0,0,3840,2160
08-01 14:14:03.673 W/DIPC    ( 1124): SetTravelingConfig:7411 PreScalingH[1] src,dst =3840,720
08-01 14:14:03.673 W/DIPC    ( 1124): SetTravelingConfig:7412 PreScalingV[1] src,dst =2160,576
08-01 14:14:03.673 W/DIPC    ( 1124): SetTravelingConfig:7512, HMirror=0   VMirror=0
08-01 14:14:03.673 W/DIPC    ( 1124): TravelingAllocateMemory:7597 : Allocate Condition: Mirror=0,0, I=0, TravelingPitch=0, DIPPitch=2880, BytePer2Pixel=8, DIP OutPut=720x576@2, TravelingOutPut=720x576@2
08-01 14:14:03.673 W/DIPC    ( 1124): TravelingAllocateMemory:7705 : Allocate Result: DIPAddr=0xa200000, DIPSize=0x800000, DIPBufCnt=5, DIPFrameSize=1658880, bGEScaling=0, GEAddr0=0x0, GEBufCnt=0,GEFrameSize=0
08-01 14:14:03.673 W/DIPC    ( 1124): SetTravelingConfig:7572, MemoryPitch=2880, DIP bufcount=5, output w,h=720,576
08-01 14:14:03.673 W/DIPC    ( 1124): ---InitTravelingMode:9171[1] end : bMirrorH=0, bMirrorV=0, m_bNeedGEScaling[enEngineType]=0
08-01 14:14:03.683 W/DIPC    ( 1124): ---StartTravelingMode:9184[1] start
08-01 14:14:03.683 W/DIPC    ( 1124): ---EnableTravelingMute:7166[1] start, mute=0
08-01 14:14:03.683 W/DIPC    ( 1124): [ThreadHandleMemoryConfigChange][9945] is need GE scaling 0
08-01 14:14:03.683 W/DIPC    ( 1124): ---EnableTravelingMute:7284[1] end, bRet=1 
08-01 14:14:03.683 W/DIPC    ( 1124): ---StartTravelingMode:9272[1] end, bRet=1 
08-01 14:14:03.763 I/dalvikvm-heap( 3475): Grow heap (frag case) to 7.579MB for 1244176-byte allocation
08-01 14:14:04.213 I/tvos    ( 1110): [DIPC][TravelingReceiveDataMonitor 10181]Wait time out!
08-01 14:14:04.273 W/DIPC    ( 1124): ---EnableTravelingMute:7166[1] start, mute=1
08-01 14:14:04.273 W/DIPC    ( 1124): ---EnableTravelingMute:7284[1] end, bRet=1 
08-01 14:14:04.273 W/DIPC    ( 1124): ---StopTravelingMode:9298[1] bRet=1
08-01 14:14:04.283 W/DIPC    ( 1124): Try StopTravelingMode, but traveling not Started yet.
08-01 14:14:04.283 W/DIPC    ( 1124): ---FinalizeTravelingMode:9326[1] start
08-01 14:14:04.283 W/DIPC    ( 1124): Try StopTravelingMode, but traveling not Started yet.
08-01 14:14:04.283 W/DIPC    ( 1124): [DIPC][DestroyTravelingReceiveDataMonitor][10041] start...
08-01 14:14:04.283 I/tvos    ( 1110): [DIPC][TravelingReceiveDataMonitor 10175] Traveling memory manager task exit
08-01 14:14:04.283 I/tvos    ( 1110): [DIPC][DestroyTravelingReceiveDataMonitor 10084]listFreeMemoryPool:not empty, item num 5
08-01 14:14:04.283 W/DIPC    ( 1124): [DIPC][DestroyTravelingReceiveDataMonitor][10094] end...
08-01 14:14:04.283 W/DIPC    ( 1124): [DIPC][DestroyTravelingSendDataMonitor][10101] start...
08-01 14:14:04.283 I/tvos    ( 1110): [DIPC][TravelingSendDataMonitor 10145] Traveling memory manager task exit
08-01 14:14:04.283 W/DIPC    ( 1124): [DIPC][DestroyTravelingSendDataMonitor][10123] end...
08-01 14:14:04.283 I/tvos    ( 1110): DIP already Opened
08-01 14:14:04.283 I/tvos    ( 1110): MDrv_CMD_DIP_RELEASE_RESOURCE[0]   start
08-01 14:14:04.283 I/tvos    ( 1110): MDrv_CMD_DIP_RELEASE_RESOURCE[0]   end
08-01 14:14:04.283 W/DIPC    ( 1124): ---FinalizeTravelingMode:9437[1] end, ret=1
08-01 14:14:04.283 I/CameraClient( 1106): Destroying camera 5
08-01 14:14:04.293 I/tvos    ( 1110): [37m[INFO] Change to Voltage: 1270 mV (0x2B)[m
08-01 14:14:04.293 I/tvos    ( 1110): [37m[INFO] Change to Voltage: 1270 mV (0x2E)[m
08-01 14:14:04.293 I/tvos    ( 1110): [37m[INFO] Change to Voltage: 1270 mV (0x31)[m
08-01 14:14:04.293 I/tvos    ( 1110): [37m[INFO] Change to Voltage: 1270 mV (0x34)[m
08-01 14:14:04.293 I/tvos    ( 1110): [37m[INFO] Change to Voltage: 1270 mV (0x37)[m
08-01 14:14:04.293 I/tvos    ( 1110): [37m[INFO] Change to Voltage: 1270 mV (0x3A)[m
08-01 14:14:04.293 I/tvos    ( 1110): [37m[INFO] Change to Voltage: 1270 mV (0x3C)[m
08-01 14:14:04.293 I/tvos    ( 1110): [37m[INFO] No Need to Change Core Power[m
08-01 14:14:04.493 I/tvos    ( 1110): [37m[INFO] Change to Voltage: 1100 mV (0x3C)[m
08-01 14:14:04.493 I/tvos    ( 1110): [37m[INFO] Change to Voltage: 1100 mV (0x39)[m
08-01 14:14:04.493 I/tvos    ( 1110): [37m[INFO] Change to Voltage: 1100 mV (0x36)[m
08-01 14:14:04.493 I/tvos    ( 1110): [37m[INFO] Change to Voltage: 1100 mV (0x33)[m
08-01 14:14:04.493 I/tvos    ( 1110): [37m[INFO] Change to Voltage: 1100 mV (0x30)[m
08-01 14:14:04.493 I/tvos    ( 1110): [37m[INFO] Change to Voltage: 1100 mV (0x2D)[m
08-01 14:14:04.493 I/tvos    ( 1110): [37m[INFO] Change to Voltage: 1100 mV (0x2B)[m
08-01 14:14:04.493 I/tvos    ( 1110): [37m[INFO] No Need to Change Core Power[m
08-01 14:14:04.793 E/cutils-trace(15481): Error opening trace file: Permission denied (13)
08-01 14:14:04.893 I/tvos    ( 1110): [37m[INFO] Change to Voltage: 1270 mV (0x2B)[m
08-01 14:14:04.893 I/tvos    ( 1110): [37m[INFO] Change to Voltage: 1270 mV (0x2E)[m
08-01 14:14:04.893 I/tvos    ( 1110): [37m[INFO] Change to Voltage: 1270 mV (0x31)[m
08-01 14:14:04.893 I/tvos    ( 1110): [37m[INFO] Change to Voltage: 1270 mV (0x34)[m
08-01 14:14:04.893 I/tvos    ( 1110): [37m[INFO] Change to Voltage: 1270 mV (0x37)[m
08-01 14:14:04.893 I/tvos    ( 1110): [37m[INFO] Change to Voltage: 1270 mV (0x3A)[m
08-01 14:14:04.893 I/tvos    ( 1110): [37m[INFO] Change to Voltage: 1270 mV (0x3C)[m
08-01 14:14:04.903 I/tvos    ( 1110): [37m[INFO] No Need to Change Core Power[m
08-01 14:14:05.003 E/memtrack(15481): Couldn't load memtrack module (No such file or directory)
08-01 14:14:05.003 E/android.os.Debug(15481): failed to load memtrack module: -2
08-01 14:14:05.103 I/ActivityManager( 1697): Force stopping tv.fun.settings appid=1000 user=0: from pid 15481
08-01 14:14:05.103 I/ActivityManager( 1697): Killing 15413:tv.fun.settings/1000 (adj 0): stop tv.fun.settings
08-01 14:14:05.113 W/ActivityManager( 1697): Force removing ActivityRecord{42f00788 u0 tv.fun.settings/.about.AboutProductInfo t9}: app died, no saved state
08-01 14:14:05.113 I/ActivityManager( 1697):   Force finishing activity ActivityRecord{4254e828 u0 tv.fun.settings/.about.AboutActivity t9}
08-01 14:14:05.123 I/ActivityManager( 1697): TR2) TaskRecord{42377030 #2 A=com.bestv U=0 sz=1}
08-01 14:14:05.123 I/ActivityManager( 1697): TR1) TaskRecord{42585b08 #9 A=tv.fun.settings.task5 U=0 sz=1}
08-01 14:14:05.173 I/ActivityManager( 1697): TR2) TaskRecord{42377030 #2 A=com.bestv U=0 sz=1}
08-01 14:14:05.173 I/ActivityManager( 1697): TR1) TaskRecord{42585b08 #9 A=tv.fun.settings.task5 U=0 sz=1}
08-01 14:14:05.183 I/WindowState( 1697): WIN DEATH: Window{42602330 u0 tv.fun.settings/tv.fun.settings.about.AboutActivity}
08-01 14:14:05.193 I/HomeActivity( 2233): onResume , launcher set INPUT_SOURCE_STORAGE
08-01 14:14:05.193 I/WindowState( 1697): WIN DEATH: Window{42e54fd0 u0 tv.fun.settings/tv.fun.settings.about.AboutProductInfo}
08-01 14:14:05.213 I/tvos    ( 1110): [37m[INFO] No Need to Change CPU Power[m
08-01 14:14:05.213 I/tvos    ( 1110): [37m[INFO] No Need to Change Core Power[m
08-01 14:14:05.293 W/InputMethodManagerService( 1697): Got RemoteException sending setActive(false) notification to pid 15413 uid 1000
08-01 14:14:05.303 W/Binder  ( 1939): Caught a RuntimeException from the binder stub implementation.
08-01 14:14:05.303 W/Binder  ( 1939): java.lang.NullPointerException
08-01 14:14:05.303 W/Binder  ( 1939): 	at android.inputmethodservice.IInputMethodWrapper.setSessionEnabled(IInputMethodWrapper.java:280)
08-01 14:14:05.303 W/Binder  ( 1939): 	at com.android.internal.view.IInputMethod$Stub.onTransact(IInputMethod.java:129)
08-01 14:14:05.303 W/Binder  ( 1939): 	at android.os.Binder.execTransact(Binder.java:404)
08-01 14:14:05.303 W/Binder  ( 1939): 	at dalvik.system.NativeStart.run(Native Method)
08-01 14:14:05.313 I/System.out( 1939): editor :: 2146435377 # null # com.bestv.ott
08-01 14:14:05.313 I/System.out( 1939): editor :: null # null
08-01 14:14:05.313 I/System.out( 1939): editor :: -1 # -1
08-01 14:14:05.313 I/System.out( 1939): Screen size :: 1920 # 1080
08-01 14:14:05.313 I/System.out( 1939): Screen size :: 2.0 # 3.3
08-01 14:14:05.313 I/System.out( 1939): load new skin :: 0 # false # 0 # 0
08-01 14:14:05.433 I/TestRunner(14445): failed: test04_01TvNameOnProductInfoSubPage(com.example.zhengjin.funsettingsuitest.testcases.TestAboutInfoPage)
08-01 14:14:05.433 I/TestRunner(14445): ----- begin exception -----
08-01 14:14:05.443 I/TestRunner(14445): junit.framework.ComparisonFailure: Verify the device name item value. expected:<[风行电视]> but was:<[funshionTV-test]>
08-01 14:14:05.443 I/TestRunner(14445): 	at junit.framework.Assert.assertEquals(Assert.java:85)
08-01 14:14:05.443 I/TestRunner(14445): 	at com.example.zhengjin.funsettingsuitest.testcases.TestAboutInfoPage.test04_01TvNameOnProductInfoSubPage(TestAboutInfoPage.java:191)
08-01 14:14:05.443 I/TestRunner(14445): 	at java.lang.reflect.Method.invokeNative(Native Method)
08-01 14:14:05.443 I/TestRunner(14445): 	at java.lang.reflect.Method.invoke(Method.java:515)
08-01 14:14:05.443 I/TestRunner(14445): 	at org.junit.runners.model.FrameworkMethod$1.runReflectiveCall(FrameworkMethod.java:50)
08-01 14:14:05.443 I/TestRunner(14445): 	at org.junit.internal.runners.model.ReflectiveCallable.run(ReflectiveCallable.java:12)
08-01 14:14:05.443 I/TestRunner(14445): 	at org.junit.runners.model.FrameworkMethod.invokeExplosively(FrameworkMethod.java:47)
08-01 14:14:05.443 I/TestRunner(14445): 	at org.junit.internal.runners.statements.InvokeMethod.evaluate(InvokeMethod.java:17)
08-01 14:14:05.443 I/TestRunner(14445): 	at org.junit.internal.runners.statements.RunBefores.evaluate(RunBefores.java:26)
08-01 14:14:05.443 I/TestRunner(14445): 	at org.junit.internal.runners.statements.RunAfters.evaluate(RunAfters.java:27)
08-01 14:14:05.443 I/TestRunner(14445): 	at org.junit.runners.ParentRunner.runLeaf(ParentRunner.java:325)
08-01 14:14:05.443 I/TestRunner(14445): 	at org.junit.runners.BlockJUnit4ClassRunner.runChild(BlockJUnit4ClassRunner.java:78)
08-01 14:14:05.443 I/TestRunner(14445): 	at org.junit.runners.BlockJUnit4ClassRunner.runChild(BlockJUnit4ClassRunner.java:57)
08-01 14:14:05.443 I/TestRunner(14445): 	at org.junit.runners.ParentRunner$3.run(ParentRunner.java:290)
08-01 14:14:05.443 I/TestRunner(14445): 	at org.junit.runners.ParentRunner$1.schedule(ParentRunner.java:71)
08-01 14:14:05.443 I/TestRunner(14445): 	at org.junit.runners.ParentRunner.runChildren(ParentRunner.java:288)
08-01 14:14:05.443 I/TestRunner(14445): 	at org.junit.runners.ParentRunner.access$000(ParentRunner.java:58)
08-01 14:14:05.443 I/TestRunner(14445): 	at org.junit.runners.ParentRunner$2.evaluate(ParentRunner.java:268)
08-01 14:14:05.443 I/TestRunner(14445): 	at org.junit.internal.runners.statements.RunBefores.evaluate(RunBefores.java:26)
08-01 14:14:05.443 I/TestRunner(14445): 	at org.junit.runners.ParentRunner.run(ParentRunner.java:363)
08-01 14:14:05.443 I/TestRunner(14445): 	at org.junit.runners.Suite.runChild(Suite.java:128)
08-01 14:14:05.443 I/TestRunner(14445): 	at org.junit.runners.Suite.runChild(Suite.java:27)
08-01 14:14:05.443 I/TestRunner(14445): 	at org.junit.runners.ParentRunner$3.run(ParentRunner.java:290)
08-01 14:14:05.443 I/TestRunner(14445): 	at org.junit.runners.ParentRunner$1.schedule(ParentRunner.java:71)
08-01 14:14:05.443 I/TestRunner(14445): 	at org.junit.runners.ParentRunner.runChildren(ParentRunner.java:288)
08-01 14:14:05.443 I/TestRunner(14445): 	at org.junit.runners.ParentRunner.access$000(ParentRunner.java:58)
08-01 14:14:05.443 I/TestRunner(14445): 	at org.junit.runners.ParentRunner$2.evaluate(ParentRunner.java:268)
08-01 14:14:05.443 I/TestRunner(14445): 	at org.junit.runners.ParentRunner.run(ParentRunner.java:363)
08-01 14:14:05.443 I/TestRunner(14445): 	at org.junit.runner.JUnitCore.run(JUnitCore.java:137)
08-01 14:14:05.443 I/TestRunner(14445): 	at org.junit.runner.JUnitCore.run(JUnitCore.java:115)
08-01 14:14:05.443 I/TestRunner(14445): 	at android.support.test.internal.runner.TestExecutor.execute(TestExecutor.java:59)
08-01 14:14:05.443 I/TestRunner(14445): 	at android.support.test.runner.AndroidJUnitRunner.onStart(AndroidJUnitRunner.java:262)
08-01 14:14:05.443 I/TestRunner(14445): 	at android.app.Instrumentation$InstrumentationThread.run(Instrumentation.java:1701)
08-01 14:14:05.443 I/TestRunner(14445): ----- end exception -----
08-01 14:14:05.463 I/TestRunner(14445): finished: test04_01TvNameOnProductInfoSubPage(com.example.zhengjin.funsettingsuitest.testcases.TestAboutInfoPage)
08-01 14:14:05.473 I/MonitoringInstrumentation(14445): Activities that are still in CREATED to STOPPED: 0
08-01 14:14:05.473 I/TestRunner(14445): started: test04_02TvModelOnProductInfoSubPage(com.example.zhengjin.funsettingsuitest.testcases.TestAboutInfoPage)
08-01 14:14:05.483 I/MonitoringInstrumentation(14445): Activities that are still in CREATED to STOPPED: 0
08-01 14:14:05.693 I/tvos    ( 1110): [37m[INFO] No Need to Change CPU Power[m
08-01 14:14:05.693 I/tvos    ( 1110): [37m[INFO] No Need to Change Core Power[m
08-01 14:14:06.093 W/WindowManager( 1697): device name is Virtual
08-01 14:14:06.113 W/WindowManager( 1697): device name is Virtual
08-01 14:14:06.113 I/HomeTransferService( 2233): onStartCommand, action:tv.fun.intent.action.ACTION_HOME, sendFrom:0, isLongPressed:false
08-01 14:14:06.113 I/HomeTransferService( 2233): CHILDREN_INFO_URL call 1111
08-01 14:14:06.113 W/ContextImpl( 1697): Calling a method in the system process without a qualified user: android.app.ContextImpl.sendBroadcast:1152 com.android.internal.policy.impl.PhoneWindowManager.startDockOrHome:6204 com.android.internal.policy.impl.PhoneWindowManager.launchHomeFromHotKey:3474 com.android.internal.policy.impl.PhoneWindowManager.interceptKeyBeforeDispatching:2425 com.android.server.wm.InputMonitor.interceptKeyBeforeDispatching:375 
08-01 14:14:06.123 I/HomeTransferService( 2233): onStartCommand, isChildrenMode:false
08-01 14:14:06.123 W/IntentResolver( 1697): resolveIntent: multiple matches, only some with CATEGORY_DEFAULT
08-01 14:14:06.123 W/ContextImpl( 2233): Calling a method in the system process without a qualified user: android.app.ContextImpl.startActivity:1043 android.content.ContextWrapper.startActivity:311 com.bestv.ott.HomeTransferService.onStartCommand:114 android.app.ActivityThread.handleServiceArgs:2688 android.app.ActivityThread.access$2100:135 
08-01 14:14:06.123 W/ContextImpl( 2233): Calling a method in the system process without a qualified user: android.app.ContextImpl.startActivity:1061 android.app.ContextImpl.startActivity:1044 android.content.ContextWrapper.startActivity:311 com.bestv.ott.HomeTransferService.onStartCommand:114 android.app.ActivityThread.handleServiceArgs:2688 
08-01 14:14:06.123 W/IntentResolver( 1697): resolveIntent: multiple matches, only some with CATEGORY_DEFAULT
08-01 14:14:06.133 I/HomeTransferService( 2233): start home Activity
08-01 14:14:06.133 E/ActivityManager( 1697): service ComponentInfo{com.bestv.ott/com.bestv.ott.HomeTransferService} started
08-01 14:14:06.133 I/ActivityManager( 1697): check whether service should stop ServiceRecord{43070258 u0 com.bestv.ott/.HomeTransferService}
08-01 14:14:06.133 I/ActivityManager( 1697): stop list contains []
08-01 14:14:06.133 I/ActivityManager( 1697): service ServiceRecord{43070258 u0 com.bestv.ott/.HomeTransferService}is not contained in stop list
08-01 14:14:06.133 I/AirPlayService( 3383): mirror stop, mirror time: 1501568046141
08-01 14:14:06.133 E/BaseFragment( 2233): loadData tab url is empty!
08-01 14:14:06.133 I/ActivityManager( 1697): START u0 {act=android.intent.action.MAIN cat=[android.intent.category.HOME] flg=0x10200000 cmp=com.bestv.ott/.home.HomeActivity} from pid 2233
08-01 14:14:06.133 W/IntentResolver( 1697): resolveIntent: multiple matches, only some with CATEGORY_DEFAULT
08-01 14:14:06.193 I/HomeActivity( 2233): onResume , launcher set INPUT_SOURCE_STORAGE
08-01 14:14:06.263 I/System.out( 1939): editor :: 2146435173 # null # com.bestv.ott
08-01 14:14:06.263 I/System.out( 1939): editor :: null # null
08-01 14:14:06.263 I/System.out( 1939): editor :: -1 # -1
08-01 14:14:06.263 I/System.out( 1939): Screen size :: 1920 # 1080
08-01 14:14:06.263 I/System.out( 1939): Screen size :: 2.0 # 3.3
08-01 14:14:06.263 I/System.out( 1939): load new skin :: 0 # false # 0 # 0
08-01 14:14:08.573 I/Capture ( 3475): startCameraCapture mStartPreview = false
08-01 14:14:08.573 E/MediaPlayerService( 1106): setDataSource(/system/media/audio/ui/camera_click.ogg)
08-01 14:14:08.573 I/AwesomePlayer( 1106): setDataSource_l(URL suppressed)
08-01 14:14:08.593 E/MediaPlayerService( 1106): setDataSource(/system/media/audio/ui/VideoRecord.ogg)
08-01 14:14:08.593 I/AwesomePlayer( 1106): setDataSource_l(URL suppressed)
08-01 14:14:08.613 I/CameraClient( 1106): Opening camera 5
08-01 14:14:08.613 I/CameraHAL( 1106): camera_device open
08-01 14:14:08.613 I/Capture ( 3475): mCamera = android.hardware.Camera@4211b220
08-01 14:14:08.613 I/Capture ( 3475): isValidTraveling = trueopenCameraSuccess = true
08-01 14:14:08.633 I/dalvikvm-heap( 3475): Grow heap (frag case) to 6.393MB for 1658896-byte allocation
08-01 14:14:08.653 E/XCDipHardware_einstein( 1106): NULL window object
08-01 14:14:08.663 E/mbootenv_nand( 1106): open fail!!!!
08-01 14:14:08.683 I/tvos    ( 1110): D/PipManagerService( 1124 24701): initTravelingModeTv(callingPid 1106, clientPid 1106), sizeof=56
08-01 14:14:08.683 W/DIPC    ( 1124): ---InitTravelingMode:8769[1] start, Para=0xa200000(Addr), 0x800000, 256, 3(enTravelingSource), 0(bOSD), 720, 576, 2(Format), 0(frame rate X10),        0(MemoryPitch), CustCapWin[x:y=0:0 w:h=0:0], Win=0, src:Main[34], Sub[44], Current[44]
08-01 14:14:08.683 W/DIPC    ( 1124): [1]Memory config: addr=0xa200000, set size=0x800000, current size=800000
08-01 14:14:08.683 I/tvos    ( 1110): DIP already Opened
08-01 14:14:08.683 I/tvos    ( 1110): MDrv_CMD_DIP_GET_RESOURCE[0]   start
08-01 14:14:08.683 I/tvos    ( 1110): MDrv_CMD_DIP_GET_RESOURCE[0]   end
08-01 14:14:08.683 I/tvos    ( 1110): DIP already Opened
08-01 14:14:08.683 W/DIPC    ( 1124): SetTravelingFRC:7858 bCaptureIP=0, PipMode=0, u16InputVFreq=600, XC Input/Output=600/6000, I=0, DIPFrcRatio=1
08-01 14:14:08.683 W/DIPC    ( 1124): SetTravelingFRC:7875 Final DIPFrcRatio=1, DIPFramerate 0,request framerate 600
08-01 14:14:08.683 W/DIPC    ( 1124): cust window parameter is negative
08-01 14:14:08.683 W/DIPC    ( 1124): TravelingSetCSC:7714 DIPFormat=2,bInputYUV=0 Config XC CSC manually
08-01 14:14:08.683 W/DIPC    ( 1124): SetTravelingConfig:7345 ,DIP capture window x,y,w,h=0,0,3840,2160, interlace=0,captureStage=6
08-01 14:14:08.683 W/DIPC    ( 1124): SetTravelingConfig:7347 Traveling bOSD=0, DIP Ouput=720x576
08-01 14:14:08.683 W/DIPC    ( 1124): [SetTravelingConfig 7367]DIP MemoryPitch = 2880
08-01 14:14:08.683 W/DIPC    ( 1124): SetTravelingConfig:7410 SetDIPWindow x,y,w,h=0,0,3840,2160
08-01 14:14:08.693 W/DIPC    ( 1124): SetTravelingConfig:7411 PreScalingH[1] src,dst =3840,720
08-01 14:14:08.693 W/DIPC    ( 1124): SetTravelingConfig:7412 PreScalingV[1] src,dst =2160,576
08-01 14:14:08.693 W/DIPC    ( 1124): SetTravelingConfig:7512, HMirror=0   VMirror=0
08-01 14:14:08.693 W/DIPC    ( 1124): TravelingAllocateMemory:7597 : Allocate Condition: Mirror=0,0, I=0, TravelingPitch=0, DIPPitch=2880, BytePer2Pixel=8, DIP OutPut=720x576@2, TravelingOutPut=720x576@2
08-01 14:14:08.693 W/DIPC    ( 1124): TravelingAllocateMemory:7705 : Allocate Result: DIPAddr=0xa200000, DIPSize=0x800000, DIPBufCnt=5, DIPFrameSize=1658880, bGEScaling=0, GEAddr0=0x0, GEBufCnt=0,GEFrameSize=0
08-01 14:14:08.693 W/DIPC    ( 1124): SetTravelingConfig:7572, MemoryPitch=2880, DIP bufcount=5, output w,h=720,576
08-01 14:14:08.693 W/DIPC    ( 1124): ---InitTravelingMode:9171[1] end : bMirrorH=0, bMirrorV=0, m_bNeedGEScaling[enEngineType]=0
08-01 14:14:08.693 W/DIPC    ( 1124): ---StartTravelingMode:9184[1] start
08-01 14:14:08.693 W/DIPC    ( 1124): ---EnableTravelingMute:7166[1] start, mute=0
08-01 14:14:08.693 W/DIPC    ( 1124): [ThreadHandleMemoryConfigChange][9945] is need GE scaling 0
08-01 14:14:08.693 W/DIPC    ( 1124): ---EnableTravelingMute:7284[1] end, bRet=1 
08-01 14:14:08.693 W/DIPC    ( 1124): ---StartTravelingMode:9272[1] end, bRet=1 
08-01 14:14:08.793 I/dalvikvm-heap( 3475): Grow heap (frag case) to 7.579MB for 1244176-byte allocation
08-01 14:14:09.143 W/IntentResolver( 1697): resolveIntent: multiple matches, only some with CATEGORY_DEFAULT
08-01 14:14:09.193 W/DIPC    ( 1124): ---EnableTravelingMute:7166[1] start, mute=1
08-01 14:14:09.193 W/DIPC    ( 1124): ---EnableTravelingMute:7284[1] end, bRet=1 
08-01 14:14:09.193 W/DIPC    ( 1124): ---StopTravelingMode:9298[1] bRet=1
08-01 14:14:09.193 W/DIPC    ( 1124): Try StopTravelingMode, but traveling not Started yet.
08-01 14:14:09.193 W/DIPC    ( 1124): ---FinalizeTravelingMode:9326[1] start
08-01 14:14:09.193 W/DIPC    ( 1124): Try StopTravelingMode, but traveling not Started yet.
08-01 14:14:09.193 W/DIPC    ( 1124): [DIPC][DestroyTravelingReceiveDataMonitor][10041] start...
08-01 14:14:09.193 I/tvos    ( 1110): [DIPC][TravelingReceiveDataMonitor 10175] Traveling memory manager task exit
08-01 14:14:09.193 I/tvos    ( 1110): [DIPC][DestroyTravelingReceiveDataMonitor 10084]listFreeMemoryPool:not empty, item num 5
08-01 14:14:09.193 W/DIPC    ( 1124): [DIPC][DestroyTravelingReceiveDataMonitor][10094] end...
08-01 14:14:09.193 W/DIPC    ( 1124): [DIPC][DestroyTravelingSendDataMonitor][10101] start...
08-01 14:14:09.193 I/tvos    ( 1110): [DIPC][TravelingSendDataMonitor 10145] Traveling memory manager task exit
08-01 14:14:09.193 W/DIPC    ( 1124): [DIPC][DestroyTravelingSendDataMonitor][10123] end...
08-01 14:14:09.193 I/tvos    ( 1110): DIP already Opened
08-01 14:14:09.193 I/tvos    ( 1110): MDrv_CMD_DIP_RELEASE_RESOURCE[0]   start
08-01 14:14:09.193 I/tvos    ( 1110): MDrv_CMD_DIP_RELEASE_RESOURCE[0]   end
08-01 14:14:09.193 W/DIPC    ( 1124): ---FinalizeTravelingMode:9437[1] end, ret=1
08-01 14:14:09.193 I/CameraClient( 1106): Destroying camera 5
08-01 14:14:10.293 I/tvos    ( 1110): [37m[INFO] Change to Voltage: 1100 mV (0x3C)[m
08-01 14:14:10.293 I/tvos    ( 1110): [37m[INFO] Change to Voltage: 1100 mV (0x39)[m
08-01 14:14:10.293 I/tvos    ( 1110): [37m[INFO] Change to Voltage: 1100 mV (0x36)[m
08-01 14:14:10.293 I/tvos    ( 1110): [37m[INFO] Change to Voltage: 1100 mV (0x33)[m
08-01 14:14:10.293 I/tvos    ( 1110): [37m[INFO] Change to Voltage: 1100 mV (0x30)[m
08-01 14:14:10.293 I/tvos    ( 1110): [37m[INFO] Change to Voltage: 1100 mV (0x2D)[m
08-01 14:14:10.293 I/tvos    ( 1110): [37m[INFO] Change to Voltage: 1100 mV (0x2B)[m
08-01 14:14:10.293 I/tvos    ( 1110): [37m[INFO] No Need to Change Core Power[m
08-01 14:14:10.333 W/WindowManager( 1697): device name is Virtual
08-01 14:14:10.343 W/WindowManager( 1697): device name is Virtual
08-01 14:14:10.343 W/IntentResolver( 1697): resolveIntent: multiple matches, only some with CATEGORY_DEFAULT
08-01 14:14:10.353 I/HomeTransferService( 2233): onStartCommand, action:tv.fun.intent.action.ACTION_HOME, sendFrom:0, isLongPressed:false
08-01 14:14:10.353 I/HomeTransferService( 2233): CHILDREN_INFO_URL call 1111
08-01 14:14:10.353 I/HomeTransferService( 2233): onStartCommand, isChildrenMode:false
08-01 14:14:10.353 W/IntentResolver( 1697): resolveIntent: multiple matches, only some with CATEGORY_DEFAULT
08-01 14:14:10.353 W/ContextImpl( 1697): Calling a method in the system process without a qualified user: android.app.ContextImpl.sendBroadcast:1152 com.android.internal.policy.impl.PhoneWindowManager.startDockOrHome:6204 com.android.internal.policy.impl.PhoneWindowManager.launchHomeFromHotKey:3474 com.android.internal.policy.impl.PhoneWindowManager.interceptKeyBeforeDispatching:2425 com.android.server.wm.InputMonitor.interceptKeyBeforeDispatching:375 
08-01 14:14:10.353 W/ContextImpl( 2233): Calling a method in the system process without a qualified user: android.app.ContextImpl.startActivity:1043 android.content.ContextWrapper.startActivity:311 com.bestv.ott.HomeTransferService.onStartCommand:114 android.app.ActivityThread.handleServiceArgs:2688 android.app.ActivityThread.access$2100:135 
08-01 14:14:10.363 I/HomeTransferService( 2233): start home Activity
08-01 14:14:10.363 W/ContextImpl( 2233): Calling a method in the system process without a qualified user: android.app.ContextImpl.startActivity:1061 android.app.ContextImpl.startActivity:1044 android.content.ContextWrapper.startActivity:311 com.bestv.ott.HomeTransferService.onStartCommand:114 android.app.ActivityThread.handleServiceArgs:2688 
08-01 14:14:10.363 W/IntentResolver( 1697): resolveIntent: multiple matches, only some with CATEGORY_DEFAULT
08-01 14:14:10.363 I/ActivityManager( 1697): START u0 {act=android.intent.action.MAIN cat=[android.intent.category.HOME] flg=0x10200000 cmp=com.bestv.ott/.home.HomeActivity} from pid 2233
08-01 14:14:10.373 E/ActivityManager( 1697): service ComponentInfo{com.bestv.ott/com.bestv.ott.HomeTransferService} started
08-01 14:14:10.373 I/ActivityManager( 1697): check whether service should stop ServiceRecord{43070258 u0 com.bestv.ott/.HomeTransferService}
08-01 14:14:10.373 I/ActivityManager( 1697): stop list contains []
08-01 14:14:10.373 I/ActivityManager( 1697): service ServiceRecord{43070258 u0 com.bestv.ott/.HomeTransferService}is not contained in stop list
08-01 14:14:10.373 I/HomeActivity( 2233): onResume , launcher set INPUT_SOURCE_STORAGE
08-01 14:14:10.393 I/AirPlayService( 3383): mirror stop, mirror time: 1501568050401
08-01 14:14:11.423 E/Watchdog( 1697): check alive foreground thread
08-01 14:14:11.423 E/Watchdog( 1697): check alive main thread
08-01 14:14:11.423 E/Watchdog( 1697): check alive ui thread
08-01 14:14:11.423 E/Watchdog( 1697): check alive i/o thread
08-01 14:14:11.423 E/Watchdog( 1697): check alive ActivityManager
08-01 14:14:11.423 E/Watchdog( 1697): check alive PackageManager
08-01 14:14:11.423 E/Watchdog( 1697): check alive PowerManagerService
08-01 14:14:11.423 E/Watchdog( 1697): check alive WindowManager thread
08-01 14:14:13.423 W/IntentResolver( 1697): resolveIntent: multiple matches, only some with CATEGORY_DEFAULT
08-01 14:14:13.433 W/IntentResolver( 1697): resolveIntent: multiple matches, only some with CATEGORY_DEFAULT
08-01 14:14:13.573 I/Capture ( 3475): startCameraCapture mStartPreview = false
08-01 14:14:13.583 E/MediaPlayerService( 1106): setDataSource(/system/media/audio/ui/camera_click.ogg)
08-01 14:14:13.583 I/AwesomePlayer( 1106): setDataSource_l(URL suppressed)
08-01 14:14:13.603 E/MediaPlayerService( 1106): setDataSource(/system/media/audio/ui/VideoRecord.ogg)
08-01 14:14:13.603 I/AwesomePlayer( 1106): setDataSource_l(URL suppressed)
08-01 14:14:13.633 I/CameraClient( 1106): Opening camera 5
08-01 14:14:13.633 I/CameraHAL( 1106): camera_device open
08-01 14:14:13.633 I/Capture ( 3475): mCamera = android.hardware.Camera@4213e5e8
08-01 14:14:13.633 I/Capture ( 3475): isValidTraveling = trueopenCameraSuccess = true
08-01 14:14:13.653 I/dalvikvm-heap( 3475): Grow heap (frag case) to 6.393MB for 1658896-byte allocation
08-01 14:14:13.683 E/XCDipHardware_einstein( 1106): NULL window object
08-01 14:14:13.683 E/mbootenv_nand( 1106): open fail!!!!
08-01 14:14:13.693 I/tvos    ( 1110): [37m[INFO] Change to Voltage: 1270 mV (0x2B)[m
08-01 14:14:13.693 I/tvos    ( 1110): [37m[INFO] Change to Voltage: 1270 mV (0x2E)[m
08-01 14:14:13.693 I/tvos    ( 1110): [37m[INFO] Change to Voltage: 1270 mV (0x31)[m
08-01 14:14:13.693 I/tvos    ( 1110): [37m[INFO] Change to Voltage: 1270 mV (0x34)[m
08-01 14:14:13.693 I/tvos    ( 1110): [37m[INFO] Change to Voltage: 1270 mV (0x37)[m
08-01 14:14:13.693 I/tvos    ( 1110): [37m[INFO] Change to Voltage: 1270 mV (0x3A)[m
08-01 14:14:13.703 I/tvos    ( 1110): [37m[INFO] Change to Voltage: 1270 mV (0x3C)[m
08-01 14:14:13.703 I/tvos    ( 1110): [37m[INFO] No Need to Change Core Power[m
08-01 14:14:13.743 I/tvos    ( 1110): D/PipManagerService( 1124 1669): initTravelingModeTv(callingPid 1106, clientPid 1106), sizeof=56
08-01 14:14:13.743 W/DIPC    ( 1124): ---InitTravelingMode:8769[1] start, Para=0xa200000(Addr), 0x800000, 256, 3(enTravelingSource), 0(bOSD), 720, 576, 2(Format), 0(frame rate X10),        0(MemoryPitch), CustCapWin[x:y=0:0 w:h=0:0], Win=0, src:Main[34], Sub[44], Current[44]
08-01 14:14:13.743 W/DIPC    ( 1124): [1]Memory config: addr=0xa200000, set size=0x800000, current size=800000
08-01 14:14:13.743 I/tvos    ( 1110): DIP already Opened
08-01 14:14:13.743 I/tvos    ( 1110): MDrv_CMD_DIP_GET_RESOURCE[0]   start
08-01 14:14:13.743 I/tvos    ( 1110): MDrv_CMD_DIP_GET_RESOURCE[0]   end
08-01 14:14:13.743 I/tvos    ( 1110): DIP already Opened
08-01 14:14:13.743 W/DIPC    ( 1124): SetTravelingFRC:7858 bCaptureIP=0, PipMode=0, u16InputVFreq=600, XC Input/Output=600/6000, I=0, DIPFrcRatio=1
08-01 14:14:13.743 W/DIPC    ( 1124): SetTravelingFRC:7875 Final DIPFrcRatio=1, DIPFramerate 0,request framerate 600
08-01 14:14:13.743 W/DIPC    ( 1124): cust window parameter is negative
08-01 14:14:13.743 W/DIPC    ( 1124): TravelingSetCSC:7714 DIPFormat=2,bInputYUV=0 Config XC CSC manually
08-01 14:14:13.743 W/DIPC    ( 1124): SetTravelingConfig:7345 ,DIP capture window x,y,w,h=0,0,3840,2160, interlace=0,captureStage=6
08-01 14:14:13.743 W/DIPC    ( 1124): SetTravelingConfig:7347 Traveling bOSD=0, DIP Ouput=720x576
08-01 14:14:13.743 W/DIPC    ( 1124): [SetTravelingConfig 7367]DIP MemoryPitch = 2880
08-01 14:14:13.743 W/DIPC    ( 1124): SetTravelingConfig:7410 SetDIPWindow x,y,w,h=0,0,3840,2160
08-01 14:14:13.743 W/DIPC    ( 1124): SetTravelingConfig:7411 PreScalingH[1] src,dst =3840,720
08-01 14:14:13.743 W/DIPC    ( 1124): SetTravelingConfig:7412 PreScalingV[1] src,dst =2160,576
08-01 14:14:13.743 W/DIPC    ( 1124): SetTravelingConfig:7512, HMirror=0   VMirror=0
08-01 14:14:13.743 W/DIPC    ( 1124): TravelingAllocateMemory:7597 : Allocate Condition: Mirror=0,0, I=0, TravelingPitch=0, DIPPitch=2880, BytePer2Pixel=8, DIP OutPut=720x576@2, TravelingOutPut=720x576@2
08-01 14:14:13.743 W/DIPC    ( 1124): TravelingAllocateMemory:7705 : Allocate Result: DIPAddr=0xa200000, DIPSize=0x800000, DIPBufCnt=5, DIPFrameSize=1658880, bGEScaling=0, GEAddr0=0x0, GEBufCnt=0,GEFrameSize=0
08-01 14:14:13.743 W/DIPC    ( 1124): SetTravelingConfig:7572, MemoryPitch=2880, DIP bufcount=5, output w,h=720,576
08-01 14:14:13.743 W/DIPC    ( 1124): ---InitTravelingMode:9171[1] end : bMirrorH=0, bMirrorV=0, m_bNeedGEScaling[enEngineType]=0
08-01 14:14:13.753 W/DIPC    ( 1124): ---StartTravelingMode:9184[1] start
08-01 14:14:13.753 W/DIPC    ( 1124): ---EnableTravelingMute:7166[1] start, mute=0
08-01 14:14:13.753 W/DIPC    ( 1124): [ThreadHandleMemoryConfigChange][9945] is need GE scaling 0
08-01 14:14:13.753 W/DIPC    ( 1124): ---EnableTravelingMute:7284[1] end, bRet=1 
08-01 14:14:13.753 W/DIPC    ( 1124): ---StartTravelingMode:9272[1] end, bRet=1 
08-01 14:14:13.853 I/dalvikvm-heap( 3475): Grow heap (frag case) to 7.579MB for 1244176-byte allocation
08-01 14:14:13.953 W/WindowManager( 1697): device name is Virtual
08-01 14:14:13.993 I/HomeActivity( 2233): isTVFullScreenPlaying
08-01 14:14:13.993 I/HomeActivity( 2233): isTVFullScreenPlaying, false
08-01 14:14:14.003 I/packageName( 2233): com.bestv.ott
08-01 14:14:14.003 I/currentClassName( 2233): com.bestv.ott.home.HomeActivity
08-01 14:14:14.063 W/WindowManager( 1697): device name is Virtual
08-01 14:14:14.083 I/HomeActivity( 2233): isTVFullScreenPlaying
08-01 14:14:14.083 I/HomeActivity( 2233): isTVFullScreenPlaying, false
08-01 14:14:14.093 I/System.out( 1939): editor :: 2131428179 # null # com.bestv.ott
08-01 14:14:14.093 I/System.out( 1939): editor :: null # null
08-01 14:14:14.