08-01 14:11:28.493 E/mbootenv_nand( 1106): open fail!!!!
08-01 14:11:28.553 W/DIPC    ( 1124): ---InitTravelingMode:8769[1] start, Para=0xa200000(Addr), 0x800000, 256, 3(enTravelingSource), 0(bOSD), 720, 576, 2(Format), 0(frame rate X10),        0(MemoryPitch), CustCapWin[x:y=0:0 w:h=0:0], Win=0, src:Main[34], Sub[44], Current[44]
08-01 14:11:28.553 W/DIPC    ( 1124): [1]Memory config: addr=0xa200000, set size=0x800000, current size=800000
08-01 14:11:28.553 W/DIPC    ( 1124): SetTravelingFRC:7858 bCaptureIP=0, PipMode=0, u16InputVFreq=600, XC Input/Output=600/6000, I=0, DIPFrcRatio=1
08-01 14:11:28.553 W/DIPC    ( 1124): SetTravelingFRC:7875 Final DIPFrcRatio=1, DIPFramerate 0,request framerate 600
08-01 14:11:28.553 W/DIPC    ( 1124): cust window parameter is negative
08-01 14:11:28.553 W/DIPC    ( 1124): TravelingSetCSC:7714 DIPFormat=2,bInputYUV=0 Config XC CSC manually
08-01 14:11:28.553 W/DIPC    ( 1124): SetTravelingConfig:7345 ,DIP capture window x,y,w,h=0,0,3840,2160, interlace=0,captureStage=6
08-01 14:11:28.553 W/DIPC    ( 1124): SetTravelingConfig:7347 Traveling bOSD=0, DIP Ouput=720x576
08-01 14:11:28.553 W/DIPC    ( 1124): [SetTravelingConfig 7367]DIP MemoryPitch = 2880
08-01 14:11:28.553 W/DIPC    ( 1124): SetTravelingConfig:7410 SetDIPWindow x,y,w,h=0,0,3840,2160
08-01 14:11:28.553 W/DIPC    ( 1124): SetTravelingConfig:7411 PreScalingH[1] src,dst =3840,720
08-01 14:11:28.553 W/DIPC    ( 1124): SetTravelingConfig:7412 PreScalingV[1] src,dst =2160,576
08-01 14:11:28.553 W/DIPC    ( 1124): SetTravelingConfig:7512, HMirror=0   VMirror=0
08-01 14:11:28.553 W/DIPC    ( 1124): TravelingAllocateMemory:7597 : Allocate Condition: Mirror=0,0, I=0, TravelingPitch=0, DIPPitch=2880, BytePer2Pixel=8, DIP OutPut=720x576@2, TravelingOutPut=720x576@2
08-01 14:11:28.553 W/DIPC    ( 1124): TravelingAllocateMemory:7705 : Allocate Result: DIPAddr=0xa200000, DIPSize=0x800000, DIPBufCnt=5, DIPFrameSize=1658880, bGEScaling=0, GEAddr0=0x0, GEBufCnt=0,GEFrameSize=0
08-01 14:11:28.553 W/DIPC    ( 1124): SetTravelingConfig:7572, MemoryPitch=2880, DIP bufcount=5, output w,h=720,576
08-01 14:11:28.553 W/DIPC    ( 1124): ---InitTravelingMode:9171[1] end : bMirrorH=0, bMirrorV=0, m_bNeedGEScaling[enEngineType]=0
08-01 14:11:28.553 I/tvos    ( 1110): D/PipManagerService( 1124 1665): initTravelingModeTv(callingPid 1106, clientPid 1106), sizeof=56
08-01 14:11:28.553 I/tvos    ( 1110): DIP already Opened
08-01 14:11:28.553 I/tvos    ( 1110): MDrv_CMD_DIP_GET_RESOURCE[0]   start
08-01 14:11:28.553 I/tvos    ( 1110): MDrv_CMD_DIP_GET_RESOURCE[0]   end
08-01 14:11:28.553 I/tvos    ( 1110): DIP already Opened
08-01 14:11:28.563 W/DIPC    ( 1124): ---StartTravelingMode:9184[1] start
08-01 14:11:28.563 W/DIPC    ( 1124): ---EnableTravelingMute:7166[1] start, mute=0
08-01 14:11:28.563 W/DIPC    ( 1124): [ThreadHandleMemoryConfigChange][9945] is need GE scaling 0
08-01 14:11:28.563 W/DIPC    ( 1124): ---EnableTravelingMute:7284[1] end, bRet=1 
08-01 14:11:28.563 W/DIPC    ( 1124): ---StartTravelingMode:9272[1] end, bRet=1 
08-01 14:11:28.643 I/dalvikvm-heap( 3475): Grow heap (frag case) to 7.579MB for 1244176-byte allocation
08-01 14:11:28.773 W/WindowManager( 1697): device name is Virtual
08-01 14:11:28.803 I/HomeActivity( 2233): isTVFullScreenPlaying
08-01 14:11:28.803 I/HomeActivity( 2233): isTVFullScreenPlaying, false
08-01 14:11:28.813 I/packageName( 2233): com.bestv.ott
08-01 14:11:28.813 I/currentClassName( 2233): com.bestv.ott.home.HomeActivity
08-01 14:11:28.863 W/WindowManager( 1697): device name is Virtual
08-01 14:11:28.893 I/HomeActivity( 2233): isTVFullScreenPlaying
08-01 14:11:28.903 I/HomeActivity( 2233): isTVFullScreenPlaying, false
08-01 14:11:28.913 I/System.out( 1939): editor :: 2131428179 # null # com.bestv.ott
08-01 14:11:28.913 I/System.out( 1939): editor :: null # null
08-01 14:11:28.913 I/System.out( 1939): editor :: -1 # -1
08-01 14:11:28.913 I/System.out( 1939): Screen size :: 1920 # 1080
08-01 14:11:28.913 I/System.out( 1939): Screen size :: 2.0 # 3.3
08-01 14:11:28.913 I/System.out( 1939): load new skin :: 0 # false # 0 # 0
08-01 14:11:29.083 I/tvos    ( 1110): [DIPC][TravelingReceiveDataMonitor 10181]Wait time out!
08-01 14:11:29.343 W/DIPC    ( 1124): ---EnableTravelingMute:7166[1] start, mute=1
08-01 14:11:29.343 W/DIPC    ( 1124): ---EnableTravelingMute:7284[1] end, bRet=1 
08-01 14:11:29.343 W/DIPC    ( 1124): ---StopTravelingMode:9298[1] bRet=1
08-01 14:11:29.343 W/DIPC    ( 1124): Try StopTravelingMode, but traveling not Started yet.
08-01 14:11:29.343 W/DIPC    ( 1124): ---FinalizeTravelingMode:9326[1] start
08-01 14:11:29.343 W/DIPC    ( 1124): Try StopTravelingMode, but traveling not Started yet.
08-01 14:11:29.343 W/DIPC    ( 1124): [DIPC][DestroyTravelingReceiveDataMonitor][10041] start...
08-01 14:11:29.343 I/tvos    ( 1110): [DIPC][TravelingReceiveDataMonitor 10175] Traveling memory manager task exit
08-01 14:11:29.343 I/tvos    ( 1110): [DIPC][DestroyTravelingReceiveDataMonitor 10084]listFreeMemoryPool:not empty, item num 5
08-01 14:11:29.343 W/DIPC    ( 1124): [DIPC][DestroyTravelingReceiveDataMonitor][10094] end...
08-01 14:11:29.343 W/DIPC    ( 1124): [DIPC][DestroyTravelingSendDataMonitor][10101] start...
08-01 14:11:29.343 I/tvos    ( 1110): [DIPC][TravelingSendDataMonitor 10145] Traveling memory manager task exit
08-01 14:11:29.343 W/DIPC    ( 1124): [DIPC][DestroyTravelingSendDataMonitor][10123] end...
08-01 14:11:29.343 I/tvos    ( 1110): DIP already Opened
08-01 14:11:29.343 I/tvos    ( 1110): MDrv_CMD_DIP_RELEASE_RESOURCE[0]   start
08-01 14:11:29.343 I/tvos    ( 1110): MDrv_CMD_DIP_RELEASE_RESOURCE[0]   end
08-01 14:11:29.343 W/DIPC    ( 1124): ---FinalizeTravelingMode:9437[1] end, ret=1
08-01 14:11:29.343 I/CameraClient( 1106): Destroying camera 5
08-01 14:11:29.493 I/tvos    ( 1110): [37m[INFO] No Need to Change CPU Power[m
08-01 14:11:29.493 I/tvos    ( 1110): [37m[INFO] No Need to Change Core Power[m
08-01 14:11:30.093 I/tvos    ( 1110): [37m[INFO] Change to Voltage: 1270 mV (0x2B)[m
08-01 14:11:30.093 I/tvos    ( 1110): [37m[INFO] Change to Voltage: 1270 mV (0x2E)[m
08-01 14:11:30.093 I/tvos    ( 1110): [37m[INFO] Change to Voltage: 1270 mV (0x31)[m
08-01 14:11:30.093 I/tvos    ( 1110): [37m[INFO] Change to Voltage: 1270 mV (0x34)[m
08-01 14:11:30.093 I/tvos    ( 1110): [37m[INFO] Change to Voltage: 1270 mV (0x37)[m
08-01 14:11:30.093 I/tvos    ( 1110): [37m[INFO] Change to Voltage: 1270 mV (0x3A)[m
08-01 14:11:30.103 I/tvos    ( 1110): [37m[INFO] Change to Voltage: 1270 mV (0x3C)[m
08-01 14:11:30.103 I/tvos    ( 1110): [37m[INFO] No Need to Change Core Power[m
08-01 14:11:30.203 W/WindowManager( 1697): device name is Virtual
08-01 14:11:30.203 I/HomeActivity( 2233): isTVFullScreenPlaying
08-01 14:11:30.203 I/HomeActivity( 2233): isTVFullScreenPlaying, false
08-01 14:11:30.213 I/packageName( 2233): com.bestv.ott
08-01 14:11:30.213 I/currentClassName( 2233): com.bestv.ott.home.HomeActivity
08-01 14:11:30.243 W/WindowManager( 1697): device name is Virtual
08-01 14:11:30.263 I/HomeActivity( 2233): isTVFullScreenPlaying
08-01 14:11:30.263 I/HomeActivity( 2233): isTVFullScreenPlaying, false
08-01 14:11:30.273 I/System.out( 1939): editor :: 2131428179 # null # com.bestv.ott
08-01 14:11:30.273 I/System.out( 1939): editor :: null # null
08-01 14:11:30.273 I/System.out( 1939): editor :: -1 # -1
08-01 14:11:30.273 I/System.out( 1939): Screen size :: 1920 # 1080
08-01 14:11:30.273 I/System.out( 1939): Screen size :: 2.0 # 3.3
08-01 14:11:30.273 I/System.out( 1939): load new skin :: 0 # false # 0 # 0
08-01 14:11:31.273 W/WindowManager( 1697): device name is Virtual
08-01 14:11:31.293 I/tvos    ( 1110): [37m[INFO] Change to Voltage: 1100 mV (0x3C)[m
08-01 14:11:31.293 I/tvos    ( 1110): [37m[INFO] Change to Voltage: 1100 mV (0x39)[m
08-01 14:11:31.293 I/tvos    ( 1110): [37m[INFO] Change to Voltage: 1100 mV (0x36)[m
08-01 14:11:31.293 I/tvos    ( 1110): [37m[INFO] Change to Voltage: 1100 mV (0x33)[m
08-01 14:11:31.293 I/tvos    ( 1110): [37m[INFO] Change to Voltage: 1100 mV (0x30)[m
08-01 14:11:31.293 I/tvos    ( 1110): [37m[INFO] Change to Voltage: 1100 mV (0x2D)[m
08-01 14:11:31.293 I/tvos    ( 1110): [37m[INFO] Change to Voltage: 1100 mV (0x2B)[m
08-01 14:11:31.303 I/tvos    ( 1110): [37m[INFO] No Need to Change Core Power[m
08-01 14:11:31.313 I/HomeActivity( 2233): isTVFullScreenPlaying
08-01 14:11:31.313 I/HomeActivity( 2233): isTVFullScreenPlaying, false
08-01 14:11:31.323 I/packageName( 2233): com.bestv.ott
08-01 14:11:31.323 I/currentClassName( 2233): com.bestv.ott.home.HomeActivity
08-01 14:11:31.363 W/WindowManager( 1697): device name is Virtual
08-01 14:11:31.383 I/HomeActivity( 2233): isTVFullScreenPlaying
08-01 14:11:31.383 I/HomeActivity( 2233): isTVFullScreenPlaying, false
08-01 14:11:31.393 I/System.out( 1939): editor :: 2131428179 # null # com.bestv.ott
08-01 14:11:31.393 I/System.out( 1939): editor :: null # null
08-01 14:11:31.393 I/System.out( 1939): editor :: -1 # -1
08-01 14:11:31.393 I/System.out( 1939): Screen size :: 1920 # 1080
08-01 14:11:31.393 I/System.out( 1939): Screen size :: 2.0 # 3.3
08-01 14:11:31.393 I/System.out( 1939): load new skin :: 0 # false # 0 # 0
08-01 14:11:31.893 I/tvos    ( 1110): [37m[INFO] Change to Voltage: 1270 mV (0x2B)[m
08-01 14:11:31.893 I/tvos    ( 1110): [37m[INFO] Change to Voltage: 1270 mV (0x2E)[m
08-01 14:11:31.893 I/tvos    ( 1110): [37m[INFO] Change to Voltage: 1270 mV (0x31)[m
08-01 14:11:31.893 I/tvos    ( 1110): [37m[INFO] Change to Voltage: 1270 mV (0x34)[m
08-01 14:11:31.893 I/tvos    ( 1110): [37m[INFO] Change to Voltage: 1270 mV (0x37)[m
08-01 14:11:31.893 I/tvos    ( 1110): [37m[INFO] Change to Voltage: 1270 mV (0x3A)[m
08-01 14:11:31.903 I/tvos    ( 1110): [37m[INFO] Change to Voltage: 1270 mV (0x3C)[m
08-01 14:11:31.903 I/tvos    ( 1110): [37m[INFO] No Need to Change Core Power[m
08-01 14:11:32.403 W/WindowManager( 1697): device name is Virtual
08-01 14:11:32.423 I/HomeActivity( 2233): isTVFullScreenPlaying
08-01 14:11:32.423 I/HomeActivity( 2233): isTVFullScreenPlaying, false
08-01 14:11:32.433 I/packageName( 2233): com.bestv.ott
08-01 14:11:32.433 I/currentClassName( 2233): com.bestv.ott.home.HomeActivity
08-01 14:11:32.493 I/tvos    ( 1110): [37m[INFO] Change to Voltage: 1100 mV (0x3C)[m
08-01 14:11:32.493 I/tvos    ( 1110): [37m[INFO] Change to Voltage: 1100 mV (0x39)[m
08-01 14:11:32.493 I/tvos    ( 1110): [37m[INFO] Change to Voltage: 1100 mV (0x36)[m
08-01 14:11:32.493 I/tvos    ( 1110): [37m[INFO] Change to Voltage: 1100 mV (0x33)[m
08-01 14:11:32.493 I/tvos    ( 1110): [37m[INFO] Change to Voltage: 1100 mV (0x30)[m
08-01 14:11:32.493 I/tvos    ( 1110): [37m[INFO] Change to Voltage: 1100 mV (0x2D)[m
08-01 14:11:32.493 I/tvos    ( 1110): [37m[INFO] Change to Voltage: 1100 mV (0x2B)[m
08-01 14:11:32.503 I/tvos    ( 1110): [37m[INFO] No Need to Change Core Power[m
08-01 14:11:32.503 W/WindowManager( 1697): device name is Virtual
08-01 14:11:32.533 I/HomeActivity( 2233): isTVFullScreenPlaying
08-01 14:11:32.533 I/HomeActivity( 2233): isTVFullScreenPlaying, false
08-01 14:11:32.543 I/System.out( 1939): editor :: 2131428179 # null # com.bestv.ott
08-01 14:11:32.543 I/System.out( 1939): editor :: null # null
08-01 14:11:32.543 I/System.out( 1939): editor :: -1 # -1
08-01 14:11:32.543 I/System.out( 1939): Screen size :: 1920 # 1080
08-01 14:11:32.543 I/System.out( 1939): Screen size :: 2.0 # 3.3
08-01 14:11:32.543 I/System.out( 1939): load new skin :: 0 # false # 0 # 0
08-01 14:11:33.093 I/tvos    ( 1110): [37m[INFO] No Need to Change CPU Power[m
08-01 14:11:33.093 I/tvos    ( 1110): [37m[INFO] No Need to Change Core Power[m
08-01 14:11:33.413 I/Capture ( 3475): startCameraCapture mStartPreview = false
08-01 14:11:33.413 E/MediaPlayerService( 1106): setDataSource(/system/media/audio/ui/camera_click.ogg)
08-01 14:11:33.413 I/AwesomePlayer( 1106): setDataSource_l(URL suppressed)
08-01 14:11:33.443 E/MediaPlayerService( 1106): setDataSource(/system/media/audio/ui/VideoRecord.ogg)
08-01 14:11:33.443 I/AwesomePlayer( 1106): setDataSource_l(URL suppressed)
08-01 14:11:33.463 I/CameraClient( 1106): Opening camera 5
08-01 14:11:33.463 I/CameraHAL( 1106): camera_device open
08-01 14:11:33.463 I/Capture ( 3475): mCamera = android.hardware.Camera@4213e5e8
08-01 14:11:33.463 I/Capture ( 3475): isValidTraveling = trueopenCameraSuccess = true
08-01 14:11:33.483 I/dalvikvm-heap( 3475): Grow heap (frag case) to 6.393MB for 1658896-byte allocation
08-01 14:11:33.493 I/tvos    ( 1110): [37m[INFO] Change to Voltage: 1270 mV (0x2B)[m
08-01 14:11:33.493 I/tvos    ( 1110): [37m[INFO] Change to Voltage: 1270 mV (0x2E)[m
08-01 14:11:33.493 I/tvos    ( 1110): [37m[INFO] Change to Voltage: 1270 mV (0x31)[m
08-01 14:11:33.493 I/tvos    ( 1110): [37m[INFO] Change to Voltage: 1270 mV (0x34)[m
08-01 14:11:33.493 I/tvos    ( 1110): [37m[INFO] Change to Voltage: 1270 mV (0x37)[m
08-01 14:11:33.503 I/tvos    ( 1110): [37m[INFO] Change to Voltage: 1270 mV (0x3A)[m
08-01 14:11:33.503 I/tvos    ( 1110): [37m[INFO] Change to Voltage: 1270 mV (0x3C)[m
08-01 14:11:33.503 I/tvos    ( 1110): [37m[INFO] No Need to Change Core Power[m
08-01 14:11:33.503 E/XCDipHardware_einstein( 1106): NULL window object
08-01 14:11:33.513 E/mbootenv_nand( 1106): open fail!!!!
08-01 14:11:33.553 I/tvos    ( 1110): D/PipManagerService( 1124 1669): initTravelingModeTv(callingPid 1106, clientPid 1106), sizeof=56
08-01 14:11:33.553 W/DIPC    ( 1124): ---InitTravelingMode:8769[1] start, Para=0xa200000(Addr), 0x800000, 256, 3(enTravelingSource), 0(bOSD), 720, 576, 2(Format), 0(frame rate X10),        0(MemoryPitch), CustCapWin[x:y=0:0 w:h=0:0], Win=0, src:Main[34], Sub[44], Current[44]
08-01 14:11:33.553 W/DIPC    ( 1124): [1]Memory config: addr=0xa200000, set size=0x800000, current size=800000
08-01 14:11:33.553 I/tvos    ( 1110): DIP already Opened
08-01 14:11:33.553 I/tvos    ( 1110): MDrv_CMD_DIP_GET_RESOURCE[0]   start
08-01 14:11:33.553 I/tvos    ( 1110): MDrv_CMD_DIP_GET_RESOURCE[0]   end
08-01 14:11:33.553 I/tvos    ( 1110): DIP already Opened
08-01 14:11:33.553 W/DIPC    ( 1124): SetTravelingFRC:7858 bCaptureIP=0, PipMode=0, u16InputVFreq=600, XC Input/Output=600/6000, I=0, DIPFrcRatio=1
08-01 14:11:33.553 W/DIPC    ( 1124): SetTravelingFRC:7875 Final DIPFrcRatio=1, DIPFramerate 0,request framerate 600
08-01 14:11:33.553 W/DIPC    ( 1124): cust window parameter is negative
08-01 14:11:33.553 W/DIPC    ( 1124): TravelingSetCSC:7714 DIPFormat=2,bInputYUV=0 Config XC CSC manually
08-01 14:11:33.553 W/DIPC    ( 1124): SetTravelingConfig:7345 ,DIP capture window x,y,w,h=0,0,3840,2160, interlace=0,captureStage=6
08-01 14:11:33.553 W/DIPC    ( 1124): SetTravelingConfig:7347 Traveling bOSD=0, DIP Ouput=720x576
08-01 14:11:33.553 W/DIPC    ( 1124): [SetTravelingConfig 7367]DIP MemoryPitch = 2880
08-01 14:11:33.553 W/DIPC    ( 1124): SetTravelingConfig:7410 SetDIPWindow x,y,w,h=0,0,3840,2160
08-01 14:11:33.553 W/DIPC    ( 1124): SetTravelingConfig:7411 PreScalingH[1] src,dst =3840,720
08-01 14:11:33.553 W/DIPC    ( 1124): SetTravelingConfig:7412 PreScalingV[1] src,dst =2160,576
08-01 14:11:33.553 W/DIPC    ( 1124): SetTravelingConfig:7512, HMirror=0   VMirror=0
08-01 14:11:33.553 W/DIPC    ( 1124): TravelingAllocateMemory:7597 : Allocate Condition: Mirror=0,0, I=0, TravelingPitch=0, DIPPitch=2880, BytePer2Pixel=8, DIP OutPut=720x576@2, TravelingOutPut=720x576@2
08-01 14:11:33.553 W/DIPC    ( 1124): TravelingAllocateMemory:7705 : Allocate Result: DIPAddr=0xa200000, DIPSize=0x800000, DIPBufCnt=5, DIPFrameSize=1658880, bGEScaling=0, GEAddr0=0x0, GEBufCnt=0,GEFrameSize=0
08-01 14:11:33.553 W/DIPC    ( 1124): SetTravelingConfig:7572, MemoryPitch=2880, DIP bufcount=5, output w,h=720,576
08-01 14:11:33.553 W/DIPC    ( 1124): ---InitTravelingMode:9171[1] end : bMirrorH=0, bMirrorV=0, m_bNeedGEScaling[enEngineType]=0
08-01 14:11:33.563 W/DIPC    ( 1124): ---StartTravelingMode:9184[1] start
08-01 14:11:33.563 W/DIPC    ( 1124): ---EnableTravelingMute:7166[1] start, mute=0
08-01 14:11:33.563 W/DIPC    ( 1124): [ThreadHandleMemoryConfigChange][9945] is need GE scaling 0
08-01 14:11:33.563 W/DIPC    ( 1124): ---EnableTravelingMute:7284[1] end, bRet=1 
08-01 14:11:33.563 W/DIPC    ( 1124): ---StartTravelingMode:9272[1] end, bRet=1 
08-01 14:11:33.653 I/dalvikvm-heap( 3475): Grow heap (frag case) to 7.579MB for 1244176-byte allocation
08-01 14:11:33.773 W/WindowManager( 1697): device name is Virtual
08-01 14:11:33.803 I/HomeActivity( 2233): isTVFullScreenPlaying
08-01 14:11:33.803 I/HomeActivity( 2233): isTVFullScreenPlaying, false
08-01 14:11:33.813 I/packageName( 2233): com.bestv.ott
08-01 14:11:33.813 I/currentClassName( 2233): com.bestv.ott.home.HomeActivity
08-01 14:11:33.853 W/WindowManager( 1697): device name is Virtual
08-01 14:11:33.873 I/System.out( 1939): editor :: 2131428179 # null # com.bestv.ott
08-01 14:11:33.873 I/System.out( 1939): editor :: null # null
08-01 14:11:33.873 I/System.out( 1939): editor :: -1 # -1
08-01 14:11:33.873 I/System.out( 1939): Screen size :: 1920 # 1080
08-01 14:11:33.873 I/System.out( 1939): Screen size :: 2.0 # 3.3
08-01 14:11:33.873 I/System.out( 1939): load new skin :: 0 # false # 0 # 0
08-01 14:11:33.913 I/HomeActivity( 2233): isTVFullScreenPlaying
08-01 14:11:33.913 I/HomeActivity( 2233): isTVFullScreenPlaying, false
08-01 14:11:34.083 I/tvos    ( 1110): [DIPC][TravelingReceiveDataMonitor 10181]Wait time out!
08-01 14:11:34.203 W/DIPC    ( 1124): ---EnableTravelingMute:7166[1] start, mute=1
08-01 14:11:34.203 W/DIPC    ( 1124): ---EnableTravelingMute:7284[1] end, bRet=1 
08-01 14:11:34.203 W/DIPC    ( 1124): ---StopTravelingMode:9298[1] bRet=1
08-01 14:11:34.203 W/DIPC    ( 1124): Try StopTravelingMode, but traveling not Started yet.
08-01 14:11:34.203 W/DIPC    ( 1124): ---FinalizeTravelingMode:9326[1] start
08-01 14:11:34.203 W/DIPC    ( 1124): Try StopTravelingMode, but traveling not Started yet.
08-01 14:11:34.203 W/DIPC    ( 1124): [DIPC][DestroyTravelingReceiveDataMonitor][10041] start...
08-01 14:11:34.203 I/tvos    ( 1110): [DIPC][TravelingReceiveDataMonitor 10175] Traveling memory manager task exit
08-01 14:11:34.203 I/tvos    ( 1110): [DIPC][DestroyTravelingReceiveDataMonitor 10084]listFreeMemoryPool:not empty, item num 5
08-01 14:11:34.203 W/DIPC    ( 1124): [DIPC][DestroyTravelingReceiveDataMonitor][10094] end...
08-01 14:11:34.203 W/DIPC    ( 1124): [DIPC][DestroyTravelingSendDataMonitor][10101] start...
08-01 14:11:34.203 I/tvos    ( 1110): [DIPC][TravelingSendDataMonitor 10145] Traveling memory manager task exit
08-01 14:11:34.203 W/DIPC    ( 1124): [DIPC][DestroyTravelingSendDataMonitor][10123] end...
08-01 14:11:34.203 I/tvos    ( 1110): DIP already Opened
08-01 14:11:34.203 I/tvos    ( 1110): MDrv_CMD_DIP_RELEASE_RESOURCE[0]   start
08-01 14:11:34.203 I/tvos    ( 1110): MDrv_CMD_DIP_RELEASE_RESOURCE[0]   end
08-01 14:11:34.203 W/DIPC    ( 1124): ---FinalizeTravelingMode:9437[1] end, ret=1
08-01 14:11:34.213 I/CameraClient( 1106): Destroying camera 5
08-01 14:11:34.493 I/tvos    ( 1110): [37m[INFO] Change to Voltage: 1100 mV (0x3C)[m
08-01 14:11:34.493 I/tvos    ( 1110): [37m[INFO] Change to Voltage: 1100 mV (0x39)[m
08-01 14:11:34.493 I/tvos    ( 1110): [37m[INFO] Change to Voltage: 1100 mV (0x36)[m
08-01 14:11:34.493 I/tvos    ( 1110): [37m[INFO] Change to Voltage: 1100 mV (0x33)[m
08-01 14:11:34.493 I/tvos    ( 1110): [37m[INFO] Change to Voltage: 1100 mV (0x30)[m
08-01 14:11:34.493 I/tvos    ( 1110): [37m[INFO] Change to Voltage: 1100 mV (0x2D)[m
08-01 14:11:34.493 I/tvos    ( 1110): [37m[INFO] Change to Voltage: 1100 mV (0x2B)[m
08-01 14:11:34.503 I/tvos    ( 1110): [37m[INFO] No Need to Change Core Power[m
08-01 14:11:34.923 W/WindowManager( 1697): device name is Virtual
08-01 14:11:34.923 I/HomeActivity( 2233): isTVFullScreenPlaying
08-01 14:11:34.923 I/HomeActivity( 2233): isTVFullScreenPlaying, false
08-01 14:11:34.933 I/packageName( 2233): com.bestv.ott
08-01 14:11:34.933 I/currentClassName( 2233): com.bestv.ott.home.HomeActivity
08-01 14:11:34.963 W/WindowManager( 1697): device name is Virtual
08-01 14:11:34.983 I/HomeActivity( 2233): isTVFullScreenPlaying
08-01 14:11:34.983 I/HomeActivity( 2233): isTVFullScreenPlaying, false
08-01 14:11:34.993 I/System.out( 1939): editor :: 2131428179 # null # com.bestv.ott
08-01 14:11:34.993 I/System.out( 1939): editor :: null # null
08-01 14:11:34.993 I/System.out( 1939): editor :: -1 # -1
08-01 14:11:34.993 I/System.out( 1939): Screen size :: 1920 # 1080
08-01 14:11:34.993 I/System.out( 1939): Screen size :: 2.0 # 3.3
08-01 14:11:34.993 I/System.out( 1939): load new skin :: 0 # false # 0 # 0
08-01 14:11:35.293 I/tvos    ( 1110): [37m[INFO] Change to Voltage: 1270 mV (0x2B)[m
08-01 14:11:35.293 I/tvos    ( 1110): [37m[INFO] Change to Voltage: 1270 mV (0x2E)[m
08-01 14:11:35.293 I/tvos    ( 1110): [37m[INFO] Change to Voltage: 1270 mV (0x31)[m
08-01 14:11:35.293 I/tvos    ( 1110): [37m[INFO] Change to Voltage: 1270 mV (0x34)[m
08-01 14:11:35.293 I/tvos    ( 1110): [37m[INFO] Change to Voltage: 1270 mV (0x37)[m
08-01 14:11:35.303 I/tvos    ( 1110): [37m[INFO] Change to Voltage: 1270 mV (0x3A)[m
08-01 14:11:35.303 I/tvos    ( 1110): [37m[INFO] Change to Voltage: 1270 mV (0x3C)[m
08-01 14:11:35.303 I/tvos    ( 1110): [37m[INFO] No Need to Change Core Power[m
08-01 14:11:35.493 I/tvos    ( 1110): [37m[INFO] Change to Voltage: 1100 mV (0x3C)[m
08-01 14:11:35.493 I/tvos    ( 1110): [37m[INFO] Change to Voltage: 1100 mV (0x39)[m
08-01 14:11:35.493 I/tvos    ( 1110): [37m[INFO] Change to Voltage: 1100 mV (0x36)[m
08-01 14:11:35.493 I/tvos    ( 1110): [37m[INFO] Change to Voltage: 1100 mV (0x33)[m
08-01 14:11:35.493 I/tvos    ( 1110): [37m[INFO] Change to Voltage: 1100 mV (0x30)[m
08-01 14:11:35.493 I/tvos    ( 1110): [37m[INFO] Change to Voltage: 1100 mV (0x2D)[m
08-01 14:11:35.493 I/tvos    ( 1110): [37m[INFO] Change to Voltage: 1100 mV (0x2B)[m
08-01 14:11:35.493 I/tvos    ( 1110): [37m[INFO] No Need to Change Core Power[m
08-01 14:11:35.993 W/WindowManager( 1697): device name is Virtual
08-01 14:11:35.993 I/HomeActivity( 2233): isTVFullScreenPlaying
08-01 14:11:35.993 I/HomeActivity( 2233): isTVFullScreenPlaying, false
08-01 14:11:36.003 I/packageName( 2233): com.bestv.ott
08-01 14:11:36.003 I/currentClassName( 2233): com.bestv.ott.home.HomeActivity
08-01 14:11:36.013 E/BaseFragment( 2233): loadData tab url is empty!
08-01 14:11:36.053 W/WindowManager( 1697): device name is Virtual
08-01 14:11:36.073 I/HomeActivity( 2233): isTVFullScreenPlaying
08-01 14:11:36.073 I/HomeActivity( 2233): isTVFullScreenPlaying, false
08-01 14:11:36.073 I/System.out( 1939): editor :: 2131428179 # null # com.bestv.ott
08-01 14:11:36.073 I/System.out( 1939): editor :: null # null
08-01 14:11:36.073 I/System.out( 1939): editor :: -1 # -1
08-01 14:11:36.073 I/System.out( 1939): Screen size :: 1920 # 1080
08-01 14:11:36.073 I/System.out( 1939): Screen size :: 2.0 # 3.3
08-01 14:11:36.073 I/System.out( 1939): load new skin :: 0 # false # 0 # 0
08-01 14:11:36.693 I/tvos    ( 1110): [37m[INFO] No Need to Change CPU Power[m
08-01 14:11:36.693 I/tvos    ( 1110): [37m[INFO] No Need to Change Core Power[m
08-01 14:11:37.083 W/WindowManager( 1697): device name is Virtual
08-01 14:11:37.083 I/HomeActivity( 2233): isTVFullScreenPlaying
08-01 14:11:37.083 I/HomeActivity( 2233): isTVFullScreenPlaying, false
08-01 14:11:37.083 I/packageName( 2233): com.bestv.ott
08-01 14:11:37.093 I/currentClassName( 2233): com.bestv.ott.home.HomeActivity
08-01 14:11:37.103 W/WindowManager( 1697): device name is Virtual
08-01 14:11:37.103 I/HomeActivity( 2233): isTVFullScreenPlaying
08-01 14:11:37.103 I/HomeActivity( 2233): isTVFullScreenPlaying, false
08-01 14:11:38.413 I/Capture ( 3475): startCameraCapture mStartPreview = false
08-01 14:11:38.413 E/MediaPlayerService( 1106): setDataSource(/system/media/audio/ui/camera_click.ogg)
08-01 14:11:38.413 I/AwesomePlayer( 1106): setDataSource_l(URL suppressed)
08-01 14:11:38.433 E/MediaPlayerService( 1106): setDataSource(/system/media/audio/ui/VideoRecord.ogg)
08-01 14:11:38.433 I/AwesomePlayer( 1106): setDataSource_l(URL suppressed)
08-01 14:11:38.453 I/CameraClient( 1106): Opening camera 5
08-01 14:11:38.453 I/CameraHAL( 1106): camera_device open
08-01 14:11:38.453 I/Capture ( 3475): mCamera = android.hardware.Camera@421918a0
08-01 14:11:38.453 I/Capture ( 3475): isValidTraveling = trueopenCameraSuccess = true
08-01 14:11:38.463 I/dalvikvm-heap( 3475): Grow heap (frag case) to 6.393MB for 1658896-byte allocation
08-01 14:11:38.483 E/XCDipHardware_einstein( 1106): NULL window object
08-01 14:11:38.483 E/mbootenv_nand( 1106): open fail!!!!
08-01 14:11:38.513 W/DIPC    ( 1124): ---InitTravelingMode:8769[1] start, Para=0xa200000(Addr), 0x800000, 256, 3(enTravelingSource), 0(bOSD), 720, 576, 2(Format), 0(frame rate X10),        0(MemoryPitch), CustCapWin[x:y=0:0 w:h=0:0], Win=0, src:Main[34], Sub[44], Current[44]
08-01 14:11:38.513 W/DIPC    ( 1124): [1]Memory config: addr=0xa200000, set size=0x800000, current size=800000
08-01 14:11:38.513 W/DIPC    ( 1124): SetTravelingFRC:7858 bCaptureIP=0, PipMode=0, u16InputVFreq=600, XC Input/Output=600/6000, I=0, DIPFrcRatio=1
08-01 14:11:38.513 W/DIPC    ( 1124): SetTravelingFRC:7875 Final DIPFrcRatio=1, DIPFramerate 0,request framerate 600
08-01 14:11:38.513 W/DIPC    ( 1124): cust window parameter is negative
08-01 14:11:38.513 W/DIPC    ( 1124): TravelingSetCSC:7714 DIPFormat=2,bInputYUV=0 Config XC CSC manually
08-01 14:11:38.513 W/DIPC    ( 1124): SetTravelingConfig:7345 ,DIP capture window x,y,w,h=0,0,3840,2160, interlace=0,captureStage=6
08-01 14:11:38.513 W/DIPC    ( 1124): SetTravelingConfig:7347 Traveling bOSD=0, DIP Ouput=720x576
08-01 14:11:38.513 W/DIPC    ( 1124): [SetTravelingConfig 7367]DIP MemoryPitch = 2880
08-01 14:11:38.513 W/DIPC    ( 1124): SetTravelingConfig:7410 SetDIPWindow x,y,w,h=0,0,3840,2160
08-01 14:11:38.513 W/DIPC    ( 1124): SetTravelingConfig:7411 PreScalingH[1] src,dst =3840,720
08-01 14:11:38.513 W/DIPC    ( 1124): SetTravelingConfig:7412 PreScalingV[1] src,dst =2160,576
08-01 14:11:38.513 W/DIPC    ( 1124): SetTravelingConfig:7512, HMirror=0   VMirror=0
08-01 14:11:38.513 W/DIPC    ( 1124): TravelingAllocateMemory:7597 : Allocate Condition: Mirror=0,0, I=0, TravelingPitch=0, DIPPitch=2880, BytePer2Pixel=8, DIP OutPut=720x576@2, TravelingOutPut=720x576@2
08-01 14:11:38.513 W/DIPC    ( 1124): TravelingAllocateMemory:7705 : Allocate Result: DIPAddr=0xa200000, DIPSize=0x800000, DIPBufCnt=5, DIPFrameSize=1658880, bGEScaling=0, GEAddr0=0x0, GEBufCnt=0,GEFrameSize=0
08-01 14:11:38.513 W/DIPC    ( 1124): SetTravelingConfig:7572, MemoryPitch=2880, DIP bufcount=5, output w,h=720,576
08-01 14:11:38.513 W/DIPC    ( 1124): ---InitTravelingMode:9171[1] end : bMirrorH=0, bMirrorV=0, m_bNeedGEScaling[enEngineType]=0
08-01 14:11:38.513 I/tvos    ( 1110): D/PipManagerService( 1124 1665): initTravelingModeTv(callingPid 1106, clientPid 1106), sizeof=56
08-01 14:11:38.513 I/tvos    ( 1110): DIP already Opened
08-01 14:11:38.513 I/tvos    ( 1110): MDrv_CMD_DIP_GET_RESOURCE[0]   start
08-01 14:11:38.513 I/tvos    ( 1110): MDrv_CMD_DIP_GET_RESOURCE[0]   end
08-01 14:11:38.513 I/tvos    ( 1110): DIP already Opened
08-01 14:11:38.523 W/DIPC    ( 1124): ---StartTravelingMode:9184[1] start
08-01 14:11:38.523 W/DIPC    ( 1124): ---EnableTravelingMute:7166[1] start, mute=0
08-01 14:11:38.523 W/DIPC    ( 1124): [ThreadHandleMemoryConfigChange][9945] is need GE scaling 0
08-01 14:11:38.523 W/DIPC    ( 1124): ---EnableTravelingMute:7284[1] end, bRet=1 
08-01 14:11:38.523 W/DIPC    ( 1124): ---StartTravelingMode:9272[1] end, bRet=1 
08-01 14:11:38.583 I/dalvikvm-heap( 3475): Grow heap (frag case) to 7.579MB for 1244176-byte allocation
08-01 14:11:38.693 I/tvos    ( 1110): [37m[INFO] Change to Voltage: 1270 mV (0x2B)[m
08-01 14:11:38.693 I/tvos    ( 1110): [37m[INFO] Change to Voltage: 1270 mV (0x2E)[m
08-01 14:11:38.693 I/tvos    ( 1110): [37m[INFO] Change to Voltage: 1270 mV (0x31)[m
08-01 14:11:38.693 I/tvos    ( 1110): [37m[INFO] Change to Voltage: 1270 mV (0x34)[m
08-01 14:11:38.693 I/tvos    ( 1110): [37m[INFO] Change to Voltage: 1270 mV (0x37)[m
08-01 14:11:38.693 I/tvos    ( 1110): [37m[INFO] Change to Voltage: 1270 mV (0x3A)[m
08-01 14:11:38.693 I/tvos    ( 1110): [37m[INFO] Change to Voltage: 1270 mV (0x3C)[m
08-01 14:11:38.703 I/tvos    ( 1110): [37m[INFO] No Need to Change Core Power[m
08-01 14:11:38.893 I/tvos    ( 1110): [37m[INFO] Change to Voltage: 1170 mV (0x3C)[m
08-01 14:11:38.893 I/tvos    ( 1110): [37m[INFO] Change to Voltage: 1170 mV (0x39)[m
08-01 14:11:38.893 I/tvos    ( 1110): [37m[INFO] Change to Voltage: 1170 mV (0x36)[m
08-01 14:11:38.893 I/tvos    ( 1110): [37m[INFO] Change to Voltage: 1170 mV (0x33)[m
08-01 14:11:38.893 I/tvos    ( 1110): [37m[INFO] Change to Voltage: 1170 mV (0x32)[m
08-01 14:11:38.893 I/tvos    ( 1110): [37m[INFO] No Need to Change Core Power[m
08-01 14:11:39.023 W/DIPC    ( 1124): ---EnableTravelingMute:7166[1] start, mute=1
08-01 14:11:39.023 W/DIPC    ( 1124): ---EnableTravelingMute:7284[1] end, bRet=1 
08-01 14:11:39.023 W/DIPC    ( 1124): ---StopTravelingMode:9298[1] bRet=1
08-01 14:11:39.023 W/DIPC    ( 1124): Try StopTravelingMode, but traveling not Started yet.
08-01 14:11:39.023 W/DIPC    ( 1124): ---FinalizeTravelingMode:9326[1] start
08-01 14:11:39.023 W/DIPC    ( 1124): Try StopTravelingMode, but traveling not Started yet.
08-01 14:11:39.023 W/DIPC    ( 1124): [DIPC][DestroyTravelingReceiveDataMonitor][10041] start...
08-01 14:11:39.023 W/DIPC    ( 1124): [DIPC][DestroyTravelingReceiveDataMonitor][10094] end...
08-01 14:11:39.023 I/tvos    ( 1110): [DIPC][TravelingReceiveDataMonitor 10175] Traveling memory manager task exit
08-01 14:11:39.023 I/tvos    ( 1110): [DIPC][DestroyTravelingReceiveDataMonitor 10084]listFreeMemoryPool:not empty, item num 5
08-01 14:11:39.023 W/DIPC    ( 1124): [DIPC][DestroyTravelingSendDataMonitor][10101] start...
08-01 14:11:39.023 W/DIPC    ( 1124): [DIPC][DestroyTravelingSendDataMonitor][10123] end...
08-01 14:11:39.023 I/tvos    ( 1110): [DIPC][TravelingSendDataMonitor 10145] Traveling memory manager task exit
08-01 14:11:39.023 I/tvos    ( 1110): DIP already Opened
08-01 14:11:39.023 I/tvos    ( 1110): MDrv_CMD_DIP_RELEASE_RESOURCE[0]   start
08-01 14:11:39.023 W/DIPC    ( 1124): ---FinalizeTravelingMode:9437[1] end, ret=1
08-01 14:11:39.023 I/tvos    ( 1110): MDrv_CMD_DIP_RELEASE_RESOURCE[0]   end
08-01 14:11:39.023 I/CameraClient( 1106): Destroying camera 5
08-01 14:11:39.093 I/tvos    ( 1110): [37m[INFO] Change to Voltage: 1100 mV (0x32)[m
08-01 14:11:39.093 I/tvos    ( 1110): [37m[INFO] Change to Voltage: 1100 mV (0x2F)[m
08-01 14:11:39.093 I/tvos    ( 1110): [37m[INFO] Change to Voltage: 1100 mV (0x2C)[m
08-01 14:11:39.093 I/tvos    ( 1110): [37m[INFO] Change to Voltage: 1100 mV (0x2B)[m
08-01 14:11:39.093 I/tvos    ( 1110): [37m[INFO] No Need to Change Core Power[m
08-01 14:11:40.413 I/System.out( 1939): editor :: 2146435377 # null # com.bestv.ott
08-01 14:11:40.413 I/System.out( 1939): editor :: null # null
08-01 14:11:40.413 I/System.out( 1939): editor :: -1 # -1
08-01 14:11:40.413 I/System.out( 1939): Screen size :: 1920 # 1080
08-01 14:11:40.413 I/System.out( 1939): Screen size :: 2.0 # 3.3
08-01 14:11:40.413 I/System.out( 1939): load new skin :: 0 # false # 0 # 0
08-01 14:11:41.383 W/WindowManager( 1697): device name is Virtual
08-01 14:11:41.393 I/HomeActivity( 2233): isTVFullScreenPlaying
08-01 14:11:41.393 I/HomeActivity( 2233): isTVFullScreenPlaying, false
08-01 14:11:41.403 W/WindowManager( 1697): device name is Virtual
08-01 14:11:41.413 E/Watchdog( 1697): check alive foreground thread
08-01 14:11:41.413 E/Watchdog( 1697): check alive main thread
08-01 14:11:41.413 E/Watchdog( 1697): check alive ui thread
08-01 14:11:41.413 E/Watchdog( 1697): check alive i/o thread
08-01 14:11:41.413 E/Watchdog( 1697): check alive ActivityManager
08-01 14:11:41.413 E/Watchdog( 1697): check alive PackageManager
08-01 14:11:41.413 E/Watchdog( 1697): check alive PowerManagerService
08-01 14:11:41.413 E/Watchdog( 1697): check alive WindowManager thread
08-01 14:11:41.423 I/HomeActivity( 2233): isTVFullScreenPlaying
08-01 14:11:41.423 I/HomeActivity( 2233): isTVFullScreenPlaying, false
08-01 14:11:41.433 I/ActivityManager( 1697): START u0 {act=android.settings.DEVICE_INFO_SETTINGS flg=0x10000000 cmp=tv.fun.settings/.about.AboutActivity (has extras)} from pid 2233
08-01 14:11:41.513 I/ActivityManager( 1697): Start proc tv.fun.settings for activity tv.fun.settings/.about.AboutActivity: pid=14716 uid=1000 gids={41000, 1028, 1015, 1023, 3003, 3002, 3001, 2001, 1007}
08-01 14:11:41.563 I/ActivityManager( 1697): TR2) TaskRecord{42f39000 #5 A=tv.fun.settings.task5 U=0 sz=1}
08-01 14:11:41.563 I/ActivityManager( 1697): TR1) TaskRecord{42377030 #2 A=com.bestv U=0 sz=1}
08-01 14:11:41.683 I/ActivityManager( 1697): TR2) TaskRecord{42f39000 #5 A=tv.fun.settings.task5 U=0 sz=1}
08-01 14:11:41.683 I/ActivityManager( 1697): TR1) TaskRecord{42377030 #2 A=com.bestv U=0 sz=1}
08-01 14:11:41.833 I/dalvikvm-heap(14716): Grow heap (frag case) to 12.526MB for 8294416-byte allocation
08-01 14:11:42.613 I/System.out( 1939): editor :: 2131623973 # null # tv.fun.settings
08-01 14:11:42.613 I/System.out( 1939): editor :: null # null
08-01 14:11:42.613 I/System.out( 1939): editor :: -1 # -1
08-01 14:11:42.613 I/System.out( 1939): Screen size :: 1920 # 1080
08-01 14:11:42.613 I/System.out( 1939): Screen size :: 2.0 # 3.3
08-01 14:11:42.613 I/System.out( 1939): load new skin :: 0 # false # 0 # 0
08-01 14:11:42.883 I/ActivityManager( 1697): Displayed tv.fun.settings/.about.AboutActivity: +1s388ms
08-01 14:11:43.093 I/tvos    ( 1110): [37m[INFO] Change to Voltage: 1270 mV (0x2B)[m
08-01 14:11:43.093 I/tvos    ( 1110): [37m[INFO] Change to Voltage: 1270 mV (0x2E)[m
08-01 14:11:43.093 I/tvos    ( 1110): [37m[INFO] Change to Voltage: 1270 mV (0x31)[m
08-01 14:11:43.093 I/tvos    ( 1110): [37m[INFO] Change to Voltage: 1270 mV (0x34)[m
08-01 14:11:43.093 I/tvos    ( 1110): [37m[INFO] Change to Voltage: 1270 mV (0x37)[m
08-01 14:11:43.103 I/tvos    ( 1110): [37m[INFO] Change to Voltage: 1270 mV (0x3A)[m
08-01 14:11:43.103 I/tvos    ( 1110): [37m[INFO] Change to Voltage: 1270 mV (0x3C)[m
08-01 14:11:43.103 I/tvos    ( 1110): [37m[INFO] No Need to Change Core Power[m
08-01 14:11:43.293 I/tvos    ( 1110): [37m[INFO] No Need to Change CPU Power[m
08-01 14:11:43.293 I/tvos    ( 1110): [37m[INFO] No Need to Change Core Power[m
08-01 14:11:43.413 I/Capture ( 3475): startCameraCapture mStartPreview = false
08-01 14:11:43.413 E/MediaPlayerService( 1106): setDataSource(/system/media/audio/ui/camera_click.ogg)
08-01 14:11:43.413 I/AwesomePlayer( 1106): setDataSource_l(URL suppressed)
08-01 14:11:43.433 E/MediaPlayerService( 1106): setDataSource(/system/media/audio/ui/VideoRecord.ogg)
08-01 14:11:43.433 I/AwesomePlayer( 1106): setDataSource_l(URL suppressed)
08-01 14:11:43.443 I/CameraClient( 1106): Opening camera 5
08-01 14:11:43.443 I/CameraHAL( 1106): camera_device open
08-01 14:11:43.453 I/Capture ( 3475): mCamera = android.hardware.Camera@4213e5e8
08-01 14:11:43.453 I/Capture ( 3475): isValidTraveling = trueopenCameraSuccess = true
08-01 14:11:43.463 I/dalvikvm-heap( 3475): Grow heap (frag case) to 6.393MB for 1658896-byte allocation
08-01 14:11:43.483 E/XCDipHardware_einstein( 1106): NULL window object
08-01 14:11:43.483 E/mbootenv_nand( 1106): open fail!!!!
08-01 14:11:43.493 I/tvos    ( 1110): [37m[INFO] No Need to Change CPU Power[m
08-01 14:11:43.493 I/tvos    ( 1110): [37m[INFO] No Need to Change Core Power[m
08-01 14:11:43.503 I/tvos    ( 1110): D/PipManagerService( 1124 24702): initTravelingModeTv(callingPid 1106, clientPid 1106), sizeof=56
08-01 14:11:43.503 W/DIPC    ( 1124): ---InitTravelingMode:8769[1] start, Para=0xa200000(Addr), 0x800000, 256, 3(enTravelingSource), 0(bOSD), 720, 576, 2(Format), 0(frame rate X10),        0(MemoryPitch), CustCapWin[x:y=0:0 w:h=0:0], Win=0, src:Main[34], Sub[44], Current[44]
08-01 14:11:43.503 W/DIPC    ( 1124): [1]Memory config: addr=0xa200000, set size=0x800000, current size=800000
08-01 14:11:43.503 I/tvos    ( 1110): DIP already Opened
08-01 14:11:43.503 I/tvos    ( 1110): MDrv_CMD_DIP_GET_RESOURCE[0]   start
08-01 14:11:43.503 I/tvos    ( 1110): MDrv_CMD_DIP_GET_RESOURCE[0]   end
08-01 14:11:43.503 I/tvos    ( 1110): DIP already Opened
08-01 14:11:43.503 W/DIPC    ( 1124): SetTravelingFRC:7858 bCaptureIP=0, PipMode=0, u16InputVFreq=600, XC Input/Output=600/6000, I=0, DIPFrcRatio=1
08-01 14:11:43.503 W/DIPC    ( 1124): SetTravelingFRC:7875 Final DIPFrcRatio=1, DIPFramerate 0,request framerate 600
08-01 14:11:43.503 W/DIPC    ( 1124): cust window parameter is negative
08-01 14:11:43.503 W/DIPC    ( 1124): TravelingSetCSC:7714 DIPFormat=2,bInputYUV=0 Config XC CSC manually
08-01 14:11:43.503 W/DIPC    ( 1124): SetTravelingConfig:7345 ,DIP capture window x,y,w,h=0,0,3840,2160, interlace=0,captureStage=6
08-01 14:11:43.503 W/DIPC    ( 1124): SetTravelingConfig:7347 Traveling bOSD=0, DIP Ouput=720x576
08-01 14:11:43.503 W/DIPC    ( 1124): [SetTravelingConfig 7367]DIP MemoryPitch = 2880
08-01 14:11:43.503 W/DIPC    ( 1124): SetTravelingConfig:7410 SetDIPWindow x,y,w,h=0,0,3840,2160
08-01 14:11:43.503 W/DIPC    ( 1124): SetTravelingConfig:7411 PreScalingH[1] src,dst =3840,720
08-01 14:11:43.503 W/DIPC    ( 1124): SetTravelingConfig:7412 PreScalingV[1] src,dst =2160,576
08-01 14:11:43.503 W/DIPC    ( 1124): SetTravelingConfig:7512, HMirror=0   VMirror=0
08-01 14:11:43.503 W/DIPC    ( 1124): TravelingAllocateMemory:7597 : Allocate Condition: Mirror=0,0, I=0, TravelingPitch=0, DIPPitch=2880, BytePer2Pixel=8, DIP OutPut=720x576@2, TravelingOutPut=720x576@2
08-01 14:11:43.503 W/DIPC    ( 1124): TravelingAllocateMemory:7705 : Allocate Result: DIPAddr=0xa200000, DIPSize=0x800000, DIPBufCnt=5, DIPFrameSize=1658880, bGEScaling=0, GEAddr0=0x0, GEBufCnt=0,GEFrameSize=0
08-01 14:11:43.503 W/DIPC    ( 1124): SetTravelingConfig:7572, MemoryPitch=2880, DIP bufcount=5, output w,h=720,576
08-01 14:11:43.503 W/DIPC    ( 1124): ---InitTravelingMode:9171[1] end : bMirrorH=0, bMirrorV=0, m_bNeedGEScaling[enEngineType]=0
08-01 14:11:43.513 W/DIPC    ( 1124): ---StartTravelingMode:9184[1] start
08-01 14:11:43.513 W/DIPC    ( 1124): ---EnableTravelingMute:7166[1] start, mute=0
08-01 14:11:43.513 W/DIPC    ( 1124): [ThreadHandleMemoryConfigChange][9945] is need GE scaling 0
08-01 14:11:43.513 W/DIPC    ( 1124): ---EnableTravelingMute:7284[1] end, bRet=1 
08-01 14:11:43.513 W/DIPC    ( 1124): ---StartTravelingMode:9272[1] end, bRet=1 
08-01 14:11:43.593 I/dalvikvm-heap( 3475): Grow heap (frag case) to 7.580MB for 1244176-byte allocation
08-01 14:11:43.693 I/tvos    ( 1110): [37m[INFO] No Need to Change CPU Power[m
08-01 14:11:43.693 I/tvos    ( 1110): [37m[INFO] No Need to Change Core Power[m
08-01 14:11:43.893 I/tvos    ( 1110): [37m[INFO] No Need to Change CPU Power[m
08-01 14:11:43.893 I/tvos    ( 1110): [37m[INFO] No Need to Change Core Power[m
08-01 14:11:43.993 W/DIPC    ( 1124): ---EnableTravelingMute:7166[1] start, mute=1
08-01 14:11:43.993 W/DIPC    ( 1124): ---EnableTravelingMute:7284[1] end, bRet=1 
08-01 14:11:43.993 W/DIPC    ( 1124): ---StopTravelingMode:9298[1] bRet=1
08-01 14:11:43.993 W/DIPC    ( 1124): Try StopTravelingMode, but traveling not Started yet.
08-01 14:11:43.993 W/DIPC    ( 1124): ---FinalizeTravelingMode:9326[1] start
08-01 14:11:43.993 W/DIPC    ( 1124): Try StopTravelingMode, but traveling not Started yet.
08-01 14:11:43.993 W/DIPC    ( 1124): [DIPC][DestroyTravelingReceiveDataMonitor][10041] start...
08-01 14:11:43.993 I/tvos    ( 1110): [DIPC][TravelingReceiveDataMonitor 10175] Traveling memory manager task exit
08-01 14:11:43.993 W/DIPC    ( 1124): [DIPC][DestroyTravelingReceiveDataMonitor][10094] end...
08-01 14:11:43.993 W/DIPC    ( 1124): [DIPC][DestroyTravelingSendDataMonitor][10101] start...
08-01 14:11:43.993 I/tvos    ( 1110): [DIPC][DestroyTravelingReceiveDataMonitor 10084]listFreeMemoryPool:not empty, item num 5
08-01 14:11:43.993 I/tvos    ( 1110): [DIPC][TravelingSendDataMonitor 10145] Traveling memory manager task exit
08-01 14:11:43.993 W/DIPC    ( 1124): [DIPC][DestroyTravelingSendDataMonitor][10123] end...
08-01 14:11:43.993 W/DIPC    ( 1124): ---FinalizeTravelingMode:9437[1] end, ret=1
08-01 14:11:43.993 I/tvos    ( 1110): DIP already Opened
08-01 14:11:43.993 I/tvos    ( 1110): MDrv_CMD_DIP_RELEASE_RESOURCE[0]   start
08-01 14:11:43.993 I/tvos    ( 1110): MDrv_CMD_DIP_RELEASE_RESOURCE[0]   end
08-01 14:11:43.993 I/CameraClient( 1106): Destroying camera 5
08-01 14:11:44.093 I/tvos    ( 1110): [37m[INFO] No Need to Change CPU Power[m
08-01 14:11:44.093 I/tvos    ( 1110): [37m[INFO] No Need to Change Core Power[m
08-01 14:11:44.293 I/tvos    ( 1110): [37m[INFO] No Need to Change CPU Power[m
08-01 14:11:44.293 I/tvos    ( 1110): [37m[INFO] No Need to Change Core Power[m
08-01 14:11:44.493 I/tvos    ( 1110): [37m[INFO] No Need to Change CPU Power[m
08-01 14:11:44.493 I/tvos    ( 1110): [37m[INFO] No Need to Change Core Power[m
08-01 14:11:46.553 W/WindowManager( 1697): device name is Virtual
08-01 14:11:46.553 I/packageName(14716): tv.fun.settings
08-01 14:11:46.553 I/currentClassName(14716): tv.fun.settings.about.AboutActivity
08-01 14:11:46.563 W/WindowManager( 1697): device name is Virtual
08-01 14:11:46.893 I/tvos    ( 1110): [37m[INFO] Change to Voltage: 1100 mV (0x3C)[m
08-01 14:11:46.893 I/tvos    ( 1110): [37m[INFO] Change to Voltage: 1100 mV (0x39)[m
08-01 14:11:46.893 I/tvos    ( 1110): [37m[INFO] Change to Voltage: 1100 mV (0x36)[m
08-01 14:11:46.893 I/tvos    ( 1110): [37m[INFO] Change to Voltage: 1100 mV (0x33)[m
08-01 14:11:46.893 I/tvos    ( 1110): [37m[INFO] Change to Voltage: 1100 mV (0x30)[m
08-01 14:11:46.893 I/tvos    ( 1110): [37m[INFO] Change to Voltage: 1100 mV (0x2D)[m
08-01 14:11:46.903 I/tvos    ( 1110): [37m[INFO] Change to Voltage: 1100 mV (0x2B)[m
08-01 14:11:46.903 I/tvos    ( 1110): [37m[INFO] No Need to Change Core Power[m
08-01 14:11:48.183 W/WindowManager( 1697): device name is Virtual
08-01 14:11:48.193 I/packageName(14716): tv.fun.settings
08-01 14:11:48.193 I/currentClassName(14716): tv.fun.settings.about.AboutActivity
08-01 14:11:48.203 W/WindowManager( 1697): device name is Virtual
08-01 14:11:48.423 I/Capture ( 3475): startCameraCapture mStartPreview = false
08-01 14:11:48.423 E/MediaPlayerService( 1106): setDataSource(/system/media/audio/ui/camera_click.ogg)
08-01 14:11:48.423 I/AwesomePlayer( 1106): setDataSource_l(URL suppressed)
08-01 14:11:48.443 E/MediaPlayerService( 1106): setDataSource(/system/media/audio/ui/VideoRecord.ogg)
08-01 14:11:48.443 I/AwesomePlayer( 1106): setDataSource_l(URL suppressed)
08-01 14:11:48.463 I/CameraClient( 1106): Opening camera 5
08-01 14:11:48.463 I/CameraHAL( 1106): camera_device open
08-01 14:11:48.463 I/Capture ( 3475): mCamera = android.hardware.Camera@4213bfa0
08-01 14:11:48.463 I/Capture ( 3475): isValidTraveling = trueopenCameraSuccess = true
08-01 14:11:48.473 I/dalvikvm-heap( 3475): Grow heap (frag case) to 6.393MB for 1658896-byte allocation
08-01 14:11:48.493 E/XCDipHardware_einstein( 1106): NULL window object
08-01 14:11:48.493 E/mbootenv_nand( 1106): open fail!!!!
08-01 14:11:48.523 I/tvos    ( 1110): D/PipManagerService( 1124 24701): initTravelingModeTv(callingPid 1106, clientPid 1106), sizeof=56
08-01 14:11:48.523 W/DIPC    ( 1124): ---InitTravelingMode:8769[1] start, Para=0xa200000(Addr), 0x800000, 256, 3(enTravelingSource), 0(bOSD), 720, 576, 2(Format), 0(frame rate X10),        0(MemoryPitch), CustCapWin[x:y=0:0 w:h=0:0], Win=0, src:Main[34], Sub[44], Current[44]
08-01 14:11:48.523 W/DIPC    ( 1124): [1]Memory config: addr=0xa200000, set size=0x800000, current size=800000
08-01 14:11:48.523 I/tvos    ( 1110): DIP already Opened
08-01 14:11:48.523 I/tvos    ( 1110): MDrv_CMD_DIP_GET_RESOURCE[0]   start
08-01 14:11:48.523 I/tvos    ( 1110): MDrv_CMD_DIP_GET_RESOURCE[0]   end
08-01 14:11:48.533 I/tvos    ( 1110): DIP already Opened
08-01 14:11:48.533 W/DIPC    ( 1124): SetTravelingFRC:7858 bCaptureIP=0, PipMode=0, u16InputVFreq=600, XC Input/Output=600/6000, I=0, DIPFrcRatio=1
08-01 14:11:48.533 W/DIPC    ( 1124): SetTravelingFRC:7875 Final DIPFrcRatio=1, DIPFramerate 0,request framerate 600
08-01 14:11:48.533 W/DIPC    ( 1124): cust window parameter is negative
08-01 14:11:48.533 W/DIPC    ( 1124): TravelingSetCSC:7714 DIPFormat=2,bInputYUV=0 Config XC CSC manually
08-01 14:11:48.533 W/DIPC    ( 1124): SetTravelingConfig:7345 ,DIP capture window x,y,w,h=0,0,3840,2160, interlace=0,captureStage=6
08-01 14:11:48.533 W/DIPC    ( 1124): SetTravelingConfig:7347 Traveling bOSD=0, DIP Ouput=720x576
08-01 14:11:48.533 W/DIPC    ( 1124): [SetTravelingConfig 7367]DIP MemoryPitch = 2880
08-01 14:11:48.533 W/DIPC    ( 1124): SetTravelingConfig:7410 SetDIPWindow x,y,w,h=0,0,3840,2160
08-01 14:11:48.533 W/DIPC    ( 1124): SetTravelingConfig:7411 PreScalingH[1] src,dst =3840,720
08-01 14:11:48.533 W/DIPC    ( 1124): SetTravelingConfig:7412 PreScalingV[1] src,dst =2160,576
08-01 14:11:48.533 W/DIPC    ( 1124): SetTravelingConfig:7512, HMirror=0   VMirror=0
08-01 14:11:48.533 W/DIPC    ( 1124): TravelingAllocateMemory:7597 : Allocate Condition: Mirror=0,0, I=0, TravelingPitch=0, DIPPitch=2880, BytePer2Pixel=8, DIP OutPut=720x576@2, TravelingOutPut=720x576@2
08-01 14:11:48.533 W/DIPC    ( 1124): TravelingAllocateMemory:7705 : Allocate Result: DIPAddr=0xa200000, DIPSize=0x800000, DIPBufCnt=5, DIPFrameSize=1658880, bGEScaling=0, GEAddr0=0x0, GEBufCnt=0,GEFrameSize=0
08-01 14:11:48.533 W/DIPC    ( 1124): SetTravelingConfig:7572, MemoryPitch=2880, DIP bufcount=5, output w,h=720,576
08-01 14:11:48.533 W/DIPC    ( 1124): ---InitTravelingMode:9171[1] end : bMirrorH=0, bMirrorV=0, m_bNeedGEScaling[enEngineType]=0
08-01 14:11:48.533 W/DIPC    ( 1124): ---StartTravelingMode:9184[1] start
08-01 14:11:48.533 W/DIPC    ( 1124): ---EnableTravelingMute:7166[1] start, mute=0
08-01 14:11:48.533 W/DIPC    ( 1124): [ThreadHandleMemoryConfigChange][9945] is need GE scaling 0
08-01 14:11:48.533 W/DIPC    ( 1124): ---EnableTravelingMute:7284[1] end, bRet=1 
08-01 14:11:48.533 W/DIPC    ( 1124): ---StartTravelingMode:9272[1] end, bRet=1 
08-01 14:11:48.603 I/dalvikvm-heap( 3475): Grow heap (frag case) to 7.580MB for 1244176-byte allocation
08-01 14:11:48.713 W/WindowManager( 1697): device name is Virtual
08-01 14:11:48.713 I/packageName(14716): tv.fun.settings
08-01 14:11:48.713 I/currentClassName(14716): tv.fun.settings.about.AboutActivity
08-01 14:11:48.723 W/WindowManager( 1697): device name is Virtual
08-01 14:11:49.063 I/tvos    ( 1110): [DIPC][TravelingReceiveDataMonitor 10181]Wait time out!
08-01 14:11:49.103 W/DIPC    ( 1124): ---EnableTravelingMute:7166[1] start, mute=1
08-01 14:11:49.103 W/DIPC    ( 1124): ---EnableTravelingMute:7284[1] end, bRet=1 
08-01 14:11:49.103 W/DIPC    ( 1124): ---StopTravelingMode:9298[1] bRet=1
08-01 14:11:49.103 W/DIPC    ( 1124): Try StopTravelingMode, but traveling not Started yet.
08-01 14:11:49.103 W/DIPC    ( 1124): ---FinalizeTravelingMode:9326[1] start
08-01 14:11:49.103 W/DIPC    ( 1124): Try StopTravelingMode, but traveling not Started yet.
08-01 14:11:49.103 W/DIPC    ( 1124): [DIPC][DestroyTravelingReceiveDataMonitor][10041] start...
08-01 14:11:49.103 I/tvos    ( 1110): [DIPC][TravelingReceiveDataMonitor 10175] Traveling memory manager task exit
08-01 14:11:49.103 W/DIPC    ( 1124): [DIPC][DestroyTravelingReceiveDataMonitor][10094] end...
08-01 14:11:49.103 I/tvos    ( 1110): [DIPC][DestroyTravelingReceiveDataMonitor 10084]listFreeMemoryPool:not empty, item num 5
08-01 14:11:49.103 W/DIPC    ( 1124): [DIPC][DestroyTravelingSendDataMonitor][10101] start...
08-01 14:11:49.103 I/tvos    ( 1110): [DIPC][TravelingSendDataMonitor 10145] Traveling memory manager task exit
08-01 14:11:49.103 W/DIPC    ( 1124): [DIPC][DestroyTravelingSendDataMonitor][10123] end...
08-01 14:11:49.103 I/tvos    ( 1110): DIP already Opened
08-01 14:11:49.103 I/tvos    ( 1110): MDrv_CMD_DIP_RELEASE_RESOURCE[0]   start
08-01 14:11:49.103 W/DIPC    ( 1124): ---FinalizeTravelingMode:9437[1] end, ret=1
08-01 14:11:49.103 I/tvos    ( 1110): MDrv_CMD_DIP_RELEASE_RESOURCE[0]   end
08-01 14:11:49.113 I/CameraClient( 1106): Destroying camera 5
08-01 14:11:49.243 W/WindowManager( 1697): device name is Virtual
08-01 14:11:49.243 I/packageName(14716): tv.fun.settings
08-01 14:11:49.243 I/currentClassName(14716): tv.fun.settings.about.AboutActivity
08-01 14:11:49.253 W/WindowManager( 1697): device name is Virtual
08-01 14:11:49.763 W/WindowManager( 1697): device name is Virtual
08-01 14:11:49.773 I/packageName(14716): tv.fun.settings
08-01 14:11:49.773 I/currentClassName(14716): tv.fun.settings.about.AboutActivity
08-01 14:11:49.783 W/WindowManager( 1697): device name is Virtual
