08-01 14:12:48.593 I/HomeActivity( 2233): isTVFullScreenPlaying
08-01 14:12:48.593 I/HomeActivity( 2233): isTVFullScreenPlaying, false
08-01 14:12:48.603 I/packageName( 2233): com.bestv.ott
08-01 14:12:48.603 I/currentClassName( 2233): com.bestv.ott.home.HomeActivity
08-01 14:12:48.623 E/BaseFragment( 2233): loadData tab url is empty!
08-01 14:12:48.643 W/DIPC    ( 1124): ---InitTravelingMode:8769[1] start, Para=0xa200000(Addr), 0x800000, 256, 3(enTravelingSource), 0(bOSD), 720, 576, 2(Format), 0(frame rate X10),        0(MemoryPitch), CustCapWin[x:y=0:0 w:h=0:0], Win=0, src:Main[34], Sub[44], Current[44]
08-01 14:12:48.643 W/DIPC    ( 1124): [1]Memory config: addr=0xa200000, set size=0x800000, current size=800000
08-01 14:12:48.643 W/DIPC    ( 1124): SetTravelingFRC:7858 bCaptureIP=0, PipMode=0, u16InputVFreq=600, XC Input/Output=600/6000, I=0, DIPFrcRatio=1
08-01 14:12:48.643 W/DIPC    ( 1124): SetTravelingFRC:7875 Final DIPFrcRatio=1, DIPFramerate 0,request framerate 600
08-01 14:12:48.643 W/DIPC    ( 1124): cust window parameter is negative
08-01 14:12:48.643 W/DIPC    ( 1124): TravelingSetCSC:7714 DIPFormat=2,bInputYUV=0 Config XC CSC manually
08-01 14:12:48.643 W/DIPC    ( 1124): SetTravelingConfig:7345 ,DIP capture window x,y,w,h=0,0,3840,2160, interlace=0,captureStage=6
08-01 14:12:48.643 W/DIPC    ( 1124): SetTravelingConfig:7347 Traveling bOSD=0, DIP Ouput=720x576
08-01 14:12:48.643 W/DIPC    ( 1124): [SetTravelingConfig 7367]DIP MemoryPitch = 2880
08-01 14:12:48.643 W/DIPC    ( 1124): SetTravelingConfig:7410 SetDIPWindow x,y,w,h=0,0,3840,2160
08-01 14:12:48.643 W/DIPC    ( 1124): SetTravelingConfig:7411 PreScalingH[1] src,dst =3840,720
08-01 14:12:48.643 W/DIPC    ( 1124): SetTravelingConfig:7412 PreScalingV[1] src,dst =2160,576
08-01 14:12:48.643 W/DIPC    ( 1124): SetTravelingConfig:7512, HMirror=0   VMirror=0
08-01 14:12:48.643 W/DIPC    ( 1124): TravelingAllocateMemory:7597 : Allocate Condition: Mirror=0,0, I=0, TravelingPitch=0, DIPPitch=2880, BytePer2Pixel=8, DIP OutPut=720x576@2, TravelingOutPut=720x576@2
08-01 14:12:48.643 W/DIPC    ( 1124): TravelingAllocateMemory:7705 : Allocate Result: DIPAddr=0xa200000, DIPSize=0x800000, DIPBufCnt=5, DIPFrameSize=1658880, bGEScaling=0, GEAddr0=0x0, GEBufCnt=0,GEFrameSize=0
08-01 14:12:48.643 W/DIPC    ( 1124): SetTravelingConfig:7572, MemoryPitch=2880, DIP bufcount=5, output w,h=720,576
08-01 14:12:48.643 W/DIPC    ( 1124): ---InitTravelingMode:9171[1] end : bMirrorH=0, bMirrorV=0, m_bNeedGEScaling[enEngineType]=0
08-01 14:12:48.653 I/tvos    ( 1110): D/PipManagerService( 1124 1665): initTravelingModeTv(callingPid 1106, clientPid 1106), sizeof=56
08-01 14:12:48.653 I/tvos    ( 1110): DIP already Opened
08-01 14:12:48.653 I/tvos    ( 1110): MDrv_CMD_DIP_GET_RESOURCE[0]   start
08-01 14:12:48.653 I/tvos    ( 1110): MDrv_CMD_DIP_GET_RESOURCE[0]   end
08-01 14:12:48.653 I/tvos    ( 1110): DIP already Opened
08-01 14:12:48.653 W/DIPC    ( 1124): ---StartTravelingMode:9184[1] start
08-01 14:12:48.653 W/DIPC    ( 1124): ---EnableTravelingMute:7166[1] start, mute=0
08-01 14:12:48.663 W/DIPC    ( 1124): [ThreadHandleMemoryConfigChange][9945] is need GE scaling 0
08-01 14:12:48.663 W/DIPC    ( 1124): ---EnableTravelingMute:7284[1] end, bRet=1 
08-01 14:12:48.663 W/DIPC    ( 1124): ---StartTravelingMode:9272[1] end, bRet=1 
08-01 14:12:48.673 W/WindowManager( 1697): device name is Virtual
08-01 14:12:48.693 I/tvos    ( 1110): [37m[INFO] Change to Voltage: 1270 mV (0x2B)[m
08-01 14:12:48.693 I/tvos    ( 1110): [37m[INFO] Change to Voltage: 1270 mV (0x2E)[m
08-01 14:12:48.693 I/tvos    ( 1110): [37m[INFO] Change to Voltage: 1270 mV (0x31)[m
08-01 14:12:48.693 I/tvos    ( 1110): [37m[INFO] Change to Voltage: 1270 mV (0x34)[m
08-01 14:12:48.693 I/tvos    ( 1110): [37m[INFO] Change to Voltage: 1270 mV (0x37)[m
08-01 14:12:48.703 I/tvos    ( 1110): [37m[INFO] Change to Voltage: 1270 mV (0x3A)[m
08-01 14:12:48.703 I/tvos    ( 1110): [37m[INFO] Change to Voltage: 1270 mV (0x3C)[m
08-01 14:12:48.703 I/tvos    ( 1110): [37m[INFO] No Need to Change Core Power[m
08-01 14:12:48.723 I/HomeActivity( 2233): isTVFullScreenPlaying
08-01 14:12:48.723 I/HomeActivity( 2233): isTVFullScreenPlaying, false
08-01 14:12:48.733 I/System.out( 1939): editor :: 2131428179 # null # com.bestv.ott
08-01 14:12:48.733 I/System.out( 1939): editor :: null # null
08-01 14:12:48.733 I/System.out( 1939): editor :: -1 # -1
08-01 14:12:48.733 I/System.out( 1939): Screen size :: 1920 # 1080
08-01 14:12:48.733 I/System.out( 1939): Screen size :: 2.0 # 3.3
08-01 14:12:48.733 I/System.out( 1939): load new skin :: 0 # false # 0 # 0
08-01 14:12:48.753 I/dalvikvm-heap( 3475): Grow heap (frag case) to 7.579MB for 1244176-byte allocation
08-01 14:12:49.183 I/tvos    ( 1110): [DIPC][TravelingReceiveDataMonitor 10181]Wait time out!
08-01 14:12:49.253 W/DIPC    ( 1124): ---EnableTravelingMute:7166[1] start, mute=1
08-01 14:12:49.253 W/DIPC    ( 1124): ---EnableTravelingMute:7284[1] end, bRet=1 
08-01 14:12:49.253 W/DIPC    ( 1124): ---StopTravelingMode:9298[1] bRet=1
08-01 14:12:49.253 W/DIPC    ( 1124): Try StopTravelingMode, but traveling not Started yet.
08-01 14:12:49.253 W/DIPC    ( 1124): ---FinalizeTravelingMode:9326[1] start
08-01 14:12:49.253 W/DIPC    ( 1124): Try StopTravelingMode, but traveling not Started yet.
08-01 14:12:49.253 W/DIPC    ( 1124): [DIPC][DestroyTravelingReceiveDataMonitor][10041] start...
08-01 14:12:49.253 W/DIPC    ( 1124): [DIPC][DestroyTravelingReceiveDataMonitor][10094] end...
08-01 14:12:49.253 W/DIPC    ( 1124): [DIPC][DestroyTravelingSendDataMonitor][10101] start...
08-01 14:12:49.253 I/tvos    ( 1110): [DIPC][TravelingReceiveDataMonitor 10175] Traveling memory manager task exit
08-01 14:12:49.253 I/tvos    ( 1110): [DIPC][DestroyTravelingReceiveDataMonitor 10084]listFreeMemoryPool:not empty, item num 5
08-01 14:12:49.253 I/tvos    ( 1110): [DIPC][TravelingSendDataMonitor 10145] Traveling memory manager task exit
08-01 14:12:49.253 W/DIPC    ( 1124): [DIPC][DestroyTravelingSendDataMonitor][10123] end...
08-01 14:12:49.253 I/tvos    ( 1110): DIP already Opened
08-01 14:12:49.253 I/tvos    ( 1110): MDrv_CMD_DIP_RELEASE_RESOURCE[0]   start
08-01 14:12:49.253 I/tvos    ( 1110): MDrv_CMD_DIP_RELEASE_RESOURCE[0]   end
08-01 14:12:49.253 W/DIPC    ( 1124): ---FinalizeTravelingMode:9437[1] end, ret=1
08-01 14:12:49.263 I/CameraClient( 1106): Destroying camera 5
08-01 14:12:49.823 W/WindowManager( 1697): device name is Virtual
08-01 14:12:49.823 I/HomeActivity( 2233): isTVFullScreenPlaying
08-01 14:12:49.823 I/HomeActivity( 2233): isTVFullScreenPlaying, false
08-01 14:12:49.833 I/packageName( 2233): com.bestv.ott
08-01 14:12:49.833 I/currentClassName( 2233): com.bestv.ott.home.HomeActivity
08-01 14:12:49.843 W/WindowManager( 1697): device name is Virtual
08-01 14:12:49.843 I/HomeActivity( 2233): isTVFullScreenPlaying
08-01 14:12:49.843 I/HomeActivity( 2233): isTVFullScreenPlaying, false
08-01 14:12:53.073 I/System.out( 1939): editor :: 2146435377 # null # com.bestv.ott
08-01 14:12:53.073 I/System.out( 1939): editor :: null # null
08-01 14:12:53.073 I/System.out( 1939): editor :: -1 # -1
08-01 14:12:53.073 I/System.out( 1939): Screen size :: 1920 # 1080
08-01 14:12:53.073 I/System.out( 1939): Screen size :: 2.0 # 3.3
08-01 14:12:53.083 I/System.out( 1939): load new skin :: 0 # false # 0 # 0
08-01 14:12:53.493 I/Capture ( 3475): startCameraCapture mStartPreview = false
08-01 14:12:53.493 E/MediaPlayerService( 1106): setDataSource(/system/media/audio/ui/camera_click.ogg)
08-01 14:12:53.493 I/AwesomePlayer( 1106): setDataSource_l(URL suppressed)
08-01 14:12:53.533 E/MediaPlayerService( 1106): setDataSource(/system/media/audio/ui/VideoRecord.ogg)
08-01 14:12:53.533 I/AwesomePlayer( 1106): setDataSource_l(URL suppressed)
08-01 14:12:53.573 I/CameraClient( 1106): Opening camera 5
08-01 14:12:53.573 I/CameraHAL( 1106): camera_device open
08-01 14:12:53.573 I/Capture ( 3475): mCamera = android.hardware.Camera@4213e5e8
08-01 14:12:53.573 I/Capture ( 3475): isValidTraveling = trueopenCameraSuccess = true
08-01 14:12:53.593 I/dalvikvm-heap( 3475): Grow heap (frag case) to 6.393MB for 1658896-byte allocation
08-01 14:12:53.613 E/XCDipHardware_einstein( 1106): NULL window object
08-01 14:12:53.613 E/mbootenv_nand( 1106): open fail!!!!
08-01 14:12:53.643 I/tvos    ( 1110): D/PipManagerService( 1124 1669): initTravelingModeTv(callingPid 1106, clientPid 1106), sizeof=56
08-01 14:12:53.643 W/DIPC    ( 1124): ---InitTravelingMode:8769[1] start, Para=0xa200000(Addr), 0x800000, 256, 3(enTravelingSource), 0(bOSD), 720, 576, 2(Format), 0(frame rate X10),        0(MemoryPitch), CustCapWin[x:y=0:0 w:h=0:0], Win=0, src:Main[34], Sub[44], Current[44]
08-01 14:12:53.643 W/DIPC    ( 1124): [1]Memory config: addr=0xa200000, set size=0x800000, current size=800000
08-01 14:12:53.643 I/tvos    ( 1110): DIP already Opened
08-01 14:12:53.643 I/tvos    ( 1110): MDrv_CMD_DIP_GET_RESOURCE[0]   start
08-01 14:12:53.643 I/tvos    ( 1110): MDrv_CMD_DIP_GET_RESOURCE[0]   end
08-01 14:12:53.643 I/tvos    ( 1110): DIP already Opened
08-01 14:12:53.643 W/DIPC    ( 1124): SetTravelingFRC:7858 bCaptureIP=0, PipMode=0, u16InputVFreq=600, XC Input/Output=600/6000, I=0, DIPFrcRatio=1
08-01 14:12:53.643 W/DIPC    ( 1124): SetTravelingFRC:7875 Final DIPFrcRatio=1, DIPFramerate 0,request framerate 600
08-01 14:12:53.643 W/DIPC    ( 1124): cust window parameter is negative
08-01 14:12:53.643 W/DIPC    ( 1124): TravelingSetCSC:7714 DIPFormat=2,bInputYUV=0 Config XC CSC manually
08-01 14:12:53.643 W/DIPC    ( 1124): SetTravelingConfig:7345 ,DIP capture window x,y,w,h=0,0,3840,2160, interlace=0,captureStage=6
08-01 14:12:53.643 W/DIPC    ( 1124): SetTravelingConfig:7347 Traveling bOSD=0, DIP Ouput=720x576
08-01 14:12:53.643 W/DIPC    ( 1124): [SetTravelingConfig 7367]DIP MemoryPitch = 2880
08-01 14:12:53.643 W/DIPC    ( 1124): SetTravelingConfig:7410 SetDIPWindow x,y,w,h=0,0,3840,2160
08-01 14:12:53.643 W/DIPC    ( 1124): SetTravelingConfig:7411 PreScalingH[1] src,dst =3840,720
08-01 14:12:53.643 W/DIPC    ( 1124): SetTravelingConfig:7412 PreScalingV[1] src,dst =2160,576
08-01 14:12:53.643 W/DIPC    ( 1124): SetTravelingConfig:7512, HMirror=0   VMirror=0
08-01 14:12:53.643 W/DIPC    ( 1124): TravelingAllocateMemory:7597 : Allocate Condition: Mirror=0,0, I=0, TravelingPitch=0, DIPPitch=2880, BytePer2Pixel=8, DIP OutPut=720x576@2, TravelingOutPut=720x576@2
08-01 14:12:53.643 W/DIPC    ( 1124): TravelingAllocateMemory:7705 : Allocate Result: DIPAddr=0xa200000, DIPSize=0x800000, DIPBufCnt=5, DIPFrameSize=1658880, bGEScaling=0, GEAddr0=0x0, GEBufCnt=0,GEFrameSize=0
08-01 14:12:53.643 W/DIPC    ( 1124): SetTravelingConfig:7572, MemoryPitch=2880, DIP bufcount=5, output w,h=720,576
08-01 14:12:53.643 W/DIPC    ( 1124): ---InitTravelingMode:9171[1] end : bMirrorH=0, bMirrorV=0, m_bNeedGEScaling[enEngineType]=0
08-01 14:12:53.653 W/DIPC    ( 1124): ---StartTravelingMode:9184[1] start
08-01 14:12:53.653 W/DIPC    ( 1124): ---EnableTravelingMute:7166[1] start, mute=0
08-01 14:12:53.653 W/DIPC    ( 1124): [ThreadHandleMemoryConfigChange][9945] is need GE scaling 0
08-01 14:12:53.653 W/DIPC    ( 1124): ---EnableTravelingMute:7284[1] end, bRet=1 
08-01 14:12:53.653 W/DIPC    ( 1124): ---StartTravelingMode:9272[1] end, bRet=1 
08-01 14:12:53.693 I/tvos    ( 1110): [37m[INFO] No Need to Change CPU Power[m
08-01 14:12:53.693 I/tvos    ( 1110): [37m[INFO] No Need to Change Core Power[m
08-01 14:12:53.753 I/dalvikvm-heap( 3475): Grow heap (frag case) to 7.579MB for 1244176-byte allocation
08-01 14:12:54.053 W/WindowManager( 1697): device name is Virtual
08-01 14:12:54.053 I/HomeActivity( 2233): isTVFullScreenPlaying
08-01 14:12:54.063 I/HomeActivity( 2233): isTVFullScreenPlaying, false
08-01 14:12:54.073 W/WindowManager( 1697): device name is Virtual
08-01 14:12:54.083 I/HomeActivity( 2233): isTVFullScreenPlaying
08-01 14:12:54.083 I/HomeActivity( 2233): isTVFullScreenPlaying, false
08-01 14:12:54.093 I/ActivityManager( 1697): START u0 {act=android.settings.DEVICE_INFO_SETTINGS flg=0x10000000 cmp=tv.fun.settings/.about.AboutActivity (has extras)} from pid 2233
08-01 14:12:54.183 I/tvos    ( 1110): [DIPC][TravelingReceiveDataMonitor 10181]Wait time out!
08-01 14:12:54.223 I/ActivityManager( 1697): Start proc tv.fun.settings for activity tv.fun.settings/.about.AboutActivity: pid=15090 uid=1000 gids={41000, 1028, 1015, 1023, 3003, 3002, 3001, 2001, 1007}
08-01 14:12:54.293 I/ActivityManager( 1697): TR2) TaskRecord{42635df0 #7 A=tv.fun.settings.task5 U=0 sz=1}
08-01 14:12:54.293 I/ActivityManager( 1697): TR1) TaskRecord{42377030 #2 A=com.bestv U=0 sz=1}
08-01 14:12:54.403 W/DIPC    ( 1124): ---EnableTravelingMute:7166[1] start, mute=1
08-01 14:12:54.403 W/DIPC    ( 1124): ---EnableTravelingMute:7284[1] end, bRet=1 
08-01 14:12:54.403 W/DIPC    ( 1124): ---StopTravelingMode:9298[1] bRet=1
08-01 14:12:54.403 W/DIPC    ( 1124): Try StopTravelingMode, but traveling not Started yet.
08-01 14:12:54.403 W/DIPC    ( 1124): ---FinalizeTravelingMode:9326[1] start
08-01 14:12:54.403 W/DIPC    ( 1124): Try StopTravelingMode, but traveling not Started yet.
08-01 14:12:54.403 W/DIPC    ( 1124): [DIPC][DestroyTravelingReceiveDataMonitor][10041] start...
08-01 14:12:54.403 I/tvos    ( 1110): [DIPC][TravelingReceiveDataMonitor 10175] Traveling memory manager task exit
08-01 14:12:54.403 I/tvos    ( 1110): [DIPC][DestroyTravelingReceiveDataMonitor 10084]listFreeMemoryPool:not empty, item num 5
08-01 14:12:54.403 W/DIPC    ( 1124): [DIPC][DestroyTravelingReceiveDataMonitor][10094] end...
08-01 14:12:54.403 W/DIPC    ( 1124): [DIPC][DestroyTravelingSendDataMonitor][10101] start...
08-01 14:12:54.403 I/tvos    ( 1110): [DIPC][TravelingSendDataMonitor 10145] Traveling memory manager task exit
08-01 14:12:54.403 W/DIPC    ( 1124): [DIPC][DestroyTravelingSendDataMonitor][10123] end...
08-01 14:12:54.413 I/tvos    ( 1110): DIP already Opened
08-01 14:12:54.413 I/tvos    ( 1110): MDrv_CMD_DIP_RELEASE_RESOURCE[0]   start
08-01 14:12:54.413 I/tvos    ( 1110): MDrv_CMD_DIP_RELEASE_RESOURCE[0]   end
08-01 14:12:54.413 W/DIPC    ( 1124): ---FinalizeTravelingMode:9437[1] end, ret=1
08-01 14:12:54.413 I/CameraClient( 1106): Destroying camera 5
08-01 14:12:54.463 I/ActivityManager( 1697): TR2) TaskRecord{42635df0 #7 A=tv.fun.settings.task5 U=0 sz=1}
08-01 14:12:54.463 I/ActivityManager( 1697): TR1) TaskRecord{42377030 #2 A=com.bestv U=0 sz=1}
08-01 14:12:54.513 I/tvos    ( 1110): [37m[INFO] No Need to Change CPU Power[m
08-01 14:12:54.513 I/tvos    ( 1110): [37m[INFO] No Need to Change Core Power[m
08-01 14:12:54.603 I/dalvikvm-heap(15090): Grow heap (frag case) to 5.773MB for 1127536-byte allocation
08-01 14:12:54.673 I/dalvikvm-heap(15090): Grow heap (frag case) to 13.699MB for 8294416-byte allocation
08-01 14:12:55.253 I/System.out( 1939): editor :: 2131623973 # null # tv.fun.settings
08-01 14:12:55.253 I/System.out( 1939): editor :: null # null
08-01 14:12:55.253 I/System.out( 1939): editor :: -1 # -1
08-01 14:12:55.253 I/System.out( 1939): Screen size :: 1920 # 1080
08-01 14:12:55.263 I/System.out( 1939): Screen size :: 2.0 # 3.3
08-01 14:12:55.263 I/System.out( 1939): load new skin :: 0 # false # 0 # 0
08-01 14:12:55.293 I/tvos    ( 1110): [37m[INFO] No Need to Change CPU Power[m
08-01 14:12:55.293 I/tvos    ( 1110): [37m[INFO] No Need to Change Core Power[m
08-01 14:12:55.483 I/ActivityManager( 1697): Displayed tv.fun.settings/.about.AboutActivity: +1s281ms
08-01 14:12:58.503 I/Capture ( 3475): startCameraCapture mStartPreview = false
08-01 14:12:58.503 E/MediaPlayerService( 1106): setDataSource(/system/media/audio/ui/camera_click.ogg)
08-01 14:12:58.503 I/AwesomePlayer( 1106): setDataSource_l(URL suppressed)
08-01 14:12:58.513 E/MediaPlayerService( 1106): setDataSource(/system/media/audio/ui/VideoRecord.ogg)
08-01 14:12:58.513 I/AwesomePlayer( 1106): setDataSource_l(URL suppressed)
08-01 14:12:58.533 I/CameraClient( 1106): Opening camera 5
08-01 14:12:58.533 I/CameraHAL( 1106): camera_device open
08-01 14:12:58.533 I/Capture ( 3475): mCamera = android.hardware.Camera@4212dd58
08-01 14:12:58.533 I/Capture ( 3475): isValidTraveling = trueopenCameraSuccess = true
08-01 14:12:58.543 I/dalvikvm-heap( 3475): Grow heap (frag case) to 6.394MB for 1658896-byte allocation
08-01 14:12:58.563 E/XCDipHardware_einstein( 1106): NULL window object
08-01 14:12:58.563 E/mbootenv_nand( 1106): open fail!!!!
08-01 14:12:58.593 I/tvos    ( 1110): D/PipManagerService( 1124 24701): initTravelingModeTv(callingPid 1106, clientPid 1106), sizeof=56
08-01 14:12:58.593 W/DIPC    ( 1124): ---InitTravelingMode:8769[1] start, Para=0xa200000(Addr), 0x800000, 256, 3(enTravelingSource), 0(bOSD), 720, 576, 2(Format), 0(frame rate X10),        0(MemoryPitch), CustCapWin[x:y=0:0 w:h=0:0], Win=0, src:Main[34], Sub[44], Current[44]
08-01 14:12:58.593 W/DIPC    ( 1124): [1]Memory config: addr=0xa200000, set size=0x800000, current size=800000
08-01 14:12:58.593 I/tvos    ( 1110): DIP already Opened
08-01 14:12:58.593 I/tvos    ( 1110): MDrv_CMD_DIP_GET_RESOURCE[0]   start
08-01 14:12:58.593 I/tvos    ( 1110): MDrv_CMD_DIP_GET_RESOURCE[0]   end
08-01 14:12:58.593 I/tvos    ( 1110): DIP already Opened
08-01 14:12:58.593 W/DIPC    ( 1124): SetTravelingFRC:7858 bCaptureIP=0, PipMode=0, u16InputVFreq=600, XC Input/Output=600/6000, I=0, DIPFrcRatio=1
08-01 14:12:58.593 W/DIPC    ( 1124): SetTravelingFRC:7875 Final DIPFrcRatio=1, DIPFramerate 0,request framerate 600
08-01 14:12:58.593 W/DIPC    ( 1124): cust window parameter is negative
08-01 14:12:58.593 W/DIPC    ( 1124): TravelingSetCSC:7714 DIPFormat=2,bInputYUV=0 Config XC CSC manually
08-01 14:12:58.593 W/DIPC    ( 1124): SetTravelingConfig:7345 ,DIP capture window x,y,w,h=0,0,3840,2160, interlace=0,captureStage=6
08-01 14:12:58.593 W/DIPC    ( 1124): SetTravelingConfig:7347 Traveling bOSD=0, DIP Ouput=720x576
08-01 14:12:58.593 W/DIPC    ( 1124): [SetTravelingConfig 7367]DIP MemoryPitch = 2880
08-01 14:12:58.593 W/DIPC    ( 1124): SetTravelingConfig:7410 SetDIPWindow x,y,w,h=0,0,3840,2160
08-01 14:12:58.593 W/DIPC    ( 1124): SetTravelingConfig:7411 PreScalingH[1] src,dst =3840,720
08-01 14:12:58.593 W/DIPC    ( 1124): SetTravelingConfig:7412 PreScalingV[1] src,dst =2160,576
08-01 14:12:58.593 W/DIPC    ( 1124): SetTravelingConfig:7512, HMirror=0   VMirror=0
08-01 14:12:58.593 W/DIPC    ( 1124): TravelingAllocateMemory:7597 : Allocate Condition: Mirror=0,0, I=0, TravelingPitch=0, DIPPitch=2880, BytePer2Pixel=8, DIP OutPut=720x576@2, TravelingOutPut=720x576@2
08-01 14:12:58.593 W/DIPC    ( 1124): TravelingAllocateMemory:7705 : Allocate Result: DIPAddr=0xa200000, DIPSize=0x800000, DIPBufCnt=5, DIPFrameSize=1658880, bGEScaling=0, GEAddr0=0x0, GEBufCnt=0,GEFrameSize=0
08-01 14:12:58.593 W/DIPC    ( 1124): SetTravelingConfig:7572, MemoryPitch=2880, DIP bufcount=5, output w,h=720,576
08-01 14:12:58.593 W/DIPC    ( 1124): ---InitTravelingMode:9171[1] end : bMirrorH=0, bMirrorV=0, m_bNeedGEScaling[enEngineType]=0
08-01 14:12:58.603 W/DIPC    ( 1124): ---StartTravelingMode:9184[1] start
08-01 14:12:58.603 W/DIPC    ( 1124): ---EnableTravelingMute:7166[1] start, mute=0
08-01 14:12:58.603 W/DIPC    ( 1124): [ThreadHandleMemoryConfigChange][9945] is need GE scaling 0
08-01 14:12:58.603 W/DIPC    ( 1124): ---EnableTravelingMute:7284[1] end, bRet=1 
08-01 14:12:58.603 W/DIPC    ( 1124): ---StartTravelingMode:9272[1] end, bRet=1 
08-01 14:12:58.673 I/dalvikvm-heap( 3475): Grow heap (frag case) to 7.580MB for 1244176-byte allocation
08-01 14:12:59.043 W/DIPC    ( 1124): ---EnableTravelingMute:7166[1] start, mute=1
08-01 14:12:59.043 W/DIPC    ( 1124): ---EnableTravelingMute:7284[1] end, bRet=1 
08-01 14:12:59.043 W/DIPC    ( 1124): ---StopTravelingMode:9298[1] bRet=1
08-01 14:12:59.043 W/DIPC    ( 1124): Try StopTravelingMode, but traveling not Started yet.
08-01 14:12:59.043 W/DIPC    ( 1124): ---FinalizeTravelingMode:9326[1] start
08-01 14:12:59.043 W/DIPC    ( 1124): Try StopTravelingMode, but traveling not Started yet.
08-01 14:12:59.043 W/DIPC    ( 1124): [DIPC][DestroyTravelingReceiveDataMonitor][10041] start...
08-01 14:12:59.043 I/tvos    ( 1110): [DIPC][TravelingReceiveDataMonitor 10175] Traveling memory manager task exit
08-01 14:12:59.043 W/DIPC    ( 1124): [DIPC][DestroyTravelingReceiveDataMonitor][10094] end...
08-01 14:12:59.043 W/DIPC    ( 1124): [DIPC][DestroyTravelingSendDataMonitor][10101] start...
08-01 14:12:59.043 I/tvos    ( 1110): [DIPC][DestroyTravelingReceiveDataMonitor 10084]listFreeMemoryPool:not empty, item num 5
08-01 14:12:59.043 I/tvos    ( 1110): [DIPC][TravelingSendDataMonitor 10145] Traveling memory manager task exit
08-01 14:12:59.043 W/DIPC    ( 1124): [DIPC][DestroyTravelingSendDataMonitor][10123] end...
08-01 14:12:59.043 W/DIPC    ( 1124): ---FinalizeTravelingMode:9437[1] end, ret=1
08-01 14:12:59.053 I/tvos    ( 1110): DIP already Opened
08-01 14:12:59.053 I/tvos    ( 1110): MDrv_CMD_DIP_RELEASE_RESOURCE[0]   start
08-01 14:12:59.053 I/tvos    ( 1110): MDrv_CMD_DIP_RELEASE_RESOURCE[0]   end
08-01 14:12:59.053 I/CameraClient( 1106): Destroying camera 5
08-01 14:12:59.203 W/WindowManager( 1697): device name is Virtual
08-01 14:12:59.213 I/packageName(15090): tv.fun.settings
08-01 14:12:59.213 I/currentClassName(15090): tv.fun.settings.about.AboutActivity
08-01 14:12:59.223 W/WindowManager( 1697): device name is Virtual
08-01 14:12:59.693 I/tvos    ( 1110): [37m[INFO] Change to Voltage: 1100 mV (0x3C)[m
08-01 14:12:59.693 I/tvos    ( 1110): [37m[INFO] Change to Voltage: 1100 mV (0x39)[m
08-01 14:12:59.693 I/tvos    ( 1110): [37m[INFO] Change to Voltage: 1100 mV (0x36)[m
08-01 14:12:59.693 I/tvos    ( 1110): [37m[INFO] Change to Voltage: 1100 mV (0x33)[m
08-01 14:12:59.693 I/tvos    ( 1110): [37m[INFO] Change to Voltage: 1100 mV (0x30)[m
08-01 14:12:59.693 I/tvos    ( 1110): [37m[INFO] Change to Voltage: 1100 mV (0x2D)[m
08-01 14:12:59.693 I/tvos    ( 1110): [37m[INFO] Change to Voltage: 1100 mV (0x2B)[m
08-01 14:12:59.693 I/tvos    ( 1110): [37m[INFO] No Need to Change Core Power[m
08-01 14:13:00.023 E/MyDataReported( 3383): ***action=android.intent.action.TIME_TICK
08-01 14:13:01.033 E/cutils-trace(15144): Error opening trace file: Permission denied (13)
08-01 14:13:01.273 E/memtrack(15144): Couldn't load memtrack module (No such file or directory)
08-01 14:13:01.273 E/android.os.Debug(15144): failed to load memtrack module: -2
08-01 14:13:01.373 I/ActivityManager( 1697): Force stopping tv.fun.settings appid=1000 user=0: from pid 15144
08-01 14:13:01.383 I/ActivityManager( 1697): Killing 15090:tv.fun.settings/1000 (adj 0): stop tv.fun.settings
08-01 14:13:01.383 W/ActivityManager( 1697): Force removing ActivityRecord{42571d50 u0 tv.fun.settings/.about.AboutActivity t7}: app died, no saved state
08-01 14:13:01.393 I/ActivityManager( 1697): TR2) TaskRecord{42377030 #2 A=com.bestv U=0 sz=1}
08-01 14:13:01.393 I/ActivityManager( 1697): TR1) TaskRecord{42635df0 #7 A=tv.fun.settings.task5 U=0 sz=0}
08-01 14:13:01.453 I/ActivityManager( 1697): TR2) TaskRecord{42377030 #2 A=com.bestv U=0 sz=1}
08-01 14:13:01.453 I/ActivityManager( 1697): TR1) TaskRecord{42635df0 #7 A=tv.fun.settings.task5 U=0 sz=0}
08-01 14:13:01.463 I/HomeActivity( 2233): onResume , launcher set INPUT_SOURCE_STORAGE
08-01 14:13:01.503 I/tvos    ( 1110): [37m[INFO] Change to Voltage: 1270 mV (0x2B)[m
08-01 14:13:01.503 I/tvos    ( 1110): [37m[INFO] Change to Voltage: 1270 mV (0x2E)[m
08-01 14:13:01.503 I/tvos    ( 1110): [37m[INFO] Change to Voltage: 1270 mV (0x31)[m
08-01 14:13:01.503 I/tvos    ( 1110): [37m[INFO] Change to Voltage: 1270 mV (0x34)[m
08-01 14:13:01.503 I/tvos    ( 1110): [37m[INFO] Change to Voltage: 1270 mV (0x37)[m
08-01 14:13:01.503 I/tvos    ( 1110): [37m[INFO] Change to Voltage: 1270 mV (0x3A)[m
08-01 14:13:01.503 I/tvos    ( 1110): [37m[INFO] Change to Voltage: 1270 mV (0x3C)[m
08-01 14:13:01.503 I/tvos    ( 1110): [37m[INFO] No Need to Change Core Power[m
08-01 14:13:01.533 I/WindowState( 1697): WIN DEATH: Window{4262ced0 u0 tv.fun.settings/tv.fun.settings.about.AboutActivity}
08-01 14:13:01.613 W/InputMethodManagerService( 1697): Got RemoteException sending setActive(false) notification to pid 15090 uid 1000
08-01 14:13:01.623 W/Binder  ( 1939): Caught a RuntimeException from the binder stub implementation.
08-01 14:13:01.623 W/Binder  ( 1939): java.lang.NullPointerException
08-01 14:13:01.623 W/Binder  ( 1939): 	at android.inputmethodservice.IInputMethodWrapper.setSessionEnabled(IInputMethodWrapper.java:280)
08-01 14:13:01.623 W/Binder  ( 1939): 	at com.android.internal.view.IInputMethod$Stub.onTransact(IInputMethod.java:129)
08-01 14:13:01.623 W/Binder  ( 1939): 	at android.os.Binder.execTransact(Binder.java:404)
08-01 14:13:01.623 W/Binder  ( 1939): 	at dalvik.system.NativeStart.run(Native Method)
08-01 14:13:01.623 I/System.out( 1939): editor :: 2146435377 # null # com.bestv.ott
08-01 14:13:01.623 I/System.out( 1939): editor :: null # null
08-01 14:13:01.623 I/System.out( 1939): editor :: -1 # -1
08-01 14:13:01.623 I/System.out( 1939): Screen size :: 1920 # 1080
08-01 14:13:01.623 I/System.out( 1939): Screen size :: 2.0 # 3.3
08-01 14:13:01.623 I/System.out( 1939): load new skin :: 0 # false # 0 # 0
08-01 14:13:01.693 I/TestRunner(14445): finished: test02ProductInfoItemOnAboutInfo(com.example.zhengjin.funsettingsuitest.testcases.TestAboutInfoPage)
08-01 14:13:01.693 I/MonitoringInstrumentation(14445): Activities that are still in CREATED to STOPPED: 0
08-01 14:13:01.703 I/TestRunner(14445): started: test03TitleAndQrCodeOnProductInfoSubPage(com.example.zhengjin.funsettingsuitest.testcases.TestAboutInfoPage)
08-01 14:13:01.703 I/MonitoringInstrumentation(14445): Activities that are still in CREATED to STOPPED: 0
08-01 14:13:01.893 I/tvos    ( 1110): [37m[INFO] No Need to Change CPU Power[m
08-01 14:13:01.893 I/tvos    ( 1110): [37m[INFO] No Need to Change Core Power[m
08-01 14:13:02.293 W/WindowManager( 1697): device name is Virtual
08-01 14:13:02.303 W/WindowManager( 1697): device name is Virtual
08-01 14:13:02.313 I/HomeTransferService( 2233): onStartCommand, action:tv.fun.intent.action.ACTION_HOME, sendFrom:0, isLongPressed:false
08-01 14:13:02.313 I/HomeTransferService( 2233): CHILDREN_INFO_URL call 1111
08-01 14:13:02.313 I/HomeTransferService( 2233): onStartCommand, isChildrenMode:false
08-01 14:13:02.313 W/ContextImpl( 1697): Calling a method in the system process without a qualified user: android.app.ContextImpl.sendBroadcast:1152 com.android.internal.policy.impl.PhoneWindowManager.startDockOrHome:6204 com.android.internal.policy.impl.PhoneWindowManager.launchHomeFromHotKey:3474 com.android.internal.policy.impl.PhoneWindowManager.interceptKeyBeforeDispatching:2425 com.android.server.wm.InputMonitor.interceptKeyBeforeDispatching:375 
08-01 14:13:02.313 W/ContextImpl( 2233): Calling a method in the system process without a qualified user: android.app.ContextImpl.startActivity:1043 android.content.ContextWrapper.startActivity:311 com.bestv.ott.HomeTransferService.onStartCommand:114 android.app.ActivityThread.handleServiceArgs:2688 android.app.ActivityThread.access$2100:135 
08-01 14:13:02.323 I/HomeTransferService( 2233): start home Activity
08-01 14:13:02.323 E/BaseFragment( 2233): loadData tab url is empty!
08-01 14:13:02.323 E/ActivityManager( 1697): service ComponentInfo{com.bestv.ott/com.bestv.ott.HomeTransferService} started
08-01 14:13:02.323 I/ActivityManager( 1697): check whether service should stop ServiceRecord{43070258 u0 com.bestv.ott/.HomeTransferService}
08-01 14:13:02.323 I/ActivityManager( 1697): stop list contains []
08-01 14:13:02.323 I/ActivityManager( 1697): service ServiceRecord{43070258 u0 com.bestv.ott/.HomeTransferService}is not contained in stop list
08-01 14:13:02.323 W/IntentResolver( 1697): resolveIntent: multiple matches, only some with CATEGORY_DEFAULT
08-01 14:13:02.323 W/ContextImpl( 2233): Calling a method in the system process without a qualified user: android.app.ContextImpl.startActivity:1061 android.app.ContextImpl.startActivity:1044 android.content.ContextWrapper.startActivity:311 com.bestv.ott.HomeTransferService.onStartCommand:114 android.app.ActivityThread.handleServiceArgs:2688 
08-01 14:13:02.323 W/IntentResolver( 1697): resolveIntent: multiple matches, only some with CATEGORY_DEFAULT
08-01 14:13:02.323 I/ActivityManager( 1697): START u0 {act=android.intent.action.MAIN cat=[android.intent.category.HOME] flg=0x10200000 cmp=com.bestv.ott/.home.HomeActivity} from pid 2233
08-01 14:13:02.333 I/AirPlayService( 3383): mirror stop, mirror time: 1501567982341
08-01 14:13:02.333 W/IntentResolver( 1697): resolveIntent: multiple matches, only some with CATEGORY_DEFAULT
08-01 14:13:02.393 I/HomeActivity( 2233): onResume , launcher set INPUT_SOURCE_STORAGE
08-01 14:13:02.473 I/System.out( 1939): editor :: 2146435173 # null # com.bestv.ott
08-01 14:13:02.473 I/System.out( 1939): editor :: null # null
08-01 14:13:02.473 I/System.out( 1939): editor :: -1 # -1
08-01 14:13:02.473 I/System.out( 1939): Screen size :: 1920 # 1080
08-01 14:13:02.473 I/System.out( 1939): Screen size :: 2.0 # 3.3
08-01 14:13:02.473 I/System.out( 1939): load new skin :: 0 # false # 0 # 0
08-01 14:13:03.503 I/Capture ( 3475): startCameraCapture mStartPreview = false
08-01 14:13:03.503 E/MediaPlayerService( 1106): setDataSource(/system/media/audio/ui/camera_click.ogg)
08-01 14:13:03.503 I/AwesomePlayer( 1106): setDataSource_l(URL suppressed)
08-01 14:13:03.523 E/MediaPlayerService( 1106): setDataSource(/system/media/audio/ui/VideoRecord.ogg)
08-01 14:13:03.523 I/AwesomePlayer( 1106): setDataSource_l(URL suppressed)
08-01 14:13:03.553 I/CameraClient( 1106): Opening camera 5
08-01 14:13:03.553 I/CameraHAL( 1106): camera_device open
08-01 14:13:03.553 I/Capture ( 3475): mCamera = android.hardware.Camera@4213e5e8
08-01 14:13:03.553 I/Capture ( 3475): isValidTraveling = trueopenCameraSuccess = true
08-01 14:13:03.573 I/dalvikvm-heap( 3475): Grow heap (frag case) to 6.393MB for 1658896-byte allocation
08-01 14:13:03.583 E/XCDipHardware_einstein( 1106): NULL window object
08-01 14:13:03.593 E/mbootenv_nand( 1106): open fail!!!!
08-01 14:13:03.623 W/DIPC    ( 1124): ---InitTravelingMode:8769[1] start, Para=0xa200000(Addr), 0x800000, 256, 3(enTravelingSource), 0(bOSD), 720, 576, 2(Format), 0(frame rate X10),        0(MemoryPitch), CustCapWin[x:y=0:0 w:h=0:0], Win=0, src:Main[34], Sub[44], Current[44]
08-01 14:13:03.623 W/DIPC    ( 1124): [1]Memory config: addr=0xa200000, set size=0x800000, current size=800000
08-01 14:13:03.623 I/tvos    ( 1110): D/PipManagerService( 1124 1665): initTravelingModeTv(callingPid 1106, clientPid 1106), sizeof=56
08-01 14:13:03.623 I/tvos    ( 1110): DIP already Opened
08-01 14:13:03.623 I/tvos    ( 1110): MDrv_CMD_DIP_GET_RESOURCE[0]   start
08-01 14:13:03.623 I/tvos    ( 1110): MDrv_CMD_DIP_GET_RESOURCE[0]   end
08-01 14:13:03.623 I/tvos    ( 1110): DIP already Opened
08-01 14:13:03.623 W/DIPC    ( 1124): SetTravelingFRC:7858 bCaptureIP=0, PipMode=0, u16InputVFreq=600, XC Input/Output=600/6000, I=0, DIPFrcRatio=1
08-01 14:13:03.623 W/DIPC    ( 1124): SetTravelingFRC:7875 Final DIPFrcRatio=1, DIPFramerate 0,request framerate 600
08-01 14:13:03.623 W/DIPC    ( 1124): cust window parameter is negative
08-01 14:13:03.623 W/DIPC    ( 1124): TravelingSetCSC:7714 DIPFormat=2,bInputYUV=0 Config XC CSC manually
08-01 14:13:03.623 W/DIPC    ( 1124): SetTravelingConfig:7345 ,DIP capture window x,y,w,h=0,0,3840,2160, interlace=0,captureStage=6
08-01 14:13:03.623 W/DIPC    ( 1124): SetTravelingConfig:7347 Traveling bOSD=0, DIP Ouput=720x576
08-01 14:13:03.623 W/DIPC    ( 1124): [SetTravelingConfig 7367]DIP MemoryPitch = 2880
08-01 14:13:03.633 W/DIPC    ( 1124): SetTravelingConfig:7410 SetDIPWindow x,y,w,h=0,0,3840,2160
08-01 14:13:03.633 W/DIPC    ( 1124): SetTravelingConfig:7411 PreScalingH[1] src,dst =3840,720
08-01 14:13:03.633 W/DIPC    ( 1124): SetTravelingConfig:7412 PreScalingV[1] src,dst =2160,576
08-01 14:13:03.633 W/DIPC    ( 1124): SetTravelingConfig:7512, HMirror=0   VMirror=0
08-01 14:13:03.633 W/DIPC    ( 1124): TravelingAllocateMemory:7597 : Allocate Condition: Mirror=0,0, I=0, TravelingPitch=0, DIPPitch=2880, BytePer2Pixel=8, DIP OutPut=720x576@2, TravelingOutPut=720x576@2
08-01 14:13:03.633 W/DIPC    ( 1124): TravelingAllocateMemory:7705 : Allocate Result: DIPAddr=0xa200000, DIPSize=0x800000, DIPBufCnt=5, DIPFrameSize=1658880, bGEScaling=0, GEAddr0=0x0, GEBufCnt=0,GEFrameSize=0
08-01 14:13:03.633 W/DIPC    ( 1124): SetTravelingConfig:7572, MemoryPitch=2880, DIP bufcount=5, output w,h=720,576
08-01 14:13:03.633 W/DIPC    ( 1124): ---InitTravelingMode:9171[1] end : bMirrorH=0, bMirrorV=0, m_bNeedGEScaling[enEngineType]=0
08-01 14:13:03.633 W/DIPC    ( 1124): ---StartTravelingMode:9184[1] start
08-01 14:13:03.633 W/DIPC    ( 1124): ---EnableTravelingMute:7166[1] start, mute=0
08-01 14:13:03.633 W/DIPC    ( 1124): [ThreadHandleMemoryConfigChange][9945] is need GE scaling 0
08-01 14:13:03.633 W/DIPC    ( 1124): ---EnableTravelingMute:7284[1] end, bRet=1 
08-01 14:13:03.633 W/DIPC    ( 1124): ---StartTravelingMode:9272[1] end, bRet=1 
08-01 14:13:03.733 I/dalvikvm-heap( 3475): Grow heap (frag case) to 7.580MB for 1244176-byte allocation
08-01 14:13:04.163 I/tvos    ( 1110): [DIPC][TravelingReceiveDataMonitor 10181]Wait time out!
08-01 14:13:04.173 W/DIPC    ( 1124): ---EnableTravelingMute:7166[1] start, mute=1
08-01 14:13:04.173 W/DIPC    ( 1124): ---EnableTravelingMute:7284[1] end, bRet=1 
08-01 14:13:04.173 W/DIPC    ( 1124): ---StopTravelingMode:9298[1] bRet=1
08-01 14:13:04.173 W/DIPC    ( 1124): Try StopTravelingMode, but traveling not Started yet.
08-01 14:13:04.173 W/DIPC    ( 1124): ---FinalizeTravelingMode:9326[1] start
08-01 14:13:04.173 W/DIPC    ( 1124): Try StopTravelingMode, but traveling not Started yet.
08-01 14:13:04.173 W/DIPC    ( 1124): [DIPC][DestroyTravelingReceiveDataMonitor][10041] start...
08-01 14:13:04.173 I/tvos    ( 1110): [DIPC][TravelingReceiveDataMonitor 10175] Traveling memory manager task exit
08-01 14:13:04.173 I/tvos    ( 1110): [DIPC][DestroyTravelingReceiveDataMonitor 10084]listFreeMemoryPool:not empty, item num 5
08-01 14:13:04.173 W/DIPC    ( 1124): [DIPC][DestroyTravelingReceiveDataMonitor][10094] end...
08-01 14:13:04.173 W/DIPC    ( 1124): [DIPC][DestroyTravelingSendDataMonitor][10101] start...
08-01 14:13:04.173 W/DIPC    ( 1124): [DIPC][DestroyTravelingSendDataMonitor][10123] end...
08-01 14:13:04.173 I/tvos    ( 1110): [DIPC][TravelingSendDataMonitor 10145] Traveling memory manager task exit
08-01 14:13:04.173 I/tvos    ( 1110): DIP already Opened
08-01 14:13:04.173 I/tvos    ( 1110): MDrv_CMD_DIP_RELEASE_RESOURCE[0]   start
08-01 14:13:04.173 I/tvos    ( 1110): MDrv_CMD_DIP_RELEASE_RESOURCE[0]   end
08-01 14:13:04.173 W/DIPC    ( 1124): ---FinalizeTravelingMode:9437[1] end, ret=1
08-01 14:13:04.183 I/CameraClient( 1106): Destroying camera 5
08-01 14:13:05.333 W/IntentResolver( 1697): resolveIntent: multiple matches, only some with CATEGORY_DEFAULT
08-01 14:13:06.503 W/WindowManager( 1697): device name is Virtual
08-01 14:13:06.523 W/WindowManager( 1697): device name is Virtual
08-01 14:13:06.533 W/ContextImpl( 1697): Calling a method in the system process without a qualified user: android.app.ContextImpl.sendBroadcast:1152 com.android.internal.policy.impl.PhoneWindowManager.startDockOrHome:6204 com.android.internal.policy.impl.PhoneWindowManager.launchHomeFromHotKey:3474 com.android.internal.policy.impl.PhoneWindowManager.interceptKeyBeforeDispatching:2425 com.android.server.wm.InputMonitor.interceptKeyBeforeDispatching:375 
08-01 14:13:06.533 I/HomeTransferService( 2233): onStartCommand, action:tv.fun.intent.action.ACTION_HOME, sendFrom:0, isLongPressed:false
08-01 14:13:06.533 I/HomeTransferService( 2233): CHILDREN_INFO_URL call 1111
08-01 14:13:06.543 I/HomeTransferService( 2233): onStartCommand, isChildrenMode:false
08-01 14:13:06.543 I/AirPlayService( 3383): mirror stop, mirror time: 1501567986555
08-01 14:13:06.543 W/IntentResolver( 1697): resolveIntent: multiple matches, only some with CATEGORY_DEFAULT
08-01 14:13:06.543 W/ContextImpl( 2233): Calling a method in the system process without a qualified user: android.app.ContextImpl.startActivity:1043 android.content.ContextWrapper.startActivity:311 com.bestv.ott.HomeTransferService.onStartCommand:114 android.app.ActivityThread.handleServiceArgs:2688 android.app.ActivityThread.access$2100:135 
08-01 14:13:06.543 W/ContextImpl( 2233): Calling a method in the system process without a qualified user: android.app.ContextImpl.startActivity:1061 android.app.ContextImpl.startActivity:1044 android.content.ContextWrapper.startActivity:311 com.bestv.ott.HomeTransferService.onStartCommand:114 android.app.ActivityThread.handleServiceArgs:2688 
08-01 14:13:06.543 W/IntentResolver( 1697): resolveIntent: multiple matches, only some with CATEGORY_DEFAULT
08-01 14:13:06.553 I/HomeTransferService( 2233): start home Activity
08-01 14:13:06.553 E/ActivityManager( 1697): service ComponentInfo{com.bestv.ott/com.bestv.ott.HomeTransferService} started
08-01 14:13:06.553 I/ActivityManager( 1697): check whether service should stop ServiceRecord{43070258 u0 com.bestv.ott/.HomeTransferService}
08-01 14:13:06.553 I/ActivityManager( 1697): stop list contains []
08-01 14:13:06.553 I/ActivityManager( 1697): service ServiceRecord{43070258 u0 com.bestv.ott/.HomeTransferService}is not contained in stop list
08-01 14:13:06.553 I/HomeActivity( 2233): onResume , launcher set INPUT_SOURCE_STORAGE
08-01 14:13:06.553 I/ActivityManager( 1697): START u0 {act=android.intent.action.MAIN cat=[android.intent.category.HOME] flg=0x10200000 cmp=com.bestv.ott/.home.HomeActivity} from pid 2233
08-01 14:13:06.553 W/IntentResolver( 1697): resolveIntent: multiple matches, only some with CATEGORY_DEFAULT
08-01 14:13:06.693 I/tvos    ( 1110): [37m[INFO] Change to Voltage: 1220 mV (0x3C)[m
08-01 14:13:06.693 I/tvos    ( 1110): [37m[INFO] Change to Voltage: 1220 mV (0x39)[m
08-01 14:13:06.693 I/tvos    ( 1110): [37m[INFO] Change to Voltage: 1220 mV (0x37)[m
08-01 14:13:06.693 I/tvos    ( 1110): [37m[INFO] No Need to Change Core Power[m
08-01 14:13:06.893 I/tvos    ( 1110): [37m[INFO] Change to Voltage: 1100 mV (0x37)[m
08-01 14:13:06.893 I/tvos    ( 1110): [37m[INFO] Change to Voltage: 1100 mV (0x34)[m
08-01 14:13:06.893 I/tvos    ( 1110): [37m[INFO] Change to Voltage: 1100 mV (0x31)[m
08-01 14:13:06.893 I/tvos    ( 1110): [37m[INFO] Change to Voltage: 1100 mV (0x2E)[m
08-01 14:13:06.893 I/tvos    ( 1110): [37m[INFO] Change to Voltage: 1100 mV (0x2B)[m
08-01 14:13:06.893 I/tvos    ( 1110): [37m[INFO] Change to Voltage: 1100 mV (0x2B)[m
08-01 14:13:06.893 I/tvos    ( 1110): [37m[INFO] No Need to Change Core Power[m
08-01 14:13:08.513 I/Capture ( 3475): startCameraCapture mStartPreview = false
08-01 14:13:08.513 E/MediaPlayerService( 1106): setDataSource(/system/media/audio/ui/camera_click.ogg)
08-01 14:13:08.513 I/AwesomePlayer( 1106): setDataSource_l(URL suppressed)
08-01 14:13:08.533 E/MediaPlayerService( 1106): setDataSource(/system/media/audio/ui/VideoRecord.ogg)
08-01 14:13:08.533 I/AwesomePlayer( 1106): setDataSource_l(URL suppressed)
08-01 14:13:08.553 I/CameraClient( 1106): Opening camera 5
08-01 14:13:08.553 I/CameraHAL( 1106): camera_device open
08-01 14:13:08.553 I/Capture ( 3475): mCamera = android.hardware.Camera@4211b220
08-01 14:13:08.553 I/Capture ( 3475): isValidTraveling = trueopenCameraSuccess = true
08-01 14:13:08.563 I/dalvikvm-heap( 3475): Grow heap (frag case) to 6.393MB for 1658896-byte allocation
08-01 14:13:08.583 E/XCDipHardware_einstein( 1106): NULL window object
08-01 14:13:08.583 E/mbootenv_nand( 1106): open fail!!!!
08-01 14:13:08.623 I/tvos    ( 1110): D/PipManagerService( 1124 24702): initTravelingModeTv(callingPid 1106, clientPid 1106), sizeof=56
08-01 14:13:08.623 W/DIPC    ( 1124): ---InitTravelingMode:8769[1] start, Para=0xa200000(Addr), 0x800000, 256, 3(enTravelingSource), 0(bOSD), 720, 576, 2(Format), 0(frame rate X10),        0(MemoryPitch), CustCapWin[x:y=0:0 w:h=0:0], Win=0, src:Main[34], Sub[44], Current[44]
08-01 14:13:08.623 W/DIPC    ( 1124): [1]Memory config: addr=0xa200000, set size=0x800000, current size=800000
08-01 14:13:08.623 I/tvos    ( 1110): DIP already Opened
08-01 14:13:08.623 I/tvos    ( 1110): MDrv_CMD_DIP_GET_RESOURCE[0]   start
08-01 14:13:08.623 I/tvos    ( 1110): MDrv_CMD_DIP_GET_RESOURCE[0]   end
08-01 14:13:08.623 I/tvos    ( 1110): DIP already Opened
08-01 14:13:08.623 W/DIPC    ( 1124): SetTravelingFRC:7858 bCaptureIP=0, PipMode=0, u16InputVFreq=600, XC Input/Output=600/6000, I=0, DIPFrcRatio=1
08-01 14:13:08.623 W/DIPC    ( 1124): SetTravelingFRC:7875 Final DIPFrcRatio=1, DIPFramerate 0,request framerate 600
08-01 14:13:08.623 W/DIPC    ( 1124): cust window parameter is negative
08-01 14:13:08.623 W/DIPC    ( 1124): TravelingSetCSC:7714 DIPFormat=2,bInputYUV=0 Config XC CSC manually
08-01 14:13:08.623 W/DIPC    ( 1124): SetTravelingConfig:7345 ,DIP capture window x,y,w,h=0,0,3840,2160, interlace=0,captureStage=6
08-01 14:13:08.623 W/DIPC    ( 1124): SetTravelingConfig:7347 Traveling bOSD=0, DIP Ouput=720x576
08-01 14:13:08.623 W/DIPC    ( 1124): [SetTravelingConfig 7367]DIP MemoryPitch = 2880
08-01 14:13:08.623 W/DIPC    ( 1124): SetTravelingConfig:7410 SetDIPWindow x,y,w,h=0,0,3840,2160
08-01 14:13:08.623 W/DIPC    ( 1124): SetTravelingConfig:7411 PreScalingH[1] src,dst =3840,720
08-01 14:13:08.623 W/DIPC    ( 1124): SetTravelingConfig:7412 PreScalingV[1] src,dst =2160,576
08-01 14:13:08.623 W/DIPC    ( 1124): SetTravelingConfig:7512, HMirror=0   VMirror=0
08-01 14:13:08.623 W/DIPC    ( 1124): TravelingAllocateMemory:7597 : Allocate Condition: Mirror=0,0, I=0, TravelingPitch=0, DIPPitch=2880, BytePer2Pixel=8, DIP OutPut=720x576@2, TravelingOutPut=720x576@2
08-01 14:13:08.623 W/DIPC    ( 1124): TravelingAllocateMemory:7705 : Allocate Result: DIPAddr=0xa200000, DIPSize=0x800000, DIPBufCnt=5, DIPFrameSize=1658880, bGEScaling=0, GEAddr0=0x0, GEBufCnt=0,GEFrameSize=0
08-01 14:13:08.623 W/DIPC    ( 1124): SetTravelingConfig:7572, MemoryPitch=2880, DIP bufcount=5, output w,h=720,576
08-01 14:13:08.623 W/DIPC    ( 1124): ---InitTravelingMode:9171[1] end : bMirrorH=0, bMirrorV=0, m_bNeedGEScaling[enEngineType]=0
08-01 14:13:08.633 W/DIPC    ( 1124): ---StartTravelingMode:9184[1] start
08-01 14:13:08.633 W/DIPC    ( 1124): ---EnableTravelingMute:7166[1] start, mute=0
08-01 14:13:08.633 W/DIPC    ( 1124): [ThreadHandleMemoryConfigChange][9945] is need GE scaling 0
08-01 14:13:08.633 W/DIPC    ( 1124): ---EnableTravelingMute:7284[1] end, bRet=1 
08-01 14:13:08.633 W/DIPC    ( 1124): ---StartTravelingMode:9272[1] end, bRet=1 
08-01 14:13:08.713 I/dalvikvm-heap( 3475): Grow heap (frag case) to 7.580MB for 1244176-byte allocation
08-01 14:13:08.893 I/tvos    ( 1110): [37m[INFO] Change to Voltage: 1270 mV (0x2B)[m
08-01 14:13:08.893 I/tvos    ( 1110): [37m[INFO] Change to Voltage: 1270 mV (0x2E)[m
08-01 14:13:08.893 I/tvos    ( 1110): [37m[INFO] Change to Voltage: 1270 mV (0x31)[m
08-01 14:13:08.893 I/tvos    ( 1110): [37m[INFO] Change to Voltage: 1270 mV (0x34)[m
08-01 14:13:08.893 I/tvos    ( 1110): [37m[INFO] Change to Voltage: 1270 mV (0x37)[m
08-01 14:13:08.893 I/tvos    ( 1110): [37m[INFO] Change to Voltage: 1270 mV (0x3A)[m
08-01 14:13:08.893 I/tvos    ( 1110): [37m[INFO] Change to Voltage: 1270 mV (0x3C)[m
08-01 14:13:08.893 I/tvos    ( 1110): [37m[INFO] No Need to Change Core Power[m
08-01 14:13:09.093 I/tvos    ( 1110): [37m[INFO] Change to Voltage: 1100 mV (0x3C)[m
08-01 14:13:09.093 I/tvos    ( 1110): [37m[INFO] Change to Voltage: 1100 mV (0x39)[m
08-01 14:13:09.093 I/tvos    ( 1110): [37m[INFO] Change to Voltage: 1100 mV (0x36)[m
08-01 14:13:09.093 I/tvos    ( 1110): [37m[INFO] Change to Voltage: 1100 mV (0x33)[m
08-01 14:13:09.093 I/tvos    ( 1110): [37m[INFO] Change to Voltage: 1100 mV (0x30)[m
08-01 14:13:09.093 I/tvos    ( 1110): [37m[INFO] Change to Voltage: 1100 mV (0x2D)[m
08-01 14:13:09.093 I/tvos    ( 1110): [37m[INFO] Change to Voltage: 1100 mV (0x2B)[m
08-01 14:13:09.093 I/tvos    ( 1110): [37m[INFO] No Need to Change Core Power[m
08-01 14:13:09.133 W/DIPC    ( 1124): ---EnableTravelingMute:7166[1] start, mute=1
08-01 14:13:09.133 W/DIPC    ( 1124): ---EnableTravelingMute:7284[1] end, bRet=1 
08-01 14:13:09.133 W/DIPC    ( 1124): ---StopTravelingMode:9298[1] bRet=1
08-01 14:13:09.133 W/DIPC    ( 1124): Try StopTravelingMode, but traveling not Started yet.
08-01 14:13:09.133 W/DIPC    ( 1124): ---FinalizeTravelingMode:9326[1] start
08-01 14:13:09.133 W/DIPC    ( 1124): Try StopTravelingMode, but traveling not Started yet.
08-01 14:13:09.133 W/DIPC    ( 1124): [DIPC][DestroyTravelingReceiveDataMonitor][10041] start...
08-01 14:13:09.133 I/tvos    ( 1110): [DIPC][TravelingReceiveDataMonitor 10175] Traveling memory manager task exit
08-01 14:13:09.133 I/tvos    ( 1110): [DIPC][DestroyTravelingReceiveDataMonitor 10084]listFreeMemoryPool:not empty, item num 5
08-01 14:13:09.133 W/DIPC    ( 1124): [DIPC][DestroyTravelingReceiveDataMonitor][10094] end...
08-01 14:13:09.133 W/DIPC    ( 1124): [DIPC][DestroyTravelingSendDataMonitor][10101] start...
08-01 14:13:09.133 I/tvos    ( 1110): [DIPC][TravelingSendDataMonitor 10145] Traveling memory manager task exit
08-01 14:13:09.133 W/DIPC    ( 1124): [DIPC][DestroyTravelingSendDataMonitor][10123] end...
08-01 14:13:09.133 I/tvos    ( 1110): DIP already Opened
08-01 14:13:09.143 I/tvos    ( 1110): MDrv_CMD_DIP_RELEASE_RESOURCE[0]   start
08-01 14:13:09.143 I/tvos    ( 1110): MDrv_CMD_DIP_RELEASE_RESOURCE[0]   end
08-01 14:13:09.143 W/DIPC    ( 1124): ---FinalizeTravelingMode:9437[1] end, ret=1
08-01 14:13:09.143 I/CameraClient( 1106): Destroying camera 5
08-01 14:13:09.603 W/IntentResolver( 1697): resolveIntent: multiple matches, only some with CATEGORY_DEFAULT
08-01 14:13:09.613 W/IntentResolver( 1697): resolveIntent: multiple matches, only some with CATEGORY_DEFAULT
08-01 14:13:10.123 W/WindowManager( 1697): device name is Virtual
08-01 14:13:10.163 I/HomeActivity( 2233): isTVFullScreenPlaying
08-01 14:13:10.163 I/HomeActivity( 2233): isTVFullScreenPlaying, false
08-01 14:13:10.173 I/packageName( 2233): com.bestv.ott
08-01 14:13:10.173 I/currentClassName( 2233): com.bestv.ott.home.HomeActivity
08-01 14:13:10.223 W/WindowManager( 1697): device name is Virtual
08-01 14:13:10.243 I/HomeActivity( 2233): isTVFullScreenPlaying
08-01 14:13:10.243 I/HomeActivity( 2233): isTVFullScreenPlaying, false
08-01 14:13:10.253 I/System.out( 1939): editor :: 2131428179 # null # com.bestv.ott
08-01 14:13:10.263 I/System.out( 1939): editor :: null # null
08-01 14:13:10.263 I/System.out( 1939): editor :: -1 # -1
08-01 14:13:10.263 I/System.out( 1939): Screen size :: 1920 # 1080
08-01 14:13:10.263 I/System.out( 1939): Screen size :: 2.0 # 3.3
08-01 14:13:10.263 I/System.out( 1939): load new skin :: 0 # false # 0 # 0
08-01 14:13:11.413 E/Watchdog( 1697): check alive foreground thread
08-01 14:13:11.413 E/Watchdog( 1697): check alive main thread
08-01 14:13:11.413 E/Watchdog( 1697): check alive ui thread
08-01 14:13:11.413 E/Watchdog( 1697): check alive i/o thread
08-01 14:13:11.413 E/Watchdog( 1697): check alive ActivityManager
08-01 14:13:11.413 E/Watchdog( 1697): check alive PackageManager
08-01 14:13:11.413 E/Watchdog( 1697): check alive PowerManagerService
08-01 14:13:11.413 E/Watchdog( 1697): check alive WindowManager thread
08-01 14:13:11.463 W/WindowManager( 1697): device name is Virtual
08-01 14:13:11.463 I/HomeActivity( 2233): isTVFullScreenPlaying
08-01 14:13:11.463 I/HomeActivity( 2233): isTVFullScreenPlaying, false
08-01 14:13:11.473 I/packageName( 2233): com.bestv.ott
08-01 14:13:11.473 I/currentClassName( 2233): com.bestv.ott.home.HomeActivity
08-01 14:13:11.513 W/WindowManager( 1697): device name is Virtual
08-01 14:13:11.533 I/HomeActivity( 2233): isTVFullScreenPlaying
08-01 14:13:11.533 I/HomeActivity( 2233): isTVFullScreenPlaying, false
08-01 14:13:11.543 I/System.out( 1939): editor :: 2131428179 # null # com.bestv.ott
08-01 14:13:11.543 I/System.out( 1939): editor :: null # null
08-01 14:13:11.543 I/System.out( 1939): editor :: -1 # -1
08-01 14:13:11.543 I/System.out( 1939): Screen size :: 1920 # 1080
08-01 14:13:11.543 I/System.out( 1939): Screen size :: 2.0 # 3.3
08-01 14:13:11.543 I/System.out( 1939): load new skin :: 0 # false # 0 # 0
08-01 14:13:11.893 I/tvos    ( 1110): [37m[INFO] Change to Voltage: 1270 mV (0x2B)[m
08-01 14:13:11.893 I/tvos    ( 1110): [37m[INFO] Change to Voltage: 1270 mV (0x2E)[m
08-01 14:13:11.893 I/tvos    ( 1110): [37m[INFO] Change to Voltage: 1270 mV (0x31)[m
08-01 14:13:11.893 I/tvos    ( 1110): [37m[INFO] Change to Voltage: 1270 mV (0x34)[m
08-01 14:13:11.893 I/tvos    ( 1110): [37m[INFO] Change to Voltage: 1270 mV (0x37)[m
08-01 14:13:11.893 I/tvos    ( 1110): [37m[INFO] Change to Voltage: 1270 mV (0x3A)[m
08-01 14:13:11.893 I/tvos    ( 1110): [37m[INFO] Change to Voltage: 1270 mV (0x3C)[m
08-01 14:13:11.893 I/tvos    ( 1110): [37m[INFO] No Need to Change Core Power[m
08-01 14:13:12.553 W/WindowManager( 1697): device name is Virtual
08-01 14:13:12.573 I/HomeActivity( 2233): isTVFullScreenPlaying
08-01 14:13:12.573 I/HomeActivity( 2233): isTVFullScreenPlaying, false
08-01 14:13:12.583 I/packageName( 2233): com.bestv.ott
