08-01 14:11:53.363 E/AccessibilityNodeInfoCache(14445): Disconneced node: android.view.accessibility.AccessibilityNodeInfo@780a; boundsInParent: Rect(0, 0 - 1156, 116); boundsInScreen: Rect(382, 215 - 1538, 331); packageName: tv.fun.settings; className: android.widget.RelativeLayout; text: null; contentDescription: null; viewIdResName: tv.fun.settings:id/about_item_product_info; checkable: false; checked: false; focusable: true; focused: true; selected: false; clickable: true; longClickable: false; enabled: true; password: false; scrollable: false; [ACTION_CLEAR_FOCUS, ACTION_SELECT, ACTION_CLEAR_SELECTION, ACTION_CLICK, ACTION_ACCESSIBILITY_FOCUS]
08-01 14:11:53.363 E/AccessibilityNodeInfoCache(14445): Disconneced node: android.view.accessibility.AccessibilityNodeInfo@7bcb; boundsInParent: Rect(0, 0 - 1156, 116); boundsInScreen: Rect(382, 331 - 1538, 447); packageName: tv.fun.settings; className: android.widget.RelativeLayout; text: null; contentDescription: null; viewIdResName: tv.fun.settings:id/about_item_network; checkable: false; checked: false; focusable: true; focused: false; selected: false; clickable: true; longClickable: false; enabled: true; password: false; scrollable: false; [ACTION_FOCUS, ACTION_SELECT, ACTION_CLEAR_SELECTION, ACTION_CLICK, ACTION_ACCESSIBILITY_FOCUS]
08-01 14:11:53.363 E/AccessibilityNodeInfoCache(14445): Disconneced node: android.view.accessibility.AccessibilityNodeInfo@7f8c; boundsInParent: Rect(0, 0 - 1156, 116); boundsInScreen: Rect(382, 447 - 1538, 563); packageName: tv.fun.settings; className: android.widget.RelativeLayout; text: null; contentDescription: null; viewIdResName: tv.fun.settings:id/about_item_sysinfo; checkable: false; checked: false; focusable: true; focused: false; selected: false; clickable: true; longClickable: false; enabled: true; password: false; scrollable: false; [ACTION_FOCUS, ACTION_SELECT, ACTION_CLEAR_SELECTION, ACTION_CLICK, ACTION_ACCESSIBILITY_FOCUS]
08-01 14:11:53.373 E/AccessibilityNodeInfoCache(14445): Disconneced node: android.view.accessibility.AccessibilityNodeInfo@8e90; boundsInParent: Rect(0, 0 - 26, 26); boundsInScreen: Rect(1480, 492 - 1506, 518); packageName: tv.fun.settings; className: android.widget.TextView; text: ; contentDescription: null; viewIdResName: tv.fun.settings:id/item_arrow2; checkable: false; checked: false; focusable: false; focused: false; selected: false; clickable: false; longClickable: false; enabled: true; password: false; scrollable: false; [ACTION_SELECT, ACTION_CLEAR_SELECTION, ACTION_ACCESSIBILITY_FOCUS, ACTION_NEXT_AT_MOVEMENT_GRANULARITY, ACTION_PREVIOUS_AT_MOVEMENT_GRANULARITY, ACTION_SET_SELECTION]
08-01 14:11:53.373 E/AccessibilityNodeInfoCache(14445): Disconneced node: android.view.accessibility.AccessibilityNodeInfo@9612; boundsInParent: Rect(0, 0 - 176, 60); boundsInScreen: Rect(494, 243 - 670, 303); packageName: tv.fun.settings; className: android.widget.TextView; text: 产品信息; contentDescription: null; viewIdResName: tv.fun.settings:id/item_title; checkable: false; checked: false; focusable: false; focused: false; selected: true; clickable: false; longClickable: false; enabled: true; password: false; scrollable: false; [ACTION_SELECT, ACTION_CLEAR_SELECTION, ACTION_ACCESSIBILITY_FOCUS, ACTION_NEXT_AT_MOVEMENT_GRANULARITY, ACTION_PREVIOUS_AT_MOVEMENT_GRANULARITY, ACTION_SET_SELECTION]
08-01 14:11:53.373 E/AccessibilityNodeInfoCache(14445): Disconneced node: android.view.accessibility.AccessibilityNodeInfo@99d3; boundsInParent: Rect(0, 0 - 26, 26); boundsInScreen: Rect(1480, 260 - 1506, 286); packageName: tv.fun.settings; className: android.widget.TextView; text: ; contentDescription: null; viewIdResName: tv.fun.settings:id/item_arrow; checkable: false; checked: false; focusable: false; focused: false; selected: true; clickable: false; longClickable: false; enabled: true; password: false; scrollable: false; [ACTION_SELECT, ACTION_CLEAR_SELECTION, ACTION_ACCESSIBILITY_FOCUS, ACTION_NEXT_AT_MOVEMENT_GRANULARITY, ACTION_PREVIOUS_AT_MOVEMENT_GRANULARITY, ACTION_SET_SELECTION]
08-01 14:11:53.373 E/AccessibilityNodeInfoCache(14445): Disconneced node: android.view.accessibility.AccessibilityNodeInfo@9d94; boundsInParent: Rect(0, 0 - 176, 60); boundsInScreen: Rect(494, 359 - 670, 419); packageName: tv.fun.settings; className: android.widget.TextView; text: 网络信息; contentDescription: null; viewIdResName: tv.fun.settings:id/item_title; checkable: false; checked: false; focusable: false; focused: false; selected: false; clickable: false; longClickable: false; enabled: true; password: false; scrollable: false; [ACTION_SELECT, ACTION_CLEAR_SELECTION, ACTION_ACCESSIBILITY_FOCUS, ACTION_NEXT_AT_MOVEMENT_GRANULARITY, ACTION_PREVIOUS_AT_MOVEMENT_GRANULARITY, ACTION_SET_SELECTION]
08-01 14:11:53.373 E/AccessibilityNodeInfoCache(14445): Disconneced node: android.view.accessibility.AccessibilityNodeInfo@a155; boundsInParent: Rect(0, 0 - 26, 26); boundsInScreen: Rect(1480, 376 - 1506, 402); packageName: tv.fun.settings; className: android.widget.TextView; text: ; contentDescription: null; viewIdResName: tv.fun.settings:id/item_arrow; checkable: false; checked: false; focusable: false; focused: false; selected: false; clickable: false; longClickable: false; enabled: true; password: false; scrollable: false; [ACTION_SELECT, ACTION_CLEAR_SELECTION, ACTION_ACCESSIBILITY_FOCUS, ACTION_NEXT_AT_MOVEMENT_GRANULARITY, ACTION_PREVIOUS_AT_MOVEMENT_GRANULARITY, ACTION_SET_SELECTION]
08-01 14:11:53.373 E/AccessibilityNodeInfoCache(14445): Disconneced node: android.view.accessibility.AccessibilityNodeInfo@a516; boundsInParent: Rect(0, 0 - 176, 60); boundsInScreen: Rect(494, 475 - 670, 535); packageName: tv.fun.settings; className: android.widget.TextView; text: 系统版本; contentDescription: null; viewIdResName: tv.fun.settings:id/item_title; checkable: false; checked: false; focusable: false; focused: false; selected: false; clickable: false; longClickable: false; enabled: true; password: false; scrollable: false; [ACTION_SELECT, ACTION_CLEAR_SELECTION, ACTION_ACCESSIBILITY_FOCUS, ACTION_NEXT_AT_MOVEMENT_GRANULARITY, ACTION_PREVIOUS_AT_MOVEMENT_GRANULARITY, ACTION_SET_SELECTION]
08-01 14:11:53.373 E/AccessibilityNodeInfoCache(14445): Disconneced node: android.view.accessibility.AccessibilityNodeInfo@a8d7; boundsInParent: Rect(1047976, 0 - 1048576, 48); boundsInScreen: Rect(852, 481 - 1452, 529); packageName: tv.fun.settings; className: android.widget.TextView; text: FUNUI 3.2(3.2.0.12_s); contentDescription: null; viewIdResName: tv.fun.settings:id/item_value; checkable: false; checked: false; focusable: false; focused: false; selected: false; clickable: false; longClickable: false; enabled: true; password: false; scrollable: false; [ACTION_SELECT, ACTION_CLEAR_SELECTION, ACTION_ACCESSIBILITY_FOCUS, ACTION_NEXT_AT_MOVEMENT_GRANULARITY, ACTION_PREVIOUS_AT_MOVEMENT_GRANULARITY, ACTION_SET_SELECTION]
08-01 14:11:53.373 E/AccessibilityNodeInfoCache(14445): Disconneced node: android.view.accessibility.AccessibilityNodeInfo@ac98; boundsInParent: Rect(0, 0 - 0, 48); boundsInScreen: Rect(676, 481 - 676, 529); packageName: tv.fun.settings; className: android.widget.TextView; text: null; contentDescription: null; viewIdResName: null; checkable: false; checked: false; focusable: false; focused: false; selected: false; clickable: false; longClickable: false; enabled: true; password: false; scrollable: false; [ACTION_SELECT, ACTION_CLEAR_SELECTION, ACTION_ACCESSIBILITY_FOCUS]
08-01 14:11:53.383 E/AccessibilityNodeInfoCache(14445): Disconneced node: android.view.accessibility.AccessibilityNodeInfo@d9a4; boundsInParent: Rect(0, 0 - 1156, 812); boundsInScreen: Rect(382, 215 - 1538, 1027); packageName: tv.fun.settings; className: android.widget.LinearLayout; text: null; contentDescription: null; viewIdResName: tv.fun.settings:id/settings_container; checkable: false; checked: false; focusable: false; focused: false; selected: false; clickable: false; longClickable: false; enabled: true; password: false; scrollable: false; [ACTION_SELECT, ACTION_CLEAR_SELECTION, ACTION_ACCESSIBILITY_FOCUS]
08-01 14:11:53.383 E/AccessibilityNodeInfoCache(14445): Disconneced node: android.view.accessibility.AccessibilityNodeInfo@dd65; boundsInParent: Rect(0, 0 - 48, 48); boundsInScreen: Rect(414, 249 - 462, 297); packageName: tv.fun.settings; className: android.view.View; text: null; contentDescription: null; viewIdResName: tv.fun.settings:id/item_icon; checkable: false; checked: false; focusable: false; focused: false; selected: true; clickable: false; longClickable: false; enabled: true; password: false; scrollable: false; [ACTION_SELECT, ACTION_CLEAR_SELECTION, ACTION_ACCESSIBILITY_FOCUS]
08-01 14:11:53.383 E/AccessibilityNodeInfoCache(14445): Disconneced node: android.view.accessibility.AccessibilityNodeInfo@e126; boundsInParent: Rect(0, 0 - 48, 48); boundsInScreen: Rect(414, 365 - 462, 413); packageName: tv.fun.settings; className: android.view.View; text: null; contentDescription: null; viewIdResName: tv.fun.settings:id/item_icon; checkable: false; checked: false; focusable: false; focused: false; selected: false; clickable: false; longClickable: false; enabled: true; password: false; scrollable: false; [ACTION_SELECT, ACTION_CLEAR_SELECTION, ACTION_ACCESSIBILITY_FOCUS]
08-01 14:11:53.393 E/AccessibilityNodeInfoCache(14445): Disconneced node: android.view.accessibility.AccessibilityNodeInfo@e4e7; boundsInParent: Rect(0, 0 - 48, 48); boundsInScreen: Rect(414, 481 - 462, 529); packageName: tv.fun.settings; className: android.view.View; text: null; contentDescription: null; viewIdResName: tv.fun.settings:id/item_icon; checkable: false; checked: false; focusable: false; focused: false; selected: false; clickable: false; longClickable: false; enabled: true; password: false; scrollable: false; [ACTION_SELECT, ACTION_CLEAR_SELECTION, ACTION_ACCESSIBILITY_FOCUS]
08-01 14:11:53.393 E/AccessibilityNodeInfoCache(14445): Disconneced node: android.view.accessibility.AccessibilityNodeInfo@e8a8; boundsInParent: Rect(0, 0 - 654, 116); boundsInScreen: Rect(852, 447 - 1506, 563); packageName: tv.fun.settings; className: android.widget.LinearLayout; text: null; contentDescription: null; viewIdResName: tv.fun.settings:id/linear_text_image_com; checkable: false; checked: false; focusable: false; focused: false; selected: false; clickable: false; longClickable: false; enabled: true; password: false; scrollable: false; [ACTION_SELECT, ACTION_CLEAR_SELECTION, ACTION_ACCESSIBILITY_FOCUS]
08-01 14:11:53.393 E/AccessibilityNodeInfoCache(14445): Disconneced node: android.view.accessibility.AccessibilityNodeInfo@fb6d; boundsInParent: Rect(0, 0 - 54, 116); boundsInScreen: Rect(1452, 447 - 1506, 563); packageName: tv.fun.settings; className: android.widget.FrameLayout; text: null; contentDescription: null; viewIdResName: tv.fun.settings:id/svg_image_view; checkable: false; checked: false; focusable: false; focused: false; selected: false; clickable: false; longClickable: false; enabled: true; password: false; scrollable: false; [ACTION_SELECT, ACTION_CLEAR_SELECTION, ACTION_ACCESSIBILITY_FOCUS]
08-01 14:11:53.423 I/Capture ( 3475): startCameraCapture mStartPreview = false
08-01 14:11:53.423 E/AccessibilityNodeInfoCache(14445): Disconneced node: android.view.accessibility.AccessibilityNodeInfo@780a; boundsInParent: Rect(0, 0 - 1156, 116); boundsInScreen: Rect(382, 215 - 1538, 331); packageName: tv.fun.settings; className: android.widget.RelativeLayout; text: null; contentDescription: null; viewIdResName: tv.fun.settings:id/about_item_product_info; checkable: false; checked: false; focusable: true; focused: true; selected: false; clickable: true; longClickable: false; enabled: true; password: false; scrollable: false; [ACTION_CLEAR_FOCUS, ACTION_SELECT, ACTION_CLEAR_SELECTION, ACTION_CLICK, ACTION_ACCESSIBILITY_FOCUS]
08-01 14:11:53.433 E/AccessibilityNodeInfoCache(14445): Disconneced node: android.view.accessibility.AccessibilityNodeInfo@7bcb; boundsInParent: Rect(0, 0 - 1156, 116); boundsInScreen: Rect(382, 331 - 1538, 447); packageName: tv.fun.settings; className: android.widget.RelativeLayout; text: null; contentDescription: null; viewIdResName: tv.fun.settings:id/about_item_network; checkable: false; checked: false; focusable: true; focused: false; selected: false; clickable: true; longClickable: false; enabled: true; password: false; scrollable: false; [ACTION_FOCUS, ACTION_SELECT, ACTION_CLEAR_SELECTION, ACTION_CLICK, ACTION_ACCESSIBILITY_FOCUS]
08-01 14:11:53.433 E/MediaPlayerService( 1106): setDataSource(/system/media/audio/ui/camera_click.ogg)
08-01 14:11:53.433 I/AwesomePlayer( 1106): setDataSource_l(URL suppressed)
08-01 14:11:53.433 E/AccessibilityNodeInfoCache(14445): Disconneced node: android.view.accessibility.AccessibilityNodeInfo@7f8c; boundsInParent: Rect(0, 0 - 1156, 116); boundsInScreen: Rect(382, 447 - 1538, 563); packageName: tv.fun.settings; className: android.widget.RelativeLayout; text: null; contentDescription: null; viewIdResName: tv.fun.settings:id/about_item_sysinfo; checkable: false; checked: false; focusable: true; focused: false; selected: false; clickable: true; longClickable: false; enabled: true; password: false; scrollable: false; [ACTION_FOCUS, ACTION_SELECT, ACTION_CLEAR_SELECTION, ACTION_CLICK, ACTION_ACCESSIBILITY_FOCUS]
08-01 14:11:53.433 E/AccessibilityNodeInfoCache(14445): Disconneced node: android.view.accessibility.AccessibilityNodeInfo@8e90; boundsInParent: Rect(0, 0 - 26, 26); boundsInScreen: Rect(1480, 492 - 1506, 518); packageName: tv.fun.settings; className: android.widget.TextView; text: ; contentDescription: null; viewIdResName: tv.fun.settings:id/item_arrow2; checkable: false; checked: false; focusable: false; focused: false; selected: false; clickable: false; longClickable: false; enabled: true; password: false; scrollable: false; [ACTION_SELECT, ACTION_CLEAR_SELECTION, ACTION_ACCESSIBILITY_FOCUS, ACTION_NEXT_AT_MOVEMENT_GRANULARITY, ACTION_PREVIOUS_AT_MOVEMENT_GRANULARITY, ACTION_SET_SELECTION]
08-01 14:11:53.433 E/AccessibilityNodeInfoCache(14445): Disconneced node: android.view.accessibility.AccessibilityNodeInfo@9612; boundsInParent: Rect(0, 0 - 176, 60); boundsInScreen: Rect(494, 243 - 670, 303); packageName: tv.fun.settings; className: android.widget.TextView; text: 产品信息; contentDescription: null; viewIdResName: tv.fun.settings:id/item_title; checkable: false; checked: false; focusable: false; focused: false; selected: true; clickable: false; longClickable: false; enabled: true; password: false; scrollable: false; [ACTION_SELECT, ACTION_CLEAR_SELECTION, ACTION_ACCESSIBILITY_FOCUS, ACTION_NEXT_AT_MOVEMENT_GRANULARITY, ACTION_PREVIOUS_AT_MOVEMENT_GRANULARITY, ACTION_SET_SELECTION]
08-01 14:11:53.433 E/AccessibilityNodeInfoCache(14445): Disconneced node: android.view.accessibility.AccessibilityNodeInfo@99d3; boundsInParent: Rect(0, 0 - 26, 26); boundsInScreen: Rect(1480, 260 - 1506, 286); packageName: tv.fun.settings; className: android.widget.TextView; text: ; contentDescription: null; viewIdResName: tv.fun.settings:id/item_arrow; checkable: false; checked: false; focusable: false; focused: false; selected: true; clickable: false; longClickable: false; enabled: true; password: false; scrollable: false; [ACTION_SELECT, ACTION_CLEAR_SELECTION, ACTION_ACCESSIBILITY_FOCUS, ACTION_NEXT_AT_MOVEMENT_GRANULARITY, ACTION_PREVIOUS_AT_MOVEMENT_GRANULARITY, ACTION_SET_SELECTION]
08-01 14:11:53.433 E/AccessibilityNodeInfoCache(14445): Disconneced node: android.view.accessibility.AccessibilityNodeInfo@9d94; boundsInParent: Rect(0, 0 - 176, 60); boundsInScreen: Rect(494, 359 - 670, 419); packageName: tv.fun.settings; className: android.widget.TextView; text: 网络信息; contentDescription: null; viewIdResName: tv.fun.settings:id/item_title; checkable: false; checked: false; focusable: false; focused: false; selected: false; clickable: false; longClickable: false; enabled: true; password: false; scrollable: false; [ACTION_SELECT, ACTION_CLEAR_SELECTION, ACTION_ACCESSIBILITY_FOCUS, ACTION_NEXT_AT_MOVEMENT_GRANULARITY, ACTION_PREVIOUS_AT_MOVEMENT_GRANULARITY, ACTION_SET_SELECTION]
08-01 14:11:53.433 E/AccessibilityNodeInfoCache(14445): Disconneced node: android.view.accessibility.AccessibilityNodeInfo@a155; boundsInParent: Rect(0, 0 - 26, 26); boundsInScreen: Rect(1480, 376 - 1506, 402); packageName: tv.fun.settings; className: android.widget.TextView; text: ; contentDescription: null; viewIdResName: tv.fun.settings:id/item_arrow; checkable: false; checked: false; focusable: false; focused: false; selected: false; clickable: false; longClickable: false; enabled: true; password: false; scrollable: false; [ACTION_SELECT, ACTION_CLEAR_SELECTION, ACTION_ACCESSIBILITY_FOCUS, ACTION_NEXT_AT_MOVEMENT_GRANULARITY, ACTION_PREVIOUS_AT_MOVEMENT_GRANULARITY, ACTION_SET_SELECTION]
08-01 14:11:53.443 E/AccessibilityNodeInfoCache(14445): Disconneced node: android.view.accessibility.AccessibilityNodeInfo@a516; boundsInParent: Rect(0, 0 - 176, 60); boundsInScreen: Rect(494, 475 - 670, 535); packageName: tv.fun.settings; className: android.widget.TextView; text: 系统版本; contentDescription: null; viewIdResName: tv.fun.settings:id/item_title; checkable: false; checked: false; focusable: false; focused: false; selected: false; clickable: false; longClickable: false; enabled: true; password: false; scrollable: false; [ACTION_SELECT, ACTION_CLEAR_SELECTION, ACTION_ACCESSIBILITY_FOCUS, ACTION_NEXT_AT_MOVEMENT_GRANULARITY, ACTION_PREVIOUS_AT_MOVEMENT_GRANULARITY, ACTION_SET_SELECTION]
08-01 14:11:53.443 E/AccessibilityNodeInfoCache(14445): Disconneced node: android.view.accessibility.AccessibilityNodeInfo@a8d7; boundsInParent: Rect(1047976, 0 - 1048576, 48); boundsInScreen: Rect(852, 481 - 1452, 529); packageName: tv.fun.settings; className: android.widget.TextView; text: FUNUI 3.2(3.2.0.12_s); contentDescription: null; viewIdResName: tv.fun.settings:id/item_value; checkable: false; checked: false; focusable: false; focused: false; selected: false; clickable: false; longClickable: false; enabled: true; password: false; scrollable: false; [ACTION_SELECT, ACTION_CLEAR_SELECTION, ACTION_ACCESSIBILITY_FOCUS, ACTION_NEXT_AT_MOVEMENT_GRANULARITY, ACTION_PREVIOUS_AT_MOVEMENT_GRANULARITY, ACTION_SET_SELECTION]
08-01 14:11:53.443 E/AccessibilityNodeInfoCache(14445): Disconneced node: android.view.accessibility.AccessibilityNodeInfo@ac98; boundsInParent: Rect(0, 0 - 0, 48); boundsInScreen: Rect(676, 481 - 676, 529); packageName: tv.fun.settings; className: android.widget.TextView; text: null; contentDescription: null; viewIdResName: null; checkable: false; checked: false; focusable: false; focused: false; selected: false; clickable: false; longClickable: false; enabled: true; password: false; scrollable: false; [ACTION_SELECT, ACTION_CLEAR_SELECTION, ACTION_ACCESSIBILITY_FOCUS]
08-01 14:11:53.443 E/AccessibilityNodeInfoCache(14445): Disconneced node: android.view.accessibility.AccessibilityNodeInfo@d9a4; boundsInParent: Rect(0, 0 - 1156, 812); boundsInScreen: Rect(382, 215 - 1538, 1027); packageName: tv.fun.settings; className: android.widget.LinearLayout; text: null; contentDescription: null; viewIdResName: tv.fun.settings:id/settings_container; checkable: false; checked: false; focusable: false; focused: false; selected: false; clickable: false; longClickable: false; enabled: true; password: false; scrollable: false; [ACTION_SELECT, ACTION_CLEAR_SELECTION, ACTION_ACCESSIBILITY_FOCUS]
08-01 14:11:53.443 E/AccessibilityNodeInfoCache(14445): Disconneced node: android.view.accessibility.AccessibilityNodeInfo@dd65; boundsInParent: Rect(0, 0 - 48, 48); boundsInScreen: Rect(414, 249 - 462, 297); packageName: tv.fun.settings; className: android.view.View; text: null; contentDescription: null; viewIdResName: tv.fun.settings:id/item_icon; checkable: false; checked: false; focusable: false; focused: false; selected: true; clickable: false; longClickable: false; enabled: true; password: false; scrollable: false; [ACTION_SELECT, ACTION_CLEAR_SELECTION, ACTION_ACCESSIBILITY_FOCUS]
08-01 14:11:53.443 E/AccessibilityNodeInfoCache(14445): Disconneced node: android.view.accessibility.AccessibilityNodeInfo@e126; boundsInParent: Rect(0, 0 - 48, 48); boundsInScreen: Rect(414, 365 - 462, 413); packageName: tv.fun.settings; className: android.view.View; text: null; contentDescription: null; viewIdResName: tv.fun.settings:id/item_icon; checkable: false; checked: false; focusable: false; focused: false; selected: false; clickable: false; longClickable: false; enabled: true; password: false; scrollable: false; [ACTION_SELECT, ACTION_CLEAR_SELECTION, ACTION_ACCESSIBILITY_FOCUS]
08-01 14:11:53.443 E/AccessibilityNodeInfoCache(14445): Disconneced node: android.view.accessibility.AccessibilityNodeInfo@e4e7; boundsInParent: Rect(0, 0 - 48, 48); boundsInScreen: Rect(414, 481 - 462, 529); packageName: tv.fun.settings; className: android.view.View; text: null; contentDescription: null; viewIdResName: tv.fun.settings:id/item_icon; checkable: false; checked: false; focusable: false; focused: false; selected: false; clickable: false; longClickable: false; enabled: true; password: false; scrollable: false; [ACTION_SELECT, ACTION_CLEAR_SELECTION, ACTION_ACCESSIBILITY_FOCUS]
08-01 14:11:53.453 E/AccessibilityNodeInfoCache(14445): Disconneced node: android.view.accessibility.AccessibilityNodeInfo@e8a8; boundsInParent: Rect(0, 0 - 654, 116); boundsInScreen: Rect(852, 447 - 1506, 563); packageName: tv.fun.settings; className: android.widget.LinearLayout; text: null; contentDescription: null; viewIdResName: tv.fun.settings:id/linear_text_image_com; checkable: false; checked: false; focusable: false; focused: false; selected: false; clickable: false; longClickable: false; enabled: true; password: false; scrollable: false; [ACTION_SELECT, ACTION_CLEAR_SELECTION, ACTION_ACCESSIBILITY_FOCUS]
08-01 14:11:53.453 E/AccessibilityNodeInfoCache(14445): Disconneced node: android.view.accessibility.AccessibilityNodeInfo@fb6d; boundsInParent: Rect(0, 0 - 54, 116); boundsInScreen: Rect(1452, 447 - 1506, 563); packageName: tv.fun.settings; className: android.widget.FrameLayout; text: null; contentDescription: null; viewIdResName: tv.fun.settings:id/svg_image_view; checkable: false; checked: false; focusable: false; focused: false; selected: false; clickable: false; longClickable: false; enabled: true; password: false; scrollable: false; [ACTION_SELECT, ACTION_CLEAR_SELECTION, ACTION_ACCESSIBILITY_FOCUS]
08-01 14:11:53.453 E/AccessibilityNodeInfoCache(14445): Disconneced node: android.view.accessibility.AccessibilityNodeInfo@ff2e; boundsInParent: Rect(0, 0 - 1156, 116); boundsInScreen: Rect(382, 563 - 1538, 679); packageName: tv.fun.settings; className: android.widget.RelativeLayout; text: null; contentDescription: null; viewIdResName: tv.fun.settings:id/about_item_app_version; checkable: false; checked: false; focusable: true; focused: false; selected: false; clickable: true; longClickable: false; enabled: true; password: false; scrollable: false; [ACTION_FOCUS, ACTION_SELECT, ACTION_CLEAR_SELECTION, ACTION_CLICK, ACTION_ACCESSIBILITY_FOCUS]
08-01 14:11:53.453 E/AccessibilityNodeInfoCache(14445): Disconneced node: android.view.accessibility.AccessibilityNodeInfo@18291; boundsInParent: Rect(0, 0 - 48, 48); boundsInScreen: Rect(414, 597 - 462, 645); packageName: tv.fun.settings; className: android.view.View; text: null; contentDescription: null; viewIdResName: tv.fun.settings:id/item_icon; checkable: false; checked: false; focusable: false; focused: false; selected: false; clickable: false; longClickable: false; enabled: true; password: false; scrollable: false; [ACTION_SELECT, ACTION_CLEAR_SELECTION, ACTION_ACCESSIBILITY_FOCUS]
08-01 14:11:53.453 E/AccessibilityNodeInfoCache(14445): Disconneced node: android.view.accessibility.AccessibilityNodeInfo@18652; boundsInParent: Rect(0, 0 - 176, 60); boundsInScreen: Rect(494, 591 - 670, 651); packageName: tv.fun.settings; className: android.widget.TextView; text: 应用版本; contentDescription: null; viewIdResName: tv.fun.settings:id/item_title; checkable: false; checked: false; focusable: false; focused: false; selected: false; clickable: false; longClickable: false; enabled: true; password: false; scrollable: false; [ACTION_SELECT, ACTION_CLEAR_SELECTION, ACTION_ACCESSIBILITY_FOCUS, ACTION_NEXT_AT_MOVEMENT_GRANULARITY, ACTION_PREVIOUS_AT_MOVEMENT_GRANULARITY, ACTION_SET_SELECTION]
08-01 14:11:53.453 E/AccessibilityNodeInfoCache(14445): Disconneced node: android.view.accessibility.AccessibilityNodeInfo@18a13; boundsInParent: Rect(0, 0 - 26, 26); boundsInScreen: Rect(1480, 608 - 1506, 634); packageName: tv.fun.settings; className: android.widget.TextView; text: ; contentDescription: null; viewIdResName: tv.fun.settings:id/item_arrow; checkable: false; checked: false; focusable: false; focused: false; selected: false; clickable: false; longClickable: false; enabled: true; password: false; scrollable: false; [ACTION_SELECT, ACTION_CLEAR_SELECTION, ACTION_ACCESSIBILITY_FOCUS, ACTION_NEXT_AT_MOVEMENT_GRANULARITY, ACTION_PREVIOUS_AT_MOVEMENT_GRANULARITY, ACTION_SET_SELECTION]
08-01 14:11:53.483 E/MediaPlayerService( 1106): setDataSource(/system/media/audio/ui/VideoRecord.ogg)
08-01 14:11:53.483 I/AwesomePlayer( 1106): setDataSource_l(URL suppressed)
08-01 14:11:53.523 I/CameraClient( 1106): Opening camera 5
08-01 14:11:53.533 I/CameraHAL( 1106): camera_device open
08-01 14:11:53.533 I/Capture ( 3475): mCamera = android.hardware.Camera@4213e5e8
08-01 14:11:53.533 I/Capture ( 3475): isValidTraveling = trueopenCameraSuccess = true
08-01 14:11:53.553 I/dalvikvm-heap( 3475): Grow heap (frag case) to 6.393MB for 1658896-byte allocation
08-01 14:11:53.573 E/XCDipHardware_einstein( 1106): NULL window object
08-01 14:11:53.583 E/mbootenv_nand( 1106): open fail!!!!
08-01 14:11:53.623 I/tvos    ( 1110): D/PipManagerService( 1124 24701): initTravelingModeTv(callingPid 1106, clientPid 1106), sizeof=56
08-01 14:11:53.623 W/DIPC    ( 1124): ---InitTravelingMode:8769[1] start, Para=0xa200000(Addr), 0x800000, 256, 3(enTravelingSource), 0(bOSD), 720, 576, 2(Format), 0(frame rate X10),        0(MemoryPitch), CustCapWin[x:y=0:0 w:h=0:0], Win=0, src:Main[34], Sub[44], Current[44]
08-01 14:11:53.623 W/DIPC    ( 1124): [1]Memory config: addr=0xa200000, set size=0x800000, current size=800000
08-01 14:11:53.633 I/tvos    ( 1110): DIP already Opened
08-01 14:11:53.633 I/tvos    ( 1110): MDrv_CMD_DIP_GET_RESOURCE[0]   start
08-01 14:11:53.633 I/tvos    ( 1110): MDrv_CMD_DIP_GET_RESOURCE[0]   end
08-01 14:11:53.633 I/tvos    ( 1110): DIP already Opened
08-01 14:11:53.633 W/DIPC    ( 1124): SetTravelingFRC:7858 bCaptureIP=0, PipMode=0, u16InputVFreq=600, XC Input/Output=600/6000, I=0, DIPFrcRatio=1
08-01 14:11:53.633 W/DIPC    ( 1124): SetTravelingFRC:7875 Final DIPFrcRatio=1, DIPFramerate 0,request framerate 600
08-01 14:11:53.633 W/DIPC    ( 1124): cust window parameter is negative
08-01 14:11:53.633 W/DIPC    ( 1124): TravelingSetCSC:7714 DIPFormat=2,bInputYUV=0 Config XC CSC manually
08-01 14:11:53.633 W/DIPC    ( 1124): SetTravelingConfig:7345 ,DIP capture window x,y,w,h=0,0,3840,2160, interlace=0,captureStage=6
08-01 14:11:53.633 W/DIPC    ( 1124): SetTravelingConfig:7347 Traveling bOSD=0, DIP Ouput=720x576
08-01 14:11:53.633 W/DIPC    ( 1124): [SetTravelingConfig 7367]DIP MemoryPitch = 2880
08-01 14:11:53.633 W/DIPC    ( 1124): SetTravelingConfig:7410 SetDIPWindow x,y,w,h=0,0,3840,2160
08-01 14:11:53.633 W/DIPC    ( 1124): SetTravelingConfig:7411 PreScalingH[1] src,dst =3840,720
08-01 14:11:53.633 W/DIPC    ( 1124): SetTravelingConfig:7412 PreScalingV[1] src,dst =2160,576
08-01 14:11:53.633 W/DIPC    ( 1124): SetTravelingConfig:7512, HMirror=0   VMirror=0
08-01 14:11:53.633 W/DIPC    ( 1124): TravelingAllocateMemory:7597 : Allocate Condition: Mirror=0,0, I=0, TravelingPitch=0, DIPPitch=2880, BytePer2Pixel=8, DIP OutPut=720x576@2, TravelingOutPut=720x576@2
08-01 14:11:53.633 W/DIPC    ( 1124): TravelingAllocateMemory:7705 : Allocate Result: DIPAddr=0xa200000, DIPSize=0x800000, DIPBufCnt=5, DIPFrameSize=1658880, bGEScaling=0, GEAddr0=0x0, GEBufCnt=0,GEFrameSize=0
08-01 14:11:53.633 W/DIPC    ( 1124): SetTravelingConfig:7572, MemoryPitch=2880, DIP bufcount=5, output w,h=720,576
08-01 14:11:53.633 W/DIPC    ( 1124): ---InitTravelingMode:9171[1] end : bMirrorH=0, bMirrorV=0, m_bNeedGEScaling[enEngineType]=0
08-01 14:11:53.643 W/DIPC    ( 1124): ---StartTravelingMode:9184[1] start
08-01 14:11:53.643 W/DIPC    ( 1124): ---EnableTravelingMute:7166[1] start, mute=0
08-01 14:11:53.643 W/DIPC    ( 1124): [ThreadHandleMemoryConfigChange][9945] is need GE scaling 0
08-01 14:11:53.643 W/DIPC    ( 1124): ---EnableTravelingMute:7284[1] end, bRet=1 
08-01 14:11:53.643 W/DIPC    ( 1124): ---StartTravelingMode:9272[1] end, bRet=1 
08-01 14:11:53.693 I/tvos    ( 1110): [37m[INFO] Change to Voltage: 1270 mV (0x2B)[m
08-01 14:11:53.693 I/tvos    ( 1110): [37m[INFO] Change to Voltage: 1270 mV (0x2E)[m
08-01 14:11:53.693 I/tvos    ( 1110): [37m[INFO] Change to Voltage: 1270 mV (0x31)[m
08-01 14:11:53.693 I/tvos    ( 1110): [37m[INFO] Change to Voltage: 1270 mV (0x34)[m
08-01 14:11:53.693 I/tvos    ( 1110): [37m[INFO] Change to Voltage: 1270 mV (0x37)[m
08-01 14:11:53.693 I/tvos    ( 1110): [37m[INFO] Change to Voltage: 1270 mV (0x3A)[m
08-01 14:11:53.693 I/tvos    ( 1110): [37m[INFO] Change to Voltage: 1270 mV (0x3C)[m
08-01 14:11:53.703 I/tvos    ( 1110): [37m[INFO] No Need to Change Core Power[m
08-01 14:11:53.743 I/dalvikvm-heap( 3475): Grow heap (frag case) to 7.579MB for 1244176-byte allocation
08-01 14:11:53.923 E/memtrack(14789): Couldn't load memtrack module (No such file or directory)
08-01 14:11:53.923 E/android.os.Debug(14789): failed to load memtrack module: -2
08-01 14:11:54.033 I/ActivityManager( 1697): Force stopping tv.fun.settings appid=1000 user=0: from pid 14789
08-01 14:11:54.033 I/ActivityManager( 1697): Killing 14716:tv.fun.settings/1000 (adj 0): stop tv.fun.settings
08-01 14:11:54.033 W/ActivityManager( 1697): Force removing ActivityRecord{423f6430 u0 tv.fun.settings/.about.AboutActivity t5}: app died, no saved state
08-01 14:11:54.043 I/ActivityManager( 1697): TR2) TaskRecord{42377030 #2 A=com.bestv U=0 sz=1}
08-01 14:11:54.043 I/ActivityManager( 1697): TR1) TaskRecord{42f39000 #5 A=tv.fun.settings.task5 U=0 sz=0}
08-01 14:11:54.093 I/WindowState( 1697): WIN DEATH: Window{42f4fd88 u0 tv.fun.settings/tv.fun.settings.about.AboutActivity}
08-01 14:11:54.123 I/ActivityManager( 1697): TR2) TaskRecord{42377030 #2 A=com.bestv U=0 sz=1}
08-01 14:11:54.133 I/HomeActivity( 2233): onResume , launcher set INPUT_SOURCE_STORAGE
08-01 14:11:54.133 I/ActivityManager( 1697): TR1) TaskRecord{42f39000 #5 A=tv.fun.settings.task5 U=0 sz=0}
08-01 14:11:54.153 E/cutils-trace(14789): Error opening trace file: Permission denied (13)
08-01 14:11:54.163 I/tvos    ( 1110): [37m[INFO] No Need to Change CPU Power[m
08-01 14:11:54.163 I/tvos    ( 1110): [37m[INFO] No Need to Change Core Power[m
08-01 14:11:54.163 I/tvos    ( 1110): [DIPC][TravelingReceiveDataMonitor 10181]Wait time out!
08-01 14:11:54.243 W/InputMethodManagerService( 1697): Got RemoteException sending setActive(false) notification to pid 14716 uid 1000
08-01 14:11:54.253 W/Binder  ( 1939): Caught a RuntimeException from the binder stub implementation.
08-01 14:11:54.253 W/Binder  ( 1939): java.lang.NullPointerException
08-01 14:11:54.253 W/Binder  ( 1939): 	at android.inputmethodservice.IInputMethodWrapper.setSessionEnabled(IInputMethodWrapper.java:280)
08-01 14:11:54.253 W/Binder  ( 1939): 	at com.android.internal.view.IInputMethod$Stub.onTransact(IInputMethod.java:129)
08-01 14:11:54.253 W/Binder  ( 1939): 	at android.os.Binder.execTransact(Binder.java:404)
08-01 14:11:54.253 W/Binder  ( 1939): 	at dalvik.system.NativeStart.run(Native Method)
08-01 14:11:54.253 I/System.out( 1939): editor :: 2146435377 # null # com.bestv.ott
08-01 14:11:54.253 I/System.out( 1939): editor :: null # null
08-01 14:11:54.253 I/System.out( 1939): editor :: -1 # -1
08-01 14:11:54.253 I/System.out( 1939): Screen size :: 1920 # 1080
08-01 14:11:54.253 I/System.out( 1939): Screen size :: 2.0 # 3.3
08-01 14:11:54.263 I/System.out( 1939): load new skin :: 0 # false # 0 # 0
08-01 14:11:54.373 I/TestRunner(14445): finished: test01_02HiddenAppsVersionItemOnAboutInfo(com.example.zhengjin.funsettingsuitest.testcases.TestAboutInfoPage)
08-01 14:11:54.373 I/MonitoringInstrumentation(14445): Activities that are still in CREATED to STOPPED: 0
08-01 14:11:54.373 I/TestRunner(14445): started: test01_03OpenHiddenAppsVersionSubPage(com.example.zhengjin.funsettingsuitest.testcases.TestAboutInfoPage)
08-01 14:11:54.383 I/MonitoringInstrumentation(14445): Activities that are still in CREATED to STOPPED: 0
08-01 14:11:54.433 W/DIPC    ( 1124): ---EnableTravelingMute:7166[1] start, mute=1
08-01 14:11:54.433 W/DIPC    ( 1124): ---EnableTravelingMute:7284[1] end, bRet=1 
08-01 14:11:54.433 W/DIPC    ( 1124): ---StopTravelingMode:9298[1] bRet=1
08-01 14:11:54.433 W/DIPC    ( 1124): Try StopTravelingMode, but traveling not Started yet.
08-01 14:11:54.433 W/DIPC    ( 1124): ---FinalizeTravelingMode:9326[1] start
08-01 14:11:54.433 W/DIPC    ( 1124): Try StopTravelingMode, but traveling not Started yet.
08-01 14:11:54.433 W/DIPC    ( 1124): [DIPC][DestroyTravelingReceiveDataMonitor][10041] start...
08-01 14:11:54.433 I/tvos    ( 1110): [DIPC][TravelingReceiveDataMonitor 10175] Traveling memory manager task exit
08-01 14:11:54.433 W/DIPC    ( 1124): [DIPC][DestroyTravelingReceiveDataMonitor][10094] end...
08-01 14:11:54.433 I/tvos    ( 1110): [DIPC][DestroyTravelingReceiveDataMonitor 10084]listFreeMemoryPool:not empty, item num 5
08-01 14:11:54.443 W/DIPC    ( 1124): [DIPC][DestroyTravelingSendDataMonitor][10101] start...
08-01 14:11:54.443 I/tvos    ( 1110): [DIPC][TravelingSendDataMonitor 10145] Traveling memory manager task exit
08-01 14:11:54.443 W/DIPC    ( 1124): [DIPC][DestroyTravelingSendDataMonitor][10123] end...
08-01 14:11:54.443 I/tvos    ( 1110): DIP already Opened
08-01 14:11:54.443 I/tvos    ( 1110): MDrv_CMD_DIP_RELEASE_RESOURCE[0]   start
08-01 14:11:54.443 I/tvos    ( 1110): MDrv_CMD_DIP_RELEASE_RESOURCE[0]   end
08-01 14:11:54.443 W/DIPC    ( 1124): ---FinalizeTravelingMode:9437[1] end, ret=1
08-01 14:11:54.443 I/CameraClient( 1106): Destroying camera 5
08-01 14:11:54.493 I/tvos    ( 1110): [37m[INFO] No Need to Change CPU Power[m
08-01 14:11:54.493 I/tvos    ( 1110): [37m[INFO] No Need to Change Core Power[m
08-01 14:11:54.693 I/tvos    ( 1110): [37m[INFO] No Need to Change CPU Power[m
08-01 14:11:54.693 I/tvos    ( 1110): [37m[INFO] No Need to Change Core Power[m
08-01 14:11:54.893 I/tvos    ( 1110): [37m[INFO] No Need to Change CPU Power[m
08-01 14:11:54.893 I/tvos    ( 1110): [37m[INFO] No Need to Change Core Power[m
08-01 14:11:54.963 W/WindowManager( 1697): device name is Virtual
08-01 14:11:54.973 W/WindowManager( 1697): device name is Virtual
08-01 14:11:54.983 I/HomeTransferService( 2233): onStartCommand, action:tv.fun.intent.action.ACTION_HOME, sendFrom:0, isLongPressed:false
08-01 14:11:54.983 I/HomeTransferService( 2233): CHILDREN_INFO_URL call 1111
08-01 14:11:54.983 I/HomeTransferService( 2233): onStartCommand, isChildrenMode:false
08-01 14:11:54.983 W/IntentResolver( 1697): resolveIntent: multiple matches, only some with CATEGORY_DEFAULT
08-01 14:11:54.983 W/ContextImpl( 1697): Calling a method in the system process without a qualified user: android.app.ContextImpl.sendBroadcast:1152 com.android.internal.policy.impl.PhoneWindowManager.startDockOrHome:6204 com.android.internal.policy.impl.PhoneWindowManager.launchHomeFromHotKey:3474 com.android.internal.policy.impl.PhoneWindowManager.interceptKeyBeforeDispatching:2425 com.android.server.wm.InputMonitor.interceptKeyBeforeDispatching:375 
08-01 14:11:54.983 W/ContextImpl( 2233): Calling a method in the system process without a qualified user: android.app.ContextImpl.startActivity:1043 android.content.ContextWrapper.startActivity:311 com.bestv.ott.HomeTransferService.onStartCommand:114 android.app.ActivityThread.handleServiceArgs:2688 android.app.ActivityThread.access$2100:135 
08-01 14:11:54.983 W/ContextImpl( 2233): Calling a method in the system process without a qualified user: android.app.ContextImpl.startActivity:1061 android.app.ContextImpl.startActivity:1044 android.content.ContextWrapper.startActivity:311 com.bestv.ott.HomeTransferService.onStartCommand:114 android.app.ActivityThread.handleServiceArgs:2688 
08-01 14:11:54.993 I/HomeTransferService( 2233): start home Activity
08-01 14:11:54.993 E/ActivityManager( 1697): service ComponentInfo{com.bestv.ott/com.bestv.ott.HomeTransferService} started
08-01 14:11:54.993 I/ActivityManager( 1697): check whether service should stop ServiceRecord{43070258 u0 com.bestv.ott/.HomeTransferService}
08-01 14:11:54.993 I/ActivityManager( 1697): stop list contains []
08-01 14:11:54.993 I/ActivityManager( 1697): service ServiceRecord{43070258 u0 com.bestv.ott/.HomeTransferService}is not contained in stop list
08-01 14:11:54.993 E/BaseFragment( 2233): loadData tab url is empty!
08-01 14:11:54.993 I/AirPlayService( 3383): mirror stop, mirror time: 1501567915006
08-01 14:11:54.993 W/IntentResolver( 1697): resolveIntent: multiple matches, only some with CATEGORY_DEFAULT
08-01 14:11:54.993 I/ActivityManager( 1697): START u0 {act=android.intent.action.MAIN cat=[android.intent.category.HOME] flg=0x10200000 cmp=com.bestv.ott/.home.HomeActivity} from pid 2233
08-01 14:11:55.053 I/HomeActivity( 2233): onResume , launcher set INPUT_SOURCE_STORAGE
08-01 14:11:55.133 I/System.out( 1939): editor :: 2146435173 # null # com.bestv.ott
08-01 14:11:55.133 I/System.out( 1939): editor :: null # null
08-01 14:11:55.133 I/System.out( 1939): editor :: -1 # -1
08-01 14:11:55.133 I/System.out( 1939): Screen size :: 1920 # 1080
08-01 14:11:55.133 I/System.out( 1939): Screen size :: 2.0 # 3.3
08-01 14:11:55.133 I/System.out( 1939): load new skin :: 0 # false # 0 # 0
08-01 14:11:55.293 I/tvos    ( 1110): [37m[INFO] No Need to Change CPU Power[m
08-01 14:11:55.293 I/tvos    ( 1110): [37m[INFO] No Need to Change Core Power[m
08-01 14:11:55.693 I/tvos    ( 1110): [37m[INFO] No Need to Change CPU Power[m
08-01 14:11:55.693 I/tvos    ( 1110): [37m[INFO] No Need to Change Core Power[m
08-01 14:11:58.003 W/IntentResolver( 1697): resolveIntent: multiple matches, only some with CATEGORY_DEFAULT
08-01 14:11:58.433 I/Capture ( 3475): startCameraCapture mStartPreview = false
08-01 14:11:58.433 E/MediaPlayerService( 1106): setDataSource(/system/media/audio/ui/camera_click.ogg)
08-01 14:11:58.433 I/AwesomePlayer( 1106): setDataSource_l(URL suppressed)
08-01 14:11:58.463 E/MediaPlayerService( 1106): setDataSource(/system/media/audio/ui/VideoRecord.ogg)
08-01 14:11:58.463 I/AwesomePlayer( 1106): setDataSource_l(URL suppressed)
08-01 14:11:58.503 I/CameraClient( 1106): Opening camera 5
08-01 14:11:58.503 I/CameraHAL( 1106): camera_device open
08-01 14:11:58.503 I/Capture ( 3475): mCamera = android.hardware.Camera@4213bfa0
08-01 14:11:58.503 I/Capture ( 3475): isValidTraveling = trueopenCameraSuccess = true
08-01 14:11:58.523 I/dalvikvm-heap( 3475): Grow heap (frag case) to 6.393MB for 1658896-byte allocation
08-01 14:11:58.553 E/XCDipHardware_einstein( 1106): NULL window object
08-01 14:11:58.553 E/mbootenv_nand( 1106): open fail!!!!
08-01 14:11:58.593 I/tvos    ( 1110): D/PipManagerService( 1124 24702): initTravelingModeTv(callingPid 1106, clientPid 1106), sizeof=56
08-01 14:11:58.593 W/DIPC    ( 1124): ---InitTravelingMode:8769[1] start, Para=0xa200000(Addr), 0x800000, 256, 3(enTravelingSource), 0(bOSD), 720, 576, 2(Format), 0(frame rate X10),        0(MemoryPitch), CustCapWin[x:y=0:0 w:h=0:0], Win=0, src:Main[34], Sub[44], Current[44]
08-01 14:11:58.593 W/DIPC    ( 1124): [1]Memory config: addr=0xa200000, set size=0x800000, current size=800000
08-01 14:11:58.593 I/tvos    ( 1110): DIP already Opened
08-01 14:11:58.593 I/tvos    ( 1110): MDrv_CMD_DIP_GET_RESOURCE[0]   start
08-01 14:11:58.593 I/tvos    ( 1110): MDrv_CMD_DIP_GET_RESOURCE[0]   end
08-01 14:11:58.593 I/tvos    ( 1110): DIP already Opened
08-01 14:11:58.593 W/DIPC    ( 1124): SetTravelingFRC:7858 bCaptureIP=0, PipMode=0, u16InputVFreq=600, XC Input/Output=600/6000, I=0, DIPFrcRatio=1
08-01 14:11:58.593 W/DIPC    ( 1124): SetTravelingFRC:7875 Final DIPFrcRatio=1, DIPFramerate 0,request framerate 600
08-01 14:11:58.593 W/DIPC    ( 1124): cust window parameter is negative
08-01 14:11:58.593 W/DIPC    ( 1124): TravelingSetCSC:7714 DIPFormat=2,bInputYUV=0 Config XC CSC manually
08-01 14:11:58.593 W/DIPC    ( 1124): SetTravelingConfig:7345 ,DIP capture window x,y,w,h=0,0,3840,2160, interlace=0,captureStage=6
08-01 14:11:58.593 W/DIPC    ( 1124): SetTravelingConfig:7347 Traveling bOSD=0, DIP Ouput=720x576
08-01 14:11:58.593 W/DIPC    ( 1124): [SetTravelingConfig 7367]DIP MemoryPitch = 2880
08-01 14:11:58.593 W/DIPC    ( 1124): SetTravelingConfig:7410 SetDIPWindow x,y,w,h=0,0,3840,2160
08-01 14:11:58.593 W/DIPC    ( 1124): SetTravelingConfig:7411 PreScalingH[1] src,dst =3840,720
08-01 14:11:58.593 W/DIPC    ( 1124): SetTravelingConfig:7412 PreScalingV[1] src,dst =2160,576
08-01 14:11:58.593 W/DIPC    ( 1124): SetTravelingConfig:7512, HMirror=0   VMirror=0
08-01 14:11:58.593 W/DIPC    ( 1124): TravelingAllocateMemory:7597 : Allocate Condition: Mirror=0,0, I=0, TravelingPitch=0, DIPPitch=2880, BytePer2Pixel=8, DIP OutPut=720x576@2, TravelingOutPut=720x576@2
08-01 14:11:58.593 W/DIPC    ( 1124): TravelingAllocateMemory:7705 : Allocate Result: DIPAddr=0xa200000, DIPSize=0x800000, DIPBufCnt=5, DIPFrameSize=1658880, bGEScaling=0, GEAddr0=0x0, GEBufCnt=0,GEFrameSize=0
08-01 14:11:58.593 W/DIPC    ( 1124): SetTravelingConfig:7572, MemoryPitch=2880, DIP bufcount=5, output w,h=720,576
08-01 14:11:58.593 W/DIPC    ( 1124): ---InitTravelingMode:9171[1] end : bMirrorH=0, bMirrorV=0, m_bNeedGEScaling[enEngineType]=0
08-01 14:11:58.603 W/DIPC    ( 1124): ---StartTravelingMode:9184[1] start
08-01 14:11:58.603 W/DIPC    ( 1124): ---EnableTravelingMute:7166[1] start, mute=0
08-01 14:11:58.603 W/DIPC    ( 1124): [ThreadHandleMemoryConfigChange][9945] is need GE scaling 0
08-01 14:11:58.603 W/DIPC    ( 1124): ---EnableTravelingMute:7284[1] end, bRet=1 
08-01 14:11:58.603 W/DIPC    ( 1124): ---StartTravelingMode:9272[1] end, bRet=1 
08-01 14:11:58.693 I/dalvikvm-heap( 3475): Grow heap (frag case) to 7.579MB for 1244176-byte allocation
08-01 14:11:59.133 I/tvos    ( 1110): [DIPC][TravelingReceiveDataMonitor 10181]Wait time out!
08-01 14:11:59.213 W/DIPC    ( 1124): ---EnableTravelingMute:7166[1] start, mute=1
08-01 14:11:59.213 W/DIPC    ( 1124): ---EnableTravelingMute:7284[1] end, bRet=1 
08-01 14:11:59.213 W/DIPC    ( 1124): ---StopTravelingMode:9298[1] bRet=1
08-01 14:11:59.213 W/DIPC    ( 1124): Try StopTravelingMode, but traveling not Started yet.
08-01 14:11:59.213 W/DIPC    ( 1124): ---FinalizeTravelingMode:9326[1] start
08-01 14:11:59.213 W/DIPC    ( 1124): Try StopTravelingMode, but traveling not Started yet.
08-01 14:11:59.213 W/DIPC    ( 1124): [DIPC][DestroyTravelingReceiveDataMonitor][10041] start...
08-01 14:11:59.213 I/tvos    ( 1110): [DIPC][TravelingReceiveDataMonitor 10175] Traveling memory manager task exit
08-01 14:11:59.213 I/tvos    ( 1110): [DIPC][DestroyTravelingReceiveDataMonitor 10084]listFreeMemoryPool:not empty, item num 5
08-01 14:11:59.213 W/DIPC    ( 1124): [DIPC][DestroyTravelingReceiveDataMonitor][10094] end...
08-01 14:11:59.213 W/DIPC    ( 1124): [DIPC][DestroyTravelingSendDataMonitor][10101] start...
08-01 14:11:59.213 I/tvos    ( 1110): [DIPC][TravelingSendDataMonitor 10145] Traveling memory manager task exit
08-01 14:11:59.213 W/DIPC    ( 1124): [DIPC][DestroyTravelingSendDataMonitor][10123] end...
08-01 14:11:59.213 I/tvos    ( 1110): DIP already Opened
08-01 14:11:59.213 I/tvos    ( 1110): MDrv_CMD_DIP_RELEASE_RESOURCE[0]   start
08-01 14:11:59.213 I/tvos    ( 1110): MDrv_CMD_DIP_RELEASE_RESOURCE[0]   end
08-01 14:11:59.213 W/DIPC    ( 1124): ---FinalizeTravelingMode:9437[1] end, ret=1
08-01 14:11:59.223 I/CameraClient( 1106): Destroying camera 5
08-01 14:11:59.253 W/WindowManager( 1697): device name is Virtual
08-01 14:11:59.263 W/IntentResolver( 1697): resolveIntent: multiple matches, only some with CATEGORY_DEFAULT
08-01 14:11:59.273 W/WindowManager( 1697): device name is Virtual
08-01 14:11:59.273 W/ContextImpl( 1697): Calling a method in the system process without a qualified user: android.app.ContextImpl.sendBroadcast:1152 com.android.internal.policy.impl.PhoneWindowManager.startDockOrHome:6204 com.android.internal.policy.impl.PhoneWindowManager.launchHomeFromHotKey:3474 com.android.internal.policy.impl.PhoneWindowManager.interceptKeyBeforeDispatching:2425 com.android.server.wm.InputMonitor.interceptKeyBeforeDispatching:375 
08-01 14:11:59.283 W/IntentResolver( 1697): resolveIntent: multiple matches, only some with CATEGORY_DEFAULT
08-01 14:11:59.293 I/AirPlayService( 3383): mirror stop, mirror time: 1501567919298
08-01 14:11:59.313 I/HomeTransferService( 2233): onStartCommand, action:tv.fun.intent.action.ACTION_HOME, sendFrom:0, isLongPressed:false
08-01 14:11:59.313 I/HomeTransferService( 2233): CHILDREN_INFO_URL call 1111
08-01 14:11:59.313 I/HomeTransferService( 2233): onStartCommand, isChildrenMode:false
08-01 14:11:59.313 I/HomeTransferService( 2233): start home Activity
08-01 14:11:59.313 E/ActivityManager( 1697): service ComponentInfo{com.bestv.ott/com.bestv.ott.HomeTransferService} started
08-01 14:11:59.313 I/ActivityManager( 1697): check whether service should stop ServiceRecord{43070258 u0 com.bestv.ott/.HomeTransferService}
08-01 14:11:59.313 W/ContextImpl( 2233): Calling a method in the system process without a qualified user: android.app.ContextImpl.startActivity:1043 android.content.ContextWrapper.startActivity:311 com.bestv.ott.HomeTransferService.onStartCommand:114 android.app.ActivityThread.handleServiceArgs:2688 android.app.ActivityThread.access$2100:135 
08-01 14:11:59.313 W/ContextImpl( 2233): Calling a method in the system process without a qualified user: android.app.ContextImpl.startActivity:1061 android.app.ContextImpl.startActivity:1044 android.content.ContextWrapper.startActivity:311 com.bestv.ott.HomeTransferService.onStartCommand:114 android.app.ActivityThread.handleServiceArgs:2688 
08-01 14:11:59.313 W/IntentResolver( 1697): resolveIntent: multiple matches, only some with CATEGORY_DEFAULT
08-01 14:11:59.313 I/ActivityManager( 1697): START u0 {act=android.intent.action.MAIN cat=[android.intent.category.HOME] flg=0x10200000 cmp=com.bestv.ott/.home.HomeActivity} from pid 2233
08-01 14:11:59.323 I/ActivityManager( 1697): stop list contains []
08-01 14:11:59.323 I/ActivityManager( 1697): service ServiceRecord{43070258 u0 com.bestv.ott/.HomeTransferService}is not contained in stop list
08-01 14:11:59.323 I/HomeActivity( 2233): onResume , launcher set INPUT_SOURCE_STORAGE
08-01 14:11:59.493 I/tvos    ( 1110): [37m[INFO] Change to Voltage: 1100 mV (0x3C)[m
08-01 14:11:59.493 I/tvos    ( 1110): [37m[INFO] Change to Voltage: 1100 mV (0x39)[m
08-01 14:11:59.493 I/tvos    ( 1110): [37m[INFO] Change to Voltage: 1100 mV (0x36)[m
08-01 14:11:59.493 I/tvos    ( 1110): [37m[INFO] Change to Voltage: 1100 mV (0x33)[m
08-01 14:11:59.493 I/tvos    ( 1110): [37m[INFO] Change to Voltage: 1100 mV (0x30)[m
08-01 14:11:59.503 I/tvos    ( 1110): [37m[INFO] Change to Voltage: 1100 mV (0x2D)[m
08-01 14:11:59.503 I/tvos    ( 1110): [37m[INFO] Change to Voltage: 1100 mV (0x2B)[m
08-01 14:11:59.503 I/tvos    ( 1110): [37m[INFO] No Need to Change Core Power[m
08-01 14:12:00.013 E/MyDataReported( 3383): ***action=android.intent.action.TIME_TICK
08-01 14:12:02.283 W/IntentResolver( 1697): resolveIntent: multiple matches, only some with CATEGORY_DEFAULT
08-01 14:12:02.283 W/IntentResolver( 1697): resolveIntent: multiple matches, only some with CATEGORY_DEFAULT
08-01 14:12:02.293 W/WindowManager( 1697): device name is Virtual
08-01 14:12:02.293 I/HomeActivity( 2233): isTVFullScreenPlaying
08-01 14:12:02.293 I/HomeActivity( 2233): isTVFullScreenPlaying, false
08-01 14:12:02.303 I/packageName( 2233): com.bestv.ott
08-01 14:12:02.303 I/currentClassName( 2233): com.bestv.ott.home.HomeActivity
08-01 14:12:02.343 W/WindowManager( 1697): device name is Virtual
08-01 14:12:02.373 I/HomeActivity( 2233): isTVFullScreenPlaying
08-01 14:12:02.373 I/HomeActivity( 2233): isTVFullScreenPlaying, false
08-01 14:12:02.383 I/System.out( 1939): editor :: 2131428179 # null # com.bestv.ott
08-01 14:12:02.383 I/System.out( 1939): editor :: null # null
08-01 14:12:02.383 I/System.out( 1939): editor :: -1 # -1
08-01 14:12:02.383 I/System.out( 1939): Screen size :: 1920 # 1080
08-01 14:12:02.383 I/System.out( 1939): Screen size :: 2.0 # 3.3
08-01 14:12:02.393 I/System.out( 1939): load new skin :: 0 # false # 0 # 0
08-01 14:12:03.433 I/Capture ( 3475): startCameraCapture mStartPreview = false
08-01 14:12:03.433 E/MediaPlayerService( 1106): setDataSource(/system/media/audio/ui/camera_click.ogg)
08-01 14:12:03.433 I/AwesomePlayer( 1106): setDataSource_l(URL suppressed)
08-01 14:12:03.453 E/MediaPlayerService( 1106): setDataSource(/system/media/audio/ui/VideoRecord.ogg)
08-01 14:12:03.453 I/AwesomePlayer( 1106): setDataSource_l(URL suppressed)
08-01 14:12:03.483 I/CameraClient( 1106): Opening camera 5
08-01 14:12:03.483 I/CameraHAL( 1106): camera_device open
08-01 14:12:03.483 I/Capture ( 3475): mCamera = android.hardware.Camera@4213e5e8
