11-28 15:19:46.467 D/cocos2d-x debug info(14128): JS: setActivePosition-end[http://ott-api.fun.tv/api/v2/retrive?mtype=movie&region=all&tag=all&rdate=all&order=daynum&statdate=all&pg=1&pz=100&pv=101&show_tb=0]
11-28 15:19:46.497 D/dalvikvm(22184): GC_CONCURRENT freed 774K, 19% free 6671K/8192K, paused 13ms+5ms, total 83ms
11-28 15:19:46.517 D/mdns    ( 4397): mDNS_Execute
11-28 15:19:46.517 D/mdns    ( 4397): mDNS_Execute: Setting NewLocalRecords to NULL
11-28 15:19:46.527 D/cocos2d-x debug info(14128): trace_frame: 63.880272
11-28 15:19:46.627 D/cocos2d-x debug info(14128): trace_frame: 59.884418
11-28 15:19:46.647 D/mdns    ( 4397): SocketDataReady got a packet from 172.16.13.187 to 224.0.0.251 on interface 172.16.13.147/wlan0/7/280
11-28 15:19:46.647 D/mdns    ( 4397): Received Response from 172.16.13.187   addressed to 224.0.0.251     on 412B8768 with  0 Questions,  3 Answers,  0 Authorities,  0 Additionals 290 bytes LLQType 0
11-28 15:19:46.737 D/cocos2d-x debug info(14128): trace_frame: 60.672771
11-28 15:19:46.837 D/cocos2d-x debug info(14128): trace_frame: 59.985603
11-28 15:19:46.937 D/cocos2d-x debug info(14128): trace_frame: 59.805035
11-28 15:19:46.957 D/cocos2d-x debug info(14128): JS: loadActionData:onKeyPress begin
11-28 15:19:46.957 D/cocos2d-x debug info(14128): JS: mTabFocusChangeCallaback:handleDirectionKey-ddd
11-28 15:19:46.957 D/cocos2d-x debug info(14128): JS: mTabFocusChangeCallaback:~~~~~~~~~~~~~~~~157
11-28 15:19:46.957 D/cocos2d-x debug info(14128): JS: FunTableView:onClick key=157, isPress=true
11-28 15:19:46.957 D/cocos2d-x debug info(14128): JS: OnClick: Direction_Right press...
11-28 15:19:46.957 D/cocos2d-x debug info(14128): JS: onKeyPressRight
11-28 15:19:46.957 D/cocos2d-x debug info(14128): JS: moveFocus
11-28 15:19:46.957 D/cocos2d-x debug info(14128): JS: zhangmd:FunTableView:moveFocus, fromsize is:(310,512),tosize is:(310,512)
11-28 15:19:46.957 D/cocos2d-x debug info(14128): JS: loadActionData:onKeyPress end
11-28 15:19:46.957 D/cocos2d-x debug info(14128): JS: loadActionData:handleRepeatKey begin
11-28 15:19:46.957 D/cocos2d-x debug info(14128): JS: FunTableView:onClick key=157, isPress=false
11-28 15:19:47.037 D/cocos2d-x debug info(14128): trace_frame: 59.578781
11-28 15:19:47.157 D/cocos2d-x debug info(14128): trace_frame: 60.570400
11-28 15:19:47.277 D/cocos2d-x debug info(14128): JS: updateMediaDescription:focusChangeCallback[33] 
11-28 15:19:47.287 D/cocos2d-x debug info(14128): JS: [/2003] {/ç¾Žå›½} (/çˆ±æƒ…)
11-28 15:19:47.287 D/cocos2d-x debug info(14128): cocos2d: fullPathForFilename: No file found at Arial. Possible missing file.
11-28 15:19:47.347 D/dalvikvm(14128): GC_FOR_ALLOC freed 1503K, 64% free 6814K/18508K, paused 22ms, total 22ms
11-28 15:19:47.347 I/dalvikvm-heap(14128): Grow heap (frag case) to 8.248MB for 1040016-byte allocation
11-28 15:19:47.377 D/dalvikvm(14128): GC_CONCURRENT freed <1K, 58% free 7829K/18508K, paused 3ms+2ms, total 27ms
11-28 15:19:47.377 D/dalvikvm(14128): WAIT_FOR_CONCURRENT_GC blocked 24ms
11-28 15:19:47.377 D/dalvikvm(14128): WAIT_FOR_CONCURRENT_GC blocked 25ms
11-28 15:19:47.397 D/cocos2d-x debug info(14128): JS: updateMediaDescription:[] 8
11-28 15:19:47.407 D/cocos2d-x debug info(14128): trace_frame: 59.086193
11-28 15:19:47.427 D/cocos2d-x debug info(14128): trace_frame: 6.713392
11-28 15:19:47.437 D/dalvikvm(14128): GC_CONCURRENT freed 2037K, 63% free 6912K/18508K, paused 3ms+3ms, total 33ms
11-28 15:19:47.437 D/launcher_auto(14128): launcher_auto: sendkey and wait.
11-28 15:19:47.537 D/cocos2d-x debug info(14128): trace_frame: 59.836735
11-28 15:19:47.657 D/cocos2d-x debug info(14128): trace_frame: 60.497635
11-28 15:19:47.757 D/cocos2d-x debug info(14128): trace_frame: 59.850967
11-28 15:19:47.877 D/cocos2d-x debug info(14128): trace_frame: 60.195896
11-28 15:19:47.957 D/cocos2d-x debug info(14128): JS: loadActionData:onKeyPress begin
11-28 15:19:47.957 D/cocos2d-x debug info(14128): JS: mTabFocusChangeCallaback:handleDirectionKey-ddd
11-28 15:19:47.957 D/cocos2d-x debug info(14128): JS: mTabFocusChangeCallaback:~~~~~~~~~~~~~~~~157
11-28 15:19:47.957 D/cocos2d-x debug info(14128): JS: FunTableView:onClick key=157, isPress=true
11-28 15:19:47.957 D/cocos2d-x debug info(14128): JS: OnClick: Direction_Right press...
11-28 15:19:47.957 D/cocos2d-x debug info(14128): JS: onKeyPressRight
11-28 15:19:47.957 D/cocos2d-x debug info(14128): JS: moveFocus
11-28 15:19:47.967 D/cocos2d-x debug info(14128): JS: zhangmd:FunTableView:moveFocus, fromsize is:(310,512),tosize is:(310,512)
11-28 15:19:47.967 D/cocos2d-x debug info(14128): JS: loadActionData:onKeyPress end
11-28 15:19:47.967 D/cocos2d-x debug info(14128): JS: loadActionData:handleRepeatKey begin
11-28 15:19:47.967 D/cocos2d-x debug info(14128): JS: FunTableView:onClick key=157, isPress=false
11-28 15:19:47.977 D/cocos2d-x debug info(14128): trace_frame: 57.189152
11-28 15:19:48.087 D/cocos2d-x debug info(14128): trace_frame: 62.487743
11-28 15:19:48.207 D/cocos2d-x debug info(14128): trace_frame: 60.120407
11-28 15:19:48.267 D/cocos2d-x debug info(14128): JS: updateMediaDescription:focusChangeCallback[34] 
11-28 15:19:48.287 D/cocos2d-x debug info(14128): JS: [/2013] {/ç¾Žå›½} (/ç§‘å¹»)
11-28 15:19:48.287 D/cocos2d-x debug info(14128): cocos2d: fullPathForFilename: No file found at Arial. Possible missing file.
11-28 15:19:48.347 D/dalvikvm(14128): GC_FOR_ALLOC freed 317K, 64% free 6811K/18508K, paused 21ms, total 21ms
11-28 15:19:48.347 I/dalvikvm-heap(14128): Grow heap (frag case) to 8.244MB for 1040016-byte allocation
11-28 15:19:48.367 D/dalvikvm(14128): GC_FOR_ALLOC freed <1K, 58% free 7826K/18508K, paused 22ms, total 23ms
11-28 15:19:48.397 D/dalvikvm(14128): GC_CONCURRENT freed 1K, 53% free 8840K/18508K, paused 2ms+3ms, total 27ms
11-28 15:19:48.397 D/cocos2d-x debug info(14128): JS: updateMediaDescription:[] 8
11-28 15:19:48.427 D/cocos2d-x debug info(14128): trace_frame: 22.886438
11-28 15:19:48.447 D/launcher_auto(14128): launcher_auto: sendkey and wait.
11-28 15:19:48.537 D/cocos2d-x debug info(14128): trace_frame: 60.967113
11-28 15:19:48.637 D/cocos2d-x debug info(14128): trace_frame: 59.980206
11-28 15:19:48.677 D/mdns    ( 4397): SocketDataReady got a packet from 172.16.13.203 to 224.0.0.251 on interface 172.16.13.147/wlan0/7/280
11-28 15:19:48.677 D/mdns    ( 4397): Received Response from 172.16.13.203   addressed to 224.0.0.251     on 412B8768 with  0 Questions,  3 Answers,  0 Authorities,  0 Additionals 228 bytes LLQType 0
11-28 15:19:48.757 D/cocos2d-x debug info(14128): trace_frame: 59.916122
11-28 15:19:48.817 D/dalvikvm(22184): GC_CONCURRENT freed 751K, 19% free 6659K/8192K, paused 4ms+4ms, total 50ms
11-28 15:19:48.857 D/cocos2d-x debug info(14128): trace_frame: 59.388889
11-28 15:19:48.957 D/cocos2d-x debug info(14128): JS: loadActionData:onKeyPress begin
11-28 15:19:48.957 D/cocos2d-x debug info(14128): JS: mTabFocusChangeCallaback:handleDirectionKey-ddd
11-28 15:19:48.957 D/cocos2d-x debug info(14128): JS: mTabFocusChangeCallaback:~~~~~~~~~~~~~~~~157
11-28 15:19:48.957 D/cocos2d-x debug info(14128): JS: FunTableView:onClick key=157, isPress=true
11-28 15:19:48.957 D/cocos2d-x debug info(14128): JS: OnClick: Direction_Right press...
11-28 15:19:48.957 D/cocos2d-x debug info(14128): JS: onKeyPressRight
11-28 15:19:48.967 D/cocos2d-x debug info(14128): JS: turnPage: toRight true
11-28 15:19:48.967 D/cocos2d-x debug info(14128): JS: jumpFocus
11-28 15:19:48.967 D/cocos2d-x debug info(14128): JS: zhangmd:FunTableView:calculateFullVisibleIndex begain,startidx=30,endidx=34,startidx2=35,endidx2=39
11-28 15:19:48.967 D/cocos2d-x debug info(14128): JS: calculateLastPageIndex 1
11-28 15:19:48.967 D/cocos2d-x debug info(14128): JS: loadActionData:onKeyPress end
11-28 15:19:48.967 D/cocos2d-x debug info(14128): JS: loadActionData:handleRepeatKey begin
11-28 15:19:48.967 D/cocos2d-x debug info(14128): JS: FunTableView:onClick key=157, isPress=false
11-28 15:19:48.977 D/cocos2d-x debug info(14128): trace_frame: 52.857845
11-28 15:19:49.007 D/cocos2d-x debug info(14128): JS: RetrieveListAdapter: isItemTypeOf(42)=true
11-28 15:19:49.007 D/cocos2d-x debug info(14128): JS: funImageLoader.loadImage: url=http://img.funshion.com/pictures/media/list/108/976/108976_360_504_ott_poster.jpg?1404958037
11-28 15:19:49.007 D/JniHelper(14128): JniHelper::getJavaVM(), pthread_self() = 1529184920
11-28 15:19:49.017 D/cocos2d-x debug info(14128): cocos2d: fullPathForFilename: No file found at Arial. Possible missing file.
11-28 15:19:49.017 D/cocos2d-x debug info(14128): cocos2d: fullPathForFilename: No file found at Arial. Possible missing file.
11-28 15:19:49.037 D/cocos2d-x debug info(14128): nativeTes2Callback  [001]funImageLoader.callback('/data/data/tv.fun.launcher/files/fun_download/4d/5f3ac8e6c4183da71456b639eb68bb.png', '4d5f3ac8e6c4183da71456b639eb68bb')
11-28 15:19:49.067 D/cocos2d-x debug info(14128): JS: RetrieveListAdapter: isItemTypeOf(43)=true
11-28 15:19:49.077 D/cocos2d-x debug info(14128): JS: funImageLoader.loadImage: url=http://img.funshion.com/pictures/media/list/112/240/112240_360_504_ott_poster.jpg?1411701487
11-28 15:19:49.077 D/JniHelper(14128): JniHelper::getJavaVM(), pthread_self() = 1529184920
11-28 15:19:49.077 D/cocos2d-x debug info(14128): cocos2d: fullPathForFilename: No file found at Arial. Possible missing file.
11-28 15:19:49.087 D/cocos2d-x debug info(14128): cocos2d: fullPathForFilename: No file found at Arial. Possible missing file.
11-28 15:19:49.097 D/cocos2d-x debug info(14128): trace_frame: 68.650337
11-28 15:19:49.107 D/cocos2d-x debug info(14128): nativeTes2Callback  [001]funImageLoader.callback('/data/data/tv.fun.launcher/files/fun_download/12/4329753ec6106c0036bc62b46b163f.png', '124329753ec6106c0036bc62b46b163f')
11-28 15:19:49.137 D/cocos2d-x debug info(14128): JS: RetrieveListAdapter: isItemTypeOf(44)=true
11-28 15:19:49.137 D/cocos2d-x debug info(14128): JS: funImageLoader.loadImage: url=http://img.funshion.com/pictures/media/list/108/908/108908_360_504_ott_poster.jpg?1407898581
11-28 15:19:49.147 D/JniHelper(14128): JniHelper::getJavaVM(), pthread_self() = 1529184920
11-28 15:19:49.157 D/cocos2d-x debug info(14128): cocos2d: fullPathForFilename: No file found at Arial. Possible missing file.
11-28 15:19:49.157 D/cocos2d-x debug info(14128): cocos2d: fullPathForFilename: No file found at Arial. Possible missing file.
11-28 15:19:49.177 D/cocos2d-x debug info(14128): nativeTes2Callback  [001]funImageLoader.callback('/data/data/tv.fun.launcher/files/fun_download/1f/6437ed79ffd5222fe73961017fe1c1.png', '1f6437ed79ffd5222fe73961017fe1c1')
11-28 15:19:49.177 D/cocos2d-x debug info(14128): trace_frame: 37.653439
11-28 15:19:49.217 D/cocos2d-x debug info(14128): JS: RetrieveListAdapter: isItemTypeOf(45)=true
11-28 15:19:49.227 D/cocos2d-x debug info(14128): JS: funImageLoader.loadImage: url=http://img.funshion.com/pictures/media/list/733/69/73369_360_504_ott_poster.jpg?1404887112
11-28 15:19:49.227 D/JniHelper(14128): JniHelper::getJavaVM(), pthread_self() = 1529184920
11-28 15:19:49.237 D/cocos2d-x debug info(14128): cocos2d: fullPathForFilename: No file found at Arial. Possible missing file.
11-28 15:19:49.247 D/cocos2d-x debug info(14128): cocos2d: fullPathForFilename: No file found at Arial. Possible missing file.
11-28 15:19:49.257 D/cocos2d-x debug info(14128): nativeTes2Callback  [001]funImageLoader.callback('/data/data/tv.fun.launcher/files/fun_download/c4/529d061afad5cd557b463dc892f189.png', 'c4529d061afad5cd557b463dc892f189')
11-28 15:19:49.287 D/cocos2d-x debug info(14128): trace_frame: 54.204948
11-28 15:19:49.317 D/cocos2d-x debug info(14128): JS: RetrieveListAdapter: isItemTypeOf(46)=true
11-28 15:19:49.327 D/cocos2d-x debug info(14128): JS: funImageLoader.loadImage: url=http://img.funshion.com/pictures/media/list/351/57/35157_360_504_ott_poster.jpg?1405924998
11-28 15:19:49.327 D/JniHelper(14128): JniHelper::getJavaVM(), pthread_self() = 1529184920
11-28 15:19:49.337 D/cocos2d-x debug info(14128): cocos2d: fullPathForFilename: No file found at Arial. Possible missing file.
11-28 15:19:49.347 D/cocos2d-x debug info(14128): cocos2d: fullPathForFilename: No file found at Arial. Possible missing file.
11-28 15:19:49.367 D/cocos2d-x debug info(14128): nativeTes2Callback  [001]funImageLoader.callback('/data/data/tv.fun.launcher/files/fun_download/3b/c2c817d6067a82ec914772aeb43b14.png', '3bc2c817d6067a82ec914772aeb43b14')
11-28 15:19:49.397 D/cocos2d-x debug info(14128): trace_frame: 49.213078
11-28 15:19:49.447 D/launcher_auto(14128): launcher_auto: sendkey and wait.
11-28 15:19:49.487 D/cocos2d-x debug info(14128): JS: RetrieveListAdapter: onTurnPage focusIdx=35
11-28 15:19:49.487 D/cocos2d-x debug info(14128): JS: turnPageCallback begin
11-28 15:19:49.487 D/cocos2d-x debug info(14128): JS: turnPageCallback begin~~~
11-28 15:19:49.497 D/cocos2d-x debug info(14128): JS: updateMediaDescription:turnPageCallback[] 
11-28 15:19:49.497 D/cocos2d-x debug info(14128): JS: turnPageCallback end
11-28 15:19:49.497 D/cocos2d-x debug info(14128): cocos2d: TextureCache: removing unused texture: /data/data/tv.fun.launcher/files/fun_download/77/186750547ef6a16cf09fdb84592c53.png
11-28 15:19:49.497 D/cocos2d-x debug info(14128): cocos2d: TextureCache: removing unused texture: /data/data/tv.fun.launcher/files/fun_download/0e/16f10fbdb76f0a5ecba14555357f1c.png
11-28 15:19:49.497 D/cocos2d-x debug info(14128): cocos2d: TextureCache: removing unused texture: /data/data/tv.fun.launcher/files/fun_download/09/354869f06018ee57bc531cc6c741d1.png
11-28 15:19:49.497 D/cocos2d-x debug info(14128): cocos2d: TextureCache: removing unused texture: /data/data/tv.fun.launcher/files/fun_download/9d/dd7818281ec44bb572ad14299113d2.png
11-28 15:19:49.517 D/cocos2d-x debug info(14128): trace_frame: 54.738815
11-28 15:19:49.567 D/cocos2d-x debug info(14128): JS: updateMediaDescription:focusChangeCallback[35] 
11-28 15:19:49.577 D/cocos2d-x debug info(14128): JS: [/2013] {/ç¾Žå›½} (/æ‚¬ç–‘)
11-28 15:19:49.577 D/cocos2d-x debug info(14128): cocos2d: fullPathForFilename: No file found at Arial. Possible missing file.
11-28 15:19:49.637 D/dalvikvm(14128): GC_FOR_ALLOC freed 3272K, 64% free 6818K/18508K, paused 21ms, total 21ms
11-28 15:19:49.637 I/dalvikvm-heap(14128): Grow heap (frag case) to 8.250MB for 1040016-byte allocation
11-28 15:19:49.667 D/dalvikvm(14128): GC_FOR_ALLOC freed <1K, 58% free 7833K/18508K, paused 27ms, total 27ms
11-28 15:19:49.697 D/cocos2d-x debug info(14128): JS: updateMediaDescription:[] 8
11-28 15:19:49.697 D/mdns    ( 4397): SocketDataReady got a packet from 172.16.13.187 to 224.0.0.251 on interface 172.16.13.147/wlan0/7/280
11-28 15:19:49.697 D/mdns    ( 4397): Received Response from 172.16.13.187   addressed to 224.0.0.251     on 412B8768 with  0 Questions,  3 Answers,  0 Authorities,  0 Additionals 261 bytes LLQType 0
11-28 15:19:49.697 D/dalvikvm(14128): GC_CONCURRENT freed 1024K, 58% free 7877K/18508K, paused 3ms+3ms, total 32ms
11-28 15:19:49.717 D/cocos2d-x debug info(14128): trace_frame: 25.325560
11-28 15:19:49.827 D/cocos2d-x debug info(14128): trace_frame: 65.927025
11-28 15:19:49.917 D/mdns    ( 4397): SocketDataReady got a packet from 172.16.13.14 to 224.0.0.251 on interface 172.16.13.147/wlan0/7/280
11-28 15:19:49.917 D/mdns    ( 4397): Received Response from 172.16.13.14    addressed to 224.0.0.251     on 412B8768 with  0 Questions,  1 Answer,   0 Authorities,  0 Additionals 38 bytes LLQType 0
11-28 15:19:49.927 D/cocos2d-x debug info(14128): trace_frame: 59.718132
11-28 15:19:49.957 D/cocos2d-x debug info(14128): JS: loadActionData:onKeyPress begin
11-28 15:19:49.957 D/cocos2d-x debug info(14128): JS: mTabFocusChangeCallaback:handleDirectionKey-ddd
11-28 15:19:49.957 D/cocos2d-x debug info(14128): JS: mTabFocusChangeCallaback:~~~~~~~~~~~~~~~~156
11-28 15:19:49.957 D/cocos2d-x debug info(14128): JS: FunTableView:onClick key=156, isPress=true
11-28 15:19:49.957 D/cocos2d-x debug info(14128): JS: OnClick: Direction_Left press...
11-28 15:19:49.957 D/cocos2d-x debug info(14128): JS: onKeyPressLeft
11-28 15:19:49.967 D/cocos2d-x debug info(14128): JS: turnPage: toRight false
11-28 15:19:49.967 D/cocos2d-x debug info(14128): JS: jumpFocus
11-28 15:19:49.967 D/cocos2d-x debug info(14128): JS: zhangmd:FunTableView:calculateFullVisibleIndex begain,startidx=35,endidx=39,startidx2=30,endidx2=34
11-28 15:19:49.967 D/cocos2d-x debug info(14128): JS: loadActionData:onKeyPress end
11-28 15:19:49.967 D/cocos2d-x debug info(14128): JS: loadActionData:handleRepeatKey begin
11-28 15:19:49.967 D/cocos2d-x debug info(14128): JS: FunTableView:onClick key=156, isPress=false
11-28 15:19:50.007 D/cocos2d-x debug info(14128): JS: RetrieveListAdapter: isItemTypeOf(27)=true
11-28 15:19:50.007 D/cocos2d-x debug info(14128): JS: funImageLoader.loadImage: url=http://img.funshion.com/pictures/media/list/102/281/102281_360_504_ott_poster.jpg?1417068934
11-28 15:19:50.007 D/JniHelper(14128): JniHelper::getJavaVM(), pthread_self() = 1529184920
11-28 15:19:50.027 D/cocos2d-x debug info(14128): nativeTes2Callback  [001]funImageLoader.callback('/data/data/tv.fun.launcher/files/fun_download/32/31cb039f715a861c3c090641b69440.png', '3231cb039f715a861c3c090641b69440')
11-28 15:19:50.027 D/cocos2d-x debug info(14128): trace_frame: 59.028965
11-28 15:19:50.067 D/cocos2d-x debug info(14128): JS: RetrieveListAdapter: isItemTypeOf(26)=true
11-28 15:19:50.077 D/cocos2d-x debug info(14128): JS: funImageLoader.loadImage: url=http://img.funshion.com/pictures/media/list/115/508/115508_360_504_ott_poster.jpg?1409915492
11-28 15:19:50.077 D/JniHelper(14128): JniHelper::getJavaVM(), pthread_self() = 1529184920
11-28 15:19:50.077 D/cocos2d-x debug info(14128): cocos2d: fullPathForFilename: No file found at Arial. Possible missing file.
11-28 15:19:50.087 D/cocos2d-x debug info(14128): cocos2d: fullPathForFilename: No file found at Arial. Possible missing file.
11-28 15:19:50.097 D/cocos2d-x debug info(14128): nativeTes2Callback  [001]funImageLoader.callback('/data/data/tv.fun.launcher/files/fun_download/2f/502286b3bf394d88f8fecb8c98e69d.png', '2f502286b3bf394d88f8fecb8c98e69d')
11-28 15:19:50.137 D/cocos2d-x debug info(14128): JS: RetrieveListAdapter: isItemTypeOf(25)=true
11-28 15:19:50.137 D/cocos2d-x debug info(14128): JS: funImageLoader.loadImage: url=http://img.funshion.com/pictures/media/list/113/777/113777_360_504_ott_poster.jpg?1415360178
11-28 15:19:50.137 D/JniHelper(14128): JniHelper::getJavaVM(), pthread_self() = 1529184920
11-28 15:19:50.147 D/cocos2d-x debug info(14128): cocos2d: fullPathForFilename: No file found at Arial. Possible missing file.
11-28 15:19:50.147 D/cocos2d-x debug info(14128): cocos2d: fullPathForFilename: No file found at Arial. Possible missing file.
11-28 15:19:50.157 D/cocos2d-x debug info(14128): trace_frame: 61.100151
11-28 15:19:50.157 D/cocos2d-x debug info(14128): nativeTes2Callback  [001]funImageLoader.callback('/data/data/tv.fun.launcher/files/fun_download/9d/dd7818281ec44bb572ad14299113d2.png', '9ddd7818281ec44bb572ad14299113d2')
11-28 15:19:50.227 D/cocos2d-x debug info(14128): JS: RetrieveListAdapter: isItemTypeOf(24)=true
11-28 15:19:50.227 D/cocos2d-x debug info(14128): JS: funImageLoader.loadImage: url=http://img.funshion.com/pictures/media/list/109/043/109043_360_504_ott_poster.jpg?1407382954
11-28 15:19:50.227 D/JniHelper(14128): JniHelper::getJavaVM(), pthread_self() = 1529184920
11-28 15:19:50.227 D/cocos2d-x debug info(14128): cocos2d: fullPathForFilename: No file found at Arial. Possible missing file.
11-28 15:19:50.237 D/cocos2d-x debug info(14128): cocos2d: fullPathForFilename: No file found at Arial. Possible missing file.
11-28 15:19:50.247 D/cocos2d-x debug info(14128): nativeTes2Callback  [001]funImageLoader.callback('/data/data/tv.fun.launcher/files/fun_download/09/354869f06018ee57bc531cc6c741d1.png', '09354869f06018ee57bc531cc6c741d1')
11-28 15:19:50.257 D/cocos2d-x debug info(14128): trace_frame: 53.479275
11-28 15:19:50.337 D/cocos2d-x debug info(14128): JS: RetrieveListAdapter: isItemTypeOf(23)=true
11-28 15:19:50.337 D/cocos2d-x debug info(14128): JS: funImageLoader.loadImage: url=http://img.funshion.com/pictures/media/list/996/15/99615_360_504_ott_poster.jpg?1416071498
11-28 15:19:50.347 D/JniHelper(14128): JniHelper::getJavaVM(), pthread_self() = 1529184920
11-28 15:19:50.347 D/cocos2d-x debug info(14128): cocos2d: fullPathForFilename: No file found at Arial. Possible missing file.
11-28 15:19:50.347 D/cocos2d-x debug info(14128): cocos2d: fullPathForFilename: No file found at Arial. Possible missing file.
11-28 15:19:50.367 D/cocos2d-x debug info(14128): nativeTes2Callback  [001]funImageLoader.callback('/data/data/tv.fun.launcher/files/fun_download/77/186750547ef6a16cf09fdb84592c53.png', '77186750547ef6a16cf09fdb84592c53')
11-28 15:19:50.377 D/cocos2d-x debug info(14128): trace_frame: 60.438610
11-28 15:19:50.467 D/launcher_auto(14128): launcher_auto: sendkey and wait.
11-28 15:19:50.477 D/cocos2d-x debug info(14128): trace_frame: 66.386581
11-28 15:19:50.487 D/cocos2d-x debug info(14128): JS: RetrieveListAdapter: onTurnPage focusIdx=34
11-28 15:19:50.487 D/cocos2d-x debug info(14128): JS: turnPageCallback begin
11-28 15:19:50.487 D/cocos2d-x debug info(14128): JS: turnPageCallback begin~~~
11-28 15:19:50.497 D/cocos2d-x debug info(14128): JS: updateMediaDescription:turnPageCallback[] 
11-28 15:19:50.497 D/cocos2d-x debug info(14128): JS: turnPageCallback end
11-28 15:19:50.497 D/cocos2d-x debug info(14128): cocos2d: TextureCache: removing unused texture: /data/data/tv.fun.launcher/files/fun_download/3b/c2c817d6067a82ec914772aeb43b14.png
11-28 15:19:50.497 D/cocos2d-x debug info(14128): cocos2d: TextureCache: removing unused texture: /data/data/tv.fun.launcher/files/fun_download/1f/6437ed79ffd5222fe73961017fe1c1.png
11-28 15:19:50.497 D/cocos2d-x debug info(14128): cocos2d: TextureCache: removing unused texture: /data/data/tv.fun.launcher/files/fun_download/c4/529d061afad5cd557b463dc892f189.png
11-28 15:19:50.497 D/cocos2d-x debug info(14128): cocos2d: TextureCache: removing unused texture: /data/data/tv.fun.launcher/files/fun_download/12/4329753ec6106c0036bc62b46b163f.png
11-28 15:19:50.587 D/cocos2d-x debug info(14128): JS: updateMediaDescription:focusChangeCallback[34] 
11-28 15:19:50.597 D/cocos2d-x debug info(14128): JS: [/2013] {/ç¾Žå›½} (/ç§‘å¹»)
11-28 15:19:50.597 D/cocos2d-x debug info(14128): cocos2d: fullPathForFilename: No file found at Arial. Possible missing file.
11-28 15:19:50.627 D/dalvikvm(14128): GC_FOR_ALLOC freed 2133K, 64% free 6816K/18508K, paused 26ms, total 26ms
11-28 15:19:50.627 I/dalvikvm-heap(14128): Grow heap (frag case) to 8.250MB for 1040016-byte allocation
11-28 15:19:50.647 D/dalvikvm(14128): GC_CONCURRENT freed <1K, 58% free 7831K/18508K, paused 3ms+2ms, total 26ms
11-28 15:19:50.647 D/dalvikvm(14128): WAIT_FOR_CONCURRENT_GC blocked 23ms
11-28 15:19:50.657 D/dalvikvm(14128): WAIT_FOR_CONCURRENT_GC blocked 25ms
11-28 15:19:50.667 D/cocos2d-x debug info(14128): JS: updateMediaDescription:[] 8
11-28 15:19:50.677 D/cocos2d-x debug info(14128): trace_frame: 60.072433
11-28 15:19:50.697 D/cocos2d-x debug info(14128): trace_frame: 9.607717
11-28 15:19:50.697 D/dalvikvm(14128): GC_CONCURRENT freed 2039K, 63% free 6912K/18508K, paused 4ms+3ms, total 31ms
11-28 15:19:50.807 D/cocos2d-x debug info(14128): trace_frame: 62.192921
11-28 15:19:50.907 D/cocos2d-x debug info(14128): trace_frame: 59.991604
11-28 15:19:50.967 D/cocos2d-x debug info(14128): JS: loadActionData:onKeyPress begin
11-28 15:19:50.967 D/cocos2d-x debug info(14128): JS: mTabFocusChangeCallaback:handleDirectionKey-ddd
11-28 15:19:50.977 D/cocos2d-x debug info(14128): JS: mTabFocusChangeCallaback:~~~~~~~~~~~~~~~~156
11-28 15:19:50.977 D/cocos2d-x debug info(14128): JS: FunTableView:onClick key=156, isPress=true
11-28 15:19:50.977 D/cocos2d-x debug info(14128): JS: OnClick: Direction_Left press...
11-28 15:19:50.977 D/cocos2d-x debug info(14128): JS: onKeyPressLeft
11-28 15:19:50.977 D/cocos2d-x debug info(14128): JS: moveFocus
11-28 15:19:50.977 D/cocos2d-x debug info(14128): JS: zhangmd:FunTableView:moveFocus, fromsize is:(310,512),tosize is:(310,512)
11-28 15:19:50.977 D/cocos2d-x debug info(14128): JS: loadActionData:onKeyPress end
11-28 15:19:50.987 D/cocos2d-x debug info(14128): JS: loadActionData:handleRepeatKey begin
11-28 15:19:50.987 D/cocos2d-x debug info(14128): JS: FunTableView:onClick key=156, isPress=false
11-28 15:19:51.007 D/cocos2d-x debug info(14128): trace_frame: 59.433605
11-28 15:19:51.127 D/cocos2d-x debug info(14128): trace_frame: 59.997257
11-28 15:19:51.237 D/cocos2d-x debug info(14128): trace_frame: 60.520657
11-28 15:19:51.287 D/cocos2d-x debug info(14128): JS: updateMediaDescription:focusChangeCallback[33] 
11-28 15:19:51.297 D/cocos2d-x debug info(14128): JS: [/2003] {/ç¾Žå›½} (/çˆ±æƒ…)
11-28 15:19:51.297 D/cocos2d-x debug info(14128): cocos2d: fullPathForFilename: No file found at Arial. Possible missing file.
11-28 15:19:51.327 D/dalvikvm(14128): GC_FOR_ALLOC freed 189K, 64% free 6811K/18508K, paused 24ms, total 24ms
11-28 15:19:51.327 I/dalvikvm-heap(14128): Grow heap (frag case) to 8.244MB for 1040016-byte allocation
11-28 15:19:51.347 D/dalvikvm(14128): GC_FOR_ALLOC freed <1K, 58% free 7825K/18508K, paused 21ms, total 21ms
11-28 15:19:51.377 D/cocos2d-x debug info(14128): JS: updateMediaDescription:[] 8
11-28 15:19:51.377 D/dalvikvm(14128): GC_CONCURRENT freed 1017K, 58% free 7824K/18508K, paused 3ms+3ms, total 28ms
11-28 15:19:51.397 D/cocos2d-x debug info(14128): trace_frame: 25.882427
11-28 15:19:51.467 D/launcher_auto(14128): launcher_auto: sendkey and wait.
11-28 15:19:51.507 D/cocos2d-x debug info(14128): trace_frame: 62.380810
11-28 15:19:51.627 D/cocos2d-x debug info(14128): trace_frame: 60.002914
11-28 15:19:51.737 D/cocos2d-x debug info(14128): trace_frame: 60.024010
11-28 15:19:51.837 D/cocos2d-x debug info(14128): trace_frame: 59.728241
11-28 15:19:51.847 D/dalvikvm(22184): GC_FOR_ALLOC freed 401K, 20% free 6602K/8192K, paused 42ms, total 43ms
11-28 15:19:51.897 D/dalvikvm(22184): GC_FOR_ALLOC freed 176K, 20% free 6583K/8192K, paused 38ms, total 38ms
11-28 15:19:51.937 D/cocos2d-x debug info(14128): trace_frame: 59.766907
11-28 15:19:51.967 D/cocos2d-x debug info(14128): JS: loadActionData:onKeyPress begin
11-28 15:19:51.977 D/cocos2d-x debug info(14128): JS: mTabFocusChangeCallaback:handleDirectionKey-ddd
11-28 15:19:51.977 D/cocos2d-x debug info(14128): JS: mTabFocusChangeCallaback:~~~~~~~~~~~~~~~~156
11-28 15:19:51.977 D/cocos2d-x debug info(14128): JS: FunTableView:onClick key=156, isPress=true
11-28 15:19:51.977 D/cocos2d-x debug info(14128): JS: OnClick: Direction_Left press...
11-28 15:19:51.977 D/cocos2d-x debug info(14128): JS: onKeyPressLeft
11-28 15:19:51.987 D/cocos2d-x debug info(14128): JS: moveFocus
11-28 15:19:51.987 D/cocos2d-x debug info(14128): JS: zhangmd:FunTableView:moveFocus, fromsize is:(310,512),tosize is:(310,512)
11-28 15:19:51.987 D/cocos2d-x debug info(14128): JS: loadActionData:onKeyPress end
11-28 15:19:51.987 D/cocos2d-x debug info(14128): JS: loadActionData:handleRepeatKey begin
11-28 15:19:51.987 D/cocos2d-x debug info(14128): JS: FunTableView:onClick key=156, isPress=false
11-28 15:19:52.057 D/cocos2d-x debug info(14128): trace_frame: 60.384384
11-28 15:19:52.177 D/cocos2d-x debug info(14128): trace_frame: 59.973099
11-28 15:19:52.287 D/cocos2d-x debug info(14128): trace_frame: 60.077583
11-28 15:19:52.307 D/cocos2d-x debug info(14128): JS: updateMediaDescription:focusChangeCallback[32] 
11-28 15:19:52.307 D/cocos2d-x debug info(14128): JS: [/1998] {/éŸ©å›½} (/çŠ¯ç½ª)
11-28 15:19:52.317 D/cocos2d-x debug info(14128): cocos2d: fullPathForFilename: No file found at Arial. Possible missing file.
11-28 15:19:52.347 D/dalvikvm(14128): GC_CONCURRENT freed 1222K, 58% free 7827K/18508K, paused 2ms+2ms, total 32ms
11-28 15:19:52.347 D/dalvikvm(14128): WAIT_FOR_CONCURRENT_GC blocked 19ms
11-28 15:19:52.367 D/cocos2d-x debug info(14128): JS: updateMediaDescription:[] 8
11-28 15:19:52.387 D/cocos2d-x debug info(14128): trace_frame: 19.566792
11-28 15:19:52.397 D/dalvikvm(14128): GC_CONCURRENT freed 2035K, 63% free 6912K/18508K, paused 2ms+2ms, total 31ms
11-28 15:19:52.477 D/launcher_auto(14128): launcher_auto: sendkey and wait.
11-28 15:19:52.507 D/cocos2d-x debug info(14128): JS: setActivePosition-@34
11-28 15:19:52.507 D/cocos2d-x debug info(14128): JS: getFocusId:1
11-28 15:19:52.507 D/cocos2d-x debug info(14128): JS: setActivePosition-actionData@http://ott-api.fun.tv/api/v2/retrive?mtype=movie&region=all&tag=all&rdate=all&order=daynum&statdate=all&pg=1&pz=100&pv=101
11-28 15:19:52.507 D/cocos2d-x debug info(14128): JS: isStaffActionData:put[http://ott-api.fun.tv/api/v2/retrive?mtype=movie&region=all&tag=all&rdate=all&order=daynum&statdate=all&pg=1&pz=100&pv=101]
11-28 15:19:52.507 D/cocos2d-x debug info(14128): JS: setActivePosition-url@http://ott-api.fun.tv/api/v2/retrive?mtype=movie&region=all&tag=all&rdate=all&order=daynum&statdate=all&pg=1&pz=100&pv=101&show_tb=0
11-28 15:19:52.507 D/JniHelper(14128): JniHelper::getJavaVM(), pthread_self() = 1529184920
11-28 15:19:52.507 D/cocos2d-x debug info(14128): JS: setActivePosition-end[http://ott-api.fun.tv/api/v2/retrive?mtype=movie&region=all&tag=all&rdate=all&order=daynum&statdate=all&pg=1&pz=100&pv=101&show_tb=0]
11-28 15:19:52.507 D/restartPreDownloadPic(14128): direction--1--startPosition--25
11-28 15:19:52.517 D/cocos2d-x debug info(14128): trace_frame: 60.575642
11-28 15:19:52.627 D/cocos2d-x debug info(14128): trace_frame: 60.415142
11-28 15:19:52.637 D/dalvikvm(22184): GC_CONCURRENT freed 626K, 19% free 6680K/8192K, paused 2ms+5ms, total 50ms
11-28 15:19:52.737 D/cocos2d-x debug info(14128): trace_frame: 60.016293
11-28 15:19:52.837 D/cocos2d-x debug info(14128): trace_frame: 59.958630
11-28 15:19:52.957 D/cocos2d-x debug info(14128): trace_frame: 59.975155
11-28 15:19:52.987 D/cocos2d-x debug info(14128): JS: loadActionData:onKeyPress begin
11-28 15:19:52.987 D/cocos2d-x debug info(14128): JS: mTabFocusChangeCallaback:handleDirectionKey-ddd
11-28 15:19:52.987 D/cocos2d-x debug info(14128): JS: mTabFocusChangeCallaback:~~~~~~~~~~~~~~~~156
11-28 15:19:52.987 D/cocos2d-x debug info(14128): JS: FunTableView:onClick key=156, isPress=true
11-28 15:19:52.987 D/cocos2d-x debug info(14128): JS: OnClick: Direction_Left press...
11-28 15:19:52.987 D/cocos2d-x debug info(14128): JS: onKeyPressLeft
11-28 15:19:52.997 D/cocos2d-x debug info(14128): JS: moveFocus
11-28 15:19:52.997 D/cocos2d-x debug info(14128): JS: zhangmd:FunTableView:moveFocus, fromsize is:(310,512),tosize is:(310,512)
11-28 15:19:52.997 D/cocos2d-x debug info(14128): JS: loadActionData:onKeyPress end
11-28 15:19:52.997 D/cocos2d-x debug info(14128): JS: loadActionData:handleRepeatKey begin
11-28 15:19:52.997 D/cocos2d-x debug info(14128): JS: FunTableView:onClick key=156, isPress=false
11-28 15:19:53.077 D/cocos2d-x debug info(14128): trace_frame: 60.186054
11-28 15:19:53.177 D/mdns    ( 4397): SocketDataReady got a packet from 172.16.13.14 to 224.0.0.251 on interface 172.16.13.147/wlan0/7/280
11-28 15:19:53.177 D/mdns    ( 4397): Received Response from 172.16.13.14    addressed to 224.0.0.251     on 412B8768 with  0 Questions,  3 Answers,  0 Authorities,  0 Additionals 232 bytes LLQType 0
11-28 15:19:53.187 D/cocos2d-x debug info(14128): trace_frame: 59.150101
11-28 15:19:53.307 D/cocos2d-x debug info(14128): JS: updateMediaDescription:focusChangeCallback[31] 
11-28 15:19:53.317 D/cocos2d-x debug info(14128): JS: [/2013] {/ä¸­å›½ } (/åŠ¨ä½œ)
11-28 15:19:53.317 D/cocos2d-x debug info(14128): cocos2d: fullPathForFilename: No file found at Arial. Possible missing file.
11-28 15:19:53.367 D/dalvikvm(22184): GC_CONCURRENT freed 857K, 19% free 6682K/8192K, paused 2ms+5ms, total 41ms
11-28 15:19:53.377 D/dalvikvm(22184): WAIT_FOR_CONCURRENT_GC blocked 21ms
11-28 15:19:53.387 D/dalvikvm(14128): GC_FOR_ALLOC freed 305K, 64% free 6812K/18508K, paused 27ms, total 27ms
11-28 15:19:53.397 I/dalvikvm-heap(14128): Grow heap (frag case) to 8.245MB for 1040016-byte allocation
11-28 15:19:53.417 D/dalvikvm(14128): GC_FOR_ALLOC freed <1K, 58% free 7827K/18508K, paused 23ms, total 23ms
11-28 15:19:53.447 D/dalvikvm(14128): GC_CONCURRENT freed 1018K, 58% free 7825K/18508K, paused 4ms+2ms, total 28ms
11-28 15:19:53.447 D/cocos2d-x debug info(14128): JS: updateMediaDescription:[] 8
11-28 15:19:53.457 D/cocos2d-x debug info(14128): trace_frame: 60.163815
11-28 15:19:53.467 D/cocos2d-x debug info(14128): trace_frame: 6.159987
11-28 15:19:53.477 D/launcher_auto(14128): launcher_auto: sendkey and wait.
11-28 15:19:53.577 D/cocos2d-x debug info(14128): trace_frame: 67.887344
11-28 15:19:53.687 D/cocos2d-x debug info(14128): trace_frame: 60.021435
11-28 15:19:53.787 D/cocos2d-x debug info(14128): trace_frame: 59.937065
11-28 15:19:53.907 D/cocos2d-x debug info(14128): trace_frame: 60.015778
11-28 15:19:53.987 D/cocos2d-x debug info(14128): JS: loadActionData:onKeyPress begin
11-28 15:19:53.987 D/cocos2d-x debug info(14128): JS: mTabFocusChangeCallaback:handleDirectionKey-ddd
11-28 15:19:53.987 D/cocos2d-x debug info(14128): JS: mTabFocusChangeCallaback:~~~~~~~~~~~~~~~~156
11-28 15:19:53.987 D/cocos2d-x debug info(14128): JS: FunTableView:onClick key=156, isPress=true
11-28 15:19:53.997 D/cocos2d-x debug info(14128): JS: OnClick: Direction_Left press...
11-28 15:19:53.997 D/cocos2d-x debug info(14128): JS: onKeyPressLeft
11-28 15:19:53.997 D/cocos2d-x debug info(14128): JS: moveFocus
11-28 15:19:53.997 D/cocos2d-x debug info(14128): JS: zhangmd:FunTableView:moveFocus, fromsize is:(310,512),tosize is:(310,512)
11-28 15:19:53.997 D/cocos2d-x debug info(14128): JS: loadActionData:onKeyPress end
11-28 15:19:53.997 D/cocos2d-x debug info(14128): JS: loadActionData:handleRepeatKey begin
11-28 15:19:53.997 D/cocos2d-x debug info(14128): JS: FunTableView:onClick key=156, isPress=false
11-28 15:19:54.017 D/cocos2d-x debug info(14128): trace_frame: 56.088387
11-28 15:19:54.127 D/cocos2d-x debug info(14128): trace_frame: 63.790623
11-28 15:19:54.237 D/cocos2d-x debug info(14128): trace_frame: 60.119896
11-28 15:19:54.307 D/cocos2d-x debug info(14128): JS: updateMediaDescription:focusChangeCallback[30] 
11-28 15:19:54.317 D/cocos2d-x debug info(14128): JS: [/2013] {/ä¸­å›½} (/æ‚¬ç–‘)
11-28 15:19:54.317 D/cocos2d-x debug info(14128): cocos2d: fullPathForFilename: No file found at Arial. Possible missing file.
11-28 15:19:54.377 D/dalvikvm(14128): GC_FOR_ALLOC freed 1243K, 64% free 6811K/18508K, paused 21ms, total 22ms
11-28 15:19:54.377 I/dalvikvm-heap(14128): Grow heap (frag case) to 8.245MB for 1040016-byte allocation
11-28 15:19:54.397 D/dalvikvm(14128): GC_FOR_ALLOC freed <1K, 58% free 7826K/18508K, paused 23ms, total 23ms
11-28 15:19:54.417 D/mdns    ( 4397): mDNS_Execute
11-28 15:19:54.417 D/mdns    ( 4397): mDNS_Execute: Setting NewLocalRecords to NULL
11-28 15:19:54.417 D/mdns    ( 4397): Announcing 006d0e03a545@MiniMax._raop._tcp.local. (TXT) 3
11-28 15:19:54.417 D/mdns    ( 4397): Announcing _services._dns-sd._udp.local. (PTR) 3
11-28 15:19:54.417 D/mdns    ( 4397): Announcing _raop._tcp.local. (PTR) 3
11-28 15:19:54.417 D/mdns    ( 4397): Announcing MiniMax._airplay._tcp.local. (TXT) 3
11-28 15:19:54.417 D/mdns    ( 4397): Announcing _services._dns-sd._udp.local. (PTR) 3
11-28 15:19:54.417 D/mdns    ( 4397): Announcing _airplay._tcp.local. (PTR) 3
11-28 15:19:54.417 D/mdns    ( 4397): Announcing 006d0e03a545@MiniMax._raop._tcp.local. (SRV) 3
11-28 15:19:54.417 D/mdns    ( 4397): Announcing MiniMax._airplay._tcp.local. (SRV) 3
11-28 15:19:54.417 D/mdns    ( 4397): Announcing 147.13.16.172.in-addr.arpa. (PTR) 3
11-28 15:19:54.417 D/mdns    ( 4397): Announcing 5.4.5.A.3.0.E.F.F.F.E.0.D.6.2.0.0.0.0.0.0.0.0.0.0.0.0.0.0.8.E.F.ip6.arpa. (PTR) 3
11-28 15:19:54.417 D/mdns    ( 4397): Announcing Android-2.local. (Addr) 3
11-28 15:19:54.417 D/mdns    ( 4397): Announcing Android-2.local. (AAAA) 3
11-28 15:19:54.417 D/mdns    ( 4397): SendResponses put     24 . OPT Max 1440 Vers 0 Seq   0 MAC 00:00:00:00:00:00 I-MAC 2D:32:05:6C:6F:63
11-28 15:19:54.417 D/mdns    ( 4397): SendResponses: Sending 0 Deregistrations, 12 Announcements, 0 Answers, 6 Additionals on 412B8768
11-28 15:19:54.417 D/mdns    ( 4397): SendResponses: Next in 16384 ticks
11-28 15:19:54.417 D/mdns    ( 4397): SocketDataReady got a packet from 172.16.13.147 to 224.0.0.251 on interface 172.16.13.147/wlan0/7/280
11-28 15:19:54.417 D/mdns    ( 4397): Received Response from 172.16.13.147   addressed to 224.0.0.251     on 412B8768 with  0 Questions, 12 Answers,  0 Authorities,  6 Additionals 690 bytes LLQType 0
11-28 15:19:54.417 D/mdns    ( 4397): Found record size   115 interface 412B8768 already in cache:  115 006d0e03a545@MiniMax._raop._tcp.local. TXT ch=2Â¦cn=0,1Â¦da=trueÂ¦ek=1Â¦et=0,1Â¦md=0,1,2Â¦pw=falseÂ¦sm=falseÂ¦sr=44100Â¦ss=16Â¦sv=falseÂ¦tp=UDPÂ¦txtvers=
11-28 15:19:54.417 D/mdns    ( 4397): Found record size    75 interface 412B8768 already in cache:   75 MiniMax._airplay._tcp.local. TXT deviceid=00:6d:0e:03:a5:45Â¦features=0x2077Â¦model=AppleTV2,1Â¦srcvers=101.28
11-28 15:19:54.417 D/mdns    ( 4397): Found record size    78 interface 412B8768 already in cache:   78 5.4.5.A.3.0.E.F.F.F.E.0.D.6.2.0.0.0.0.0.0.0.0.0.0.0.0.0.0.8.E.F.ip6.arpa. NSEC PTR 
11-28 15:19:54.417 D/mdns    ( 4397): SocketDataReady got a packet from FE80:0000:0000:0000:026D:0EFF:FE03:A545 to FF02:0000:0000:0000:0000:0000:0000:00FB on interface 172.16.13.147/wlan0/7/281
11-28 15:19:54.417 D/mdns    ( 4397): Received Response from FE80:0000:0000:0000:026D:0EFF:FE03:A545 addressed to FF02:0000:0000:0000:0000:0000:0000:00FB on 412B8768 with  0 Questions, 12 Answers,  0 Authorities,  6 Additionals 690 bytes LLQType 0
11-28 15:19:54.417 D/mdns    ( 4397): Found record size   115 interface 412B8768 already in cache:  115 006d0e03a545@MiniMax._raop._tcp.local. TXT ch=2Â¦cn=0,1Â¦da=trueÂ¦ek=1Â¦et=0,1Â¦md=0,1,2Â¦pw=falseÂ¦sm=falseÂ¦sr=44100Â¦ss=16Â¦sv=falseÂ¦tp=UDPÂ¦txtvers=
11-28 15:19:54.417 D/mdns    ( 4397): Found record size    75 interface 412B8768 already in cache:   75 MiniMax._airplay._tcp.local. TXT deviceid=00:6d:0e:03:a5:45Â¦features=0x2077Â¦model=AppleTV2,1Â¦srcvers=101.28
11-28 15:19:54.417 D/mdns    ( 4397): Found record size    78 interface 412B8768 already in cache:   78 5.4.5.A.3.0.E.F.F.F.E.0.D.6.2.0.0.0.0.0.0.0.0.0.0.0.0.0.0.8.E.F.ip6.arpa. NSEC PTR 
11-28 15:19:54.437 D/dalvikvm(14128): GC_CONCURRENT freed 2K, 53% free 8840K/18508K, paused 2ms+6ms, total 33ms
11-28 15:19:54.437 D/cocos2d-x debug info(14128): JS: updateMediaDescription:[] 8
11-28 15:19:54.467 D/cocos2d-x debug info(14128): trace_frame: 22.102379
11-28 15:19:54.487 D/launcher_auto(14128): launcher_auto: sendkey and wait.
11-28 15:19:54.517 D/mdns    ( 4397): mDNS_Execute
11-28 15:19:54.517 D/mdns    ( 4397): mDNS_Execute: Setting NewLocalRecords to NULL
11-28 15:19:54.577 D/cocos2d-x debug info(14128): trace_frame: 65.385124
11-28 15:19:54.677 D/cocos2d-x debug info(14128): trace_frame: 59.994602
11-28 15:19:54.777 D/cocos2d-x debug info(14128): trace_frame: 59.994598
11-28 15:19:54.877 D/cocos2d-x debug info(14128): trace_frame: 59.474842
11-28 15:19:54.977 D/cocos2d-x debug info(14128): trace_frame: 59.901157
11-28 15:19:54.987 D/cocos2d-x debug info(14128): JS: loadActionData:onKeyPress begin
11-28 15:19:54.987 D/cocos2d-x debug info(14128): JS: mTabFocusChangeCallaback:handleDirectionKey-ddd
11-28 15:19:54.997 D/cocos2d-x debug info(14128): JS: mTabFocusChangeCallaback:~~~~~~~~~~~~~~~~156
11-28 15:19:54.997 D/cocos2d-x debug info(14128): JS: FunTableView:onClick key=156, isPress=true
11-28 15:19:54.997 D/cocos2d-x debug info(14128): JS: OnClick: Direction_Left press...
11-28 15:19:54.997 D/cocos2d-x debug info(14128): JS: onKeyPressLeft
11-28 15:19:54.997 D/cocos2d-x debug info(14128): JS: turnPage: toRight false
11-28 15:19:54.997 D/cocos2d-x debug info(14128): JS: jumpFocus
11-28 15:19:54.997 D/cocos2d-x debug info(14128): JS: zhangmd:FunTableView:calculateFullVisibleIndex begain,startidx=30,endidx=34,startidx2=25,endidx2=29
11-28 15:19:54.997 D/cocos2d-x debug info(14128): JS: loadActionData:onKeyPress end
11-28 15:19:54.997 D/cocos2d-x debug info(14128): JS: loadActionData:handleRepeatKey begin
11-28 15:19:55.007 D/cocos2d-x debug info(14128): JS: FunTableView:onClick key=156, isPress=false
11-28 15:19:55.037 D/cocos2d-x debug info(14128): JS: RetrieveListAdapter: isItemTypeOf(22)=true
11-28 15:19:55.037 D/cocos2d-x debug info(14128): JS: funImageLoader.loadImage: url=http://img.funshion.com/pictures/media/list/103/774/103774_360_504_ott_poster.jpg?1417072237
11-28 15:19:55.047 D/JniHelper(14128): JniHelper::getJavaVM(), pthread_self() = 1529184920
11-28 15:19:55.047 D/cocos2d-x debug info(14128): cocos2d: fullPathForFilename: No file found at Arial. Possible missing file.
11-28 15:19:55.047 D/cocos2d-x debug info(14128): cocos2d: fullPathForFilename: No file found at Arial. Possible missing file.
11-28 15:19:55.067 D/cocos2d-x debug info(14128): nativeTes2Callback  [001]funImageLoader.callback('/data/data/tv.fun.launcher/files/fun_download/0e/16f10fbdb76f0a5ecba14555357f1c.png', '0e16f10fbdb76f0a5ecba14555357f1c')
11-28 15:19:55.077 D/cocos2d-x debug info(14128): trace_frame: 57.060238
11-28 15:19:55.107 D/cocos2d-x debug info(14128): JS: RetrieveListAdapter: isItemTypeOf(21)=true
11-28 15:19:55.107 D/cocos2d-x debug info(14128): JS: funImageLoader.loadImage: url=http://img.funshion.com/pictures/media/list/898/02/89802_360_504_ott_poster.jpg?1408539756
11-28 15:19:55.107 D/JniHelper(14128): JniHelper::getJavaVM(), pthread_self() = 1529184920
11-28 15:19:55.117 D/cocos2d-x debug info(14128): cocos2d: fullPathForFilename: No file found at Arial. Possible missing file.
11-28 15:19:55.117 D/cocos2d-x debug info(14128): cocos2d: fullPathForFilename: No file found at Arial. Possible missing file.
11-28 15:19:55.137 D/cocos2d-x debug info(14128): nativeTes2Callback  [001]funImageLoader.callback('/data/data/tv.fun.launcher/files/fun_download/f6/59de714bca008935ed073dfd29282b.png', 'f659de714bca008935ed073dfd29282b')
11-28 15:19:55.177 D/cocos2d-x debug info(14128): JS: RetrieveListAdapter: isItemTypeOf(20)=true
11-28 15:19:55.177 D/cocos2d-x debug info(14128): JS: funImageLoader.loadImage: url=http://img.funshion.com/pictures/media/list/103/904/103904_360_504_ott_poster.jpg?1407924711
11-28 15:19:55.177 D/JniHelper(14128): JniHelper::getJavaVM(), pthread_self() = 1529184920
11-28 15:19:55.187 D/cocos2d-x debug info(14128): cocos2d: fullPathForFilename: No file found at Arial. Possible missing file.
11-28 15:19:55.197 D/cocos2d-x debug info(14128): cocos2d: fullPathForFilename: No file found at Arial. Possible missing file.
11-28 15:19:55.207 D/cocos2d-x debug info(14128): nativeTes2Callback  [000]funImageLoader.callback('/data/data/tv.fun.launcher/files/fun_download/67/e0f2a46b32a3facd1179c30c6998e6.png', '67e0f2a46b32a3facd1179c30c6998e6')
11-28 15:19:55.207 D/cocos2d-x debug info(14128): trace_frame: 53.015842
11-28 15:19:55.257 D/cocos2d-x debug info(14128): JS: RetrieveListAdapter: isItemTypeOf(19)=true
11-28 15:19:55.257 D/cocos2d-x debug info(14128): JS: funImageLoader.loadImage: url=http://img.funshion.com/pictures/media/list/994/97/99497_360_504_ott_poster.jpg?1415260433
11-28 15:19:55.257 D/JniHelper(14128): JniHelper::getJavaVM(), pthread_self() = 1529184920
11-28 15:19:55.267 D/cocos2d-x debug info(14128): cocos2d: fullPathForFilename: No file found at Arial. Possible missing file.
11-28 15:19:55.277 D/cocos2d-x debug info(14128): cocos2d: fullPathForFilename: No file found at Arial. Possible missing file.
11-28 15:19:55.287 D/cocos2d-x debug info(14128): nativeTes2Callback  [001]funImageLoader.callback('/data/data/tv.fun.launcher/files/fun_download/db/529b9d53e4bfc45e73466dfacb4a79.png', 'db529b9d53e4bfc45e73466dfacb4a79')
11-28 15:19:55.327 D/cocos2d-x debug info(14128): trace_frame: 53.649506
11-28 15:19:55.367 D/cocos2d-x debug info(14128): JS: RetrieveListAdapter: isItemTypeOf(18)=true
11-28 15:19:55.377 D/cocos2d-x debug info(14128): JS: funImageLoader.loadImage: url=http://img.funshion.com/pictures/media/list/906/00/90600_360_504_ott_poster.jpg?1416968238
11-28 15:19:55.377 D/JniHelper(14128): JniHelper::getJavaVM(), pthread_self() = 1529184920
11-28 15:19:55.377 D/cocos2d-x debug info(14128): cocos2d: fullPathForFilename: No file found at Arial. Possible missing file.
11-28 15:19:55.387 D/cocos2d-x debug info(14128): cocos2d: fullPathForFilename: No file found at Arial. Possible missing file.
11-28 15:19:55.407 D/cocos2d-x debug info(14128): nativeTes2Callback  [001]funImageLoader.callback('/data/data/tv.fun.launcher/files/fun_download/06/06d1f852d0d1d82b247c0213c8dcb6.png', '0606d1f852d0d1d82b247c0213c8dcb6')
11-28 15:19:55.427 D/cocos2d-x debug info(14128): trace_frame: 57.358631
11-28 15:19:55.497 D/launcher_auto(14128): launcher_auto: sendkey and wait.
11-28 15:19:55.517 D/cocos2d-x debug info(14128): JS: RetrieveListAdapter: onTurnPage focusIdx=29
11-28 15:19:55.527 D/cocos2d-x debug info(14128): JS: turnPageCallback begin
11-28 15:19:55.527 D/cocos2d-x debug info(14128): JS: turnPageCallback begin~~~
11-28 15:19:55.527 D/cocos2d-x debug info(14128): JS: updateMediaDescription:turnPageCallback[] 
11-28 15:19:55.527 D/cocos2d-x debug info(14128): JS: turnPageCallback end
11-28 15:19:55.527 D/cocos2d-x debug info(14128): cocos2d: TextureCache: removing unused texture: /data/data/tv.fun.launcher/files/fun_download/5b/4c2b1b5f9dbb88f0a07f0fd3649c09.png
11-28 15:19:55.537 D/cocos2d-x debug info(14128): cocos2d: TextureCache: removing unused texture: /data/data/tv.fun.launcher/files/fun_download/24/73ec18b7ddd817394c009fc81d336e.png
11-28 15:19:55.537 D/cocos2d-x debug info(14128): cocos2d: TextureCache: removing unused texture: /data/data/tv.fun.launcher/files/fun_download/65/33b4d830971e2e48386e81d2e907d2.png
11-28 15:19:55.537 D/cocos2d-x debug info(14128): cocos2d: TextureCache: removing unused texture: /data/data/tv.fun.launcher/files/fun_download/4d/5f3ac8e6c4183da71456b639eb68bb.png
11-28 15:19:55.557 D/cocos2d-x debug info(14128): trace_frame: 54.443779
11-28 15:19:55.607 D/cocos2d-x debug info(14128): JS: updateMediaDescription:focusChangeCallback[29] 
11-28 15:19:55.617 D/cocos2d-x debug info(14128): JS: [/2011] {/ç¾Žå›½} (/åŠ¨ä½œ)
11-28 15:19:55.617 D/cocos2d-x debug info(14128): cocos2d: fullPathForFilename: No file found at Arial. Possible missing file.
11-28 15:19:55.677 D/dalvikvm(14128): GC_FOR_ALLOC freed 3131K, 64% free 6818K/18508K, paused 21ms, total 21ms
11-28 15:19:55.677 I/dalvikvm-heap(14128): Grow heap (frag case) to 8.250MB for 1040016-byte allocation
11-28 15:19:55.697 D/dalvikvm(14128): GC_CONCURRENT freed <1K, 58% free 7833K/18508K, paused 3ms+3ms, total 25ms
11-28 15:19:55.697 D/dalvikvm(14128): WAIT_FOR_CONCURRENT_GC blocked 22ms
11-28 15:19:55.697 D/dalvikvm(14128): WAIT_FOR_CONCURRENT_GC blocked 22ms
11-28 15:19:55.727 D/cocos2d-x debug info(14128): JS: updateMediaDescription:[] 8
11-28 15:19:55.757 D/cocos2d-x debug info(14128): trace_frame: 25.483030
11-28 15:19:55.767 D/dalvikvm(14128): GC_CONCURRENT freed 2040K, 63% free 6912K/18508K, paused 5ms+3ms, total 37ms
11-28 15:19:55.847 D/mdns    ( 4397): SocketDataReady got a packet from 172.16.13.15 to 224.0.0.251 on interface 172.16.13.147/wlan0/7/280
11-28 15:19:55.847 D/mdns    ( 4397): Received Response from 172.16.13.15    addressed to 224.0.0.251     on 412B8768 with  0 Questions,  7 Answers,  0 Authorities,  1 Additional  274 bytes LLQType 0
11-28 15:19:55.847 D/mdns    ( 4397): SocketDataReady got a packet from FE80:0000:0000:0000:0028:277C:51D1:E1B2 to FF02:0000:0000:0000:0000:0000:0000:00FB on interface 172.16.13.147/wlan0/7/281
11-28 15:19:55.847 D/mdns    ( 4397): Received Response from FE80:0000:0000:0000:0028:277C:51D1:E1B2 addressed to FF02:0000:0000:0000:0000:0000:0000:00FB on 412B8768 with  0 Questions,  7 Answers,  0 Authorities,  1 Additional  274 bytes LLQType 0
11-28 15:19:55.847 D/mdns    ( 4397): Found record size    70 interface 412B8768 already in cache:   70 _apple-mobdev2._tcp.local. PTR a8:88:08:4f:2c:68@fe80::aa88:8ff:fe4f:2c68._apple-mobdev2._tcp.local.
11-28 15:19:55.847 D/mdns    ( 4397): Found record size    70 interface 412B8768 already in cache:   70 8f6307ba._sub._apple-mobdev2._tcp.local. PTR a8:88:08:4f:2c:68@fe80::aa88:8ff:fe4f:2c68._apple-mobdev2._tcp.local.
11-28 15:19:55.847 D/mdns    ( 4397): Found record size    70 interface 412B8768 already in cache:   70 52b105bb._sub._apple-mobdev2._tcp.local. PTR a8:88:08:4f:2c:68@fe80::aa88:8ff:fe4f:2c68._apple-mobdev2._tcp.local.
11-28 15:19:55.857 W/jmdns   (22184): There was an OPT answer. Not currently handled. Option code: 65002 data: 1870723BBAEE7544
11-28 15:19:55.857 D/cocos2d-x debug info(14128): trace_frame: 66.990776
11-28 15:19:55.977 D/cocos2d-x debug info(14128): trace_frame: 60.282982
11-28 15:19:56.007 D/cocos2d-x debug info(14128): JS: loadActionData:onKeyPress begin
11-28 15:19:56.007 D/cocos2d-x debug info(14128): JS: mTabFocusChangeCallaback:handleDirectionKey-ddd
11-28 15:19:56.007 D/cocos2d-x debug info(14128): JS: mTabFocusChangeCallaback:~~~~~~~~~~~~~~~~156
11-28 15:19:56.007 D/cocos2d-x debug info(14128): JS: FunTableView:onClick key=156, isPress=true
11-28 15:19:56.007 D/cocos2d-x debug info(14128): JS: OnClick: Direction_Left press...
11-28 15:19:56.007 D/cocos2d-x debug info(14128): JS: onKeyPressLeft
11-28 15:19:56.017 D/cocos2d-x debug info(14128): JS: moveFocus
11-28 15:19:56.017 D/cocos2d-x debug info(14128): JS: zhangmd:FunTableView:moveFocus, fromsize is:(310,512),tosize is:(310,512)
11-28 15:19:56.017 D/cocos2d-x debug info(14128): JS: loadActionData:onKeyPress end
11-28 15:19:56.017 D/cocos2d-x debug info(14128): JS: loadActionData:handleRepeatKey begin
11-28 15:19:56.017 D/cocos2d-x debug info(14128): JS: FunTableView:onClick key=156, isPress=false
