11-28 15:19:17.777 D/mdns    ( 4397): Found record size    78 interface 412B8360 already in cache:   78 5.4.5.A.3.0.E.F.F.F.E.0.D.6.2.0.0.0.0.0.0.0.0.0.0.0.0.0.0.8.E.F.ip6.arpa. NSEC PTR 
11-28 15:19:17.777 D/mdns    ( 4397): SocketDataReady got a packet from FE80:0000:0000:0000:026D:0EFF:FE03:A545 to FF02:0000:0000:0000:0000:0000:0000:00FB on interface 172.16.13.147/wlan0/7/277
11-28 15:19:17.777 D/mdns    ( 4397): Received Response from FE80:0000:0000:0000:026D:0EFF:FE03:A545 addressed to FF02:0000:0000:0000:0000:0000:0000:00FB on 412B8360 with  0 Questions, 12 Answers,  0 Authorities,  6 Additionals 690 bytes LLQType 0
11-28 15:19:17.777 D/mdns    ( 4397): Found record size   115 interface 412B8360 already in cache:  115 006d0e03a545@MiniMax._raop._tcp.local. TXT ch=2Â¦cn=0,1Â¦da=trueÂ¦ek=1Â¦et=0,1Â¦md=0,1,2Â¦pw=falseÂ¦sm=falseÂ¦sr=44100Â¦ss=16Â¦sv=falseÂ¦tp=UDPÂ¦txtvers=
11-28 15:19:17.777 D/mdns    ( 4397): Found record size    75 interface 412B8360 already in cache:   75 MiniMax._airplay._tcp.local. TXT deviceid=00:6d:0e:03:a5:45Â¦features=0x2077Â¦model=AppleTV2,1Â¦srcvers=101.28
11-28 15:19:17.777 D/mdns    ( 4397): Found record size    78 interface 412B8360 already in cache:   78 5.4.5.A.3.0.E.F.F.F.E.0.D.6.2.0.0.0.0.0.0.0.0.0.0.0.0.0.0.8.E.F.ip6.arpa. NSEC PTR 
11-28 15:19:17.837 D/cocos2d-x debug info(14128): trace_frame: 68.783226
11-28 15:19:17.867 D/mdns    ( 4397): mDNS_Execute
11-28 15:19:17.867 D/mdns    ( 4397): mDNS_Execute: Setting NewLocalRecords to NULL
11-28 15:19:17.937 D/cocos2d-x debug info(14128): trace_frame: 59.945454
11-28 15:19:17.967 D/mdns    ( 4397): SocketDataReady got a packet from 172.16.13.131 to 224.0.0.251 on interface 172.16.13.147/wlan0/7/276
11-28 15:19:17.967 D/mdns    ( 4397): Received Response from 172.16.13.131   addressed to 224.0.0.251     on 412B8360 with  0 Questions,  1 Answer,   0 Authorities,  0 Additionals 38 bytes LLQType 0
11-28 15:19:18.037 D/cocos2d-x debug info(14128): JS: updateMediaDescription:focusChangeCallback[4] 
11-28 15:19:18.047 D/cocos2d-x debug info(14128): JS: [/2014] {/ä¸­å›½} (/å‰§æƒ…)
11-28 15:19:18.047 D/cocos2d-x debug info(14128): cocos2d: fullPathForFilename: No file found at Arial. Possible missing file.
11-28 15:19:18.127 D/dalvikvm(14128): GC_FOR_ALLOC freed 2251K, 38% free 11653K/18508K, paused 22ms, total 22ms
11-28 15:19:18.137 D/cocos2d-x debug info(14128): JS: updateMediaDescription:[] 8
11-28 15:19:18.157 D/cocos2d-x debug info(14128): trace_frame: 31.907379
11-28 15:19:18.227 D/launcher_auto(14128): launcher_auto: sendkey and wait.
11-28 15:19:18.267 D/cocos2d-x debug info(14128): trace_frame: 61.498997
11-28 15:19:18.367 D/cocos2d-x debug info(14128): trace_frame: 59.947849
11-28 15:19:18.487 D/cocos2d-x debug info(14128): trace_frame: 59.978748
11-28 15:19:18.607 D/cocos2d-x debug info(14128): trace_frame: 60.050270
11-28 15:19:18.707 D/cocos2d-x debug info(14128): trace_frame: 59.982605
11-28 15:19:18.737 D/cocos2d-x debug info(14128): JS: loadActionData:onKeyPress begin
11-28 15:19:18.737 D/cocos2d-x debug info(14128): JS: mTabFocusChangeCallaback:handleDirectionKey-ddd
11-28 15:19:18.737 D/cocos2d-x debug info(14128): JS: mTabFocusChangeCallaback:~~~~~~~~~~~~~~~~157
11-28 15:19:18.737 D/cocos2d-x debug info(14128): JS: FunTableView:onClick key=157, isPress=true
11-28 15:19:18.737 D/cocos2d-x debug info(14128): JS: OnClick: Direction_Right press...
11-28 15:19:18.747 D/cocos2d-x debug info(14128): JS: onKeyPressRight
11-28 15:19:18.747 D/cocos2d-x debug info(14128): JS: turnPage: toRight true
11-28 15:19:18.747 D/cocos2d-x debug info(14128): JS: jumpFocus
11-28 15:19:18.747 D/cocos2d-x debug info(14128): JS: zhangmd:FunTableView:calculateFullVisibleIndex begain,startidx=0,endidx=4,startidx2=5,endidx2=9
11-28 15:19:18.747 D/cocos2d-x debug info(14128): JS: calculateLastPageIndex 1
11-28 15:19:18.747 D/cocos2d-x debug info(14128): JS: loadActionData:onKeyPress end
11-28 15:19:18.747 D/cocos2d-x debug info(14128): JS: loadActionData:handleRepeatKey begin
11-28 15:19:18.757 D/cocos2d-x debug info(14128): JS: FunTableView:onClick key=157, isPress=false
11-28 15:19:18.787 D/cocos2d-x debug info(14128): JS: RetrieveListAdapter: isItemTypeOf(12)=true
11-28 15:19:18.787 D/cocos2d-x debug info(14128): JS: funImageLoader.loadImage: url=http://img.funshion.com/pictures/media/list/732/82/73282_360_504_ott_poster.jpg?1415587330
11-28 15:19:18.797 D/JniHelper(14128): JniHelper::getJavaVM(), pthread_self() = 1529184920
11-28 15:19:18.797 D/cocos2d-x debug info(14128): cocos2d: fullPathForFilename: No file found at Arial. Possible missing file.
11-28 15:19:18.807 D/cocos2d-x debug info(14128): cocos2d: fullPathForFilename: No file found at Arial. Possible missing file.
11-28 15:19:18.827 D/cocos2d-x debug info(14128): nativeTes2Callback  [001]funImageLoader.callback('/data/data/tv.fun.launcher/files/fun_download/98/396960f0cf607d06ecc99414c4527e.png', '98396960f0cf607d06ecc99414c4527e')
11-28 15:19:18.827 D/cocos2d-x debug info(14128): trace_frame: 50.503773
11-28 15:19:18.837 D/dalvikvm(22184): GC_CONCURRENT freed 841K, 19% free 6639K/8124K, paused 3ms+4ms, total 58ms
11-28 15:19:18.837 D/dalvikvm(22184): WAIT_FOR_CONCURRENT_GC blocked 22ms
11-28 15:19:18.857 D/cocos2d-x debug info(14128): JS: RetrieveListAdapter: isItemTypeOf(13)=true
11-28 15:19:18.857 D/cocos2d-x debug info(14128): JS: funImageLoader.loadImage: url=http://img.funshion.com/pictures/media/list/116/694/116694_360_504_ott_poster.jpg?1415849476
11-28 15:19:18.857 D/JniHelper(14128): JniHelper::getJavaVM(), pthread_self() = 1529184920
11-28 15:19:18.867 D/cocos2d-x debug info(14128): cocos2d: fullPathForFilename: No file found at Arial. Possible missing file.
11-28 15:19:18.867 D/cocos2d-x debug info(14128): cocos2d: fullPathForFilename: No file found at Arial. Possible missing file.
11-28 15:19:18.887 D/cocos2d-x debug info(14128): nativeTes2Callback  [001]funImageLoader.callback('/data/data/tv.fun.launcher/files/fun_download/74/1769913d67c31335f0454bf7b3ee7c.png', '741769913d67c31335f0454bf7b3ee7c')
11-28 15:19:18.917 D/cocos2d-x debug info(14128): JS: RetrieveListAdapter: isItemTypeOf(14)=true
11-28 15:19:18.917 D/cocos2d-x debug info(14128): JS: funImageLoader.loadImage: url=http://img.funshion.com/pictures/media/list/112/239/112239_360_504_ott_poster.jpg?1415464683
11-28 15:19:18.927 D/JniHelper(14128): JniHelper::getJavaVM(), pthread_self() = 1529184920
11-28 15:19:18.927 D/cocos2d-x debug info(14128): cocos2d: fullPathForFilename: No file found at Arial. Possible missing file.
11-28 15:19:18.937 D/cocos2d-x debug info(14128): cocos2d: fullPathForFilename: No file found at Arial. Possible missing file.
11-28 15:19:18.947 D/cocos2d-x debug info(14128): nativeTes2Callback  [001]funImageLoader.callback('/data/data/tv.fun.launcher/files/fun_download/66/84411ad879f1a45dcdfdbff34acdb4.png', '6684411ad879f1a45dcdfdbff34acdb4')
11-28 15:19:18.947 D/cocos2d-x debug info(14128): trace_frame: 47.403477
11-28 15:19:19.007 D/cocos2d-x debug info(14128): JS: RetrieveListAdapter: isItemTypeOf(15)=true
11-28 15:19:19.007 D/cocos2d-x debug info(14128): JS: funImageLoader.loadImage: url=http://img.funshion.com/pictures/media/list/114/040/114040_360_504_ott_poster.jpg?1415806782
11-28 15:19:19.007 D/JniHelper(14128): JniHelper::getJavaVM(), pthread_self() = 1529184920
11-28 15:19:19.007 D/cocos2d-x debug info(14128): cocos2d: fullPathForFilename: No file found at Arial. Possible missing file.
11-28 15:19:19.017 D/cocos2d-x debug info(14128): cocos2d: fullPathForFilename: No file found at Arial. Possible missing file.
11-28 15:19:19.037 D/cocos2d-x debug info(14128): nativeTes2Callback  [001]funImageLoader.callback('/data/data/tv.fun.launcher/files/fun_download/e6/5da6d05f5cbe19bca0e35fe0a5f184.png', 'e65da6d05f5cbe19bca0e35fe0a5f184')
11-28 15:19:19.057 D/dalvikvm(14128): GC_CONCURRENT freed 2840K, 42% free 10764K/18508K, paused 4ms+3ms, total 37ms
11-28 15:19:19.057 D/cocos2d-x debug info(14128): trace_frame: 63.721535
11-28 15:19:19.107 D/cocos2d-x debug info(14128): JS: RetrieveListAdapter: isItemTypeOf(16)=true
11-28 15:19:19.107 D/cocos2d-x debug info(14128): JS: funImageLoader.loadImage: url=http://img.funshion.com/pictures/media/list/852/59/85259_360_504_ott_poster.jpg?1410161878
11-28 15:19:19.107 D/JniHelper(14128): JniHelper::getJavaVM(), pthread_self() = 1529184920
11-28 15:19:19.107 D/cocos2d-x debug info(14128): cocos2d: fullPathForFilename: No file found at Arial. Possible missing file.
11-28 15:19:19.117 D/cocos2d-x debug info(14128): cocos2d: fullPathForFilename: No file found at Arial. Possible missing file.
11-28 15:19:19.127 D/cocos2d-x debug info(14128): nativeTes2Callback  [001]funImageLoader.callback('/data/data/tv.fun.launcher/files/fun_download/42/82d07789c0991d766ccce708483e42.png', '4282d07789c0991d766ccce708483e42')
11-28 15:19:19.177 D/cocos2d-x debug info(14128): trace_frame: 62.769577
11-28 15:19:19.227 D/launcher_auto(14128): launcher_auto: sendkey and wait.
11-28 15:19:19.267 D/cocos2d-x debug info(14128): JS: RetrieveListAdapter: onTurnPage focusIdx=5
11-28 15:19:19.277 D/cocos2d-x debug info(14128): JS: turnPageCallback begin
11-28 15:19:19.277 D/cocos2d-x debug info(14128): JS: turnPageCallback begin~~~
11-28 15:19:19.277 D/cocos2d-x debug info(14128): JS: updateMediaDescription:turnPageCallback[] 
11-28 15:19:19.277 D/cocos2d-x debug info(14128): JS: turnPageCallback end
11-28 15:19:19.277 D/cocos2d-x debug info(14128): cocos2d: TextureCache: removing unused texture: /data/data/tv.fun.launcher/files/fun_download/9f/ee7d502ad3b836ab7a8e327cf7ba6f.png
11-28 15:19:19.277 D/cocos2d-x debug info(14128): cocos2d: TextureCache: removing unused texture: /data/data/tv.fun.launcher/files/fun_download/d7/8383b46fde0ad58e6f2c9937046a3e.png
11-28 15:19:19.277 D/cocos2d-x debug info(14128): cocos2d: TextureCache: removing unused texture: /data/data/tv.fun.launcher/files/fun_download/4a/d2af471869c9211aa0677aadbd8c5e.png
11-28 15:19:19.277 D/cocos2d-x debug info(14128): cocos2d: TextureCache: removing unused texture: /data/data/tv.fun.launcher/files/fun_download/38/636f8d14af4eabcc5597942fb19fff.png
11-28 15:19:19.277 D/cocos2d-x debug info(14128): cocos2d: TextureCache: removing unused texture: /data/data/tv.fun.launcher/files/fun_download/09/a237d17af5238badd7c2cbd444bc49.png
11-28 15:19:19.287 D/cocos2d-x debug info(14128): cocos2d: TextureCache: removing unused texture: /data/data/tv.fun.launcher/files/fun_download/e1/a257a2f676d205b45a717d1d31d3ba.png
11-28 15:19:19.287 D/cocos2d-x debug info(14128): cocos2d: TextureCache: removing unused texture: /data/data/tv.fun.launcher/files/fun_download/60/c5434a5bc4843dd1e4d162cdc88f44.png
11-28 15:19:19.287 D/cocos2d-x debug info(14128): cocos2d: TextureCache: removing unused texture: /data/data/tv.fun.launcher/files/fun_download/89/f1d896e04a12059a43cceb25002c9e.png
11-28 15:19:19.287 D/cocos2d-x debug info(14128): cocos2d: TextureCache: removing unused texture: /data/data/tv.fun.launcher/files/fun_download/4c/2eab0addd8c574bcfaba66fc02e9e9.png
11-28 15:19:19.287 D/cocos2d-x debug info(14128): cocos2d: TextureCache: removing unused texture: /data/data/tv.fun.launcher/files/fun_download/a4/86ef73e1d8fee5884faa83ab8f109f.png
11-28 15:19:19.287 D/cocos2d-x debug info(14128): cocos2d: TextureCache: removing unused texture: /data/data/tv.fun.launcher/files/fun_download/4c/0a43f8a4445df46d8452647b0a6732.png
11-28 15:19:19.287 D/cocos2d-x debug info(14128): cocos2d: TextureCache: removing unused texture: /data/data/tv.fun.launcher/files/fun_download/3f/431c0151361129cf607b4640ed962e.png
11-28 15:19:19.287 D/cocos2d-x debug info(14128): cocos2d: TextureCache: removing unused texture: /data/data/tv.fun.launcher/files/fun_download/2f/502286b3bf394d88f8fecb8c98e69d.png
11-28 15:19:19.287 D/cocos2d-x debug info(14128): cocos2d: TextureCache: removing unused texture: /data/data/tv.fun.launcher/files/fun_download/ba/a1a3116d0f28509cedbeb432aec338.png
11-28 15:19:19.297 D/cocos2d-x debug info(14128): cocos2d: TextureCache: removing unused texture: /data/data/tv.fun.launcher/files/fun_download/d9/32582dc75e2e18a1a5091ace155775.png
11-28 15:19:19.297 D/cocos2d-x debug info(14128): cocos2d: TextureCache: removing unused texture: /data/data/tv.fun.launcher/files/fun_download/b4/48a119829c77d89f0e2ed1e2876879.png
11-28 15:19:19.297 D/cocos2d-x debug info(14128): cocos2d: TextureCache: removing unused texture: /data/data/tv.fun.launcher/files/fun_download/02/0954d1c48e09b7b270beaf4801d340.png
11-28 15:19:19.297 D/cocos2d-x debug info(14128): cocos2d: TextureCache: removing unused texture: /data/data/tv.fun.launcher/files/fun_download/6e/8446d592fc5900c0275bc6be7a8e48.png
11-28 15:19:19.297 D/cocos2d-x debug info(14128): cocos2d: TextureCache: removing unused texture: /data/data/tv.fun.launcher/files/fun_download/61/e2e094c9164234181e35f88649a31d.png
11-28 15:19:19.297 D/cocos2d-x debug info(14128): cocos2d: TextureCache: removing unused texture: /data/data/tv.fun.launcher/files/fun_download/63/022226aa6a1d36e50b746164d6a8eb.png
11-28 15:19:19.297 D/cocos2d-x debug info(14128): cocos2d: TextureCache: removing unused texture: /data/data/tv.fun.launcher/files/fun_download/d5/83624ea04fc6d806e352cda179a9a8.png
11-28 15:19:19.297 D/cocos2d-x debug info(14128): cocos2d: TextureCache: removing unused texture: /data/data/tv.fun.launcher/files/fun_download/dc/cd903cc31ee0fa1a81b4c8d4f16ed4.png
11-28 15:19:19.297 D/cocos2d-x debug info(14128): cocos2d: TextureCache: removing unused texture: assets/res/img/icon_loading_buffer.png
11-28 15:19:19.297 D/cocos2d-x debug info(14128): cocos2d: TextureCache: removing unused texture: /data/data/tv.fun.launcher/files/fun_download/ff/3a4e472b6a57017fe45108c0573118.png
11-28 15:19:19.297 D/cocos2d-x debug info(14128): cocos2d: TextureCache: removing unused texture: /data/data/tv.fun.launcher/files/fun_download/2e/94ba606d5ecf8ccf7fbb957a07996f.png
11-28 15:19:19.307 D/cocos2d-x debug info(14128): cocos2d: TextureCache: removing unused texture: /data/data/tv.fun.launcher/files/fun_download/e8/b7e6ac5da16caca3ff94fc01e78358.png
11-28 15:19:19.307 D/cocos2d-x debug info(14128): cocos2d: TextureCache: removing unused texture: /data/data/tv.fun.launcher/files/fun_download/02/db6795c55c669b42d235f659233d33.png
11-28 15:19:19.307 D/cocos2d-x debug info(14128): cocos2d: TextureCache: removing unused texture: /data/data/tv.fun.launcher/files/fun_download/24/d9136c6666789424c374eca5f7eb9b.png
11-28 15:19:19.307 D/cocos2d-x debug info(14128): cocos2d: TextureCache: removing unused texture: /data/data/tv.fun.launcher/files/fun_download/c2/677a46dd17818f6b2564434cc727ba.png
11-28 15:19:19.307 D/cocos2d-x debug info(14128): cocos2d: TextureCache: removing unused texture: /data/data/tv.fun.launcher/files/fun_download/eb/701a686102a6aa0a684dcbd0796ee3.png
11-28 15:19:19.307 D/cocos2d-x debug info(14128): cocos2d: TextureCache: removing unused texture: /data/data/tv.fun.launcher/files/fun_download/8f/43a9c097dfd231f46ed3870313a982.png
11-28 15:19:19.307 D/cocos2d-x debug info(14128): cocos2d: TextureCache: removing unused texture: /data/data/tv.fun.launcher/files/fun_download/5c/c77adb8f17f9291b6e95fb042fe366.png
11-28 15:19:19.307 D/cocos2d-x debug info(14128): cocos2d: TextureCache: removing unused texture: /data/data/tv.fun.launcher/files/fun_download/e6/c320b10fa40a608957e2d2d4de99b8.png
11-28 15:19:19.307 D/cocos2d-x debug info(14128): cocos2d: TextureCache: removing unused texture: /data/data/tv.fun.launcher/files/fun_download/87/cc7620e9bf1452a87a015243022942.png
11-28 15:19:19.307 D/cocos2d-x debug info(14128): cocos2d: TextureCache: removing unused texture: /data/data/tv.fun.launcher/files/fun_download/90/c2a2ddfe2422257d39bd0c9f5d84fc.png
11-28 15:19:19.307 D/cocos2d-x debug info(14128): cocos2d: TextureCache: removing unused texture: /data/data/tv.fun.launcher/files/fun_download/5b/4c2b1b5f9dbb88f0a07f0fd3649c09.png
11-28 15:19:19.317 D/cocos2d-x debug info(14128): cocos2d: TextureCache: removing unused texture: /data/data/tv.fun.launcher/files/fun_download/06/06d1f852d0d1d82b247c0213c8dcb6.png
11-28 15:19:19.317 D/cocos2d-x debug info(14128): cocos2d: TextureCache: removing unused texture: /data/data/tv.fun.launcher/files/fun_download/67/e0f2a46b32a3facd1179c30c6998e6.png
11-28 15:19:19.317 D/cocos2d-x debug info(14128): cocos2d: TextureCache: removing unused texture: /data/data/tv.fun.launcher/files/fun_download/09/354869f06018ee57bc531cc6c741d1.png
11-28 15:19:19.317 D/cocos2d-x debug info(14128): cocos2d: TextureCache: removing unused texture: /data/data/tv.fun.launcher/files/fun_download/56/182691f88689ddc7636359a57e0aa5.png
11-28 15:19:19.317 D/cocos2d-x debug info(14128): cocos2d: TextureCache: removing unused texture: /data/data/tv.fun.launcher/files/fun_download/25/4cf09c4c5bf64e8d5bf1b782798342.png
11-28 15:19:19.317 D/cocos2d-x debug info(14128): cocos2d: TextureCache: removing unused texture: /data/data/tv.fun.launcher/files/fun_download/db/529b9d53e4bfc45e73466dfacb4a79.png
11-28 15:19:19.317 D/cocos2d-x debug info(14128): cocos2d: TextureCache: removing unused texture: /data/data/tv.fun.launcher/files/fun_download/0e/16f10fbdb76f0a5ecba14555357f1c.png
11-28 15:19:19.317 D/cocos2d-x debug info(14128): cocos2d: TextureCache: removing unused texture: /data/data/tv.fun.launcher/files/fun_download/9d/dd7818281ec44bb572ad14299113d2.png
11-28 15:19:19.317 D/cocos2d-x debug info(14128): cocos2d: TextureCache: removing unused texture: /data/data/tv.fun.launcher/files/fun_download/3c/faa3268dc9454256380b54bc2692ff.png
11-28 15:19:19.317 D/cocos2d-x debug info(14128): cocos2d: TextureCache: removing unused texture: /data/data/tv.fun.launcher/files/fun_download/f6/bd8329ad322b67c441ffbd403cee31.png
11-28 15:19:19.317 D/cocos2d-x debug info(14128): cocos2d: TextureCache: removing unused texture: /data/data/tv.fun.launcher/files/fun_download/22/fdb5b768380180b1a7cced455a06a4.png
11-28 15:19:19.327 D/cocos2d-x debug info(14128): cocos2d: TextureCache: removing unused texture: /data/data/tv.fun.launcher/files/fun_download/6c/52d0069ef0439e94e68054671936bd.png
11-28 15:19:19.327 D/cocos2d-x debug info(14128): cocos2d: TextureCache: removing unused texture: /data/data/tv.fun.launcher/files/fun_download/65/33b4d830971e2e48386e81d2e907d2.png
11-28 15:19:19.327 D/cocos2d-x debug info(14128): cocos2d: TextureCache: removing unused texture: /data/data/tv.fun.launcher/files/fun_download/c4/468b28d20547966f11b6089b3f8aea.png
11-28 15:19:19.327 D/cocos2d-x debug info(14128): cocos2d: TextureCache: removing unused texture: /data/data/tv.fun.launcher/files/fun_download/df/274245d5f1479a92c0d3a1a43f3d2f.png
11-28 15:19:19.327 D/cocos2d-x debug info(14128): cocos2d: TextureCache: removing unused texture: /data/data/tv.fun.launcher/files/fun_download/c4/529d061afad5cd557b463dc892f189.png
11-28 15:19:19.327 D/cocos2d-x debug info(14128): cocos2d: TextureCache: removing unused texture: /data/data/tv.fun.launcher/files/fun_download/23/04f37e6f08471de3605e2d58af6f50.png
11-28 15:19:19.327 D/cocos2d-x debug info(14128): cocos2d: TextureCache: removing unused texture: /data/data/tv.fun.launcher/files/fun_download/fe/2306938643185df10caea8f56ab2dd.png
11-28 15:19:19.327 D/cocos2d-x debug info(14128): cocos2d: TextureCache: removing unused texture: /data/data/tv.fun.launcher/files/fun_download/56/d7692877439ea426f8f7126cb17d2c.png
11-28 15:19:19.327 D/cocos2d-x debug info(14128): cocos2d: TextureCache: removing unused texture: /data/data/tv.fun.launcher/files/fun_download/4d/5f3ac8e6c4183da71456b639eb68bb.png
11-28 15:19:19.327 D/cocos2d-x debug info(14128): cocos2d: TextureCache: removing unused texture: /data/data/tv.fun.launcher/files/fun_download/77/186750547ef6a16cf09fdb84592c53.png
11-28 15:19:19.337 D/cocos2d-x debug info(14128): cocos2d: TextureCache: removing unused texture: /data/data/tv.fun.launcher/files/fun_download/a0/4b6b20f0a39279983e2c29513f0efd.png
11-28 15:19:19.337 D/cocos2d-x debug info(14128): cocos2d: TextureCache: removing unused texture: /data/data/tv.fun.launcher/files/fun_download/02/a88ed18edfff52dfe14dc15b3df444.png
11-28 15:19:19.337 D/cocos2d-x debug info(14128): cocos2d: TextureCache: removing unused texture: /data/data/tv.fun.launcher/files/fun_download/15/f7535271106408bf9719e887c38d30.png
11-28 15:19:19.337 D/cocos2d-x debug info(14128): cocos2d: TextureCache: removing unused texture: /data/data/tv.fun.launcher/files/fun_download/32/45cf3ec53ff8b657b77f4242c73d13.png
11-28 15:19:19.337 D/cocos2d-x debug info(14128): cocos2d: TextureCache: removing unused texture: /data/data/tv.fun.launcher/files/fun_download/c4/0f593b3bcd3147a41db1385f61af4a.png
11-28 15:19:19.337 D/cocos2d-x debug info(14128): cocos2d: TextureCache: removing unused texture: /data/data/tv.fun.launcher/files/fun_download/4d/85cf37acd9ddce921de7639b6ef56d.png
11-28 15:19:19.337 D/cocos2d-x debug info(14128): cocos2d: TextureCache: removing unused texture: /data/data/tv.fun.launcher/files/fun_download/3b/c2c817d6067a82ec914772aeb43b14.png
11-28 15:19:19.337 D/cocos2d-x debug info(14128): cocos2d: TextureCache: removing unused texture: /data/data/tv.fun.launcher/files/fun_download/16/4cb9794889a1da8c3bd21de44e1dcd.png
11-28 15:19:19.337 D/cocos2d-x debug info(14128): cocos2d: TextureCache: removing unused texture: /data/data/tv.fun.launcher/files/fun_download/0a/0f930177d0e058a2fb176df4a78ab6.png
11-28 15:19:19.337 D/cocos2d-x debug info(14128): cocos2d: TextureCache: removing unused texture: /data/data/tv.fun.launcher/files/fun_download/e5/25079519a7dd1b3e9d6e57f0716bc5.png
11-28 15:19:19.337 D/cocos2d-x debug info(14128): cocos2d: TextureCache: removing unused texture: /data/data/tv.fun.launcher/files/fun_download/61/bead918919db8dc074c4b7e108eb40.png
11-28 15:19:19.357 D/cocos2d-x debug info(14128): trace_frame: 38.633900
11-28 15:19:19.357 D/cocos2d-x debug info(14128): JS: updateMediaDescription:focusChangeCallback[5] 
11-28 15:19:19.377 D/cocos2d-x debug info(14128): JS: [/2014] {/ä¸­å›½} (/å–œå‰§)
11-28 15:19:19.377 D/cocos2d-x debug info(14128): cocos2d: fullPathForFilename: No file found at Arial. Possible missing file.
11-28 15:19:19.457 D/dalvikvm(14128): GC_FOR_ALLOC freed 492K, 38% free 11654K/18508K, paused 22ms, total 22ms
11-28 15:19:19.467 D/cocos2d-x debug info(14128): JS: updateMediaDescription:[] 8
11-28 15:19:19.487 D/cocos2d-x debug info(14128): trace_frame: 15.224293
11-28 15:19:19.587 D/cocos2d-x debug info(14128): trace_frame: 67.283752
11-28 15:19:19.687 D/cocos2d-x debug info(14128): trace_frame: 59.970612
11-28 15:19:19.737 D/cocos2d-x debug info(14128): JS: loadActionData:onKeyPress begin
11-28 15:19:19.737 D/cocos2d-x debug info(14128): JS: mTabFocusChangeCallaback:handleDirectionKey-ddd
11-28 15:19:19.737 D/cocos2d-x debug info(14128): JS: mTabFocusChangeCallaback:~~~~~~~~~~~~~~~~157
11-28 15:19:19.747 D/cocos2d-x debug info(14128): JS: FunTableView:onClick key=157, isPress=true
11-28 15:19:19.747 D/cocos2d-x debug info(14128): JS: OnClick: Direction_Right press...
11-28 15:19:19.747 D/cocos2d-x debug info(14128): JS: onKeyPressRight
11-28 15:19:19.747 D/cocos2d-x debug info(14128): JS: moveFocus
11-28 15:19:19.747 D/cocos2d-x debug info(14128): JS: zhangmd:FunTableView:moveFocus, fromsize is:(310,512),tosize is:(310,512)
11-28 15:19:19.747 D/cocos2d-x debug info(14128): JS: loadActionData:onKeyPress end
11-28 15:19:19.747 D/cocos2d-x debug info(14128): JS: loadActionData:handleRepeatKey begin
11-28 15:19:19.747 D/cocos2d-x debug info(14128): JS: FunTableView:onClick key=157, isPress=false
11-28 15:19:19.807 D/cocos2d-x debug info(14128): trace_frame: 59.041332
11-28 15:19:19.927 D/cocos2d-x debug info(14128): trace_frame: 60.374493
11-28 15:19:20.037 D/cocos2d-x debug info(14128): trace_frame: 60.659092
11-28 15:19:20.057 D/cocos2d-x debug info(14128): JS: updateMediaDescription:focusChangeCallback[6] 
11-28 15:19:20.067 D/cocos2d-x debug info(14128): JS: [/2014] {/ä¸­å›½} (/çˆ±æƒ…)
11-28 15:19:20.067 D/cocos2d-x debug info(14128): cocos2d: fullPathForFilename: No file found at Arial. Possible missing file.
11-28 15:19:20.127 D/dalvikvm(14128): GC_FOR_ALLOC freed 2251K, 43% free 10637K/18508K, paused 22ms, total 22ms
11-28 15:19:20.157 D/cocos2d-x debug info(14128): JS: updateMediaDescription:[] 8
11-28 15:19:20.167 D/dalvikvm(14128): GC_CONCURRENT freed 3K, 32% free 12667K/18508K, paused 3ms+3ms, total 29ms
11-28 15:19:20.167 D/dalvikvm(14128): WAIT_FOR_CONCURRENT_GC blocked 11ms
11-28 15:19:20.187 D/cocos2d-x debug info(14128): trace_frame: 13.679235
11-28 15:19:20.237 D/launcher_auto(14128): launcher_auto: sendkey and wait.
11-28 15:19:20.287 D/cocos2d-x debug info(14128): trace_frame: 67.184311
11-28 15:19:20.317 D/dalvikvm(22184): GC_CONCURRENT freed 738K, 19% free 6653K/8124K, paused 3ms+5ms, total 48ms
11-28 15:19:20.407 D/cocos2d-x debug info(14128): trace_frame: 60.164337
11-28 15:19:20.527 D/cocos2d-x debug info(14128): trace_frame: 60.033279
11-28 15:19:20.627 D/cocos2d-x debug info(14128): trace_frame: 59.445374
11-28 15:19:20.737 D/cocos2d-x debug info(14128): JS: loadActionData:onKeyPress begin
11-28 15:19:20.737 D/cocos2d-x debug info(14128): JS: mTabFocusChangeCallaback:handleDirectionKey-ddd
11-28 15:19:20.737 D/cocos2d-x debug info(14128): JS: mTabFocusChangeCallaback:~~~~~~~~~~~~~~~~157
11-28 15:19:20.747 D/cocos2d-x debug info(14128): JS: FunTableView:onClick key=157, isPress=true
11-28 15:19:20.747 D/cocos2d-x debug info(14128): JS: OnClick: Direction_Right press...
11-28 15:19:20.747 D/cocos2d-x debug info(14128): JS: onKeyPressRight
11-28 15:19:20.747 D/cocos2d-x debug info(14128): JS: moveFocus
11-28 15:19:20.747 D/cocos2d-x debug info(14128): JS: zhangmd:FunTableView:moveFocus, fromsize is:(310,512),tosize is:(310,512)
11-28 15:19:20.747 D/cocos2d-x debug info(14128): JS: loadActionData:onKeyPress end
11-28 15:19:20.747 D/cocos2d-x debug info(14128): JS: loadActionData:handleRepeatKey begin
11-28 15:19:20.747 D/cocos2d-x debug info(14128): JS: FunTableView:onClick key=157, isPress=false
11-28 15:19:20.757 D/cocos2d-x debug info(14128): trace_frame: 53.725479
11-28 15:19:20.857 D/cocos2d-x debug info(14128): trace_frame: 68.499184
11-28 15:19:20.977 D/cocos2d-x debug info(14128): trace_frame: 60.029671
11-28 15:19:21.057 D/cocos2d-x debug info(14128): JS: updateMediaDescription:focusChangeCallback[7] 
11-28 15:19:21.067 D/cocos2d-x debug info(14128): JS: [/2013] {/ä¸­å›½é¦™æ¸¯} (/å–œå‰§)
11-28 15:19:21.067 D/cocos2d-x debug info(14128): cocos2d: fullPathForFilename: No file found at Arial. Possible missing file.
11-28 15:19:21.137 D/dalvikvm(14128): GC_FOR_ALLOC freed 2264K, 38% free 11653K/18508K, paused 22ms, total 22ms
11-28 15:19:21.147 D/cocos2d-x debug info(14128): JS: updateMediaDescription:[] 8
11-28 15:19:21.167 D/cocos2d-x debug info(14128): trace_frame: 31.002306
11-28 15:19:21.237 D/launcher_auto(14128): launcher_auto: sendkey and wait.
11-28 15:19:21.267 D/cocos2d-x debug info(14128): JS: setActivePosition-@5
11-28 15:19:21.267 D/cocos2d-x debug info(14128): JS: getFocusId:1
11-28 15:19:21.267 D/cocos2d-x debug info(14128): JS: setActivePosition-actionData@http://ott-api.fun.tv/api/v2/retrive?mtype=movie&region=all&tag=all&rdate=all&order=daynum&statdate=all&pg=1&pz=100&pv=101
11-28 15:19:21.267 D/cocos2d-x debug info(14128): JS: isStaffActionData:put[http://ott-api.fun.tv/api/v2/retrive?mtype=movie&region=all&tag=all&rdate=all&order=daynum&statdate=all&pg=1&pz=100&pv=101]
11-28 15:19:21.267 D/cocos2d-x debug info(14128): JS: setActivePosition-url@http://ott-api.fun.tv/api/v2/retrive?mtype=movie&region=all&tag=all&rdate=all&order=daynum&statdate=all&pg=1&pz=100&pv=101&show_tb=0
11-28 15:19:21.267 D/JniHelper(14128): JniHelper::getJavaVM(), pthread_self() = 1529184920
11-28 15:19:21.277 D/cocos2d-x debug info(14128): JS: setActivePosition-end[http://ott-api.fun.tv/api/v2/retrive?mtype=movie&region=all&tag=all&rdate=all&order=daynum&statdate=all&pg=1&pz=100&pv=101&show_tb=0]
11-28 15:19:21.277 D/cocos2d-x debug info(14128): trace_frame: 65.669121
11-28 15:19:21.277 D/restartPreDownloadPic(14128): direction--0--startPosition--10
11-28 15:19:21.297 D/mdns    ( 4397): SocketDataReady got a packet from 172.16.13.138 to 224.0.0.251 on interface 172.16.13.147/wlan0/7/276
11-28 15:19:21.297 D/mdns    ( 4397): Received Response from 172.16.13.138   addressed to 224.0.0.251     on 412B8360 with  0 Questions,  1 Answer,   0 Authorities,  1 Additional  79 bytes LLQType 0
11-28 15:19:21.297 D/mdns    ( 4397): SocketDataReady got a packet from FE80:0000:0000:0000:1C25:6F85:A9F7:57F1 to FF02:0000:0000:0000:0000:0000:0000:00FB on interface 172.16.13.147/wlan0/7/277
11-28 15:19:21.297 D/mdns    ( 4397): Received Response from FE80:0000:0000:0000:1C25:6F85:A9F7:57F1 addressed to FF02:0000:0000:0000:0000:0000:0000:00FB on 412B8360 with  0 Questions,  1 Answer,   0 Authorities,  1 Additional  79 bytes LLQType 0
11-28 15:19:21.297 W/jmdns   (22184): There was an OPT answer. Not currently handled. Option code: 65002 data: CE70B860C58B595D
11-28 15:19:21.377 D/cocos2d-x debug info(14128): trace_frame: 59.510231
11-28 15:19:21.487 D/cocos2d-x debug info(14128): trace_frame: 60.496590
11-28 15:19:21.587 D/cocos2d-x debug info(14128): trace_frame: 59.988602
11-28 15:19:21.647 D/mdns    ( 4397): SocketDataReady got a packet from 172.16.13.131 to 224.0.0.251 on interface 172.16.13.147/wlan0/7/276
11-28 15:19:21.647 D/mdns    ( 4397): Received Response from 172.16.13.131   addressed to 224.0.0.251     on 412B8360 with  0 Questions,  3 Answers,  0 Authorities,  0 Additionals 232 bytes LLQType 0
11-28 15:19:21.687 D/cocos2d-x debug info(14128): trace_frame: 59.915527
11-28 15:19:21.757 D/cocos2d-x debug info(14128): JS: loadActionData:onKeyPress begin
11-28 15:19:21.757 D/cocos2d-x debug info(14128): JS: mTabFocusChangeCallaback:handleDirectionKey-ddd
11-28 15:19:21.757 D/cocos2d-x debug info(14128): JS: mTabFocusChangeCallaback:~~~~~~~~~~~~~~~~157
11-28 15:19:21.757 D/cocos2d-x debug info(14128): JS: FunTableView:onClick key=157, isPress=true
11-28 15:19:21.757 D/cocos2d-x debug info(14128): JS: OnClick: Direction_Right press...
11-28 15:19:21.757 D/cocos2d-x debug info(14128): JS: onKeyPressRight
11-28 15:19:21.757 D/cocos2d-x debug info(14128): JS: moveFocus
11-28 15:19:21.767 D/cocos2d-x debug info(14128): JS: zhangmd:FunTableView:moveFocus, fromsize is:(310,512),tosize is:(310,512)
11-28 15:19:21.767 D/cocos2d-x debug info(14128): JS: loadActionData:onKeyPress end
11-28 15:19:21.767 D/cocos2d-x debug info(14128): JS: loadActionData:handleRepeatKey begin
11-28 15:19:21.767 D/cocos2d-x debug info(14128): JS: FunTableView:onClick key=157, isPress=false
11-28 15:19:21.787 D/cocos2d-x debug info(14128): trace_frame: 59.903553
11-28 15:19:21.847 D/dalvikvm(22184): GC_FOR_ALLOC freed 463K, 19% free 6632K/8124K, paused 43ms, total 43ms
11-28 15:19:21.887 D/cocos2d-x debug info(14128): trace_frame: 59.990402
11-28 15:19:21.887 D/dalvikvm(22184): GC_FOR_ALLOC freed 92K, 19% free 6618K/8124K, paused 40ms, total 40ms
11-28 15:19:21.937 D/dalvikvm(22184): GC_FOR_ALLOC freed 92K, 19% free 6604K/8124K, paused 39ms, total 39ms
11-28 15:19:21.977 D/dalvikvm(22184): GC_FOR_ALLOC freed 189K, 19% free 6585K/8124K, paused 37ms, total 37ms
11-28 15:19:22.007 D/cocos2d-x debug info(14128): trace_frame: 60.113186
11-28 15:19:22.067 D/cocos2d-x debug info(14128): JS: updateMediaDescription:focusChangeCallback[8] 
11-28 15:19:22.077 D/cocos2d-x debug info(14128): JS: [/2014] {/å¾·å›½} (/åŠ¨ä½œ)
11-28 15:19:22.087 D/cocos2d-x debug info(14128): cocos2d: fullPathForFilename: No file found at Arial. Possible missing file.
11-28 15:19:22.137 D/dalvikvm(14128): GC_FOR_ALLOC freed 2792K, 44% free 10493K/18508K, paused 22ms, total 22ms
11-28 15:19:22.167 D/cocos2d-x debug info(14128): JS: updateMediaDescription:[] 8
11-28 15:19:22.177 D/dalvikvm(14128): GC_CONCURRENT freed 5K, 33% free 12521K/18508K, paused 2ms+3ms, total 28ms
11-28 15:19:22.177 D/dalvikvm(14128): WAIT_FOR_CONCURRENT_GC blocked 11ms
11-28 15:19:22.197 D/cocos2d-x debug info(14128): trace_frame: 25.848877
11-28 15:19:22.247 D/launcher_auto(14128): launcher_auto: sendkey and wait.
11-28 15:19:22.307 D/cocos2d-x debug info(14128): trace_frame: 65.736343
11-28 15:19:22.427 D/cocos2d-x debug info(14128): trace_frame: 60.036362
11-28 15:19:22.537 D/cocos2d-x debug info(14128): trace_frame: 60.010113
11-28 15:19:22.637 D/cocos2d-x debug info(14128): trace_frame: 59.976013
11-28 15:19:22.757 D/cocos2d-x debug info(14128): JS: loadActionData:onKeyPress begin
11-28 15:19:22.757 D/cocos2d-x debug info(14128): JS: mTabFocusChangeCallaback:handleDirectionKey-ddd
11-28 15:19:22.757 D/cocos2d-x debug info(14128): JS: mTabFocusChangeCallaback:~~~~~~~~~~~~~~~~157
11-28 15:19:22.757 D/cocos2d-x debug info(14128): JS: FunTableView:onClick key=157, isPress=true
11-28 15:19:22.757 D/cocos2d-x debug info(14128): JS: OnClick: Direction_Right press...
11-28 15:19:22.757 D/cocos2d-x debug info(14128): JS: onKeyPressRight
11-28 15:19:22.767 D/cocos2d-x debug info(14128): JS: moveFocus
11-28 15:19:22.767 D/cocos2d-x debug info(14128): JS: zhangmd:FunTableView:moveFocus, fromsize is:(310,512),tosize is:(310,512)
11-28 15:19:22.767 D/cocos2d-x debug info(14128): JS: loadActionData:onKeyPress end
11-28 15:19:22.767 D/cocos2d-x debug info(14128): JS: loadActionData:handleRepeatKey begin
11-28 15:19:22.767 D/cocos2d-x debug info(14128): JS: FunTableView:onClick key=157, isPress=false
11-28 15:19:22.767 D/cocos2d-x debug info(14128): trace_frame: 52.923653
11-28 15:19:22.877 D/cocos2d-x debug info(14128): trace_frame: 68.902390
11-28 15:19:22.987 D/cocos2d-x debug info(14128): trace_frame: 60.277275
11-28 15:19:23.067 D/cocos2d-x debug info(14128): JS: updateMediaDescription:focusChangeCallback[9] 
11-28 15:19:23.087 D/cocos2d-x debug info(14128): JS: [/2012] {/ä¸­å›½} (/å–œå‰§)
11-28 15:19:23.087 D/cocos2d-x debug info(14128): cocos2d: fullPathForFilename: No file found at Arial. Possible missing file.
11-28 15:19:23.157 D/dalvikvm(14128): GC_FOR_ALLOC freed 2238K, 38% free 11507K/18508K, paused 24ms, total 24ms
11-28 15:19:23.167 D/cocos2d-x debug info(14128): JS: updateMediaDescription:[] 8
11-28 15:19:23.187 D/cocos2d-x debug info(14128): trace_frame: 29.784216
11-28 15:19:23.257 D/launcher_auto(14128): launcher_auto: sendkey and wait.
11-28 15:19:23.297 D/cocos2d-x debug info(14128): trace_frame: 59.456566
11-28 15:19:23.407 D/cocos2d-x debug info(14128): trace_frame: 61.028767
11-28 15:19:23.527 D/cocos2d-x debug info(14128): trace_frame: 60.224895
11-28 15:19:23.627 D/cocos2d-x debug info(14128): trace_frame: 59.993401
11-28 15:19:23.737 D/cocos2d-x debug info(14128): trace_frame: 59.982861
11-28 15:19:23.767 D/cocos2d-x debug info(14128): JS: loadActionData:onKeyPress begin
11-28 15:19:23.767 D/cocos2d-x debug info(14128): JS: mTabFocusChangeCallaback:handleDirectionKey-ddd
11-28 15:19:23.777 D/cocos2d-x debug info(14128): JS: mTabFocusChangeCallaback:~~~~~~~~~~~~~~~~157
11-28 15:19:23.777 D/cocos2d-x debug info(14128): JS: FunTableView:onClick key=157, isPress=true
11-28 15:19:23.777 D/cocos2d-x debug info(14128): JS: OnClick: Direction_Right press...
11-28 15:19:23.777 D/cocos2d-x debug info(14128): JS: onKeyPressRight
11-28 15:19:23.777 D/cocos2d-x debug info(14128): JS: turnPage: toRight true
11-28 15:19:23.777 D/cocos2d-x debug info(14128): JS: jumpFocus
11-28 15:19:23.787 D/cocos2d-x debug info(14128): JS: zhangmd:FunTableView:calculateFullVisibleIndex begain,startidx=5,endidx=9,startidx2=10,endidx2=14
11-28 15:19:23.787 D/cocos2d-x debug info(14128): JS: calculateLastPageIndex 1
11-28 15:19:23.787 D/cocos2d-x debug info(14128): JS: loadActionData:onKeyPress end
11-28 15:19:23.787 D/cocos2d-x debug info(14128): JS: loadActionData:handleRepeatKey begin
11-28 15:19:23.787 D/cocos2d-x debug info(14128): JS: FunTableView:onClick key=157, isPress=false
11-28 15:19:23.817 D/cocos2d-x debug info(14128): JS: RetrieveListAdapter: isItemTypeOf(17)=true
11-28 15:19:23.817 D/cocos2d-x debug info(14128): JS: funImageLoader.loadImage: url=http://img.funshion.com/pictures/media/list/115/456/115456_360_504_ott_poster.jpg?1411480058
11-28 15:19:23.827 D/JniHelper(14128): JniHelper::getJavaVM(), pthread_self() = 1529184920
11-28 15:19:23.827 D/cocos2d-x debug info(14128): cocos2d: fullPathForFilename: No file found at Arial. Possible missing file.
11-28 15:19:23.837 D/cocos2d-x debug info(14128): cocos2d: fullPathForFilename: No file found at Arial. Possible missing file.
11-28 15:19:23.847 D/cocos2d-x debug info(14128): nativeTes2Callback  [001]funImageLoader.callback('/data/data/tv.fun.launcher/files/fun_download/f3/ecf40f25dfc0421e52a9eff4e354f1.png', 'f3ecf40f25dfc0421e52a9eff4e354f1')
11-28 15:19:23.847 D/cocos2d-x debug info(14128): trace_frame: 53.665825
11-28 15:19:23.887 D/cocos2d-x debug info(14128): JS: RetrieveListAdapter: isItemTypeOf(18)=true
11-28 15:19:23.887 D/cocos2d-x debug info(14128): JS: funImageLoader.loadImage: url=http://img.funshion.com/pictures/media/list/906/00/90600_360_504_ott_poster.jpg?1416968238
11-28 15:19:23.897 D/JniHelper(14128): JniHelper::getJavaVM(), pthread_self() = 1529184920
11-28 15:19:23.897 D/cocos2d-x debug info(14128): cocos2d: fullPathForFilename: No file found at Arial. Possible missing file.
11-28 15:19:23.897 D/cocos2d-x debug info(14128): cocos2d: fullPathForFilename: No file found at Arial. Possible missing file.
11-28 15:19:23.917 D/cocos2d-x debug info(14128): nativeTes2Callback  [001]funImageLoader.callback('/data/data/tv.fun.launcher/files/fun_download/06/06d1f852d0d1d82b247c0213c8dcb6.png', '0606d1f852d0d1d82b247c0213c8dcb6')
11-28 15:19:23.957 D/cocos2d-x debug info(14128): cocos2d: fullPathForFilename: No file found at Arial. Possible missing file.
11-28 15:19:23.957 D/cocos2d-x debug info(14128): JS: funImageLoader.loadImage: url=http://img.funshion.com/pictures/media/list/994/97/99497_360_504_ott_poster.jpg?1415260433
11-28 15:19:23.967 D/JniHelper(14128): JniHelper::getJavaVM(), pthread_self() = 1529184920
11-28 15:19:23.967 D/cocos2d-x debug info(14128): cocos2d: fullPathForFilename: No file found at Arial. Possible missing file.
11-28 15:19:23.967 D/cocos2d-x debug info(14128): cocos2d: fullPathForFilename: No file found at Arial. Possible missing file.
11-28 15:19:23.977 D/cocos2d-x debug info(14128): trace_frame: 66.633034
11-28 15:19:23.987 D/cocos2d-x debug info(14128): nativeTes2Callback  [001]funImageLoader.callback('/data/data/tv.fun.launcher/files/fun_download/db/529b9d53e4bfc45e73466dfacb4a79.png', 'db529b9d53e4bfc45e73466dfacb4a79')
11-28 15:19:24.027 D/cocos2d-x debug info(14128): JS: RetrieveListAdapter: isItemTypeOf(20)=true
11-28 15:19:24.027 D/cocos2d-x debug info(14128): JS: funImageLoader.loadImage: url=http://img.funshion.com/pictures/media/list/103/904/103904_360_504_ott_poster.jpg?1407924711
11-28 15:19:24.037 D/JniHelper(14128): JniHelper::getJavaVM(), pthread_self() = 1529184920
11-28 15:19:24.037 D/cocos2d-x debug info(14128): cocos2d: fullPathForFilename: No file found at Arial. Possible missing file.
11-28 15:19:24.047 D/cocos2d-x debug info(14128): cocos2d: fullPathForFilename: No file found at Arial. Possible missing file.
11-28 15:19:24.057 D/cocos2d-x debug info(14128): nativeTes2Callback  [001]funImageLoader.callback('/data/data/tv.fun.launcher/files/fun_download/67/e0f2a46b32a3facd1179c30c6998e6.png', '67e0f2a46b32a3facd1179c30c6998e6')
11-28 15:19:24.067 D/cocos2d-x debug info(14128): trace_frame: 47.208992
11-28 15:19:24.137 D/cocos2d-x debug info(14128): JS: RetrieveListAdapter: isItemTypeOf(21)=true
11-28 15:19:24.137 D/cocos2d-x debug info(14128): JS: funImageLoader.loadImage: url=http://img.funshion.com/pictures/media/list/898/02/89802_360_504_ott_poster.jpg?1408539756
11-28 15:19:24.147 D/JniHelper(14128): JniHelper::getJavaVM(), pthread_self() = 1529184920
11-28 15:19:24.147 D/cocos2d-x debug info(14128): cocos2d: fullPathForFilename: No file found at Arial. Possible missing file.
11-28 15:19:24.157 D/cocos2d-x debug info(14128): cocos2d: fullPathForFilename: No file found at Arial. Possible missing file.
11-28 15:19:24.177 D/cocos2d-x debug info(14128): nativeTes2Callback  [001]funImageLoader.callback('/data/data/tv.fun.launcher/files/fun_download/f6/59de714bca008935ed073dfd29282b.png', 'f659de714bca008935ed073dfd29282b')
11-28 15:19:24.177 D/cocos2d-x debug info(14128): trace_frame: 53.239159
11-28 15:19:24.187 D/dalvikvm(14128): GC_CONCURRENT freed 3008K, 44% free 10517K/18508K, paused 2ms+3ms, total 36ms
11-28 15:19:24.267 D/launcher_auto(14128): launcher_auto: sendkey and wait.
11-28 15:19:24.297 D/cocos2d-x debug info(14128): trace_frame: 61.091087
11-28 15:19:24.307 D/cocos2d-x debug info(14128): JS: RetrieveListAdapter: onTurnPage focusIdx=10
11-28 15:19:24.307 D/cocos2d-x debug info(14128): JS: turnPageCallback begin
11-28 15:19:24.307 D/cocos2d-x debug info(14128): JS: turnPageCallback begin~~~
11-28 15:19:24.317 D/cocos2d-x debug info(14128): JS: updateMediaDescription:turnPageCallback[] 
11-28 15:19:24.317 D/cocos2d-x debug info(14128): JS: turnPageCallback end
11-28 15:19:24.317 D/cocos2d-x debug info(14128): cocos2d: TextureCache: removing unused texture: /data/data/tv.fun.launcher/files/fun_download/f5/2fa14df2ee58f6d219da98b171208e.png
11-28 15:19:24.407 D/cocos2d-x debug info(14128): JS: updateMediaDescription:focusChangeCallback[10] 
11-28 15:19:24.417 D/cocos2d-x debug info(14128): JS: [/2014] {/ä¸­å›½} (/åŠ¨ä½œ)
11-28 15:19:24.417 D/cocos2d-x debug info(14128): cocos2d: fullPathForFilename: No file found at Arial. Possible missing file.
11-28 15:19:24.487 D/dalvikvm(14128): GC_FOR_ALLOC freed 231K, 38% free 11506K/18508K, paused 22ms, total 22ms
11-28 15:19:24.497 D/cocos2d-x debug info(14128): JS: updateMediaDescription:[] 8
11-28 15:19:24.507 D/cocos2d-x debug info(14128): trace_frame: 59.984406
11-28 15:19:24.517 D/cocos2d-x debug info(14128): trace_frame: 8.827294
11-28 15:19:24.627 D/cocos2d-x debug info(14128): trace_frame: 67.725113
11-28 15:19:24.707 D/mdns    ( 4397): SocketDataReady got a packet from 172.16.13.104 to 224.0.0.251 on interface 172.16.13.147/wlan0/7/276
11-28 15:19:24.707 D/mdns    ( 4397): Received Query from 172.16.13.104  :5353  to 224.0.0.251    :5353  on 0x412B8360 with  1 Question,   0 Answers,  0 Authorities,  0 Additionals 57 bytes
11-28 15:19:24.717 D/mdns    ( 4397): SocketDataReady got a packet from FE80:0000:0000:0000:6A5B:35FF:FE81:AA9B to FF02:0000:0000:0000:0000:0000:0000:00FB on interface 172.16.13.147/wlan0/7/277
11-28 15:19:24.717 D/mdns    ( 4397): Received Query from FE80:0000:0000:0000:6A5B:35FF:FE81:AA9B:5353  to FF02:0000:0000:0000:0000:0000:0000:00FB:5353  on 0x412B8360 with  1 Question,   0 Answers,  0 Authorities,  0 Additionals 57 bytes
11-28 15:19:24.727 D/cocos2d-x debug info(14128): trace_frame: 59.861721
11-28 15:19:24.767 D/cocos2d-x debug info(14128): JS: loadActionData:onKeyPress begin
11-28 15:19:24.767 D/cocos2d-x debug info(14128): JS: mTabFocusChangeCallaback:handleDirectionKey-ddd
11-28 15:19:24.777 D/cocos2d-x debug info(14128): JS: mTabFocusChangeCallaback:~~~~~~~~~~~~~~~~157
11-28 15:19:24.777 D/cocos2d-x debug info(14128): JS: FunTableView:onClick key=157, isPress=true
11-28 15:19:24.777 D/cocos2d-x debug info(14128): JS: OnClick: Direction_Right press...
11-28 15:19:24.777 D/cocos2d-x debug info(14128): JS: onKeyPressRight
11-28 15:19:24.777 D/cocos2d-x debug info(14128): JS: moveFocus
11-28 15:19:24.777 D/cocos2d-x debug info(14128): JS: zhangmd:FunTableView:moveFocus, fromsize is:(310,512),tosize is:(310,512)
11-28 15:19:24.787 D/cocos2d-x debug info(14128): JS: loadActionData:onKeyPress end
11-28 15:19:24.787 D/cocos2d-x debug info(14128): JS: loadActionData:handleRepeatKey begin
11-28 15:19:24.787 D/cocos2d-x debug info(14128): JS: FunTableView:onClick key=157, isPress=false
11-28 15:19:24.827 D/mdns    ( 4397): mDNS_Execute
11-28 15:19:24.827 D/mdns    ( 4397): mDNS_Execute: Setting NewLocalRecords to NULL
11-28 15:19:24.837 D/cocos2d-x debug info(14128): trace_frame: 59.962822
11-28 15:19:24.957 D/cocos2d-x debug info(14128): trace_frame: 60.134876
11-28 15:19:25.077 D/cocos2d-x debug info(14128): trace_frame: 60.036350
11-28 15:19:25.087 D/cocos2d-x debug info(14128): JS: updateMediaDescription:focusChangeCallback[11] 
11-28 15:19:25.097 D/cocos2d-x debug info(14128): JS: [/2014] {/ä¸­å›½} (/å–œå‰§)
11-28 15:19:25.097 D/cocos2d-x debug info(14128): cocos2d: fullPathForFilename: No file found at Arial. Possible missing file.
11-28 15:19:25.117 D/mdns    ( 4397): SocketDataReady got a packet from 172.16.13.167 to 224.0.0.251 on interface 172.16.13.147/wlan0/7/276
11-28 15:19:25.117 D/mdns    ( 4397): Received Response from 172.16.13.167   addressed to 224.0.0.251     on 412B8360 with  0 Questions,  1 Answer,   0 Authorities,  0 Additionals 38 bytes LLQType 0
11-28 15:19:25.157 D/dalvikvm(14128): GC_FOR_ALLOC freed 2325K, 44% free 10491K/18508K, paused 22ms, total 22ms
11-28 15:19:25.187 D/cocos2d-x debug info(14128): JS: updateMediaDescription:[] 8
11-28 15:19:25.217 D/dalvikvm(14128): GC_CONCURRENT freed 3K, 33% free 12521K/18508K, paused 2ms+3ms, total 49ms
11-28 15:19:25.217 D/dalvikvm(14128): WAIT_FOR_CONCURRENT_GC blocked 32ms
11-28 15:19:25.237 D/cocos2d-x debug info(14128): trace_frame: 11.939942
11-28 15:19:25.267 D/launcher_auto(14128): launcher_auto: sendkey and wait.
11-28 15:19:25.357 D/cocos2d-x debug info(14128): trace_frame: 60.416180
11-28 15:19:25.457 D/cocos2d-x debug info(14128): trace_frame: 59.289124
11-28 15:19:25.577 D/cocos2d-x debug info(14128): trace_frame: 60.651226
11-28 15:19:25.677 D/cocos2d-x debug info(14128): trace_frame: 59.936466
11-28 15:19:25.767 D/mdns    ( 4397): mDNS_Execute
11-28 15:19:25.767 D/mdns    ( 4397): mDNS_Execute: Setting NewLocalRecords to NULL
11-28 15:19:25.767 D/mdns    ( 4397): Announcing 006d0e03a545@MiniMax._raop._tcp.local. (TXT) 3
11-28 15:19:25.767 D/mdns    ( 4397): Announcing _services._dns-sd._udp.local. (PTR) 3
11-28 15:19:25.767 D/mdns    ( 4397): Announcing _raop._tcp.local. (PTR) 3
11-28 15:19:25.767 D/mdns    ( 4397): Announcing MiniMax._airplay._tcp.local. (TXT) 3
11-28 15:19:25.767 D/mdns    ( 4397): Announcing _services._dns-sd._udp.local. (PTR) 3
11-28 15:19:25.767 D/mdns    ( 4397): Announcing _airplay._tcp.local. (PTR) 3
11-28 15:19:25.767 D/mdns    ( 4397): Announcing 006d0e03a545@MiniMax._raop._tcp.local. (SRV) 3
11-28 15:19:25.767 D/mdns    ( 4397): Announcing MiniMax._airplay._tcp.local. (SRV) 3
11-28 15:19:25.767 D/mdns    ( 4397): Announcing 147.13.16.172.in-addr.arpa. (PTR) 3
11-28 15:19:25.767 D/mdns    ( 4397): Announcing 5.4.5.A.3.0.E.F.F.F.E.0.D.6.2.0.0.0.0.0.0.0.0.0.0.0.0.0.0.8.E.F.ip6.arpa. (PTR) 3
11-28 15:19:25.767 D/mdns    ( 4397): Announcing Android-2.local. (Addr) 3
11-28 15:19:25.767 D/mdns    ( 4397): Announcing Android-2.local. (AAAA) 3
11-28 15:19:25.777 D/mdns    ( 4397): SendResponses put     24 . OPT Max 1440 Vers 0 Seq   0 MAC 00:00:00:00:00:00 I-MAC 2D:32:05:6C:6F:63
11-28 15:19:25.777 D/mdns    ( 4397): SendResponses: Sending 0 Deregistrations, 12 Announcements, 0 Answers, 6 Additionals on 412B8360
11-28 15:19:25.777 D/mdns    ( 4397): SendResponses: Next in 16384 ticks
11-28 15:19:25.777 D/mdns    ( 4397): SocketDataReady got a packet from 172.16.13.147 to 224.0.0.251 on interface 172.16.13.147/wlan0/7/276
11-28 15:19:25.777 D/mdns    ( 4397): Received Response from 172.16.13.147   addressed to 224.0.0.251     on 412B8360 with  0 Questions, 12 Answers,  0 Authorities,  6 Additionals 690 bytes LLQType 0
11-28 15:19:25.777 D/mdns    ( 4397): Found record size   115 interface 412B8360 already in cache:  115 006d0e03a545@MiniMax._raop._tcp.local. TXT ch=2Â¦cn=0,1Â¦da=trueÂ¦ek=1Â¦et=0,1Â¦md=0,1,2Â¦pw=falseÂ¦sm=falseÂ¦sr=44100Â¦ss=16Â¦sv=falseÂ¦tp=UDPÂ¦txtvers=
11-28 15:19:25.777 D/mdns    ( 4397): Found record size    75 interface 412B8360 already in cache:   75 MiniMax._airplay._tcp.local. TXT deviceid=00:6d:0e:03:a5:45Â¦features=0x2077Â¦model=AppleTV2,1Â¦srcvers=101.28
11-28 15:19:25.777 D/mdns    ( 4397): Found record size    78 interface 412B8360 already in cache:   78 5.4.5.A.3.0.E.F.F.F.E.0.D.6.2.0.0.0.0.0.0.0.0.0.0.0.0.0.0.8.E.F.ip6.arpa. NSEC PTR 
11-28 15:19:25.777 D/mdns    ( 4397): SocketDataReady got a packet from FE80:0000:0000:0000:026D:0EFF:FE03:A545 to FF02:0000:0000:0000:0000:0000:0000:00FB on interface 172.16.13.147/wlan0/7/277
11-28 15:19:25.777 D/mdns    ( 4397): Received Response from FE80:0000:0000:0000:026D:0EFF:FE03:A545 addressed to FF02:0000:0000:0000:0000:0000:0000:00FB on 412B8360 with  0 Questions, 12 Answers,  0 Authorities,  6 Additionals 690 bytes LLQType 0
11-28 15:19:25.777 D/mdns    ( 4397): Found record size   115 interface 412B8360 already in cache:  115 006d0e03a545@MiniMax._raop._tcp.local. TXT ch=2Â¦cn=0,1Â¦da=trueÂ¦ek=1Â¦et=0,1Â¦md=0,1,2Â¦pw=falseÂ¦sm=falseÂ¦sr=44100Â¦ss=16Â¦sv=falseÂ¦tp=UDPÂ¦txtvers=
11-28 15:19:25.777 D/mdns    ( 4397): Found record size    75 interface 412B8360 already in cache:   75 MiniMax._airplay._tcp.local. TXT deviceid=00:6d:0e:03:a5:45Â¦features=0x2077Â¦model=AppleTV2,1Â¦srcvers=101.28
11-28 15:19:25.777 D/mdns    ( 4397): Found record size    78 interface 412B8360 already in cache:   78 5.4.5.A.3.0.E.F.F.F.E.0.D.6.2.0.0.0.0.0.0.0.0.0.0.0.0.0.0.8.E.F.ip6.arpa. NSEC PTR 
11-28 15:19:25.787 D/cocos2d-x debug info(14128): JS: loadActionData:onKeyPress begin
11-28 15:19:25.787 D/cocos2d-x debug info(14128): JS: mTabFocusChangeCallaback:handleDirectionKey-ddd
11-28 15:19:25.787 D/cocos2d-x debug info(14128): JS: mTabFocusChangeCallaback:~~~~~~~~~~~~~~~~157
11-28 15:19:25.787 D/cocos2d-x debug info(14128): JS: FunTableView:onClick key=157, isPress=true
11-28 15:19:25.787 D/cocos2d-x debug info(14128): JS: OnClick: Direction_Right press...
11-28 15:19:25.787 D/cocos2d-x debug info(14128): JS: onKeyPressRight
11-28 15:19:25.797 D/cocos2d-x debug info(14128): JS: moveFocus
