11-28 15:21:08.137 D/cocos2d-x debug info(14128): JS: funtv.ImageLoader.sImagePath=/data/data/tv.fun.launcher/files/fun_download/f5/f47b4e4de5896d23c6da9cd9923bcb.png
11-28 15:21:08.137 D/cocos2d-x debug info(14128): nativeTes2Callback  [002]funtv.ImageLoader.imageCallback('/data/data/tv.fun.launcher/files/fun_download/f5/f47b4e4de5896d23c6da9cd9923bcb.png', 1,14)
11-28 15:21:08.137 D/cocos2d-x debug info(14128): JS: funtv.ImageLoader.sImagePath=/data/data/tv.fun.launcher/files/fun_download/cc/a951b81ec51580b91588c9258a36d4.png
11-28 15:21:08.137 D/cocos2d-x debug info(14128): nativeTes2Callback  [002]funtv.ImageLoader.imageCallback('/data/data/tv.fun.launcher/files/fun_download/cc/a951b81ec51580b91588c9258a36d4.png', 1,15)
11-28 15:21:08.137 D/cocos2d-x debug info(14128): JS: funtv.ImageLoader.sImagePath=/data/data/tv.fun.launcher/files/fun_download/7d/048e9fa1d01c4009039d702dc94142.png
11-28 15:21:08.137 D/cocos2d-x debug info(14128): nativeTes2Callback  [002]funtv.ImageLoader.imageCallback('/data/data/tv.fun.launcher/files/fun_download/7d/048e9fa1d01c4009039d702dc94142.png', 1,16)
11-28 15:21:08.147 D/cocos2d-x debug info(14128): trace_frame: 60.975788
11-28 15:21:08.157 D/WifiSetting(14128): Scanner handleMessage:msg{ what=0 when=-1ms }
11-28 15:21:08.257 D/cocos2d-x debug info(14128): trace_frame: 71.608231
11-28 15:21:08.377 D/cocos2d-x debug info(14128): trace_frame: 59.587143
11-28 15:21:08.497 D/cocos2d-x debug info(14128): trace_frame: 60.439659
11-28 15:21:08.607 D/cocos2d-x debug info(14128): trace_frame: 59.517227
11-28 15:21:08.707 D/cocos2d-x debug info(14128): trace_frame: 59.947243
11-28 15:21:08.827 D/cocos2d-x debug info(14128): trace_frame: 60.679615
11-28 15:21:08.927 D/cocos2d-x debug info(14128): trace_frame: 59.905949
11-28 15:21:09.027 D/cocos2d-x debug info(14128): trace_frame: 59.930466
11-28 15:21:09.127 D/cocos2d-x debug info(14128): trace_frame: 59.964020
11-28 15:21:09.237 D/cocos2d-x debug info(14128): trace_frame: 60.192272
11-28 15:21:09.357 D/cocos2d-x debug info(14128): trace_frame: 59.840828
11-28 15:21:09.467 D/cocos2d-x debug info(14128): trace_frame: 60.172607
11-28 15:21:09.527 D/mdns    ( 4397): DeactivateNetWake for wlan0 (172.16.13.147)
11-28 15:21:09.527 I/mdns    ( 4397): mDNS_DeregisterInterface: Another representative of InterfaceID 412B9378 wlan0 (172.16.13.147) exists; making it active
11-28 15:21:09.527 D/mdns    ( 4397): mDNS_Deregister_internal: Deleting record for    4 Android-2.local. Addr 172.16.13.147
11-28 15:21:09.527 I/mdns    ( 4397): mDNS_Deregister_internal: mStatus_MemFree for    4 Android-2.local. Addr 172.16.13.147
11-28 15:21:09.527 D/mdns    ( 4397): mDNS_HostNameCallback: Android-2.local. (Addr) Unknown result (-65792)
11-28 15:21:09.527 D/mdns    ( 4397): mDNS_HostNameCallback: MemFree (ignored)
11-28 15:21:09.527 D/mdns    ( 4397): mDNS_Deregister_internal: Deleting record for   17 147.13.16.172.in-addr.arpa. PTR Android-2.local.
11-28 15:21:09.527 I/mdns    ( 4397): mDNS_Deregister_internal: mStatus_MemFree for   17 147.13.16.172.in-addr.arpa. PTR Android-2.local.
11-28 15:21:09.527 D/mdns    ( 4397): mDNS_Reconfirm_internal: 39823 ticks to go for   15 44.13.16.172.in-addr.arpa. PTR Android.local. 00000000
11-28 15:21:09.527 D/mdns    ( 4397): mDNS_Reconfirm_internal: 39823 ticks to go for   31 44.13.16.172.in-addr.arpa. NSEC PTR  00000000
11-28 15:21:09.527 D/mdns    ( 4397): mDNS_Reconfirm_internal: 39823 ticks to go for  115 006d0e03a545@MiniMax._raop._tcp.local. TXT ch=2¬¶cn=0,1¬¶da=true¬¶ek=1¬¶et=0,1¬¶md=0,1,2¬¶pw=false¬¶sm=false¬¶sr=44100¬¶ss=16¬¶sv=false¬¶tp=UDP¬¶txtvers= 00000000
11-28 15:21:09.527 D/mdns    ( 4397): mDNS_Reconfirm_internal: 39823 ticks to go for   23 006d0e03a545@MiniMax._raop._tcp.local. SRV 0 0 38431 Android-2.local. 00000000
11-28 15:21:09.527 D/mdns    ( 4397): mDNS_Reconfirm_internal: 39823 ticks to go for   46 006d0e03a545@MiniMax._raop._tcp.local. NSEC TXT SRV  00000000
11-28 15:21:09.527 D/mdns    ( 4397): mDNS_Reconfirm_internal: 39823 ticks to go for   42 _rc._tcp.local. PTR ÂÆ¢ÂéÖÁöÑÂ∞èÁ±≥ÁõíÂ≠ê\032(6)._rc._tcp.local. 00000000
11-28 15:21:09.527 D/mdns    ( 4397): mDNS_Reconfirm_internal: 39823 ticks to go for   42 _rc._tcp.local. PTR ÂÆ¢ÂéÖÁöÑÂ∞èÁ±≥ÁõíÂ≠ê\032(3)._rc._tcp.local. 00000000
11-28 15:21:09.527 D/mdns    ( 4397): mDNS_Reconfirm_internal: 39823 ticks to go for   38 _rc._tcp.local. PTR ÂÆ¢ÂéÖÁöÑÂ∞èÁ±≥ÁõíÂ≠ê._rc._tcp.local. 00000000
11-28 15:21:09.527 D/mdns    ( 4397): mDNS_Reconfirm_internal: 39823 ticks to go for   42 _rc._tcp.local. PTR ÂÆ¢ÂéÖÁöÑÂ∞èÁ±≥ÁõíÂ≠ê\032(5)._rc._tcp.local. 00000000
11-28 15:21:09.527 D/mdns    ( 4397): mDNS_Reconfirm_internal: 39823 ticks to go for   30 ÂÆ¢ÂéÖÁöÑÂ∞èÁ±≥ÁõíÂ≠ê._airkan._tcp.local. SRV 0 0 6088 milink-254969319.local. 00000000
11-28 15:21:09.527 D/mdns    ( 4397): mDNS_Reconfirm_internal: 39823 ticks to go for  125 ÂÆ¢ÂéÖÁöÑÂ∞èÁ±≥ÁõíÂ≠ê._airkan._tcp.local. TXT photoport=6089¬¶scrnw=1280¬¶scrnh=720¬¶protver=16777984¬¶prottext=Airkan Protocol Version 1.03¬¶platform_id 00000000
11-28 15:21:09.527 D/mdns    ( 4397): mDNS_Reconfirm_internal: 39823 ticks to go for   17 147.13.16.172.in-addr.arpa. PTR Android-2.local. 00000000
11-28 15:21:09.527 D/mdns    ( 4397): mDNS_Reconfirm_internal: 39823 ticks to go for   32 147.13.16.172.in-addr.arpa. NSEC PTR  00000000
11-28 15:21:09.527 D/mdns    ( 4397): mDNS_Reconfirm_internal: 39823 ticks to go for   75 MiniMax._airplay._tcp.local. TXT deviceid=00:6d:0e:03:a5:45¬¶features=0x2077¬¶model=AppleTV2,1¬¶srcvers=101.28 00000000
11-28 15:21:09.527 D/mdns    ( 4397): mDNS_Reconfirm_internal: 39823 ticks to go for   23 MiniMax._airplay._tcp.local. SRV 0 0 38421 Android-2.local. 00000000
11-28 15:21:09.527 D/mdns    ( 4397): mDNS_Reconfirm_internal: 39823 ticks to go for   36 MiniMax._airplay._tcp.local. NSEC TXT SRV  00000000
11-28 15:21:09.527 D/mdns    ( 4397): mDNS_Reconfirm_internal: 39823 ticks to go for    4 Android.local. Addr 172.16.13.44 00000000
11-28 15:21:09.527 D/mdns    ( 4397): mDNS_Reconfirm_internal: 39823 ticks to go for   16 Android.local. AAAA FE80:0000:0000:0000:02CE:39FF:FEBE:DB23 00000000
11-28 15:21:09.527 D/mdns    ( 4397): mDNS_Reconfirm_internal: 39823 ticks to go for   21 Android.local. NSEC Addr AAAA  00000000
11-28 15:21:09.527 D/mdns    ( 4397): mDNS_Reconfirm_internal: 39823 ticks to go for   30 1048b11ad489@ÂÆ¢ÂéÖÁöÑÂ∞èÁ±≥ÁõíÂ≠ê._raop._tcp.local. SRV 0 0 5000 milink-199422877.local. 00000000
11-28 15:21:09.527 D/mdns    ( 4397): mDNS_Reconfirm_internal: 39823 ticks to go for  176 1048b11ad489@ÂÆ¢ÂéÖÁöÑÂ∞èÁ±≥ÁõíÂ≠ê._raop._tcp.local. TXT tp=UDP¬¶sm=false¬¶sv=false¬¶ek=1¬¶et=0,3,5¬¶cn=0,1¬¶ch=2¬¶ss=16¬¶sr=44100¬¶pw=false¬¶vn=3¬¶txtve 00000000
11-28 15:21:09.527 D/mdns    ( 4397): mDNS_Reconfirm_internal: 39823 ticks to go for   30 ÂÆ¢ÂéÖÁöÑÂ∞èÁ±≥ÁõíÂ≠ê\032(3)._rc._tcp.local. SRV 0 0 6091 milink-200077498.local. 00000000
11-28 15:21:09.527 D/mdns    ( 4397): mDNS_Reconfirm_internal: 39823 ticks to go for  158 ÂÆ¢ÂéÖÁöÑÂ∞èÁ±≥ÁõíÂ≠ê\032(3)._rc._tcp.local. TXT protver=16777216¬¶prottext=Remote Controller Protocol Version 1.0¬¶platform_id=205¬¶scrnw=1280¬¶scrnh=72 00000000
11-28 15:21:09.527 D/mdns    ( 4397): mDNS_Reconfirm_internal: 39823 ticks to go for   30 ÂÆ¢ÂéÖÁöÑÂ∞èÁ±≥ÁõíÂ≠ê\032(5)._rc._tcp.local. SRV 0 0 6091 milink-199704365.local. 00000000
11-28 15:21:09.527 D/mdns    ( 4397): mDNS_Reconfirm_internal: 39823 ticks to go for  230 ÂÆ¢ÂéÖÁöÑÂ∞èÁ±≥ÁõíÂ≠ê\032(5)._rc._tcp.local. TXT protver=16777472¬¶prottext=Remote Controller Protocol Version 1.0.1.0¬¶platform_id=205¬¶scrnw=1280¬¶scrn 00000000
11-28 15:21:09.527 D/mdns    ( 4397): mDNS_Reconfirm_internal: 39823 ticks to go for   30 ÂÆ¢ÂéÖÁöÑÂ∞èÁ±≥ÁõíÂ≠ê\032(6)._rc._tcp.local. SRV 0 0 6091 milink-199422877.local. 00000000
11-28 15:21:09.527 D/mdns    ( 4397): mDNS_Reconfirm_internal: 39823 ticks to go for  230 ÂÆ¢ÂéÖÁöÑÂ∞èÁ±≥ÁõíÂ≠ê\032(6)._rc._tcp.local. TXT protver=16777472¬¶prottext=Remote Controller Protocol Version 1.0.1.0¬¶platform_id=205¬¶scrnw=1280¬¶scrn 00000000
11-28 15:21:09.527 D/mdns    ( 4397): mDNS_Reconfirm_internal: 39823 ticks to go for    4 Android-2.local. Addr 172.16.13.147 00000000
11-28 15:21:09.527 D/mdns    ( 4397): mDNS_Reconfirm_internal: 39823 ticks to go for   16 Android-2.local. AAAA FE80:0000:0000:0000:026D:0EFF:FE03:A545 00000000
11-28 15:21:09.527 D/mdns    ( 4397): mDNS_Reconfirm_internal: 39823 ticks to go for   23 Android-2.local. NSEC Addr AAAA  00000000
11-28 15:21:09.527 D/mdns    ( 4397): mDNS_Reconfirm_internal: 39823 ticks to go for   39 _raop._tcp.local. PTR 006d0e03a545@MiniMax._raop._tcp.local. 00000000
11-28 15:21:09.527 D/mdns    ( 4397): mDNS_Reconfirm_internal: 39823 ticks to go for   39 _raop._tcp.local. PTR 00ce39bedb23@MiniMax._raop._tcp.local. 00000000
11-28 15:21:09.527 D/mdns    ( 4397): mDNS_Reconfirm_internal: 39823 ticks to go for   53 _raop._tcp.local. PTR 1048b11ad489@ÂÆ¢ÂéÖÁöÑÂ∞èÁ±≥ÁõíÂ≠ê._raop._tcp.local. 00000000
11-28 15:21:09.527 D/mdns    ( 4397): mDNS_Reconfirm_internal: 39823 ticks to go for   53 _raop._tcp.local. PTR 1048b11cf011@ÂÆ¢ÂéÖÁöÑÂ∞èÁ±≥ÁõíÂ≠ê._raop._tcp.local. 00000000
11-28 15:21:09.527 D/mdns    ( 4397): mDNS_Reconfirm_internal: 39823 ticks to go for   29 _airplay._tcp.local. PTR MiniMax._airplay._tcp.local. 00000000
11-28 15:21:09.527 D/mdns    ( 4397): mDNS_Reconfirm_internal: 39823 ticks to go for   47 _airplay._tcp.local. PTR ÂÆ¢ÂéÖÁöÑÂ∞èÁ±≥ÁõíÂ≠ê\032(5)._airplay._tcp.local. 00000000
11-28 15:21:09.527 D/mdns    ( 4397): mDNS_Reconfirm_internal: 39823 ticks to go for   47 _airplay._tcp.local. PTR ÂÆ¢ÂéÖÁöÑÂ∞èÁ±≥ÁõíÂ≠ê\032(2)._airplay._tcp.local. 00000000
11-28 15:21:09.527 D/mdns    ( 4397): mDNS_Reconfirm_internal: 39823 ticks to go for   33 _airplay._tcp.local. PTR MiniMax\032(3)._airplay._tcp.local. 00000000
11-28 15:21:09.527 D/mdns    ( 4397): mDNS_Reconfirm_internal: 39823 ticks to go for   47 _airplay._tcp.local. PTR ÂÆ¢ÂéÖÁöÑÂ∞èÁ±≥ÁõíÂ≠ê\032(4)._airplay._tcp.local. 00000000
11-28 15:21:09.527 D/mdns    ( 4397): mDNS_Reconfirm_internal: 39823 ticks to go for    4 milink-254969319.local. Addr 172.16.13.203 00000000
11-28 15:21:09.527 D/mdns    ( 4397): mDNS_Reconfirm_internal: 39823 ticks to go for    4 milink-199704365.local. Addr 172.16.13.14 00000000
11-28 15:21:09.527 D/mdns    ( 4397): mDNS_Reconfirm_internal: 39823 ticks to go for   30 ÂÆ¢ÂéÖÁöÑÂ∞èÁ±≥ÁõíÂ≠ê\032(5)._airkan._tcp.local. SRV 0 0 6088 milink-199704365.local. 00000000
11-28 15:21:09.527 D/mdns    ( 4397): mDNS_Reconfirm_internal: 39823 ticks to go for  125 ÂÆ¢ÂéÖÁöÑÂ∞èÁ±≥ÁõíÂ≠ê\032(5)._airkan._tcp.local. TXT photoport=6089¬¶scrnw=1280¬¶scrnh=720¬¶protver=16777984¬¶prottext=Airkan Protocol Version 1.03¬¶plat 00000000
11-28 15:21:09.527 D/mdns    ( 4397): mDNS_Reconfirm_internal: 39823 ticks to go for    4 milink-203107814.local. Addr 172.16.13.34 00000000
11-28 15:21:09.527 D/mdns    ( 4397): mDNS_Reconfirm_internal: 39823 ticks to go for   15 3.2.B.D.E.B.E.F.F.F.9.3.E.C.2.0.0.0.0.0.0.0.0.0.0.0.0.0.0.8.E.F.ip6.arpa. PTR Android.local. 00000000
11-28 15:21:09.527 D/mdns    ( 4397): mDNS_Reconfirm_internal: 39823 ticks to go for   78 3.2.B.D.E.B.E.F.F.F.9.3.E.C.2.0.0.0.0.0.0.0.0.0.0.0.0.0.0.8.E.F.ip6.arpa. NSEC PTR  00000000
11-28 15:21:09.527 D/mdns    ( 4397): mDNS_Reconfirm_internal: 39823 ticks to go for   18 _services._dns-sd._udp.local. PTR _raop._tcp.local. 00000000
11-28 15:21:09.527 D/mdns    ( 4397): mDNS_Reconfirm_internal: 39823 ticks to go for   21 _services._dns-sd._udp.local. PTR _airplay._tcp.local. 00000000
11-28 15:21:09.527 D/mdns    ( 4397): mDNS_Reconfirm_internal: 39823 ticks to go for   30 1048b11cf011@ÂÆ¢ÂéÖÁöÑÂ∞èÁ±≥ÁõíÂ≠ê._raop._tcp.local. SRV 0 0 5000 milink-199704365.local. 00000000
11-28 15:21:09.527 D/mdns    ( 4397): mDNS_Reconfirm_internal: 39823 ticks to go for  176 1048b11cf011@ÂÆ¢ÂéÖÁöÑÂ∞èÁ±≥ÁõíÂ≠ê._raop._tcp.local. TXT tp=UDP¬¶sm=false¬¶sv=false¬¶ek=1¬¶et=0,3,5¬¶cn=0,1¬¶ch=2¬¶ss=16¬¶sr=44100¬¶pw=false¬¶vn=3¬¶txtve 00000000
11-28 15:21:09.527 D/mdns    ( 4397): mDNS_Reconfirm_internal: 39823 ticks to go for   30 ÂÆ¢ÂéÖÁöÑÂ∞èÁ±≥ÁõíÂ≠ê\032(2)._airplay._tcp.local. SRV 0 0 7000 milink-200077498.local. 00000000
11-28 15:21:09.527 D/mdns    ( 4397): mDNS_Reconfirm_internal: 39823 ticks to go for   94 ÂÆ¢ÂéÖÁöÑÂ∞èÁ±≥ÁõíÂ≠ê\032(2)._airplay._tcp.local. TXT deviceid=10:48:b1:11:c2:83¬¶features=0x100029ff¬¶flags=0x4¬¶model=AppleTV3,1¬¶srcvers=150.33¬¶vv=1 00000000
11-28 15:21:09.527 D/mdns    ( 4397): mDNS_Reconfirm_internal: 39823 ticks to go for   42 _airkan._tcp.local. PTR ÂÆ¢ÂéÖÁöÑÂ∞èÁ±≥ÁõíÂ≠ê._airkan._tcp.local. 00000000
11-28 15:21:09.527 D/mdns    ( 4397): mDNS_Reconfirm_internal: 39823 ticks to go for   46 _airkan._tcp.local. PTR ÂÆ¢ÂéÖÁöÑÂ∞èÁ±≥ÁõíÂ≠ê\032(5)._airkan._tcp.local. 00000000
11-28 15:21:09.527 D/mdns    ( 4397): mDNS_Reconfirm_internal: 39823 ticks to go for   27 _airkan._tcp.local. PTR qqwwee._airkan._tcp.local. 00000000
11-28 15:21:09.527 D/mdns    ( 4397): mDNS_Reconfirm_internal: 39823 ticks to go for   30 ÂÆ¢ÂéÖÁöÑÂ∞èÁ±≥ÁõíÂ≠ê._rc._tcp.local. SRV 0 0 6091 milink-254969319.local. 00000000
11-28 15:21:09.527 D/mdns    ( 4397): mDNS_Reconfirm_internal: 39823 ticks to go for  230 ÂÆ¢ÂéÖÁöÑÂ∞èÁ±≥ÁõíÂ≠ê._rc._tcp.local. TXT protver=16777472¬¶prottext=Remote Controller Protocol Version 1.0.1.0¬¶platform_id=205¬¶scrnw=1280¬¶scrnh=720¬¶ 00000000
11-28 15:21:09.527 D/mdns    ( 4397): mDNS_Reconfirm_internal: 39823 ticks to go for   30 ÂÆ¢ÂéÖÁöÑÂ∞èÁ±≥ÁõíÂ≠ê\032(4)._airplay._tcp.local. SRV 0 0 7000 milink-199704365.local. 00000000
11-28 15:21:09.527 D/mdns    ( 4397): mDNS_Reconfirm_internal: 39823 ticks to go for   94 ÂÆ¢ÂéÖÁöÑÂ∞èÁ±≥ÁõíÂ≠ê\032(4)._airplay._tcp.local. TXT deviceid=10:48:b1:1c:f0:11¬¶features=0x100029ff¬¶flags=0x4¬¶model=AppleTV3,1¬¶srcvers=150.33¬¶vv=1 00000000
11-28 15:21:09.527 D/mdns    ( 4397): mDNS_Reconfirm_internal: 39823 ticks to go for   30 ÂÆ¢ÂéÖÁöÑÂ∞èÁ±≥ÁõíÂ≠ê\032(5)._airplay._tcp.local. SRV 0 0 7000 milink-199422877.local. 00000000
11-28 15:21:09.527 D/mdns    ( 4397): mDNS_Reconfirm_internal: 39823 ticks to go for   94 ÂÆ¢ÂéÖÁöÑÂ∞èÁ±≥ÁõíÂ≠ê\032(5)._airplay._tcp.local. TXT deviceid=10:48:b1:1a:d4:89¬¶features=0x100029ff¬¶flags=0x4¬¶model=AppleTV3,1¬¶srcvers=150.33¬¶vv=1 00000000
11-28 15:21:09.527 D/mdns    ( 4397): mDNS_Reconfirm_internal: 39823 ticks to go for   17 5.4.5.A.3.0.E.F.F.F.E.0.D.6.2.0.0.0.0.0.0.0.0.0.0.0.0.0.0.8.E.F.ip6.arpa. PTR Android-2.local. 00000000
11-28 15:21:09.527 D/mdns    ( 4397): mDNS_Reconfirm_internal: 39823 ticks to go for   78 5.4.5.A.3.0.E.F.F.F.E.0.D.6.2.0.0.0.0.0.0.0.0.0.0.0.0.0.0.8.E.F.ip6.arpa. NSEC PTR  00000000
11-28 15:21:09.527 D/mdns    ( 4397): mDNS_Reconfirm_internal: 39823 ticks to go for   30 qqwwee._airkan._tcp.local. SRV 0 0 6088 milink-203107814.local. 00000000
11-28 15:21:09.527 D/mdns    ( 4397): mDNS_Reconfirm_internal: 39823 ticks to go for  125 qqwwee._airkan._tcp.local. TXT photoport=6089¬¶scrnw=1280¬¶scrnh=720¬¶protver=16777984¬¶prottext=Airkan Protocol Version 1.03¬¶platform_id=205¬¶music_ver 00000000
11-28 15:21:09.527 D/mdns    ( 4397): mDNS_Reconfirm_internal: 39823 ticks to go for   75 MiniMax\032(3)._airplay._tcp.local. TXT deviceid=00:ce:39:be:db:23¬¶features=0x2077¬¶model=AppleTV2,1¬¶srcvers=101.28 00000000
11-28 15:21:09.527 D/mdns    ( 4397): mDNS_Reconfirm_internal: 39823 ticks to go for   21 MiniMax\032(3)._airplay._tcp.local. SRV 0 0 38421 Android.local. 00000000
11-28 15:21:09.527 D/mdns    ( 4397): mDNS_Reconfirm_internal: 39823 ticks to go for   40 MiniMax\032(3)._airplay._tcp.local. NSEC TXT SRV  00000000
11-28 15:21:09.527 D/mdns    ( 4397): mDNS_Reconfirm_internal: 39823 ticks to go for  115 00ce39bedb23@MiniMax._raop._tcp.local. TXT ch=2¬¶cn=0,1¬¶da=true¬¶ek=1¬¶et=0,1¬¶md=0,1,2¬¶pw=false¬¶sm=false¬¶sr=44100¬¶ss=16¬¶sv=false¬¶tp=UDP¬¶txtvers= 00000000
11-28 15:21:09.527 D/mdns    ( 4397): mDNS_Reconfirm_internal: 39823 ticks to go for   21 00ce39bedb23@MiniMax._raop._tcp.local. SRV 0 0 38431 Android.local. 00000000
11-28 15:21:09.527 D/mdns    ( 4397): mDNS_Reconfirm_internal: 39823 ticks to go for   46 00ce39bedb23@MiniMax._raop._tcp.local. NSEC TXT SRV  00000000
11-28 15:21:09.527 I/mdns    ( 4397): mDNS_DeregisterInterface: Last representative of InterfaceID 412B9378 wlan0 (FE80:0000:0000:0000:026D:0EFF:FE03:A545) deregistered; marking questions etc. dormant
11-28 15:21:09.527 D/mdns    ( 4397): mDNS_Deregister_internal: Deleting record for   16 Android-2.local. AAAA FE80:0000:0000:0000:026D:0EFF:FE03:A545
11-28 15:21:09.527 I/mdns    ( 4397): mDNS_Deregister_internal: mStatus_MemFree for   16 Android-2.local. AAAA FE80:0000:0000:0000:026D:0EFF:FE03:A545
11-28 15:21:09.527 D/mdns    ( 4397): mDNS_HostNameCallback: Android-2.local. (AAAA) Unknown result (-65792)
11-28 15:21:09.527 D/mdns    ( 4397): mDNS_HostNameCallback: MemFree (ignored)
11-28 15:21:09.527 D/mdns    ( 4397): mDNS_Deregister_internal: Deleting record for   17 5.4.5.A.3.0.E.F.F.F.E.0.D.6.2.0.0.0.0.0.0.0.0.0.0.0.0.0.0.8.E.F.ip6.arpa. PTR Android-2.local.
11-28 15:21:09.527 I/mdns    ( 4397): mDNS_Deregister_internal: mStatus_MemFree for   17 5.4.5.A.3.0.E.F.F.F.E.0.D.6.2.0.0.0.0.0.0.0.0.0.0.0.0.0.0.8.E.F.ip6.arpa. PTR Android-2.local.
11-28 15:21:09.527 D/mdns    ( 4397): SetupInterfaceList
11-28 15:21:09.527 D/mdns    ( 4397): mDNS_Register_internal: Adding to active record list    4 Android-2.local. Addr 172.16.13.147
11-28 15:21:09.527 D/mdns    ( 4397): mDNS_Register_internal: Adding to active record list   17 147.13.16.172.in-addr.arpa. PTR Android-2.local.
11-28 15:21:09.527 D/mdns    ( 4397): Not creating HINFO record: platform support layer provided no information
11-28 15:21:09.527 I/mdns    ( 4397): mDNS_RegisterInterface: InterfaceID 412B9780 wlan0 (172.16.13.147) not represented in list; marking active and retriggering queries
11-28 15:21:09.527 I/mdns    ( 4397): mDNS_RegisterInterface: wlan0 (172.16.13.147) probedelay 512
11-28 15:21:09.527 I/mdns    ( 4397): mDNS_RegisterInterface: Setting AnnounceOwner
11-28 15:21:09.527 I/mdns    ( 4397): RestartRecordGetZoneData: ResourceRecords
11-28 15:21:09.527 D/mdns    ( 4397): SetupOneInterface: wlan0 172.16.13.147 Registered
11-28 15:21:09.527 D/mdns    ( 4397): SetupOneInterface: wlan0 FE80:0000:0000:0000:026D:0EFF:FE03:A545 is an alias of 172.16.13.147
11-28 15:21:09.527 D/mdns    ( 4397): mDNS_Register_internal: Adding to active record list   16 Android-2.local. AAAA FE80:0000:0000:0000:026D:0EFF:FE03:A545
11-28 15:21:09.527 D/mdns    ( 4397): mDNS_Register_internal: Adding to active record list   17 5.4.5.A.3.0.E.F.F.F.E.0.D.6.2.0.0.0.0.0.0.0.0.0.0.0.0.0.0.8.E.F.ip6.arpa. PTR Android-2.local.
11-28 15:21:09.527 D/mdns    ( 4397): Not creating HINFO record: platform support layer provided no information
11-28 15:21:09.527 I/mdns    ( 4397): mDNS_RegisterInterface: InterfaceID 412B9780 wlan0 (FE80:0000:0000:0000:026D:0EFF:FE03:A545) already represented in list; marking inactive for now
11-28 15:21:09.527 I/mdns    ( 4397): mDNS_RegisterInterface: wlan0 (FE80:0000:0000:0000:026D:0EFF:FE03:A545) probedelay 512
11-28 15:21:09.527 I/mdns    ( 4397): mDNS_RegisterInterface: Setting AnnounceOwner
11-28 15:21:09.527 I/mdns    ( 4397): RestartRecordGetZoneData: ResourceRecords
11-28 15:21:09.527 D/mdns    ( 4397): SetupOneInterface: wlan0 FE80:0000:0000:0000:026D:0EFF:FE03:A545 Registered
11-28 15:21:09.527 D/mdns    ( 4397): mDNS_Execute
11-28 15:21:09.527 D/mdns    ( 4397): m->NextCacheCheck    0 Slot  32 44.13.16.172.in-addr.arpa.
11-28 15:21:09.527 D/mdns    ( 4397): CheckCacheExpiration: Deleting  61441       0 00000000   15 44.13.16.172.in-addr.arpa. PTR Android.local.
11-28 15:21:09.527 D/mdns    ( 4397): CheckCacheExpiration: Deleting  61441       0 00000000   31 44.13.16.172.in-addr.arpa. NSEC PTR 
11-28 15:21:09.527 D/mdns    ( 4397): CheckCacheExpiration: Updating CacheGroup tail from 400D45D0 to 400D87C0
11-28 15:21:09.527 D/mdns    ( 4397): m->NextCacheCheck    1 Slot  35 006d0e03a545@MiniMax._raop._tcp.local.
11-28 15:21:09.527 D/mdns    ( 4397): CheckCacheExpiration: Deleting  61441       0 00000000  115 006d0e03a545@MiniMax._raop._tcp.local. TXT ch=2¬¶cn=0,1¬¶da=true¬¶ek=1¬¶et=0,1¬¶md=0,1,2¬¶pw=false¬¶sm=false¬¶sr=44100¬¶ss=16¬¶sv=false¬¶tp=UDP¬¶txtvers=
11-28 15:21:09.527 D/mdns    ( 4397): CheckCacheExpiration: Deleting  61441       0 00000000   23 006d0e03a545@MiniMax._raop._tcp.local. SRV 0 0 38431 Android-2.local.
11-28 15:21:09.527 D/mdns    ( 4397): CheckCacheExpiration: Deleting  61441       0 00000000   46 006d0e03a545@MiniMax._raop._tcp.local. NSEC TXT SRV 
11-28 15:21:09.527 D/mdns    ( 4397): CheckCacheExpiration: Updating CacheGroup tail from 400D9138 to 400DAE58
11-28 15:21:09.527 D/mdns    ( 4397): m->NextCacheCheck    2 Slot  58 _rc._tcp.local.
11-28 15:21:09.527 D/mdns    ( 4397): CheckCacheExpiration: Deleting  61441       0 00000000   42 _rc._tcp.local. PTR ÂÆ¢ÂéÖÁöÑÂ∞èÁ±≥ÁõíÂ≠ê\032(6)._rc._tcp.local.
11-28 15:21:09.527 D/mdns    ( 4397): CheckCacheExpiration: Deleting  61441       0 00000000   42 _rc._tcp.local. PTR ÂÆ¢ÂéÖÁöÑÂ∞èÁ±≥ÁõíÂ≠ê\032(3)._rc._tcp.local.
11-28 15:21:09.527 D/mdns    ( 4397): CheckCacheExpiration: Deleting  61441       0 00000000   38 _rc._tcp.local. PTR ÂÆ¢ÂéÖÁöÑÂ∞èÁ±≥ÁõíÂ≠ê._rc._tcp.local.
11-28 15:21:09.527 D/mdns    ( 4397): CheckCacheExpiration: Deleting  61441       0 00000000   42 _rc._tcp.local. PTR ÂÆ¢ÂéÖÁöÑÂ∞èÁ±≥ÁõíÂ≠ê\032(5)._rc._tcp.local.
11-28 15:21:09.527 D/mdns    ( 4397): CheckCacheExpiration: Updating CacheGroup tail from 400D7AA8 to 400D68E0
11-28 15:21:09.527 D/mdns    ( 4397): m->NextCacheCheck    3 Slot  73 ÂÆ¢ÂéÖÁöÑÂ∞èÁ±≥ÁõíÂ≠ê._airkan._tcp.local.
11-28 15:21:09.527 D/mdns    ( 4397): CheckCacheExpiration: Deleting  61441       0 00000000   30 ÂÆ¢ÂéÖÁöÑÂ∞èÁ±≥ÁõíÂ≠ê._airkan._tcp.local. SRV 0 0 6088 milink-254969319.local.
11-28 15:21:09.527 D/mdns    ( 4397): CheckCacheExpiration: Deleting  61441       0 00000000  125 ÂÆ¢ÂéÖÁöÑÂ∞èÁ±≥ÁõíÂ≠ê._airkan._tcp.local. TXT photoport=6089¬¶scrnw=1280¬¶scrnh=720¬¶protver=16777984¬¶prottext=Airkan Protocol Version 1.03¬¶platform_id
11-28 15:21:09.527 D/mdns    ( 4397): CheckCacheExpiration: Updating CacheGroup tail from 400D8428 to 400DAC90
11-28 15:21:09.527 D/mdns    ( 4397): m->NextCacheCheck    4 Slot  76 147.13.16.172.in-addr.arpa.
11-28 15:21:09.527 D/mdns    ( 4397): CheckCacheExpiration: Deleting  61441       0 00000000   17 147.13.16.172.in-addr.arpa. PTR Android-2.local.
11-28 15:21:09.527 D/mdns    ( 4397): CheckCacheExpiration: Deleting  61441       0 00000000   32 147.13.16.172.in-addr.arpa. NSEC PTR 
11-28 15:21:09.527 D/mdns    ( 4397): CheckCacheExpiration: Updating CacheGroup tail from 400D13F0 to 400D8858
11-28 15:21:09.527 D/mdns    ( 4397): m->NextCacheCheck    5 Slot  79 MiniMax._airplay._tcp.local.
11-28 15:21:09.527 D/mdns    ( 4397): CheckCacheExpiration: Deleting  61441       0 00000000   75 MiniMax._airplay._tcp.local. TXT deviceid=00:6d:0e:03:a5:45¬¶features=0x2077¬¶model=AppleTV2,1¬¶srcvers=101.28
11-28 15:21:09.527 D/mdns    ( 4397): CheckCacheExpiration: Deleting  61441       0 00000000   23 MiniMax._airplay._tcp.local. SRV 0 0 38421 Android-2.local.
11-28 15:21:09.527 D/mdns    ( 4397): CheckCacheExpiration: Deleting  61441       0 00000000   36 MiniMax._airplay._tcp.local. NSEC TXT SRV 
11-28 15:21:09.527 D/mdns    ( 4397): CheckCacheExpiration: Updating CacheGroup tail from 400D4FE8 to 400D2070
11-28 15:21:09.527 D/mdns    ( 4397): m->NextCacheCheck    6 Slot 114 Android.local.
11-28 15:21:09.527 D/mdns    ( 4397): CheckCacheExpiration: Deleting  61441       0 00000000    4 Android.local. Addr 172.16.13.44
11-28 15:21:09.527 D/mdns    ( 4397): CheckCacheExpiration: Deleting  61441       0 00000000   16 Android.local. AAAA FE80:0000:0000:0000:02CE:39FF:FEBE:DB23
11-28 15:21:09.527 D/mdns    ( 4397): CheckCacheExpiration: Deleting  61441       0 00000000   21 Android.local. NSEC Addr AAAA 
11-28 15:21:09.527 D/mdns    ( 4397): CheckCacheExpiration: Updating CacheGroup tail from 400D6F60 to 400D8C80
11-28 15:21:09.527 D/mdns    ( 4397): m->NextCacheCheck    7 Slot 117 1048b11ad489@ÂÆ¢ÂéÖÁöÑÂ∞èÁ±≥ÁõíÂ≠ê._raop._tcp.local.
11-28 15:21:09.527 D/mdns    ( 4397): CheckCacheExpiration: Deleting  61441       0 00000000   30 1048b11ad489@ÂÆ¢ÂéÖÁöÑÂ∞èÁ±≥ÁõíÂ≠ê._raop._tcp.local. SRV 0 0 5000 milink-199422877.local.
11-28 15:21:09.527 D/mdns    ( 4397): CheckCacheExpiration: Deleting  61441       0 00000000  176 1048b11ad489@ÂÆ¢ÂéÖÁöÑÂ∞èÁ±≥ÁõíÂ≠ê._raop._tcp.local. TXT tp=UDP¬¶sm=false¬¶sv=false¬¶ek=1¬¶et=0,3,5¬¶cn=0,1¬¶ch=2¬¶ss=16¬¶sr=44100¬¶pw=false¬¶vn=3¬¶txtve
11-28 15:21:09.527 D/mdns    ( 4397): CheckCacheExpiration: Updating CacheGroup tail from 400D6678 to 400D7558
11-28 15:21:09.527 D/mdns    ( 4397): m->NextCacheCheck    8 Slot 125 ÂÆ¢ÂéÖÁöÑÂ∞èÁ±≥ÁõíÂ≠ê\032(3)._rc._tcp.local.
11-28 15:21:09.527 D/mdns    ( 4397): CheckCacheExpiration: Deleting  61441       0 00000000   30 ÂÆ¢ÂéÖÁöÑÂ∞èÁ±≥ÁõíÂ≠ê\032(3)._rc._tcp.local. SRV 0 0 6091 milink-200077498.local.
11-28 15:21:09.527 D/mdns    ( 4397): CheckCacheExpiration: Deleting  61441       0 00000000  158 ÂÆ¢ÂéÖÁöÑÂ∞èÁ±≥ÁõíÂ≠ê\032(3)._rc._tcp.local. TXT protver=16777216¬¶prottext=Remote Controller Protocol Version 1.0¬¶platform_id=205¬¶scrnw=1280¬¶scrnh=72
11-28 15:21:09.527 D/mdns    ( 4397): CheckCacheExpiration: Updating CacheGroup tail from 400D9690 to 400D38C8
11-28 15:21:09.527 D/mdns    ( 4397): m->NextCacheCheck    9 Slot 127 ÂÆ¢ÂéÖÁöÑÂ∞èÁ±≥ÁõíÂ≠ê\032(5)._rc._tcp.local.
11-28 15:21:09.527 D/mdns    ( 4397): CheckCacheExpiration: Deleting  61441       0 00000000   30 ÂÆ¢ÂéÖÁöÑÂ∞èÁ±≥ÁõíÂ≠ê\032(5)._rc._tcp.local. SRV 0 0 6091 milink-199704365.local.
11-28 15:21:09.527 D/mdns    ( 4397): CheckCacheExpiration: Deleting  61441       0 00000000  230 ÂÆ¢ÂéÖÁöÑÂ∞èÁ±≥ÁõíÂ≠ê\032(5)._rc._tcp.local. TXT protver=16777472¬¶prottext=Remote Controller Protocol Version 1.0.1.0¬¶platform_id=205¬¶scrnw=1280¬¶scrn
11-28 15:21:09.527 D/mdns    ( 4397): CheckCacheExpiration: Updating CacheGroup tail from 400D4B28 to 400D3960
11-28 15:21:09.527 D/mdns    ( 4397): m->NextCacheCheck   10 Slot 128 ÂÆ¢ÂéÖÁöÑÂ∞èÁ±≥ÁõíÂ≠ê\032(6)._rc._tcp.local.
11-28 15:21:09.527 D/mdns    ( 4397): CheckCacheExpiration: Deleting  61441       0 00000000   30 ÂÆ¢ÂéÖÁöÑÂ∞èÁ±≥ÁõíÂ≠ê\032(6)._rc._tcp.local. SRV 0 0 6091 milink-199422877.local.
11-28 15:21:09.527 D/mdns    ( 4397): CheckCacheExpiration: Deleting  61441       0 00000000  230 ÂÆ¢ÂéÖÁöÑÂ∞èÁ±≥ÁõíÂ≠ê\032(6)._rc._tcp.local. TXT protver=16777472¬¶prottext=Remote Controller Protocol Version 1.0.1.0¬¶platform_id=205¬¶scrnw=1280¬¶scrn
11-28 15:21:09.527 D/mdns    ( 4397): CheckCacheExpiration: Updating CacheGroup tail from 400D2EA8 to 400D8D18
11-28 15:21:09.527 D/mdns    ( 4397): m->NextCacheCheck   11 Slot 179 Android-2.local.
11-28 15:21:09.527 D/mdns    ( 4397): CheckCacheExpiration: Deleting  61441       0 00000000    4 Android-2.local. Addr 172.16.13.147
11-28 15:21:09.527 D/mdns    ( 4397): CheckCacheExpiration: Deleting  61441       0 00000000   16 Android-2.local. AAAA FE80:0000:0000:0000:026D:0EFF:FE03:A545
11-28 15:21:09.527 D/mdns    ( 4397): CheckCacheExpiration: Deleting  61441       0 00000000   23 Android-2.local. NSEC Addr AAAA 
11-28 15:21:09.527 D/mdns    ( 4397): CheckCacheExpiration: Updating CacheGroup tail from 400D1F38 to 400D9308
11-28 15:21:09.527 D/mdns    ( 4397): m->NextCacheCheck   12 Slot 209 _raop._tcp.local.
11-28 15:21:09.527 D/mdns    ( 4397): CheckCacheExpiration: Deleting  61441       0 00000000   39 _raop._tcp.local. PTR 006d0e03a545@MiniMax._raop._tcp.local.
11-28 15:21:09.527 D/mdns    ( 4397): CheckCacheExpiration: Deleting  61441       0 00000000   39 _raop._tcp.local. PTR 00ce39bedb23@MiniMax._raop._tcp.local.
11-28 15:21:09.527 D/mdns    ( 4397): CheckCacheExpiration: Deleting  61441       0 00000000   53 _raop._tcp.local. PTR 1048b11ad489@ÂÆ¢ÂéÖÁöÑÂ∞èÁ±≥ÁõíÂ≠ê._raop._tcp.local.
11-28 15:21:09.527 D/mdns    ( 4397): CheckCacheExpiration: Deleting  61441       0 00000000   53 _raop._tcp.local. PTR 1048b11cf011@ÂÆ¢ÂéÖÁöÑÂ∞èÁ±≥ÁõíÂ≠ê._raop._tcp.local.
11-28 15:21:09.527 D/mdns    ( 4397): CheckCacheExpiration: Updating CacheGroup tail from 400D3F48 to 400D9568
11-28 15:21:09.527 D/mdns    ( 4397): m->NextCacheCheck   13 Slot 217 _airplay._tcp.local.
11-28 15:21:09.527 D/mdns    ( 4397): CheckCacheExpiration: Deleting  61441       0 00000000   29 _airplay._tcp.local. PTR MiniMax._airplay._tcp.local.
11-28 15:21:09.527 D/mdns    ( 4397): CheckCacheExpiration: Deleting  61441       0 00000000   47 _airplay._tcp.local. PTR ÂÆ¢ÂéÖÁöÑÂ∞èÁ±≥ÁõíÂ≠ê\032(5)._airplay._tcp.local.
11-28 15:21:09.527 D/mdns    ( 4397): CheckCacheExpiration: Deleting  61441       0 00000000   47 _airplay._tcp.local. PTR ÂÆ¢ÂéÖÁöÑÂ∞èÁ±≥ÁõíÂ≠ê\032(2)._airplay._tcp.local.
11-28 15:21:09.527 D/mdns    ( 4397): CheckCacheExpiration: Deleting  61441       0 00000000   33 _airplay._tcp.local. PTR MiniMax\032(3)._airplay._tcp.local.
11-28 15:21:09.527 D/mdns    ( 4397): CheckCacheExpiration: Deleting  61441       0 00000000   47 _airplay._tcp.local. PTR ÂÆ¢ÂéÖÁöÑÂ∞èÁ±≥ÁõíÂ≠ê\032(4)._airplay._tcp.local.
11-28 15:21:09.527 D/mdns    ( 4397): CheckCacheExpiration: Updating CacheGroup tail from 400D25C0 to 400D2CE8
11-28 15:21:09.527 D/mdns    ( 4397): m->NextCacheCheck   14 Slot 220 milink-254969319.local.
11-28 15:21:09.527 D/mdns    ( 4397): CheckCacheExpiration: Deleting  61441       0 00000000    4 milink-254969319.local. Addr 172.16.13.203
11-28 15:21:09.527 D/mdns    ( 4397): CheckCacheExpiration: Updating CacheGroup tail from 400D8BE0 to 400D47A0
11-28 15:21:09.527 D/mdns    ( 4397): m->NextCacheCheck   15 Slot 249 milink-199704365.local.
11-28 15:21:09.527 D/mdns    ( 4397): CheckCacheExpiration: Deleting  61441       0 00000000    4 milink-199704365.local. Addr 172.16.13.14
11-28 15:21:09.527 D/mdns    ( 4397): CheckCacheExpiration: Updating CacheGroup tail from 400D95F8 to 400D71C8
11-28 15:21:09.527 D/mdns    ( 4397): m->NextCacheCheck   16 Slot 269 ÂÆ¢ÂéÖÁöÑÂ∞èÁ±≥ÁõíÂ≠ê\032(5)._airkan._tcp.local.
11-28 15:21:09.527 D/mdns    ( 4397): CheckCacheExpiration: Deleting  61441       0 00000000   30 ÂÆ¢ÂéÖÁöÑÂ∞èÁ±≥ÁõíÂ≠ê\032(5)._airkan._tcp.local. SRV 0 0 6088 milink-199704365.local.
11-28 15:21:09.527 D/mdns    ( 4397): CheckCacheExpiration: Deleting  61441       0 00000000  125 ÂÆ¢ÂéÖÁöÑÂ∞èÁ±≥ÁõíÂ≠ê\032(5)._airkan._tcp.local. TXT photoport=6089¬¶scrnw=1280¬¶scrnh=720¬¶protver=16777984¬¶prottext=Airkan Protocol Version 1.03¬¶plat
11-28 15:21:09.527 D/mdns    ( 4397): CheckCacheExpiration: Updating CacheGroup tail from 400D7ED0 to 400D18B8
11-28 15:21:09.527 D/mdns    ( 4397): m->NextCacheCheck   17 Slot 274 milink-203107814.local.
11-28 15:21:09.527 D/mdns    ( 4397): CheckCacheExpiration: Deleting  61441       0 00000000    4 milink-203107814.local. Addr 172.16.13.34
11-28 15:21:09.527 D/mdns    ( 4397): CheckCacheExpiration: Updating CacheGroup tail from 400D98F0 to 400D4EC0
11-28 15:21:09.527 D/mdns    ( 4397): m->NextCacheCheck   18 Slot 286 3.2.B.D.E.B.E.F.F.F.9.3.E.C.2.0.0.0.0.0.0.0.0.0.0.0.0.0.0.8.E.F.ip6.arpa.
11-28 15:21:09.527 D/mdns    ( 4397): CheckCacheExpiration: Deleting  61441       0 00000000   15 3.2.B.D.E.B.E.F.F.F.9.3.E.C.2.0.0.0.0.0.0.0.0.0.0.0.0.0.0.8.E.F.ip6.arpa. PTR Android.local.
11-28 15:21:09.527 D/mdns    ( 4397): CheckCacheExpiration: Deleting  61441       0 00000000   78 3.2.B.D.E.B.E.F.F.F.9.3.E.C.2.0.0.0.0.0.0.0.0.0.0.0.0.0.0.8.E.F.ip6.arpa. NSEC PTR 
11-28 15:21:09.527 D/mdns    ( 4397): CheckCacheExpiration: Updating CacheGroup tail from 400D5F58 to 400D28C0
11-28 15:21:09.527 D/mdns    ( 4397): m->NextCacheCheck   19 Slot 297 _services._dns-sd._udp.local.
11-28 15:21:09.527 D/mdns    ( 4397): CheckCacheExpiration: Deleting  61441       0 00000000   18 _services._dns-sd._udp.local. PTR _raop._tcp.local.
11-28 15:21:09.527 D/mdns    ( 4397): CheckCacheExpiration: Deleting  61441       0 00000000   21 _services._dns-sd._udp.local. PTR _airplay._tcp.local.
11-28 15:21:09.527 D/mdns    ( 4397): CheckCacheExpiration: Updating CacheGroup tail from 400DA860 to 400D2108
11-28 15:21:09.527 D/mdns    ( 4397): m->NextCacheCheck   20 Slot 310 1048b11cf011@ÂÆ¢ÂéÖÁöÑÂ∞èÁ±≥ÁõíÂ≠ê._raop._tcp.local.
11-28 15:21:09.527 D/mdns    ( 4397): CheckCacheExpiration: Deleting  61441       0 00000000   30 1048b11cf011@ÂÆ¢ÂéÖÁöÑÂ∞èÁ±≥ÁõíÂ≠ê._raop._tcp.local. SRV 0 0 5000 milink-199704365.local.
11-28 15:21:09.527 D/mdns    ( 4397): CheckCacheExpiration: Deleting  61441       0 00000000  176 1048b11cf011@ÂÆ¢ÂéÖÁöÑÂ∞èÁ±≥ÁõíÂ≠ê._raop._tcp.local. TXT tp=UDP¬¶sm=false¬¶sv=false¬¶ek=1¬¶et=0,3,5¬¶cn=0,1¬¶ch=2¬¶ss=16¬¶sr=44100¬¶pw=false¬¶vn=3¬¶txtve
11-28 15:21:09.527 D/mdns    ( 4397): CheckCacheExpiration: Updating CacheGroup tail from 400D9A20 to 400D7688
11-28 15:21:09.527 D/mdns    ( 4397): m->NextCacheCheck   21 Slot 325 ÂÆ¢ÂéÖÁöÑÂ∞èÁ±≥ÁõíÂ≠ê\032(2)._airplay._tcp.local.
11-28 15:21:09.527 D/mdns    ( 4397): CheckCacheExpiration: Deleting  61441       0 00000000   30 ÂÆ¢ÂéÖÁöÑÂ∞èÁ±≥ÁõíÂ≠ê\032(2)._airplay._tcp.local. SRV 0 0 7000 milink-200077498.local.
11-28 15:21:09.527 D/mdns    ( 4397): CheckCacheExpiration: Deleting  61441       0 00000000   94 ÂÆ¢ÂéÖÁöÑÂ∞èÁ±≥ÁõíÂ≠ê\032(2)._airplay._tcp.local. TXT deviceid=10:48:b1:11:c2:83¬¶features=0x100029ff¬¶flags=0x4¬¶model=AppleTV3,1¬¶srcvers=150.33¬¶vv=1
11-28 15:21:09.527 D/mdns    ( 4397): CheckCacheExpiration: Updating CacheGroup tail from 400D5A00 to 400D5418
11-28 15:21:09.527 D/mdns    ( 4397): m->NextCacheCheck   22 Slot 334 _airkan._tcp.local.
11-28 15:21:09.527 D/mdns    ( 4397): CheckCacheExpiration: Deleting  61441       0 00000000   42 _airkan._tcp.local. PTR ÂÆ¢ÂéÖÁöÑÂ∞èÁ±≥ÁõíÂ≠ê._airkan._tcp.local.
11-28 15:21:09.527 D/mdns    ( 4397): CheckCacheExpiration: Deleting  61441       0 00000000   46 _airkan._tcp.local. PTR ÂÆ¢ÂéÖÁöÑÂ∞èÁ±≥ÁõíÂ≠ê\032(5)._airkan._tcp.local.
11-28 15:21:09.527 D/mdns    ( 4397): CheckCacheExpiration: Deleting  61441       0 00000000   27 _airkan._tcp.local. PTR qqwwee._airkan._tcp.local.
11-28 15:21:09.527 D/mdns    ( 4397): CheckCacheExpiration: Updating CacheGroup tail from 400D32D0 to 400D41B0
11-28 15:21:09.527 D/mdns    ( 4397): m->NextCacheCheck   23 Slot 337 ÂÆ¢ÂéÖÁöÑÂ∞èÁ±≥ÁõíÂ≠ê._rc._tcp.local.
11-28 15:21:09.527 D/mdns    ( 4397): CheckCacheExpiration: Deleting  61441       0 00000000   30 ÂÆ¢ÂéÖÁöÑÂ∞èÁ±≥ÁõíÂ≠ê._rc._tcp.local. SRV 0 0 6091 milink-254969319.local.
11-28 15:21:09.527 D/mdns    ( 4397): CheckCacheExpiration: Deleting  61441       0 00000000  230 ÂÆ¢ÂéÖÁöÑÂ∞èÁ±≥ÁõíÂ≠ê._rc._tcp.local. TXT protver=16777472¬¶prottext=Remote Controller Protocol Version 1.0.1.0¬¶platform_id=205¬¶scrnw=1280¬¶scrnh=720¬¶
11-28 15:21:09.527 D/mdns    ( 4397): CheckCacheExpiration: Updating CacheGroup tail from 400D4078 to 400D4BC8
11-28 15:21:09.527 D/mdns    ( 4397): m->NextCacheCheck   24 Slot 351 ÂÆ¢ÂéÖÁöÑÂ∞èÁ±≥ÁõíÂ≠ê\032(4)._airplay._tcp.local.
11-28 15:21:09.527 D/mdns    ( 4397): CheckCacheExpiration: Deleting  61441       0 00000000   30 ÂÆ¢ÂéÖÁöÑÂ∞èÁ±≥ÁõíÂ≠ê\032(4)._airplay._tcp.local. SRV 0 0 7000 milink-199704365.local.
11-28 15:21:09.527 D/mdns    ( 4397): CheckCacheExpiration: Deleting  61441       0 00000000   94 ÂÆ¢ÂéÖÁöÑÂ∞èÁ±≥ÁõíÂ≠ê\032(4)._airplay._tcp.local. TXT deviceid=10:48:b1:1c:f0:11¬¶features=0x100029ff¬¶flags=0x4¬¶model=AppleTV3,1¬¶srcvers=150.33¬¶vv=1
11-28 15:21:09.527 D/mdns    ( 4397): CheckCacheExpiration: Updating CacheGroup tail from 400D9D18 to 400D4838
11-28 15:21:09.527 D/mdns    ( 4397): m->NextCacheCheck   25 Slot 364 ÂÆ¢ÂéÖÁöÑÂ∞èÁ±≥ÁõíÂ≠ê\032(5)._airplay._tcp.local.
11-28 15:21:09.527 D/mdns    ( 4397): CheckCacheExpiration: Deleting  61441       0 00000000   30 ÂÆ¢ÂéÖÁöÑÂ∞èÁ±≥ÁõíÂ≠ê\032(5)._airplay._tcp.local. SRV 0 0 7000 milink-199422877.local.
11-28 15:21:09.527 D/mdns    ( 4397): CheckCacheExpiration: Deleting  61441       0 00000000   94 ÂÆ¢ÂéÖÁöÑÂ∞èÁ±≥ÁõíÂ≠ê\032(5)._airplay._tcp.local. TXT deviceid=10:48:b1:1a:d4:89¬¶features=0x100029ff¬¶flags=0x4¬¶model=AppleTV3,1¬¶srcvers=150.33¬¶vv=1
11-28 15:21:09.527 D/mdns    ( 4397): CheckCacheExpiration: Updating CacheGroup tail from 400D57A0 to 400D5250
11-28 15:21:09.527 D/mdns    ( 4397): m->NextCacheCheck   26 Slot 372 5.4.5.A.3.0.E.F.F.F.E.0.D.6.2.0.0.0.0.0.0.0.0.0.0.0.0.0.0.8.E.F.ip6.arpa.
11-28 15:21:09.527 D/mdns    ( 4397): CheckCacheExpiration: Deleting  61441       0 00000000   17 5.4.5.A.3.0.E.F.F.F.E.0.D.6.2.0.0.0.0.0.0.0.0.0.0.0.0.0.0.8.E.F.ip6.arpa. PTR Android-2.local.
11-28 15:21:09.527 D/mdns    ( 4397): CheckCacheExpiration: Deleting  61441       0 00000000   78 5.4.5.A.3.0.E.F.F.F.E.0.D.6.2.0.0.0.0.0.0.0.0.0.0.0.0.0.0.8.E.F.ip6.arpa. NSEC PTR 
11-28 15:21:09.527 D/mdns    ( 4397): CheckCacheExpiration: Updating CacheGroup tail from 400D1BA8 to 400D74C0
11-28 15:21:09.527 D/mdns    ( 4397): m->NextCacheCheck   27 Slot 409 qqwwee._airkan._tcp.local.
11-28 15:21:09.527 D/mdns    ( 4397): CheckCacheExpiration: Deleting  61441       0 00000000   30 qqwwee._airkan._tcp.local. SRV 0 0 6088 milink-203107814.local.
11-28 15:21:09.527 D/mdns    ( 4397): CheckCacheExpiration: Deleting  61441       0 00000000  125 qqwwee._airkan._tcp.local. TXT photoport=6089¬¶scrnw=1280¬¶scrnh=720¬¶protver=16777984¬¶prottext=Airkan Protocol Version 1.03¬¶platform_id=205¬¶music_ver
11-28 15:21:09.527 D/mdns    ( 4397): CheckCacheExpiration: Updating CacheGroup tail from 400D6088 to 400D16F0
11-28 15:21:09.527 D/mdns    ( 4397): m->NextCacheCheck   28 Slot 440 MiniMax\032(3)._airplay._tcp.local.
11-28 15:21:09.527 D/mdns    ( 4397): CheckCacheExpiration: Deleting  61441       0 00000000   75 MiniMax\032(3)._airplay._tcp.local. TXT deviceid=00:ce:39:be:db:23¬¶features=0x2077¬¶model=AppleTV2,1¬¶srcvers=101.28
11-28 15:21:09.527 D/mdns    ( 4397): CheckCacheExpiration: Deleting  61441       0 00000000   21 MiniMax\032(3)._airplay._tcp.local. SRV 0 0 38421 Android.local.
11-28 15:21:09.527 D/mdns    ( 4397): CheckCacheExpiration: Deleting  61441       0 00000000   40 MiniMax\032(3)._airplay._tcp.local. NSEC TXT SRV 
11-28 15:21:09.527 D/mdns    ( 4397): CheckCacheExpiration: Updating CacheGroup tail from 400DABF0 to 400D3C58
11-28 15:21:09.527 D/mdns    ( 4397): m->NextCacheCheck   29 Slot 446 00ce39bedb23@MiniMax._raop._tcp.local.
11-28 15:21:09.527 D/mdns    ( 4397): CheckCacheExpiration: Deleting  61441       0 00000000  115 00ce39bedb23@MiniMax._raop._tcp.local. TXT ch=2¬¶cn=0,1¬¶da=true¬¶ek=1¬¶et=0,1¬¶md=0,1,2¬¶pw=false¬¶sm=false¬¶sr=44100¬¶ss=16¬¶sv=false¬¶tp=UDP¬¶txtvers=
11-28 15:21:09.527 D/mdns    ( 4397): CheckCacheExpiration: Deleting  61441       0 00000000   21 00ce39bedb23@MiniMax._raop._tcp.local. SRV 0 0 38431 Android.local.
11-28 15:21:09.527 D/mdns    ( 4397): CheckCacheExpiration: Deleting  61441       0 00000000   46 00ce39bedb23@MiniMax._raop._tcp.local. NSEC TXT SRV 
11-28 15:21:09.527 D/mdns    ( 4397): CheckCacheExpiration: Updating CacheGroup tail from 400D1190 to 400D6978
11-28 15:21:09.527 D/mdns    ( 4397): m->NextCacheCheck   30 checked, next in 1071366013
11-28 15:21:09.527 D/mdns    ( 4397): mDNS_Execute: Skipping LocalAuthRecord    4 Android-2.local. Addr 172.16.13.147
11-28 15:21:09.527 D/mdns    ( 4397): mDNS_Execute: Delivering Add event with LocalAuthRecord   17 147.13.16.172.in-addr.arpa. PTR Android-2.local.
11-28 15:21:09.527 D/mdns    ( 4397): mDNS_Execute: Skipping LocalAuthRecord   16 Android-2.local. AAAA FE80:0000:0000:0000:026D:0EFF:FE03:A545
11-28 15:21:09.527 D/mdns    ( 4397): mDNS_Execute: Delivering Add event with LocalAuthRecord   17 5.4.5.A.3.0.E.F.F.F.E.0.D.6.2.0.0.0.0.0.0.0.0.0.0.0.0.0.0.8.E.F.ip6.arpa. PTR Android-2.local.
11-28 15:21:09.527 D/mdns    ( 4397): mDNS_Execute: Setting NewLocalRecords to    4 Android-2.local. Addr 172.16.13.147
11-28 15:21:09.537 D/WifiSetting(14128): handleEvent action:android.net.wifi.SCAN_RESULTS
11-28 15:21:09.567 D/cocos2d-x debug info(14128): JS: launcher.eventCenter.onWifiStateChanged
11-28 15:21:09.577 D/cocos2d-x debug info(14128): trace_frame: 45.815659
11-28 15:21:09.597 D/launcher_auto(14128): launcher_auto: sendkey back and wait.
11-28 15:21:09.687 D/cocos2d-x debug info(14128): trace_frame: 65.032188
11-28 15:21:09.687 D/audio_hw_primary( 1334): do_output_standby
11-28 15:21:09.687 D/audio_hw_primary( 1334): goes there..........
11-28 15:21:09.687 D/audio_hw_primary( 1334): do output standby, set standby to 1
11-28 15:21:09.717 D/mdns    ( 4397): mDNS_Execute
11-28 15:21:09.717 D/mdns    ( 4397): mDNS_Execute: Skipping LocalAuthRecord    4 Android-2.local. Addr 172.16.13.147
11-28 15:21:09.717 D/mdns    ( 4397): mDNS_Execute: Skipping LocalAuthRecord   16 Android-2.local. AAAA FE80:0000:0000:0000:026D:0EFF:FE03:A545
11-28 15:21:09.717 D/mdns    ( 4397): mDNS_Execute: Setting NewLocalRecords to    4 Android-2.local. Addr 172.16.13.147
11-28 15:21:09.787 D/cocos2d-x debug info(14128): trace_frame: 59.988598
11-28 15:21:09.887 D/cocos2d-x debug info(14128): trace_frame: 59.805035
11-28 15:21:10.007 D/cocos2d-x debug info(14128): trace_frame: 60.134884
11-28 15:21:10.027 D/mdns    ( 4397): mDNS_Execute
11-28 15:21:10.027 D/mdns    ( 4397): mDNS_Execute: Skipping LocalAuthRecord    4 Android-2.local. Addr 172.16.13.147
11-28 15:21:10.027 D/mdns    ( 4397): mDNS_Execute: Skipping LocalAuthRecord   16 Android-2.local. AAAA FE80:0000:0000:0000:026D:0EFF:FE03:A545
11-28 15:21:10.027 D/mdns    ( 4397): mDNS_Execute: Setting NewLocalRecords to    4 Android-2.local. Addr 172.16.13.147
11-28 15:21:10.027 D/mdns    ( 4397): SendQueries:   Put Question 006d0e03a545@MiniMax._raop._tcp.local. (SRV) probecount 2
11-28 15:21:10.027 D/mdns    ( 4397): SendQueries:   Put Question MiniMax._airplay._tcp.local. (SRV) probecount 2
11-28 15:21:10.027 D/mdns    ( 4397): SendQueries:   Put Question Android-2.local. (Addr) probecount 2
11-28 15:21:10.027 D/mdns    ( 4397): SendQueries:   Put Question Android-2.local. (AAAA) probecount 2
11-28 15:21:10.027 D/mdns    ( 4397): SendQueries putting   24 . OPT Max 1440 Vers 0 Seq   0 MAC 00:00:00:00:00:00 I-MAC 09:41:6E:64:72:6F
11-28 15:21:10.027 D/mdns    ( 4397): SendQueries:   Sending 4 Questions 0 Answers 4 Updates on 412B9780
11-28 15:21:10.027 D/mdns    ( 4397): SocketDataReady got a packet from 172.16.13.147 to 224.0.0.251 on interface 172.16.13.147/wlan0/7/292
11-28 15:21:10.027 D/mdns    ( 4397): Received Query from 172.16.13.147  :5353  to 224.0.0.251    :5353  on 0x412B9780 with  4 Questions,  0 Answers,  4 Authorities,  1 Additional  201 bytes
11-28 15:21:10.027 D/mdns    ( 4397): SocketDataReady got a packet from FE80:0000:0000:0000:026D:0EFF:FE03:A545 to FF02:0000:0000:0000:0000:0000:0000:00FB on interface 172.16.13.147/wlan0/7/293
11-28 15:21:10.027 D/mdns    ( 4397): Received Query from FE80:0000:0000:0000:026D:0EFF:FE03:A545:5353  to FF02:0000:0000:0000:0000:0000:0000:00FB:5353  on 0x412B9780 with  4 Questions,  0 Answers,  4 Authorities,  1 Additional  201 bytes
11-28 15:21:10.107 D/cocos2d-x debug info(14128): trace_frame: 59.581142
11-28 15:21:10.127 D/mdns    ( 4397): mDNS_Execute
11-28 15:21:10.127 D/mdns    ( 4397): mDNS_Execute: Skipping LocalAuthRecord    4 Android-2.local. Addr 172.16.13.147
11-28 15:21:10.127 D/mdns    ( 4397): mDNS_Execute: Skipping LocalAuthRecord   16 Android-2.local. AAAA FE80:0000:0000:0000:026D:0EFF:FE03:A545
11-28 15:21:10.127 D/mdns    ( 4397): mDNS_Execute: Setting NewLocalRecords to    4 Android-2.local. Addr 172.16.13.147
11-28 15:21:10.177 D/mdns    ( 4397): SocketDataReady got a packet from 172.16.13.131 to 224.0.0.251 on interface 172.16.13.147/wlan0/7/292
11-28 15:21:10.177 D/mdns    ( 4397): Received Response from 172.16.13.131   addressed to 224.0.0.251     on 412B9780 with  0 Questions,  3 Answers,  0 Authorities,  0 Additionals 198 bytes LLQType 0
11-28 15:21:10.227 D/cocos2d-x debug info(14128): trace_frame: 60.333382
11-28 15:21:10.277 D/mdns    ( 4397): mDNS_Execute
11-28 15:21:10.277 D/mdns    ( 4397): mDNS_Execute: Skipping LocalAuthRecord    4 Android-2.local. Addr 172.16.13.147
11-28 15:21:10.277 D/mdns    ( 4397): mDNS_Execute: Skipping LocalAuthRecord   16 Android-2.local. AAAA FE80:0000:0000:0000:026D:0EFF:FE03:A545
11-28 15:21:10.277 D/mdns    ( 4397): mDNS_Execute: Setting NewLocalRecords to    4 Android-2.local. Addr 172.16.13.147
11-28 15:21:10.277 D/mdns    ( 4397): SendQueries:   Put Question 006d0e03a545@MiniMax._raop._tcp.local. (SRV) probecount 1
11-28 15:21:10.277 D/mdns    ( 4397): SendQueries:   Put Question MiniMax._airplay._tcp.local. (SRV) probecount 1
11-28 15:21:10.277 D/mdns    ( 4397): SendQueries:   Put Question Android-2.local. (Addr) probecount 1
11-28 15:21:10.277 D/mdns    ( 4397): SendQueries:   Put Question Android-2.local. (AAAA) probecount 1
11-28 15:21:10.277 D/mdns    ( 4397): SendQueries putting   24 . OPT Max 1440 Vers 0 Seq   0 MAC 00:00:00:00:00:00 I-MAC 09:41:6E:64:72:6F
11-28 15:21:10.277 D/mdns    ( 4397): SendQueries:   Sending 4 Questions 0 Answers 4 Updates on 412B9780
11-28 15:21:10.277 D/mdns    ( 4397): SocketDataReady got a packet from 172.16.13.147 to 224.0.0.251 on interface 172.16.13.147/wlan0/7/292
11-28 15:21:10.277 D/mdns    ( 4397): Received Query from 172.16.13.147  :5353  to 224.0.0.251    :5353  on 0x412B9780 with  4 Questions,  0 Answers,  4 Authorities,  1 Additional  201 bytes
11-28 15:21:10.277 D/mdns    ( 4397): SocketDataReady got a packet from FE80:0000:0000:0000:026D:0EFF:FE03:A545 to FF02:0000:0000:0000:0000:0000:0000:00FB on interface 172.16.13.147/wlan0/7/293
11-28 15:21:10.287 D/mdns    ( 4397): Received Query from FE80:0000:0000:0000:026D:0EFF:FE03:A545:5353  to FF02:0000:0000:0000:0000:0000:0000:00FB:5353  on 0x412B9780 with  4 Questions,  0 Answers,  4 Authorities,  1 Additional  201 bytes
11-28 15:21:10.327 D/cocos2d-x debug info(14128): trace_frame: 59.964020
11-28 15:21:10.377 D/mdns    ( 4397): mDNS_Execute
11-28 15:21:10.377 D/mdns    ( 4397): mDNS_Execute: Skipping LocalAuthRecord    4 Android-2.local. Addr 172.16.13.147
11-28 15:21:10.377 D/mdns    ( 4397): mDNS_Execute: Skipping LocalAuthRecord   16 Android-2.local. AAAA FE80:0000:0000:0000:026D:0EFF:FE03:A545
11-28 15:21:10.377 D/mdns    ( 4397): mDNS_Execute: Setting NewLocalRecords to    4 Android-2.local. Addr 172.16.13.147
11-28 15:21:10.437 D/cocos2d-x debug info(14128): trace_frame: 59.972073
11-28 15:21:10.527 D/mdns    ( 4397): mDNS_Execute
11-28 15:21:10.527 D/mdns    ( 4397): mDNS_Execute: Skipping LocalAuthRecord    4 Android-2.local. Addr 172.16.13.147
11-28 15:21:10.527 D/mdns    ( 4397): mDNS_Execute: Skipping LocalAuthRecord   16 Android-2.local. AAAA FE80:0000:0000:0000:026D:0EFF:FE03:A545
11-28 15:21:10.527 D/mdns    ( 4397): mDNS_Execute: Setting NewLocalRecords to    4 Android-2.local. Addr 172.16.13.147
11-28 15:21:10.527 D/mdns    ( 4397): mDNS_HostNameCallback: Android-2.local. (Addr) Name registered (0)
11-28 15:21:10.527 D/mdns    ( 4397): mDNS_HostNameCallback: Android-2.local. (AAAA) Name registered (0)
11-28 15:21:10.527 D/mdns    ( 4397): SendQueries:   Put Question 006d0e03a545@MiniMax._raop._tcp.local. (SRV) probecount 0
11-28 15:21:10.527 D/mdns    ( 4397): SendQueries:   Put Question MiniMax._airplay._tcp.local. (SRV) probecount 0
11-28 15:21:10.527 D/mdns    ( 4397): SendQueries:   Put Question Android-2.local. (Addr) probecount 0
11-28 15:21:10.527 D/mdns    ( 4397): SendQueries:   Put Question Android-2.local. (AAAA) probecount 0
11-28 15:21:10.527 D/mdns    ( 4397): SendQueries putting   24 . OPT Max 1440 Vers 0 Seq   0 MAC 00:00:00:00:00:00 I-MAC 09:41:6E:64:72:6F
11-28 15:21:10.527 D/mdns    ( 4397): SendQueries:   Sending 4 Questions 0 Answers 4 Updates on 412B9780
11-28 15:21:10.537 D/mdns    ( 4397): SocketDataReady got a packet from 172.16.13.147 to 224.0.0.251 on interface 172.16.13.147/wlan0/7/292
11-28 15:21:10.537 D/mdns    ( 4397): Received Query from 172.16.13.147  :5353  to 224.0.0.251    :5353  on 0x412B9780 with  4 Questions,  0 Answers,  4 Authorities,  1 Additional  201 bytes
11-28 15:21:10.537 D/mdns    ( 4397): SocketDataReady got a packet from FE80:0000:0000:0000:026D:0EFF:FE03:A545 to FF02:0000:0000:0000:0000:0000:0000:00FB on interface 172.16.13.147/wlan0/7/293
11-28 15:21:10.537 D/mdns    ( 4397): Received Query from FE80:0000:0000:0000:026D:0EFF:FE03:A545:5353  to FF02:0000:0000:0000:0000:0000:0000:00FB:5353  on 0x412B9780 with  4 Questions,  0 Answers,  4 Authorities,  1 Additional  201 bytes
11-28 15:21:10.537 D/cocos2d-x debug info(14128): trace_frame: 59.815166
11-28 15:21:10.597 D/mdns    ( 4397): SocketDataReady got a packet from 172.16.13.4 to 224.0.0.251 on interface 172.16.13.147/wlan0/7/292
11-28 15:21:10.597 D/mdns    ( 4397): Received Query from 172.16.13.4    :5353  to 224.0.0.251    :5353  on 0x412B9780 with  1 Question,  10 Answers,  0 Authorities,  0 Additionals 339 bytes
11-28 15:21:10.597 D/mdns    ( 4397): SocketDataReady got a packet from FE80:0000:0000:0000:EE35:86FF:FE54:AE58 to FF02:0000:0000:0000:0000:0000:0000:00FB on interface 172.16.13.147/wlan0/7/293
11-28 15:21:10.597 D/mdns    ( 4397): Received Query from FE80:0000:0000:0000:EE35:86FF:FE54:AE58:5353  to FF02:0000:0000:0000:0000:0000:0000:00FB:5353  on 0x412B9780 with  1 Question,  10 Answers,  0 Authorities,  0 Additionals 339 bytes
11-28 15:21:10.607 D/mdns    ( 4397): SocketDataReady got a packet from 172.16.13.193 to 224.0.0.251 on interface 172.16.13.147/wlan0/7/292
11-28 15:21:10.607 D/mdns    ( 4397): Received Response from 172.16.13.193   addressed to 224.0.0.251     on 412B9780 with  0 Questions,  3 Answers,  0 Authorities,  0 Additionals 204 bytes LLQType 0
11-28 15:21:10.607 D/mdns    ( 4397): SocketDataReady got a packet from 172.16.13.203 to 224.0.0.251 on interface 172.16.13.147/wlan0/7/292
11-28 15:21:10.607 D/mdns    ( 4397): Received Response from 172.16.13.203   addressed to 224.0.0.251     on 412B9780 with  0 Questions,  3 Answers,  0 Authorities,  0 Additionals 204 bytes LLQType 0
11-28 15:21:10.607 D/mdns    ( 4397): SocketDataReady got a packet from 172.16.13.146 to 224.0.0.251 on interface 172.16.13.147/wlan0/7/292
11-28 15:21:10.607 D/mdns    ( 4397): Received Response from 172.16.13.146   addressed to 224.0.0.251     on 412B9780 with  0 Questions,  4 Answers,  0 Authorities,  0 Additionals 222 bytes LLQType 0
