11-28 15:20:53.787 D/cocos2d-x debug info(14128): JS: test cell label index=10
11-28 15:20:53.787 D/cocos2d-x debug info(14128): JS: test cell mCustomDataList data=ÊÉäÂ§©È≠îÁõóÂõ¢
11-28 15:20:53.787 D/cocos2d-x debug info(14128): JS: test cell mCustomDataList url=http://img.funshion.com/pictures/media/list/105/158/105158_250_350_ott_poster.jpg?1414252401
11-28 15:20:53.787 D/cocos2d-x debug info(14128): JS: panelSize.width=200
11-28 15:20:53.787 D/cocos2d-x debug info(14128): JS: panelSize.height=50
11-28 15:20:53.787 D/cocos2d-x debug info(14128): cocos2d: fullPathForFilename: No file found at Arial. Possible missing file.
11-28 15:20:53.797 D/cocos2d-x debug info(14128): JS: test cell null5
11-28 15:20:53.797 D/cocos2d-x debug info(14128): JS: table idx2
11-28 15:20:53.797 D/cocos2d-x debug info(14128): JS: table labelValue=1
11-28 15:20:53.797 D/cocos2d-x debug info(14128): JS: test cell label index=11
11-28 15:20:53.797 D/cocos2d-x debug info(14128): JS: test cell mCustomDataList data=Â©öÂâçËØïÁà±
11-28 15:20:53.797 D/cocos2d-x debug info(14128): JS: test cell mCustomDataList url=http://img.funshion.com/pictures/media/list/961/63/96163_250_350_ott_poster.jpg?1406101851
11-28 15:20:53.797 D/cocos2d-x debug info(14128): JS: panelSize.width=200
11-28 15:20:53.797 D/cocos2d-x debug info(14128): JS: panelSize.height=50
11-28 15:20:53.807 D/cocos2d-x debug info(14128): cocos2d: fullPathForFilename: No file found at Arial. Possible missing file.
11-28 15:20:53.807 D/cocos2d-x debug info(14128): JS: test cell null5
11-28 15:20:53.807 D/cocos2d-x debug info(14128): JS: table idx3
11-28 15:20:53.807 D/cocos2d-x debug info(14128): JS: table labelValue=1
11-28 15:20:53.817 D/cocos2d-x debug info(14128): JS: test cell label index=12
11-28 15:20:53.817 D/cocos2d-x debug info(14128): JS: test cell mCustomDataList data=ÂπªÂΩ±ËΩ¶Á•ûÔºöÈ≠îÁõóÊøÄÊÉÖ
11-28 15:20:53.817 D/cocos2d-x debug info(14128): JS: test cell mCustomDataList url=http://img.funshion.com/pictures/media/list/112/240/112240_250_350_ott_poster.jpg?1411701487
11-28 15:20:53.817 D/cocos2d-x debug info(14128): JS: panelSize.width=200
11-28 15:20:53.817 D/cocos2d-x debug info(14128): JS: panelSize.height=50
11-28 15:20:53.817 D/cocos2d-x debug info(14128): cocos2d: fullPathForFilename: No file found at Arial. Possible missing file.
11-28 15:20:53.827 D/dalvikvm(14128): GC_CONCURRENT freed 2013K, 61% free 7305K/18508K, paused 3ms+3ms, total 35ms
11-28 15:20:53.827 D/cocos2d-x debug info(14128): JS: test cell null5
11-28 15:20:53.827 D/cocos2d-x debug info(14128): JS: table idx4
11-28 15:20:53.827 D/cocos2d-x debug info(14128): JS: table labelValue=1
11-28 15:20:53.837 D/cocos2d-x debug info(14128): JS: test cell label index=13
11-28 15:20:53.837 D/cocos2d-x debug info(14128): JS: test cell mCustomDataList data=ËÄÅÂçÉ
11-28 15:20:53.837 D/cocos2d-x debug info(14128): JS: test cell mCustomDataList url=http://img.funshion.com/pictures/media/list/351/57/35157_250_350_ott_poster.jpg?1405924998
11-28 15:20:53.837 D/cocos2d-x debug info(14128): JS: panelSize.width=200
11-28 15:20:53.837 D/cocos2d-x debug info(14128): JS: panelSize.height=50
11-28 15:20:53.837 D/cocos2d-x debug info(14128): cocos2d: fullPathForFilename: No file found at Arial. Possible missing file.
11-28 15:20:53.837 D/cocos2d-x debug info(14128): JS: test cell null5
11-28 15:20:53.837 D/cocos2d-x debug info(14128): JS: table idx5
11-28 15:20:53.837 D/cocos2d-x debug info(14128): JS: table labelValue=1
11-28 15:20:53.847 D/cocos2d-x debug info(14128): JS: test cell label index=14
11-28 15:20:53.847 D/cocos2d-x debug info(14128): JS: test cell mCustomDataList data=Êâ´ÊØí
11-28 15:20:53.847 D/cocos2d-x debug info(14128): JS: test cell mCustomDataList url=http://img.funshion.com/pictures/media/list/106/937/106937_250_350_ott_poster.jpg?1407995534
11-28 15:20:53.847 D/cocos2d-x debug info(14128): JS: panelSize.width=200
11-28 15:20:53.847 D/cocos2d-x debug info(14128): JS: panelSize.height=50
11-28 15:20:53.847 D/cocos2d-x debug info(14128): cocos2d: fullPathForFilename: No file found at Arial. Possible missing file.
11-28 15:20:53.847 D/cocos2d-x debug info(14128): JS: test cell null5
11-28 15:20:53.847 D/cocos2d-x debug info(14128): JS: table idx6
11-28 15:20:53.847 D/cocos2d-x debug info(14128): JS: table labelValue=1
11-28 15:20:53.847 D/cocos2d-x debug info(14128): JS: test cell label index=15
11-28 15:20:53.857 D/cocos2d-x debug info(14128): JS: test cell mCustomDataList data=ÈáëËùâËÑ±Â£≥
11-28 15:20:53.857 D/cocos2d-x debug info(14128): JS: test cell mCustomDataList url=http://img.funshion.com/pictures/media/list/108/792/108792_250_350_ott_poster.jpg?1406605060
11-28 15:20:53.857 D/cocos2d-x debug info(14128): JS: panelSize.width=200
11-28 15:20:53.857 D/cocos2d-x debug info(14128): JS: panelSize.height=50
11-28 15:20:53.857 D/cocos2d-x debug info(14128): cocos2d: fullPathForFilename: No file found at Arial. Possible missing file.
11-28 15:20:53.857 D/cocos2d-x debug info(14128): JS: test cell null5
11-28 15:20:53.857 D/cocos2d-x debug info(14128): JS: table idx7
11-28 15:20:53.857 D/cocos2d-x debug info(14128): JS: table labelValue=1
11-28 15:20:53.867 D/cocos2d-x debug info(14128): JS: test cell label index=16
11-28 15:20:53.867 D/cocos2d-x debug info(14128): JS: test cell mCustomDataList data=Áà±ÊÉÖÂíåÈ¶ôÁÉü
11-28 15:20:53.867 D/cocos2d-x debug info(14128): JS: test cell mCustomDataList url=http://img.funshion.com/pictures/media/list/151/44/15144_250_350_ott_poster.jpg?1413776854
11-28 15:20:53.867 D/cocos2d-x debug info(14128): JS: panelSize.width=200
11-28 15:20:53.867 D/cocos2d-x debug info(14128): JS: panelSize.height=50
11-28 15:20:53.867 D/cocos2d-x debug info(14128): cocos2d: fullPathForFilename: No file found at Arial. Possible missing file.
11-28 15:20:53.867 D/cocos2d-x debug info(14128): JS: test cell null5
11-28 15:20:53.877 D/cocos2d-x debug info(14128): JS: create mRows end
11-28 15:20:53.877 D/JniHelper(14128): JniHelper::getJavaVM(), pthread_self() = 1529184920
11-28 15:20:53.877 D/JniHelper(14128): JniHelper::getJavaVM(), pthread_self() = 1529184920
11-28 15:20:53.877 D/JniHelper(14128): JniHelper::getJavaVM(), pthread_self() = 1529184920
11-28 15:20:53.877 D/JniHelper(14128): JniHelper::getJavaVM(), pthread_self() = 1529184920
11-28 15:20:53.877 D/JniHelper(14128): JniHelper::getJavaVM(), pthread_self() = 1529184920
11-28 15:20:53.877 D/JniHelper(14128): JniHelper::getJavaVM(), pthread_self() = 1529184920
11-28 15:20:53.877 D/JniHelper(14128): JniHelper::getJavaVM(), pthread_self() = 1529184920
11-28 15:20:53.877 D/JniHelper(14128): JniHelper::getJavaVM(), pthread_self() = 1529184920
11-28 15:20:53.887 D/JniHelper(14128): JniHelper::getJavaVM(), pthread_self() = 1529184920
11-28 15:20:53.887 D/JniHelper(14128): JniHelper::getJavaVM(), pthread_self() = 1529184920
11-28 15:20:53.887 D/JniHelper(14128): JniHelper::getJavaVM(), pthread_self() = 1529184920
11-28 15:20:53.887 D/JniHelper(14128): JniHelper::getJavaVM(), pthread_self() = 1529184920
11-28 15:20:53.887 D/JniHelper(14128): JniHelper::getJavaVM(), pthread_self() = 1529184920
11-28 15:20:53.887 D/JniHelper(14128): JniHelper::getJavaVM(), pthread_self() = 1529184920
11-28 15:20:53.887 D/JniHelper(14128): JniHelper::getJavaVM(), pthread_self() = 1529184920
11-28 15:20:53.897 D/JniHelper(14128): JniHelper::getJavaVM(), pthread_self() = 1529184920
11-28 15:20:53.897 D/JniHelper(14128): JniHelper::getJavaVM(), pthread_self() = 1529184920
11-28 15:20:53.897 D/JniHelper(14128): JniHelper::getJavaVM(), pthread_self() = 1529184920
11-28 15:20:53.897 D/JniHelper(14128): JniHelper::getJavaVM(), pthread_self() = 1529184920
11-28 15:20:53.897 D/JniHelper(14128): JniHelper::getJavaVM(), pthread_self() = 1529184920
11-28 15:20:53.897 D/JniHelper(14128): JniHelper::getJavaVM(), pthread_self() = 1529184920
11-28 15:20:53.897 D/JniHelper(14128): JniHelper::getJavaVM(), pthread_self() = 1529184920
11-28 15:20:53.907 D/JniHelper(14128): JniHelper::getJavaVM(), pthread_self() = 1529184920
11-28 15:20:53.907 D/JniHelper(14128): JniHelper::getJavaVM(), pthread_self() = 1529184920
11-28 15:20:53.907 D/JniHelper(14128): JniHelper::getJavaVM(), pthread_self() = 1529184920
11-28 15:20:53.907 D/JniHelper(14128): JniHelper::getJavaVM(), pthread_self() = 1529184920
11-28 15:20:53.907 D/JniHelper(14128): JniHelper::getJavaVM(), pthread_self() = 1529184920
11-28 15:20:53.907 D/JniHelper(14128): JniHelper::getJavaVM(), pthread_self() = 1529184920
11-28 15:20:53.907 D/JniHelper(14128): JniHelper::getJavaVM(), pthread_self() = 1529184920
11-28 15:20:53.907 D/JniHelper(14128): JniHelper::getJavaVM(), pthread_self() = 1529184920
11-28 15:20:53.907 D/JniHelper(14128): JniHelper::getJavaVM(), pthread_self() = 1529184920
11-28 15:20:53.917 D/JniHelper(14128): JniHelper::getJavaVM(), pthread_self() = 1529184920
11-28 15:20:53.917 D/JniHelper(14128): JniHelper::getJavaVM(), pthread_self() = 1529184920
11-28 15:20:53.917 D/JniHelper(14128): JniHelper::getJavaVM(), pthread_self() = 1529184920
11-28 15:20:53.917 D/JniHelper(14128): JniHelper::getJavaVM(), pthread_self() = 1529184920
11-28 15:20:53.917 D/cocos2d-x debug info(14128): JS: test onenter1
11-28 15:20:53.917 D/cocos2d-x debug info(14128): cocos2d: fullPathForFilename: No file found at Arial. Possible missing file.
11-28 15:20:53.927 D/cocos2d-x debug info(14128): cocos2d: fullPathForFilename: No file found at Arial. Possible missing file.
11-28 15:20:53.927 D/cocos2d-x debug info(14128): cocos2d: fullPathForFilename: No file found at Arial. Possible missing file.
11-28 15:20:53.937 D/cocos2d-x debug info(14128): cocos2d: fullPathForFilename: No file found at Arial. Possible missing file.
11-28 15:20:53.967 D/cocos2d-x debug info(14128): JS: funtv.ImageLoader.sImagePath=/data/data/tv.fun.launcher/files/fun_download/f2/957e4e2b89b4d3c1725ce11e309869.png
11-28 15:20:53.967 D/cocos2d-x debug info(14128): nativeTes2Callback  [001]funtv.ImageLoader.imageCallback('/data/data/tv.fun.launcher/files/fun_download/f2/957e4e2b89b4d3c1725ce11e309869.png', 1, 0)
11-28 15:20:53.967 D/cocos2d-x debug info(14128): JS: funtv.ImageLoader.sImagePath=/data/data/tv.fun.launcher/files/fun_download/f2/957e4e2b89b4d3c1725ce11e309869.png
11-28 15:20:53.967 D/cocos2d-x debug info(14128): nativeTes2Callback  [002]funtv.ImageLoader.imageCallback('/data/data/tv.fun.launcher/files/fun_download/f2/957e4e2b89b4d3c1725ce11e309869.png', 1,0)
11-28 15:20:53.967 D/cocos2d-x debug info(14128): JS: funtv.ImageLoader.sImagePath=/data/data/tv.fun.launcher/files/fun_download/1e/0799ac61534a947f522da443df3c79.png
11-28 15:20:53.967 D/cocos2d-x debug info(14128): nativeTes2Callback  [001]funtv.ImageLoader.imageCallback('/data/data/tv.fun.launcher/files/fun_download/1e/0799ac61534a947f522da443df3c79.png', 1,1)
11-28 15:20:53.967 D/cocos2d-x debug info(14128): JS: funtv.ImageLoader.sImagePath=/data/data/tv.fun.launcher/files/fun_download/c9/5461c8e77380a5ef25104979ad9c4b.png
11-28 15:20:53.967 D/cocos2d-x debug info(14128): nativeTes2Callback  [001]funtv.ImageLoader.imageCallback('/data/data/tv.fun.launcher/files/fun_download/c9/5461c8e77380a5ef25104979ad9c4b.png', 1,2)
11-28 15:20:53.967 D/cocos2d-x debug info(14128): JS: funtv.ImageLoader.sImagePath=/data/data/tv.fun.launcher/files/fun_download/c3/c9ff1e8de80319326df8303b25ebba.png
11-28 15:20:53.967 D/cocos2d-x debug info(14128): nativeTes2Callback  [001]funtv.ImageLoader.imageCallback('/data/data/tv.fun.launcher/files/fun_download/c3/c9ff1e8de80319326df8303b25ebba.png', 1,3)
11-28 15:20:53.977 D/cocos2d-x debug info(14128): JS: funtv.ImageLoader.sImagePath=/data/data/tv.fun.launcher/files/fun_download/ee/7063d66511d87daaa6073a161cd399.png
11-28 15:20:53.977 D/cocos2d-x debug info(14128): nativeTes2Callback  [001]funtv.ImageLoader.imageCallback('/data/data/tv.fun.launcher/files/fun_download/ee/7063d66511d87daaa6073a161cd399.png', 1,4)
11-28 15:20:53.977 D/cocos2d-x debug info(14128): JS: funtv.ImageLoader.sImagePath=/data/data/tv.fun.launcher/files/fun_download/b9/b558dcff8c249fe4dbde9a354c2cc1.png
11-28 15:20:53.977 D/cocos2d-x debug info(14128): nativeTes2Callback  [005]funtv.ImageLoader.imageCallback('/data/data/tv.fun.launcher/files/fun_download/b9/b558dcff8c249fe4dbde9a354c2cc1.png', 1,5)
11-28 15:20:53.977 D/cocos2d-x debug info(14128): JS: funtv.ImageLoader.sImagePath=/data/data/tv.fun.launcher/files/fun_download/ce/c4b1d35ab983ae0e11c5fe786fc35d.png
11-28 15:20:53.987 D/cocos2d-x debug info(14128): nativeTes2Callback  [002]funtv.ImageLoader.imageCallback('/data/data/tv.fun.launcher/files/fun_download/ce/c4b1d35ab983ae0e11c5fe786fc35d.png', 1,6)
11-28 15:20:53.987 D/cocos2d-x debug info(14128): JS: funtv.ImageLoader.sImagePath=/data/data/tv.fun.launcher/files/fun_download/61/9a4853b4367f97ae69a3bd3e1c9039.png
11-28 15:20:53.987 D/cocos2d-x debug info(14128): nativeTes2Callback  [001]funtv.ImageLoader.imageCallback('/data/data/tv.fun.launcher/files/fun_download/61/9a4853b4367f97ae69a3bd3e1c9039.png', 1,7)
11-28 15:20:53.987 D/cocos2d-x debug info(14128): JS: funtv.ImageLoader.sImagePath=/data/data/tv.fun.launcher/files/fun_download/75/12c34eab2f95fdea0be25afe1b01dc.png
11-28 15:20:53.987 D/cocos2d-x debug info(14128): nativeTes2Callback  [002]funtv.ImageLoader.imageCallback('/data/data/tv.fun.launcher/files/fun_download/75/12c34eab2f95fdea0be25afe1b01dc.png', 1,8)
11-28 15:20:53.987 D/cocos2d-x debug info(14128): JS: funtv.ImageLoader.sImagePath=/data/data/tv.fun.launcher/files/fun_download/b5/5a7be86618c3774ef79e114c39a33a.png
11-28 15:20:53.987 D/cocos2d-x debug info(14128): nativeTes2Callback  [002]funtv.ImageLoader.imageCallback('/data/data/tv.fun.launcher/files/fun_download/b5/5a7be86618c3774ef79e114c39a33a.png', 1,9)
11-28 15:20:53.997 D/cocos2d-x debug info(14128): JS: funtv.ImageLoader.sImagePath=/data/data/tv.fun.launcher/files/fun_download/a1/ae89df717c3b2282505cd34fd0557d.png
11-28 15:20:53.997 D/cocos2d-x debug info(14128): nativeTes2Callback  [004]funtv.ImageLoader.imageCallback('/data/data/tv.fun.launcher/files/fun_download/a1/ae89df717c3b2282505cd34fd0557d.png', 1,10)
11-28 15:20:53.997 D/cocos2d-x debug info(14128): JS: funtv.ImageLoader.sImagePath=/data/data/tv.fun.launcher/files/fun_download/aa/248425ea66d590f68b6c1743390ebf.png
11-28 15:20:53.997 D/cocos2d-x debug info(14128): nativeTes2Callback  [002]funtv.ImageLoader.imageCallback('/data/data/tv.fun.launcher/files/fun_download/aa/248425ea66d590f68b6c1743390ebf.png', 1,11)
11-28 15:20:53.997 D/cocos2d-x debug info(14128): JS: funtv.ImageLoader.sImagePath=/data/data/tv.fun.launcher/files/fun_download/f5/f47b4e4de5896d23c6da9cd9923bcb.png
11-28 15:20:54.007 D/cocos2d-x debug info(14128): nativeTes2Callback  [002]funtv.ImageLoader.imageCallback('/data/data/tv.fun.launcher/files/fun_download/f5/f47b4e4de5896d23c6da9cd9923bcb.png', 1,12)
11-28 15:20:54.007 D/cocos2d-x debug info(14128): JS: funtv.ImageLoader.sImagePath=/data/data/tv.fun.launcher/files/fun_download/09/6d89fdd3183e69fc51b047922d5d56.png
11-28 15:20:54.007 D/cocos2d-x debug info(14128): nativeTes2Callback  [002]funtv.ImageLoader.imageCallback('/data/data/tv.fun.launcher/files/fun_download/09/6d89fdd3183e69fc51b047922d5d56.png', 1,13)
11-28 15:20:54.007 D/cocos2d-x debug info(14128): JS: funtv.ImageLoader.sImagePath=/data/data/tv.fun.launcher/files/fun_download/e4/7ed2b4446a91cda564ca17a4bce44e.png
11-28 15:20:54.007 D/cocos2d-x debug info(14128): nativeTes2Callback  [002]funtv.ImageLoader.imageCallback('/data/data/tv.fun.launcher/files/fun_download/e4/7ed2b4446a91cda564ca17a4bce44e.png', 1,14)
11-28 15:20:54.007 D/cocos2d-x debug info(14128): JS: funtv.ImageLoader.sImagePath=/data/data/tv.fun.launcher/files/fun_download/d2/be496a80608edbda5cfb9e1b467c4a.png
11-28 15:20:54.017 D/cocos2d-x debug info(14128): nativeTes2Callback  [002]funtv.ImageLoader.imageCallback('/data/data/tv.fun.launcher/files/fun_download/d2/be496a80608edbda5cfb9e1b467c4a.png', 1,15)
11-28 15:20:54.017 D/cocos2d-x debug info(14128): JS: funtv.ImageLoader.sImagePath=/data/data/tv.fun.launcher/files/fun_download/f2/957e4e2b89b4d3c1725ce11e309869.png
11-28 15:20:54.017 D/cocos2d-x debug info(14128): nativeTes2Callback  [002]funtv.ImageLoader.imageCallback('/data/data/tv.fun.launcher/files/fun_download/f2/957e4e2b89b4d3c1725ce11e309869.png', 1,0)
11-28 15:20:54.017 D/cocos2d-x debug info(14128): JS: funtv.ImageLoader.sImagePath=/data/data/tv.fun.launcher/files/fun_download/1e/0799ac61534a947f522da443df3c79.png
11-28 15:20:54.017 D/cocos2d-x debug info(14128): nativeTes2Callback  [001]funtv.ImageLoader.imageCallback('/data/data/tv.fun.launcher/files/fun_download/1e/0799ac61534a947f522da443df3c79.png', 1,1)
11-28 15:20:54.027 D/cocos2d-x debug info(14128): JS: funtv.ImageLoader.sImagePath=/data/data/tv.fun.launcher/files/fun_download/c9/5461c8e77380a5ef25104979ad9c4b.png
11-28 15:20:54.027 D/cocos2d-x debug info(14128): nativeTes2Callback  [003]funtv.ImageLoader.imageCallback('/data/data/tv.fun.launcher/files/fun_download/c9/5461c8e77380a5ef25104979ad9c4b.png', 1,2)
11-28 15:20:54.027 D/cocos2d-x debug info(14128): JS: funtv.ImageLoader.sImagePath=/data/data/tv.fun.launcher/files/fun_download/c3/c9ff1e8de80319326df8303b25ebba.png
11-28 15:20:54.027 D/cocos2d-x debug info(14128): nativeTes2Callback  [002]funtv.ImageLoader.imageCallback('/data/data/tv.fun.launcher/files/fun_download/c3/c9ff1e8de80319326df8303b25ebba.png', 1,3)
11-28 15:20:54.027 D/cocos2d-x debug info(14128): JS: funtv.ImageLoader.sImagePath=/data/data/tv.fun.launcher/files/fun_download/ee/7063d66511d87daaa6073a161cd399.png
11-28 15:20:54.027 D/cocos2d-x debug info(14128): nativeTes2Callback  [002]funtv.ImageLoader.imageCallback('/data/data/tv.fun.launcher/files/fun_download/ee/7063d66511d87daaa6073a161cd399.png', 1,4)
11-28 15:20:54.037 D/cocos2d-x debug info(14128): JS: funtv.ImageLoader.sImagePath=/data/data/tv.fun.launcher/files/fun_download/b9/b558dcff8c249fe4dbde9a354c2cc1.png
11-28 15:20:54.037 D/cocos2d-x debug info(14128): nativeTes2Callback  [003]funtv.ImageLoader.imageCallback('/data/data/tv.fun.launcher/files/fun_download/b9/b558dcff8c249fe4dbde9a354c2cc1.png', 1,5)
11-28 15:20:54.037 D/cocos2d-x debug info(14128): JS: funtv.ImageLoader.sImagePath=/data/data/tv.fun.launcher/files/fun_download/ce/c4b1d35ab983ae0e11c5fe786fc35d.png
11-28 15:20:54.037 D/cocos2d-x debug info(14128): nativeTes2Callback  [002]funtv.ImageLoader.imageCallback('/data/data/tv.fun.launcher/files/fun_download/ce/c4b1d35ab983ae0e11c5fe786fc35d.png', 1,6)
11-28 15:20:54.037 D/cocos2d-x debug info(14128): JS: funtv.ImageLoader.sImagePath=/data/data/tv.fun.launcher/files/fun_download/61/9a4853b4367f97ae69a3bd3e1c9039.png
11-28 15:20:54.037 D/cocos2d-x debug info(14128): nativeTes2Callback  [001]funtv.ImageLoader.imageCallback('/data/data/tv.fun.launcher/files/fun_download/61/9a4853b4367f97ae69a3bd3e1c9039.png', 1,7)
11-28 15:20:54.047 D/cocos2d-x debug info(14128): JS: funtv.ImageLoader.sImagePath=/data/data/tv.fun.launcher/files/fun_download/75/12c34eab2f95fdea0be25afe1b01dc.png
11-28 15:20:54.047 D/cocos2d-x debug info(14128): nativeTes2Callback  [002]funtv.ImageLoader.imageCallback('/data/data/tv.fun.launcher/files/fun_download/75/12c34eab2f95fdea0be25afe1b01dc.png', 1,8)
11-28 15:20:54.047 D/cocos2d-x debug info(14128): JS: funtv.ImageLoader.sImagePath=/data/data/tv.fun.launcher/files/fun_download/b5/5a7be86618c3774ef79e114c39a33a.png
11-28 15:20:54.047 D/cocos2d-x debug info(14128): nativeTes2Callback  [001]funtv.ImageLoader.imageCallback('/data/data/tv.fun.launcher/files/fun_download/b5/5a7be86618c3774ef79e114c39a33a.png', 1,9)
11-28 15:20:54.047 D/cocos2d-x debug info(14128): JS: funtv.ImageLoader.sImagePath=/data/data/tv.fun.launcher/files/fun_download/a1/ae89df717c3b2282505cd34fd0557d.png
11-28 15:20:54.047 D/cocos2d-x debug info(14128): nativeTes2Callback  [002]funtv.ImageLoader.imageCallback('/data/data/tv.fun.launcher/files/fun_download/a1/ae89df717c3b2282505cd34fd0557d.png', 1,10)
11-28 15:20:54.047 D/cocos2d-x debug info(14128): JS: funtv.ImageLoader.sImagePath=/data/data/tv.fun.launcher/files/fun_download/aa/248425ea66d590f68b6c1743390ebf.png
11-28 15:20:54.057 D/cocos2d-x debug info(14128): nativeTes2Callback  [002]funtv.ImageLoader.imageCallback('/data/data/tv.fun.launcher/files/fun_download/aa/248425ea66d590f68b6c1743390ebf.png', 1,11)
11-28 15:20:54.057 D/cocos2d-x debug info(14128): JS: funtv.ImageLoader.sImagePath=/data/data/tv.fun.launcher/files/fun_download/f5/f47b4e4de5896d23c6da9cd9923bcb.png
11-28 15:20:54.057 D/cocos2d-x debug info(14128): nativeTes2Callback  [002]funtv.ImageLoader.imageCallback('/data/data/tv.fun.launcher/files/fun_download/f5/f47b4e4de5896d23c6da9cd9923bcb.png', 1,12)
11-28 15:20:54.057 D/cocos2d-x debug info(14128): JS: funtv.ImageLoader.sImagePath=/data/data/tv.fun.launcher/files/fun_download/09/6d89fdd3183e69fc51b047922d5d56.png
11-28 15:20:54.057 D/cocos2d-x debug info(14128): nativeTes2Callback  [002]funtv.ImageLoader.imageCallback('/data/data/tv.fun.launcher/files/fun_download/09/6d89fdd3183e69fc51b047922d5d56.png', 1,13)
11-28 15:20:54.057 D/cocos2d-x debug info(14128): JS: funtv.ImageLoader.sImagePath=/data/data/tv.fun.launcher/files/fun_download/e4/7ed2b4446a91cda564ca17a4bce44e.png
11-28 15:20:54.057 D/cocos2d-x debug info(14128): nativeTes2Callback  [002]funtv.ImageLoader.imageCallback('/data/data/tv.fun.launcher/files/fun_download/e4/7ed2b4446a91cda564ca17a4bce44e.png', 1,14)
11-28 15:20:54.067 D/cocos2d-x debug info(14128): JS: funtv.ImageLoader.sImagePath=/data/data/tv.fun.launcher/files/fun_download/d2/be496a80608edbda5cfb9e1b467c4a.png
11-28 15:20:54.067 D/cocos2d-x debug info(14128): nativeTes2Callback  [002]funtv.ImageLoader.imageCallback('/data/data/tv.fun.launcher/files/fun_download/d2/be496a80608edbda5cfb9e1b467c4a.png', 1,15)
11-28 15:20:54.127 D/cocos2d-x debug info(14128): trace_frame: 65.373108
11-28 15:20:54.157 D/cocos2d-x debug info(14128): JS: funtv.ImageLoader.sImagePath=/data/data/tv.fun.launcher/files/fun_download/dd/c0ae0eda28cdde1e0cc2ea5f5099ae.png
11-28 15:20:54.167 D/cocos2d-x debug info(14128): nativeTes2Callback  [004]funtv.ImageLoader.imageCallback('/data/data/tv.fun.launcher/files/fun_download/dd/c0ae0eda28cdde1e0cc2ea5f5099ae.png', 1,16)
11-28 15:20:54.227 D/cocos2d-x debug info(14128): trace_frame: 59.165180
11-28 15:20:54.347 D/cocos2d-x debug info(14128): trace_frame: 61.743095
11-28 15:20:54.437 D/cocos2d-x debug info(14128): trace_frame: 59.347767
11-28 15:20:54.557 D/cocos2d-x debug info(14128): trace_frame: 60.616035
11-28 15:20:54.657 D/cocos2d-x debug info(14128): trace_frame: 59.963421
11-28 15:20:54.757 D/cocos2d-x debug info(14128): trace_frame: 59.448906
11-28 15:20:54.877 D/cocos2d-x debug info(14128): trace_frame: 60.636509
11-28 15:20:54.977 D/cocos2d-x debug info(14128): trace_frame: 59.911934
11-28 15:20:55.077 D/cocos2d-x debug info(14128): trace_frame: 59.424767
11-28 15:20:55.177 D/cocos2d-x debug info(14128): trace_frame: 59.470707
11-28 15:20:55.287 D/cocos2d-x debug info(14128): trace_frame: 61.031967
11-28 15:20:55.387 D/cocos2d-x debug info(14128): trace_frame: 59.229427
11-28 15:20:55.507 D/cocos2d-x debug info(14128): trace_frame: 60.596096
11-28 15:20:55.537 D/launcher_auto(14128): launcher_auto: sendkey back and wait.
11-28 15:20:55.607 D/cocos2d-x debug info(14128): trace_frame: 59.317265
11-28 15:20:55.617 D/audio_hw_primary( 1334): do_output_standby
11-28 15:20:55.617 D/audio_hw_primary( 1334): goes there..........
11-28 15:20:55.617 D/audio_hw_primary( 1334): do output standby, set standby to 1
11-28 15:20:55.707 D/cocos2d-x debug info(14128): trace_frame: 59.179184
11-28 15:20:55.717 D/dalvikvm(22184): GC_CONCURRENT freed 752K, 18% free 6738K/8216K, paused 2ms+6ms, total 58ms
11-28 15:20:55.797 D/mdns    ( 4397): mDNS_Execute
11-28 15:20:55.797 D/mdns    ( 4397): mDNS_Execute: Setting NewLocalRecords to NULL
11-28 15:20:55.797 D/mdns    ( 4397): Announcing 006d0e03a545@MiniMax._raop._tcp.local. (TXT) 3
11-28 15:20:55.797 D/mdns    ( 4397): Announcing _services._dns-sd._udp.local. (PTR) 3
11-28 15:20:55.797 D/mdns    ( 4397): Announcing _raop._tcp.local. (PTR) 3
11-28 15:20:55.797 D/mdns    ( 4397): Announcing MiniMax._airplay._tcp.local. (TXT) 3
11-28 15:20:55.797 D/mdns    ( 4397): Announcing _services._dns-sd._udp.local. (PTR) 3
11-28 15:20:55.797 D/mdns    ( 4397): Announcing _airplay._tcp.local. (PTR) 3
11-28 15:20:55.797 D/mdns    ( 4397): Announcing 006d0e03a545@MiniMax._raop._tcp.local. (SRV) 3
11-28 15:20:55.797 D/mdns    ( 4397): Announcing MiniMax._airplay._tcp.local. (SRV) 3
11-28 15:20:55.797 D/mdns    ( 4397): Announcing 147.13.16.172.in-addr.arpa. (PTR) 3
11-28 15:20:55.797 D/mdns    ( 4397): Announcing 5.4.5.A.3.0.E.F.F.F.E.0.D.6.2.0.0.0.0.0.0.0.0.0.0.0.0.0.0.8.E.F.ip6.arpa. (PTR) 3
11-28 15:20:55.797 D/mdns    ( 4397): Announcing Android-2.local. (Addr) 3
11-28 15:20:55.797 D/mdns    ( 4397): Announcing Android-2.local. (AAAA) 3
11-28 15:20:55.797 D/mdns    ( 4397): SendResponses put     24 . OPT Max 1440 Vers 0 Seq   0 MAC 00:00:00:00:00:00 I-MAC 09:41:6E:64:72:6F
11-28 15:20:55.797 D/mdns    ( 4397): SendResponses: Sending 0 Deregistrations, 12 Announcements, 0 Answers, 6 Additionals on 412B9378
11-28 15:20:55.797 D/mdns    ( 4397): SendResponses: Next in 16384 ticks
11-28 15:20:55.797 D/mdns    ( 4397): SocketDataReady got a packet from 172.16.13.147 to 224.0.0.251 on interface 172.16.13.147/wlan0/7/288
11-28 15:20:55.797 D/mdns    ( 4397): Received Response from 172.16.13.147   addressed to 224.0.0.251     on 412B9378 with  0 Questions, 12 Answers,  0 Authorities,  6 Additionals 690 bytes LLQType 0
11-28 15:20:55.797 D/mdns    ( 4397): Found record size   115 interface 412B9378 already in cache:  115 006d0e03a545@MiniMax._raop._tcp.local. TXT ch=2¬¶cn=0,1¬¶da=true¬¶ek=1¬¶et=0,1¬¶md=0,1,2¬¶pw=false¬¶sm=false¬¶sr=44100¬¶ss=16¬¶sv=false¬¶tp=UDP¬¶txtvers=
11-28 15:20:55.797 D/mdns    ( 4397): Found record size    75 interface 412B9378 already in cache:   75 MiniMax._airplay._tcp.local. TXT deviceid=00:6d:0e:03:a5:45¬¶features=0x2077¬¶model=AppleTV2,1¬¶srcvers=101.28
11-28 15:20:55.797 D/mdns    ( 4397): Found record size    78 interface 412B9378 already in cache:   78 5.4.5.A.3.0.E.F.F.F.E.0.D.6.2.0.0.0.0.0.0.0.0.0.0.0.0.0.0.8.E.F.ip6.arpa. NSEC PTR 
11-28 15:20:55.797 D/mdns    ( 4397): SocketDataReady got a packet from FE80:0000:0000:0000:026D:0EFF:FE03:A545 to FF02:0000:0000:0000:0000:0000:0000:00FB on interface 172.16.13.147/wlan0/7/289
11-28 15:20:55.797 D/mdns    ( 4397): Received Response from FE80:0000:0000:0000:026D:0EFF:FE03:A545 addressed to FF02:0000:0000:0000:0000:0000:0000:00FB on 412B9378 with  0 Questions, 12 Answers,  0 Authorities,  6 Additionals 690 bytes LLQType 0
11-28 15:20:55.797 D/mdns    ( 4397): Found record size   115 interface 412B9378 already in cache:  115 006d0e03a545@MiniMax._raop._tcp.local. TXT ch=2¬¶cn=0,1¬¶da=true¬¶ek=1¬¶et=0,1¬¶md=0,1,2¬¶pw=false¬¶sm=false¬¶sr=44100¬¶ss=16¬¶sv=false¬¶tp=UDP¬¶txtvers=
11-28 15:20:55.797 D/mdns    ( 4397): Found record size    75 interface 412B9378 already in cache:   75 MiniMax._airplay._tcp.local. TXT deviceid=00:6d:0e:03:a5:45¬¶features=0x2077¬¶model=AppleTV2,1¬¶srcvers=101.28
11-28 15:20:55.797 D/mdns    ( 4397): Found record size    78 interface 412B9378 already in cache:   78 5.4.5.A.3.0.E.F.F.F.E.0.D.6.2.0.0.0.0.0.0.0.0.0.0.0.0.0.0.8.E.F.ip6.arpa. NSEC PTR 
11-28 15:20:55.807 D/cocos2d-x debug info(14128): trace_frame: 58.534306
11-28 15:20:55.897 D/mdns    ( 4397): mDNS_Execute
11-28 15:20:55.897 D/mdns    ( 4397): mDNS_Execute: Setting NewLocalRecords to NULL
11-28 15:20:55.927 D/cocos2d-x debug info(14128): trace_frame: 61.860405
11-28 15:20:56.037 D/cocos2d-x debug info(14128): trace_frame: 60.571449
11-28 15:20:56.157 D/cocos2d-x debug info(14128): trace_frame: 60.282467
11-28 15:20:56.257 D/cocos2d-x debug info(14128): trace_frame: 59.805630
11-28 15:20:56.367 D/cocos2d-x debug info(14128): trace_frame: 60.161236
11-28 15:20:56.477 D/cocos2d-x debug info(14128): trace_frame: 59.833660
11-28 15:20:56.567 D/JniHelper(14128): JniHelper::getJavaVM(), pthread_self() = 1529184920
11-28 15:20:56.567 V/audio_hw_primary( 1334): start_output_stream, line: 1353
11-28 15:20:56.567 V/codec_audio_pad( 1334): in normal mode, headset or speaker on,****LINE:54,FUNC:set_normal_path
11-28 15:20:56.567 V/audio_hw_primary( 1334): normal mode , speaker,****LINE:1284,FUNC:select_output_device
11-28 15:20:56.567 V/audio_hw_primary( 1334): use AUDIO_HDMI to playback audio
11-28 15:20:56.567 V/audio_hw_primary( 1334): do not use out resampler
11-28 15:20:56.567 I/funshion(14128): p2pStopTask
11-28 15:20:56.567 D/cocos2d-x debug info(14128): JS: easeActionConfig, this is release version, can not get Action tpye
11-28 15:20:56.597 D/cocos2d-x debug info(14128): JS: RetrieveList: onEnter
11-28 15:20:56.617 D/cocos2d-x debug info(14128): trace_frame: 40.974369
11-28 15:20:56.667 D/mdns    ( 4397): SocketDataReady got a packet from 172.16.13.14 to 224.0.0.251 on interface 172.16.13.147/wlan0/7/288
11-28 15:20:56.667 D/mdns    ( 4397): Received Response from 172.16.13.14    addressed to 224.0.0.251     on 412B9378 with  0 Questions,  3 Answers,  0 Authorities,  0 Additionals 202 bytes LLQType 0
11-28 15:20:56.727 D/cocos2d-x debug info(14128): trace_frame: 67.731010
11-28 15:20:56.837 D/cocos2d-x debug info(14128): trace_frame: 60.085838
11-28 15:20:56.937 D/cocos2d-x debug info(14128): trace_frame: 59.972412
11-28 15:20:57.037 D/cocos2d-x debug info(14128): trace_frame: 59.898182
11-28 15:20:57.137 D/cocos2d-x debug info(14128): trace_frame: 59.970612
11-28 15:20:57.167 D/cocos2d-x debug info(14128): JS: funtv.ImageLoader.sImagePath=/data/data/tv.fun.launcher/files/fun_download/08/8b011a936c53691dbdcca91b7477c2.png
11-28 15:20:57.177 D/cocos2d-x debug info(14128): nativeTes2Callback  [001]funtv.ImageLoader.imageCallback('/data/data/tv.fun.launcher/files/fun_download/08/8b011a936c53691dbdcca91b7477c2.png', 1,15)
11-28 15:20:57.257 D/cocos2d-x debug info(14128): trace_frame: 59.892532
11-28 15:20:57.377 D/cocos2d-x debug info(14128): trace_frame: 59.704037
11-28 15:20:57.487 D/dalvikvm(22184): GC_CONCURRENT freed 828K, 18% free 6766K/8236K, paused 3ms+4ms, total 49ms
11-28 15:20:57.487 D/dalvikvm(22184): WAIT_FOR_CONCURRENT_GC blocked 22ms
11-28 15:20:57.487 D/cocos2d-x debug info(14128): trace_frame: 59.732567
11-28 15:20:57.607 D/cocos2d-x debug info(14128): trace_frame: 60.833591
11-28 15:20:57.707 D/cocos2d-x debug info(14128): trace_frame: 59.917915
11-28 15:20:57.717 D/mdns    ( 4397): SocketDataReady got a packet from 172.16.13.203 to 224.0.0.251 on interface 172.16.13.147/wlan0/7/288
11-28 15:20:57.717 D/mdns    ( 4397): Received Response from 172.16.13.203   addressed to 224.0.0.251     on 412B9378 with  0 Questions,  3 Answers,  0 Authorities,  0 Additionals 329 bytes LLQType 0
11-28 15:20:57.817 D/cocos2d-x debug info(14128): trace_frame: 60.054390
11-28 15:20:57.927 D/cocos2d-x debug info(14128): trace_frame: 59.954433
11-28 15:20:58.037 D/cocos2d-x debug info(14128): trace_frame: 60.024536
11-28 15:20:58.057 D/launcher_auto(14128): launcher_auto: sendkey and wait.
11-28 15:20:58.157 D/cocos2d-x debug info(14128): trace_frame: 59.972069
11-28 15:20:58.267 D/cocos2d-x debug info(14128): trace_frame: 60.007027
11-28 15:20:58.377 D/cocos2d-x debug info(14128): trace_frame: 59.127285
11-28 15:20:58.487 D/cocos2d-x debug info(14128): trace_frame: 60.016289
11-28 15:20:58.497 D/dalvikvm(22184): GC_CONCURRENT freed 802K, 18% free 6824K/8272K, paused 3ms+5ms, total 50ms
11-28 15:20:58.497 D/dalvikvm(22184): WAIT_FOR_CONCURRENT_GC blocked 47ms
11-28 15:20:58.497 D/dalvikvm(22184): WAIT_FOR_CONCURRENT_GC blocked 27ms
11-28 15:20:58.577 D/cocos2d-x debug info(14128): JS: loadActionData:onKeyPress begin
11-28 15:20:58.577 D/cocos2d-x debug info(14128): JS: mTabFocusChangeCallaback:handleDirectionKey-ddd
11-28 15:20:58.577 D/cocos2d-x debug info(14128): JS: mTabFocusChangeCallaback:~~~~~~~~~~~~~~~~157
11-28 15:20:58.577 D/cocos2d-x debug info(14128): JS: FunTableView:onClick key=157, isPress=true
11-28 15:20:58.577 D/cocos2d-x debug info(14128): JS: OnClick: Direction_Right press...
11-28 15:20:58.577 D/cocos2d-x debug info(14128): JS: onKeyPressRight
11-28 15:20:58.577 D/cocos2d-x debug info(14128): JS: moveFocus
11-28 15:20:58.587 D/cocos2d-x debug info(14128): JS: zhangmd:FunTableView:moveFocus, fromsize is:(310,512),tosize is:(310,512)
11-28 15:20:58.587 D/cocos2d-x debug info(14128): JS: loadActionData:onKeyPress end
11-28 15:20:58.587 D/cocos2d-x debug info(14128): JS: loadActionData:handleRepeatKey begin
11-28 15:20:58.587 D/cocos2d-x debug info(14128): JS: FunTableView:onClick key=157, isPress=false
11-28 15:20:58.597 D/cocos2d-x debug info(14128): trace_frame: 55.247097
11-28 15:20:58.697 D/dalvikvm(22184): GC_CONCURRENT freed 708K, 17% free 7001K/8348K, paused 2ms+8ms, total 53ms
11-28 15:20:58.697 D/dalvikvm(22184): WAIT_FOR_CONCURRENT_GC blocked 35ms
11-28 15:20:58.697 D/dalvikvm(22184): WAIT_FOR_CONCURRENT_GC blocked 37ms
11-28 15:20:58.707 D/cocos2d-x debug info(14128): trace_frame: 65.426064
11-28 15:20:58.827 D/cocos2d-x debug info(14128): trace_frame: 59.464138
11-28 15:20:58.887 D/cocos2d-x debug info(14128): JS: updateMediaDescription:focusChangeCallback[4] 
11-28 15:20:58.907 D/cocos2d-x debug info(14128): JS: [/2014] {/‰∏≠ÂõΩ} (/ÂâßÊÉÖ)
11-28 15:20:58.907 D/cocos2d-x debug info(14128): cocos2d: fullPathForFilename: No file found at Arial. Possible missing file.
11-28 15:20:58.907 D/dalvikvm(22184): GC_CONCURRENT freed 795K, 17% free 7152K/8588K, paused 3ms+7ms, total 65ms
11-28 15:20:58.917 D/dalvikvm(22184): WAIT_FOR_CONCURRENT_GC blocked 36ms
11-28 15:20:58.987 D/dalvikvm(14128): GC_FOR_ALLOC freed 870K, 61% free 7279K/18508K, paused 24ms, total 24ms
11-28 15:20:59.017 D/dalvikvm(14128): GC_CONCURRENT freed 12K, 56% free 8282K/18508K, paused 3ms+2ms, total 27ms
11-28 15:20:59.017 D/dalvikvm(14128): WAIT_FOR_CONCURRENT_GC blocked 12ms
11-28 15:20:59.027 D/cocos2d-x debug info(14128): JS: updateMediaDescription:[] 8
11-28 15:20:59.057 D/cocos2d-x debug info(14128): trace_frame: 21.647270
11-28 15:20:59.067 D/launcher_auto(14128): launcher_auto: sendkey and wait.
11-28 15:20:59.097 D/dalvikvm(22184): GC_CONCURRENT freed 1073K, 20% free 7075K/8788K, paused 2ms+8ms, total 65ms
11-28 15:20:59.097 D/dalvikvm(22184): WAIT_FOR_CONCURRENT_GC blocked 40ms
11-28 15:20:59.097 D/dalvikvm(22184): WAIT_FOR_CONCURRENT_GC blocked 41ms
11-28 15:20:59.157 D/cocos2d-x debug info(14128): trace_frame: 68.923416
11-28 15:20:59.177 E/ConnectionManager(22184): !!--### getProtocolInfo ### 
11-28 15:20:59.207 E/ConnectionManager(22184): !!--### ConnectionInfo ### (ConnectionInfo) ID: 0, Status: Unknown
11-28 15:20:59.277 D/cocos2d-x debug info(14128): trace_frame: 60.073975
11-28 15:20:59.317 D/dalvikvm(22184): GC_CONCURRENT freed 1290K, 23% free 6776K/8788K, paused 3ms+4ms, total 52ms
11-28 15:20:59.317 D/dalvikvm(22184): WAIT_FOR_CONCURRENT_GC blocked 33ms
11-28 15:20:59.337 D/mdns    ( 4397): SocketDataReady got a packet from 172.16.13.14 to 224.0.0.251 on interface 172.16.13.147/wlan0/7/288
11-28 15:20:59.337 D/mdns    ( 4397): Received Response from 172.16.13.14    addressed to 224.0.0.251     on 412B9378 with  0 Questions,  3 Answers,  0 Authorities,  0 Additionals 290 bytes LLQType 0
11-28 15:20:59.387 D/cocos2d-x debug info(14128): trace_frame: 59.719830
11-28 15:20:59.507 D/cocos2d-x debug info(14128): trace_frame: 60.588749
11-28 15:20:59.567 D/cocos2d-x debug info(14128): JS: loadActionData:onKeyPress begin
11-28 15:20:59.577 D/cocos2d-x debug info(14128): JS: mTabFocusChangeCallaback:handleDirectionKey-ddd
11-28 15:20:59.577 D/cocos2d-x debug info(14128): JS: loadActionData:onKeyPress end
11-28 15:20:59.577 D/cocos2d-x debug info(14128): JS: loadActionData:handleRepeatKey begin
11-28 15:20:59.577 D/cocos2d-x debug info(14128): JS: RetrieveList: doItemClickAction
11-28 15:20:59.577 D/cocos2d-x debug info(14128): JS: RetrieveList doItemClickAction ËøõÂÖ•Â™í‰ΩìÈ°µ
11-28 15:20:59.577 D/cocos2d-x debug info(14128): JS: funUtils.createNewDetailPage
11-28 15:20:59.587 D/CCFileUtilsAndroid.cpp(14128): relative path = res/img/icon_loading_buffer.png
11-28 15:20:59.597 D/JniHelper(14128): JniHelper::getJavaVM(), pthread_self() = 1529184920
11-28 15:20:59.597 D/cocos2d-x debug info(14128): JS: funUtils.sJsonString={"retCode":"200","retMsg":"ok","data":{"mediaid":"113562","name_cn":"Âêé‰ºöÊó†Êúü","mtype":"movie","countries":["‰∏≠ÂõΩ"],"releasedate":"2014","karma":"7.6","p_pic":"http://img.funshion.com/pictures/media/list/113/562/113562_360_504_ott_poster.jpg?1416798988","s_pic":"http://img.funshion.com/pictures/media/list/113/562/113562_530_298_ott_still.jpg?1416798988","plots":"„ÄäÂêé‰ºöÊó†Êúü„ÄãÂ±Ö‰ΩèÂú®‰∏≠ÂõΩÊúÄ‰∏úËæπÂ∞èÂ≤õ‰∏äÁöÑ‰∏â‰∏™ÈùíÂπ¥È©¨Êµ©Ê±âÔºàÂÜØÁªçÂ≥∞È•∞Ôºâ„ÄÅÊ±üÊ≤≥ÔºàÈôàÊüèÈúñÈ•∞Ôºâ„ÄÅËÉ°ÁîüÔºàÈ´òÂçéÈò≥È•∞Ôºâ„ÄÇÂõ†‰∏∫‰∫∫ÁîüÈù¢‰∏¥Â∑®Â§ßÂèòÂåñÔºåÂΩºÊ≠§ÂøÉÊÄÄ‰∏çÂêåÁõÆÁöÑÔºåÁ¶ªÂºÄÂ≤õÂ±øË∏è‰∏äÂ§ßÈôÜÔºåÈ©æËΩ¶ÂºÄÂßã‰∏ÄÊÆµÊú™Áü•ÁöÑÁîüÂëΩÊóÖÁ®ã„ÄÇËøôÊòØ‰∏ÄÊÆµÊªëÁ®ΩËÄåÂèàÂøß‰º§ÁöÑÊóÖÁ®ã„ÄÇ‰ªñ‰ª¨ÁªèÂéÜ‰∫ÜÂèãÊÉÖÔºå‰∫≤ÊÉÖÔºåÁà±ÊÉÖ‰∏âÂ§ßÊÉÖÊÑüÁöÑÂõ∞Â¢É‰∏éËÄÉÈ™å„ÄÇÂú®Ë∑Ø‰∏äÔºå‰ªñ‰ª¨ÈÅáÂà∞‰∫ÜÂêÑÁßç‰∫∫Áâ©‰ΩìÈ™å‰∫ÜÂêÑÁßçÈÅ≠ÈÅáÔºö‰æùÁÑ∂ËøΩÊ±ÇÊ¢¶ÊÉ≥ÁöÑÂÑøÊó∂‰ºô‰º¥„ÄÅÂçÅÂπ¥ÊÅãÁà±ÈïøË∑ëÂç¥ÊòØÂè¶Â§ñÁªìÊûúÁöÑÁΩëÂèã„ÄÅÂõ†‰ø°‰ªª‰ªñ‰∫∫ËÄåÂØºËá¥‰∫∫Ë¥¢‰∏§Á©∫Á≠âÁ≠â„ÄÇËøôÊÆµÊóÖÁ®ãËÆ©‰ªñ‰ª¨ÂØπ‰∫éËá™ÊàëÊúâ‰∫ÜÂâç
11-28 15:20:59.607 D/cocos2d-x debug info(14128): JS: funUtils.sCallbackString last string=,"name_cn":"Èü©ÂØí"}]}}}
11-28 15:20:59.607 D/cocos2d-x debug info(14128): nativeTes2Callback  [004]funUtils.funCallback('{"retCode":"200","retMsg":"ok","data":{"mediaid":"113562","name_cn":"\u540e\u4f1a\u65e0\u671f","mtype":"movie","countries":["\u4e2d\u56fd"],"releasedate":"2014","karma":"7.6","p_pic":"http:\/\/img.funshion.com\/pictures\/media\/list\/113\/562\/113562_360_504_ott_poster.jpg?1416798988","s_pic":"http:\/\/img.funshion.com\/pictures\/media\/list\/113\/562\/113562_530_298_ott_still.jpg?1416798988","plots":"\u300a\u540e\u4f1a\u65e0\u671f\u300b\u5c45\u4f4f\u5728\u4e2d\u56fd\u6700\u4e1c\u8fb9\u5c0f\u5c9b\u4e0a\u7684\u4e09\u4e2a\u9752\u5e74\u9a6c\u6d69\u6c49\uff08\u51af\u7ecd\u5cf0\u9970\uff09\u3001\u6c5f\u6cb3\uff08\u9648\u67cf\u9716\u9970\uff09\u3001\u80e1\u751f\uff08\u9ad8\u534e\u9633\u9970\uff09\u3002\u56e0\u4e3a\u4eba\u751f\u9762\u4e34\u5de8\u5927\u53d8\u5316\uff0c\u5f7c\u6b64\u5fc3\u6000\u4e0d\u540c\u76ee\u7684\uff0c\u79bb\u5f00\u5c9b\u5c7f\u8e0f\u4e0a\u5927\u9646\uff0c\u9a7e\u8f66\u5f00\u59cb\u4e00\u6bb5\u672a\u77e5\u7684\u751f\u547d\u65c5\u7a0b\u3002\u8fd9\u662f\
11-28 15:20:59.607 D/cocos2d-x debug info(14128): JS: test onenter
11-28 15:20:59.607 D/cocos2d-x debug info(14128): JS: getFocusId:1
11-28 15:20:59.607 D/cocos2d-x debug info(14128): JS: initKeyHandler-onKeyReleased:161[false]{1}
11-28 15:20:59.607 D/cocos2d-x debug info(14128): trace_frame: 38.187981
11-28 15:20:59.717 D/cocos2d-x debug info(14128): trace_frame: 71.456009
11-28 15:20:59.797 W/trieveRemoteDescriptors(22184): Device descriptor retrieval failed, no response: http://172.16.13.26:2869/upnphost/udhisapi.dll?content=uuid:4ecabcb8-a61e-48d6-8ca1-7a8f7f3c629d
11-28 15:20:59.817 D/cocos2d-x debug info(14128): trace_frame: 59.971214
11-28 15:20:59.877 D/cocos2d-x debug info(14128): cocos2d: fullPathForFilename: No file found at Arial. Possible missing file.
11-28 15:20:59.887 D/cocos2d-x debug info(14128): cocos2d: fullPathForFilename: No file found at Arial. Possible missing file.
11-28 15:20:59.907 D/dalvikvm(14128): GC_CONCURRENT freed 2285K, 61% free 7336K/18508K, paused 2ms+2ms, total 29ms
11-28 15:20:59.907 D/dalvikvm(14128): WAIT_FOR_CONCURRENT_GC blocked 21ms
11-28 15:20:59.927 D/dalvikvm(14128): GC_FOR_ALLOC freed 70K, 57% free 8040K/18508K, paused 22ms, total 22ms
11-28 15:20:59.937 D/cocos2d-x debug info(14128): cocos2d: fullPathForFilename: No file found at Arial. Possible missing file.
11-28 15:20:59.947 D/cocos2d-x debug info(14128): cocos2d: fullPathForFilename: No file found at Arial. Possible missing file.
11-28 15:20:59.957 D/cocos2d-x debug info(14128): cocos2d: fullPathForFilename: No file found at Arial. Possible missing file.
11-28 15:20:59.957 D/cocos2d-x debug info(14128): JS: DetailScene addChild
11-28 15:20:59.957 D/cocos2d-x debug info(14128): JS: DetailScene initParam
11-28 15:20:59.957 D/cocos2d-x debug info(14128): cocos2d: TextureCache: removing unused texture: assets/res/img/icon_loading_buffer.png
11-28 15:20:59.967 D/cocos2d-x debug info(14128): cocos2d: TextureCache: removing unused texture: /data/data/tv.fun.launcher/files/fun_download/dd/c0ae0eda28cdde1e0cc2ea5f5099ae.png
11-28 15:20:59.967 D/cocos2d-x debug info(14128): cocos2d: TextureCache: removing unused texture: /data/data/tv.fun.launcher/files/fun_download/d2/be496a80608edbda5cfb9e1b467c4a.png
11-28 15:20:59.967 D/cocos2d-x debug info(14128): cocos2d: TextureCache: removing unused texture: /data/data/tv.fun.launcher/files/fun_download/e4/7ed2b4446a91cda564ca17a4bce44e.png
11-28 15:20:59.967 D/cocos2d-x debug info(14128): cocos2d: TextureCache: removing unused texture: /data/data/tv.fun.launcher/files/fun_download/f5/f47b4e4de5896d23c6da9cd9923bcb.png
11-28 15:20:59.967 D/cocos2d-x debug info(14128): cocos2d: TextureCache: removing unused texture: /data/data/tv.fun.launcher/files/fun_download/aa/248425ea66d590f68b6c1743390ebf.png
11-28 15:20:59.967 D/cocos2d-x debug info(14128): cocos2d: TextureCache: removing unused texture: /data/data/tv.fun.launcher/files/fun_download/a1/ae89df717c3b2282505cd34fd0557d.png
11-28 15:20:59.967 D/cocos2d-x debug info(14128): cocos2d: TextureCache: removing unused texture: /data/data/tv.fun.launcher/files/fun_download/b5/5a7be86618c3774ef79e114c39a33a.png
11-28 15:20:59.967 D/cocos2d-x debug info(14128): cocos2d: TextureCache: removing unused texture: /data/data/tv.fun.launcher/files/fun_download/75/12c34eab2f95fdea0be25afe1b01dc.png
11-28 15:20:59.967 D/cocos2d-x debug info(14128): cocos2d: TextureCache: removing unused texture: /data/data/tv.fun.launcher/files/fun_download/61/9a4853b4367f97ae69a3bd3e1c9039.png
11-28 15:20:59.967 D/cocos2d-x debug info(14128): cocos2d: TextureCache: removing unused texture: /data/data/tv.fun.launcher/files/fun_download/ce/c4b1d35ab983ae0e11c5fe786fc35d.png
11-28 15:20:59.967 D/cocos2d-x debug info(14128): cocos2d: TextureCache: removing unused texture: /data/data/tv.fun.launcher/files/fun_download/b9/b558dcff8c249fe4dbde9a354c2cc1.png
11-28 15:20:59.967 D/cocos2d-x debug info(14128): cocos2d: TextureCache: removing unused texture: /data/data/tv.fun.launcher/files/fun_download/ee/7063d66511d87daaa6073a161cd399.png
11-28 15:20:59.967 D/cocos2d-x debug info(14128): cocos2d: TextureCache: removing unused texture: /data/data/tv.fun.launcher/files/fun_download/c9/5461c8e77380a5ef25104979ad9c4b.png
11-28 15:20:59.967 D/cocos2d-x debug info(14128): cocos2d: TextureCache: removing unused texture: /data/data/tv.fun.launcher/files/fun_download/1e/0799ac61534a947f522da443df3c79.png
11-28 15:20:59.967 D/cocos2d-x debug info(14128): cocos2d: TextureCache: removing unused texture: /data/data/tv.fun.launcher/files/fun_download/c3/c9ff1e8de80319326df8303b25ebba.png
11-28 15:20:59.977 D/cocos2d-x debug info(14128): cocos2d: TextureCache: removing unused texture: /data/data/tv.fun.launcher/files/fun_download/09/6d89fdd3183e69fc51b047922d5d56.png
11-28 15:20:59.977 D/cocos2d-x debug info(14128): JS: DetailScene initParam remove texture
11-28 15:20:59.977 D/cocos2d-x debug info(14128): JS: setButtonText text : Êî∂Ëóè
11-28 15:20:59.977 D/cocos2d-x debug info(14128): JS: DetailScene initParam JSON.parse
11-28 15:20:59.977 D/JniHelper(14128): JniHelper::getJavaVM(), pthread_self() = 1529184920
11-28 15:20:59.977 D/queryWithColumn(14128): queryWithColumn
11-28 15:20:59.977 D/cocos2d-x debug info(14128): JS: favoriteString=null
11-28 15:20:59.977 D/JniHelper(14128): JniHelper::getJavaVM(), pthread_self() = 1529184920
11-28 15:20:59.987 D/cocos2d-x debug info(14128): JS: historyInfo={"serial_index":"null","serial_clarity":"null","serial_language":"chi","update_num":0,"play_time_in_seconds":0}
11-28 15:20:59.987 D/cocos2d-x debug info(14128): JS: mPlayTime=0
11-28 15:20:59.987 D/JniHelper(14128): JniHelper::getJavaVM(), pthread_self() = 1529184920
11-28 15:20:59.987 D/cocos2d-x debug info(14128): JS: clarity=super_dvd
11-28 15:20:59.987 D/cocos2d-x debug info(14128): JS: this.mClarityIndex=0
11-28 15:20:59.987 D/cocos2d-x debug info(14128): JS: setButtonText text : Êí≠Êîæ
11-28 15:20:59.987 D/cocos2d-x debug info(14128): cocos2d: fullPathForFilename: No file found at Arial. Possible missing file.
11-28 15:20:59.997 D/cocos2d-x debug info(14128): JS: begin this.mLastPlayingIndex=0
11-28 15:20:59.997 D/JniHelper(14128): JniHelper::getJavaVM(), pthread_self() = 1529184920
11-28 15:20:59.997 I/com.webdata.dataManager(14128): cocosPreloadTask() fspUrl=fsp://055f4f2606a5e1accb386009970b12abfa163000|sz=1224750423|mn=%E5%90%8E%E4%BC%9A%E6%97%A0%E6%9C%9F|t=6008, clartityName=super_dvd
11-28 15:20:59.997 I/funshion(14128): p2pStopTask
11-28 15:20:59.997 I/P2pHelper(14128): downloadProgress : 0
11-28 15:20:59.997 E/P2pHelper(14128): ----isLatestPlayTask==true
11-28 15:20:59.997 E/P2pHelper(14128): ---hasid.toLowerCase()==c55497256c8acd8989f3b8a9cae21498e517d7f1
11-28 15:20:59.997 E/P2pHelper(14128): ---P2PSeekTo.getInstance().getmLatestHashId()==c55497256c8acd8989f3b8a9cae21498e517d7f1
11-28 15:20:59.997 E/P2pHelper(14128): ----deletePlayCompleteTask-c55497256c8acd8989f3b8a9cae21498e517d7f1
11-28 15:20:59.997 I/PlayUtil(14128): addLackFspField() finlaCompleteFsp =fsp://055f4f2606a5e1accb386009970b12abfa163000|sz=1224750423|mn=%E5%90%8E%E4%BC%9A%E6%97%A0%E6%9C%9F|td=6008|torrent=null.fsp|ts=1224750423|m=109725|vt=0|crt=0|idx=1|jm=+
11-28 15:21:00.007 D/cocos2d-x debug info(14128): JS: end this.mLastPlayingIndex=0
11-28 15:21:00.007 D/cocos2d-x debug info(14128): JS: name_cn=Âêé‰ºöÊó†Êúü
11-28 15:21:00.007 D/cocos2d-x debug info(14128): cocos2d: fullPathForFilename: No file found at Arial. Possible missing file.
11-28 15:21:00.007 I/FSP2P   (14128): Begin StartP2P !
11-28 15:21:00.007 D/FSP2P   (14128): isConnected : true
11-28 15:21:00.017 I/FSP2P   (14128): StartP2P successfully !
11-28 15:21:00.007 D/cocos2d-x debug info(14128): cocos2d: fullPathForFilename: No file found at Arial. Possible missing file.
11-28 15:21:00.017 I/P2pDataAnalysis(14128): getUrlByP2p taskNum=0
11-28 15:21:00.017 I/P2pDataAnalysis(14128): getUrlByP2p, mP2pPurl=fsp://055f4f2606a5e1accb386009970b12abfa163000|sz=1224750423|mn=%E5%90%8E%E4%BC%9A%E6%97%A0%E6%9C%9F|td=6008|torrent=null.fsp|ts=1224750423|m=109725|vt=0|crt=0|idx=1|jm=+
11-28 15:21:00.027 I/P2PUtils(14128): SystemAvaialbeMemory=309932032 native=6194528256
11-28 15:21:00.037 I/P2pDataAnalysis(14128): p2pAddVirtualTask:dir=/data/data/tv.fun.launcher/files/Âêé‰ºöÊó†Êúüsuper_dvd storageType=1 maxCacheSize=309932032
11-28 15:21:00.037 D/cocos2d-x debug info(14128): JS: releasedate=2014
11-28 15:21:00.037 D/cocos2d-x debug info(14128): cocos2d: fullPathForFilename: No file found at Arial. Possible missing file.
11-28 15:21:00.047 D/XiriVideoService( 5359): --->onReceive
11-28 15:21:00.047 I/P2pDataAnalysis(14128): setPlayRate=92160
11-28 15:21:00.047 D/ACTION_TIME_TICK( 5359): Get_TIME_TICK
11-28 15:21:00.077 D/dalvikvm(14128): GC_CONCURRENT freed 1923K, 61% free 7378K/18508K, paused 3ms+3ms, total 31ms
11-28 15:21:00.077 D/dalvikvm(14128): WAIT_FOR_CONCURRENT_GC blocked 25ms
11-28 15:21:00.077 D/cocos2d-x debug info(14128): cocos2d: fullPathForFilename: No file found at Arial. Possible missing file.
11-28 15:21:00.077 E/LibFSP2PEventHandler(14128): _nCmdAddVirtualTaskResp  hashid=055F4F2606A5E1ACCB386009970B12ABFA163000
11-28 15:21:00.077 E/lin     (14128): addVirtualTaskCallback, hashid : 055F4F2606A5E1ACCB386009970B12ABFA163000
11-28 15:21:00.077 I/P2pDataAnalysis(14128): manageTaskByType hashid=055F4F2606A5E1ACCB386009970B12ABFA163000 isPlay=true
11-28 15:21:00.077 D/cocos2d-x debug info(14128): cocos2d: fullPathForFilename: No file found at Arial. Possible missing file.
11-28 15:21:00.077 E/LibFSP2PEventHandler(14128): _nCmdAddSmallVideoResp  hashid=055F4F2606A5E1ACCB386009970B12ABFA163000
11-28 15:21:00.077 E/LibFSP2PEventHandler(14128): get resp msg:534
11-28 15:21:00.087 D/cocos2d-x debug info(14128): cocos2d: fullPathForFilename: No file found at Arial. Possible missing file.
11-28 15:21:00.087 D/cocos2d-x debug info(14128): cocos2d: fullPathForFilename: No file found at Arial. Possible missing file.
11-28 15:21:00.097 E/LibFSP2PEventHandler(14128): getblobe Param value8808
11-28 15:21:00.097 I/P2pDataAnalysis(14128): getGlobleParamCallback, param : 6 , port : 8808)
11-28 15:21:00.097 I/P2pDataAnalysis(14128): getGlobleParamCallback, mMediaurl : http://127.0.0.1:8808/movie/055f4f2606a5e1accb386009970b12abfa163000?movie_index=0
11-28 15:21:00.157 D/dalvikvm(14128): GC_CONCURRENT freed 300K, 57% free 8043K/18508K, paused 2ms+3ms, total 26ms
11-28 15:21:00.157 D/dalvikvm(14128): WAIT_FOR_CONCURRENT_GC blocked 1ms
11-28 15:21:00.167 D/cocos2d-x debug info(14128): JS: begin home url=http://img.funshion.com/pictures/media/list/113/562/113562_360_504_ott_poster.jpg?1416798988
11-28 15:21:00.167 D/JniHelper(14128): JniHelper::getJavaVM(), pthread_self() = 1529184920
11-28 15:21:00.177 D/cocos2d-x debug info(14128): JS: end home url=http://img.funshion.com/pictures/media/list/113/562/113562_360_504_ott_poster.jpg?1416798988
11-28 15:21:00.177 D/cocos2d-x debug info(14128): JS: playnumInt=290397
11-28 15:21:00.177 D/cocos2d-x debug info(14128): JS: relate_media pic=http://img.funshion.com/pictures/media/list/107/885/107885_250_350_ott_poster.jpg?1416678784
11-28 15:21:00.177 D/cocos2d-x debug info(14128): JS: relate_media name_cn=ÁªùÂØÜË∑üË∏™
11-28 15:21:00.177 D/cocos2d-x debug info(14128): JS: relate_media pic=http://img.funshion.com/pictures/media/list/112/833/112833_250_350_ott_poster.jpg?1415986515
