11-28 15:21:00.177 D/cocos2d-x debug info(14128): JS: relate_media name_cn=Áæé‰∫∫ÈÇ¶
11-28 15:21:00.177 D/cocos2d-x debug info(14128): JS: relate_media pic=http://img.funshion.com/pictures/media/list/116/173/116173_250_350_ott_poster.jpg?1416730820
11-28 15:21:00.187 D/cocos2d-x debug info(14128): JS: relate_media name_cn=‰∏éË¥ºÂêåÂ±ã
11-28 15:21:00.187 D/cocos2d-x debug info(14128): JS: relate_media pic=http://img.funshion.com/pictures/media/list/115/189/115189_250_350_ott_poster.jpg?1415464917
11-28 15:21:00.187 D/cocos2d-x debug info(14128): JS: relate_media name_cn=‰∏õÊûó‰πãÁéã
11-28 15:21:00.187 D/cocos2d-x debug info(14128): JS: relate_media pic=http://img.funshion.com/pictures/media/list/104/848/104848_250_350_ott_poster.jpg?1416845927
11-28 15:21:00.187 D/cocos2d-x debug info(14128): JS: relate_media name_cn=ÁæéÁî∑ËÆ∞
11-28 15:21:00.187 D/cocos2d-x debug info(14128): JS: relate_media pic=http://img.funshion.com/pictures/media/list/112/239/112239_250_350_ott_poster.jpg?1415464683
11-28 15:21:00.187 D/cocos2d-x debug info(14128): JS: relate_media name_cn=‰∫¨Âüé81Âè∑
11-28 15:21:00.187 D/cocos2d-x debug info(14128): JS: relate_media pic=http://img.funshion.com/pictures/media/list/114/040/114040_250_350_ott_poster.jpg?1415806782
11-28 15:21:00.187 D/cocos2d-x debug info(14128): JS: relate_media name_cn=È©ØÈæôÈ´òÊâã2
11-28 15:21:00.187 D/cocos2d-x debug info(14128): JS: relate_media pic=http://img.funshion.com/pictures/media/list/103/904/103904_250_350_ott_poster.jpg?1407924711
11-28 15:21:00.197 D/cocos2d-x debug info(14128): JS: relate_media name_cn=Â§ß‰∏äÊµ∑
11-28 15:21:00.197 D/cocos2d-x debug info(14128): JS: relate_media pic=http://img.funshion.com/pictures/media/list/898/02/89802_250_350_ott_poster.jpg?1408539756
11-28 15:21:00.197 D/cocos2d-x debug info(14128): JS: relate_media name_cn=Â•≥Â´ñÂÆ¢
11-28 15:21:00.197 D/cocos2d-x debug info(14128): JS: relate_media pic=http://img.funshion.com/pictures/media/list/102/281/102281_250_350_ott_poster.jpg?1417068934
11-28 15:21:00.197 D/cocos2d-x debug info(14128): JS: relate_media name_cn=ÂÖ¨Ê∞ëÈªëÂ∏Æ
11-28 15:21:00.197 D/cocos2d-x debug info(14128): JS: relate_media pic=http://img.funshion.com/pictures/media/list/987/13/98713_250_350_ott_poster.jpg?1407125539
11-28 15:21:00.197 D/cocos2d-x debug info(14128): JS: relate_media name_cn=Ëá¥ÂëΩÈªëÂÖ∞
11-28 15:21:00.197 D/cocos2d-x debug info(14128): JS: relate_media pic=http://img.funshion.com/pictures/media/list/107/243/107243_250_350_ott_poster.jpg?1407807451
11-28 15:21:00.197 D/cocos2d-x debug info(14128): JS: relate_media name_cn=Ê≠•Ê≠•ËøΩÈ≠Ç
11-28 15:21:00.207 D/cocos2d-x debug info(14128): JS: relate_media pic=http://img.funshion.com/pictures/media/list/102/960/102960_250_350_ott_poster.jpg?1410083743
11-28 15:21:00.207 D/cocos2d-x debug info(14128): JS: relate_media name_cn=Â¶ôÁ¨îÁîüËä±
11-28 15:21:00.207 D/cocos2d-x debug info(14128): JS: relate_media pic=http://img.funshion.com/pictures/media/list/108/908/108908_250_350_ott_poster.jpg?1407898581
11-28 15:21:00.207 D/cocos2d-x debug info(14128): JS: relate_media name_cn=Ê®°ÁâπÈ≠ÖÂΩ±
11-28 15:21:00.207 D/cocos2d-x debug info(14128): JS: relate_media pic=http://img.funshion.com/pictures/media/list/374/00/37400_250_350_ott_poster.jpg?1415672027
11-28 15:21:00.207 D/cocos2d-x debug info(14128): JS: relate_media name_cn=ÂºÄÁ™ó
11-28 15:21:00.207 D/cocos2d-x debug info(14128): JS: relate_media pic=http://img.funshion.com/pictures/media/list/106/937/106937_250_350_ott_poster.jpg?1407995534
11-28 15:21:00.207 D/cocos2d-x debug info(14128): JS: relate_media name_cn=Êâ´ÊØí
11-28 15:21:00.207 D/cocos2d-x debug info(14128): JS: relate_media pic=http://img.funshion.com/pictures/media/list/105/949/105949_250_350_ott_poster.jpg?1408526993
11-28 15:21:00.207 D/cocos2d-x debug info(14128): JS: relate_media name_cn=ÊàëÂøÉËø∑ÊÉò
11-28 15:21:00.207 D/cocos2d-x debug info(14128): JS: relate_media pic=http://img.funshion.com/pictures/media/list/108/792/108792_250_350_ott_poster.jpg?1406605060
11-28 15:21:00.207 D/cocos2d-x debug info(14128): JS: relate_media name_cn=ÈáëËùâËÑ±Â£≥
11-28 15:21:00.217 D/cocos2d-x debug info(14128): JS: relate_media pic=http://img.funshion.com/pictures/media/list/894/54/89454_250_350_ott_poster.jpg?1408539676
11-28 15:21:00.217 D/cocos2d-x debug info(14128): JS: relate_media name_cn=ÊÄßÁà±‰πãÂêé
11-28 15:21:00.217 D/cocos2d-x debug info(14128): JS: relate_media pic=http://img.funshion.com/pictures/media/list/859/87/85987_250_350_ott_poster.jpg?1404885851
11-28 15:21:00.217 D/cocos2d-x debug info(14128): JS: relate_media name_cn=ÂÜ≥ÊàòÂ∏ùÂõΩ
11-28 15:21:00.217 D/cocos2d-x debug info(14128): JS: relate_media pic=http://img.funshion.com/pictures/media/list/116/245/116245_250_350_ott_poster.jpg?1416475807
11-28 15:21:00.217 D/cocos2d-x debug info(14128): JS: relate_media name_cn=Âä®Áâ©‰πüÁñØÁãÇ
11-28 15:21:00.217 D/cocos2d-x debug info(14128): JS: relate_media pic=http://img.funshion.com/pictures/media/list/111/823/111823_250_350_ott_poster.jpg?1408092766
11-28 15:21:00.217 D/cocos2d-x debug info(14128): JS: relate_media name_cn=Êæ≥Èó®È£é‰∫ë
11-28 15:21:00.217 D/cocos2d-x debug info(14128): JS: relate_media pic=http://img.funshion.com/pictures/media/list/115/255/115255_250_350_ott_poster.jpg?1415325307
11-28 15:21:00.217 D/cocos2d-x debug info(14128): JS: relate_media name_cn=0.5ÁöÑÁà±ÊÉÖ
11-28 15:21:00.217 D/cocos2d-x debug info(14128): JS: relate_media pic=http://img.funshion.com/pictures/media/list/100/465/100465_250_350_ott_poster.jpg?1405943936
11-28 15:21:00.217 D/cocos2d-x debug info(14128): JS: relate_media name_cn=ÂñúÁæäÁæä‰∏éÁÅ∞Â§™Áãº‰πãÂºÄÂøÉÈóØÈæôÂπ¥
11-28 15:21:00.217 D/cocos2d-x debug info(14128): JS: initTVNumView: function
11-28 15:21:00.227 D/cocos2d-x debug info(14128): JS: create mRows length=1
11-28 15:21:00.227 D/cocos2d-x debug info(14128): JS: num % rowMaxNum=0
11-28 15:21:00.227 D/cocos2d-x debug info(14128): JS: table idx0
11-28 15:21:00.227 D/cocos2d-x debug info(14128): JS: table labelValue=0
11-28 15:21:00.227 D/cocos2d-x debug info(14128): JS: test cell label index=1
11-28 15:21:00.227 D/cocos2d-x debug info(14128): JS: test cell mCustomDataList data=ÁªùÂØÜË∑üË∏™
11-28 15:21:00.227 D/cocos2d-x debug info(14128): JS: test cell mCustomDataList url=http://img.funshion.com/pictures/media/list/107/885/107885_250_350_ott_poster.jpg?1416678784
11-28 15:21:00.227 D/cocos2d-x debug info(14128): JS: panelSize.width=200
11-28 15:21:00.227 D/cocos2d-x debug info(14128): JS: panelSize.height=50
11-28 15:21:00.227 D/cocos2d-x debug info(14128): cocos2d: fullPathForFilename: No file found at Arial. Possible missing file.
11-28 15:21:00.237 D/cocos2d-x debug info(14128): JS: test cell null5
11-28 15:21:00.237 D/cocos2d-x debug info(14128): JS: table idx1
11-28 15:21:00.237 D/cocos2d-x debug info(14128): JS: table labelValue=0
11-28 15:21:00.237 D/cocos2d-x debug info(14128): JS: test cell label index=2
11-28 15:21:00.237 D/cocos2d-x debug info(14128): JS: test cell mCustomDataList data=Áæé‰∫∫ÈÇ¶
11-28 15:21:00.237 D/cocos2d-x debug info(14128): JS: test cell mCustomDataList url=http://img.funshion.com/pictures/media/list/112/833/112833_250_350_ott_poster.jpg?1415986515
11-28 15:21:00.237 D/cocos2d-x debug info(14128): JS: panelSize.width=200
11-28 15:21:00.237 D/cocos2d-x debug info(14128): JS: panelSize.height=50
11-28 15:21:00.237 D/cocos2d-x debug info(14128): cocos2d: fullPathForFilename: No file found at Arial. Possible missing file.
11-28 15:21:00.247 D/cocos2d-x debug info(14128): JS: test cell null5
11-28 15:21:00.247 D/cocos2d-x debug info(14128): JS: table idx2
11-28 15:21:00.247 D/cocos2d-x debug info(14128): JS: table labelValue=0
11-28 15:21:00.247 D/cocos2d-x debug info(14128): JS: test cell label index=3
11-28 15:21:00.247 D/cocos2d-x debug info(14128): JS: test cell mCustomDataList data=‰∏éË¥ºÂêåÂ±ã
11-28 15:21:00.247 D/cocos2d-x debug info(14128): JS: test cell mCustomDataList url=http://img.funshion.com/pictures/media/list/116/173/116173_250_350_ott_poster.jpg?1416730820
11-28 15:21:00.247 D/cocos2d-x debug info(14128): JS: panelSize.width=200
11-28 15:21:00.247 D/cocos2d-x debug info(14128): JS: panelSize.height=50
11-28 15:21:00.247 D/cocos2d-x debug info(14128): cocos2d: fullPathForFilename: No file found at Arial. Possible missing file.
11-28 15:21:00.257 D/cocos2d-x debug info(14128): JS: test cell null5
11-28 15:21:00.257 D/cocos2d-x debug info(14128): JS: table idx3
11-28 15:21:00.257 D/cocos2d-x debug info(14128): JS: table labelValue=0
11-28 15:21:00.257 D/cocos2d-x debug info(14128): JS: test cell label index=4
11-28 15:21:00.257 D/cocos2d-x debug info(14128): JS: test cell mCustomDataList data=‰∏õÊûó‰πãÁéã
11-28 15:21:00.257 D/cocos2d-x debug info(14128): JS: test cell mCustomDataList url=http://img.funshion.com/pictures/media/list/115/189/115189_250_350_ott_poster.jpg?1415464917
11-28 15:21:00.257 D/cocos2d-x debug info(14128): JS: panelSize.width=200
11-28 15:21:00.257 D/cocos2d-x debug info(14128): JS: panelSize.height=50
11-28 15:21:00.257 D/cocos2d-x debug info(14128): cocos2d: fullPathForFilename: No file found at Arial. Possible missing file.
11-28 15:21:00.267 D/cocos2d-x debug info(14128): JS: test cell null5
11-28 15:21:00.267 D/cocos2d-x debug info(14128): JS: table idx4
11-28 15:21:00.267 D/cocos2d-x debug info(14128): JS: table labelValue=0
11-28 15:21:00.267 D/cocos2d-x debug info(14128): JS: test cell label index=5
11-28 15:21:00.267 D/cocos2d-x debug info(14128): JS: test cell mCustomDataList data=ÁæéÁî∑ËÆ∞
11-28 15:21:00.267 D/cocos2d-x debug info(14128): JS: test cell mCustomDataList url=http://img.funshion.com/pictures/media/list/104/848/104848_250_350_ott_poster.jpg?1416845927
11-28 15:21:00.267 D/cocos2d-x debug info(14128): JS: panelSize.width=200
11-28 15:21:00.267 D/cocos2d-x debug info(14128): JS: panelSize.height=50
11-28 15:21:00.267 D/cocos2d-x debug info(14128): cocos2d: fullPathForFilename: No file found at Arial. Possible missing file.
11-28 15:21:00.277 D/cocos2d-x debug info(14128): JS: test cell null5
11-28 15:21:00.277 D/cocos2d-x debug info(14128): JS: table idx5
11-28 15:21:00.277 D/cocos2d-x debug info(14128): JS: table labelValue=0
11-28 15:21:00.277 D/cocos2d-x debug info(14128): JS: test cell label index=6
11-28 15:21:00.277 D/cocos2d-x debug info(14128): JS: test cell mCustomDataList data=‰∫¨Âüé81Âè∑
11-28 15:21:00.277 D/cocos2d-x debug info(14128): JS: test cell mCustomDataList url=http://img.funshion.com/pictures/media/list/112/239/112239_250_350_ott_poster.jpg?1415464683
11-28 15:21:00.277 D/cocos2d-x debug info(14128): JS: panelSize.width=200
11-28 15:21:00.277 D/cocos2d-x debug info(14128): JS: panelSize.height=50
11-28 15:21:00.287 D/cocos2d-x debug info(14128): cocos2d: fullPathForFilename: No file found at Arial. Possible missing file.
11-28 15:21:00.287 D/cocos2d-x debug info(14128): JS: test cell null5
11-28 15:21:00.287 D/cocos2d-x debug info(14128): JS: table idx6
11-28 15:21:00.287 D/cocos2d-x debug info(14128): JS: table labelValue=0
11-28 15:21:00.287 D/cocos2d-x debug info(14128): JS: test cell label index=7
11-28 15:21:00.287 D/cocos2d-x debug info(14128): JS: test cell mCustomDataList data=È©ØÈæôÈ´òÊâã2
11-28 15:21:00.287 D/cocos2d-x debug info(14128): JS: test cell mCustomDataList url=http://img.funshion.com/pictures/media/list/114/040/114040_250_350_ott_poster.jpg?1415806782
11-28 15:21:00.287 D/cocos2d-x debug info(14128): JS: panelSize.width=200
11-28 15:21:00.297 D/cocos2d-x debug info(14128): JS: panelSize.height=50
11-28 15:21:00.297 D/cocos2d-x debug info(14128): cocos2d: fullPathForFilename: No file found at Arial. Possible missing file.
11-28 15:21:00.297 D/cocos2d-x debug info(14128): JS: test cell null5
11-28 15:21:00.297 D/cocos2d-x debug info(14128): JS: table idx7
11-28 15:21:00.297 D/cocos2d-x debug info(14128): JS: table labelValue=0
11-28 15:21:00.297 D/cocos2d-x debug info(14128): JS: test cell label index=8
11-28 15:21:00.307 D/cocos2d-x debug info(14128): JS: test cell mCustomDataList data=Â§ß‰∏äÊµ∑
11-28 15:21:00.307 D/cocos2d-x debug info(14128): JS: test cell mCustomDataList url=http://img.funshion.com/pictures/media/list/103/904/103904_250_350_ott_poster.jpg?1407924711
11-28 15:21:00.307 D/cocos2d-x debug info(14128): JS: panelSize.width=200
11-28 15:21:00.307 D/cocos2d-x debug info(14128): JS: panelSize.height=50
11-28 15:21:00.307 D/cocos2d-x debug info(14128): cocos2d: fullPathForFilename: No file found at Arial. Possible missing file.
11-28 15:21:00.307 D/cocos2d-x debug info(14128): JS: test cell null5
11-28 15:21:00.307 D/cocos2d-x debug info(14128): JS: create mRows end
11-28 15:21:00.317 D/cocos2d-x debug info(14128): JS: current view num=8
11-28 15:21:00.317 D/cocos2d-x debug info(14128): JS: newDeltaIndex=1
11-28 15:21:00.317 D/cocos2d-x debug info(14128): JS: create mRows length=1
11-28 15:21:00.317 D/cocos2d-x debug info(14128): JS: num % rowMaxNum=0
11-28 15:21:00.317 D/cocos2d-x debug info(14128): JS: table idx0
11-28 15:21:00.317 D/cocos2d-x debug info(14128): JS: table labelValue=1
11-28 15:21:00.317 D/cocos2d-x debug info(14128): JS: test cell label index=9
11-28 15:21:00.317 D/cocos2d-x debug info(14128): JS: test cell mCustomDataList data=Â•≥Â´ñÂÆ¢
11-28 15:21:00.317 D/cocos2d-x debug info(14128): JS: test cell mCustomDataList url=http://img.funshion.com/pictures/media/list/898/02/89802_250_350_ott_poster.jpg?1408539756
11-28 15:21:00.317 D/cocos2d-x debug info(14128): JS: panelSize.width=200
11-28 15:21:00.327 D/cocos2d-x debug info(14128): JS: panelSize.height=50
11-28 15:21:00.327 D/cocos2d-x debug info(14128): cocos2d: fullPathForFilename: No file found at Arial. Possible missing file.
11-28 15:21:00.327 D/cocos2d-x debug info(14128): JS: test cell null5
11-28 15:21:00.327 D/cocos2d-x debug info(14128): JS: table idx1
11-28 15:21:00.327 D/cocos2d-x debug info(14128): JS: table labelValue=1
11-28 15:21:00.327 D/cocos2d-x debug info(14128): JS: test cell label index=10
11-28 15:21:00.327 D/cocos2d-x debug info(14128): JS: test cell mCustomDataList data=ÂÖ¨Ê∞ëÈªëÂ∏Æ
11-28 15:21:00.327 D/cocos2d-x debug info(14128): JS: test cell mCustomDataList url=http://img.funshion.com/pictures/media/list/102/281/102281_250_350_ott_poster.jpg?1417068934
11-28 15:21:00.337 D/cocos2d-x debug info(14128): JS: panelSize.width=200
11-28 15:21:00.337 D/cocos2d-x debug info(14128): JS: panelSize.height=50
11-28 15:21:00.337 D/cocos2d-x debug info(14128): cocos2d: fullPathForFilename: No file found at Arial. Possible missing file.
11-28 15:21:00.337 D/cocos2d-x debug info(14128): JS: test cell null5
11-28 15:21:00.337 D/cocos2d-x debug info(14128): JS: table idx2
11-28 15:21:00.347 D/cocos2d-x debug info(14128): JS: table labelValue=1
11-28 15:21:00.347 D/cocos2d-x debug info(14128): JS: test cell label index=11
11-28 15:21:00.347 D/cocos2d-x debug info(14128): JS: test cell mCustomDataList data=Ëá¥ÂëΩÈªëÂÖ∞
11-28 15:21:00.347 D/cocos2d-x debug info(14128): JS: test cell mCustomDataList url=http://img.funshion.com/pictures/media/list/987/13/98713_250_350_ott_poster.jpg?1407125539
11-28 15:21:00.347 D/cocos2d-x debug info(14128): JS: panelSize.width=200
11-28 15:21:00.347 D/cocos2d-x debug info(14128): JS: panelSize.height=50
11-28 15:21:00.347 D/cocos2d-x debug info(14128): cocos2d: fullPathForFilename: No file found at Arial. Possible missing file.
11-28 15:21:00.357 D/cocos2d-x debug info(14128): JS: test cell null5
11-28 15:21:00.357 D/cocos2d-x debug info(14128): JS: table idx3
11-28 15:21:00.357 D/cocos2d-x debug info(14128): JS: table labelValue=1
11-28 15:21:00.357 D/cocos2d-x debug info(14128): JS: test cell label index=12
11-28 15:21:00.357 D/cocos2d-x debug info(14128): JS: test cell mCustomDataList data=Ê≠•Ê≠•ËøΩÈ≠Ç
11-28 15:21:00.357 D/cocos2d-x debug info(14128): JS: test cell mCustomDataList url=http://img.funshion.com/pictures/media/list/107/243/107243_250_350_ott_poster.jpg?1407807451
11-28 15:21:00.357 D/cocos2d-x debug info(14128): JS: panelSize.width=200
11-28 15:21:00.357 D/cocos2d-x debug info(14128): JS: panelSize.height=50
11-28 15:21:00.357 D/cocos2d-x debug info(14128): cocos2d: fullPathForFilename: No file found at Arial. Possible missing file.
11-28 15:21:00.367 D/cocos2d-x debug info(14128): JS: test cell null5
11-28 15:21:00.367 D/cocos2d-x debug info(14128): JS: table idx4
11-28 15:21:00.367 D/cocos2d-x debug info(14128): JS: table labelValue=1
11-28 15:21:00.367 D/cocos2d-x debug info(14128): JS: test cell label index=13
11-28 15:21:00.367 D/cocos2d-x debug info(14128): JS: test cell mCustomDataList data=Â¶ôÁ¨îÁîüËä±
11-28 15:21:00.367 D/cocos2d-x debug info(14128): JS: test cell mCustomDataList url=http://img.funshion.com/pictures/media/list/102/960/102960_250_350_ott_poster.jpg?1410083743
11-28 15:21:00.367 D/cocos2d-x debug info(14128): JS: panelSize.width=200
11-28 15:21:00.367 D/cocos2d-x debug info(14128): JS: panelSize.height=50
11-28 15:21:00.367 D/cocos2d-x debug info(14128): cocos2d: fullPathForFilename: No file found at Arial. Possible missing file.
11-28 15:21:00.377 D/cocos2d-x debug info(14128): JS: test cell null5
11-28 15:21:00.377 D/cocos2d-x debug info(14128): JS: table idx5
11-28 15:21:00.377 D/cocos2d-x debug info(14128): JS: table labelValue=1
11-28 15:21:00.377 D/cocos2d-x debug info(14128): JS: test cell label index=14
11-28 15:21:00.377 D/cocos2d-x debug info(14128): JS: test cell mCustomDataList data=Ê®°ÁâπÈ≠ÖÂΩ±
11-28 15:21:00.377 D/cocos2d-x debug info(14128): JS: test cell mCustomDataList url=http://img.funshion.com/pictures/media/list/108/908/108908_250_350_ott_poster.jpg?1407898581
11-28 15:21:00.377 D/cocos2d-x debug info(14128): JS: panelSize.width=200
11-28 15:21:00.377 D/cocos2d-x debug info(14128): JS: panelSize.height=50
11-28 15:21:00.377 D/cocos2d-x debug info(14128): cocos2d: fullPathForFilename: No file found at Arial. Possible missing file.
11-28 15:21:00.377 D/cocos2d-x debug info(14128): JS: test cell null5
11-28 15:21:00.377 D/cocos2d-x debug info(14128): JS: table idx6
11-28 15:21:00.377 D/cocos2d-x debug info(14128): JS: table labelValue=1
11-28 15:21:00.377 D/cocos2d-x debug info(14128): JS: test cell label index=15
11-28 15:21:00.377 D/cocos2d-x debug info(14128): JS: test cell mCustomDataList data=ÂºÄÁ™ó
11-28 15:21:00.377 D/cocos2d-x debug info(14128): JS: test cell mCustomDataList url=http://img.funshion.com/pictures/media/list/374/00/37400_250_350_ott_poster.jpg?1415672027
11-28 15:21:00.377 D/cocos2d-x debug info(14128): JS: panelSize.width=200
11-28 15:21:00.377 D/cocos2d-x debug info(14128): JS: panelSize.height=50
11-28 15:21:00.387 D/cocos2d-x debug info(14128): cocos2d: fullPathForFilename: No file found at Arial. Possible missing file.
11-28 15:21:00.387 D/dalvikvm(14128): GC_CONCURRENT freed 2050K, 61% free 7306K/18508K, paused 2ms+3ms, total 27ms
11-28 15:21:00.387 D/dalvikvm(14128): WAIT_FOR_CONCURRENT_GC blocked 7ms
11-28 15:21:00.397 D/cocos2d-x debug info(14128): JS: test cell null5
11-28 15:21:00.397 D/cocos2d-x debug info(14128): JS: table idx7
11-28 15:21:00.397 D/cocos2d-x debug info(14128): JS: table labelValue=1
11-28 15:21:00.397 D/cocos2d-x debug info(14128): JS: test cell label index=16
11-28 15:21:00.397 D/cocos2d-x debug info(14128): JS: test cell mCustomDataList data=Êâ´ÊØí
11-28 15:21:00.397 D/cocos2d-x debug info(14128): JS: test cell mCustomDataList url=http://img.funshion.com/pictures/media/list/106/937/106937_250_350_ott_poster.jpg?1407995534
11-28 15:21:00.397 D/cocos2d-x debug info(14128): JS: panelSize.width=200
11-28 15:21:00.397 D/cocos2d-x debug info(14128): JS: panelSize.height=50
11-28 15:21:00.397 D/cocos2d-x debug info(14128): cocos2d: fullPathForFilename: No file found at Arial. Possible missing file.
11-28 15:21:00.397 D/cocos2d-x debug info(14128): JS: test cell null5
11-28 15:21:00.397 D/cocos2d-x debug info(14128): JS: create mRows end
11-28 15:21:00.397 D/JniHelper(14128): JniHelper::getJavaVM(), pthread_self() = 1529184920
11-28 15:21:00.397 D/JniHelper(14128): JniHelper::getJavaVM(), pthread_self() = 1529184920
11-28 15:21:00.397 D/JniHelper(14128): JniHelper::getJavaVM(), pthread_self() = 1529184920
11-28 15:21:00.397 D/JniHelper(14128): JniHelper::getJavaVM(), pthread_self() = 1529184920
11-28 15:21:00.397 D/JniHelper(14128): JniHelper::getJavaVM(), pthread_self() = 1529184920
11-28 15:21:00.397 D/JniHelper(14128): JniHelper::getJavaVM(), pthread_self() = 1529184920
11-28 15:21:00.397 D/JniHelper(14128): JniHelper::getJavaVM(), pthread_self() = 1529184920
11-28 15:21:00.397 D/JniHelper(14128): JniHelper::getJavaVM(), pthread_self() = 1529184920
11-28 15:21:00.397 D/JniHelper(14128): JniHelper::getJavaVM(), pthread_self() = 1529184920
11-28 15:21:00.397 D/JniHelper(14128): JniHelper::getJavaVM(), pthread_self() = 1529184920
11-28 15:21:00.397 D/JniHelper(14128): JniHelper::getJavaVM(), pthread_self() = 1529184920
11-28 15:21:00.397 D/JniHelper(14128): JniHelper::getJavaVM(), pthread_self() = 1529184920
11-28 15:21:00.397 D/JniHelper(14128): JniHelper::getJavaVM(), pthread_self() = 1529184920
11-28 15:21:00.397 D/JniHelper(14128): JniHelper::getJavaVM(), pthread_self() = 1529184920
11-28 15:21:00.397 D/JniHelper(14128): JniHelper::getJavaVM(), pthread_self() = 1529184920
11-28 15:21:00.397 D/JniHelper(14128): JniHelper::getJavaVM(), pthread_self() = 1529184920
11-28 15:21:00.397 D/JniHelper(14128): JniHelper::getJavaVM(), pthread_self() = 1529184920
11-28 15:21:00.397 D/JniHelper(14128): JniHelper::getJavaVM(), pthread_self() = 1529184920
11-28 15:21:00.397 D/JniHelper(14128): JniHelper::getJavaVM(), pthread_self() = 1529184920
11-28 15:21:00.397 D/JniHelper(14128): JniHelper::getJavaVM(), pthread_self() = 1529184920
11-28 15:21:00.397 D/JniHelper(14128): JniHelper::getJavaVM(), pthread_self() = 1529184920
11-28 15:21:00.397 D/JniHelper(14128): JniHelper::getJavaVM(), pthread_self() = 1529184920
11-28 15:21:00.397 D/JniHelper(14128): JniHelper::getJavaVM(), pthread_self() = 1529184920
11-28 15:21:00.397 D/JniHelper(14128): JniHelper::getJavaVM(), pthread_self() = 1529184920
11-28 15:21:00.397 D/JniHelper(14128): JniHelper::getJavaVM(), pthread_self() = 1529184920
11-28 15:21:00.397 D/JniHelper(14128): JniHelper::getJavaVM(), pthread_self() = 1529184920
11-28 15:21:00.407 D/JniHelper(14128): JniHelper::getJavaVM(), pthread_self() = 1529184920
11-28 15:21:00.407 D/JniHelper(14128): JniHelper::getJavaVM(), pthread_self() = 1529184920
11-28 15:21:00.407 D/JniHelper(14128): JniHelper::getJavaVM(), pthread_self() = 1529184920
11-28 15:21:00.407 D/JniHelper(14128): JniHelper::getJavaVM(), pthread_self() = 1529184920
11-28 15:21:00.407 D/JniHelper(14128): JniHelper::getJavaVM(), pthread_self() = 1529184920
11-28 15:21:00.407 D/JniHelper(14128): JniHelper::getJavaVM(), pthread_self() = 1529184920
11-28 15:21:00.407 D/JniHelper(14128): JniHelper::getJavaVM(), pthread_self() = 1529184920
11-28 15:21:00.407 D/JniHelper(14128): JniHelper::getJavaVM(), pthread_self() = 1529184920
11-28 15:21:00.407 D/JniHelper(14128): JniHelper::getJavaVM(), pthread_self() = 1529184920
11-28 15:21:00.407 D/cocos2d-x debug info(14128): JS: test onenter1
11-28 15:21:00.407 D/cocos2d-x debug info(14128): cocos2d: fullPathForFilename: No file found at Arial. Possible missing file.
11-28 15:21:00.407 D/cocos2d-x debug info(14128): cocos2d: fullPathForFilename: No file found at Arial. Possible missing file.
11-28 15:21:00.417 D/cocos2d-x debug info(14128): cocos2d: fullPathForFilename: No file found at Arial. Possible missing file.
11-28 15:21:00.417 D/cocos2d-x debug info(14128): cocos2d: fullPathForFilename: No file found at Arial. Possible missing file.
11-28 15:21:00.447 D/cocos2d-x debug info(14128): JS: funtv.ImageLoader.sImagePath=/data/data/tv.fun.launcher/files/fun_download/d9/74ba69abd71b0cb388ac8c877f5f96.png
11-28 15:21:00.447 D/cocos2d-x debug info(14128): nativeTes2Callback  [001]funtv.ImageLoader.imageCallback('/data/data/tv.fun.launcher/files/fun_download/d9/74ba69abd71b0cb388ac8c877f5f96.png', 1, 0)
11-28 15:21:00.447 D/cocos2d-x debug info(14128): JS: funtv.ImageLoader.sImagePath=/data/data/tv.fun.launcher/files/fun_download/d9/74ba69abd71b0cb388ac8c877f5f96.png
11-28 15:21:00.447 D/cocos2d-x debug info(14128): nativeTes2Callback  [001]funtv.ImageLoader.imageCallback('/data/data/tv.fun.launcher/files/fun_download/d9/74ba69abd71b0cb388ac8c877f5f96.png', 1,0)
11-28 15:21:00.447 D/cocos2d-x debug info(14128): JS: funtv.ImageLoader.sImagePath=/data/data/tv.fun.launcher/files/fun_download/57/d234de511fd8831e4b93cbaf150463.png
11-28 15:21:00.447 D/cocos2d-x debug info(14128): nativeTes2Callback  [001]funtv.ImageLoader.imageCallback('/data/data/tv.fun.launcher/files/fun_download/57/d234de511fd8831e4b93cbaf150463.png', 1,1)
11-28 15:21:00.447 D/cocos2d-x debug info(14128): JS: funtv.ImageLoader.sImagePath=/data/data/tv.fun.launcher/files/fun_download/94/7e3d9a9d75197b4d9029c6f9fdca04.png
11-28 15:21:00.447 D/cocos2d-x debug info(14128): nativeTes2Callback  [000]funtv.ImageLoader.imageCallback('/data/data/tv.fun.launcher/files/fun_download/94/7e3d9a9d75197b4d9029c6f9fdca04.png', 1,2)
11-28 15:21:00.447 D/cocos2d-x debug info(14128): JS: funtv.ImageLoader.sImagePath=/data/data/tv.fun.launcher/files/fun_download/1e/0799ac61534a947f522da443df3c79.png
11-28 15:21:00.447 D/cocos2d-x debug info(14128): nativeTes2Callback  [000]funtv.ImageLoader.imageCallback('/data/data/tv.fun.launcher/files/fun_download/1e/0799ac61534a947f522da443df3c79.png', 1,3)
11-28 15:21:00.447 D/cocos2d-x debug info(14128): JS: funtv.ImageLoader.sImagePath=/data/data/tv.fun.launcher/files/fun_download/ad/0e8ecc9fa70278b87105853a098c10.png
11-28 15:21:00.447 D/cocos2d-x debug info(14128): nativeTes2Callback  [001]funtv.ImageLoader.imageCallback('/data/data/tv.fun.launcher/files/fun_download/ad/0e8ecc9fa70278b87105853a098c10.png', 1,4)
11-28 15:21:00.447 D/cocos2d-x debug info(14128): JS: funtv.ImageLoader.sImagePath=/data/data/tv.fun.launcher/files/fun_download/55/e74173649e8df30c6a247aced7f441.png
11-28 15:21:00.447 D/cocos2d-x debug info(14128): nativeTes2Callback  [000]funtv.ImageLoader.imageCallback('/data/data/tv.fun.launcher/files/fun_download/55/e74173649e8df30c6a247aced7f441.png', 1,5)
11-28 15:21:00.447 D/cocos2d-x debug info(14128): JS: funtv.ImageLoader.sImagePath=/data/data/tv.fun.launcher/files/fun_download/ee/7063d66511d87daaa6073a161cd399.png
11-28 15:21:00.447 D/cocos2d-x debug info(14128): nativeTes2Callback  [000]funtv.ImageLoader.imageCallback('/data/data/tv.fun.launcher/files/fun_download/ee/7063d66511d87daaa6073a161cd399.png', 1,6)
11-28 15:21:00.447 D/cocos2d-x debug info(14128): JS: funtv.ImageLoader.sImagePath=/data/data/tv.fun.launcher/files/fun_download/b9/b558dcff8c249fe4dbde9a354c2cc1.png
11-28 15:21:00.447 D/cocos2d-x debug info(14128): nativeTes2Callback  [001]funtv.ImageLoader.imageCallback('/data/data/tv.fun.launcher/files/fun_download/b9/b558dcff8c249fe4dbde9a354c2cc1.png', 1,7)
11-28 15:21:00.447 D/cocos2d-x debug info(14128): JS: funtv.ImageLoader.sImagePath=/data/data/tv.fun.launcher/files/fun_download/04/35694fb2763bd3058502b6df8265a2.png
11-28 15:21:00.457 D/cocos2d-x debug info(14128): nativeTes2Callback  [001]funtv.ImageLoader.imageCallback('/data/data/tv.fun.launcher/files/fun_download/04/35694fb2763bd3058502b6df8265a2.png', 1,8)
11-28 15:21:00.457 D/cocos2d-x debug info(14128): JS: funtv.ImageLoader.sImagePath=/data/data/tv.fun.launcher/files/fun_download/75/12c34eab2f95fdea0be25afe1b01dc.png
11-28 15:21:00.457 D/cocos2d-x debug info(14128): nativeTes2Callback  [000]funtv.ImageLoader.imageCallback('/data/data/tv.fun.launcher/files/fun_download/75/12c34eab2f95fdea0be25afe1b01dc.png', 1,9)
11-28 15:21:00.457 D/cocos2d-x debug info(14128): JS: funtv.ImageLoader.sImagePath=/data/data/tv.fun.launcher/files/fun_download/2e/54c449b5d22447a803d77825078389.png
11-28 15:21:00.457 D/cocos2d-x debug info(14128): nativeTes2Callback  [001]funtv.ImageLoader.imageCallback('/data/data/tv.fun.launcher/files/fun_download/2e/54c449b5d22447a803d77825078389.png', 1,10)
11-28 15:21:00.457 D/cocos2d-x debug info(14128): JS: funtv.ImageLoader.sImagePath=/data/data/tv.fun.launcher/files/fun_download/1f/ae476c4f64443c3a98e6dbd59783be.png
11-28 15:21:00.457 D/cocos2d-x debug info(14128): nativeTes2Callback  [000]funtv.ImageLoader.imageCallback('/data/data/tv.fun.launcher/files/fun_download/1f/ae476c4f64443c3a98e6dbd59783be.png', 1,11)
11-28 15:21:00.457 D/cocos2d-x debug info(14128): JS: funtv.ImageLoader.sImagePath=/data/data/tv.fun.launcher/files/fun_download/b5/5a7be86618c3774ef79e114c39a33a.png
11-28 15:21:00.457 D/cocos2d-x debug info(14128): nativeTes2Callback  [002]funtv.ImageLoader.imageCallback('/data/data/tv.fun.launcher/files/fun_download/b5/5a7be86618c3774ef79e114c39a33a.png', 1,12)
11-28 15:21:00.457 D/cocos2d-x debug info(14128): JS: funtv.ImageLoader.sImagePath=/data/data/tv.fun.launcher/files/fun_download/88/d108b1f67c9e65dbaabb2c1d85738f.png
11-28 15:21:00.457 D/cocos2d-x debug info(14128): nativeTes2Callback  [001]funtv.ImageLoader.imageCallback('/data/data/tv.fun.launcher/files/fun_download/88/d108b1f67c9e65dbaabb2c1d85738f.png', 1,13)
11-28 15:21:00.457 D/cocos2d-x debug info(14128): JS: funtv.ImageLoader.sImagePath=/data/data/tv.fun.launcher/files/fun_download/cc/a951b81ec51580b91588c9258a36d4.png
11-28 15:21:00.457 D/cocos2d-x debug info(14128): nativeTes2Callback  [000]funtv.ImageLoader.imageCallback('/data/data/tv.fun.launcher/files/fun_download/cc/a951b81ec51580b91588c9258a36d4.png', 1,14)
11-28 15:21:00.507 D/cocos2d-x debug info(14128): trace_frame: 70.392998
11-28 15:21:00.617 D/cocos2d-x debug info(14128): JS: funtv.ImageLoader.sImagePath=/data/data/tv.fun.launcher/files/fun_download/e4/7ed2b4446a91cda564ca17a4bce44e.png
11-28 15:21:00.627 D/cocos2d-x debug info(14128): nativeTes2Callback  [003]funtv.ImageLoader.imageCallback('/data/data/tv.fun.launcher/files/fun_download/e4/7ed2b4446a91cda564ca17a4bce44e.png', 1,16)
11-28 15:21:00.627 D/cocos2d-x debug info(14128): JS: funtv.ImageLoader.sImagePath=/data/data/tv.fun.launcher/files/fun_download/d9/74ba69abd71b0cb388ac8c877f5f96.png
11-28 15:21:00.627 D/cocos2d-x debug info(14128): nativeTes2Callback  [001]funtv.ImageLoader.imageCallback('/data/data/tv.fun.launcher/files/fun_download/d9/74ba69abd71b0cb388ac8c877f5f96.png', 1,0)
11-28 15:21:00.627 D/cocos2d-x debug info(14128): JS: funtv.ImageLoader.sImagePath=/data/data/tv.fun.launcher/files/fun_download/57/d234de511fd8831e4b93cbaf150463.png
11-28 15:21:00.627 D/cocos2d-x debug info(14128): nativeTes2Callback  [002]funtv.ImageLoader.imageCallback('/data/data/tv.fun.launcher/files/fun_download/57/d234de511fd8831e4b93cbaf150463.png', 1,1)
11-28 15:21:00.627 D/cocos2d-x debug info(14128): JS: funtv.ImageLoader.sImagePath=/data/data/tv.fun.launcher/files/fun_download/94/7e3d9a9d75197b4d9029c6f9fdca04.png
11-28 15:21:00.627 D/cocos2d-x debug info(14128): nativeTes2Callback  [001]funtv.ImageLoader.imageCallback('/data/data/tv.fun.launcher/files/fun_download/94/7e3d9a9d75197b4d9029c6f9fdca04.png', 1,2)
11-28 15:21:00.627 D/cocos2d-x debug info(14128): JS: funtv.ImageLoader.sImagePath=/data/data/tv.fun.launcher/files/fun_download/1e/0799ac61534a947f522da443df3c79.png
11-28 15:21:00.627 D/cocos2d-x debug info(14128): nativeTes2Callback  [001]funtv.ImageLoader.imageCallback('/data/data/tv.fun.launcher/files/fun_download/1e/0799ac61534a947f522da443df3c79.png', 1,3)
11-28 15:21:00.637 D/cocos2d-x debug info(14128): JS: funtv.ImageLoader.sImagePath=/data/data/tv.fun.launcher/files/fun_download/ad/0e8ecc9fa70278b87105853a098c10.png
11-28 15:21:00.637 D/cocos2d-x debug info(14128): nativeTes2Callback  [002]funtv.ImageLoader.imageCallback('/data/data/tv.fun.launcher/files/fun_download/ad/0e8ecc9fa70278b87105853a098c10.png', 1,4)
11-28 15:21:00.637 D/cocos2d-x debug info(14128): JS: funtv.ImageLoader.sImagePath=/data/data/tv.fun.launcher/files/fun_download/55/e74173649e8df30c6a247aced7f441.png
11-28 15:21:00.637 D/cocos2d-x debug info(14128): nativeTes2Callback  [002]funtv.ImageLoader.imageCallback('/data/data/tv.fun.launcher/files/fun_download/55/e74173649e8df30c6a247aced7f441.png', 1,5)
11-28 15:21:00.637 D/cocos2d-x debug info(14128): JS: funtv.ImageLoader.sImagePath=/data/data/tv.fun.launcher/files/fun_download/ee/7063d66511d87daaa6073a161cd399.png
11-28 15:21:00.647 D/cocos2d-x debug info(14128): nativeTes2Callback  [003]funtv.ImageLoader.imageCallback('/data/data/tv.fun.launcher/files/fun_download/ee/7063d66511d87daaa6073a161cd399.png', 1,6)
11-28 15:21:00.647 D/cocos2d-x debug info(14128): JS: funtv.ImageLoader.sImagePath=/data/data/tv.fun.launcher/files/fun_download/b9/b558dcff8c249fe4dbde9a354c2cc1.png
11-28 15:21:00.647 D/cocos2d-x debug info(14128): nativeTes2Callback  [003]funtv.ImageLoader.imageCallback('/data/data/tv.fun.launcher/files/fun_download/b9/b558dcff8c249fe4dbde9a354c2cc1.png', 1,7)
11-28 15:21:00.647 D/cocos2d-x debug info(14128): JS: funtv.ImageLoader.sImagePath=/data/data/tv.fun.launcher/files/fun_download/04/35694fb2763bd3058502b6df8265a2.png
11-28 15:21:00.647 D/cocos2d-x debug info(14128): nativeTes2Callback  [002]funtv.ImageLoader.imageCallback('/data/data/tv.fun.launcher/files/fun_download/04/35694fb2763bd3058502b6df8265a2.png', 1,8)
11-28 15:21:00.647 D/cocos2d-x debug info(14128): JS: funtv.ImageLoader.sImagePath=/data/data/tv.fun.launcher/files/fun_download/75/12c34eab2f95fdea0be25afe1b01dc.png
11-28 15:21:00.647 D/cocos2d-x debug info(14128): nativeTes2Callback  [001]funtv.ImageLoader.imageCallback('/data/data/tv.fun.launcher/files/fun_download/75/12c34eab2f95fdea0be25afe1b01dc.png', 1,9)
11-28 15:21:00.657 D/cocos2d-x debug info(14128): JS: funtv.ImageLoader.sImagePath=/data/data/tv.fun.launcher/files/fun_download/2e/54c449b5d22447a803d77825078389.png
11-28 15:21:00.657 D/cocos2d-x debug info(14128): nativeTes2Callback  [002]funtv.ImageLoader.imageCallback('/data/data/tv.fun.launcher/files/fun_download/2e/54c449b5d22447a803d77825078389.png', 1,10)
11-28 15:21:00.657 D/cocos2d-x debug info(14128): JS: funtv.ImageLoader.sImagePath=/data/data/tv.fun.launcher/files/fun_download/1f/ae476c4f64443c3a98e6dbd59783be.png
11-28 15:21:00.657 D/cocos2d-x debug info(14128): nativeTes2Callback  [002]funtv.ImageLoader.imageCallback('/data/data/tv.fun.launcher/files/fun_download/1f/ae476c4f64443c3a98e6dbd59783be.png', 1,11)
11-28 15:21:00.657 D/cocos2d-x debug info(14128): JS: funtv.ImageLoader.sImagePath=/data/data/tv.fun.launcher/files/fun_download/b5/5a7be86618c3774ef79e114c39a33a.png
11-28 15:21:00.657 D/cocos2d-x debug info(14128): nativeTes2Callback  [002]funtv.ImageLoader.imageCallback('/data/data/tv.fun.launcher/files/fun_download/b5/5a7be86618c3774ef79e114c39a33a.png', 1,12)
11-28 15:21:00.667 D/cocos2d-x debug info(14128): JS: funtv.ImageLoader.sImagePath=/data/data/tv.fun.launcher/files/fun_download/88/d108b1f67c9e65dbaabb2c1d85738f.png
11-28 15:21:00.667 D/cocos2d-x debug info(14128): nativeTes2Callback  [002]funtv.ImageLoader.imageCallback('/data/data/tv.fun.launcher/files/fun_download/88/d108b1f67c9e65dbaabb2c1d85738f.png', 1,13)
11-28 15:21:00.667 D/cocos2d-x debug info(14128): JS: funtv.ImageLoader.sImagePath=/data/data/tv.fun.launcher/files/fun_download/cc/a951b81ec51580b91588c9258a36d4.png
11-28 15:21:00.667 D/cocos2d-x debug info(14128): nativeTes2Callback  [002]funtv.ImageLoader.imageCallback('/data/data/tv.fun.launcher/files/fun_download/cc/a951b81ec51580b91588c9258a36d4.png', 1,14)
11-28 15:21:00.667 D/cocos2d-x debug info(14128): JS: funtv.ImageLoader.sImagePath=/data/data/tv.fun.launcher/files/fun_download/e4/7ed2b4446a91cda564ca17a4bce44e.png
11-28 15:21:00.667 D/cocos2d-x debug info(14128): nativeTes2Callback  [002]funtv.ImageLoader.imageCallback('/data/data/tv.fun.launcher/files/fun_download/e4/7ed2b4446a91cda564ca17a4bce44e.png', 1,16)
11-28 15:21:00.687 D/cocos2d-x debug info(14128): trace_frame: 42.255478
11-28 15:21:00.787 D/cocos2d-x debug info(14128): trace_frame: 61.029301
11-28 15:21:00.857 D/cocos2d-x debug info(14128): JS: funtv.ImageLoader.sImagePath=/data/data/tv.fun.launcher/files/fun_download/7d/048e9fa1d01c4009039d702dc94142.png
11-28 15:21:00.857 D/cocos2d-x debug info(14128): nativeTes2Callback  [003]funtv.ImageLoader.imageCallback('/data/data/tv.fun.launcher/files/fun_download/7d/048e9fa1d01c4009039d702dc94142.png', 1,15)
11-28 15:21:00.887 D/cocos2d-x debug info(14128): trace_frame: 59.677143
11-28 15:21:01.017 D/cocos2d-x debug info(14128): trace_frame: 60.327148
11-28 15:21:01.127 D/cocos2d-x debug info(14128): trace_frame: 59.971043
11-28 15:21:01.237 D/cocos2d-x debug info(14128): trace_frame: 60.167442
11-28 15:21:01.337 D/cocos2d-x debug info(14128): trace_frame: 59.893993
11-28 15:21:01.437 D/cocos2d-x debug info(14128): trace_frame: 59.853359
11-28 15:21:01.447 D/dalvikvm(22184): GC_CONCURRENT freed 864K, 23% free 6803K/8788K, paused 4ms+6ms, total 71ms
11-28 15:21:01.447 D/dalvikvm(22184): WAIT_FOR_CONCURRENT_GC blocked 14ms
11-28 15:21:01.537 D/cocos2d-x debug info(14128): trace_frame: 59.812191
11-28 15:21:01.647 D/cocos2d-x debug info(14128): trace_frame: 59.533260
11-28 15:21:01.757 D/cocos2d-x debug info(14128): trace_frame: 60.656475
11-28 15:21:01.857 D/cocos2d-x debug info(14128): trace_frame: 59.983204
11-28 15:21:01.867 D/dalvikvm(22184): GC_CONCURRENT freed 1001K, 24% free 6700K/8788K, paused 2ms+5ms, total 47ms
11-28 15:21:01.977 D/cocos2d-x debug info(14128): trace_frame: 59.598312
11-28 15:21:02.087 D/cocos2d-x debug info(14128): trace_frame: 60.521160
11-28 15:21:02.187 D/cocos2d-x debug info(14128): trace_frame: 59.774651
11-28 15:21:02.287 D/cocos2d-x debug info(14128): trace_frame: 59.492531
11-28 15:21:02.387 D/cocos2d-x debug info(14128): trace_frame: 59.803844
11-28 15:21:02.507 D/cocos2d-x debug info(14128): trace_frame: 60.307915
11-28 15:21:02.567 D/launcher_auto(14128): launcher_auto: sendkey back and wait.
11-28 15:21:02.627 D/cocos2d-x debug info(14128): trace_frame: 58.770195
11-28 15:21:02.657 D/audio_hw_primary( 1334): do_output_standby
11-28 15:21:02.657 D/audio_hw_primary( 1334): goes there..........
11-28 15:21:02.657 D/audio_hw_primary( 1334): do output standby, set standby to 1
11-28 15:21:02.747 D/cocos2d-x debug info(14128): trace_frame: 61.171165
11-28 15:21:02.777 D/dalvikvm( 2370): GC_CONCURRENT freed 853K, 25% free 7800K/10296K, paused 3ms+5ms, total 78ms
11-28 15:21:02.857 D/cocos2d-x debug info(14128): trace_frame: 60.135387
11-28 15:21:02.977 D/cocos2d-x debug info(14128): trace_frame: 60.144688
11-28 15:21:03.087 D/cocos2d-x debug info(14128): trace_frame: 60.144157
11-28 15:21:03.197 D/cocos2d-x debug info(14128): trace_frame: 57.613644
11-28 15:21:03.307 D/cocos2d-x debug info(14128): trace_frame: 59.399052
11-28 15:21:03.427 D/cocos2d-x debug info(14128): trace_frame: 62.662247
11-28 15:21:03.497 W/trieveRemoteDescriptors(22184): Device descriptor retrieval failed, no response: http://172.16.13.26:2869/upnphost/udhisapi.dll?content=uuid:4ecabcb8-a61e-48d6-8ca1-7a8f7f3c629d
11-28 15:21:03.537 D/cocos2d-x debug info(14128): trace_frame: 59.911499
11-28 15:21:03.597 D/JniHelper(14128): JniHelper::getJavaVM(), pthread_self() = 1529184920
11-28 15:21:03.597 V/audio_hw_primary( 1334): start_output_stream, line: 1353
11-28 15:21:03.597 V/codec_audio_pad( 1334): in normal mode, headset or speaker on,****LINE:54,FUNC:set_normal_path
11-28 15:21:03.597 V/audio_hw_primary( 1334): normal mode , speaker,****LINE:1284,FUNC:select_output_device
11-28 15:21:03.597 V/audio_hw_primary( 1334): use AUDIO_HDMI to playback audio
11-28 15:21:03.597 V/audio_hw_primary( 1334): do not use out resampler
11-28 15:21:03.597 I/funshion(14128): p2pStopTask
11-28 15:21:03.597 D/cocos2d-x debug info(14128): JS: easeActionConfig, this is release version, can not get Action tpye
11-28 15:21:03.617 D/cocos2d-x debug info(14128): JS: RetrieveList: onEnter
11-28 15:21:03.647 D/cocos2d-x debug info(14128): trace_frame: 47.549309
11-28 15:21:03.757 D/cocos2d-x debug info(14128): trace_frame: 63.291138
11-28 15:21:03.857 D/cocos2d-x debug info(14128): trace_frame: 59.865303
11-28 15:21:03.967 D/cocos2d-x debug info(14128): trace_frame: 60.194340
11-28 15:21:04.067 D/cocos2d-x debug info(14128): trace_frame: 59.963421
11-28 15:21:04.177 D/cocos2d-x debug info(14128): trace_frame: 59.937664
11-28 15:21:04.287 D/cocos2d-x debug info(14128): trace_frame: 60.119377
11-28 15:21:04.387 D/cocos2d-x debug info(14128): trace_frame: 59.936470
11-28 15:21:04.487 D/cocos2d-x debug info(14128): trace_frame: 59.955635
11-28 15:21:04.587 D/cocos2d-x debug info(14128): trace_frame: 59.986805
11-28 15:21:04.687 D/cocos2d-x debug info(14128): trace_frame: 59.363033
11-28 15:21:04.807 D/cocos2d-x debug info(14128): trace_frame: 60.642292
11-28 15:21:04.907 D/cocos2d-x debug info(14128): trace_frame: 59.949642
11-28 15:21:05.007 D/cocos2d-x debug info(14128): trace_frame: 59.804436
11-28 15:21:05.087 D/launcher_auto(14128): launcher_auto: sendkey and wait.
11-28 15:21:05.117 D/cocos2d-x debug info(14128): trace_frame: 60.139526
11-28 15:21:05.237 D/cocos2d-x debug info(14128): trace_frame: 59.983376
11-28 15:21:05.267 D/mdns    ( 4397): SocketDataReady got a packet from 172.16.13.34 to 224.0.0.251 on interface 172.16.13.147/wlan0/7/288
11-28 15:21:05.267 D/mdns    ( 4397): Received Response from 172.16.13.34    addressed to 224.0.0.251     on 412B9378 with  0 Questions,  1 Answer,   0 Authorities,  0 Additionals 38 bytes LLQType 0
11-28 15:21:05.337 D/cocos2d-x debug info(14128): trace_frame: 59.683086
11-28 15:21:05.457 D/cocos2d-x debug info(14128): trace_frame: 59.853615
11-28 15:21:05.467 D/mdns    ( 4397): SocketDataReady got a packet from 172.16.13.14 to 224.0.0.251 on interface 172.16.13.147/wlan0/7/288
11-28 15:21:05.477 D/mdns    ( 4397): Received Response from 172.16.13.14    addressed to 224.0.0.251     on 412B9378 with  0 Questions,  3 Answers,  0 Authorities,  0 Additionals 333 bytes LLQType 0
11-28 15:21:05.567 D/cocos2d-x debug info(14128): trace_frame: 60.434956
11-28 15:21:05.587 D/cocos2d-x debug info(14128): JS: loadActionData:onKeyPress begin
11-28 15:21:05.587 D/cocos2d-x debug info(14128): JS: mTabFocusChangeCallaback:handleDirectionKey-ddd
11-28 15:21:05.587 D/cocos2d-x debug info(14128): JS: mTabFocusChangeCallaback:~~~~~~~~~~~~~~~~157
11-28 15:21:05.597 D/cocos2d-x debug info(14128): JS: FunTableView:onClick key=157, isPress=true
11-28 15:21:05.597 D/cocos2d-x debug info(14128): JS: OnClick: Direction_Right press...
11-28 15:21:05.597 D/cocos2d-x debug info(14128): JS: onKeyPressRight
11-28 15:21:05.597 D/cocos2d-x debug info(14128): JS: turnPage: toRight true
11-28 15:21:05.597 D/cocos2d-x debug info(14128): JS: jumpFocus
11-28 15:21:05.597 D/cocos2d-x debug info(14128): JS: zhangmd:FunTableView:calculateFullVisibleIndex begain,startidx=0,endidx=4,startidx2=5,endidx2=9
11-28 15:21:05.597 D/cocos2d-x debug info(14128): JS: calculateLastPageIndex 1
11-28 15:21:05.607 D/cocos2d-x debug info(14128): JS: loadActionData:onKeyPress end
11-28 15:21:05.607 D/cocos2d-x debug info(14128): JS: loadActionData:handleRepeatKey begin
11-28 15:21:05.607 D/cocos2d-x debug info(14128): JS: FunTableView:onClick key=157, isPress=false
11-28 15:21:05.637 D/cocos2d-x debug info(14128): JS: RetrieveListAdapter: isItemTypeOf(12)=true
11-28 15:21:05.637 D/cocos2d-x debug info(14128): JS: funImageLoader.loadImage: url=http://img.funshion.com/pictures/media/list/732/82/73282_360_504_ott_poster.jpg?1415587330
11-28 15:21:05.647 D/JniHelper(14128): JniHelper::getJavaVM(), pthread_self() = 1529184920
11-28 15:21:05.647 D/cocos2d-x debug info(14128): cocos2d: fullPathForFilename: No file found at Arial. Possible missing file.
11-28 15:21:05.647 D/cocos2d-x debug info(14128): cocos2d: fullPathForFilename: No file found at Arial. Possible missing file.
11-28 15:21:05.667 D/cocos2d-x debug info(14128): nativeTes2Callback  [001]funImageLoader.callback('/data/data/tv.fun.launcher/files/fun_download/98/396960f0cf607d06ecc99414c4527e.png', '98396960f0cf607d06ecc99414c4527e')
11-28 15:21:05.677 D/cocos2d-x debug info(14128): trace_frame: 55.128311
11-28 15:21:05.707 D/cocos2d-x debug info(14128): JS: RetrieveListAdapter: isItemTypeOf(13)=true
11-28 15:21:05.707 D/cocos2d-x debug info(14128): JS: funImageLoader.loadImage: url=http://img.funshion.com/pictures/media/list/116/694/116694_360_504_ott_poster.jpg?1415849476
11-28 15:21:05.707 D/JniHelper(14128): JniHelper::getJavaVM(), pthread_self() = 1529184920
11-28 15:21:05.707 D/cocos2d-x debug info(14128): cocos2d: fullPathForFilename: No file found at Arial. Possible missing file.
11-28 15:21:05.717 D/cocos2d-x debug info(14128): cocos2d: fullPathForFilename: No file found at Arial. Possible missing file.
11-28 15:21:05.737 D/cocos2d-x debug info(14128): nativeTes2Callback  [001]funImageLoader.callback('/data/data/tv.fun.launcher/files/fun_download/74/1769913d67c31335f0454bf7b3ee7c.png', '741769913d67c31335f0454bf7b3ee7c')
11-28 15:21:05.757 D/dalvikvm(14128): GC_CONCURRENT freed 847K, 60% free 7416K/18508K, paused 3ms+4ms, total 33ms
11-28 15:21:05.767 D/cocos2d-x debug info(14128): JS: RetrieveListAdapter: isItemTypeOf(14)=true
11-28 15:21:05.777 D/cocos2d-x debug info(14128): JS: funImageLoader.loadImage: url=http://img.funshion.com/pictures/media/list/112/239/112239_360_504_ott_poster.jpg?1415464683
11-28 15:21:05.777 D/JniHelper(14128): JniHelper::getJavaVM(), pthread_self() = 1529184920
11-28 15:21:05.777 D/cocos2d-x debug info(14128): cocos2d: fullPathForFilename: No file found at Arial. Possible missing file.
11-28 15:21:05.787 D/cocos2d-x debug info(14128): cocos2d: fullPathForFilename: No file found at Arial. Possible missing file.
11-28 15:21:05.797 D/cocos2d-x debug info(14128): nativeTes2Callback  [001]funImageLoader.callback('/data/data/tv.fun.launcher/files/fun_download/66/84411ad879f1a45dcdfdbff34acdb4.png', '6684411ad879f1a45dcdfdbff34acdb4')
11-28 15:21:05.807 D/cocos2d-x debug info(14128): trace_frame: 57.799652
11-28 15:21:05.857 D/cocos2d-x debug info(14128): JS: RetrieveListAdapter: isItemTypeOf(15)=true
11-28 15:21:05.857 D/cocos2d-x debug info(14128): JS: funImageLoader.loadImage: url=http://img.funshion.com/pictures/media/list/114/040/114040_360_504_ott_poster.jpg?1415806782
11-28 15:21:05.857 D/JniHelper(14128): JniHelper::getJavaVM(), pthread_self() = 1529184920
11-28 15:21:05.857 D/cocos2d-x debug info(14128): cocos2d: fullPathForFilename: No file found at Arial. Possible missing file.
11-28 15:21:05.867 D/cocos2d-x debug info(14128): cocos2d: fullPathForFilename: No file found at Arial. Possible missing file.
11-28 15:21:05.887 D/cocos2d-x debug info(14128): nativeTes2Callback  [002]funImageLoader.callback('/data/data/tv.fun.launcher/files/fun_download/e6/5da6d05f5cbe19bca0e35fe0a5f184.png', 'e65da6d05f5cbe19bca0e35fe0a5f184')
11-28 15:21:05.907 D/cocos2d-x debug info(14128): trace_frame: 67.577354
11-28 15:21:05.957 D/cocos2d-x debug info(14128): JS: RetrieveListAdapter: isItemTypeOf(16)=true
11-28 15:21:05.957 D/cocos2d-x debug info(14128): JS: funImageLoader.loadImage: url=http://img.funshion.com/pictures/media/list/852/59/85259_360_504_ott_poster.jpg?1410161878
11-28 15:21:05.957 D/JniHelper(14128): JniHelper::getJavaVM(), pthread_self() = 1529184920
11-28 15:21:05.957 D/cocos2d-x debug info(14128): cocos2d: fullPathForFilename: No file found at Arial. Possible missing file.
11-28 15:21:05.967 D/cocos2d-x debug info(14128): cocos2d: fullPathForFilename: No file found at Arial. Possible missing file.
11-28 15:21:05.977 D/cocos2d-x debug info(14128): nativeTes2Callback  [001]funImageLoader.callback('/data/data/tv.fun.launcher/files/fun_download/42/82d07789c0991d766ccce708483e42.png', '4282d07789c0991d766ccce708483e42')
11-28 15:21:06.027 D/cocos2d-x debug info(14128): trace_frame: 60.028118
11-28 15:21:06.087 D/launcher_auto(14128): launcher_auto: sendkey and wait.
11-28 15:21:06.117 D/cocos2d-x debug info(14128): JS: RetrieveListAdapter: onTurnPage focusIdx=5
11-28 15:21:06.127 D/cocos2d-x debug info(14128): JS: turnPageCallback begin
11-28 15:21:06.127 D/cocos2d-x debug info(14128): JS: turnPageCallback begin~~~
11-28 15:21:06.127 D/cocos2d-x debug info(14128): JS: updateMediaDescription:turnPageCallback[] 
11-28 15:21:06.127 D/cocos2d-x debug info(14128): JS: turnPageCallback end
11-28 15:21:06.127 D/cocos2d-x debug info(14128): cocos2d: TextureCache: removing unused texture: /data/data/tv.fun.launcher/files/fun_download/e4/7ed2b4446a91cda564ca17a4bce44e.png
11-28 15:21:06.127 D/cocos2d-x debug info(14128): cocos2d: TextureCache: removing unused texture: /data/data/tv.fun.launcher/files/fun_download/88/d108b1f67c9e65dbaabb2c1d85738f.png
11-28 15:21:06.127 D/cocos2d-x debug info(14128): cocos2d: TextureCache: removing unused texture: /data/data/tv.fun.launcher/files/fun_download/b5/5a7be86618c3774ef79e114c39a33a.png
11-28 15:21:06.127 D/cocos2d-x debug info(14128): cocos2d: TextureCache: removing unused texture: /data/data/tv.fun.launcher/files/fun_download/1f/ae476c4f64443c3a98e6dbd59783be.png
11-28 15:21:06.137 D/cocos2d-x debug info(14128): cocos2d: TextureCache: removing unused texture: /data/data/tv.fun.launcher/files/fun_download/2e/54c449b5d22447a803d77825078389.png
11-28 15:21:06.137 D/cocos2d-x debug info(14128): cocos2d: TextureCache: removing unused texture: /data/data/tv.fun.launcher/files/fun_download/75/12c34eab2f95fdea0be25afe1b01dc.png
11-28 15:21:06.137 D/cocos2d-x debug info(14128): cocos2d: TextureCache: removing unused texture: /data/data/tv.fun.launcher/files/fun_download/04/35694fb2763bd3058502b6df8265a2.png
11-28 15:21:06.137 D/cocos2d-x debug info(14128): cocos2d: TextureCache: removing unused texture: /data/data/tv.fun.launcher/files/fun_download/b9/b558dcff8c249fe4dbde9a354c2cc1.png
11-28 15:21:06.137 D/cocos2d-x debug info(14128): cocos2d: TextureCache: removing unused texture: /data/data/tv.fun.launcher/files/fun_download/ee/7063d66511d87daaa6073a161cd399.png
