11-28 15:20:39.537 D/mdns    ( 4397): CheckCacheExpiration: Updating CacheGroup tail from 400D9BE8 to 400D34A0
11-28 15:20:39.537 D/mdns    ( 4397): m->NextCacheCheck   19 Slot 166 milink-184250014.local.
11-28 15:20:39.537 D/mdns    ( 4397): CheckCacheExpiration: Deleting  61441       0 00000000    4 milink-184250014.local. Addr 172.16.13.193
11-28 15:20:39.537 D/mdns    ( 4397): CheckCacheExpiration: Updating CacheGroup tail from 400D4370 to 400D6C70
11-28 15:20:39.537 D/mdns    ( 4397): m->NextCacheCheck   20 Slot 178 c80e7740c781@‰ºòÈÖ∑ÁîµËßÜ._raop._tcp.local.
11-28 15:20:39.537 D/mdns    ( 4397): CheckCacheExpiration: Deleting  61441       0 00000000   27 c80e7740c781@‰ºòÈÖ∑ÁîµËßÜ._raop._tcp.local. SRV 0 0 5000 172-16-13-146.local.
11-28 15:20:39.537 D/mdns    ( 4397): CheckCacheExpiration: Deleting  61441       0 00000000  146 c80e7740c781@‰ºòÈÖ∑ÁîµËßÜ._raop._tcp.local. TXT tp=UDP¬¶sm=false¬¶sv=false¬¶ek=1¬¶et=0,1¬¶cn=0,1¬¶ch=2¬¶ss=16¬¶sr=44100¬¶pw=false¬¶vn=3¬¶txtvers=1¬¶da=tr
11-28 15:20:39.537 D/mdns    ( 4397): CheckCacheExpiration: Updating CacheGroup tail from 400D8000 to 400D7C78
11-28 15:20:39.537 D/mdns    ( 4397): m->NextCacheCheck   21 Slot 179 Android-2.local.
11-28 15:20:39.537 D/mdns    ( 4397): CheckCacheExpiration: Deleting  61441       0 00000000    4 Android-2.local. Addr 172.16.13.147
11-28 15:20:39.537 D/mdns    ( 4397): CheckCacheExpiration: Deleting  61441       0 00000000   16 Android-2.local. AAAA FE80:0000:0000:0000:026D:0EFF:FE03:A545
11-28 15:20:39.537 D/mdns    ( 4397): CheckCacheExpiration: Deleting  61441       0 00000000   23 Android-2.local. NSEC Addr AAAA 
11-28 15:20:39.537 D/mdns    ( 4397): CheckCacheExpiration: Updating CacheGroup tail from 400D90A0 to 400D3700
11-28 15:20:39.537 D/mdns    ( 4397): m->NextCacheCheck   22 Slot 205 ÂÆ¢ÂéÖÁöÑÂ∞èÁ±≥ÁõíÂ≠ê\032(4)._airkan._tcp.local.
11-28 15:20:39.537 D/mdns    ( 4397): CheckCacheExpiration: Deleting  61441       0 00000000   30 ÂÆ¢ÂéÖÁöÑÂ∞èÁ±≥ÁõíÂ≠ê\032(4)._airkan._tcp.local. SRV 0 0 6088 milink-199855756.local.
11-28 15:20:39.537 D/mdns    ( 4397): CheckCacheExpiration: Deleting  61441       0 00000000  125 ÂÆ¢ÂéÖÁöÑÂ∞èÁ±≥ÁõíÂ≠ê\032(4)._airkan._tcp.local. TXT photoport=6089¬¶scrnw=1280¬¶scrnh=720¬¶protver=16777984¬¶prottext=Airkan Protocol Version 1.03¬¶plat
11-28 15:20:39.537 D/mdns    ( 4397): CheckCacheExpiration: Updating CacheGroup tail from 400D2C48 to 400D0E08
11-28 15:20:39.537 D/mdns    ( 4397): m->NextCacheCheck   23 Slot 206 hello\032mibox._airplay._tcp.local.
11-28 15:20:39.547 D/mdns    ( 4397): CheckCacheExpiration: Deleting  61441       0 00000000   30 hello\032mibox._airplay._tcp.local. SRV 0 0 7000 milink-185090187.local.
11-28 15:20:39.547 D/mdns    ( 4397): CheckCacheExpiration: Deleting  61441       0 00000000   94 hello\032mibox._airplay._tcp.local. TXT deviceid=10:48:b1:18:a1:29¬¶features=0x100029ff¬¶flags=0x4¬¶model=AppleTV3,1¬¶srcvers=150.33¬¶vv=1
11-28 15:20:39.547 D/mdns    ( 4397): CheckCacheExpiration: Updating CacheGroup tail from 400D0810 to 400DA018
11-28 15:20:39.547 D/mdns    ( 4397): m->NextCacheCheck   24 Slot 207 c80e7740c781@ÂúüË±ÜÂ§ßÂ±èÂπï._raop._tcp.local.
11-28 15:20:39.547 D/mdns    ( 4397): CheckCacheExpiration: Deleting  61441       0 00000000   27 c80e7740c781@ÂúüË±ÜÂ§ßÂ±èÂπï._raop._tcp.local. SRV 0 0 47349 172-16-13-146.local.
11-28 15:20:39.547 D/mdns    ( 4397): CheckCacheExpiration: Deleting  61441       0 00000000  146 c80e7740c781@ÂúüË±ÜÂ§ßÂ±èÂπï._raop._tcp.local. TXT tp=UDP¬¶sm=false¬¶sv=false¬¶ek=1¬¶et=0,1¬¶cn=0,1¬¶ch=2¬¶ss=16¬¶sr=44100¬¶pw=false¬¶vn=3¬¶txtvers=1¬¶da
11-28 15:20:39.547 D/mdns    ( 4397): CheckCacheExpiration: Updating CacheGroup tail from 400D3EB0 to 400D58D8
11-28 15:20:39.547 D/mdns    ( 4397): m->NextCacheCheck   25 Slot 209 _raop._tcp.local.
11-28 15:20:39.547 D/mdns    ( 4397): CheckCacheExpiration: Deleting  61441       0 00000000   39 _raop._tcp.local. PTR 006d0e03a545@MiniMax._raop._tcp.local.
11-28 15:20:39.547 D/mdns    ( 4397): CheckCacheExpiration: Deleting  61441       0 00000000   38 _raop._tcp.local. PTR 1048b1282220@qqwwee._raop._tcp.local.
11-28 15:20:39.547 D/mdns    ( 4397): CheckCacheExpiration: Deleting  61441       0 00000000   39 _raop._tcp.local. PTR 00ce39bedb23@MiniMax._raop._tcp.local.
11-28 15:20:39.547 D/mdns    ( 4397): CheckCacheExpiration: Deleting  61441       0 00000000   53 _raop._tcp.local. PTR 1048b15135aa@ÂÆ¢ÂéÖÁöÑÂ∞èÁ±≥ÁõíÂ≠ê._raop._tcp.local.
11-28 15:20:39.547 D/mdns    ( 4397): CheckCacheExpiration: Deleting  61441       0 00000000   53 _raop._tcp.local. PTR 1048b111c283@ÂÆ¢ÂéÖÁöÑÂ∞èÁ±≥ÁõíÂ≠ê._raop._tcp.local.
11-28 15:20:39.547 D/mdns    ( 4397): CheckCacheExpiration: Deleting  61441       0 00000000   53 _raop._tcp.local. PTR 1048b11ad489@ÂÆ¢ÂéÖÁöÑÂ∞èÁ±≥ÁõíÂ≠ê._raop._tcp.local.
11-28 15:20:39.547 D/mdns    ( 4397): CheckCacheExpiration: Deleting  61441       0 00000000   43 _raop._tcp.local. PTR 1048b118a129@hello\032mibox._raop._tcp.local.
11-28 15:20:39.547 D/mdns    ( 4397): CheckCacheExpiration: Deleting  61441       0 00000000   53 _raop._tcp.local. PTR 1048b14f6932@ÂÆ¢ÂéÖÁöÑÂ∞èÁ±≥ÁõíÂ≠ê._raop._tcp.local.
11-28 15:20:39.547 D/mdns    ( 4397): CheckCacheExpiration: Updating CacheGroup tail from 400D67A8 to 400D4118
11-28 15:20:39.547 D/mdns    ( 4397): m->NextCacheCheck   26 Slot 217 _airplay._tcp.local.
11-28 15:20:39.547 D/mdns    ( 4397): CheckCacheExpiration: Deleting  61441       0 00000000   43 _airplay._tcp.local. PTR ÂÆ¢ÂéÖÁöÑÂ∞èÁ±≥ÁõíÂ≠ê._airplay._tcp.local.
11-28 15:20:39.547 D/mdns    ( 4397): CheckCacheExpiration: Deleting  61441       0 00000000   28 _airplay._tcp.local. PTR qqwwee._airplay._tcp.local.
11-28 15:20:39.547 D/mdns    ( 4397): CheckCacheExpiration: Deleting  61441       0 00000000   29 _airplay._tcp.local. PTR MiniMax._airplay._tcp.local.
11-28 15:20:39.547 D/mdns    ( 4397): CheckCacheExpiration: Deleting  61441       0 00000000   33 _airplay._tcp.local. PTR MiniMax\032(3)._airplay._tcp.local.
11-28 15:20:39.547 D/mdns    ( 4397): CheckCacheExpiration: Deleting  61441       0 00000000   33 _airplay._tcp.local. PTR hello\032mibox._airplay._tcp.local.
11-28 15:20:39.547 D/mdns    ( 4397): CheckCacheExpiration: Deleting  61441       0 00000000   47 _airplay._tcp.local. PTR ÂÆ¢ÂéÖÁöÑÂ∞èÁ±≥ÁõíÂ≠ê\032(3)._airplay._tcp.local.
11-28 15:20:39.547 D/mdns    ( 4397): CheckCacheExpiration: Deleting  61441       0 00000000   47 _airplay._tcp.local. PTR ÂÆ¢ÂéÖÁöÑÂ∞èÁ±≥ÁõíÂ≠ê\032(6)._airplay._tcp.local.
11-28 15:20:39.547 D/mdns    ( 4397): CheckCacheExpiration: Updating CacheGroup tail from 400D32D0 to 400D4B30
11-28 15:20:39.547 D/mdns    ( 4397): m->NextCacheCheck   27 Slot 220 milink-254969319.local.
11-28 15:20:39.547 D/mdns    ( 4397): CheckCacheExpiration: Deleting  61441       0 00000000    4 milink-254969319.local. Addr 172.16.13.203
11-28 15:20:39.547 D/mdns    ( 4397): CheckCacheExpiration: Updating CacheGroup tail from 400D3108 to 400D3960
11-28 15:20:39.547 D/mdns    ( 4397): m->NextCacheCheck   28 Slot 231 8f6307ba._sub._apple-mobdev2._tcp.local.
11-28 15:20:39.547 D/mdns    ( 4397): CheckCacheExpiration: Deleting  61441       0 00000000   70 8f6307ba._sub._apple-mobdev2._tcp.local. PTR a8:88:08:4f:2c:68@fe80::aa88:8ff:fe4f:2c68._apple-mobdev2._tcp.local.
11-28 15:20:39.547 D/mdns    ( 4397): CheckCacheExpiration: Updating CacheGroup tail from 400D7AA8 to 400D98F8
11-28 15:20:39.547 D/mdns    ( 4397): m->NextCacheCheck   29 Slot 249 milink-199704365.local.
11-28 15:20:39.547 D/mdns    ( 4397): CheckCacheExpiration: Deleting  61441       0 00000000    4 milink-199704365.local. Addr 172.16.13.14
11-28 15:20:39.547 D/mdns    ( 4397): CheckCacheExpiration: Updating CacheGroup tail from 400D4EB8 to 400D9A28
11-28 15:20:39.547 D/mdns    ( 4397): m->NextCacheCheck   30 Slot 251 15.13.16.172.in-addr.arpa.
11-28 15:20:39.547 D/mdns    ( 4397): CheckCacheExpiration: Deleting  61441       0 00000000   13 15.13.16.172.in-addr.arpa. PTR shou8.local.
11-28 15:20:39.547 D/mdns    ( 4397): CheckCacheExpiration: Updating CacheGroup tail from 400DA7C8 to 400D7688
11-28 15:20:39.547 D/mdns    ( 4397): m->NextCacheCheck   31 Slot 253 Â∞è8._device-info._tcp.local.
11-28 15:20:39.547 D/mdns    ( 4397): CheckCacheExpiration: Deleting  61441       0 00000000   12 Â∞è8._device-info._tcp.local. TXT model=N42AP
11-28 15:20:39.547 D/mdns    ( 4397): CheckCacheExpiration: Updating CacheGroup tail from 400D3F48 to 400D4080
11-28 15:20:39.547 D/mdns    ( 4397): m->NextCacheCheck   32 Slot 264 milink-185090187.local.
11-28 15:20:39.547 D/mdns    ( 4397): CheckCacheExpiration: Deleting  61441       0 00000000    4 milink-185090187.local. Addr 172.16.13.167
11-28 15:20:39.547 D/mdns    ( 4397): CheckCacheExpiration: Updating CacheGroup tail from 400D49F8 to 400D4BC8
11-28 15:20:39.547 D/mdns    ( 4397): m->NextCacheCheck   33 Slot 274 milink-203107814.local.
11-28 15:20:39.547 D/mdns    ( 4397): CheckCacheExpiration: Deleting  61441       0 00000000    4 milink-203107814.local. Addr 172.16.13.34
11-28 15:20:39.547 D/mdns    ( 4397): CheckCacheExpiration: Updating CacheGroup tail from 400D5EC0 to 400D9D20
11-28 15:20:39.547 D/mdns    ( 4397): m->NextCacheCheck   34 Slot 286 milink-199855756.local.
11-28 15:20:39.547 D/mdns    ( 4397): CheckCacheExpiration: Deleting  61441       0 00000000    4 milink-199855756.local. Addr 172.16.13.131
11-28 15:20:39.547 D/mdns    ( 4397): CheckCacheExpiration: Updating CacheGroup tail from 400D2528 to 400D4838
11-28 15:20:39.547 D/mdns    ( 4397): m->NextCacheCheck   35 Slot 286 3.2.B.D.E.B.E.F.F.F.9.3.E.C.2.0.0.0.0.0.0.0.0.0.0.0.0.0.0.8.E.F.ip6.arpa.
11-28 15:20:39.547 D/mdns    ( 4397): CheckCacheExpiration: Deleting  61441       0 00000000   15 3.2.B.D.E.B.E.F.F.F.9.3.E.C.2.0.0.0.0.0.0.0.0.0.0.0.0.0.0.8.E.F.ip6.arpa. PTR Android.local.
11-28 15:20:39.547 D/mdns    ( 4397): CheckCacheExpiration: Deleting  61441       0 00000000   78 3.2.B.D.E.B.E.F.F.F.9.3.E.C.2.0.0.0.0.0.0.0.0.0.0.0.0.0.0.8.E.F.ip6.arpa. NSEC PTR 
11-28 15:20:39.547 D/mdns    ( 4397): CheckCacheExpiration: Updating CacheGroup tail from 400D7ED0 to 400D6D08
11-28 15:20:39.547 D/mdns    ( 4397): m->NextCacheCheck   36 Slot 287 1048b1282220@qqwwee._raop._tcp.local.
11-28 15:20:39.547 D/mdns    ( 4397): CheckCacheExpiration: Deleting  61441       0 00000000   30 1048b1282220@qqwwee._raop._tcp.local. SRV 0 0 5000 milink-203107814.local.
11-28 15:20:39.547 D/mdns    ( 4397): CheckCacheExpiration: Deleting  61441       0 00000000  176 1048b1282220@qqwwee._raop._tcp.local. TXT tp=UDP¬¶sm=false¬¶sv=false¬¶ek=1¬¶et=0,3,5¬¶cn=0,1¬¶ch=2¬¶ss=16¬¶sr=44100¬¶pw=false¬¶vn=3¬¶txtvers=1¬¶da=true¬¶
11-28 15:20:39.547 D/mdns    ( 4397): CheckCacheExpiration: Updating CacheGroup tail from 400D3790 to 400D9600
11-28 15:20:39.547 D/mdns    ( 4397): m->NextCacheCheck   37 Slot 297 _services._dns-sd._udp.local.
11-28 15:20:39.547 D/mdns    ( 4397): CheckCacheExpiration: Deleting  61441       0 00000000   27 _services._dns-sd._udp.local. PTR _apple-mobdev2._tcp.local.
11-28 15:20:39.547 D/mdns    ( 4397): CheckCacheExpiration: Deleting  61441       0 00000000   18 _services._dns-sd._udp.local. PTR _raop._tcp.local.
11-28 15:20:39.547 D/mdns    ( 4397): CheckCacheExpiration: Deleting  61441       0 00000000   21 _services._dns-sd._udp.local. PTR _airplay._tcp.local.
11-28 15:20:39.547 D/mdns    ( 4397): CheckCacheExpiration: Updating CacheGroup tail from 400D2820 to 400D38C8
11-28 15:20:39.547 D/mdns    ( 4397): m->NextCacheCheck   38 Slot 310 1048b11cf011@ÂÆ¢ÂéÖÁöÑÂ∞èÁ±≥ÁõíÂ≠ê._raop._tcp.local.
11-28 15:20:39.547 D/mdns    ( 4397): CheckCacheExpiration: Deleting  61441       0 00000000  176 1048b11cf011@ÂÆ¢ÂéÖÁöÑÂ∞èÁ±≥ÁõíÂ≠ê._raop._tcp.local. TXT tp=UDP¬¶sm=false¬¶sv=false¬¶ek=1¬¶et=0,3,5¬¶cn=0,1¬¶ch=2¬¶ss=16¬¶sr=44100¬¶pw=false¬¶vn=3¬¶txtve
11-28 15:20:39.547 D/mdns    ( 4397): CheckCacheExpiration: Deleting  61441       0 00000000   30 1048b11cf011@ÂÆ¢ÂéÖÁöÑÂ∞èÁ±≥ÁõíÂ≠ê._raop._tcp.local. SRV 0 0 5000 milink-199704365.local.
11-28 15:20:39.547 D/mdns    ( 4397): CheckCacheExpiration: Updating CacheGroup tail from 400D8428 to 400D8B50
11-28 15:20:39.547 D/mdns    ( 4397): m->NextCacheCheck   39 Slot 333 ÂÆ¢ÂéÖÁöÑÂ∞èÁ±≥ÁõíÂ≠ê\032(6)._airkan._tcp.local.
11-28 15:20:39.547 D/mdns    ( 4397): CheckCacheExpiration: Deleting  61441       0 00000000   30 ÂÆ¢ÂéÖÁöÑÂ∞èÁ±≥ÁõíÂ≠ê\032(6)._airkan._tcp.local. SRV 0 0 6088 milink-199422877.local.
11-28 15:20:39.547 D/mdns    ( 4397): CheckCacheExpiration: Deleting  61441       0 00000000  126 ÂÆ¢ÂéÖÁöÑÂ∞èÁ±≥ÁõíÂ≠ê\032(6)._airkan._tcp.local. TXT photoport=6089¬¶scrnw=1920¬¶scrnh=1080¬¶protver=16777984¬¶prottext=Airkan Protocol Version 1.03¬¶pla
11-28 15:20:39.547 D/mdns    ( 4397): CheckCacheExpiration: Updating CacheGroup tail from 400D0058 to 400D41B0
11-28 15:20:39.547 D/mdns    ( 4397): m->NextCacheCheck   40 Slot 334 _airkan._tcp.local.
11-28 15:20:39.547 D/mdns    ( 4397): CheckCacheExpiration: Deleting  61441       0 00000000   46 _airkan._tcp.local. PTR ÂÆ¢ÂéÖÁöÑÂ∞èÁ±≥ÁõíÂ≠ê\032(4)._airkan._tcp.local.
11-28 15:20:39.547 D/mdns    ( 4397): CheckCacheExpiration: Deleting  61441       0 00000000   32 _airkan._tcp.local. PTR hello\032mibox._airkan._tcp.local.
11-28 15:20:39.547 D/mdns    ( 4397): CheckCacheExpiration: Deleting  61441       0 00000000   46 _airkan._tcp.local. PTR ÂÆ¢ÂéÖÁöÑÂ∞èÁ±≥ÁõíÂ≠ê\032(7)._airkan._tcp.local.
11-28 15:20:39.547 D/mdns    ( 4397): CheckCacheExpiration: Deleting  61441       0 00000000   46 _airkan._tcp.local. PTR ÂÆ¢ÂéÖÁöÑÂ∞èÁ±≥ÁõíÂ≠ê\032(6)._airkan._tcp.local.
11-28 15:20:39.547 D/mdns    ( 4397): CheckCacheExpiration: Updating CacheGroup tail from 400D3828 to 400D7558
11-28 15:20:39.547 D/mdns    ( 4397): m->NextCacheCheck   41 Slot 338 ÂÆ¢ÂéÖÁöÑÂ∞èÁ±≥ÁõíÂ≠ê\032(3)._airplay._tcp.local.
11-28 15:20:39.547 D/mdns    ( 4397): CheckCacheExpiration: Deleting  61441       0 00000000   30 ÂÆ¢ÂéÖÁöÑÂ∞èÁ±≥ÁõíÂ≠ê\032(3)._airplay._tcp.local. SRV 0 0 7000 milink-254969319.local.
11-28 15:20:39.547 D/mdns    ( 4397): CheckCacheExpiration: Deleting  61441       0 00000000   94 ÂÆ¢ÂéÖÁöÑÂ∞èÁ±≥ÁõíÂ≠ê\032(3)._airplay._tcp.local. TXT deviceid=10:48:b1:52:aa:81¬¶features=0x100029ff¬¶flags=0x4¬¶model=AppleTV3,1¬¶srcvers=150.33¬¶vv=1
11-28 15:20:39.547 D/mdns    ( 4397): CheckCacheExpiration: Updating CacheGroup tail from 400DABF0 to 400D1198
11-28 15:20:39.547 D/mdns    ( 4397): m->NextCacheCheck   42 Slot 342 pable.local.
11-28 15:20:39.547 D/mdns    ( 4397): CheckCacheExpiration: Deleting  61441       0 00000000    4 pable.local. Addr 172.16.13.185
11-28 15:20:39.547 D/mdns    ( 4397): CheckCacheExpiration: Deleting  61441       0 00000000   16 pable.local. AAAA FE80:0000:0000:0000:CA2A:14FF:FE2C:4A00
11-28 15:20:39.547 D/mdns    ( 4397): CheckCacheExpiration: Updating CacheGroup tail from 400D5F58 to 400D45D8
11-28 15:20:39.547 D/mdns    ( 4397): m->NextCacheCheck   43 Slot 346 52b105bb._sub._apple-mobdev2._tcp.local.
11-28 15:20:39.547 D/mdns    ( 4397): CheckCacheExpiration: Deleting  61441       0 00000000   70 52b105bb._sub._apple-mobdev2._tcp.local. PTR a8:88:08:4f:2c:68@fe80::aa88:8ff:fe4f:2c68._apple-mobdev2._tcp.local.
11-28 15:20:39.547 D/mdns    ( 4397): CheckCacheExpiration: Updating CacheGroup tail from 400D02B8 to 400D2D80
11-28 15:20:39.547 D/mdns    ( 4397): m->NextCacheCheck   44 Slot 359 _apple-mobdev2._tcp.local.
11-28 15:20:39.547 D/mdns    ( 4397): CheckCacheExpiration: Deleting  61441       0 00000000   70 _apple-mobdev2._tcp.local. PTR a8:88:08:4f:2c:68@fe80::aa88:8ff:fe4f:2c68._apple-mobdev2._tcp.local.
11-28 15:20:39.547 D/mdns    ( 4397): CheckCacheExpiration: Updating CacheGroup tail from 400D8E40 to 400D9EE8
11-28 15:20:39.547 D/mdns    ( 4397): m->NextCacheCheck   45 Slot 361 a8:88:08:4f:2c:68@fe80::aa88:8ff:fe4f:2c68._apple-mobdev2._tcp.local.
11-28 15:20:39.547 D/mdns    ( 4397): CheckCacheExpiration: Deleting  61441       0 00000000   19 a8:88:08:4f:2c:68@fe80::aa88:8ff:fe4f:2c68._apple-mobdev2._tcp.local. SRV 0 0 62078 shou8.local.
11-28 15:20:39.547 D/mdns    ( 4397): CheckCacheExpiration: Deleting  61441       0 00000000    1 a8:88:08:4f:2c:68@fe80::aa88:8ff:fe4f:2c68._apple-mobdev2._tcp.local. TXT 
11-28 15:20:39.547 D/mdns    ( 4397): CheckCacheExpiration: Updating CacheGroup tail from 400D0FC8 to 400D48D0
11-28 15:20:39.547 D/mdns    ( 4397): m->NextCacheCheck   46 Slot 366 1048b15135aa@ÂÆ¢ÂéÖÁöÑÂ∞èÁ±≥ÁõíÂ≠ê._raop._tcp.local.
11-28 15:20:39.547 D/mdns    ( 4397): CheckCacheExpiration: Deleting  61441       0 00000000   30 1048b15135aa@ÂÆ¢ÂéÖÁöÑÂ∞èÁ±≥ÁõíÂ≠ê._raop._tcp.local. SRV 0 0 5000 milink-199855756.local.
11-28 15:20:39.547 D/mdns    ( 4397): CheckCacheExpiration: Deleting  61441       0 00000000  176 1048b15135aa@ÂÆ¢ÂéÖÁöÑÂ∞èÁ±≥ÁõíÂ≠ê._raop._tcp.local. TXT tp=UDP¬¶sm=false¬¶sv=false¬¶ek=1¬¶et=0,3,5¬¶cn=0,1¬¶ch=2¬¶ss=16¬¶sr=44100¬¶pw=false¬¶vn=3¬¶txtve
11-28 15:20:39.547 D/mdns    ( 4397): CheckCacheExpiration: Updating CacheGroup tail from 400D5A98 to 400D2BB8
11-28 15:20:39.547 D/mdns    ( 4397): m->NextCacheCheck   47 Slot 372 5.4.5.A.3.0.E.F.F.F.E.0.D.6.2.0.0.0.0.0.0.0.0.0.0.0.0.0.0.8.E.F.ip6.arpa.
11-28 15:20:39.547 D/mdns    ( 4397): CheckCacheExpiration: Deleting  61441       0 00000000   17 5.4.5.A.3.0.E.F.F.F.E.0.D.6.2.0.0.0.0.0.0.0.0.0.0.0.0.0.0.8.E.F.ip6.arpa. PTR Android-2.local.
11-28 15:20:39.547 D/mdns    ( 4397): CheckCacheExpiration: Deleting  61441       0 00000000   78 5.4.5.A.3.0.E.F.F.F.E.0.D.6.2.0.0.0.0.0.0.0.0.0.0.0.0.0.0.8.E.F.ip6.arpa. NSEC PTR 
11-28 15:20:39.547 D/mdns    ( 4397): CheckCacheExpiration: Updating CacheGroup tail from 400D1A78 to 400D28C0
11-28 15:20:39.547 D/mdns    ( 4397): m->NextCacheCheck   48 Slot 377 ÂÆ¢ÂéÖÁöÑÂ∞èÁ±≥ÁõíÂ≠ê\032(6)._airplay._tcp.local.
11-28 15:20:39.547 D/mdns    ( 4397): CheckCacheExpiration: Deleting  61441       0 00000000   30 ÂÆ¢ÂéÖÁöÑÂ∞èÁ±≥ÁõíÂ≠ê\032(6)._airplay._tcp.local. SRV 0 0 7000 milink-184250014.local.
11-28 15:20:39.547 D/mdns    ( 4397): CheckCacheExpiration: Deleting  61441       0 00000000   94 ÂÆ¢ÂéÖÁöÑÂ∞èÁ±≥ÁõíÂ≠ê\032(6)._airplay._tcp.local. TXT deviceid=10:48:b1:4f:69:32¬¶features=0x100029ff¬¶flags=0x4¬¶model=AppleTV3,1¬¶srcvers=150.33¬¶vv=1
11-28 15:20:39.547 D/mdns    ( 4397): CheckCacheExpiration: Updating CacheGroup tail from 400D87B8 to 400D5A08
11-28 15:20:39.547 D/mdns    ( 4397): m->NextCacheCheck   49 Slot 386 006d0e03a545@‰ºòÈÖ∑ÁîµËßÜ._raop._tcp.local.
11-28 15:20:39.547 D/mdns    ( 4397): CheckCacheExpiration: Deleting  61441       0 00000000   27 006d0e03a545@‰ºòÈÖ∑ÁîµËßÜ._raop._tcp.local. SRV 0 0 5000 172-16-13-147.local.
11-28 15:20:39.547 D/mdns    ( 4397): CheckCacheExpiration: Deleting  61441       0 00000000  146 006d0e03a545@‰ºòÈÖ∑ÁîµËßÜ._raop._tcp.local. TXT tp=UDP¬¶sm=false¬¶sv=false¬¶ek=1¬¶et=0,1¬¶cn=0,1¬¶ch=2¬¶ss=16¬¶sr=44100¬¶pw=false¬¶vn=3¬¶txtvers=1¬¶da=tr
11-28 15:20:39.547 D/mdns    ( 4397): CheckCacheExpiration: Updating CacheGroup tail from 400D5410 to 400DA0B0
11-28 15:20:39.547 D/mdns    ( 4397): m->NextCacheCheck   50 Slot 395 hello\032mibox._airkan._tcp.local.
11-28 15:20:39.547 D/mdns    ( 4397): CheckCacheExpiration: Deleting  61441       0 00000000   30 hello\032mibox._airkan._tcp.local. SRV 0 0 6088 milink-185090187.local.
11-28 15:20:39.547 D/mdns    ( 4397): CheckCacheExpiration: Deleting  61441       0 00000000  125 hello\032mibox._airkan._tcp.local. TXT photoport=6089¬¶scrnw=1280¬¶scrnh=720¬¶protver=16777984¬¶prottext=Airkan Protocol Version 1.03¬¶platform_id=205¬¶m
11-28 15:20:39.547 D/mdns    ( 4397): CheckCacheExpiration: Updating CacheGroup tail from 400D4D88 to 400D5250
11-28 15:20:39.547 D/mdns    ( 4397): m->NextCacheCheck   51 Slot 397 ÂÆ¢ÂéÖÁöÑÂ∞èÁ±≥ÁõíÂ≠ê\032(7)._airkan._tcp.local.
11-28 15:20:39.547 D/mdns    ( 4397): CheckCacheExpiration: Deleting  61441       0 00000000   30 ÂÆ¢ÂéÖÁöÑÂ∞èÁ±≥ÁõíÂ≠ê\032(7)._airkan._tcp.local. SRV 0 0 6088 milink-184250014.local.
11-28 15:20:39.547 D/mdns    ( 4397): CheckCacheExpiration: Deleting  61441       0 00000000  125 ÂÆ¢ÂéÖÁöÑÂ∞èÁ±≥ÁõíÂ≠ê\032(7)._airkan._tcp.local. TXT photoport=6089¬¶scrnw=1280¬¶scrnh=720¬¶protver=16777984¬¶prottext=Airkan Protocol Version 1.03¬¶plat
11-28 15:20:39.547 D/mdns    ( 4397): CheckCacheExpiration: Updating CacheGroup tail from 400D1F38 to 400D1BB0
11-28 15:20:39.547 D/mdns    ( 4397): m->NextCacheCheck   52 Slot 415 1048b118a129@hello\032mibox._raop._tcp.local.
11-28 15:20:39.547 D/mdns    ( 4397): CheckCacheExpiration: Deleting  61441       0 00000000  176 1048b118a129@hello\032mibox._raop._tcp.local. TXT tp=UDP¬¶sm=false¬¶sv=false¬¶ek=1¬¶et=0,3,5¬¶cn=0,1¬¶ch=2¬¶ss=16¬¶sr=44100¬¶pw=false¬¶vn=3¬¶txtvers=1¬¶d
11-28 15:20:39.547 D/mdns    ( 4397): CheckCacheExpiration: Deleting  61441       0 00000000   30 1048b118a129@hello\032mibox._raop._tcp.local. SRV 0 0 5000 milink-185090187.local.
11-28 15:20:39.547 D/mdns    ( 4397): CheckCacheExpiration: Updating CacheGroup tail from 400D4FE8 to 400D9140
11-28 15:20:39.547 D/mdns    ( 4397): m->NextCacheCheck   53 Slot 427 MiniMax\032(2)._airplay._tcp.local.
11-28 15:20:39.547 D/mdns    ( 4397): CheckCacheExpiration: Deleting  61441       0 00000000   23 MiniMax\032(2)._airplay._tcp.local. SRV 0 0 38421 Android-5.local.
11-28 15:20:39.547 D/mdns    ( 4397): CheckCacheExpiration: Deleting  61441       0 00000000   40 MiniMax\032(2)._airplay._tcp.local. NSEC TXT SRV 
11-28 15:20:39.547 D/mdns    ( 4397): CheckCacheExpiration: Updating CacheGroup tail from 400DA990 to 400D9308
11-28 15:20:39.547 D/mdns    ( 4397): m->NextCacheCheck   54 Slot 440 MiniMax\032(3)._airplay._tcp.local.
11-28 15:20:39.547 D/mdns    ( 4397): CheckCacheExpiration: Deleting  61441       0 00000000   75 MiniMax\032(3)._airplay._tcp.local. TXT deviceid=00:ce:39:be:db:23¬¶features=0x2077¬¶model=AppleTV2,1¬¶srcvers=101.28
11-28 15:20:39.547 D/mdns    ( 4397): CheckCacheExpiration: Deleting  61441       0 00000000   21 MiniMax\032(3)._airplay._tcp.local. SRV 0 0 38421 Android.local.
11-28 15:20:39.547 D/mdns    ( 4397): CheckCacheExpiration: Deleting  61441       0 00000000   40 MiniMax\032(3)._airplay._tcp.local. NSEC TXT SRV 
11-28 15:20:39.547 D/mdns    ( 4397): CheckCacheExpiration: Updating CacheGroup tail from 400D8A18 to 400D8858
11-28 15:20:39.547 D/mdns    ( 4397): m->NextCacheCheck   55 Slot 446 00ce39bedb23@MiniMax._raop._tcp.local.
11-28 15:20:39.547 D/mdns    ( 4397): CheckCacheExpiration: Deleting  61441       0 00000000  115 00ce39bedb23@MiniMax._raop._tcp.local. TXT ch=2¬¶cn=0,1¬¶da=true¬¶ek=1¬¶et=0,1¬¶md=0,1,2¬¶pw=false¬¶sm=false¬¶sr=44100¬¶ss=16¬¶sv=false¬¶tp=UDP¬¶txtvers=
11-28 15:20:39.547 D/mdns    ( 4397): CheckCacheExpiration: Deleting  61441       0 00000000   21 00ce39bedb23@MiniMax._raop._tcp.local. SRV 0 0 38431 Android.local.
11-28 15:20:39.547 D/mdns    ( 4397): CheckCacheExpiration: Deleting  61441       0 00000000   46 00ce39bedb23@MiniMax._raop._tcp.local. NSEC TXT SRV 
11-28 15:20:39.547 D/mdns    ( 4397): CheckCacheExpiration: Updating CacheGroup tail from 400D15B8 to 400D2CE8
11-28 15:20:39.547 D/mdns    ( 4397): m->NextCacheCheck   56 Slot 447 milink-200077498.local.
11-28 15:20:39.547 D/mdns    ( 4397): CheckCacheExpiration: Deleting  61441       0 00000000    4 milink-200077498.local. Addr 172.16.13.187
11-28 15:20:39.547 D/mdns    ( 4397): CheckCacheExpiration: Updating CacheGroup tail from 400DA860 to 400DA4D8
11-28 15:20:39.547 D/mdns    ( 4397): m->NextCacheCheck   57 Slot 463 1048b14f6932@ÂÆ¢ÂéÖÁöÑÂ∞èÁ±≥ÁõíÂ≠ê._raop._tcp.local.
11-28 15:20:39.547 D/mdns    ( 4397): CheckCacheExpiration: Deleting  61441       0 00000000   30 1048b14f6932@ÂÆ¢ÂéÖÁöÑÂ∞èÁ±≥ÁõíÂ≠ê._raop._tcp.local. SRV 0 0 5000 milink-184250014.local.
11-28 15:20:39.547 D/mdns    ( 4397): CheckCacheExpiration: Deleting  61441       0 00000000  176 1048b14f6932@ÂÆ¢ÂéÖÁöÑÂ∞èÁ±≥ÁõíÂ≠ê._raop._tcp.local. TXT tp=UDP¬¶sm=false¬¶sv=false¬¶ek=1¬¶et=0,3,5¬¶cn=0,1¬¶ch=2¬¶ss=16¬¶sr=44100¬¶pw=false¬¶vn=3¬¶txtve
11-28 15:20:39.547 D/mdns    ( 4397): CheckCacheExpiration: Updating CacheGroup tail from 400D7848 to 400D9568
11-28 15:20:39.547 D/mdns    ( 4397): m->NextCacheCheck   58 Slot 463 CloverÁöÑ\032iPhone._device-info._tcp.local.
11-28 15:20:39.547 D/mdns    ( 4397): CheckCacheExpiration: Deleting  61441       0 00000000   12 CloverÁöÑ\032iPhone._device-info._tcp.local. TXT model=N53AP
11-28 15:20:39.547 D/mdns    ( 4397): CheckCacheExpiration: Updating CacheGroup tail from 400D64B0 to 400D2108
11-28 15:20:39.547 D/mdns    ( 4397): m->NextCacheCheck   59 Slot 485 qqwwee._rc._tcp.local.
11-28 15:20:39.547 D/mdns    ( 4397): CheckCacheExpiration: Deleting  61441       0 00000000   30 qqwwee._rc._tcp.local. SRV 0 0 6091 milink-203107814.local.
11-28 15:20:39.547 D/mdns    ( 4397): CheckCacheExpiration: Deleting  61441       0 00000000  230 qqwwee._rc._tcp.local. TXT protver=16777472¬¶prottext=Remote Controller Protocol Version 1.0.1.0¬¶platform_id=205¬¶scrnw=1280¬¶scrnh=720¬¶server_address=
11-28 15:20:39.547 D/mdns    ( 4397): CheckCacheExpiration: Updating CacheGroup tail from 400DAE50 to 400D2EB0
11-28 15:20:39.547 D/mdns    ( 4397): m->NextCacheCheck   60 Slot 491 Android-5.local.
11-28 15:20:39.547 D/mdns    ( 4397): CheckCacheExpiration: Deleting  61441       0 00000000    4 Android-5.local. Addr 172.16.13.192
11-28 15:20:39.547 D/mdns    ( 4397): CheckCacheExpiration: Deleting  61441       0 00000000   16 Android-5.local. AAAA FE80:0000:0000:0000:02CE:39FF:FEBE:9E6F
11-28 15:20:39.547 D/mdns    ( 4397): CheckCacheExpiration: Deleting  61441       0 00000000   23 Android-5.local. NSEC Addr AAAA 
11-28 15:20:39.547 D/mdns    ( 4397): CheckCacheExpiration: Updating CacheGroup tail from 400DAB58 to 400D68E0
11-28 15:20:39.547 D/mdns    ( 4397): m->NextCacheCheck   61 checked, next in 1071396727
11-28 15:20:39.547 D/mdns    ( 4397): AnswerNewQuestion: Answering _sleep-proxy._udp.local. (PTR)
11-28 15:20:39.547 D/mdns    ( 4397): AnswerNewQuestion: ShouldQueryImmediately _sleep-proxy._udp.local. (PTR)
11-28 15:20:39.547 D/mdns    ( 4397): mDNS_Execute: Skipping LocalAuthRecord    4 Android-2.local. Addr 172.16.13.147
11-28 15:20:39.547 D/mdns    ( 4397): mDNS_Execute: Delivering Add event with LocalAuthRecord   17 147.13.16.172.in-addr.arpa. PTR Android-2.local.
11-28 15:20:39.547 D/mdns    ( 4397): mDNS_Execute: Skipping LocalAuthRecord   16 Android-2.local. AAAA FE80:0000:0000:0000:026D:0EFF:FE03:A545
11-28 15:20:39.547 D/mdns    ( 4397): mDNS_Execute: Delivering Add event with LocalAuthRecord   17 5.4.5.A.3.0.E.F.F.F.E.0.D.6.2.0.0.0.0.0.0.0.0.0.0.0.0.0.0.8.E.F.ip6.arpa. PTR Android-2.local.
11-28 15:20:39.547 D/mdns    ( 4397): mDNS_Execute: Setting NewLocalRecords to    4 Android-2.local. Addr 172.16.13.147
11-28 15:20:39.587 D/cocos2d-x debug info(14128): trace_frame: 37.699142
11-28 15:20:39.607 D/WifiSetting(14128): handleEvent action:android.net.wifi.SCAN_RESULTS
11-28 15:20:39.627 D/cocos2d-x debug info(14128): JS: launcher.eventCenter.onWifiStateChanged
11-28 15:20:39.687 D/cocos2d-x debug info(14128): JS: funUtils.sJsonString={"retCode":"200","retMsg":"ok","data":{"mediaid":"113877","name_cn":"Ë∂Ö‰Ωì","mtype":"movie","countries":["Ê≥ïÂõΩ"],"releasedate":"2014","karma":"8.5","p_pic":"http://img.funshion.com/pictures/media/list/113/877/113877_360_504_ott_poster.jpg?1417152520","s_pic":"http://img.funshion.com/pictures/media/list/113/877/113877_530_298_ott_still.jpg?1417152520","plots":"„ÄäË∂Ö‰Ωì„ÄãÂ±Ö‰ΩèÂú®Âè∞ÂåóÁöÑÂπ¥ËΩªÂ•≥Â≠êÈú≤Ë•øÔºåË¢´Ëø´Êàê‰∏∫‰∫∫‰ΩìÂø´ÈÄíÔºåËÉÉÈáåË¢´ÈªëÂ∏ÆÊ§çÂÖ•‰∏ÄÁßçÊñ∞ÂûãÁóÖÊØíÔºåÂú®‰∏ÄÊ¨°Ë¢´Êö¥ÊâìÂêéÔºåËÉÉÈáåÁöÑÁóÖÊØíËûçÂÖ•Ë°ÄÊ∂≤Ôºå‰ªéËÄå‰ΩøÂ•πÊÑèÂ§ñÊã•Êúâ‰∫ÜÁî®ÊÑèÂøµ‰æøÂèØÊéßÂà∂Âë®Âõ¥Áâ©‰ΩìÁöÑË∂ÖËÉΩÂäõÔºåÊØîÂ¶ÇÈ¢ÑËßÅÊú™Êù•„ÄÅÁî®ÊÑèÂøµÁßªÂä®Áâ©ÂìÅ„ÄÅÊ∂àÈô§ÁñºÁóõ„ÄÅÁû¨Èó¥ÂèòË∫´Á≠â„ÄÇÂ•πÁöÑÈ°ΩÂº∫ÂèçÊäóÂíåÈÄÉËÑ±‰πüÂõ†Ê≠§ÂºïËµ∑ÈùûÊ≥ïÁªÑÁªáÁöÑËøΩÊùÄÔºåÂú®Ë∞ÉÊü•ÈùûÊ≥ïÁªÑÁªáÂπ∂‰∏é‰πãÊñó‰∫âÁöÑÂêåÊó∂ÔºåËá™Â∑±ÁöÑÁîüÂëΩ‰πüÂú®ËøÖÈÄüËµ∞ÂêëÊ∂à‰∫°ÔºåÂú®ÊåΩÊïëÁîüÂëΩ„ÄÅÂØªÊâæÁúüÁõ∏ÁöÑÈÅìË∑Ø‰∏äÔºåÈú≤Ë•ø‰ªéÊâãÊó†ÁºöÈ∏°‰πãÂäõÁöÑÂº±Â•≥Â≠êÈÄêÊ∏êÊàêÈïø‰∏∫‰∏ÄÂêçÊó†ÊâÄ‰∏çËÉΩ„ÄÅÊó†ÊâÄ‰∏çÂú®ÁöÑË∂ÖÁ∫ßÂ•≥Ëã±ÈõÑ
11-28 15:20:39.697 D/cocos2d-x debug info(14128): JS: funUtils.sCallbackString last string=ame_cn":"ÂêïÂÖã¬∑Ë¥ùÊùæ"}]}}}
11-28 15:20:39.697 D/cocos2d-x debug info(14128): nativeTes2Callback  [004]funUtils.funCallback('{"retCode":"200","retMsg":"ok","data":{"mediaid":"113877","name_cn":"\u8d85\u4f53","mtype":"movie","countries":["\u6cd5\u56fd"],"releasedate":"2014","karma":"8.5","p_pic":"http:\/\/img.funshion.com\/pictures\/media\/list\/113\/877\/113877_360_504_ott_poster.jpg?1417152520","s_pic":"http:\/\/img.funshion.com\/pictures\/media\/list\/113\/877\/113877_530_298_ott_still.jpg?1417152520","plots":"\u300a\u8d85\u4f53\u300b\u5c45\u4f4f\u5728\u53f0\u5317\u7684\u5e74\u8f7b\u5973\u5b50\u9732\u897f\uff0c\u88ab\u8feb\u6210\u4e3a\u4eba\u4f53\u5feb\u9012\uff0c\u80c3\u91cc\u88ab\u9ed1\u5e2e\u690d\u5165\u4e00\u79cd\u65b0\u578b\u75c5\u6bd2\uff0c\u5728\u4e00\u6b21\u88ab\u66b4\u6253\u540e\uff0c\u80c3\u91cc\u7684\u75c5\u6bd2\u878d\u5165\u8840\u6db2\uff0c\u4ece\u800c\u4f7f\u5979\u610f\u5916\u62e5\u6709\u4e86\u7528\u610f\u5ff5\u4fbf\u53ef\u63a7\u5236\u5468\u56f4\u7269\u4f53\u7684\u8d85\u80fd\u529b\uff0c\u6bd4\u5982\u9884\u89c1\u672a\u6765\u3001\u7528\u610f\u5ff5\u79fb\u52a8\u7269\u54c1\
11-28 15:20:39.697 D/cocos2d-x debug info(14128): trace_frame: 36.720493
11-28 15:20:39.717 D/dalvikvm(14128): GC_CONCURRENT freed 2242K, 61% free 7248K/18508K, paused 3ms+3ms, total 35ms
11-28 15:20:39.807 D/cocos2d-x debug info(14128): trace_frame: 64.673492
11-28 15:20:39.857 D/mdns    ( 4397): mDNS_Execute
11-28 15:20:39.857 D/mdns    ( 4397): mDNS_Execute: Skipping LocalAuthRecord    4 Android-2.local. Addr 172.16.13.147
11-28 15:20:39.857 D/mdns    ( 4397): mDNS_Execute: Skipping LocalAuthRecord   16 Android-2.local. AAAA FE80:0000:0000:0000:026D:0EFF:FE03:A545
11-28 15:20:39.857 D/mdns    ( 4397): mDNS_Execute: Setting NewLocalRecords to    4 Android-2.local. Addr 172.16.13.147
11-28 15:20:39.857 D/mdns    ( 4397): SendQueries: _sleep-proxy._udp.local. (PTR) next interval 1 seconds RequestUnicast = 0
11-28 15:20:39.857 D/mdns    ( 4397): SendQueries: Putting     question for _sleep-proxy._udp.local. (PTR) at 0 forecast total 29
11-28 15:20:39.857 D/mdns    ( 4397): SendQueries putting   24 . OPT Max 1440 Vers 0 Seq   0 MAC 00:00:00:00:00:00 I-MAC 09:41:6E:64:72:6F
11-28 15:20:39.857 D/mdns    ( 4397): SendQueries:   Sending 1 Question 0 Answers 0 Updates on 412B9378
11-28 15:20:39.857 D/mdns    ( 4397): SocketDataReady got a packet from 172.16.13.147 to 224.0.0.251 on interface 172.16.13.147/wlan0/7/288
11-28 15:20:39.857 D/mdns    ( 4397): Received Query from 172.16.13.147  :5353  to 224.0.0.251    :5353  on 0x412B9378 with  1 Question,   0 Answers,  0 Authorities,  1 Additional  58 bytes
11-28 15:20:39.857 D/mdns    ( 4397): SocketDataReady got a packet from FE80:0000:0000:0000:026D:0EFF:FE03:A545 to FF02:0000:0000:0000:0000:0000:0000:00FB on interface 172.16.13.147/wlan0/7/289
11-28 15:20:39.857 D/mdns    ( 4397): Received Query from FE80:0000:0000:0000:026D:0EFF:FE03:A545:5353  to FF02:0000:0000:0000:0000:0000:0000:00FB:5353  on 0x412B9378 with  1 Question,   0 Answers,  0 Authorities,  1 Additional  58 bytes
11-28 15:20:39.877 D/mdns    ( 4397): SocketDataReady got a packet from 172.16.13.164 to 224.0.0.251 on interface 172.16.13.147/wlan0/7/288
11-28 15:20:39.877 D/mdns    ( 4397): Received Response from 172.16.13.164   addressed to 224.0.0.251     on 412B9378 with  0 Questions,  3 Answers,  0 Authorities,  0 Additionals 333 bytes LLQType 0
11-28 15:20:39.907 D/cocos2d-x debug info(14128): trace_frame: 59.917912
11-28 15:20:39.957 D/mdns    ( 4397): mDNS_Execute
11-28 15:20:39.957 D/mdns    ( 4397): mDNS_Execute: Skipping LocalAuthRecord    4 Android-2.local. Addr 172.16.13.147
11-28 15:20:39.957 D/mdns    ( 4397): mDNS_Execute: Skipping LocalAuthRecord   16 Android-2.local. AAAA FE80:0000:0000:0000:026D:0EFF:FE03:A545
11-28 15:20:39.957 D/mdns    ( 4397): mDNS_Execute: Setting NewLocalRecords to    4 Android-2.local. Addr 172.16.13.147
11-28 15:20:40.007 D/cocos2d-x debug info(14128): trace_frame: 59.974812
11-28 15:20:40.017 D/cocos2d-x debug info(14128): JS: startFunLoading end
11-28 15:20:40.027 D/cocos2d-x debug info(14128): JS: test onenter
11-28 15:20:40.027 D/cocos2d-x debug info(14128): JS: startFunLoading endLoading
11-28 15:20:40.037 D/mdns    ( 4397): mDNS_Execute
11-28 15:20:40.037 D/mdns    ( 4397): mDNS_Execute: Skipping LocalAuthRecord    4 Android-2.local. Addr 172.16.13.147
11-28 15:20:40.037 D/mdns    ( 4397): mDNS_Execute: Skipping LocalAuthRecord   16 Android-2.local. AAAA FE80:0000:0000:0000:026D:0EFF:FE03:A545
11-28 15:20:40.037 D/mdns    ( 4397): mDNS_Execute: Setting NewLocalRecords to    4 Android-2.local. Addr 172.16.13.147
11-28 15:20:40.037 D/mdns    ( 4397): SendQueries:   Put Question 006d0e03a545@MiniMax._raop._tcp.local. (SRV) probecount 2
11-28 15:20:40.037 D/mdns    ( 4397): SendQueries:   Put Question MiniMax._airplay._tcp.local. (SRV) probecount 2
11-28 15:20:40.037 D/mdns    ( 4397): SendQueries:   Put Question Android-2.local. (Addr) probecount 2
11-28 15:20:40.037 D/mdns    ( 4397): SendQueries:   Put Question Android-2.local. (AAAA) probecount 2
11-28 15:20:40.037 D/mdns    ( 4397): SendQueries putting   24 . OPT Max 1440 Vers 0 Seq   0 MAC 00:00:00:00:00:00 I-MAC 09:41:6E:64:72:6F
11-28 15:20:40.037 D/mdns    ( 4397): SendQueries:   Sending 4 Questions 0 Answers 4 Updates on 412B9378
11-28 15:20:40.037 D/mdns    ( 4397): SocketDataReady got a packet from 172.16.13.147 to 224.0.0.251 on interface 172.16.13.147/wlan0/7/288
11-28 15:20:40.037 D/mdns    ( 4397): Received Query from 172.16.13.147  :5353  to 224.0.0.251    :5353  on 0x412B9378 with  4 Questions,  0 Answers,  4 Authorities,  1 Additional  201 bytes
11-28 15:20:40.037 D/mdns    ( 4397): SocketDataReady got a packet from FE80:0000:0000:0000:026D:0EFF:FE03:A545 to FF02:0000:0000:0000:0000:0000:0000:00FB on interface 172.16.13.147/wlan0/7/289
11-28 15:20:40.037 D/mdns    ( 4397): Received Query from FE80:0000:0000:0000:026D:0EFF:FE03:A545:5353  to FF02:0000:0000:0000:0000:0000:0000:00FB:5353  on 0x412B9378 with  4 Questions,  0 Answers,  4 Authorities,  1 Additional  201 bytes
11-28 15:20:40.107 D/cocos2d-x debug info(14128): trace_frame: 59.771072
11-28 15:20:40.137 D/mdns    ( 4397): mDNS_Execute
11-28 15:20:40.137 D/mdns    ( 4397): mDNS_Execute: Skipping LocalAuthRecord    4 Android-2.local. Addr 172.16.13.147
11-28 15:20:40.137 D/mdns    ( 4397): mDNS_Execute: Skipping LocalAuthRecord   16 Android-2.local. AAAA FE80:0000:0000:0000:026D:0EFF:FE03:A545
11-28 15:20:40.137 D/mdns    ( 4397): mDNS_Execute: Setting NewLocalRecords to    4 Android-2.local. Addr 172.16.13.147
11-28 15:20:40.227 D/cocos2d-x debug info(14128): trace_frame: 59.730530
11-28 15:20:40.287 D/mdns    ( 4397): mDNS_Execute
11-28 15:20:40.287 D/mdns    ( 4397): mDNS_Execute: Skipping LocalAuthRecord    4 Android-2.local. Addr 172.16.13.147
11-28 15:20:40.287 D/mdns    ( 4397): mDNS_Execute: Skipping LocalAuthRecord   16 Android-2.local. AAAA FE80:0000:0000:0000:026D:0EFF:FE03:A545
11-28 15:20:40.287 D/mdns    ( 4397): mDNS_Execute: Setting NewLocalRecords to    4 Android-2.local. Addr 172.16.13.147
11-28 15:20:40.287 D/mdns    ( 4397): SendQueries:   Put Question 006d0e03a545@MiniMax._raop._tcp.local. (SRV) probecount 1
11-28 15:20:40.287 D/mdns    ( 4397): SendQueries:   Put Question MiniMax._airplay._tcp.local. (SRV) probecount 1
11-28 15:20:40.287 D/mdns    ( 4397): SendQueries:   Put Question Android-2.local. (Addr) probecount 1
11-28 15:20:40.287 D/mdns    ( 4397): SendQueries:   Put Question Android-2.local. (AAAA) probecount 1
11-28 15:20:40.287 D/mdns    ( 4397): SendQueries putting   24 . OPT Max 1440 Vers 0 Seq   0 MAC 00:00:00:00:00:00 I-MAC 09:41:6E:64:72:6F
11-28 15:20:40.287 D/mdns    ( 4397): SendQueries:   Sending 4 Questions 0 Answers 4 Updates on 412B9378
11-28 15:20:40.287 D/mdns    ( 4397): SocketDataReady got a packet from 172.16.13.147 to 224.0.0.251 on interface 172.16.13.147/wlan0/7/288
11-28 15:20:40.287 D/mdns    ( 4397): Received Query from 172.16.13.147  :5353  to 224.0.0.251    :5353  on 0x412B9378 with  4 Questions,  0 Answers,  4 Authorities,  1 Additional  201 bytes
11-28 15:20:40.287 D/mdns    ( 4397): SocketDataReady got a packet from FE80:0000:0000:0000:026D:0EFF:FE03:A545 to FF02:0000:0000:0000:0000:0000:0000:00FB on interface 172.16.13.147/wlan0/7/289
11-28 15:20:40.287 D/mdns    ( 4397): Received Query from FE80:0000:0000:0000:026D:0EFF:FE03:A545:5353  to FF02:0000:0000:0000:0000:0000:0000:00FB:5353  on 0x412B9378 with  4 Questions,  0 Answers,  4 Authorities,  1 Additional  201 bytes
11-28 15:20:40.307 D/cocos2d-x debug info(14128): cocos2d: fullPathForFilename: No file found at Arial. Possible missing file.
11-28 15:20:40.317 D/cocos2d-x debug info(14128): cocos2d: fullPathForFilename: No file found at Arial. Possible missing file.
11-28 15:20:40.347 D/dalvikvm(14128): GC_FOR_ALLOC freed 177K, 57% free 7984K/18508K, paused 24ms, total 24ms
11-28 15:20:40.357 D/cocos2d-x debug info(14128): cocos2d: fullPathForFilename: No file found at Arial. Possible missing file.
11-28 15:20:40.357 D/cocos2d-x debug info(14128): cocos2d: fullPathForFilename: No file found at Arial. Possible missing file.
11-28 15:20:40.367 D/cocos2d-x debug info(14128): cocos2d: fullPathForFilename: No file found at Arial. Possible missing file.
11-28 15:20:40.377 D/cocos2d-x debug info(14128): JS: DetailScene addChild
11-28 15:20:40.377 D/cocos2d-x debug info(14128): JS: DetailScene initParam
11-28 15:20:40.377 D/cocos2d-x debug info(14128): cocos2d: TextureCache: removing unused texture: assets/res/img/icon_loading_buffer.png
11-28 15:20:40.377 D/cocos2d-x debug info(14128): cocos2d: TextureCache: removing unused texture: /data/data/tv.fun.launcher/files/fun_download/9f/ee7d502ad3b836ab7a8e327cf7ba6f.png
11-28 15:20:40.377 D/cocos2d-x debug info(14128): cocos2d: TextureCache: removing unused texture: /data/data/tv.fun.launcher/files/fun_download/d7/8383b46fde0ad58e6f2c9937046a3e.png
11-28 15:20:40.377 D/cocos2d-x debug info(14128): cocos2d: TextureCache: removing unused texture: /data/data/tv.fun.launcher/files/fun_download/4a/d2af471869c9211aa0677aadbd8c5e.png
11-28 15:20:40.377 D/cocos2d-x debug info(14128): cocos2d: TextureCache: removing unused texture: /data/data/tv.fun.launcher/files/fun_download/38/636f8d14af4eabcc5597942fb19fff.png
11-28 15:20:40.377 D/cocos2d-x debug info(14128): cocos2d: TextureCache: removing unused texture: /data/data/tv.fun.launcher/files/fun_download/09/a237d17af5238badd7c2cbd444bc49.png
11-28 15:20:40.377 D/cocos2d-x debug info(14128): cocos2d: TextureCache: removing unused texture: /data/data/tv.fun.launcher/files/fun_download/e1/a257a2f676d205b45a717d1d31d3ba.png
11-28 15:20:40.377 D/cocos2d-x debug info(14128): cocos2d: TextureCache: removing unused texture: /data/data/tv.fun.launcher/files/fun_download/60/c5434a5bc4843dd1e4d162cdc88f44.png
11-28 15:20:40.377 D/cocos2d-x debug info(14128): cocos2d: TextureCache: removing unused texture: /data/data/tv.fun.launcher/files/fun_download/2e/94ba606d5ecf8ccf7fbb957a07996f.png
11-28 15:20:40.377 D/cocos2d-x debug info(14128): cocos2d: TextureCache: removing unused texture: /data/data/tv.fun.launcher/files/fun_download/89/f1d896e04a12059a43cceb25002c9e.png
11-28 15:20:40.377 D/cocos2d-x debug info(14128): cocos2d: TextureCache: removing unused texture: /data/data/tv.fun.launcher/files/fun_download/4c/2eab0addd8c574bcfaba66fc02e9e9.png
11-28 15:20:40.377 D/cocos2d-x debug info(14128): cocos2d: TextureCache: removing unused texture: /data/data/tv.fun.launcher/files/fun_download/a4/86ef73e1d8fee5884faa83ab8f109f.png
11-28 15:20:40.377 D/cocos2d-x debug info(14128): cocos2d: TextureCache: removing unused texture: /data/data/tv.fun.launcher/files/fun_download/90/c2a2ddfe2422257d39bd0c9f5d84fc.png
11-28 15:20:40.377 D/cocos2d-x debug info(14128): cocos2d: TextureCache: removing unused texture: /data/data/tv.fun.launcher/files/fun_download/db/529b9d53e4bfc45e73466dfacb4a79.png
11-28 15:20:40.387 D/cocos2d-x debug info(14128): cocos2d: TextureCache: removing unused texture: /data/data/tv.fun.launcher/files/fun_download/d9/32582dc75e2e18a1a5091ace155775.png
11-28 15:20:40.387 D/cocos2d-x debug info(14128): cocos2d: TextureCache: removing unused texture: /data/data/tv.fun.launcher/files/fun_download/8f/43a9c097dfd231f46ed3870313a982.png
11-28 15:20:40.387 D/cocos2d-x debug info(14128): JS: DetailScene initParam remove texture
11-28 15:20:40.387 D/cocos2d-x debug info(14128): JS: setButtonText text : Êî∂Ëóè
11-28 15:20:40.387 D/cocos2d-x debug info(14128): JS: DetailScene initParam JSON.parse
11-28 15:20:40.387 D/mdns    ( 4397): mDNS_Execute
11-28 15:20:40.387 D/mdns    ( 4397): mDNS_Execute: Skipping LocalAuthRecord    4 Android-2.local. Addr 172.16.13.147
11-28 15:20:40.387 D/mdns    ( 4397): mDNS_Execute: Skipping LocalAuthRecord   16 Android-2.local. AAAA FE80:0000:0000:0000:026D:0EFF:FE03:A545
11-28 15:20:40.387 D/mdns    ( 4397): mDNS_Execute: Setting NewLocalRecords to    4 Android-2.local. Addr 172.16.13.147
11-28 15:20:40.387 D/JniHelper(14128): JniHelper::getJavaVM(), pthread_self() = 1529184920
11-28 15:20:40.387 D/queryWithColumn(14128): queryWithColumn
11-28 15:20:40.387 D/cocos2d-x debug info(14128): JS: favoriteString=null
11-28 15:20:40.387 D/JniHelper(14128): JniHelper::getJavaVM(), pthread_self() = 1529184920
11-28 15:20:40.397 D/cocos2d-x debug info(14128): JS: historyInfo={"serial_index":"null","serial_clarity":"null","serial_language":"chi","update_num":0,"play_time_in_seconds":0}
11-28 15:20:40.397 D/cocos2d-x debug info(14128): JS: mPlayTime=0
11-28 15:20:40.397 D/JniHelper(14128): JniHelper::getJavaVM(), pthread_self() = 1529184920
11-28 15:20:40.397 D/cocos2d-x debug info(14128): JS: clarity=super_dvd
11-28 15:20:40.397 D/cocos2d-x debug info(14128): JS: this.mClarityIndex=0
11-28 15:20:40.397 D/cocos2d-x debug info(14128): JS: setButtonText text : Êí≠Êîæ
11-28 15:20:40.397 D/cocos2d-x debug info(14128): cocos2d: fullPathForFilename: No file found at Arial. Possible missing file.
11-28 15:20:40.397 D/cocos2d-x debug info(14128): JS: name_cn=Ë∂Ö‰Ωì
11-28 15:20:40.397 D/cocos2d-x debug info(14128): cocos2d: fullPathForFilename: No file found at Arial. Possible missing file.
11-28 15:20:40.407 D/cocos2d-x debug info(14128): cocos2d: fullPathForFilename: No file found at Arial. Possible missing file.
11-28 15:20:40.407 D/cocos2d-x debug info(14128): JS: releasedate=2014
11-28 15:20:40.417 D/cocos2d-x debug info(14128): cocos2d: fullPathForFilename: No file found at Arial. Possible missing file.
11-28 15:20:40.427 D/cocos2d-x debug info(14128): cocos2d: fullPathForFilename: No file found at Arial. Possible missing file.
11-28 15:20:40.437 D/cocos2d-x debug info(14128): cocos2d: fullPathForFilename: No file found at Arial. Possible missing file.
11-28 15:20:40.447 D/dalvikvm(14128): GC_CONCURRENT freed 1852K, 61% free 7374K/18508K, paused 3ms+3ms, total 27ms
11-28 15:20:40.447 D/cocos2d-x debug info(14128): cocos2d: fullPathForFilename: No file found at Arial. Possible missing file.
11-28 15:20:40.457 D/cocos2d-x debug info(14128): cocos2d: fullPathForFilename: No file found at Arial. Possible missing file.
11-28 15:20:40.537 D/dalvikvm(14128): GC_FOR_ALLOC freed 252K, 57% free 7986K/18508K, paused 22ms, total 22ms
11-28 15:20:40.537 D/mdns    ( 4397): mDNS_Execute
11-28 15:20:40.537 D/mdns    ( 4397): mDNS_Execute: Skipping LocalAuthRecord    4 Android-2.local. Addr 172.16.13.147
11-28 15:20:40.537 D/mdns    ( 4397): mDNS_Execute: Skipping LocalAuthRecord   16 Android-2.local. AAAA FE80:0000:0000:0000:026D:0EFF:FE03:A545
11-28 15:20:40.537 D/mdns    ( 4397): mDNS_Execute: Setting NewLocalRecords to    4 Android-2.local. Addr 172.16.13.147
11-28 15:20:40.537 D/mdns    ( 4397): mDNS_HostNameCallback: Android-2.local. (Addr) Name registered (0)
11-28 15:20:40.537 D/mdns    ( 4397): mDNS_HostNameCallback: Android-2.local. (AAAA) Name registered (0)
11-28 15:20:40.537 D/mdns    ( 4397): SendQueries:   Put Question 006d0e03a545@MiniMax._raop._tcp.local. (SRV) probecount 0
11-28 15:20:40.537 D/mdns    ( 4397): SendQueries:   Put Question MiniMax._airplay._tcp.local. (SRV) probecount 0
11-28 15:20:40.537 D/mdns    ( 4397): SendQueries:   Put Question Android-2.local. (Addr) probecount 0
11-28 15:20:40.537 D/mdns    ( 4397): SendQueries:   Put Question Android-2.local. (AAAA) probecount 0
11-28 15:20:40.537 D/mdns    ( 4397): SendQueries putting   24 . OPT Max 1440 Vers 0 Seq   0 MAC 00:00:00:00:00:00 I-MAC 09:41:6E:64:72:6F
11-28 15:20:40.537 D/mdns    ( 4397): SendQueries:   Sending 4 Questions 0 Answers 4 Updates on 412B9378
11-28 15:20:40.537 D/mdns    ( 4397): SocketDataReady got a packet from 172.16.13.147 to 224.0.0.251 on interface 172.16.13.147/wlan0/7/288
11-28 15:20:40.537 D/mdns    ( 4397): Received Query from 172.16.13.147  :5353  to 224.0.0.251    :5353  on 0x412B9378 with  4 Questions,  0 Answers,  4 Authorities,  1 Additional  201 bytes
11-28 15:20:40.537 D/mdns    ( 4397): SocketDataReady got a packet from FE80:0000:0000:0000:026D:0EFF:FE03:A545 to FF02:0000:0000:0000:0000:0000:0000:00FB on interface 172.16.13.147/wlan0/7/289
11-28 15:20:40.537 D/mdns    ( 4397): Received Query from FE80:0000:0000:0000:026D:0EFF:FE03:A545:5353  to FF02:0000:0000:0000:0000:0000:0000:00FB:5353  on 0x412B9378 with  4 Questions,  0 Answers,  4 Authorities,  1 Additional  201 bytes
11-28 15:20:40.547 D/cocos2d-x debug info(14128): JS: begin home url=http://img.funshion.com/pictures/media/list/113/877/113877_360_504_ott_poster.jpg?1417152520
11-28 15:20:40.547 D/JniHelper(14128): JniHelper::getJavaVM(), pthread_self() = 1529184920
11-28 15:20:40.547 D/cocos2d-x debug info(14128): JS: end home url=http://img.funshion.com/pictures/media/list/113/877/113877_360_504_ott_poster.jpg?1417152520
11-28 15:20:40.547 D/cocos2d-x debug info(14128): JS: this.mIcon.x=128
11-28 15:20:40.557 D/cocos2d-x debug info(14128): JS: this.mIcon.y=981
11-28 15:20:40.557 D/cocos2d-x debug info(14128): JS: this.mIcon.getContentSize().width=360
11-28 15:20:40.557 D/cocos2d-x debug info(14128): JS: this.mIcon.getContentSize().height=504
11-28 15:20:40.557 D/cocos2d-x debug info(14128): JS: setButtonText text : 5ÂÖÉË¥≠‰π∞
11-28 15:20:40.557 D/cocos2d-x debug info(14128): cocos2d: fullPathForFilename: No file found at Arial. Possible missing file.
11-28 15:20:40.567 D/cocos2d-x debug info(14128): JS: playnumInt=1508
11-28 15:20:40.567 D/cocos2d-x debug info(14128): JS: relate_media pic=http://img.funshion.com/pictures/media/list/111/054/111054_250_350_ott_poster.jpg?1415953979
11-28 15:20:40.567 D/cocos2d-x debug info(14128): JS: relate_media name_cn=‰∏ÄÁîü‰∏Ä‰∏ñ 
11-28 15:20:40.567 D/cocos2d-x debug info(14128): JS: relate_media pic=http://img.funshion.com/pictures/media/list/114/977/114977_250_350_ott_poster.jpg?1416555966
11-28 15:20:40.567 D/cocos2d-x debug info(14128): JS: relate_media name_cn=ËÄÅÁî∑Â≠©‰πãÁåõÈæôËøáÊ±ü
11-28 15:20:40.567 D/cocos2d-x debug info(14128): JS: relate_media pic=http://img.funshion.com/pictures/media/list/115/189/115189_250_350_ott_poster.jpg?1415464917
11-28 15:20:40.567 D/cocos2d-x debug info(14128): JS: relate_media name_cn=‰∏õÊûó‰πãÁéã
11-28 15:20:40.567 D/cocos2d-x debug info(14128): JS: relate_media pic=http://img.funshion.com/pictures/media/list/104/848/104848_250_350_ott_poster.jpg?1416845927
11-28 15:20:40.567 D/cocos2d-x debug info(14128): JS: relate_media name_cn=ÁæéÁî∑ËÆ∞
11-28 15:20:40.567 D/cocos2d-x debug info(14128): JS: relate_media pic=http://img.funshion.com/pictures/media/list/115/808/115808_250_350_ott_poster.jpg?1414996487
11-28 15:20:40.567 D/cocos2d-x debug info(14128): JS: relate_media name_cn=ÊàëÊòØ‰Ω†ÁöÑÈáéËõÆÂ•≥Âèã
11-28 15:20:40.577 D/cocos2d-x debug info(14128): JS: relate_media pic=http://img.funshion.com/pictures/media/list/116/694/116694_250_350_ott_poster.jpg?1415849476
11-28 15:20:40.577 D/cocos2d-x debug info(14128): JS: relate_media name_cn=Ëøô‰∏™Â§ßÂèî‰∏çÂ§™Âõß
11-28 15:20:40.577 D/cocos2d-x debug info(14128): JS: relate_media pic=http://img.funshion.com/pictures/media/list/115/456/115456_250_350_ott_poster.jpg?1411480058
11-28 15:20:40.577 D/cocos2d-x debug info(14128): JS: relate_media name_cn=Êö¥ÂäõË°óÂå∫
11-28 15:20:40.577 D/cocos2d-x debug info(14128): JS: relate_media pic=http://img.funshion.com/pictures/media/list/994/97/99497_250_350_ott_poster.jpg?1415260433
11-28 15:20:40.577 D/cocos2d-x debug info(14128): JS: relate_media name_cn=Á™óÂè∞‰∏äÁöÑÁî∑‰∫∫
11-28 15:20:40.577 D/cocos2d-x debug info(14128): JS: relate_media pic=http://img.funshion.com/pictures/media/list/103/904/103904_250_350_ott_poster.jpg?1407924711
11-28 15:20:40.577 D/cocos2d-x debug info(14128): JS: relate_media name_cn=Â§ß‰∏äÊµ∑
11-28 15:20:40.577 D/cocos2d-x debug info(14128): JS: relate_media pic=http://img.funshion.com/pictures/media/list/898/02/89802_250_350_ott_poster.jpg?1408539756
11-28 15:20:40.577 D/cocos2d-x debug info(14128): JS: relate_media name_cn=Â•≥Â´ñÂÆ¢
11-28 15:20:40.577 D/cocos2d-x debug info(14128): JS: relate_media pic=http://img.funshion.com/pictures/media/list/115/508/115508_250_350_ott_poster.jpg?1409915492
11-28 15:20:40.577 D/cocos2d-x debug info(14128): JS: relate_media name_cn=Ê¥õÂÖãÁéãÂõΩ3ÔºöÂú£ÈæôÁöÑÂÆàÊä§
11-28 15:20:40.577 D/cocos2d-x debug info(14128): JS: relate_media pic=http://img.funshion.com/pictures/media/list/107/388/107388_250_350_ott_poster.jpg?1404962867
11-28 15:20:40.587 D/cocos2d-x debug info(14128): JS: relate_media name_cn=È••È•øÊ∏∏Êàè2ÔºöÊòüÁÅ´ÁáéÂéü
11-28 15:20:40.587 D/cocos2d-x debug info(14128): JS: relate_media pic=http://img.funshion.com/pictures/media/list/108/976/108976_250_350_ott_poster.jpg?1404958037
11-28 15:20:40.587 D/cocos2d-x debug info(14128): JS: relate_media name_cn=ÂÜ≤ÈîãÊàòË≠¶
11-28 15:20:40.587 D/cocos2d-x debug info(14128): JS: relate_media pic=http://img.funshion.com/pictures/media/list/112/240/112240_250_350_ott_poster.jpg?1411701487
11-28 15:20:40.587 D/cocos2d-x debug info(14128): JS: relate_media name_cn=ÂπªÂΩ±ËΩ¶Á•ûÔºöÈ≠îÁõóÊøÄÊÉÖ
