11-28 15:19:25.797 D/cocos2d-x debug info(14128): JS: zhangmd:FunTableView:moveFocus, fromsize is:(310,512),tosize is:(310,512)
11-28 15:19:25.797 D/cocos2d-x debug info(14128): JS: loadActionData:onKeyPress end
11-28 15:19:25.797 D/cocos2d-x debug info(14128): JS: loadActionData:handleRepeatKey begin
11-28 15:19:25.797 D/cocos2d-x debug info(14128): JS: FunTableView:onClick key=157, isPress=false
11-28 15:19:25.797 D/cocos2d-x debug info(14128): trace_frame: 46.624035
11-28 15:19:25.857 D/dalvikvm(22184): GC_CONCURRENT freed 669K, 19% free 6617K/8116K, paused 3ms+3ms, total 47ms
11-28 15:19:25.877 D/mdns    ( 4397): mDNS_Execute
11-28 15:19:25.877 D/mdns    ( 4397): mDNS_Execute: Setting NewLocalRecords to NULL
11-28 15:19:25.907 D/cocos2d-x debug info(14128): trace_frame: 66.786247
11-28 15:19:26.027 D/cocos2d-x debug info(14128): trace_frame: 60.090492
11-28 15:19:26.107 D/cocos2d-x debug info(14128): JS: updateMediaDescription:focusChangeCallback[12] 
11-28 15:19:26.117 D/cocos2d-x debug info(14128): JS: [/2014] {/ç¾Žå›½ } (/å†’é™©)
11-28 15:19:26.117 D/cocos2d-x debug info(14128): cocos2d: fullPathForFilename: No file found at Arial. Possible missing file.
11-28 15:19:26.157 D/mdns    ( 4397): SocketDataReady got a packet from 172.16.13.193 to 224.0.0.251 on interface 172.16.13.147/wlan0/7/276
11-28 15:19:26.157 D/mdns    ( 4397): Received Response from 172.16.13.193   addressed to 224.0.0.251     on 412B8360 with  0 Questions,  1 Answer,   0 Authorities,  0 Additionals 38 bytes LLQType 0
11-28 15:19:26.187 D/dalvikvm(14128): GC_FOR_ALLOC freed 2255K, 38% free 11507K/18508K, paused 22ms, total 22ms
11-28 15:19:26.197 D/cocos2d-x debug info(14128): JS: updateMediaDescription:[] 8
11-28 15:19:26.217 D/cocos2d-x debug info(14128): trace_frame: 30.402992
11-28 15:19:26.287 D/launcher_auto(14128): launcher_auto: sendkey and wait.
11-28 15:19:26.317 D/cocos2d-x debug info(14128): JS: setActivePosition-@10
11-28 15:19:26.317 D/cocos2d-x debug info(14128): JS: getFocusId:1
11-28 15:19:26.327 D/cocos2d-x debug info(14128): JS: setActivePosition-actionData@http://ott-api.fun.tv/api/v2/retrive?mtype=movie&region=all&tag=all&rdate=all&order=daynum&statdate=all&pg=1&pz=100&pv=101
11-28 15:19:26.327 D/cocos2d-x debug info(14128): JS: isStaffActionData:put[http://ott-api.fun.tv/api/v2/retrive?mtype=movie&region=all&tag=all&rdate=all&order=daynum&statdate=all&pg=1&pz=100&pv=101]
11-28 15:19:26.327 D/cocos2d-x debug info(14128): JS: setActivePosition-url@http://ott-api.fun.tv/api/v2/retrive?mtype=movie&region=all&tag=all&rdate=all&order=daynum&statdate=all&pg=1&pz=100&pv=101&show_tb=0
11-28 15:19:26.327 D/JniHelper(14128): JniHelper::getJavaVM(), pthread_self() = 1529184920
11-28 15:19:26.327 D/cocos2d-x debug info(14128): JS: setActivePosition-end[http://ott-api.fun.tv/api/v2/retrive?mtype=movie&region=all&tag=all&rdate=all&order=daynum&statdate=all&pg=1&pz=100&pv=101&show_tb=0]
11-28 15:19:26.327 D/restartPreDownloadPic(14128): direction--2--startPosition--15
11-28 15:19:26.327 D/cocos2d-x debug info(14128): trace_frame: 68.163002
11-28 15:19:26.437 D/cocos2d-x debug info(14128): trace_frame: 60.054394
11-28 15:19:26.537 D/cocos2d-x debug info(14128): trace_frame: 59.974209
11-28 15:19:26.637 D/cocos2d-x debug info(14128): trace_frame: 59.987400
11-28 15:19:26.757 D/cocos2d-x debug info(14128): trace_frame: 59.496998
11-28 15:19:26.807 D/dalvikvm(14128): GC_FOR_ALLOC freed 2571K, 42% free 10763K/18508K, paused 25ms, total 25ms
11-28 15:19:26.817 D/cocos2d-x debug info(14128): JS: loadActionData:onKeyPress begin
11-28 15:19:26.827 D/cocos2d-x debug info(14128): JS: mTabFocusChangeCallaback:handleDirectionKey-ddd
11-28 15:19:26.827 D/cocos2d-x debug info(14128): JS: mTabFocusChangeCallaback:~~~~~~~~~~~~~~~~157
11-28 15:19:26.827 D/cocos2d-x debug info(14128): JS: FunTableView:onClick key=157, isPress=true
11-28 15:19:26.827 D/cocos2d-x debug info(14128): JS: OnClick: Direction_Right press...
11-28 15:19:26.827 D/cocos2d-x debug info(14128): JS: onKeyPressRight
11-28 15:19:26.837 D/cocos2d-x debug info(14128): JS: moveFocus
11-28 15:19:26.837 D/cocos2d-x debug info(14128): JS: zhangmd:FunTableView:moveFocus, fromsize is:(310,512),tosize is:(310,512)
11-28 15:19:26.837 D/cocos2d-x debug info(14128): JS: loadActionData:onKeyPress end
11-28 15:19:26.837 D/cocos2d-x debug info(14128): JS: loadActionData:handleRepeatKey begin
11-28 15:19:26.837 D/cocos2d-x debug info(14128): JS: FunTableView:onClick key=157, isPress=false
11-28 15:19:26.867 D/cocos2d-x debug info(14128): trace_frame: 47.276848
11-28 15:19:26.977 D/cocos2d-x debug info(14128): trace_frame: 63.517406
11-28 15:19:27.087 D/cocos2d-x debug info(14128): trace_frame: 60.191223
11-28 15:19:27.157 D/cocos2d-x debug info(14128): JS: updateMediaDescription:focusChangeCallback[13] 
11-28 15:19:27.167 D/cocos2d-x debug info(14128): JS: [/2014] {/ä¸­å›½} (/å–œå‰§)
11-28 15:19:27.167 D/cocos2d-x debug info(14128): cocos2d: fullPathForFilename: No file found at Arial. Possible missing file.
11-28 15:19:27.227 D/dalvikvm(14128): GC_FOR_ALLOC freed 975K, 41% free 11033K/18508K, paused 23ms, total 23ms
11-28 15:19:27.257 D/cocos2d-x debug info(14128): JS: updateMediaDescription:[] 8
11-28 15:19:27.267 D/dalvikvm(14128): GC_CONCURRENT freed 2K, 30% free 13063K/18508K, paused 2ms+3ms, total 27ms
11-28 15:19:27.267 D/dalvikvm(14128): WAIT_FOR_CONCURRENT_GC blocked 12ms
11-28 15:19:27.287 D/cocos2d-x debug info(14128): trace_frame: 25.391277
11-28 15:19:27.317 D/launcher_auto(14128): launcher_auto: sendkey and wait.
11-28 15:19:27.387 D/cocos2d-x debug info(14128): trace_frame: 67.849838
11-28 15:19:27.507 D/cocos2d-x debug info(14128): trace_frame: 59.992634
11-28 15:19:27.627 D/cocos2d-x debug info(14128): trace_frame: 59.583092
11-28 15:19:27.737 D/cocos2d-x debug info(14128): trace_frame: 60.352638
11-28 15:19:27.817 D/cocos2d-x debug info(14128): JS: loadActionData:onKeyPress begin
11-28 15:19:27.817 D/cocos2d-x debug info(14128): JS: mTabFocusChangeCallaback:handleDirectionKey-ddd
11-28 15:19:27.827 D/cocos2d-x debug info(14128): JS: mTabFocusChangeCallaback:~~~~~~~~~~~~~~~~157
11-28 15:19:27.827 D/cocos2d-x debug info(14128): JS: FunTableView:onClick key=157, isPress=true
11-28 15:19:27.827 D/cocos2d-x debug info(14128): JS: OnClick: Direction_Right press...
11-28 15:19:27.827 D/cocos2d-x debug info(14128): JS: onKeyPressRight
11-28 15:19:27.827 D/cocos2d-x debug info(14128): JS: moveFocus
11-28 15:19:27.827 D/cocos2d-x debug info(14128): JS: zhangmd:FunTableView:moveFocus, fromsize is:(310,512),tosize is:(310,512)
11-28 15:19:27.827 D/cocos2d-x debug info(14128): JS: loadActionData:onKeyPress end
11-28 15:19:27.837 D/cocos2d-x debug info(14128): JS: loadActionData:handleRepeatKey begin
11-28 15:19:27.837 D/cocos2d-x debug info(14128): JS: FunTableView:onClick key=157, isPress=false
11-28 15:19:27.847 D/cocos2d-x debug info(14128): trace_frame: 56.809578
11-28 15:19:27.957 D/cocos2d-x debug info(14128): trace_frame: 63.196281
11-28 15:19:27.987 D/mdns    ( 4397): SocketDataReady got a packet from 172.16.13.167 to 224.0.0.251 on interface 172.16.13.147/wlan0/7/276
11-28 15:19:27.987 D/mdns    ( 4397): Received Response from 172.16.13.167   addressed to 224.0.0.251     on 412B8360 with  0 Questions,  3 Answers,  0 Authorities,  0 Additionals 218 bytes LLQType 0
11-28 15:19:28.057 D/cocos2d-x debug info(14128): trace_frame: 59.822346
11-28 15:19:28.137 D/cocos2d-x debug info(14128): JS: updateMediaDescription:focusChangeCallback[14] 
11-28 15:19:28.147 D/cocos2d-x debug info(14128): JS: [/2014] {/ä¸­å›½} (/å‰§æƒ…)
11-28 15:19:28.147 D/cocos2d-x debug info(14128): cocos2d: fullPathForFilename: No file found at Arial. Possible missing file.
11-28 15:19:28.227 D/dalvikvm(14128): GC_FOR_ALLOC freed 2257K, 35% free 12049K/18508K, paused 22ms, total 22ms
11-28 15:19:28.237 D/cocos2d-x debug info(14128): JS: updateMediaDescription:[] 8
11-28 15:19:28.257 D/cocos2d-x debug info(14128): trace_frame: 29.914295
11-28 15:19:28.317 D/launcher_auto(14128): launcher_auto: sendkey and wait.
11-28 15:19:28.377 D/cocos2d-x debug info(14128): trace_frame: 59.792778
11-28 15:19:28.487 D/cocos2d-x debug info(14128): trace_frame: 60.625481
11-28 15:19:28.607 D/cocos2d-x debug info(14128): trace_frame: 60.008568
11-28 15:19:28.607 D/mdns    ( 4397): SocketDataReady got a packet from 172.16.13.193 to 224.0.0.251 on interface 172.16.13.147/wlan0/7/276
11-28 15:19:28.607 D/mdns    ( 4397): Received Response from 172.16.13.193   addressed to 224.0.0.251     on 412B8360 with  0 Questions,  3 Answers,  0 Authorities,  0 Additionals 232 bytes LLQType 0
11-28 15:19:28.727 D/cocos2d-x debug info(14128): trace_frame: 59.996742
11-28 15:19:28.817 D/cocos2d-x debug info(14128): JS: loadActionData:onKeyPress begin
11-28 15:19:28.827 D/cocos2d-x debug info(14128): JS: mTabFocusChangeCallaback:handleDirectionKey-ddd
11-28 15:19:28.827 D/cocos2d-x debug info(14128): JS: mTabFocusChangeCallaback:~~~~~~~~~~~~~~~~157
11-28 15:19:28.827 D/cocos2d-x debug info(14128): JS: FunTableView:onClick key=157, isPress=true
11-28 15:19:28.827 D/cocos2d-x debug info(14128): JS: OnClick: Direction_Right press...
11-28 15:19:28.827 D/cocos2d-x debug info(14128): JS: onKeyPressRight
11-28 15:19:28.827 D/cocos2d-x debug info(14128): JS: turnPage: toRight true
11-28 15:19:28.837 D/cocos2d-x debug info(14128): JS: jumpFocus
11-28 15:19:28.837 D/cocos2d-x debug info(14128): JS: zhangmd:FunTableView:calculateFullVisibleIndex begain,startidx=10,endidx=14,startidx2=15,endidx2=19
11-28 15:19:28.837 D/cocos2d-x debug info(14128): JS: calculateLastPageIndex 1
11-28 15:19:28.837 D/cocos2d-x debug info(14128): JS: loadActionData:onKeyPress end
11-28 15:19:28.837 D/cocos2d-x debug info(14128): JS: loadActionData:handleRepeatKey begin
11-28 15:19:28.837 D/cocos2d-x debug info(14128): JS: FunTableView:onClick key=157, isPress=false
11-28 15:19:28.837 D/cocos2d-x debug info(14128): trace_frame: 51.067738
11-28 15:19:28.867 D/cocos2d-x debug info(14128): JS: RetrieveListAdapter: isItemTypeOf(22)=true
11-28 15:19:28.867 D/cocos2d-x debug info(14128): JS: funImageLoader.loadImage: url=http://img.funshion.com/pictures/media/list/103/774/103774_360_504_ott_poster.jpg?1417072237
11-28 15:19:28.877 D/JniHelper(14128): JniHelper::getJavaVM(), pthread_self() = 1529184920
11-28 15:19:28.877 D/cocos2d-x debug info(14128): cocos2d: fullPathForFilename: No file found at Arial. Possible missing file.
11-28 15:19:28.887 D/cocos2d-x debug info(14128): cocos2d: fullPathForFilename: No file found at Arial. Possible missing file.
11-28 15:19:28.897 D/cocos2d-x debug info(14128): nativeTes2Callback  [001]funImageLoader.callback('/data/data/tv.fun.launcher/files/fun_download/0e/16f10fbdb76f0a5ecba14555357f1c.png', '0e16f10fbdb76f0a5ecba14555357f1c')
11-28 15:19:28.937 D/cocos2d-x debug info(14128): JS: RetrieveListAdapter: isItemTypeOf(23)=true
11-28 15:19:28.937 D/cocos2d-x debug info(14128): JS: funImageLoader.loadImage: url=http://img.funshion.com/pictures/media/list/996/15/99615_360_504_ott_poster.jpg?1416071498
11-28 15:19:28.947 D/JniHelper(14128): JniHelper::getJavaVM(), pthread_self() = 1529184920
11-28 15:19:28.947 D/cocos2d-x debug info(14128): cocos2d: fullPathForFilename: No file found at Arial. Possible missing file.
11-28 15:19:28.947 D/cocos2d-x debug info(14128): cocos2d: fullPathForFilename: No file found at Arial. Possible missing file.
11-28 15:19:28.957 D/cocos2d-x debug info(14128): trace_frame: 69.819862
11-28 15:19:28.967 D/cocos2d-x debug info(14128): nativeTes2Callback  [001]funImageLoader.callback('/data/data/tv.fun.launcher/files/fun_download/77/186750547ef6a16cf09fdb84592c53.png', '77186750547ef6a16cf09fdb84592c53')
11-28 15:19:28.997 D/dalvikvm(21595): GC_CONCURRENT freed 391K, 17% free 5273K/6284K, paused 2ms+4ms, total 24ms
11-28 15:19:29.007 D/cocos2d-x debug info(14128): JS: RetrieveListAdapter: isItemTypeOf(24)=true
11-28 15:19:29.007 D/cocos2d-x debug info(14128): JS: funImageLoader.loadImage: url=http://img.funshion.com/pictures/media/list/109/043/109043_360_504_ott_poster.jpg?1407382954
11-28 15:19:29.007 D/JniHelper(14128): JniHelper::getJavaVM(), pthread_self() = 1529184920
11-28 15:19:29.027 D/cocos2d-x debug info(14128): cocos2d: fullPathForFilename: No file found at Arial. Possible missing file.
11-28 15:19:29.027 D/cocos2d-x debug info(14128): cocos2d: fullPathForFilename: No file found at Arial. Possible missing file.
11-28 15:19:29.047 D/cocos2d-x debug info(14128): nativeTes2Callback  [001]funImageLoader.callback('/data/data/tv.fun.launcher/files/fun_download/09/354869f06018ee57bc531cc6c741d1.png', '09354869f06018ee57bc531cc6c741d1')
11-28 15:19:29.047 D/cocos2d-x debug info(14128): trace_frame: 47.735428
11-28 15:19:29.087 D/cocos2d-x debug info(14128): JS: RetrieveListAdapter: isItemTypeOf(25)=true
11-28 15:19:29.087 D/cocos2d-x debug info(14128): JS: funImageLoader.loadImage: url=http://img.funshion.com/pictures/media/list/113/777/113777_360_504_ott_poster.jpg?1415360178
11-28 15:19:29.097 D/JniHelper(14128): JniHelper::getJavaVM(), pthread_self() = 1529184920
11-28 15:19:29.097 D/cocos2d-x debug info(14128): cocos2d: fullPathForFilename: No file found at Arial. Possible missing file.
11-28 15:19:29.097 D/cocos2d-x debug info(14128): cocos2d: fullPathForFilename: No file found at Arial. Possible missing file.
11-28 15:19:29.117 D/cocos2d-x debug info(14128): nativeTes2Callback  [001]funImageLoader.callback('/data/data/tv.fun.launcher/files/fun_download/9d/dd7818281ec44bb572ad14299113d2.png', '9ddd7818281ec44bb572ad14299113d2')
11-28 15:19:29.157 D/cocos2d-x debug info(14128): trace_frame: 54.039936
11-28 15:19:29.187 D/cocos2d-x debug info(14128): JS: RetrieveListAdapter: isItemTypeOf(26)=true
11-28 15:19:29.187 D/cocos2d-x debug info(14128): JS: funImageLoader.loadImage: url=http://img.funshion.com/pictures/media/list/115/508/115508_360_504_ott_poster.jpg?1409915492
11-28 15:19:29.197 D/JniHelper(14128): JniHelper::getJavaVM(), pthread_self() = 1529184920
11-28 15:19:29.207 D/cocos2d-x debug info(14128): cocos2d: fullPathForFilename: No file found at Arial. Possible missing file.
11-28 15:19:29.217 D/cocos2d-x debug info(14128): cocos2d: fullPathForFilename: No file found at Arial. Possible missing file.
11-28 15:19:29.237 D/dalvikvm(14128): GC_CONCURRENT freed 2848K, 40% free 11184K/18508K, paused 3ms+3ms, total 28ms
11-28 15:19:29.237 D/dalvikvm(14128): WAIT_FOR_CONCURRENT_GC blocked 22ms
11-28 15:19:29.257 D/cocos2d-x debug info(14128): nativeTes2Callback  [001]funImageLoader.callback('/data/data/tv.fun.launcher/files/fun_download/2f/502286b3bf394d88f8fecb8c98e69d.png', '2f502286b3bf394d88f8fecb8c98e69d')
11-28 15:19:29.257 D/cocos2d-x debug info(14128): trace_frame: 29.566263
11-28 15:19:29.327 D/launcher_auto(14128): launcher_auto: sendkey and wait.
11-28 15:19:29.357 D/cocos2d-x debug info(14128): JS: RetrieveListAdapter: onTurnPage focusIdx=15
11-28 15:19:29.357 D/cocos2d-x debug info(14128): JS: turnPageCallback begin
11-28 15:19:29.357 D/cocos2d-x debug info(14128): JS: turnPageCallback begin~~~
11-28 15:19:29.357 D/cocos2d-x debug info(14128): JS: updateMediaDescription:turnPageCallback[] 
11-28 15:19:29.367 D/cocos2d-x debug info(14128): JS: turnPageCallback end
11-28 15:19:29.377 D/cocos2d-x debug info(14128): trace_frame: 56.367058
11-28 15:19:29.457 D/cocos2d-x debug info(14128): JS: updateMediaDescription:focusChangeCallback[15] 
11-28 15:19:29.467 D/cocos2d-x debug info(14128): JS: [/2014] {/ç¾Žå›½} (/å†’é™©)
11-28 15:19:29.467 D/cocos2d-x debug info(14128): cocos2d: fullPathForFilename: No file found at Arial. Possible missing file.
11-28 15:19:29.537 D/dalvikvm(14128): GC_FOR_ALLOC freed 419K, 35% free 12049K/18508K, paused 23ms, total 23ms
11-28 15:19:29.557 D/cocos2d-x debug info(14128): JS: updateMediaDescription:[] 8
11-28 15:19:29.577 D/cocos2d-x debug info(14128): trace_frame: 31.288948
11-28 15:19:29.687 D/cocos2d-x debug info(14128): trace_frame: 60.450096
11-28 15:19:29.807 D/cocos2d-x debug info(14128): trace_frame: 60.027100
11-28 15:19:29.837 D/cocos2d-x debug info(14128): JS: loadActionData:onKeyPress begin
11-28 15:19:29.837 D/cocos2d-x debug info(14128): JS: mTabFocusChangeCallaback:handleDirectionKey-ddd
11-28 15:19:29.847 D/cocos2d-x debug info(14128): JS: mTabFocusChangeCallaback:~~~~~~~~~~~~~~~~157
11-28 15:19:29.847 D/cocos2d-x debug info(14128): JS: FunTableView:onClick key=157, isPress=true
11-28 15:19:29.847 D/cocos2d-x debug info(14128): JS: OnClick: Direction_Right press...
11-28 15:19:29.847 D/cocos2d-x debug info(14128): JS: onKeyPressRight
11-28 15:19:29.847 D/cocos2d-x debug info(14128): JS: moveFocus
11-28 15:19:29.847 D/cocos2d-x debug info(14128): JS: zhangmd:FunTableView:moveFocus, fromsize is:(310,512),tosize is:(310,512)
11-28 15:19:29.847 D/cocos2d-x debug info(14128): JS: loadActionData:onKeyPress end
11-28 15:19:29.847 D/cocos2d-x debug info(14128): JS: loadActionData:handleRepeatKey begin
11-28 15:19:29.847 D/cocos2d-x debug info(14128): JS: FunTableView:onClick key=157, isPress=false
11-28 15:19:29.907 D/cocos2d-x debug info(14128): trace_frame: 59.956833
11-28 15:19:30.027 D/cocos2d-x debug info(14128): trace_frame: 60.037388
11-28 15:19:30.127 D/cocos2d-x debug info(14128): trace_frame: 59.971809
11-28 15:19:30.157 D/cocos2d-x debug info(14128): JS: updateMediaDescription:focusChangeCallback[16] 
11-28 15:19:30.167 D/cocos2d-x debug info(14128): JS: [/2002] {/ç¾Žå›½ } (/åŠ¨ä½œ)
11-28 15:19:30.167 D/cocos2d-x debug info(14128): cocos2d: fullPathForFilename: No file found at Arial. Possible missing file.
11-28 15:19:30.227 D/dalvikvm(14128): GC_FOR_ALLOC freed 2257K, 41% free 11034K/18508K, paused 23ms, total 23ms
11-28 15:19:30.257 D/cocos2d-x debug info(14128): JS: updateMediaDescription:[] 8
11-28 15:19:30.267 D/dalvikvm(14128): GC_CONCURRENT freed 3K, 30% free 13063K/18508K, paused 2ms+3ms, total 28ms
11-28 15:19:30.267 D/dalvikvm(14128): WAIT_FOR_CONCURRENT_GC blocked 9ms
11-28 15:19:30.287 D/cocos2d-x debug info(14128): trace_frame: 18.604652
11-28 15:19:30.327 D/launcher_auto(14128): launcher_auto: sendkey and wait.
11-28 15:19:30.387 D/cocos2d-x debug info(14128): trace_frame: 66.441399
11-28 15:19:30.487 D/cocos2d-x debug info(14128): trace_frame: 59.942459
11-28 15:19:30.587 D/cocos2d-x debug info(14128): trace_frame: 59.965824
11-28 15:19:30.647 D/mdns    ( 4397): SocketDataReady got a packet from 172.16.13.167 to 224.0.0.251 on interface 172.16.13.147/wlan0/7/276
11-28 15:19:30.647 D/mdns    ( 4397): Received Response from 172.16.13.167   addressed to 224.0.0.251     on 412B8360 with  0 Questions,  3 Answers,  0 Authorities,  0 Additionals 188 bytes LLQType 0
11-28 15:19:30.707 D/cocos2d-x debug info(14128): trace_frame: 60.071911
11-28 15:19:30.827 D/cocos2d-x debug info(14128): trace_frame: 59.984402
11-28 15:19:30.837 D/cocos2d-x debug info(14128): JS: loadActionData:onKeyPress begin
11-28 15:19:30.837 D/cocos2d-x debug info(14128): JS: mTabFocusChangeCallaback:handleDirectionKey-ddd
11-28 15:19:30.837 D/cocos2d-x debug info(14128): JS: mTabFocusChangeCallaback:~~~~~~~~~~~~~~~~157
11-28 15:19:30.837 D/cocos2d-x debug info(14128): JS: FunTableView:onClick key=157, isPress=true
11-28 15:19:30.837 D/cocos2d-x debug info(14128): JS: OnClick: Direction_Right press...
11-28 15:19:30.847 D/cocos2d-x debug info(14128): JS: onKeyPressRight
11-28 15:19:30.847 D/cocos2d-x debug info(14128): JS: moveFocus
11-28 15:19:30.847 D/cocos2d-x debug info(14128): JS: zhangmd:FunTableView:moveFocus, fromsize is:(310,512),tosize is:(310,512)
11-28 15:19:30.847 D/cocos2d-x debug info(14128): JS: loadActionData:onKeyPress end
11-28 15:19:30.847 D/cocos2d-x debug info(14128): JS: loadActionData:handleRepeatKey begin
11-28 15:19:30.847 D/cocos2d-x debug info(14128): JS: FunTableView:onClick key=157, isPress=false
11-28 15:19:30.857 D/mdns    ( 4397): SocketDataReady got a packet from 172.16.13.164 to 224.0.0.251 on interface 172.16.13.147/wlan0/7/276
11-28 15:19:30.857 D/mdns    ( 4397): Received Response from 172.16.13.164   addressed to 224.0.0.251     on 412B8360 with  0 Questions,  1 Answer,   0 Authorities,  0 Additionals 38 bytes LLQType 0
11-28 15:19:30.937 D/cocos2d-x debug info(14128): trace_frame: 60.038425
11-28 15:19:31.037 D/cocos2d-x debug info(14128): trace_frame: 59.987385
11-28 15:19:31.137 D/cocos2d-x debug info(14128): trace_frame: 59.455978
11-28 15:19:31.157 D/cocos2d-x debug info(14128): JS: updateMediaDescription:focusChangeCallback[17] 
11-28 15:19:31.167 D/cocos2d-x debug info(14128): JS: [/2014] {/åŠ æ‹¿å¤§ } (/åŠ¨ä½œ)
11-28 15:19:31.167 D/cocos2d-x debug info(14128): cocos2d: fullPathForFilename: No file found at Arial. Possible missing file.
11-28 15:19:31.237 D/dalvikvm(14128): GC_FOR_ALLOC freed 2258K, 35% free 12049K/18508K, paused 22ms, total 22ms
11-28 15:19:31.247 D/cocos2d-x debug info(14128): JS: updateMediaDescription:[] 8
11-28 15:19:31.267 D/cocos2d-x debug info(14128): trace_frame: 15.653617
11-28 15:19:31.337 D/launcher_auto(14128): launcher_auto: sendkey and wait.
11-28 15:19:31.357 D/cocos2d-x debug info(14128): JS: setActivePosition-@15
11-28 15:19:31.357 D/cocos2d-x debug info(14128): JS: getFocusId:1
11-28 15:19:31.357 D/cocos2d-x debug info(14128): JS: setActivePosition-actionData@http://ott-api.fun.tv/api/v2/retrive?mtype=movie&region=all&tag=all&rdate=all&order=daynum&statdate=all&pg=1&pz=100&pv=101
11-28 15:19:31.357 D/cocos2d-x debug info(14128): JS: isStaffActionData:put[http://ott-api.fun.tv/api/v2/retrive?mtype=movie&region=all&tag=all&rdate=all&order=daynum&statdate=all&pg=1&pz=100&pv=101]
11-28 15:19:31.357 D/cocos2d-x debug info(14128): JS: setActivePosition-url@http://ott-api.fun.tv/api/v2/retrive?mtype=movie&region=all&tag=all&rdate=all&order=daynum&statdate=all&pg=1&pz=100&pv=101&show_tb=0
11-28 15:19:31.357 D/JniHelper(14128): JniHelper::getJavaVM(), pthread_self() = 1529184920
11-28 15:19:31.357 D/cocos2d-x debug info(14128): JS: setActivePosition-end[http://ott-api.fun.tv/api/v2/retrive?mtype=movie&region=all&tag=all&rdate=all&order=daynum&statdate=all&pg=1&pz=100&pv=101&show_tb=0]
11-28 15:19:31.357 D/restartPreDownloadPic(14128): direction--2--startPosition--20
11-28 15:19:31.377 D/cocos2d-x debug info(14128): trace_frame: 66.567131
11-28 15:19:31.467 D/mdns    ( 4397): SocketDataReady got a packet from 172.16.13.193 to 224.0.0.251 on interface 172.16.13.147/wlan0/7/276
11-28 15:19:31.467 D/mdns    ( 4397): Received Response from 172.16.13.193   addressed to 224.0.0.251     on 412B8360 with  0 Questions,  3 Answers,  0 Authorities,  0 Additionals 333 bytes LLQType 0
11-28 15:19:31.477 D/cocos2d-x debug info(14128): trace_frame: 59.132526
11-28 15:19:31.587 D/cocos2d-x debug info(14128): trace_frame: 61.059113
11-28 15:19:31.677 D/mdns    ( 4397): SocketDataReady got a packet from 172.16.13.203 to 224.0.0.251 on interface 172.16.13.147/wlan0/7/276
11-28 15:19:31.677 D/mdns    ( 4397): Received Response from 172.16.13.203   addressed to 224.0.0.251     on 412B8360 with  0 Questions,  3 Answers,  0 Authorities,  0 Additionals 202 bytes LLQType 0
11-28 15:19:31.687 D/cocos2d-x debug info(14128): trace_frame: 59.467178
11-28 15:19:31.747 D/dalvikvm(22184): GC_CONCURRENT freed 717K, 19% free 6630K/8116K, paused 3ms+4ms, total 53ms
11-28 15:19:31.807 D/cocos2d-x debug info(14128): trace_frame: 59.641472
11-28 15:19:31.857 D/dalvikvm(22184): GC_FOR_ALLOC freed 234K, 20% free 6560K/8116K, paused 43ms, total 43ms
11-28 15:19:31.857 D/cocos2d-x debug info(14128): JS: loadActionData:onKeyPress begin
11-28 15:19:31.857 D/cocos2d-x debug info(14128): JS: mTabFocusChangeCallaback:handleDirectionKey-ddd
11-28 15:19:31.857 D/cocos2d-x debug info(14128): JS: mTabFocusChangeCallaback:~~~~~~~~~~~~~~~~157
11-28 15:19:31.857 D/cocos2d-x debug info(14128): JS: FunTableView:onClick key=157, isPress=true
11-28 15:19:31.857 D/cocos2d-x debug info(14128): JS: OnClick: Direction_Right press...
11-28 15:19:31.857 D/cocos2d-x debug info(14128): JS: onKeyPressRight
11-28 15:19:31.867 D/cocos2d-x debug info(14128): JS: moveFocus
11-28 15:19:31.867 D/cocos2d-x debug info(14128): JS: zhangmd:FunTableView:moveFocus, fromsize is:(310,512),tosize is:(310,512)
11-28 15:19:31.867 D/cocos2d-x debug info(14128): JS: loadActionData:onKeyPress end
11-28 15:19:31.867 D/cocos2d-x debug info(14128): JS: loadActionData:handleRepeatKey begin
11-28 15:19:31.867 D/cocos2d-x debug info(14128): JS: FunTableView:onClick key=157, isPress=false
11-28 15:19:31.907 D/dalvikvm(22184): GC_FOR_ALLOC freed 160K, 20% free 6561K/8116K, paused 41ms, total 41ms
11-28 15:19:31.927 D/cocos2d-x debug info(14128): trace_frame: 60.515945
11-28 15:19:32.037 D/cocos2d-x debug info(14128): trace_frame: 60.284031
11-28 15:19:32.137 D/cocos2d-x debug info(14128): trace_frame: 59.900566
11-28 15:19:32.177 D/cocos2d-x debug info(14128): JS: updateMediaDescription:focusChangeCallback[18] 
11-28 15:19:32.177 D/cocos2d-x debug info(14128): JS: [/2012] {/ç¾Žå›½ } (/åŠ¨ä½œ)
11-28 15:19:32.187 D/cocos2d-x debug info(14128): cocos2d: fullPathForFilename: No file found at Arial. Possible missing file.
11-28 15:19:32.237 D/dalvikvm(14128): GC_FOR_ALLOC freed 7396K, 66% free 6293K/18508K, paused 24ms, total 24ms
11-28 15:19:32.247 I/dalvikvm-heap(14128): Grow heap (frag case) to 7.739MB for 1040016-byte allocation
11-28 15:19:32.267 D/dalvikvm(14128): GC_FOR_ALLOC freed <1K, 61% free 7309K/18508K, paused 22ms, total 22ms
11-28 15:19:32.297 D/dalvikvm(14128): GC_CONCURRENT freed 1021K, 61% free 7304K/18508K, paused 3ms+3ms, total 28ms
11-28 15:19:32.297 D/cocos2d-x debug info(14128): JS: updateMediaDescription:[] 8
11-28 15:19:32.317 D/cocos2d-x debug info(14128): trace_frame: 16.979946
11-28 15:19:32.347 D/launcher_auto(14128): launcher_auto: sendkey and wait.
11-28 15:19:32.427 D/cocos2d-x debug info(14128): trace_frame: 65.725227
11-28 15:19:32.527 D/cocos2d-x debug info(14128): trace_frame: 59.408882
11-28 15:19:32.637 D/cocos2d-x debug info(14128): trace_frame: 60.509663
11-28 15:19:32.737 D/cocos2d-x debug info(14128): trace_frame: 59.681297
11-28 15:19:32.777 D/dalvikvm(22184): GC_CONCURRENT freed 647K, 18% free 6655K/8116K, paused 4ms+4ms, total 54ms
11-28 15:19:32.857 D/cocos2d-x debug info(14128): JS: loadActionData:onKeyPress begin
11-28 15:19:32.857 D/cocos2d-x debug info(14128): JS: mTabFocusChangeCallaback:handleDirectionKey-ddd
11-28 15:19:32.857 D/cocos2d-x debug info(14128): JS: mTabFocusChangeCallaback:~~~~~~~~~~~~~~~~157
11-28 15:19:32.857 D/cocos2d-x debug info(14128): JS: FunTableView:onClick key=157, isPress=true
11-28 15:19:32.857 D/cocos2d-x debug info(14128): JS: OnClick: Direction_Right press...
11-28 15:19:32.857 D/cocos2d-x debug info(14128): JS: onKeyPressRight
11-28 15:19:32.857 D/cocos2d-x debug info(14128): JS: moveFocus
11-28 15:19:32.867 D/cocos2d-x debug info(14128): JS: zhangmd:FunTableView:moveFocus, fromsize is:(310,512),tosize is:(310,512)
11-28 15:19:32.867 D/cocos2d-x debug info(14128): JS: loadActionData:onKeyPress end
11-28 15:19:32.867 D/cocos2d-x debug info(14128): JS: loadActionData:handleRepeatKey begin
11-28 15:19:32.867 D/cocos2d-x debug info(14128): JS: FunTableView:onClick key=157, isPress=false
11-28 15:19:32.867 D/cocos2d-x debug info(14128): trace_frame: 54.556225
11-28 15:19:32.977 D/cocos2d-x debug info(14128): trace_frame: 67.013863
11-28 15:19:33.087 D/cocos2d-x debug info(14128): trace_frame: 60.026569
11-28 15:19:33.167 D/cocos2d-x debug info(14128): JS: updateMediaDescription:focusChangeCallback[19] 
11-28 15:19:33.187 D/cocos2d-x debug info(14128): JS: [/2012] {/ç¾Žå›½} (/æƒŠæ‚š)
11-28 15:19:33.187 D/cocos2d-x debug info(14128): cocos2d: fullPathForFilename: No file found at Arial. Possible missing file.
11-28 15:19:33.247 D/dalvikvm(14128): GC_FOR_ALLOC freed 1277K, 67% free 6290K/18508K, paused 22ms, total 22ms
11-28 15:19:33.247 I/dalvikvm-heap(14128): Grow heap (frag case) to 7.736MB for 1040016-byte allocation
11-28 15:19:33.267 D/dalvikvm(14128): GC_FOR_ALLOC freed <1K, 61% free 7305K/18508K, paused 23ms, total 23ms
11-28 15:19:33.297 D/dalvikvm(14128): GC_CONCURRENT freed 1017K, 61% free 7304K/18508K, paused 3ms+3ms, total 28ms
11-28 15:19:33.297 D/cocos2d-x debug info(14128): JS: updateMediaDescription:[] 8
11-28 15:19:33.317 D/cocos2d-x debug info(14128): trace_frame: 26.028788
11-28 15:19:33.327 D/mdns    ( 4397): SocketDataReady got a packet from 172.16.13.167 to 224.0.0.251 on interface 172.16.13.147/wlan0/7/276
11-28 15:19:33.327 D/mdns    ( 4397): Received Response from 172.16.13.167   addressed to 224.0.0.251     on 412B8360 with  0 Questions,  3 Answers,  0 Authorities,  0 Additionals 280 bytes LLQType 0
11-28 15:19:33.347 D/launcher_auto(14128): launcher_auto: sendkey and wait.
11-28 15:19:33.427 D/cocos2d-x debug info(14128): trace_frame: 68.036469
11-28 15:19:33.537 D/cocos2d-x debug info(14128): trace_frame: 59.559765
11-28 15:19:33.657 D/cocos2d-x debug info(14128): trace_frame: 60.460537
11-28 15:19:33.777 D/cocos2d-x debug info(14128): trace_frame: 60.003948
11-28 15:19:33.857 D/cocos2d-x debug info(14128): JS: loadActionData:onKeyPress begin
11-28 15:19:33.857 D/cocos2d-x debug info(14128): JS: mTabFocusChangeCallaback:handleDirectionKey-ddd
11-28 15:19:33.857 D/cocos2d-x debug info(14128): JS: mTabFocusChangeCallaback:~~~~~~~~~~~~~~~~157
11-28 15:19:33.857 D/cocos2d-x debug info(14128): JS: FunTableView:onClick key=157, isPress=true
11-28 15:19:33.857 D/cocos2d-x debug info(14128): JS: OnClick: Direction_Right press...
11-28 15:19:33.857 D/cocos2d-x debug info(14128): JS: onKeyPressRight
11-28 15:19:33.867 D/cocos2d-x debug info(14128): JS: turnPage: toRight true
11-28 15:19:33.867 D/cocos2d-x debug info(14128): JS: jumpFocus
11-28 15:19:33.867 D/cocos2d-x debug info(14128): JS: zhangmd:FunTableView:calculateFullVisibleIndex begain,startidx=15,endidx=19,startidx2=20,endidx2=24
11-28 15:19:33.867 D/cocos2d-x debug info(14128): JS: calculateLastPageIndex 1
11-28 15:19:33.867 D/cocos2d-x debug info(14128): JS: loadActionData:onKeyPress end
11-28 15:19:33.877 D/cocos2d-x debug info(14128): JS: loadActionData:handleRepeatKey begin
11-28 15:19:33.877 D/cocos2d-x debug info(14128): JS: FunTableView:onClick key=157, isPress=false
11-28 15:19:33.877 D/cocos2d-x debug info(14128): trace_frame: 47.639465
11-28 15:19:33.907 D/cocos2d-x debug info(14128): JS: RetrieveListAdapter: isItemTypeOf(27)=true
11-28 15:19:33.907 D/cocos2d-x debug info(14128): JS: funImageLoader.loadImage: url=http://img.funshion.com/pictures/media/list/102/281/102281_360_504_ott_poster.jpg?1417068934
11-28 15:19:33.907 D/JniHelper(14128): JniHelper::getJavaVM(), pthread_self() = 1529184920
11-28 15:19:33.917 D/cocos2d-x debug info(14128): cocos2d: fullPathForFilename: No file found at Arial. Possible missing file.
11-28 15:19:33.917 D/cocos2d-x debug info(14128): cocos2d: fullPathForFilename: No file found at Arial. Possible missing file.
11-28 15:19:33.927 D/mdns    ( 4397): SocketDataReady got a packet from 172.16.13.193 to 224.0.0.251 on interface 172.16.13.147/wlan0/7/276
11-28 15:19:33.927 D/mdns    ( 4397): Received Response from 172.16.13.193   addressed to 224.0.0.251     on 412B8360 with  0 Questions,  3 Answers,  0 Authorities,  0 Additionals 202 bytes LLQType 0
11-28 15:19:33.937 D/cocos2d-x debug info(14128): nativeTes2Callback  [001]funImageLoader.callback('/data/data/tv.fun.launcher/files/fun_download/32/31cb039f715a861c3c090641b69440.png', '3231cb039f715a861c3c090641b69440')
11-28 15:19:33.977 D/cocos2d-x debug info(14128): JS: RetrieveListAdapter: isItemTypeOf(28)=true
11-28 15:19:33.977 D/cocos2d-x debug info(14128): JS: funImageLoader.loadImage: url=http://img.funshion.com/pictures/media/list/104/120/104120_360_504_ott_poster.jpg?1406877943
11-28 15:19:33.977 D/JniHelper(14128): JniHelper::getJavaVM(), pthread_self() = 1529184920
11-28 15:19:33.977 D/cocos2d-x debug info(14128): cocos2d: fullPathForFilename: No file found at Arial. Possible missing file.
11-28 15:19:33.987 D/cocos2d-x debug info(14128): cocos2d: fullPathForFilename: No file found at Arial. Possible missing file.
11-28 15:19:34.007 D/cocos2d-x debug info(14128): nativeTes2Callback  [002]funImageLoader.callback('/data/data/tv.fun.launcher/files/fun_download/dc/cd903cc31ee0fa1a81b4c8d4f16ed4.png', 'dccd903cc31ee0fa1a81b4c8d4f16ed4')
11-28 15:19:34.007 D/cocos2d-x debug info(14128): trace_frame: 62.330063
11-28 15:19:34.037 D/cocos2d-x debug info(14128): JS: RetrieveListAdapter: isItemTypeOf(29)=true
11-28 15:19:34.037 D/cocos2d-x debug info(14128): JS: funImageLoader.loadImage: url=http://img.funshion.com/pictures/media/list/987/13/98713_360_504_ott_poster.jpg?1407125539
11-28 15:19:34.047 D/JniHelper(14128): JniHelper::getJavaVM(), pthread_self() = 1529184920
11-28 15:19:34.057 D/cocos2d-x debug info(14128): cocos2d: fullPathForFilename: No file found at Arial. Possible missing file.
11-28 15:19:34.067 D/cocos2d-x debug info(14128): cocos2d: fullPathForFilename: No file found at Arial. Possible missing file.
11-28 15:19:34.077 D/cocos2d-x debug info(14128): nativeTes2Callback  [001]funImageLoader.callback('/data/data/tv.fun.launcher/files/fun_download/3c/faa3268dc9454256380b54bc2692ff.png', '3cfaa3268dc9454256380b54bc2692ff')
11-28 15:19:34.107 D/cocos2d-x debug info(14128): trace_frame: 59.752621
11-28 15:19:34.117 D/cocos2d-x debug info(14128): JS: RetrieveListAdapter: isItemTypeOf(30)=true
11-28 15:19:34.127 D/cocos2d-x debug info(14128): JS: funImageLoader.loadImage: url=http://img.funshion.com/pictures/media/list/107/243/107243_360_504_ott_poster.jpg?1407807451
11-28 15:19:34.127 D/JniHelper(14128): JniHelper::getJavaVM(), pthread_self() = 1529184920
11-28 15:19:34.147 D/cocos2d-x debug info(14128): cocos2d: fullPathForFilename: No file found at Arial. Possible missing file.
11-28 15:19:34.147 D/mdns    ( 4397): SocketDataReady got a packet from 172.16.13.164 to 224.0.0.251 on interface 172.16.13.147/wlan0/7/276
11-28 15:19:34.147 D/mdns    ( 4397): Received Response from 172.16.13.164   addressed to 224.0.0.251     on 412B8360 with  0 Questions,  3 Answers,  0 Authorities,  0 Additionals 233 bytes LLQType 0
11-28 15:19:34.147 D/cocos2d-x debug info(14128): cocos2d: fullPathForFilename: No file found at Arial. Possible missing file.
11-28 15:19:34.167 D/cocos2d-x debug info(14128): nativeTes2Callback  [001]funImageLoader.callback('/data/data/tv.fun.launcher/files/fun_download/22/fdb5b768380180b1a7cced455a06a4.png', '22fdb5b768380180b1a7cced455a06a4')
11-28 15:19:34.207 D/cocos2d-x debug info(14128): trace_frame: 49.760651
11-28 15:19:34.217 D/cocos2d-x debug info(14128): JS: RetrieveListAdapter: isItemTypeOf(31)=true
11-28 15:19:34.227 D/cocos2d-x debug info(14128): JS: funImageLoader.loadImage: url=http://img.funshion.com/pictures/media/list/104/112/104112_360_504_ott_poster.jpg?1414116559
11-28 15:19:34.227 D/JniHelper(14128): JniHelper::getJavaVM(), pthread_self() = 1529184920
11-28 15:19:34.227 D/cocos2d-x debug info(14128): cocos2d: fullPathForFilename: No file found at Arial. Possible missing file.
11-28 15:19:34.247 D/cocos2d-x debug info(14128): cocos2d: fullPathForFilename: No file found at Arial. Possible missing file.
11-28 15:19:34.267 D/dalvikvm(14128): GC_CONCURRENT freed 1968K, 66% free 6350K/18508K, paused 3ms+3ms, total 28ms
11-28 15:19:34.267 D/dalvikvm(14128): WAIT_FOR_CONCURRENT_GC blocked 18ms
11-28 15:19:34.277 D/cocos2d-x debug info(14128): nativeTes2Callback  [001]funImageLoader.callback('/data/data/tv.fun.launcher/files/fun_download/eb/701a686102a6aa0a684dcbd0796ee3.png', 'eb701a686102a6aa0a684dcbd0796ee3')
11-28 15:19:34.327 D/cocos2d-x debug info(14128): trace_frame: 43.172302
11-28 15:19:34.357 D/launcher_auto(14128): launcher_auto: sendkey and wait.
11-28 15:19:34.387 D/cocos2d-x debug info(14128): JS: RetrieveListAdapter: onTurnPage focusIdx=20
11-28 15:19:34.387 D/cocos2d-x debug info(14128): JS: turnPageCallback begin
11-28 15:19:34.387 D/cocos2d-x debug info(14128): JS: turnPageCallback begin~~~
11-28 15:19:34.397 D/mdns    ( 4397): SocketDataReady got a packet from 172.16.13.131 to 224.0.0.251 on interface 172.16.13.147/wlan0/7/276
11-28 15:19:34.397 D/mdns    ( 4397): Received Response from 172.16.13.131   addressed to 224.0.0.251     on 412B8360 with  0 Questions,  3 Answers,  0 Authorities,  0 Additionals 333 bytes LLQType 0
11-28 15:19:34.397 D/cocos2d-x debug info(14128): JS: updateMediaDescription:turnPageCallback[] 
11-28 15:19:34.397 D/cocos2d-x debug info(14128): JS: turnPageCallback end
11-28 15:19:34.397 D/cocos2d-x debug info(14128): cocos2d: TextureCache: removing unused texture: /data/data/tv.fun.launcher/files/fun_download/5e/78551918eb48d45da15c518d28c39a.png
11-28 15:19:34.397 D/cocos2d-x debug info(14128): cocos2d: TextureCache: removing unused texture: /data/data/tv.fun.launcher/files/fun_download/14/da38afe508cfd174440045a57efa25.png
11-28 15:19:34.407 D/cocos2d-x debug info(14128): cocos2d: TextureCache: removing unused texture: /data/data/tv.fun.launcher/files/fun_download/df/e981fbe81f99927f142bfdf3173c65.png
11-28 15:19:34.427 D/cocos2d-x debug info(14128): trace_frame: 58.572014
11-28 15:19:34.487 D/cocos2d-x debug info(14128): JS: updateMediaDescription:focusChangeCallback[20] 
11-28 15:19:34.497 D/cocos2d-x debug info(14128): JS: [/2012] {/ä¸­å›½} (/åŠ¨ä½œ)
11-28 15:19:34.497 D/cocos2d-x debug info(14128): cocos2d: fullPathForFilename: No file found at Arial. Possible missing file.
11-28 15:19:34.557 D/dalvikvm(14128): GC_FOR_ALLOC freed 292K, 67% free 6290K/18508K, paused 21ms, total 21ms
11-28 15:19:34.557 I/dalvikvm-heap(14128): Grow heap (frag case) to 7.736MB for 1040016-byte allocation
11-28 15:19:34.577 D/dalvikvm(14128): GC_FOR_ALLOC freed <1K, 61% free 7305K/18508K, paused 23ms, total 23ms
11-28 15:19:34.607 D/dalvikvm(14128): GC_CONCURRENT freed 1017K, 61% free 7304K/18508K, paused 3ms+3ms, total 28ms
11-28 15:19:34.607 D/cocos2d-x debug info(14128): JS: updateMediaDescription:[] 8
11-28 15:19:34.627 D/cocos2d-x debug info(14128): trace_frame: 24.690626
11-28 15:19:34.737 D/cocos2d-x debug info(14128): trace_frame: 62.554176
11-28 15:19:34.857 D/cocos2d-x debug info(14128): trace_frame: 59.806057
11-28 15:19:34.877 D/cocos2d-x debug info(14128): JS: loadActionData:onKeyPress begin
11-28 15:19:34.877 D/cocos2d-x debug info(14128): JS: mTabFocusChangeCallaback:handleDirectionKey-ddd
11-28 15:19:34.877 D/cocos2d-x debug info(14128): JS: mTabFocusChangeCallaback:~~~~~~~~~~~~~~~~157
11-28 15:19:34.877 D/cocos2d-x debug info(14128): JS: FunTableView:onClick key=157, isPress=true
11-28 15:19:34.877 D/cocos2d-x debug info(14128): JS: OnClick: Direction_Right press...
11-28 15:19:34.877 D/cocos2d-x debug info(14128): JS: onKeyPressRight
11-28 15:19:34.877 D/cocos2d-x debug info(14128): JS: moveFocus
11-28 15:19:34.877 D/cocos2d-x debug info(14128): JS: zhangmd:FunTableView:moveFocus, fromsize is:(310,512),tosize is:(310,512)
11-28 15:19:34.877 D/cocos2d-x debug info(14128): JS: loadActionData:onKeyPress end
11-28 15:19:34.877 D/cocos2d-x debug info(14128): JS: loadActionData:handleRepeatKey begin
11-28 15:19:34.877 D/cocos2d-x debug info(14128): JS: FunTableView:onClick key=157, isPress=false
11-28 15:19:34.977 D/cocos2d-x debug info(14128): trace_frame: 60.281433
11-28 15:19:35.077 D/cocos2d-x debug info(14128): trace_frame: 59.880249
11-28 15:19:35.177 D/cocos2d-x debug info(14128): trace_frame: 59.855755
11-28 15:19:35.187 D/cocos2d-x debug info(14128): JS: updateMediaDescription:focusChangeCallback[21] 
11-28 15:19:35.197 D/cocos2d-x debug info(14128): JS: [/2008] {/æ³•å›½} (/å‰§æƒ…)
11-28 15:19:35.197 D/cocos2d-x debug info(14128): cocos2d: fullPathForFilename: No file found at Arial. Possible missing file.
11-28 15:19:35.257 D/dalvikvm(14128): GC_FOR_ALLOC freed 1222K, 67% free 6290K/18508K, paused 22ms, total 22ms
11-28 15:19:35.257 I/dalvikvm-heap(14128): Grow heap (frag case) to 7.736MB for 1040016-byte allocation
11-28 15:19:35.287 D/dalvikvm(14128): GC_FOR_ALLOC freed <1K, 61% free 7305K/18508K, paused 22ms, total 22ms
11-28 15:19:35.307 D/dalvikvm(14128): GC_CONCURRENT freed 1017K, 61% free 7304K/18508K, paused 3ms+3ms, total 27ms
11-28 15:19:35.317 D/cocos2d-x debug info(14128): JS: updateMediaDescription:[] 8
11-28 15:19:35.337 D/cocos2d-x debug info(14128): trace_frame: 12.388043
11-28 15:19:35.357 D/launcher_auto(14128): launcher_auto: sendkey and wait.
11-28 15:19:35.437 D/cocos2d-x debug info(14128): trace_frame: 66.765228
11-28 15:19:35.557 D/cocos2d-x debug info(14128): trace_frame: 60.057480
11-28 15:19:35.657 D/cocos2d-x debug info(14128): trace_frame: 59.899376
11-28 15:19:35.777 D/cocos2d-x debug info(14128): trace_frame: 59.999317
11-28 15:19:35.867 D/cocos2d-x debug info(14128): JS: loadActionData:onKeyPress begin
11-28 15:19:35.867 D/cocos2d-x debug info(14128): JS: mTabFocusChangeCallaback:handleDirectionKey-ddd
11-28 15:19:35.877 D/cocos2d-x debug info(14128): JS: mTabFocusChangeCallaback:~~~~~~~~~~~~~~~~157
11-28 15:19:35.877 D/cocos2d-x debug info(14128): JS: FunTableView:onClick key=157, isPress=true
11-28 15:19:35.877 D/cocos2d-x debug info(14128): JS: OnClick: Direction_Right press...
11-28 15:19:35.877 D/cocos2d-x debug info(14128): JS: onKeyPressRight
11-28 15:19:35.877 D/cocos2d-x debug info(14128): JS: moveFocus
11-28 15:19:35.877 D/cocos2d-x debug info(14128): JS: zhangmd:FunTableView:moveFocus, fromsize is:(310,512),tosize is:(310,512)
11-28 15:19:35.877 D/cocos2d-x debug info(14128): JS: loadActionData:onKeyPress end
11-28 15:19:35.877 D/cocos2d-x debug info(14128): JS: loadActionData:handleRepeatKey begin
11-28 15:19:35.887 D/cocos2d-x debug info(14128): JS: FunTableView:onClick key=157, isPress=false
11-28 15:19:35.887 D/cocos2d-x debug info(14128): trace_frame: 53.236794
11-28 15:19:35.977 D/mdns    ( 4397): SocketDataReady got a packet from 172.16.13.167 to 224.0.0.251 on interface 172.16.13.147/wlan0/7/276
11-28 15:19:35.977 D/mdns    ( 4397): Received Response from 172.16.13.167   addressed to 224.0.0.251     on 412B8360 with  0 Questions,  3 Answers,  0 Authorities,  0 Additionals 247 bytes LLQType 0
11-28 15:19:35.987 D/cocos2d-x debug info(14128): trace_frame: 67.305756
11-28 15:19:36.107 D/cocos2d-x debug info(14128): trace_frame: 60.065731
11-28 15:19:36.187 D/cocos2d-x debug info(14128): JS: updateMediaDescription:focusChangeCallback[22] 
11-28 15:19:36.197 D/cocos2d-x debug info(14128): JS: [/2012] {/ç¾Žå›½} (/åŠ¨ä½œ)
11-28 15:19:36.197 D/cocos2d-x debug info(14128): cocos2d: fullPathForFilename: No file found at Arial. Possible missing file.
11-28 15:19:36.257 D/dalvikvm(14128): GC_FOR_ALLOC freed 1206K, 67% free 6290K/18508K, paused 21ms, total 21ms
11-28 15:19:36.257 I/dalvikvm-heap(14128): Grow heap (frag case) to 7.736MB for 1040016-byte allocation
11-28 15:19:36.277 D/dalvikvm(14128): GC_FOR_ALLOC freed <1K, 61% free 7305K/18508K, paused 23ms, total 23ms
11-28 15:19:36.307 D/cocos2d-x debug info(14128): JS: updateMediaDescription:[] 8
11-28 15:19:36.307 D/dalvikvm(14128): GC_CONCURRENT freed 1017K, 61% free 7304K/18508K, paused 3ms+3ms, total 29ms
11-28 15:19:36.327 D/cocos2d-x debug info(14128): trace_frame: 26.850685
11-28 15:19:36.367 D/launcher_auto(14128): launcher_auto: sendkey and wait.
11-28 15:19:36.407 D/cocos2d-x debug info(14128): JS: setActivePosition-@20
11-28 15:19:36.407 D/cocos2d-x debug info(14128): JS: getFocusId:1
11-28 15:19:36.407 D/cocos2d-x debug info(14128): JS: setActivePosition-actionData@http://ott-api.fun.tv/api/v2/retrive?mtype=movie&region=all&tag=all&rdate=all&order=daynum&statdate=all&pg=1&pz=100&pv=101
11-28 15:19:36.407 D/cocos2d-x debug info(14128): JS: isStaffActionData:put[http://ott-api.fun.tv/api/v2/retrive?mtype=movie&region=all&tag=all&rdate=all&order=daynum&statdate=all&pg=1&pz=100&pv=101]
11-28 15:19:36.407 D/cocos2d-x debug info(14128): JS: setActivePosition-url@http://ott-api.fun.tv/api/v2/retrive?mtype=movie&region=all&tag=all&rdate=all&order=daynum&statdate=all&pg=1&pz=100&pv=101&show_tb=0
11-28 15:19:36.407 D/JniHelper(14128): JniHelper::getJavaVM(), pthread_self() = 1529184920
11-28 15:19:36.407 D/cocos2d-x debug info(14128): JS: setActivePosition-end[http://ott-api.fun.tv/api/v2/retrive?mtype=movie&region=all&tag=all&rdate=all&order=daynum&statdate=all&pg=1&pz=100&pv=101&show_tb=0]
11-28 15:19:36.417 D/restartPreDownloadPic(14128): direction--2--startPosition--25
11-28 15:19:36.437 D/cocos2d-x debug info(14128): trace_frame: 63.560089
11-28 15:19:36.557 D/cocos2d-x debug info(14128): trace_frame: 59.277824
11-28 15:19:36.607 D/dalvikvm(14128): GC_CONCURRENT freed 1611K, 64% free 6707K/18508K, paused 5ms+4ms, total 36ms
11-28 15:19:36.607 D/dalvikvm(14128): WAIT_FOR_CONCURRENT_GC blocked 28ms
11-28 15:19:36.617 D/dalvikvm(22184): GC_CONCURRENT freed 789K, 19% free 6648K/8116K, paused 5ms+6ms, total 62ms
11-28 15:19:36.677 D/cocos2d-x debug info(14128): trace_frame: 60.922009
11-28 15:19:36.777 D/cocos2d-x debug info(14128): trace_frame: 59.967018
11-28 15:19:36.797 D/mdns    ( 4397): SocketDataReady got a packet from 172.16.13.193 to 224.0.0.251 on interface 172.16.13.147/wlan0/7/276
11-28 15:19:36.797 D/mdns    ( 4397): Received Response from 172.16.13.193   addressed to 224.0.0.251     on 412B8360 with  0 Questions,  3 Answers,  0 Authorities,  0 Additionals 290 bytes LLQType 0
11-28 15:19:36.867 D/cocos2d-x debug info(14128): JS: loadActionData:onKeyPress begin
11-28 15:19:36.867 D/cocos2d-x debug info(14128): JS: mTabFocusChangeCallaback:handleDirectionKey-ddd
11-28 15:19:36.877 D/cocos2d-x debug info(14128): JS: mTabFocusChangeCallaback:~~~~~~~~~~~~~~~~157
11-28 15:19:36.877 D/cocos2d-x debug info(14128): JS: FunTableView:onClick key=157, isPress=true
11-28 15:19:36.877 D/cocos2d-x debug info(14128): JS: OnClick: Direction_Right press...
11-28 15:19:36.877 D/cocos2d-x debug info(14128): JS: onKeyPressRight
11-28 15:19:36.877 D/cocos2d-x debug info(14128): JS: moveFocus
11-28 15:19:36.877 D/cocos2d-x debug info(14128): JS: zhangmd:FunTableView:moveFocus, fromsize is:(310,512),tosize is:(310,512)
11-28 15:19:36.877 D/cocos2d-x debug info(14128): JS: loadActionData:onKeyPress end
11-28 15:19:36.887 D/cocos2d-x debug info(14128): JS: loadActionData:handleRepeatKey begin
11-28 15:19:36.887 D/cocos2d-x debug info(14128): JS: FunTableView:onClick key=157, isPress=false
11-28 15:19:36.887 D/cocos2d-x debug info(14128): trace_frame: 51.977303
11-28 15:19:36.917 D/dalvikvm(14128): GC_CONCURRENT freed 657K, 64% free 6840K/18508K, paused 5ms+3ms, total 38ms
11-28 15:19:36.987 D/cocos2d-x debug info(14128): trace_frame: 69.125557
11-28 15:19:37.107 D/cocos2d-x debug info(14128): trace_frame: 60.043060
11-28 15:19:37.187 D/cocos2d-x debug info(14128): JS: updateMediaDescription:focusChangeCallback[23] 
11-28 15:19:37.197 D/cocos2d-x debug info(14128): JS: [/2011] {/ç¾Žå›½} (/åŠ¨ä½œ)
11-28 15:19:37.197 D/cocos2d-x debug info(14128): cocos2d: fullPathForFilename: No file found at Arial. Possible missing file.
11-28 15:19:37.277 D/dalvikvm(14128): GC_FOR_ALLOC freed 109K, 64% free 6817K/18508K, paused 22ms, total 22ms
11-28 15:19:37.277 I/dalvikvm-heap(14128): Grow heap (frag case) to 8.250MB for 1040016-byte allocation
11-28 15:19:37.297 D/dalvikvm(14128): GC_FOR_ALLOC freed <1K, 58% free 7832K/18508K, paused 23ms, total 23ms
11-28 15:19:37.327 D/dalvikvm(14128): GC_CONCURRENT freed <1K, 53% free 8848K/18508K, paused 3ms+4ms, total 29ms
11-28 15:19:37.337 D/cocos2d-x debug info(14128): JS: updateMediaDescription:[] 8
11-28 15:19:37.357 D/cocos2d-x debug info(14128): trace_frame: 23.638893
11-28 15:19:37.367 D/launcher_auto(14128): launcher_auto: sendkey and wait.
11-28 15:19:37.477 D/cocos2d-x debug info(14128): trace_frame: 62.036938
11-28 15:19:37.577 D/cocos2d-x debug info(14128): trace_frame: 59.999401
11-28 15:19:37.617 D/mdns    ( 4397): SocketDataReady got a packet from 172.16.13.187 to 224.0.0.251 on interface 172.16.13.147/wlan0/7/276
11-28 15:19:37.617 D/mdns    ( 4397): Received Response from 172.16.13.187   addressed to 224.0.0.251     on 412B8360 with  0 Questions,  1 Answer,   0 Authorities,  0 Additionals 38 bytes LLQType 0
11-28 15:19:37.677 D/cocos2d-x debug info(14128): trace_frame: 59.999401
11-28 15:19:37.777 D/cocos2d-x debug info(14128): trace_frame: 59.979607
11-28 15:19:37.877 D/cocos2d-x debug info(14128): trace_frame: 59.880241
11-28 15:19:37.887 D/cocos2d-x debug info(14128): JS: loadActionData:onKeyPress begin
11-28 15:19:37.887 D/cocos2d-x debug info(14128): JS: mTabFocusChangeCallaback:handleDirectionKey-ddd
11-28 15:19:37.887 D/cocos2d-x debug info(14128): JS: mTabFocusChangeCallaback:~~~~~~~~~~~~~~~~157
11-28 15:19:37.887 D/cocos2d-x debug info(14128): JS: FunTableView:onClick key=157, isPress=true
11-28 15:19:37.887 D/cocos2d-x debug info(14128): JS: OnClick: Direction_Right press...
11-28 15:19:37.897 D/cocos2d-x debug info(14128): JS: onKeyPressRight
11-28 15:19:37.897 D/cocos2d-x debug info(14128): JS: moveFocus
11-28 15:19:37.897 D/cocos2d-x debug info(14128): JS: zhangmd:FunTableView:moveFocus, fromsize is:(310,512),tosize is:(310,512)
11-28 15:19:37.897 D/cocos2d-x debug info(14128): JS: loadActionData:onKeyPress end
11-28 15:19:37.897 D/cocos2d-x debug info(14128): JS: loadActionData:handleRepeatKey begin
11-28 15:19:37.897 D/cocos2d-x debug info(14128): JS: FunTableView:onClick key=157, isPress=false
11-28 15:19:37.987 D/cocos2d-x debug info(14128): trace_frame: 60.063141
11-28 15:19:38.107 D/cocos2d-x debug info(14128): trace_frame: 60.030701
11-28 15:19:38.157 D/WifiSetting(14128): Scanner handleMessage:msg{ what=0 when=0 }
11-28 15:19:38.157 I/mdns    ( 4397): mDNS_DeregisterInterface: Another representative of InterfaceID 412B8360 wlan0 (172.16.13.147) exists; making it active
11-28 15:19:38.157 D/mdns    ( 4397): mDNS_Deregister_internal: Deleting record for    4 Android-2.local. Addr 172.16.13.147
11-28 15:19:38.157 I/mdns    ( 4397): mDNS_Deregister_internal: mStatus_MemFree for    4 Android-2.local. Addr 172.16.13.147
