11-28 15:19:09.577 D/cocos2d-x debug info(14128): JS: funImageLoader.loadImage: url=http://img.funshion.com/pictures/media/list/112/239/112239_360_504_ott_poster.jpg?1415464683
11-28 15:19:09.587 D/JniHelper(14128): JniHelper::getJavaVM(), pthread_self() = 1529184920
11-28 15:19:09.587 D/cocos2d-x debug info(14128): cocos2d: fullPathForFilename: No file found at Arial. Possible missing file.
11-28 15:19:09.587 D/cocos2d-x debug info(14128): JS: funImageLoader.loadImage: url=http://img.funshion.com/pictures/media/list/114/040/114040_360_504_ott_poster.jpg?1415806782
11-28 15:19:09.587 D/JniHelper(14128): JniHelper::getJavaVM(), pthread_self() = 1529184920
11-28 15:19:09.597 D/cocos2d-x debug info(14128): cocos2d: fullPathForFilename: No file found at Arial. Possible missing file.
11-28 15:19:09.597 D/cocos2d-x debug info(14128): JS: funImageLoader.loadImage: url=http://img.funshion.com/pictures/media/list/852/59/85259_360_504_ott_poster.jpg?1410161878
11-28 15:19:09.597 D/JniHelper(14128): JniHelper::getJavaVM(), pthread_self() = 1529184920
11-28 15:19:09.597 D/cocos2d-x debug info(14128): cocos2d: fullPathForFilename: No file found at Arial. Possible missing file.
11-28 15:19:09.597 D/cocos2d-x debug info(14128): JS: funImageLoader.loadImage: url=http://img.funshion.com/pictures/media/list/115/456/115456_360_504_ott_poster.jpg?1411480058
11-28 15:19:09.607 D/JniHelper(14128): JniHelper::getJavaVM(), pthread_self() = 1529184920
11-28 15:19:09.607 D/cocos2d-x debug info(14128): cocos2d: fullPathForFilename: No file found at Arial. Possible missing file.
11-28 15:19:09.607 D/cocos2d-x debug info(14128): JS: funImageLoader.loadImage: url=http://img.funshion.com/pictures/media/list/906/00/90600_360_504_ott_poster.jpg?1416968238
11-28 15:19:09.607 D/mdns    ( 4397): mDNS_Execute
11-28 15:19:09.607 D/mdns    ( 4397): mDNS_Execute: Skipping LocalAuthRecord    4 Android-2.local. Addr 172.16.13.147
11-28 15:19:09.607 D/mdns    ( 4397): mDNS_Execute: Skipping LocalAuthRecord   16 Android-2.local. AAAA FE80:0000:0000:0000:026D:0EFF:FE03:A545
11-28 15:19:09.607 D/mdns    ( 4397): mDNS_Execute: Setting NewLocalRecords to    4 Android-2.local. Addr 172.16.13.147
11-28 15:19:09.607 D/JniHelper(14128): JniHelper::getJavaVM(), pthread_self() = 1529184920
11-28 15:19:09.617 D/cocos2d-x debug info(14128): JS: zhangmd:FunTableView:setFocusImageSize, size is:(310,512)
11-28 15:19:09.617 D/cocos2d-x debug info(14128): JS: zhangmd:FunTableView:setFocusImageSize, focussize is:(340,542)
11-28 15:19:09.617 D/cocos2d-x debug info(14128): cocos2d: fullPathForFilename: No file found at Arial. Possible missing file.
11-28 15:19:09.617 D/cocos2d-x debug info(14128): cocos2d: fullPathForFilename: No file found at Arial. Possible missing file.
11-28 15:19:09.617 D/cocos2d-x debug info(14128): JS: zhangmd:FunTableView:calculateFullVisibleIndex begain,startidx=0,endidx=0,startidx2=0,endidx2=0
11-28 15:19:09.627 D/cocos2d-x debug info(14128): JS: calculateLastPageIndex 1
11-28 15:19:09.627 D/cocos2d-x debug info(14128): CCScheduler#scheduleSelector. Selector already scheduled. Updating interval from: 0.0000 to 0.0000
11-28 15:19:09.627 D/cocos2d-x debug info(14128): CCScheduler#scheduleSelector. Selector already scheduled. Updating interval from: 0.0000 to 0.0000
11-28 15:19:09.627 D/cocos2d-x debug info(14128): JS: getFocusId:1
11-28 15:19:09.627 D/cocos2d-x debug info(14128): JS: updateQueryDescription:1-6
11-28 15:19:09.627 D/cocos2d-x debug info(14128): JS: isStaffActionData:put[http://ott-api.fun.tv/api/v2/retrive?mtype=movie&region=all&tag=all&rdate=all&order=daynum&statdate=all&pg=1&pz=100&pv=101]
11-28 15:19:09.627 D/JniHelper(14128): JniHelper::getJavaVM(), pthread_self() = 1529184920
11-28 15:19:09.627 D/cocos2d-x debug info(14128): JS: getMediaTypeValue:put[movie,ç”µå½±]
11-28 15:19:09.627 D/cocos2d-x debug info(14128): JS: getMediaTypeValue:put[daynum,æŒ‰è§‚çœ‹
11-28 15:19:09.637 D/cocos2d-x debug info(14128): JS: [/2013] {/éŸ©å›½} (/åŠ¨ä½œ)
11-28 15:19:09.637 D/cocos2d-x debug info(14128): cocos2d: fullPathForFilename: No file found at Arial. Possible missing file.
11-28 15:19:09.667 D/dalvikvm(14128): GC_CONCURRENT freed 977K, 37% free 11683K/18508K, paused 2ms+2ms, total 27ms
11-28 15:19:09.667 D/dalvikvm(14128): WAIT_FOR_CONCURRENT_GC blocked 22ms
11-28 15:19:09.687 D/cocos2d-x debug info(14128): JS: updateMediaDescription:[] 8
11-28 15:19:09.687 D/cocos2d-x debug info(14128): JS: updateMediaRelateVisibility:true
11-28 15:19:09.687 D/cocos2d-x debug info(14128): JS: easeActionConfig, this is release version, can not get Action tpye
11-28 15:19:09.687 D/cocos2d-x debug info(14128): nativeTes2Callback  [001]funImageLoader.callback('/data/data/tv.fun.launcher/files/fun_download/be/e5b32df19a369e82bd7f58fac89d97.png', 'bee5b32df19a369e82bd7f58fac89d97')
11-28 15:19:09.687 D/cocos2d-x debug info(14128): nativeTes2Callback  [001]funImageLoader.callback('/data/data/tv.fun.launcher/files/fun_download/f5/2fa14df2ee58f6d219da98b171208e.png', 'f52fa14df2ee58f6d219da98b171208e')
11-28 15:19:09.687 D/cocos2d-x debug info(14128): nativeTes2Callback  [001]funImageLoader.callback('/data/data/tv.fun.launcher/files/fun_download/b0/359a27fd3f9d17d9eef4556d7667fa.png', 'b0359a27fd3f9d17d9eef4556d7667fa')
11-28 15:19:09.697 D/cocos2d-x debug info(14128): nativeTes2Callback  [000]funImageLoader.callback('/data/data/tv.fun.launcher/files/fun_download/f2/957e4e2b89b4d3c1725ce11e309869.png', 'f2957e4e2b89b4d3c1725ce11e309869')
11-28 15:19:09.697 D/cocos2d-x debug info(14128): nativeTes2Callback  [001]funImageLoader.callback('/data/data/tv.fun.launcher/files/fun_download/d9/74ba69abd71b0cb388ac8c877f5f96.png', 'd974ba69abd71b0cb388ac8c877f5f96')
11-28 15:19:09.697 D/cocos2d-x debug info(14128): nativeTes2Callback  [001]funImageLoader.callback('/data/data/tv.fun.launcher/files/fun_download/e0/4e3c9761e9227f6a5e1723c7c26e90.png', 'e04e3c9761e9227f6a5e1723c7c26e90')
11-28 15:19:09.697 D/cocos2d-x debug info(14128): nativeTes2Callback  [001]funImageLoader.callback('/data/data/tv.fun.launcher/files/fun_download/81/1e608519e72ad43f08e5bc955768ae.png', '811e608519e72ad43f08e5bc955768ae')
11-28 15:19:09.697 D/cocos2d-x debug info(14128): nativeTes2Callback  [000]funImageLoader.callback('/data/data/tv.fun.launcher/files/fun_download/5e/78551918eb48d45da15c518d28c39a.png', '5e78551918eb48d45da15c518d28c39a')
11-28 15:19:09.697 D/cocos2d-x debug info(14128): nativeTes2Callback  [000]funImageLoader.callback('/data/data/tv.fun.launcher/files/fun_download/14/da38afe508cfd174440045a57efa25.png', '14da38afe508cfd174440045a57efa25')
11-28 15:19:09.697 D/cocos2d-x debug info(14128): nativeTes2Callback  [001]funImageLoader.callback('/data/data/tv.fun.launcher/files/fun_download/df/e981fbe81f99927f142bfdf3173c65.png', 'dfe981fbe81f99927f142bfdf3173c65')
11-28 15:19:09.697 D/cocos2d-x debug info(14128): nativeTes2Callback  [001]funImageLoader.callback('/data/data/tv.fun.launcher/files/fun_download/ac/6f860752669c68bc0b7a15143f961d.png', 'ac6f860752669c68bc0b7a15143f961d')
11-28 15:19:09.707 D/cocos2d-x debug info(14128): nativeTes2Callback  [001]funImageLoader.callback('/data/data/tv.fun.launcher/files/fun_download/04/fc7c4ccf095889a904df84b786a8a9.png', '04fc7c4ccf095889a904df84b786a8a9')
11-28 15:19:09.707 D/cocos2d-x debug info(14128): nativeTes2Callback  [000]funImageLoader.callback('/data/data/tv.fun.launcher/files/fun_download/98/396960f0cf607d06ecc99414c4527e.png', '98396960f0cf607d06ecc99414c4527e')
11-28 15:19:09.707 D/cocos2d-x debug info(14128): nativeTes2Callback  [000]funImageLoader.callback('/data/data/tv.fun.launcher/files/fun_download/74/1769913d67c31335f0454bf7b3ee7c.png', '741769913d67c31335f0454bf7b3ee7c')
11-28 15:19:09.707 D/cocos2d-x debug info(14128): JS: launcher.eventCenter.onWifiStateChanged
11-28 15:19:09.707 D/cocos2d-x debug info(14128): nativeTes2Callback  [001]funImageLoader.callback('/data/data/tv.fun.launcher/files/fun_download/66/84411ad879f1a45dcdfdbff34acdb4.png', '6684411ad879f1a45dcdfdbff34acdb4')
11-28 15:19:09.707 D/cocos2d-x debug info(14128): nativeTes2Callback  [001]funImageLoader.callback('/data/data/tv.fun.launcher/files/fun_download/e6/5da6d05f5cbe19bca0e35fe0a5f184.png', 'e65da6d05f5cbe19bca0e35fe0a5f184')
11-28 15:19:09.707 D/cocos2d-x debug info(14128): nativeTes2Callback  [000]funImageLoader.callback('/data/data/tv.fun.launcher/files/fun_download/42/82d07789c0991d766ccce708483e42.png', '4282d07789c0991d766ccce708483e42')
11-28 15:19:09.707 D/cocos2d-x debug info(14128): nativeTes2Callback  [000]funImageLoader.callback('/data/data/tv.fun.launcher/files/fun_download/f3/ecf40f25dfc0421e52a9eff4e354f1.png', 'f3ecf40f25dfc0421e52a9eff4e354f1')
11-28 15:19:09.717 D/cocos2d-x debug info(14128): nativeTes2Callback  [001]funImageLoader.callback('/data/data/tv.fun.launcher/files/fun_download/06/06d1f852d0d1d82b247c0213c8dcb6.png', '0606d1f852d0d1d82b247c0213c8dcb6')
11-28 15:19:09.717 D/cocos2d-x debug info(14128): JS: RetrieveList: onEnter
11-28 15:19:09.757 D/mdns    ( 4397): mDNS_Execute
11-28 15:19:09.757 D/mdns    ( 4397): mDNS_Execute: Skipping LocalAuthRecord    4 Android-2.local. Addr 172.16.13.147
11-28 15:19:09.757 D/mdns    ( 4397): mDNS_Execute: Skipping LocalAuthRecord   16 Android-2.local. AAAA FE80:0000:0000:0000:026D:0EFF:FE03:A545
11-28 15:19:09.757 D/mdns    ( 4397): mDNS_Execute: Setting NewLocalRecords to    4 Android-2.local. Addr 172.16.13.147
11-28 15:19:09.757 D/cocos2d-x debug info(14128): trace_frame: 65.710625
11-28 15:19:09.757 D/mdns    ( 4397): SocketDataReady got a packet from 172.16.13.104 to 224.0.0.251 on interface 172.16.13.147/wlan0/7/276
11-28 15:19:09.757 D/mdns    ( 4397): Received Query from 172.16.13.104  :5353  to 224.0.0.251    :5353  on 0x412B8360 with  1 Question,   0 Answers,  0 Authorities,  0 Additionals 57 bytes
11-28 15:19:09.757 D/mdns    ( 4397): SocketDataReady got a packet from FE80:0000:0000:0000:6A5B:35FF:FE81:AA9B to FF02:0000:0000:0000:0000:0000:0000:00FB on interface 172.16.13.147/wlan0/7/277
11-28 15:19:09.757 D/mdns    ( 4397): Received Query from FE80:0000:0000:0000:6A5B:35FF:FE81:AA9B:5353  to FF02:0000:0000:0000:0000:0000:0000:00FB:5353  on 0x412B8360 with  1 Question,   0 Answers,  0 Authorities,  0 Additionals 57 bytes
11-28 15:19:09.837 D/mdns    ( 4397): mDNS_Execute
11-28 15:19:09.837 D/mdns    ( 4397): mDNS_Execute: Skipping LocalAuthRecord    4 Android-2.local. Addr 172.16.13.147
11-28 15:19:09.837 D/mdns    ( 4397): mDNS_Execute: Skipping LocalAuthRecord   16 Android-2.local. AAAA FE80:0000:0000:0000:026D:0EFF:FE03:A545
11-28 15:19:09.837 D/mdns    ( 4397): mDNS_Execute: Setting NewLocalRecords to    4 Android-2.local. Addr 172.16.13.147
11-28 15:19:09.857 D/cocos2d-x debug info(14128): trace_frame: 59.937668
11-28 15:19:09.947 D/cocos2d-x debug info(14128): cocos2d: fullPathForFilename: No file found at Arial. Possible missing file.
11-28 15:19:09.947 D/cocos2d-x debug info(14128): cocos2d: fullPathForFilename: No file found at Arial. Possible missing file.
11-28 15:19:09.957 D/cocos2d-x debug info(14128): cocos2d: fullPathForFilename: No file found at Arial. Possible missing file.
11-28 15:19:09.957 D/cocos2d-x debug info(14128): cocos2d: fullPathForFilename: No file found at Arial. Possible missing file.
11-28 15:19:09.957 D/cocos2d-x debug info(14128): cocos2d: fullPathForFilename: No file found at Arial. Possible missing file.
11-28 15:19:09.967 D/cocos2d-x debug info(14128): cocos2d: fullPathForFilename: No file found at Arial. Possible missing file.
11-28 15:19:09.967 D/cocos2d-x debug info(14128): cocos2d: fullPathForFilename: No file found at Arial. Possible missing file.
11-28 15:19:09.967 D/cocos2d-x debug info(14128): cocos2d: fullPathForFilename: No file found at Arial. Possible missing file.
11-28 15:19:09.967 D/cocos2d-x debug info(14128): cocos2d: fullPathForFilename: No file found at Arial. Possible missing file.
11-28 15:19:09.977 D/mdns    ( 4397): SocketDataReady got a packet from 172.16.13.131 to 224.0.0.251 on interface 172.16.13.147/wlan0/7/276
11-28 15:19:09.977 D/mdns    ( 4397): Received Response from 172.16.13.131   addressed to 224.0.0.251     on 412B8360 with  0 Questions,  3 Answers,  0 Authorities,  0 Additionals 198 bytes LLQType 0
11-28 15:19:09.977 D/cocos2d-x debug info(14128): cocos2d: fullPathForFilename: No file found at Arial. Possible missing file.
11-28 15:19:09.997 D/dalvikvm(14128): GC_CONCURRENT freed 2980K, 43% free 10696K/18508K, paused 3ms+3ms, total 29ms
11-28 15:19:09.997 D/dalvikvm(14128): WAIT_FOR_CONCURRENT_GC blocked 21ms
11-28 15:19:10.007 D/cocos2d-x debug info(14128): cocos2d: fullPathForFilename: No file found at Arial. Possible missing file.
11-28 15:19:10.007 D/cocos2d-x debug info(14128): cocos2d: fullPathForFilename: No file found at Arial. Possible missing file.
11-28 15:19:10.007 D/cocos2d-x debug info(14128): cocos2d: fullPathForFilename: No file found at Arial. Possible missing file.
11-28 15:19:10.007 D/cocos2d-x debug info(14128): cocos2d: fullPathForFilename: No file found at Arial. Possible missing file.
11-28 15:19:10.007 D/cocos2d-x debug info(14128): cocos2d: fullPathForFilename: No file found at Arial. Possible missing file.
11-28 15:19:10.007 D/cocos2d-x debug info(14128): cocos2d: fullPathForFilename: No file found at Arial. Possible missing file.
11-28 15:19:10.017 D/cocos2d-x debug info(14128): cocos2d: fullPathForFilename: No file found at Arial. Possible missing file.
11-28 15:19:10.017 D/cocos2d-x debug info(14128): cocos2d: fullPathForFilename: No file found at Arial. Possible missing file.
11-28 15:19:10.017 D/mdns    ( 4397): mDNS_Execute
11-28 15:19:10.017 D/mdns    ( 4397): mDNS_Execute: Skipping LocalAuthRecord    4 Android-2.local. Addr 172.16.13.147
11-28 15:19:10.017 D/mdns    ( 4397): mDNS_Execute: Skipping LocalAuthRecord   16 Android-2.local. AAAA FE80:0000:0000:0000:026D:0EFF:FE03:A545
11-28 15:19:10.017 D/mdns    ( 4397): mDNS_Execute: Setting NewLocalRecords to    4 Android-2.local. Addr 172.16.13.147
11-28 15:19:10.017 D/mdns    ( 4397): SendQueries:   Put Question 006d0e03a545@MiniMax._raop._tcp.local. (SRV) probecount 2
11-28 15:19:10.017 D/mdns    ( 4397): SendQueries:   Put Question MiniMax._airplay._tcp.local. (SRV) probecount 2
11-28 15:19:10.017 D/mdns    ( 4397): SendQueries:   Put Question Android-2.local. (Addr) probecount 2
11-28 15:19:10.017 D/mdns    ( 4397): SendQueries:   Put Question Android-2.local. (AAAA) probecount 2
11-28 15:19:10.017 D/mdns    ( 4397): SendQueries putting   24 . OPT Max 1440 Vers 0 Seq   0 MAC 00:00:00:00:00:00 I-MAC 2D:32:05:6C:6F:63
11-28 15:19:10.017 D/mdns    ( 4397): SendQueries:   Sending 4 Questions 0 Answers 4 Updates on 412B8360
11-28 15:19:10.017 D/mdns    ( 4397): SocketDataReady got a packet from 172.16.13.147 to 224.0.0.251 on interface 172.16.13.147/wlan0/7/276
11-28 15:19:10.017 D/mdns    ( 4397): Received Query from 172.16.13.147  :5353  to 224.0.0.251    :5353  on 0x412B8360 with  4 Questions,  0 Answers,  4 Authorities,  1 Additional  201 bytes
11-28 15:19:10.017 D/mdns    ( 4397): SocketDataReady got a packet from FE80:0000:0000:0000:026D:0EFF:FE03:A545 to FF02:0000:0000:0000:0000:0000:0000:00FB on interface 172.16.13.147/wlan0/7/277
11-28 15:19:10.017 D/mdns    ( 4397): Received Query from FE80:0000:0000:0000:026D:0EFF:FE03:A545:5353  to FF02:0000:0000:0000:0000:0000:0000:00FB:5353  on 0x412B8360 with  4 Questions,  0 Answers,  4 Authorities,  1 Additional  201 bytes
11-28 15:19:10.017 D/cocos2d-x debug info(14128): cocos2d: fullPathForFilename: No file found at Arial. Possible missing file.
11-28 15:19:10.027 D/cocos2d-x debug info(14128): cocos2d: fullPathForFilename: No file found at Arial. Possible missing file.
11-28 15:19:10.027 D/cocos2d-x debug info(14128): cocos2d: fullPathForFilename: No file found at Arial. Possible missing file.
11-28 15:19:10.027 D/cocos2d-x debug info(14128): cocos2d: fullPathForFilename: No file found at Arial. Possible missing file.
11-28 15:19:10.057 D/cocos2d-x debug info(14128): trace_frame: 30.317270
11-28 15:19:10.117 D/mdns    ( 4397): mDNS_Execute
11-28 15:19:10.117 D/mdns    ( 4397): mDNS_Execute: Skipping LocalAuthRecord    4 Android-2.local. Addr 172.16.13.147
11-28 15:19:10.117 D/mdns    ( 4397): mDNS_Execute: Skipping LocalAuthRecord   16 Android-2.local. AAAA FE80:0000:0000:0000:026D:0EFF:FE03:A545
11-28 15:19:10.117 D/mdns    ( 4397): mDNS_Execute: Setting NewLocalRecords to    4 Android-2.local. Addr 172.16.13.147
11-28 15:19:10.167 D/cocos2d-x debug info(14128): trace_frame: 68.054985
11-28 15:19:10.237 D/cocos2d-x debug info(14128): JS: RetrieveList fadeIn end
11-28 15:19:10.267 D/mdns    ( 4397): mDNS_Execute
11-28 15:19:10.267 D/mdns    ( 4397): mDNS_Execute: Skipping LocalAuthRecord    4 Android-2.local. Addr 172.16.13.147
11-28 15:19:10.267 D/mdns    ( 4397): mDNS_Execute: Skipping LocalAuthRecord   16 Android-2.local. AAAA FE80:0000:0000:0000:026D:0EFF:FE03:A545
11-28 15:19:10.267 D/mdns    ( 4397): mDNS_Execute: Setting NewLocalRecords to    4 Android-2.local. Addr 172.16.13.147
11-28 15:19:10.267 D/mdns    ( 4397): SendQueries:   Put Question 006d0e03a545@MiniMax._raop._tcp.local. (SRV) probecount 1
11-28 15:19:10.267 D/mdns    ( 4397): SendQueries:   Put Question MiniMax._airplay._tcp.local. (SRV) probecount 1
11-28 15:19:10.267 D/mdns    ( 4397): SendQueries:   Put Question Android-2.local. (Addr) probecount 1
11-28 15:19:10.267 D/mdns    ( 4397): SendQueries:   Put Question Android-2.local. (AAAA) probecount 1
11-28 15:19:10.267 D/mdns    ( 4397): SendQueries putting   24 . OPT Max 1440 Vers 0 Seq   0 MAC 00:00:00:00:00:00 I-MAC 2D:32:05:6C:6F:63
11-28 15:19:10.267 D/mdns    ( 4397): SendQueries:   Sending 4 Questions 0 Answers 4 Updates on 412B8360
11-28 15:19:10.267 D/mdns    ( 4397): SocketDataReady got a packet from 172.16.13.147 to 224.0.0.251 on interface 172.16.13.147/wlan0/7/276
11-28 15:19:10.267 D/mdns    ( 4397): Received Query from 172.16.13.147  :5353  to 224.0.0.251    :5353  on 0x412B8360 with  4 Questions,  0 Answers,  4 Authorities,  1 Additional  201 bytes
11-28 15:19:10.267 D/mdns    ( 4397): SocketDataReady got a packet from FE80:0000:0000:0000:026D:0EFF:FE03:A545 to FF02:0000:0000:0000:0000:0000:0000:00FB on interface 172.16.13.147/wlan0/7/277
11-28 15:19:10.267 D/mdns    ( 4397): Received Query from FE80:0000:0000:0000:026D:0EFF:FE03:A545:5353  to FF02:0000:0000:0000:0000:0000:0000:00FB:5353  on 0x412B8360 with  4 Questions,  0 Answers,  4 Authorities,  1 Additional  201 bytes
11-28 15:19:10.277 D/cocos2d-x debug info(14128): trace_frame: 58.989594
11-28 15:19:10.367 D/mdns    ( 4397): mDNS_Execute
11-28 15:19:10.367 D/mdns    ( 4397): mDNS_Execute: Skipping LocalAuthRecord    4 Android-2.local. Addr 172.16.13.147
11-28 15:19:10.367 D/mdns    ( 4397): mDNS_Execute: Skipping LocalAuthRecord   16 Android-2.local. AAAA FE80:0000:0000:0000:026D:0EFF:FE03:A545
11-28 15:19:10.367 D/mdns    ( 4397): mDNS_Execute: Setting NewLocalRecords to    4 Android-2.local. Addr 172.16.13.147
11-28 15:19:10.387 D/cocos2d-x debug info(14128): trace_frame: 61.500614
11-28 15:19:10.507 D/cocos2d-x debug info(14128): trace_frame: 60.095123
11-28 15:19:10.517 D/mdns    ( 4397): mDNS_Execute
11-28 15:19:10.517 D/mdns    ( 4397): mDNS_Execute: Skipping LocalAuthRecord    4 Android-2.local. Addr 172.16.13.147
11-28 15:19:10.517 D/mdns    ( 4397): mDNS_Execute: Skipping LocalAuthRecord   16 Android-2.local. AAAA FE80:0000:0000:0000:026D:0EFF:FE03:A545
11-28 15:19:10.517 D/mdns    ( 4397): mDNS_Execute: Setting NewLocalRecords to    4 Android-2.local. Addr 172.16.13.147
11-28 15:19:10.517 D/mdns    ( 4397): mDNS_HostNameCallback: Android-2.local. (Addr) Name registered (0)
11-28 15:19:10.517 D/mdns    ( 4397): mDNS_HostNameCallback: Android-2.local. (AAAA) Name registered (0)
11-28 15:19:10.517 D/mdns    ( 4397): SendQueries:   Put Question 006d0e03a545@MiniMax._raop._tcp.local. (SRV) probecount 0
11-28 15:19:10.517 D/mdns    ( 4397): SendQueries:   Put Question MiniMax._airplay._tcp.local. (SRV) probecount 0
11-28 15:19:10.517 D/mdns    ( 4397): SendQueries:   Put Question Android-2.local. (Addr) probecount 0
11-28 15:19:10.517 D/mdns    ( 4397): SendQueries:   Put Question Android-2.local. (AAAA) probecount 0
11-28 15:19:10.517 D/mdns    ( 4397): SendQueries putting   24 . OPT Max 1440 Vers 0 Seq   0 MAC 00:00:00:00:00:00 I-MAC 2D:32:05:6C:6F:63
11-28 15:19:10.517 D/mdns    ( 4397): SendQueries:   Sending 4 Questions 0 Answers 4 Updates on 412B8360
11-28 15:19:10.517 D/mdns    ( 4397): SocketDataReady got a packet from 172.16.13.147 to 224.0.0.251 on interface 172.16.13.147/wlan0/7/276
11-28 15:19:10.517 D/mdns    ( 4397): Received Query from 172.16.13.147  :5353  to 224.0.0.251    :5353  on 0x412B8360 with  4 Questions,  0 Answers,  4 Authorities,  1 Additional  201 bytes
11-28 15:19:10.517 D/mdns    ( 4397): SocketDataReady got a packet from FE80:0000:0000:0000:026D:0EFF:FE03:A545 to FF02:0000:0000:0000:0000:0000:0000:00FB on interface 172.16.13.147/wlan0/7/277
11-28 15:19:10.517 D/mdns    ( 4397): Received Query from FE80:0000:0000:0000:026D:0EFF:FE03:A545:5353  to FF02:0000:0000:0000:0000:0000:0000:00FB:5353  on 0x412B8360 with  4 Questions,  0 Answers,  4 Authorities,  1 Additional  201 bytes
11-28 15:19:10.587 D/mdns    ( 4397): SocketDataReady got a packet from 172.16.13.34 to 224.0.0.251 on interface 172.16.13.147/wlan0/7/276
11-28 15:19:10.587 D/mdns    ( 4397): Received Response from 172.16.13.34    addressed to 224.0.0.251     on 412B8360 with  0 Questions,  3 Answers,  0 Authorities,  0 Additionals 183 bytes LLQType 0
11-28 15:19:10.607 D/cocos2d-x debug info(14128): trace_frame: 59.919109
11-28 15:19:10.617 D/mdns    ( 4397): mDNS_Execute
11-28 15:19:10.617 D/mdns    ( 4397): mDNS_Execute: Skipping LocalAuthRecord    4 Android-2.local. Addr 172.16.13.147
11-28 15:19:10.617 D/mdns    ( 4397): mDNS_Execute: Skipping LocalAuthRecord   16 Android-2.local. AAAA FE80:0000:0000:0000:026D:0EFF:FE03:A545
11-28 15:19:10.617 D/mdns    ( 4397): mDNS_Execute: Setting NewLocalRecords to    4 Android-2.local. Addr 172.16.13.147
11-28 15:19:10.717 D/cocos2d-x debug info(14128): trace_frame: 60.073975
11-28 15:19:10.757 D/mdns    ( 4397): mDNS_Execute
11-28 15:19:10.757 D/mdns    ( 4397): mDNS_Execute: Skipping LocalAuthRecord    4 Android-2.local. Addr 172.16.13.147
11-28 15:19:10.757 D/mdns    ( 4397): mDNS_Execute: Skipping LocalAuthRecord   16 Android-2.local. AAAA FE80:0000:0000:0000:026D:0EFF:FE03:A545
11-28 15:19:10.757 D/mdns    ( 4397): mDNS_Execute: Setting NewLocalRecords to    4 Android-2.local. Addr 172.16.13.147
11-28 15:19:10.757 D/mdns    ( 4397): SendResponses: Next in 268 ticks
11-28 15:19:10.767 D/mdns    ( 4397): mDNS_Execute
11-28 15:19:10.767 D/mdns    ( 4397): mDNS_Execute: Skipping LocalAuthRecord    4 Android-2.local. Addr 172.16.13.147
11-28 15:19:10.767 D/mdns    ( 4397): mDNS_Execute: Skipping LocalAuthRecord   16 Android-2.local. AAAA FE80:0000:0000:0000:026D:0EFF:FE03:A545
11-28 15:19:10.767 D/mdns    ( 4397): mDNS_Execute: Setting NewLocalRecords to    4 Android-2.local. Addr 172.16.13.147
11-28 15:19:10.767 D/mdns    ( 4397): Announcing 006d0e03a545@MiniMax._raop._tcp.local. (TXT) 7
11-28 15:19:10.767 D/mdns    ( 4397): Announcing _services._dns-sd._udp.local. (PTR) 7
11-28 15:19:10.767 D/mdns    ( 4397): Announcing _raop._tcp.local. (PTR) 7
11-28 15:19:10.767 D/mdns    ( 4397): Announcing MiniMax._airplay._tcp.local. (TXT) 7
11-28 15:19:10.767 D/mdns    ( 4397): Announcing _services._dns-sd._udp.local. (PTR) 7
11-28 15:19:10.767 D/mdns    ( 4397): Announcing _airplay._tcp.local. (PTR) 7
11-28 15:19:10.767 D/mdns    ( 4397): Announcing 006d0e03a545@MiniMax._raop._tcp.local. (SRV) 7
11-28 15:19:10.767 D/mdns    ( 4397): Announcing MiniMax._airplay._tcp.local. (SRV) 7
11-28 15:19:10.767 D/mdns    ( 4397): Announcing 147.13.16.172.in-addr.arpa. (PTR) 7
11-28 15:19:10.767 D/mdns    ( 4397): Announcing 5.4.5.A.3.0.E.F.F.F.E.0.D.6.2.0.0.0.0.0.0.0.0.0.0.0.0.0.0.8.E.F.ip6.arpa. (PTR) 7
11-28 15:19:10.767 D/mdns    ( 4397): Announcing Android-2.local. (Addr) 7
11-28 15:19:10.767 D/mdns    ( 4397): Announcing Android-2.local. (AAAA) 7
11-28 15:19:10.767 D/mdns    ( 4397): SendResponses put     24 . OPT Max 1440 Vers 0 Seq   0 MAC 00:00:00:00:00:00 I-MAC 2D:32:05:6C:6F:63
11-28 15:19:10.767 D/mdns    ( 4397): SendResponses: Sending 0 Deregistrations, 12 Announcements, 0 Answers, 6 Additionals on 412B8360
11-28 15:19:10.767 D/mdns    ( 4397): SendResponses: Next in 1024 ticks
11-28 15:19:10.767 D/mdns    ( 4397): mDNS_Execute
11-28 15:19:10.767 D/mdns    ( 4397): mDNS_Execute: Delivering Add event with LocalAuthRecord    4 Android-2.local. Addr 172.16.13.147
11-28 15:19:10.767 D/mdns    ( 4397): mDNS_Execute: Delivering Add event with LocalAuthRecord   16 Android-2.local. AAAA FE80:0000:0000:0000:026D:0EFF:FE03:A545
11-28 15:19:10.767 D/mdns    ( 4397): mDNS_Execute: Setting NewLocalRecords to NULL
11-28 15:19:10.767 D/mdns    ( 4397): SocketDataReady got a packet from 172.16.13.147 to 224.0.0.251 on interface 172.16.13.147/wlan0/7/276
11-28 15:19:10.767 D/mdns    ( 4397): Received Response from 172.16.13.147   addressed to 224.0.0.251     on 412B8360 with  0 Questions, 12 Answers,  0 Authorities,  6 Additionals 690 bytes LLQType 0
11-28 15:19:10.767 D/mdns    ( 4397): SocketDataReady got a packet from FE80:0000:0000:0000:026D:0EFF:FE03:A545 to FF02:0000:0000:0000:0000:0000:0000:00FB on interface 172.16.13.147/wlan0/7/277
11-28 15:19:10.767 D/mdns    ( 4397): Received Response from FE80:0000:0000:0000:026D:0EFF:FE03:A545 addressed to FF02:0000:0000:0000:0000:0000:0000:00FB on 412B8360 with  0 Questions, 12 Answers,  0 Authorities,  6 Additionals 690 bytes LLQType 0
11-28 15:19:10.767 D/mdns    ( 4397): Found record size   115 interface 412B8360 already in cache:  115 006d0e03a545@MiniMax._raop._tcp.local. TXT ch=2Â¦cn=0,1Â¦da=trueÂ¦ek=1Â¦et=0,1Â¦md=0,1,2Â¦pw=falseÂ¦sm=falseÂ¦sr=44100Â¦ss=16Â¦sv=falseÂ¦tp=UDPÂ¦txtvers=
11-28 15:19:10.767 D/mdns    ( 4397): Found record size    75 interface 412B8360 already in cache:   75 MiniMax._airplay._tcp.local. TXT deviceid=00:6d:0e:03:a5:45Â¦features=0x2077Â¦model=AppleTV2,1Â¦srcvers=101.28
11-28 15:19:10.767 D/mdns    ( 4397): Found record size    78 interface 412B8360 already in cache:   78 5.4.5.A.3.0.E.F.F.F.E.0.D.6.2.0.0.0.0.0.0.0.0.0.0.0.0.0.0.8.E.F.ip6.arpa. NSEC PTR 
11-28 15:19:10.827 D/cocos2d-x debug info(14128): trace_frame: 59.970013
11-28 15:19:10.867 D/mdns    ( 4397): mDNS_Execute
11-28 15:19:10.867 D/mdns    ( 4397): mDNS_Execute: Setting NewLocalRecords to NULL
11-28 15:19:10.937 D/cocos2d-x debug info(14128): trace_frame: 60.017319
11-28 15:19:11.037 D/cocos2d-x debug info(14128): trace_frame: 59.999996
11-28 15:19:11.137 D/cocos2d-x debug info(14128): trace_frame: 59.974815
11-28 15:19:11.257 D/cocos2d-x debug info(14128): trace_frame: 59.940739
11-28 15:19:11.377 D/cocos2d-x debug info(14128): trace_frame: 59.937668
11-28 15:19:11.487 D/cocos2d-x debug info(14128): trace_frame: 60.144691
11-28 15:19:11.587 D/cocos2d-x debug info(14128): trace_frame: 59.989803
11-28 15:19:11.687 D/cocos2d-x debug info(14128): trace_frame: 59.976604
11-28 15:19:11.767 D/mdns    ( 4397): mDNS_Execute
11-28 15:19:11.767 D/mdns    ( 4397): mDNS_Execute: Setting NewLocalRecords to NULL
11-28 15:19:11.767 D/mdns    ( 4397): Announcing 006d0e03a545@MiniMax._raop._tcp.local. (TXT) 6
11-28 15:19:11.767 D/mdns    ( 4397): Announcing _services._dns-sd._udp.local. (PTR) 6
11-28 15:19:11.767 D/mdns    ( 4397): Announcing _raop._tcp.local. (PTR) 6
11-28 15:19:11.767 D/mdns    ( 4397): Announcing MiniMax._airplay._tcp.local. (TXT) 6
11-28 15:19:11.767 D/mdns    ( 4397): Announcing _services._dns-sd._udp.local. (PTR) 6
11-28 15:19:11.767 D/mdns    ( 4397): Announcing _airplay._tcp.local. (PTR) 6
11-28 15:19:11.767 D/mdns    ( 4397): Announcing 006d0e03a545@MiniMax._raop._tcp.local. (SRV) 6
11-28 15:19:11.767 D/mdns    ( 4397): Announcing MiniMax._airplay._tcp.local. (SRV) 6
11-28 15:19:11.767 D/mdns    ( 4397): Announcing 147.13.16.172.in-addr.arpa. (PTR) 6
11-28 15:19:11.767 D/mdns    ( 4397): Announcing 5.4.5.A.3.0.E.F.F.F.E.0.D.6.2.0.0.0.0.0.0.0.0.0.0.0.0.0.0.8.E.F.ip6.arpa. (PTR) 6
11-28 15:19:11.767 D/mdns    ( 4397): Announcing Android-2.local. (Addr) 6
11-28 15:19:11.767 D/mdns    ( 4397): Announcing Android-2.local. (AAAA) 6
11-28 15:19:11.767 D/mdns    ( 4397): SendResponses put     24 . OPT Max 1440 Vers 0 Seq   0 MAC 00:00:00:00:00:00 I-MAC 2D:32:05:6C:6F:63
11-28 15:19:11.767 D/mdns    ( 4397): SendResponses: Sending 0 Deregistrations, 12 Announcements, 0 Answers, 6 Additionals on 412B8360
11-28 15:19:11.767 D/mdns    ( 4397): SendResponses: Next in 2048 ticks
11-28 15:19:11.767 D/mdns    ( 4397): SocketDataReady got a packet from 172.16.13.147 to 224.0.0.251 on interface 172.16.13.147/wlan0/7/276
11-28 15:19:11.767 D/mdns    ( 4397): Received Response from 172.16.13.147   addressed to 224.0.0.251     on 412B8360 with  0 Questions, 12 Answers,  0 Authorities,  6 Additionals 690 bytes LLQType 0
11-28 15:19:11.767 D/mdns    ( 4397): Found record size   115 interface 412B8360 already in cache:  115 006d0e03a545@MiniMax._raop._tcp.local. TXT ch=2Â¦cn=0,1Â¦da=trueÂ¦ek=1Â¦et=0,1Â¦md=0,1,2Â¦pw=falseÂ¦sm=falseÂ¦sr=44100Â¦ss=16Â¦sv=falseÂ¦tp=UDPÂ¦txtvers=
11-28 15:19:11.767 D/mdns    ( 4397): Found record size    75 interface 412B8360 already in cache:   75 MiniMax._airplay._tcp.local. TXT deviceid=00:6d:0e:03:a5:45Â¦features=0x2077Â¦model=AppleTV2,1Â¦srcvers=101.28
11-28 15:19:11.767 D/mdns    ( 4397): Found record size    78 interface 412B8360 already in cache:   78 5.4.5.A.3.0.E.F.F.F.E.0.D.6.2.0.0.0.0.0.0.0.0.0.0.0.0.0.0.8.E.F.ip6.arpa. NSEC PTR 
11-28 15:19:11.767 D/mdns    ( 4397): SocketDataReady got a packet from FE80:0000:0000:0000:026D:0EFF:FE03:A545 to FF02:0000:0000:0000:0000:0000:0000:00FB on interface 172.16.13.147/wlan0/7/277
11-28 15:19:11.767 D/mdns    ( 4397): Received Response from FE80:0000:0000:0000:026D:0EFF:FE03:A545 addressed to FF02:0000:0000:0000:0000:0000:0000:00FB on 412B8360 with  0 Questions, 12 Answers,  0 Authorities,  6 Additionals 690 bytes LLQType 0
11-28 15:19:11.767 D/mdns    ( 4397): Found record size   115 interface 412B8360 already in cache:  115 006d0e03a545@MiniMax._raop._tcp.local. TXT ch=2Â¦cn=0,1Â¦da=trueÂ¦ek=1Â¦et=0,1Â¦md=0,1,2Â¦pw=falseÂ¦sm=falseÂ¦sr=44100Â¦ss=16Â¦sv=falseÂ¦tp=UDPÂ¦txtvers=
11-28 15:19:11.767 D/mdns    ( 4397): Found record size    75 interface 412B8360 already in cache:   75 MiniMax._airplay._tcp.local. TXT deviceid=00:6d:0e:03:a5:45Â¦features=0x2077Â¦model=AppleTV2,1Â¦srcvers=101.28
11-28 15:19:11.767 D/mdns    ( 4397): Found record size    78 interface 412B8360 already in cache:   78 5.4.5.A.3.0.E.F.F.F.E.0.D.6.2.0.0.0.0.0.0.0.0.0.0.0.0.0.0.8.E.F.ip6.arpa. NSEC PTR 
11-28 15:19:11.797 D/cocos2d-x debug info(14128): trace_frame: 58.304504
11-28 15:19:11.837 D/dalvikvm(22184): GC_CONCURRENT freed 844K, 19% free 6639K/8124K, paused 3ms+5ms, total 52ms
11-28 15:19:11.837 D/dalvikvm(22184): WAIT_FOR_CONCURRENT_GC blocked 26ms
11-28 15:19:11.867 D/mdns    ( 4397): mDNS_Execute
11-28 15:19:11.867 D/mdns    ( 4397): mDNS_Execute: Setting NewLocalRecords to NULL
11-28 15:19:11.877 D/dalvikvm(22184): GC_FOR_ALLOC freed 125K, 19% free 6601K/8124K, paused 41ms, total 41ms
11-28 15:19:11.907 D/cocos2d-x debug info(14128): trace_frame: 60.688026
11-28 15:19:11.927 D/dalvikvm(22184): GC_FOR_ALLOC freed 136K, 20% free 6575K/8124K, paused 40ms, total 40ms
11-28 15:19:12.027 D/cocos2d-x debug info(14128): trace_frame: 59.856163
11-28 15:19:12.137 D/cocos2d-x debug info(14128): trace_frame: 60.954372
11-28 15:19:12.217 D/audio_hw_primary( 1334): do_output_standby
11-28 15:19:12.217 D/audio_hw_primary( 1334): goes there..........
11-28 15:19:12.217 D/audio_hw_primary( 1334): do output standby, set standby to 1
11-28 15:19:12.237 D/cocos2d-x debug info(14128): trace_frame: 59.345417
11-28 15:19:12.357 D/cocos2d-x debug info(14128): trace_frame: 60.575638
11-28 15:19:12.467 D/cocos2d-x debug info(14128): trace_frame: 60.049755
11-28 15:19:12.567 D/cocos2d-x debug info(14128): trace_frame: 59.999401
11-28 15:19:12.677 D/cocos2d-x debug info(14128): trace_frame: 59.968822
11-28 15:19:12.787 D/cocos2d-x debug info(14128): trace_frame: 59.981319
11-28 15:19:12.887 D/cocos2d-x debug info(14128): trace_frame: 59.646889
11-28 15:19:12.897 D/dalvikvm(22184): GC_CONCURRENT freed 749K, 19% free 6650K/8124K, paused 2ms+5ms, total 49ms
11-28 15:19:12.897 D/dalvikvm(22184): WAIT_FOR_CONCURRENT_GC blocked 13ms
11-28 15:19:12.897 D/dalvikvm(22184): WAIT_FOR_CONCURRENT_GC blocked 14ms
11-28 15:19:13.007 D/cocos2d-x debug info(14128): trace_frame: 60.244083
11-28 15:19:13.127 D/cocos2d-x debug info(14128): trace_frame: 60.089447
11-28 15:19:13.237 D/cocos2d-x debug info(14128): trace_frame: 60.018345
11-28 15:19:13.257 D/mdns    ( 4397): SocketDataReady got a packet from 172.16.13.34 to 224.0.0.251 on interface 172.16.13.147/wlan0/7/276
11-28 15:19:13.257 D/mdns    ( 4397): Received Response from 172.16.13.34    addressed to 224.0.0.251     on 412B8360 with  0 Questions,  3 Answers,  0 Authorities,  0 Additionals 275 bytes LLQType 0
11-28 15:19:13.337 D/cocos2d-x debug info(14128): trace_frame: 59.936466
11-28 15:19:13.457 D/cocos2d-x debug info(14128): trace_frame: 60.019894
11-28 15:19:13.557 D/cocos2d-x debug info(14128): trace_frame: 59.428303
11-28 15:19:13.667 D/cocos2d-x debug info(14128): trace_frame: 60.491882
11-28 15:19:13.767 D/mdns    ( 4397): mDNS_Execute
11-28 15:19:13.767 D/mdns    ( 4397): mDNS_Execute: Setting NewLocalRecords to NULL
11-28 15:19:13.767 D/mdns    ( 4397): Announcing 006d0e03a545@MiniMax._raop._tcp.local. (TXT) 5
11-28 15:19:13.767 D/mdns    ( 4397): Announcing _services._dns-sd._udp.local. (PTR) 5
11-28 15:19:13.767 D/mdns    ( 4397): Announcing _raop._tcp.local. (PTR) 5
11-28 15:19:13.767 D/mdns    ( 4397): Announcing MiniMax._airplay._tcp.local. (TXT) 5
11-28 15:19:13.767 D/mdns    ( 4397): Announcing _services._dns-sd._udp.local. (PTR) 5
11-28 15:19:13.767 D/mdns    ( 4397): Announcing _airplay._tcp.local. (PTR) 5
11-28 15:19:13.767 D/mdns    ( 4397): Announcing 006d0e03a545@MiniMax._raop._tcp.local. (SRV) 5
11-28 15:19:13.767 D/mdns    ( 4397): Announcing MiniMax._airplay._tcp.local. (SRV) 5
11-28 15:19:13.767 D/mdns    ( 4397): Announcing 147.13.16.172.in-addr.arpa. (PTR) 5
11-28 15:19:13.767 D/mdns    ( 4397): Announcing 5.4.5.A.3.0.E.F.F.F.E.0.D.6.2.0.0.0.0.0.0.0.0.0.0.0.0.0.0.8.E.F.ip6.arpa. (PTR) 5
11-28 15:19:13.767 D/mdns    ( 4397): Announcing Android-2.local. (Addr) 5
11-28 15:19:13.767 D/mdns    ( 4397): Announcing Android-2.local. (AAAA) 5
11-28 15:19:13.767 D/mdns    ( 4397): SendResponses put     24 . OPT Max 1440 Vers 0 Seq   0 MAC 00:00:00:00:00:00 I-MAC 2D:32:05:6C:6F:63
11-28 15:19:13.767 D/mdns    ( 4397): SendResponses: Sending 0 Deregistrations, 12 Announcements, 0 Answers, 6 Additionals on 412B8360
11-28 15:19:13.767 D/mdns    ( 4397): SendResponses: Next in 4096 ticks
11-28 15:19:13.767 D/mdns    ( 4397): SocketDataReady got a packet from 172.16.13.147 to 224.0.0.251 on interface 172.16.13.147/wlan0/7/276
11-28 15:19:13.767 D/mdns    ( 4397): Received Response from 172.16.13.147   addressed to 224.0.0.251     on 412B8360 with  0 Questions, 12 Answers,  0 Authorities,  6 Additionals 690 bytes LLQType 0
11-28 15:19:13.767 D/mdns    ( 4397): Found record size   115 interface 412B8360 already in cache:  115 006d0e03a545@MiniMax._raop._tcp.local. TXT ch=2Â¦cn=0,1Â¦da=trueÂ¦ek=1Â¦et=0,1Â¦md=0,1,2Â¦pw=falseÂ¦sm=falseÂ¦sr=44100Â¦ss=16Â¦sv=falseÂ¦tp=UDPÂ¦txtvers=
11-28 15:19:13.767 D/mdns    ( 4397): Found record size    75 interface 412B8360 already in cache:   75 MiniMax._airplay._tcp.local. TXT deviceid=00:6d:0e:03:a5:45Â¦features=0x2077Â¦model=AppleTV2,1Â¦srcvers=101.28
11-28 15:19:13.777 D/mdns    ( 4397): Found record size    78 interface 412B8360 already in cache:   78 5.4.5.A.3.0.E.F.F.F.E.0.D.6.2.0.0.0.0.0.0.0.0.0.0.0.0.0.0.8.E.F.ip6.arpa. NSEC PTR 
11-28 15:19:13.777 D/mdns    ( 4397): SocketDataReady got a packet from FE80:0000:0000:0000:026D:0EFF:FE03:A545 to FF02:0000:0000:0000:0000:0000:0000:00FB on interface 172.16.13.147/wlan0/7/277
11-28 15:19:13.777 D/mdns    ( 4397): Received Response from FE80:0000:0000:0000:026D:0EFF:FE03:A545 addressed to FF02:0000:0000:0000:0000:0000:0000:00FB on 412B8360 with  0 Questions, 12 Answers,  0 Authorities,  6 Additionals 690 bytes LLQType 0
11-28 15:19:13.777 D/mdns    ( 4397): Found record size   115 interface 412B8360 already in cache:  115 006d0e03a545@MiniMax._raop._tcp.local. TXT ch=2Â¦cn=0,1Â¦da=trueÂ¦ek=1Â¦et=0,1Â¦md=0,1,2Â¦pw=falseÂ¦sm=falseÂ¦sr=44100Â¦ss=16Â¦sv=falseÂ¦tp=UDPÂ¦txtvers=
11-28 15:19:13.777 D/mdns    ( 4397): Found record size    75 interface 412B8360 already in cache:   75 MiniMax._airplay._tcp.local. TXT deviceid=00:6d:0e:03:a5:45Â¦features=0x2077Â¦model=AppleTV2,1Â¦srcvers=101.28
11-28 15:19:13.777 D/mdns    ( 4397): Found record size    78 interface 412B8360 already in cache:   78 5.4.5.A.3.0.E.F.F.F.E.0.D.6.2.0.0.0.0.0.0.0.0.0.0.0.0.0.0.8.E.F.ip6.arpa. NSEC PTR 
11-28 15:19:13.787 D/cocos2d-x debug info(14128): trace_frame: 54.632866
11-28 15:19:13.867 D/mdns    ( 4397): mDNS_Execute
11-28 15:19:13.867 D/mdns    ( 4397): mDNS_Execute: Setting NewLocalRecords to NULL
11-28 15:19:13.887 D/cocos2d-x debug info(14128): trace_frame: 65.388176
11-28 15:19:14.007 D/cocos2d-x debug info(14128): trace_frame: 60.151405
11-28 15:19:14.117 D/cocos2d-x debug info(14128): trace_frame: 60.015263
11-28 15:19:14.197 D/launcher_auto(14128): launcher_auto: sendkey and wait.
11-28 15:19:14.227 D/cocos2d-x debug info(14128): trace_frame: 59.793121
11-28 15:19:14.337 D/cocos2d-x debug info(14128): trace_frame: 60.152962
11-28 15:19:14.457 D/cocos2d-x debug info(14128): trace_frame: 59.998287
11-28 15:19:14.567 D/cocos2d-x debug info(14128): trace_frame: 60.011150
11-28 15:19:14.687 D/cocos2d-x debug info(14128): trace_frame: 59.981834
11-28 15:19:14.707 D/cocos2d-x debug info(14128): JS: loadActionData:onKeyPress begin
11-28 15:19:14.707 D/cocos2d-x debug info(14128): JS: mTabFocusChangeCallaback:handleDirectionKey-ddd
11-28 15:19:14.707 D/cocos2d-x debug info(14128): JS: mTabFocusChangeCallaback:~~~~~~~~~~~~~~~~157
11-28 15:19:14.707 D/cocos2d-x debug info(14128): JS: FunTableView:onClick key=157, isPress=true
11-28 15:19:14.707 D/cocos2d-x debug info(14128): JS: OnClick: Direction_Right press...
11-28 15:19:14.707 D/cocos2d-x debug info(14128): JS: onKeyPressRight
11-28 15:19:14.717 D/cocos2d-x debug info(14128): JS: moveFocus
11-28 15:19:14.717 V/audio_hw_primary( 1334): start_output_stream, line: 1353
11-28 15:19:14.717 V/codec_audio_pad( 1334): in normal mode, headset or speaker on,****LINE:54,FUNC:set_normal_path
11-28 15:19:14.717 V/audio_hw_primary( 1334): normal mode , speaker,****LINE:1284,FUNC:select_output_device
11-28 15:19:14.717 V/audio_hw_primary( 1334): use AUDIO_HDMI to playback audio
11-28 15:19:14.717 V/audio_hw_primary( 1334): do not use out resampler
11-28 15:19:14.717 D/cocos2d-x debug info(14128): JS: zhangmd:FunTableView:moveFocus, fromsize is:(310,512),tosize is:(310,512)
11-28 15:19:14.717 D/cocos2d-x debug info(14128): JS: loadActionData:onKeyPress end
11-28 15:19:14.717 D/cocos2d-x debug info(14128): JS: loadActionData:handleRepeatKey begin
11-28 15:19:14.717 D/cocos2d-x debug info(14128): JS: FunTableView:onClick key=157, isPress=false
11-28 15:19:14.787 D/cocos2d-x debug info(14128): trace_frame: 59.924496
11-28 15:19:14.887 D/cocos2d-x debug info(14128): trace_frame: 59.415939
11-28 15:19:15.007 D/cocos2d-x debug info(14128): trace_frame: 60.275188
11-28 15:19:15.027 D/cocos2d-x debug info(14128): JS: updateMediaDescription:focusChangeCallback[1] 
11-28 15:19:15.037 D/cocos2d-x debug info(14128): JS: [/2014] {/æ³•å›½} (/åŠ¨ä½œ)
11-28 15:19:15.037 D/cocos2d-x debug info(14128): cocos2d: fullPathForFilename: No file found at Arial. Possible missing file.
11-28 15:19:15.097 D/dalvikvm(14128): GC_FOR_ALLOC freed 1541K, 43% free 10644K/18508K, paused 23ms, total 23ms
11-28 15:19:15.127 D/cocos2d-x debug info(14128): JS: updateMediaDescription:[] 8
11-28 15:19:15.147 D/dalvikvm(14128): GC_CONCURRENT freed 9K, 32% free 12667K/18508K, paused 2ms+3ms, total 29ms
11-28 15:19:15.147 D/dalvikvm(14128): WAIT_FOR_CONCURRENT_GC blocked 12ms
11-28 15:19:15.167 D/cocos2d-x debug info(14128): trace_frame: 12.633042
11-28 15:19:15.207 D/launcher_auto(14128): launcher_auto: sendkey and wait.
11-28 15:19:15.267 D/cocos2d-x debug info(14128): trace_frame: 64.941689
11-28 15:19:15.377 D/cocos2d-x debug info(14128): trace_frame: 59.374199
11-28 15:19:15.487 D/cocos2d-x debug info(14128): trace_frame: 60.572495
11-28 15:19:15.587 D/cocos2d-x debug info(14128): trace_frame: 59.986801
11-28 15:19:15.687 D/cocos2d-x debug info(14128): trace_frame: 59.980804
11-28 15:19:15.717 D/cocos2d-x debug info(14128): JS: loadActionData:onKeyPress begin
11-28 15:19:15.727 D/cocos2d-x debug info(14128): JS: mTabFocusChangeCallaback:handleDirectionKey-ddd
11-28 15:19:15.727 D/cocos2d-x debug info(14128): JS: mTabFocusChangeCallaback:~~~~~~~~~~~~~~~~157
11-28 15:19:15.727 D/cocos2d-x debug info(14128): JS: FunTableView:onClick key=157, isPress=true
11-28 15:19:15.727 D/cocos2d-x debug info(14128): JS: OnClick: Direction_Right press...
11-28 15:19:15.727 D/cocos2d-x debug info(14128): JS: onKeyPressRight
11-28 15:19:15.727 D/cocos2d-x debug info(14128): JS: moveFocus
11-28 15:19:15.727 D/cocos2d-x debug info(14128): JS: zhangmd:FunTableView:moveFocus, fromsize is:(310,512),tosize is:(310,512)
11-28 15:19:15.737 D/cocos2d-x debug info(14128): JS: loadActionData:onKeyPress end
11-28 15:19:15.737 D/cocos2d-x debug info(14128): JS: loadActionData:handleRepeatKey begin
11-28 15:19:15.737 D/cocos2d-x debug info(14128): JS: FunTableView:onClick key=157, isPress=false
11-28 15:19:15.787 D/cocos2d-x debug info(14128): trace_frame: 59.978409
11-28 15:19:15.887 D/cocos2d-x debug info(14128): trace_frame: 59.985004
11-28 15:19:16.007 D/cocos2d-x debug info(14128): trace_frame: 60.067783
11-28 15:19:16.037 D/cocos2d-x debug info(14128): JS: updateMediaDescription:focusChangeCallback[2] 
11-28 15:19:16.047 D/cocos2d-x debug info(14128): JS: [/2014] {/ä¸­å›½} (/å–œå‰§)
11-28 15:19:16.047 D/cocos2d-x debug info(14128): cocos2d: fullPathForFilename: No file found at Arial. Possible missing file.
11-28 15:19:16.087 D/dalvikvm(14128): GC_FOR_ALLOC freed 2230K, 38% free 11653K/18508K, paused 22ms, total 22ms
11-28 15:19:16.097 D/cocos2d-x debug info(14128): JS: updateMediaDescription:[] 8
11-28 15:19:16.117 D/mdns    ( 4397): SocketDataReady got a packet from 172.16.13.34 to 224.0.0.251 on interface 172.16.13.147/wlan0/7/276
11-28 15:19:16.117 D/mdns    ( 4397): Received Response from 172.16.13.34    addressed to 224.0.0.251     on 412B8360 with  0 Questions,  3 Answers,  0 Authorities,  0 Additionals 314 bytes LLQType 0
11-28 15:19:16.117 D/cocos2d-x debug info(14128): trace_frame: 26.414961
11-28 15:19:16.207 D/launcher_auto(14128): launcher_auto: sendkey and wait.
11-28 15:19:16.227 D/cocos2d-x debug info(14128): trace_frame: 67.810410
11-28 15:19:16.327 D/cocos2d-x debug info(14128): trace_frame: 59.916710
11-28 15:19:16.437 D/cocos2d-x debug info(14128): trace_frame: 60.069340
11-28 15:19:16.537 D/cocos2d-x debug info(14128): trace_frame: 59.822330
11-28 15:19:16.657 D/cocos2d-x debug info(14128): trace_frame: 60.115250
11-28 15:19:16.727 D/cocos2d-x debug info(14128): JS: loadActionData:onKeyPress begin
11-28 15:19:16.727 D/cocos2d-x debug info(14128): JS: mTabFocusChangeCallaback:handleDirectionKey-ddd
11-28 15:19:16.727 D/cocos2d-x debug info(14128): JS: mTabFocusChangeCallaback:~~~~~~~~~~~~~~~~157
11-28 15:19:16.727 D/cocos2d-x debug info(14128): JS: FunTableView:onClick key=157, isPress=true
11-28 15:19:16.727 D/cocos2d-x debug info(14128): JS: OnClick: Direction_Right press...
11-28 15:19:16.727 D/cocos2d-x debug info(14128): JS: onKeyPressRight
11-28 15:19:16.737 D/cocos2d-x debug info(14128): JS: moveFocus
11-28 15:19:16.737 D/cocos2d-x debug info(14128): JS: zhangmd:FunTableView:moveFocus, fromsize is:(310,512),tosize is:(310,512)
11-28 15:19:16.737 D/cocos2d-x debug info(14128): JS: loadActionData:onKeyPress end
11-28 15:19:16.737 D/dalvikvm( 3154): GC_CONCURRENT freed 94K, 13% free 5541K/6344K, paused 2ms+2ms, total 24ms
11-28 15:19:16.747 D/cocos2d-x debug info(14128): JS: loadActionData:handleRepeatKey begin
11-28 15:19:16.747 D/cocos2d-x debug info(14128): JS: FunTableView:onClick key=157, isPress=false
11-28 15:19:16.757 D/cocos2d-x debug info(14128): trace_frame: 56.867725
11-28 15:19:16.827 D/dalvikvm(27391): GC_CONCURRENT freed 367K, 20% free 4388K/5428K, paused 5ms+4ms, total 24ms
11-28 15:19:16.877 D/cocos2d-x debug info(14128): trace_frame: 63.059654
11-28 15:19:16.987 D/cocos2d-x debug info(14128): trace_frame: 59.937679
11-28 15:19:17.057 D/cocos2d-x debug info(14128): JS: updateMediaDescription:focusChangeCallback[3] 
11-28 15:19:17.067 D/cocos2d-x debug info(14128): JS: [/2014] {/ä¸­å›½ } (/å‰§æƒ…)
11-28 15:19:17.067 D/cocos2d-x debug info(14128): cocos2d: fullPathForFilename: No file found at Arial. Possible missing file.
11-28 15:19:17.127 D/dalvikvm(14128): GC_FOR_ALLOC freed 2254K, 43% free 10637K/18508K, paused 23ms, total 23ms
11-28 15:19:17.147 D/cocos2d-x debug info(14128): JS: updateMediaDescription:[] 8
11-28 15:19:17.167 D/dalvikvm(14128): GC_CONCURRENT freed 3K, 32% free 12667K/18508K, paused 3ms+2ms, total 29ms
11-28 15:19:17.167 D/dalvikvm(14128): WAIT_FOR_CONCURRENT_GC blocked 12ms
11-28 15:19:17.187 D/cocos2d-x debug info(14128): trace_frame: 25.651682
11-28 15:19:17.217 D/launcher_auto(14128): launcher_auto: sendkey and wait.
11-28 15:19:17.287 D/cocos2d-x debug info(14128): trace_frame: 66.683182
11-28 15:19:17.337 D/mdns    ( 4397): SocketDataReady got a packet from 172.16.13.131 to 224.0.0.251 on interface 172.16.13.147/wlan0/7/276
11-28 15:19:17.337 D/mdns    ( 4397): Received Response from 172.16.13.131   addressed to 224.0.0.251     on 412B8360 with  0 Questions,  3 Answers,  0 Authorities,  0 Additionals 290 bytes LLQType 0
11-28 15:19:17.407 D/cocos2d-x debug info(14128): trace_frame: 60.009087
11-28 15:19:17.507 D/cocos2d-x debug info(14128): trace_frame: 59.999397
11-28 15:19:17.627 D/cocos2d-x debug info(14128): trace_frame: 60.008060
11-28 15:19:17.727 D/cocos2d-x debug info(14128): JS: loadActionData:onKeyPress begin
11-28 15:19:17.727 D/cocos2d-x debug info(14128): JS: mTabFocusChangeCallaback:handleDirectionKey-ddd
11-28 15:19:17.727 D/cocos2d-x debug info(14128): JS: mTabFocusChangeCallaback:~~~~~~~~~~~~~~~~157
11-28 15:19:17.727 D/cocos2d-x debug info(14128): JS: FunTableView:onClick key=157, isPress=true
11-28 15:19:17.727 D/cocos2d-x debug info(14128): JS: OnClick: Direction_Right press...
11-28 15:19:17.727 D/cocos2d-x debug info(14128): JS: onKeyPressRight
11-28 15:19:17.727 D/cocos2d-x debug info(14128): JS: moveFocus
11-28 15:19:17.737 D/cocos2d-x debug info(14128): JS: zhangmd:FunTableView:moveFocus, fromsize is:(310,512),tosize is:(310,512)
11-28 15:19:17.737 D/cocos2d-x debug info(14128): JS: loadActionData:onKeyPress end
11-28 15:19:17.737 D/cocos2d-x debug info(14128): JS: loadActionData:handleRepeatKey begin
11-28 15:19:17.737 D/cocos2d-x debug info(14128): JS: FunTableView:onClick key=157, isPress=false
11-28 15:19:17.737 D/cocos2d-x debug info(14128): trace_frame: 52.219772
11-28 15:19:17.767 D/mdns    ( 4397): mDNS_Execute
11-28 15:19:17.767 D/mdns    ( 4397): mDNS_Execute: Setting NewLocalRecords to NULL
11-28 15:19:17.767 D/mdns    ( 4397): Announcing 006d0e03a545@MiniMax._raop._tcp.local. (TXT) 4
11-28 15:19:17.767 D/mdns    ( 4397): Announcing _services._dns-sd._udp.local. (PTR) 4
11-28 15:19:17.767 D/mdns    ( 4397): Announcing _raop._tcp.local. (PTR) 4
11-28 15:19:17.767 D/mdns    ( 4397): Announcing MiniMax._airplay._tcp.local. (TXT) 4
11-28 15:19:17.767 D/mdns    ( 4397): Announcing _services._dns-sd._udp.local. (PTR) 4
11-28 15:19:17.767 D/mdns    ( 4397): Announcing _airplay._tcp.local. (PTR) 4
11-28 15:19:17.767 D/mdns    ( 4397): Announcing 006d0e03a545@MiniMax._raop._tcp.local. (SRV) 4
11-28 15:19:17.767 D/mdns    ( 4397): Announcing MiniMax._airplay._tcp.local. (SRV) 4
11-28 15:19:17.767 D/mdns    ( 4397): Announcing 147.13.16.172.in-addr.arpa. (PTR) 4
11-28 15:19:17.767 D/mdns    ( 4397): Announcing 5.4.5.A.3.0.E.F.F.F.E.0.D.6.2.0.0.0.0.0.0.0.0.0.0.0.0.0.0.8.E.F.ip6.arpa. (PTR) 4
11-28 15:19:17.767 D/mdns    ( 4397): Announcing Android-2.local. (Addr) 4
11-28 15:19:17.767 D/mdns    ( 4397): Announcing Android-2.local. (AAAA) 4
11-28 15:19:17.767 D/mdns    ( 4397): SendResponses put     24 . OPT Max 1440 Vers 0 Seq   0 MAC 00:00:00:00:00:00 I-MAC 2D:32:05:6C:6F:63
11-28 15:19:17.767 D/mdns    ( 4397): SendResponses: Sending 0 Deregistrations, 12 Announcements, 0 Answers, 6 Additionals on 412B8360
11-28 15:19:17.777 D/mdns    ( 4397): SendResponses: Next in 8192 ticks
11-28 15:19:17.777 D/mdns    ( 4397): SocketDataReady got a packet from 172.16.13.147 to 224.0.0.251 on interface 172.16.13.147/wlan0/7/276
11-28 15:19:17.777 D/mdns    ( 4397): Received Response from 172.16.13.147   addressed to 224.0.0.251     on 412B8360 with  0 Questions, 12 Answers,  0 Authorities,  6 Additionals 690 bytes LLQType 0
11-28 15:19:17.777 D/mdns    ( 4397): Found record size   115 interface 412B8360 already in cache:  115 006d0e03a545@MiniMax._raop._tcp.local. TXT ch=2Â¦cn=0,1Â¦da=trueÂ¦ek=1Â¦et=0,1Â¦md=0,1,2Â¦pw=falseÂ¦sm=falseÂ¦sr=44100Â¦ss=16Â¦sv=falseÂ¦tp=UDPÂ¦txtvers=
11-28 15:19:17.777 D/mdns    ( 4397): Found record size    75 interface 412B8360 already in cache:   75 MiniMax._airplay._tcp.local. TXT deviceid=00:6d:0e:03:a5:45Â¦features=0x2077Â¦model=AppleTV2,1Â¦srcvers=101.28
